[14:21:26] 🚀 SCRIPT STARTED (enhanced anti‑detection)
[14:21:26] [1/445] TGMR
[14:21:27] 🧠 New identity created
[14:21:28] [2/445] CXKR
[14:21:29] [3/445] SROP
[14:21:29] [4/445] GTSV
[14:21:31] [5/445] SNTY
[14:21:31] [6/445] SMYY
[14:21:32] [7/445] CNCS
[14:21:33] [8/445] CSTM
[14:21:34] [9/445] NUCD
[14:21:35] [10/445] SHCZ
[14:21:35] 🔄 Identity reset
[14:21:35] 🔄 Identity rotated (every 10 requests)
[14:21:36] [11/445] NJCT
[14:21:37] [12/445] COPC
[14:21:38] [13/445] STVV
[14:21:38] [14/445] SKRN
[14:21:39] [15/445] APPZ
[14:21:40] [16/445] YMGN
[14:21:41] [17/445] SVTU
[14:21:42] [18/445] GTAD
[14:21:43] [19/445] PSUS
[14:21:44] [20/445] SMCD
[14:21:45] 🔄 Identity reset
[14:21:45] 🔄 Identity rotated (every 10 requests)
[14:21:45] [21/445] CMCM
[14:21:46] [22/445] SYCT
[14:21:48] [23/445] STLY
[14:21:49] [24/445] CMHU
[14:21:50] [25/445] CMSA
[14:21:51] [26/445] CLCU
[14:21:51] [27/445] PPNT
[14:21:52] [28/445] JTAB
[14:21:53] [29/445] BUUC
[14:21:54] [30/445] BSVK
[14:21:54] 🔄 Identity reset
[14:21:54] 🔄 Identity rotated (every 10 requests)
[14:21:54] 🔄 Retry 1/5 for BSVK in 2.6s
[14:21:54] 🔄 Identity reset
[14:21:57] 🧠 New identity created
[14:21:57] [31/445] VVVQ
[14:21:58] [32/445] TKMU
[14:22:00] [33/445] ESYL
[14:22:01] [34/445] ACHP
[14:22:02] [35/445] BTKD
[14:22:03] [36/445] DESA
[14:22:03] [37/445] GBCT
[14:22:04] [38/445] BLLD
[14:22:05] [39/445] SKNT
[14:22:06] 🔄 Identity reset
[14:22:06] 🔄 Identity rotated (every 10 requests)
[14:22:06] 🔄 Retry 1/5 for SKNT in 2.5s
[14:22:06] 🔄 Identity reset
[14:22:08] 🧠 New identity created
[14:22:09] [40/445] SSTE
[14:22:10] [41/445] VJMR
[14:22:11] [42/445] NTPU
[14:22:12] [43/445] RDKN
[14:22:13] [44/445] ADGC
[14:22:14] [45/445] VRBP
[14:22:15] [46/445] NMNA
[14:22:16] [47/445] CMMX
[14:22:16] [48/445] PTKO
[14:22:17] 🔄 Identity reset
[14:22:17] 🔄 Identity rotated (every 10 requests)
[14:22:17] 🔄 Retry 1/5 for PTKO in 2.4s
[14:22:17] 🔄 Identity reset
[14:22:20] 🧠 New identity created
[14:22:20] [49/445] RBML
[14:22:21] [50/445] SAIC
[14:22:22] [51/445] SVTJ
[14:22:23] [52/445] MRTE
[14:22:23] [53/445] RBTP
[14:22:24] [54/445] NLPS
[14:22:25] [55/445] GTNA
[14:22:26] [56/445] DGGC
[14:22:27] [57/445] SMCR
[14:22:28] 🔄 Identity reset
[14:22:28] 🔄 Identity rotated (every 10 requests)
[14:22:28] [58/445] SCGD
[14:22:29] [59/445] SRRJ
[14:22:30] [60/445] CNRY
[14:22:32] [61/445] KTDI
[14:22:33] [62/445] SNJL
[14:22:34] [63/445] RKMD
[14:22:35] [64/445] SMDC
[14:22:36] [65/445] TADG
[14:22:37] [66/445] MCGS
[14:22:39] [67/445] PETK
[14:22:39] 🔄 Identity reset
[14:22:39] 🔄 Identity rotated (every 10 requests)
[14:22:40] [68/445] CHAG
[14:22:40] [69/445] KSTL
[14:22:41] [70/445] AADS
[14:22:42] [71/445] NTHZ
[14:22:43] [72/445] HCKI
[14:22:44] [73/445] SSEF
[14:22:45] [74/445] MCGX
[14:22:46] [75/445] ERRA
[14:22:47] [76/445] SDTW
[14:22:48] [77/445] RMPK
[14:22:49] 🔄 Identity reset
[14:22:49] 🔄 Identity rotated (every 10 requests)
[14:22:49] [78/445] PTHK
[14:22:50] [79/445] PXCS
[14:22:51] [80/445] SVLU
[14:22:52] [81/445] STAH
[14:22:53] [82/445] JRGF
[14:22:54] [83/445] CDOK
[14:22:55] [84/445] CMSG
[14:22:56] [85/445] APTD
[14:22:57] [86/445] KMPG
[14:22:58] [87/445] MUTJ
[14:22:58] 🔄 Identity reset
[14:22:58] 🔄 Identity rotated (every 10 requests)
[14:22:58] [88/445] VCCI
[14:23:00] [89/445] URBE
[14:23:01] [90/445] TCTS
[14:23:02] [91/445] STSN
[14:23:03] [92/445] AKCH
[14:23:04] [93/445] APSC
[14:23:04] [94/445] VLTB
[14:23:05] [95/445] SANU
[14:23:06] [96/445] AXAM
[14:23:07] [97/445] MGMG
[14:23:07] 🔄 Identity reset
[14:23:07] 🔄 Identity rotated (every 10 requests)
[14:23:08] [98/445] HTBY
[14:23:09] [99/445] MMZS
[14:23:10] [100/445] SUDR
[14:23:11] [101/445] CCAD
[14:23:11] [102/445] SKKC
[14:23:12] [103/445] RMCD
[14:23:13] [104/445] SBCQ
[14:23:14] [105/445] DCCT
[14:23:16] [106/445] VTKP
[14:23:17] [107/445] MLAM
[14:23:17] 🔄 Identity reset
[14:23:17] 🔄 Identity rotated (every 10 requests)
[14:23:17] [108/445] SAVT
[14:23:18] [109/445] GEPL
[14:23:19] [110/445] AMCD
[14:23:20] [111/445] CCXR
[14:23:21] [112/445] GRNG
[14:23:22] [113/445] EBCA
[14:23:23] [114/445] CNVG
[14:23:24] [115/445] MWSS
[14:23:25] [116/445] VBOR
[14:23:27] [117/445] NEEB
[14:23:27] 🔄 Identity reset
[14:23:27] 🔄 Identity rotated (every 10 requests)
[14:23:28] [118/445] SUTH
[14:23:29] [119/445] ANDB
[14:23:30] [120/445] MMXS
[14:23:31] [121/445] CNPD
[14:23:32] [122/445] SDCE
[14:23:32] [123/445] DHCB
[14:23:33] [124/445] ODEN
[14:23:34] [125/445] TNTC
[14:23:35] [126/445] VBKM
[14:23:36] [127/445] RZYM
[14:23:36] 🔄 Identity reset
[14:23:36] 🔄 Identity rotated (every 10 requests)
[14:23:37] [128/445] JEMC
[14:23:38] [129/445] CMAU
[14:23:39] [130/445] SIVP
[14:23:40] [131/445] ATAG
[14:23:40] [132/445] CHTM
[14:23:42] [133/445] AAEE
[14:23:43] [134/445] IWPM
[14:23:44] [135/445] KCMW
[14:23:45] [136/445] MCTD
[14:23:46] [137/445] SPWR
[14:23:46] 🔄 Identity reset
[14:23:46] 🔄 Identity rotated (every 10 requests)
[14:23:47] [138/445] SDPO
[14:23:47] [139/445] PCSK
[14:23:48] [140/445] ACHV
[14:23:49] [141/445] SVLA
[14:23:50] [142/445] PICT
[14:23:51] [143/445] BXDR
[14:23:52] [144/445] SPWA
[14:23:53] [145/445] MCKO
[14:23:53] [146/445] RTHK
[14:23:54] [147/445] CCMF
[14:23:55] 🔄 Identity reset
[14:23:55] 🔄 Identity rotated (every 10 requests)
[14:23:56] [148/445] MRGB
[14:23:57] [149/445] CPLC
[14:23:58] [150/445] RACD
[14:23:59] [151/445] ATKT
[14:24:00] [152/445] SARN
[14:24:00] [153/445] KKUI
[14:24:01] [154/445] RGCM
[14:24:02] [155/445] BRVP
[14:24:03] [156/445] HRSR
[14:24:04] [157/445] GKGM
[14:24:04] 🔄 Identity reset
[14:24:04] 🔄 Identity rotated (every 10 requests)
[14:24:05] [158/445] TTCD
[14:24:06] [159/445] PTTI
[14:24:06] [160/445] MPTT
[14:24:07] [161/445] CVTT
[14:24:08] [162/445] PCXD
[14:24:09] [163/445] GCDC
[14:24:10] [164/445] CCCF
[14:24:11] [165/445] MRAD
[14:24:12] [166/445] CPLK
[14:24:13] [167/445] SATB
[14:24:13] 🔄 Identity reset
[14:24:13] 🔄 Identity rotated (every 10 requests)
[14:24:14] [168/445] SNVG
[14:24:15] [169/445] JMBA
[14:24:15] [170/445] TEJA
[14:24:16] [171/445] STYO
[14:24:17] [172/445] JTBP
[14:24:18] [173/445] KRGD
[14:24:19] [174/445] SLJJ
[14:24:20] [175/445] SPTJ
[14:24:21] [176/445] SWJG
[14:24:21] [177/445] LKRT
[14:24:22] 🔄 Identity reset
[14:24:22] 🔄 Identity rotated (every 10 requests)
[14:24:22] [178/445] KCKA
[14:24:23] [179/445] SNCR
[14:24:24] [180/445] SMKL
[14:24:25] [181/445] GCFA
[14:24:26] [182/445] DDCK
[14:24:27] [183/445] NCHJ
[14:24:28] [184/445] RDMA
[14:24:29] [185/445] SVSV
[14:24:29] [186/445] SCJG
[14:24:31] [187/445] VKLP
[14:24:31] 🔄 Identity reset
[14:24:31] 🔄 Identity rotated (every 10 requests)
[14:24:31] 🔄 Retry 1/5 for VKLP in 2.6s
[14:24:31] 🔄 Identity reset
[14:24:34] 🧠 New identity created
[14:24:35] [188/445] NWCC
[14:24:36] [189/445] VKNS
[14:24:37] [190/445] SDDP
[14:24:38] [191/445] ACSI
[14:24:38] [192/445] SATG
[14:24:39] [193/445] SCMW
[14:24:40] [194/445] LKTK
[14:24:41] [195/445] VCKV
[14:24:42] [196/445] KKPE
[14:24:42] 🔄 Identity reset
[14:24:42] 🔄 Identity rotated (every 10 requests)
[14:24:43] [197/445] KIGH
[14:24:43] [198/445] SRPM
[14:24:44] [199/445] SCAH
[14:24:45] [200/445] MUTA
[14:24:47] [201/445] SEPU
[14:24:48] [202/445] INOA
[14:24:49] [203/445] BASK
[14:24:50] [204/445] NECB
[14:24:51] [205/445] GTTG
[14:24:52] [206/445] ASSA
[14:24:52] 🔄 Identity reset
[14:24:52] 🔄 Identity rotated (every 10 requests)
[14:24:53] [207/445] ANCL
[14:24:53] [208/445] GCTI
[14:24:54] [209/445] RCTS
[14:24:55] [210/445] ACNL
[14:24:56] [211/445] MYCT
[14:24:57] [212/445] NMHT
[14:24:58] [213/445] MDIT
[14:24:59] [214/445] LATG
[14:25:00] [215/445] SMTY
[14:25:01] [216/445] CVCT
[14:25:01] 🔄 Identity reset
[14:25:01] 🔄 Identity rotated (every 10 requests)
[14:25:01] [217/445] RAMB
[14:25:02] [218/445] TGMS
[14:25:03] [219/445] BHEL
[14:25:04] [220/445] SHCT
[14:25:05] [221/445] SVCT
[14:25:06] [222/445] MRIY
[14:25:07] [223/445] SARO
[14:25:07] [224/445] STCT
[14:25:08] [225/445] JKKC
[14:25:09] [226/445] PLTT
[14:25:10] 🔄 Identity reset
[14:25:10] 🔄 Identity rotated (every 10 requests)
[14:25:10] [227/445] SRNT
[14:25:11] [228/445] YAST
[14:25:12] [229/445] PERL
[14:25:13] [230/445] CICM
[14:25:14] [231/445] MMTR
[14:25:15] [232/445] ABTK
[14:25:16] [233/445] ATYY
[14:25:16] [234/445] ASTK
[14:25:17] [235/445] VVCK
[14:25:18] [236/445] ATKY
[14:25:18] 🔄 Identity reset
[14:25:18] 🔄 Identity rotated (every 10 requests)
[14:25:19] [237/445] GWEK
[14:25:20] [238/445] SVFH
[14:25:21] [239/445] SLTA
[14:25:22] [240/445] AASH
[14:25:23] [241/445] ACXB
[14:25:24] [242/445] SMTX
[14:25:24] [243/445] AZDH
[14:25:25] [244/445] CMMH
[14:25:26] [245/445] SCSZ
[14:25:27] [246/445] SCKP
[14:25:28] 🔄 Identity reset
[14:25:28] 🔄 Identity rotated (every 10 requests)
[14:25:28] [247/445] NXTM
[14:25:29] [248/445] NWCS
[14:25:30] [249/445] CXMH
[14:25:31] [250/445] PCMA
[14:25:31] [251/445] SGCM
[14:25:32] [252/445] SDTU
[14:25:33] [253/445] MMVI
[14:25:34] [254/445] JKCM
[14:25:35] [255/445] VCMM
[14:25:36] [256/445] SYEE
[14:25:37] 🔄 Identity reset
[14:25:37] 🔄 Identity rotated (every 10 requests)
[14:25:37] [257/445] VASD
[14:25:38] [258/445] BDRB
[14:25:39] [259/445] LASM
[14:25:40] [260/445] DCRL
[14:25:41] [261/445] DVPM
[14:25:42] [262/445] SBMJ
[14:25:43] [263/445] CBMU
[14:25:44] [264/445] IUBS
[14:25:45] [265/445] INAP
[14:25:45] [266/445] SRRC
[14:25:46] 🔄 Identity reset
[14:25:46] 🔄 Identity rotated (every 10 requests)
[14:25:46] [267/445] SAGR
[14:25:47] [268/445] CPMJ
[14:25:48] [269/445] ATJL
[14:25:49] [270/445] NNTD
[14:25:50] [271/445] JHCJ
[14:25:51] [272/445] CMMP
[14:25:52] [273/445] RSDR
[14:25:53] [274/445] AMTI
[14:25:53] [275/445] NYSG
[14:25:54] [276/445] AVSG
[14:25:55] 🔄 Identity reset
[14:25:55] 🔄 Identity rotated (every 10 requests)
[14:25:55] 🔄 Retry 1/5 for AVSG in 2.1s
[14:25:55] 🔄 Identity reset
[14:25:57] 🧠 New identity created
[14:25:57] 🔄 Retry 2/5 for AVSG in 4.6s
[14:25:57] 🔄 Identity reset
[14:26:02] 🧠 New identity created
[14:26:02] [277/445] SYTP
[14:26:03] [278/445] LARC
[14:26:04] [279/445] RJTP
[14:26:05] [280/445] LAKC
[14:26:06] [281/445] MCXE
[14:26:07] [282/445] CCZC
[14:26:08] [283/445] AVCH
[14:26:09] [284/445] CMBE
[14:26:09] 🔄 Identity reset
[14:26:09] 🔄 Identity rotated (every 10 requests)
[14:26:10] [285/445] MRRC
[14:26:11] [286/445] PCPY
[14:26:12] [287/445] SRMH
[14:26:13] [288/445] SVGS
[14:26:13] [289/445] PCSE
[14:26:14] [290/445] SVFT
[14:26:16] [291/445] TNZP
[14:26:17] [292/445] ICTP
[14:26:18] [293/445] ACTZ
[14:26:18] [294/445] GTUR
[14:26:19] 🔄 Identity reset
[14:26:19] 🔄 Identity rotated (every 10 requests)
[14:26:19] [295/445] MAFC
[14:26:20] [296/445] MINL
[14:26:21] [297/445] MRCL
[14:26:22] [298/445] RCRP
[14:26:23] [299/445] RFFG
[14:26:24] [300/445] RMAS
[14:26:25] [301/445] INVR
[14:26:26] [302/445] RMAR
[14:26:27] [303/445] CNIS
[14:26:28] [304/445] RHRJ
[14:26:28] 🔄 Identity reset
[14:26:28] 🔄 Identity rotated (every 10 requests)
[14:26:29] [305/445] INXR
[14:26:30] [306/445] VALT
[14:26:31] [307/445] LCSH
[14:26:32] [308/445] CMVS
[14:26:33] [309/445] CNMS
[14:26:34] [310/445] ROOG
[14:26:35] [311/445] ISRM
[14:26:36] [312/445] RCRM
[14:26:37] [313/445] ACJA
[14:26:38] [314/445] RCVS
[14:26:38] 🔄 Identity reset
[14:26:38] 🔄 Identity rotated (every 10 requests)
[14:26:39] [315/445] CPUS
[14:26:40] [316/445] TGCS
[14:26:40] [317/445] RKCJ
[14:26:42] [318/445] MKSB
[14:26:43] [319/445] TCSJ
[14:26:44] [320/445] RMGP
[14:26:45] [321/445] CLLP
[14:26:45] [322/445] RCMV
[14:26:46] [323/445] CCKS
[14:26:47] [324/445] RSRP
[14:26:48] 🔄 Identity reset
[14:26:48] 🔄 Identity rotated (every 10 requests)
[14:26:48] [325/445] APLP
[14:26:49] [326/445] CNVS
[14:26:50] [327/445] RMVY
[14:26:51] [328/445] PGBD
[14:26:52] [329/445] KLMS
[14:26:53] [330/445] RUST
[14:26:54] [331/445] MASM
[14:26:54] [332/445] BACS
[14:26:55] [333/445] BWST
[14:26:56] [334/445] RRFH
[14:26:57] 🔄 Identity reset
[14:26:57] 🔄 Identity rotated (every 10 requests)
[14:26:57] [335/445] SJTM
[14:26:58] [336/445] BEMR
[14:26:59] [337/445] MCGR
[14:26:59] [338/445] SDSK
[14:27:00] [339/445] VBOL
[14:27:01] [340/445] RMGM
[14:27:02] [341/445] NOPL
[14:27:03] [342/445] MKJK
[14:27:04] [343/445] CVRN
[14:27:04] [344/445] MMEN
[14:27:05] 🔄 Identity reset
[14:27:05] 🔄 Identity rotated (every 10 requests)
[14:27:05] [345/445] AMNG
[14:27:06] [346/445] INTM
[14:27:07] [347/445] SLCZ
[14:27:08] [348/445] AMJN
[14:27:09] [349/445] ACJN
[14:27:11] [350/445] AMKN
[14:27:12] [351/445] BTCN
[14:27:13] [352/445] AMBT
[14:27:14] [353/445] PACN
[14:27:15] [354/445] LCNS
[14:27:15] 🔄 Identity reset
[14:27:15] 🔄 Identity rotated (every 10 requests)
[14:27:15] [355/445] PPKC
[14:27:16] [356/445] JYYN
[14:27:17] [357/445] JTNR
[14:27:18] [358/445] GTEE
[14:27:19] [359/445] SRNM
[14:27:21] [360/445] SDTC
[14:27:22] [361/445] VPCA
[14:27:23] [362/445] VLRA
[14:27:24] [363/445] SHKR
[14:27:25] [364/445] SBKD
[14:27:25] 🔄 Identity reset
[14:27:25] 🔄 Identity rotated (every 10 requests)
[14:27:25] 🔄 Retry 1/5 for SBKD in 2.9s
[14:27:25] 🔄 Identity reset
[14:27:28] 🧠 New identity created
[14:27:28] [365/445] SAAD
[14:27:29] [366/445] JTGN
[14:27:30] [367/445] SLAM
[14:27:31] [368/445] VTPM
[14:27:32] [369/445] ANPT
[14:27:33] [370/445] PUNB
[14:27:34] [371/445] CPKT
[14:27:35] [372/445] CNWE
[14:27:36] [373/445] ECPP
[14:27:36] 🔄 Identity reset
[14:27:36] 🔄 Identity rotated (every 10 requests)
[14:27:37] [374/445] CPAR
[14:27:38] [375/445] ESBW
[14:27:39] [376/445] PKPU
[14:27:41] [377/445] CPRP
[14:27:42] [378/445] RAHU
[14:27:42] [379/445] RHMN
[14:27:44] [380/445] FMJP
[14:27:45] [381/445] CTMP
[14:27:46] [382/445] INPN
[14:27:47] [383/445] STTG
[14:27:48] 🔄 Identity reset
[14:27:48] 🔄 Identity rotated (every 10 requests)
[14:27:48] 🔄 Retry 1/5 for STTG in 2.3s
[14:27:48] 🔄 Identity reset
[14:27:50] 🧠 New identity created
[14:27:50] [384/445] CTRD
[14:27:51] [385/445] PUVB
[14:27:52] [386/445] ESVP
[14:27:53] [387/445] CPFT
[14:27:54] [388/445] LCPC
[14:27:55] [389/445] VBCT
[14:27:56] [390/445] FSCW
[14:27:57] [391/445] VCMP
[14:27:58] [392/445] ASHC
[14:27:59] 🔄 Identity reset
[14:27:59] 🔄 Identity rotated (every 10 requests)
[14:27:59] [393/445] VLCX
[14:28:00] [394/445] SHEV
[14:28:01] [395/445] APCO
[14:28:01] [396/445] SILC
[14:28:02] [397/445] SNMR
[14:28:03] [398/445] KYBO
[14:28:04] [399/445] SATK
[14:28:05] [400/445] SSCS
[14:28:06] [401/445] CLSB
[14:28:06] [402/445] KMJR
[14:28:07] 🔄 Identity reset
[14:28:07] 🔄 Identity rotated (every 10 requests)
[14:28:07] [403/445] FSCK
[14:28:08] [404/445] NNKA
[14:28:09] [405/445] CLMK
[14:28:10] [406/445] DMPZ
[14:28:11] [407/445] INQM
[14:28:13] [408/445] CAML
[14:28:13] [409/445] INRK
[14:28:14] [410/445] IMKN
[14:28:15] [411/445] SVNR
[14:28:16] [412/445] INSL
[14:28:17] 🔄 Identity reset
[14:28:17] 🔄 Identity rotated (every 10 requests)
[14:28:17] [413/445] MSMA
[14:28:18] [414/445] MCKK
[14:28:19] [415/445] FCHP
[14:28:19] [416/445] SFCR
[14:28:20] [417/445] NACK
[14:28:21] [418/445] PVAK
[14:28:23] [419/445] INER
[14:28:23] [420/445] RDBK
[14:28:24] [421/445] SVFN
[14:28:25] [422/445] IFRM
[14:28:26] 🔄 Identity reset
[14:28:26] 🔄 Identity rotated (every 10 requests)
[14:28:26] [423/445] ATCK
[14:28:27] [424/445] ASKO
[14:28:28] [425/445] STKT
[14:28:29] [426/445] SVFB
[14:28:30] [427/445] INKS
[14:28:31] [428/445] PCRA
[14:28:32] [429/445] ATJA
[14:28:33] [430/445] IMJN
[14:28:34] [431/445] INHD
[14:28:35] [432/445] BARA
[14:28:35] 🔄 Identity reset
[14:28:35] 🔄 Identity rotated (every 10 requests)
[14:28:35] [433/445] MCSL
[14:28:36] [434/445] RTOY
[14:28:37] [435/445] MENO
[14:28:38] [436/445] PUDM
[14:28:39] [437/445] PRCN
[14:28:40] [438/445] JMJR
[14:28:41] [439/445] SSGK
[14:28:42] [440/445] SSRL
[14:28:43] [441/445] JYKL
[14:28:44] [442/445] ACNB
[14:28:44] 🔄 Identity reset
[14:28:44] 🔄 Identity rotated (every 10 requests)
[14:28:44] [443/445] SONP
[14:28:45] [444/445] EMCI
[14:28:46] [445/445] MRJH
[14:28:47] 🧹 Deduping shows
[14:28:47] ✅ DONE | Shows=424 | Movies=21
[16:11:23] 🚀 SCRIPT STARTED (enhanced anti‑detection)
[16:11:23] [1/445] TGMR
[16:11:23] 🧠 New identity created
[16:11:24] [2/445] CXKR
[16:11:25] [3/445] SROP
[16:11:26] [4/445] GTSV
[16:11:26] [5/445] SNTY
[16:11:27] [6/445] SMYY
[16:11:27] [7/445] CNCS
[16:11:28] [8/445] CSTM
[16:11:29] [9/445] NUCD
[16:11:30] [10/445] SHCZ
[16:11:30] 🔄 Identity reset
[16:11:30] 🔄 Identity rotated (every 10 requests)
[16:11:31] [11/445] NJCT
[16:11:32] [12/445] COPC
[16:11:32] [13/445] STVV
[16:11:33] [14/445] SKRN
[16:11:34] [15/445] APPZ
[16:11:35] [16/445] YMGN
[16:11:35] [17/445] SVTU
[16:11:37] [18/445] GTAD
[16:11:38] [19/445] PSUS
[16:11:38] [20/445] SMCD
[16:11:39] 🔄 Identity reset
[16:11:39] 🔄 Identity rotated (every 10 requests)
[16:11:39] [21/445] CMCM
[16:11:40] [22/445] SYCT
[16:11:41] [23/445] STLY
[16:11:41] [24/445] CMHU
[16:11:42] [25/445] CMSA
[16:11:43] [26/445] CLCU
[16:11:44] [27/445] PPNT
[16:11:45] [28/445] JTAB
[16:11:45] [29/445] BUUC
[16:11:46] [30/445] BSVK
[16:11:47] 🔄 Identity reset
[16:11:47] 🔄 Identity rotated (every 10 requests)
[16:11:48] [31/445] VVVQ
[16:11:49] [32/445] TKMU
[16:11:49] [33/445] ESYL
[16:11:50] [34/445] ACHP
[16:11:51] [35/445] BTKD
[16:11:52] [36/445] DESA
[16:11:53] [37/445] GBCT
[16:11:54] [38/445] BLLD
[16:11:55] [39/445] SKNT
[16:11:56] [40/445] SSTE
[16:11:56] 🔄 Identity reset
[16:11:56] 🔄 Identity rotated (every 10 requests)
[16:11:56] [41/445] VJMR
[16:11:57] [42/445] NTPU
[16:11:58] [43/445] RDKN
[16:11:59] [44/445] ADGC
[16:12:00] [45/445] VRBP
[16:12:01] [46/445] NMNA
[16:12:02] [47/445] CMMX
[16:12:03] [48/445] PTKO
[16:12:03] [49/445] RBML
[16:12:04] [50/445] SAIC
[16:12:05] 🔄 Identity reset
[16:12:05] 🔄 Identity rotated (every 10 requests)
[16:12:05] [51/445] SVTJ
[16:12:06] [52/445] MRTE
[16:12:06] [53/445] RBTP
[16:12:07] [54/445] NLPS
[16:12:09] [55/445] GTNA
[16:12:10] [56/445] DGGC
[16:12:11] [57/445] SMCR
[16:12:11] [58/445] SCGD
[16:12:12] [59/445] SRRJ
[16:12:13] [60/445] CNRY
[16:12:13] 🔄 Identity reset
[16:12:13] 🔄 Identity rotated (every 10 requests)
[16:12:14] [61/445] KTDI
[16:12:14] [62/445] SNJL
[16:12:15] [63/445] RKMD
[16:12:16] [64/445] SMDC
[16:12:17] [65/445] TADG
[16:12:17] [66/445] MCGS
[16:12:18] [67/445] PETK
[16:12:19] [68/445] CHAG
[16:12:20] [69/445] KSTL
[16:12:21] [70/445] AADS
[16:12:21] 🔄 Identity reset
[16:12:21] 🔄 Identity rotated (every 10 requests)
[16:12:22] [71/445] NTHZ
[16:12:23] [72/445] HCKI
[16:12:23] [73/445] SSEF
[16:12:24] [74/445] MCGX
[16:12:25] [75/445] ERRA
[16:12:26] [76/445] SDTW
[16:12:27] [77/445] RMPK
[16:12:28] [78/445] PTHK
[16:12:28] [79/445] PXCS
[16:12:29] [80/445] SVLU
[16:12:30] 🔄 Identity reset
[16:12:30] 🔄 Identity rotated (every 10 requests)
[16:12:30] [81/445] STAH
[16:12:31] [82/445] JRGF
[16:12:31] [83/445] CDOK
[16:12:32] [84/445] CMSG
[16:12:33] [85/445] APTD
[16:12:34] [86/445] KMPG
[16:12:35] [87/445] MUTJ
[16:12:36] [88/445] VCCI
[16:12:37] [89/445] URBE
[16:12:37] [90/445] TCTS
[16:12:38] 🔄 Identity reset
[16:12:38] 🔄 Identity rotated (every 10 requests)
[16:12:38] [91/445] STSN
[16:12:39] [92/445] AKCH
[16:12:40] [93/445] APSC
[16:12:41] [94/445] VLTB
[16:12:41] [95/445] SANU
[16:12:42] [96/445] AXAM
[16:12:43] [97/445] MGMG
[16:12:44] [98/445] HTBY
[16:12:45] [99/445] MMZS
[16:12:46] [100/445] SUDR
[16:12:46] 🔄 Identity reset
[16:12:46] 🔄 Identity rotated (every 10 requests)
[16:12:46] 🔄 Retry 1/5 for SUDR in 2.1s
[16:12:46] 🔄 Identity reset
[16:12:48] 🧠 New identity created
[16:12:49] [101/445] CCAD
[16:12:50] [102/445] SKKC
[16:12:50] [103/445] RMCD
[16:12:51] [104/445] SBCQ
[16:12:51] [105/445] DCCT
[16:12:52] [106/445] VTKP
[16:12:53] [107/445] MLAM
[16:12:54] [108/445] SAVT
[16:12:54] [109/445] GEPL
[16:12:55] 🔄 Identity reset
[16:12:55] 🔄 Identity rotated (every 10 requests)
[16:12:55] 🔄 Retry 1/5 for GEPL in 2.2s
[16:12:55] 🔄 Identity reset
[16:12:57] 🧠 New identity created
[16:12:58] [110/445] AMCD
[16:12:59] [111/445] CCXR
[16:12:59] [112/445] GRNG
[16:13:00] [113/445] EBCA
[16:13:01] [114/445] CNVG
[16:13:02] [115/445] MWSS
[16:13:03] [116/445] VBOR
[16:13:03] [117/445] NEEB
[16:13:04] [118/445] SUTH
[16:13:05] 🔄 Identity reset
[16:13:05] 🔄 Identity rotated (every 10 requests)
[16:13:05] [119/445] ANDB
[16:13:06] [120/445] MMXS
[16:13:07] [121/445] CNPD
[16:13:08] [122/445] SDCE
[16:13:09] [123/445] DHCB
[16:13:10] [124/445] ODEN
[16:13:10] [125/445] TNTC
[16:13:11] [126/445] VBKM
[16:13:12] [127/445] RZYM
[16:13:13] [128/445] JEMC
[16:13:13] 🔄 Identity reset
[16:13:13] 🔄 Identity rotated (every 10 requests)
[16:13:14] [129/445] CMAU
[16:13:15] [130/445] SIVP
[16:13:15] [131/445] ATAG
[16:13:16] [132/445] CHTM
[16:13:18] [133/445] AAEE
[16:13:19] [134/445] IWPM
[16:13:19] [135/445] KCMW
[16:13:21] [136/445] MCTD
[16:13:22] [137/445] SPWR
[16:13:23] [138/445] SDPO
[16:13:24] 🔄 Identity reset
[16:13:24] 🔄 Identity rotated (every 10 requests)
[16:13:24] [139/445] PCSK
[16:13:25] [140/445] ACHV
[16:13:26] [141/445] SVLA
[16:13:26] [142/445] PICT
[16:13:27] [143/445] BXDR
[16:13:28] [144/445] SPWA
[16:13:29] [145/445] MCKO
[16:13:30] [146/445] RTHK
[16:13:30] [147/445] CCMF
[16:13:31] [148/445] MRGB
[16:13:32] 🔄 Identity reset
[16:13:32] 🔄 Identity rotated (every 10 requests)
[16:13:32] [149/445] CPLC
[16:13:33] [150/445] RACD
[16:13:34] [151/445] ATKT
[16:13:34] [152/445] SARN
[16:13:35] [153/445] KKUI
[16:13:36] [154/445] RGCM
[16:13:37] [155/445] BRVP
[16:13:37] [156/445] HRSR
[16:13:38] [157/445] GKGM
[16:13:39] [158/445] TTCD
[16:13:40] 🔄 Identity reset
[16:13:40] 🔄 Identity rotated (every 10 requests)
[16:13:40] [159/445] PTTI
[16:13:40] [160/445] MPTT
[16:13:41] [161/445] CVTT
[16:13:42] [162/445] PCXD
[16:13:44] [163/445] GCDC
[16:13:45] [164/445] CCCF
[16:13:45] [165/445] MRAD
[16:13:46] [166/445] CPLK
[16:13:47] [167/445] SATB
[16:13:48] [168/445] SNVG
[16:13:49] 🔄 Identity reset
[16:13:49] 🔄 Identity rotated (every 10 requests)
[16:13:49] [169/445] JMBA
[16:13:50] [170/445] TEJA
[16:13:50] [171/445] STYO
[16:13:51] [172/445] JTBP
[16:13:52] [173/445] KRGD
[16:13:53] [174/445] SLJJ
[16:13:53] [175/445] SPTJ
[16:13:54] [176/445] SWJG
[16:13:55] [177/445] LKRT
[16:13:55] [178/445] KCKA
[16:13:56] 🔄 Identity reset
[16:13:56] 🔄 Identity rotated (every 10 requests)
[16:13:56] [179/445] SNCR
[16:13:57] [180/445] SMKL
[16:13:58] [181/445] GCFA
[16:14:00] [182/445] DDCK
[16:14:00] [183/445] NCHJ
[16:14:01] [184/445] RDMA
[16:14:02] [185/445] SVSV
[16:14:03] [186/445] SCJG
[16:14:04] [187/445] VKLP
[16:14:05] [188/445] NWCC
[16:14:05] 🔄 Identity reset
[16:14:05] 🔄 Identity rotated (every 10 requests)
[16:14:06] [189/445] VKNS
[16:14:06] [190/445] SDDP
[16:14:07] [191/445] ACSI
[16:14:08] [192/445] SATG
[16:14:09] [193/445] SCMW
[16:14:09] [194/445] LKTK
[16:14:10] [195/445] VCKV
[16:14:11] [196/445] KKPE
[16:14:12] [197/445] KIGH
[16:14:13] [198/445] SRPM
[16:14:14] 🔄 Identity reset
[16:14:14] 🔄 Identity rotated (every 10 requests)
[16:14:14] [199/445] SCAH
[16:14:14] [200/445] MUTA
[16:14:15] [201/445] SEPU
[16:14:16] [202/445] INOA
[16:14:17] [203/445] BASK
[16:14:18] [204/445] NECB
[16:14:19] [205/445] GTTG
[16:14:20] [206/445] ASSA
[16:14:20] [207/445] ANCL
[16:14:21] [208/445] GCTI
[16:14:22] 🔄 Identity reset
[16:14:22] 🔄 Identity rotated (every 10 requests)
[16:14:22] [209/445] RCTS
[16:14:23] [210/445] ACNL
[16:14:24] [211/445] MYCT
[16:14:25] [212/445] NMHT
[16:14:26] [213/445] MDIT
[16:14:26] [214/445] LATG
[16:14:27] [215/445] SMTY
[16:14:28] [216/445] CVCT
[16:14:29] [217/445] RAMB
[16:14:30] [218/445] TGMS
[16:14:30] 🔄 Identity reset
[16:14:30] 🔄 Identity rotated (every 10 requests)
[16:14:30] 🔄 Retry 1/5 for TGMS in 2.5s
[16:14:30] 🔄 Identity reset
[16:14:33] 🧠 New identity created
[16:14:33] 🔄 Retry 2/5 for TGMS in 4.6s
[16:14:33] 🔄 Identity reset
[16:14:37] 🧠 New identity created
[16:14:38] [219/445] BHEL
[16:14:38] [220/445] SHCT
[16:14:39] [221/445] SVCT
[16:14:40] [222/445] MRIY
[16:14:41] [223/445] SARO
[16:14:42] [224/445] STCT
[16:14:43] [225/445] JKKC
[16:14:44] [226/445] PLTT
[16:14:44] 🔄 Identity reset
[16:14:44] 🔄 Identity rotated (every 10 requests)
[16:14:45] [227/445] SRNT
[16:14:46] [228/445] YAST
[16:14:47] [229/445] PERL
[16:14:48] [230/445] CICM
[16:14:48] [231/445] MMTR
[16:14:49] [232/445] ABTK
[16:14:50] [233/445] ATYY
[16:14:51] [234/445] ASTK
[16:14:52] [235/445] VVCK
[16:14:53] [236/445] ATKY
[16:14:54] 🔄 Identity reset
[16:14:54] 🔄 Identity rotated (every 10 requests)
[16:14:55] [237/445] GWEK
[16:14:56] [238/445] SVFH
[16:14:57] [239/445] SLTA
[16:14:58] [240/445] AASH
[16:14:59] [241/445] ACXB
[16:14:59] [242/445] SMTX
[16:15:00] [243/445] AZDH
[16:15:01] [244/445] CMMH
[16:15:02] [245/445] SCSZ
[16:15:02] [246/445] SCKP
[16:15:03] 🔄 Identity reset
[16:15:03] 🔄 Identity rotated (every 10 requests)
[16:15:03] [247/445] NXTM
[16:15:04] [248/445] NWCS
[16:15:05] [249/445] CXMH
[16:15:06] [250/445] PCMA
[16:15:07] [251/445] SGCM
[16:15:07] [252/445] SDTU
[16:15:08] [253/445] MMVI
[16:15:09] [254/445] JKCM
[16:15:10] [255/445] VCMM
[16:15:11] [256/445] SYEE
[16:15:11] 🔄 Identity reset
[16:15:11] 🔄 Identity rotated (every 10 requests)
[16:15:12] [257/445] VASD
[16:15:12] [258/445] BDRB
[16:15:13] [259/445] LASM
[16:15:14] [260/445] DCRL
[16:15:15] [261/445] DVPM
[16:15:16] [262/445] SBMJ
[16:15:17] [263/445] CBMU
[16:15:18] [264/445] IUBS
[16:15:19] [265/445] INAP
[16:15:20] [266/445] SRRC
[16:15:20] 🔄 Identity reset
[16:15:20] 🔄 Identity rotated (every 10 requests)
[16:15:21] [267/445] SAGR
[16:15:22] [268/445] CPMJ
[16:15:22] [269/445] ATJL
[16:15:23] [270/445] NNTD
[16:15:24] [271/445] JHCJ
[16:15:25] [272/445] CMMP
[16:15:26] [273/445] RSDR
[16:15:28] [274/445] AMTI
[16:15:28] [275/445] NYSG
[16:15:29] [276/445] AVSG
[16:15:30] 🔄 Identity reset
[16:15:30] 🔄 Identity rotated (every 10 requests)
[16:15:31] [277/445] SYTP
[16:15:31] [278/445] LARC
[16:15:32] [279/445] RJTP
[16:15:33] [280/445] LAKC
[16:15:34] [281/445] MCXE
[16:15:35] [282/445] CCZC
[16:15:36] [283/445] AVCH
[16:15:37] [284/445] CMBE
[16:15:37] [285/445] MRRC
[16:15:39] [286/445] PCPY
[16:15:39] 🔄 Identity reset
[16:15:39] 🔄 Identity rotated (every 10 requests)
[16:15:40] [287/445] SRMH
[16:15:41] [288/445] SVGS
[16:15:41] [289/445] PCSE
[16:15:42] [290/445] SVFT
[16:15:43] [291/445] TNZP
[16:15:45] [292/445] ICTP
[16:15:45] [293/445] ACTZ
[16:15:46] [294/445] GTUR
[16:15:47] [295/445] MAFC
[16:15:48] [296/445] MINL
[16:15:48] 🔄 Identity reset
[16:15:48] 🔄 Identity rotated (every 10 requests)
[16:15:49] [297/445] MRCL
[16:15:50] [298/445] RCRP
[16:15:50] [299/445] RFFG
[16:15:51] [300/445] RMAS
[16:15:52] [301/445] INVR
[16:15:53] [302/445] RMAR
[16:15:54] [303/445] CNIS
[16:15:55] [304/445] RHRJ
[16:15:56] [305/445] INXR
[16:15:58] [306/445] VALT
[16:15:58] 🔄 Identity reset
[16:15:58] 🔄 Identity rotated (every 10 requests)
[16:15:59] [307/445] LCSH
[16:16:00] [308/445] CMVS
[16:16:00] [309/445] CNMS
[16:16:01] [310/445] ROOG
[16:16:02] [311/445] ISRM
[16:16:03] [312/445] RCRM
[16:16:04] [313/445] ACJA
[16:16:05] [314/445] RCVS
[16:16:06] [315/445] CPUS
[16:16:06] [316/445] TGCS
[16:16:07] 🔄 Identity reset
[16:16:07] 🔄 Identity rotated (every 10 requests)
[16:16:07] [317/445] RKCJ
[16:16:08] [318/445] MKSB
[16:16:09] [319/445] TCSJ
[16:16:10] [320/445] RMGP
[16:16:11] [321/445] CLLP
[16:16:12] [322/445] RCMV
[16:16:12] [323/445] CCKS
[16:16:13] [324/445] RSRP
[16:16:14] [325/445] APLP
[16:16:15] [326/445] CNVS
[16:16:16] 🔄 Identity reset
[16:16:16] 🔄 Identity rotated (every 10 requests)
[16:16:16] [327/445] RMVY
[16:16:17] [328/445] PGBD
[16:16:18] [329/445] KLMS
[16:16:19] [330/445] RUST
[16:16:20] [331/445] MASM
[16:16:20] [332/445] BACS
[16:16:21] [333/445] BWST
[16:16:22] [334/445] RRFH
[16:16:24] [335/445] SJTM
[16:16:25] [336/445] BEMR
[16:16:26] 🔄 Identity reset
[16:16:26] 🔄 Identity rotated (every 10 requests)
[16:16:26] [337/445] MCGR
[16:16:27] [338/445] SDSK
[16:16:28] [339/445] VBOL
[16:16:29] [340/445] RMGM
[16:16:30] [341/445] NOPL
[16:16:31] [342/445] MKJK
[16:16:32] [343/445] CVRN
[16:16:33] [344/445] MMEN
[16:16:34] [345/445] AMNG
[16:16:35] [346/445] INTM
[16:16:35] 🔄 Identity reset
[16:16:35] 🔄 Identity rotated (every 10 requests)
[16:16:36] [347/445] SLCZ
[16:16:37] [348/445] AMJN
[16:16:38] [349/445] ACJN
[16:16:39] [350/445] AMKN
[16:16:39] [351/445] BTCN
[16:16:40] [352/445] AMBT
[16:16:41] [353/445] PACN
[16:16:42] [354/445] LCNS
[16:16:43] [355/445] PPKC
[16:16:43] [356/445] JYYN
[16:16:44] 🔄 Identity reset
[16:16:44] 🔄 Identity rotated (every 10 requests)
[16:16:44] [357/445] JTNR
[16:16:45] [358/445] GTEE
[16:16:46] [359/445] SRNM
[16:16:47] [360/445] SDTC
[16:16:48] [361/445] VPCA
[16:16:49] [362/445] VLRA
[16:16:49] [363/445] SHKR
[16:16:50] [364/445] SBKD
[16:16:51] [365/445] SAAD
[16:16:52] [366/445] JTGN
[16:16:53] 🔄 Identity reset
[16:16:53] 🔄 Identity rotated (every 10 requests)
[16:16:53] [367/445] SLAM
[16:16:54] [368/445] VTPM
[16:16:55] [369/445] ANPT
[16:16:56] [370/445] PUNB
[16:16:57] [371/445] CPKT
[16:16:58] [372/445] CNWE
[16:16:59] [373/445] ECPP
[16:17:00] [374/445] CPAR
[16:17:01] [375/445] ESBW
[16:17:01] [376/445] PKPU
[16:17:02] 🔄 Identity reset
[16:17:02] 🔄 Identity rotated (every 10 requests)
[16:17:02] [377/445] CPRP
[16:17:03] [378/445] RAHU
[16:17:04] [379/445] RHMN
[16:17:05] [380/445] FMJP
[16:17:06] [381/445] CTMP
[16:17:06] [382/445] INPN
[16:17:07] [383/445] STTG
[16:17:08] [384/445] CTRD
[16:17:09] [385/445] PUVB
[16:17:10] [386/445] ESVP
[16:17:11] 🔄 Identity reset
[16:17:11] 🔄 Identity rotated (every 10 requests)
[16:17:11] [387/445] CPFT
[16:17:12] [388/445] LCPC
[16:17:13] [389/445] VBCT
[16:17:14] [390/445] FSCW
[16:17:14] [391/445] VCMP
[16:17:15] [392/445] ASHC
[16:17:16] [393/445] VLCX
[16:17:17] [394/445] SHEV
[16:17:18] [395/445] APCO
[16:17:19] [396/445] SILC
[16:17:19] 🔄 Identity reset
[16:17:19] 🔄 Identity rotated (every 10 requests)
[16:17:20] [397/445] SNMR
[16:17:20] [398/445] KYBO
[16:17:21] [399/445] SATK
[16:17:22] [400/445] SSCS
[16:17:23] [401/445] CLSB
[16:17:23] [402/445] KMJR
[16:17:24] [403/445] FSCK
[16:17:26] [404/445] NNKA
[16:17:26] [405/445] CLMK
[16:17:28] [406/445] DMPZ
[16:17:28] 🔄 Identity reset
[16:17:29] 🔄 Identity rotated (every 10 requests)
[16:17:29] [407/445] INQM
[16:17:30] [408/445] CAML
[16:17:30] [409/445] INRK
[16:17:31] [410/445] IMKN
[16:17:32] [411/445] SVNR
[16:17:33] [412/445] INSL
[16:17:34] [413/445] MSMA
[16:17:35] [414/445] MCKK
[16:17:35] [415/445] FCHP
[16:17:36] [416/445] SFCR
[16:17:37] 🔄 Identity reset
[16:17:37] 🔄 Identity rotated (every 10 requests)
[16:17:38] [417/445] NACK
[16:17:39] [418/445] PVAK
[16:17:40] [419/445] INER
[16:17:41] [420/445] RDBK
[16:17:42] [421/445] SVFN
[16:17:43] [422/445] IFRM
[16:17:43] [423/445] ATCK
[16:17:44] [424/445] ASKO
[16:17:45] [425/445] STKT
[16:17:46] [426/445] SVFB
[16:17:47] 🔄 Identity reset
[16:17:47] 🔄 Identity rotated (every 10 requests)
[16:17:47] 🔄 Retry 1/5 for SVFB in 2.4s
[16:17:47] 🔄 Identity reset
[16:17:49] 🧠 New identity created
[16:17:50] [427/445] INKS
[16:17:50] [428/445] PCRA
[16:17:51] [429/445] ATJA
[16:17:52] [430/445] IMJN
[16:17:53] [431/445] INHD
[16:17:54] [432/445] BARA
[16:17:55] [433/445] MCSL
[16:17:56] [434/445] RTOY
[16:17:57] [435/445] MENO
[16:17:58] 🔄 Identity reset
[16:17:58] 🔄 Identity rotated (every 10 requests)
[16:17:58] [436/445] PUDM
[16:17:59] [437/445] PRCN
[16:18:00] [438/445] JMJR
[16:18:00] [439/445] SSGK
[16:18:01] [440/445] SSRL
[16:18:02] [441/445] JYKL
[16:18:03] [442/445] ACNB
[16:18:04] [443/445] SONP
[16:18:05] [444/445] EMCI
[16:18:05] [445/445] MRJH
[16:18:06] 🔄 Identity reset
[16:18:06] 🔄 Identity rotated (every 10 requests)
[16:18:06] 🧹 Deduping shows
[16:18:06] ✅ DONE | Shows=553 | Movies=23
