[14:22:06] 🚀 SCRIPT STARTED
[14:22:06] [1/459] NECA
[14:22:06] 🧠 New identity created
[14:22:07] [2/459] BJLC
[14:22:08] [3/459] BASU
[14:22:09] [4/459] RUPI
[14:22:09] [5/459] LCBK
[14:22:10] [6/459] PMAC
[14:22:12] [7/459] AMLC
[14:22:12] [8/459] LICL
[14:22:13] [9/459] UDMM
[14:22:14] [10/459] STBZ
[14:22:15] [11/459] UUBT
[14:22:16] [12/459] SJKC
[14:22:17] [13/459] TUAL
[14:22:17] [14/459] MRSE
[14:22:19] [15/459] RMRK
[14:22:20] [16/459] TTKP
[14:22:20] [17/459] KTKO
[14:22:21] [18/459] SDBK
[14:22:22] [19/459] MCPR
[14:22:23] [20/459] CHTI
[14:22:23] [21/459] GCCP
[14:22:24] [22/459] SRMY
[14:22:25] [23/459] NYST
[14:22:26] [24/459] NYAG
[14:22:27] [25/459] SBMT
[14:22:27] [26/459] INGA
[14:22:28] [27/459] WSIC
[14:22:30] [28/459] SCSS
[14:22:30] [29/459] COPG
[14:22:31] [30/459] RCGR
[14:22:32] [31/459] TCZA
[14:22:33] [32/459] CNLP
[14:22:33] [33/459] CLKN
[14:22:35] [34/459] LHDF
[14:22:35] [35/459] ELKC
[14:22:36] [36/459] VCEM
[14:22:37] [37/459] SSZA
[14:22:38] [38/459] KRMT
[14:22:39] [39/459] LCMV
[14:22:40] [40/459] AYCZ
[14:22:41] [41/459] CUMS
[14:22:42] [42/459] BOCK
[14:22:43] [43/459] PNMR
[14:22:44] [44/459] PJCP
[14:22:44] [45/459] JDDD
[14:22:45] [46/459] STMS
[14:22:46] [47/459] FLMB
[14:22:47] [48/459] PKCM
[14:22:47] [49/459] SPPR
[14:22:48] [50/459] EYLH
[14:22:49] [51/459] RJCC
[14:22:50] [52/459] MMPS
[14:22:51] [53/459] SHMX
[14:22:51] [54/459] CCNL
[14:22:52] [55/459] RCNV
[14:22:53] [56/459] MAAG
[14:22:53] [57/459] LXCM
[14:22:54] [58/459] RCNI
[14:22:55] [59/459] SNNI
[14:22:56] [60/459] LALC
[14:22:57] [61/459] SOCN
[14:22:57] [62/459] JHTP
[14:22:58] [63/459] PITP
[14:22:58] [64/459] CCKW
[14:22:59] [65/459] MCMC
[14:23:00] [66/459] DEES
[14:23:01] [67/459] SABT
[14:23:01] [68/459] VSPP
[14:23:02] [69/459] ABCT
[14:23:04] [70/459] JVTB
[14:23:05] [71/459] VCBD
[14:23:06] [72/459] RMGG
[14:23:07] [73/459] RNMH
[14:23:08] [74/459] SPGL
[14:23:09] [75/459] JTTR
[14:23:09] [76/459] SICS
[14:23:10] [77/459] SRMI
[14:23:11] [78/459] SSIJ
[14:23:12] [79/459] KFMT
[14:23:13] [80/459] VBIT
[14:23:14] [81/459] JKCT
[14:23:15] [82/459] GCGP
[14:23:16] [83/459] GDCS
[14:23:17] [84/459] TRBA
[14:23:17] [85/459] QUST
[14:23:19] [86/459] VSHM
[14:23:19] [87/459] SDCP
[14:23:20] [88/459] SNVS
[14:23:21] [89/459] NYTO
[14:23:21] [90/459] URWC
[14:23:22] [91/459] GTWH
[14:23:24] [92/459] PFCM
[14:23:24] [93/459] KRTA
[14:23:25] [94/459] AXMC
[14:23:26] [95/459] EVMC
[14:23:26] [96/459] HGSM
[14:23:27] [97/459] ACVM
[14:23:28] [98/459] PSKL
[14:23:29] [99/459] RDMP
[14:23:29] [100/459] RHGH
[14:23:30] [101/459] OMCM
[14:23:31] [102/459] DCCP
[14:23:32] [103/459] MCPB
[14:23:33] [104/459] ALCI
[14:23:35] [105/459] BLMX
[14:23:36] [106/459] BTMV
[14:23:36] [107/459] FVPN
[14:23:37] [108/459] CMAR
[14:23:38] [109/459] CEIM
[14:23:39] [110/459] CMVA
[14:23:40] [111/459] CPIV
[14:23:40] [112/459] CNPE
[14:23:42] [113/459] COLV
[14:23:43] [114/459] DNNV
[14:23:44] [115/459] HCAD
[14:23:45] [116/459] TAKA
[14:23:46] [117/459] INVD
[14:23:46] [118/459] IRMM
[14:23:47] [119/459] INSE
[14:23:48] [120/459] MRSW
[14:23:48] [121/459] MCVD
[14:23:49] [122/459] MCSO
[14:23:50] [123/459] PEVM
[14:23:50] [124/459] PVNL
[14:23:51] [125/459] PTCV
[14:23:52] [126/459] PRTC
[14:23:53] [127/459] RCVA
[14:23:55] [128/459] MTBN
[14:23:55] [129/459] LUCP
[14:23:56] [130/459] FMPT
[14:23:57] [131/459] JLSL
[14:23:58] [132/459] SBHA
[14:23:59] [133/459] SHRC
[14:23:59] [134/459] AVPS
[14:24:00] [135/459] STPM
[14:24:01] [136/459] ATRD
[14:24:02] [137/459] VTED
[14:24:03] [138/459] ACAI
[14:24:03] [139/459] SMAE
[14:24:04] [140/459] VMAT
[14:24:05] [141/459] LKCT
[14:24:06] [142/459] JTVK
[14:24:07] [143/459] PRTY
[14:24:08] [144/459] GETT
[14:24:08] [145/459] ESAP
[14:24:09] [146/459] NCPM
[14:24:10] [147/459] PCPA
[14:24:11] [148/459] MMOM
[14:24:11] [149/459] PHUP
[14:24:12] [150/459] CCPI
[14:24:13] [151/459] CNTD
[14:24:14] [152/459] NLJR
[14:24:15] [153/459] SRNG
[14:24:16] [154/459] MHAL
[14:24:17] [155/459] PNSM
[14:24:17] [156/459] DRMY
[14:24:18] [157/459] CCMU
[14:24:19] [158/459] SCMY
[14:24:19] [159/459] PVSY
[14:24:20] [160/459] SDLM
[14:24:21] [161/459] ICCM
[14:24:22] [162/459] PYSU
[14:24:23] [163/459] GATM
[14:24:24] [164/459] WOTM
[14:24:24] [165/459] RKTS
[14:24:25] [166/459] PMTY
[14:24:26] [167/459] LYMS
[14:24:26] [168/459] TGCA
[14:24:28] [169/459] DSTA
[14:24:29] [170/459] CNGE
[14:24:30] [171/459] VSTG
[14:24:30] [172/459] GTCK
[14:24:31] [173/459] TGNT
[14:24:32] [174/459] ASLC
[14:24:33] [175/459] SSST
[14:24:34] [176/459] KBTT
[14:24:34] [177/459] HKCP
[14:24:35] [178/459] SWLC
[14:24:36] [179/459] RTND
[14:24:37] [180/459] PKKT
[14:24:38] [181/459] HSTK
[14:24:39] [182/459] SPTT
[14:24:39] [183/459] IMPM
[14:24:40] [184/459] SCMV
[14:24:41] [185/459] SPCT
[14:24:42] [186/459] JBCA
[14:24:43] [187/459] ATTR
[14:24:44] [188/459] SPMT
[14:24:45] [189/459] LCTM
[14:24:46] [190/459] SCVL
[14:24:46] [191/459] SCVT
[14:24:47] [192/459] KRIC
[14:24:48] [193/459] CTMG
[14:24:49] [194/459] ACNC
[14:24:49] [195/459] DMCK
[14:24:50] [196/459] KMTV
[14:24:51] [197/459] PFCJ
[14:24:51] [198/459] VNMD
[14:24:52] [199/459] VPCZ
[14:24:53] [200/459] SRYR
[14:24:54] [201/459] SYTR
[14:24:54] [202/459] GATR
[14:24:55] [203/459] URTR
[14:24:56] [204/459] MKSM
[14:24:57] [205/459] VSMH
[14:24:58] [206/459] SKRJ
[14:24:59] [207/459] SSJR
[14:25:00] [208/459] SVSM
[14:25:01] [209/459] RUCM
[14:25:02] [210/459] PRKN
[14:25:03] [211/459] RROH
[14:25:04] [212/459] SCTN
[14:25:05] [213/459] RTDM
[14:25:05] [214/459] ASRM
[14:25:06] [215/459] SKMD
[14:25:07] [216/459] SUTD
[14:25:08] [217/459] SADM
[14:25:08] [218/459] WCNR
[14:25:10] [219/459] CNED
[14:25:10] [220/459] MPDB
[14:25:11] [221/459] KTBH
[14:25:12] [222/459] IDRM
[14:25:13] [223/459] PJJT
[14:25:13] [224/459] PFCV
[14:25:14] [225/459] AACT
[14:25:15] [226/459] AAAD
[14:25:16] [227/459] ANES
[14:25:16] [228/459] MNCA
[14:25:18] [229/459] RMGU
[14:25:18] [230/459] DLCN
[14:25:19] [231/459] LJWT
[14:25:20] [232/459] MCBG
[14:25:21] [233/459] MYBG
[14:25:21] [234/459] GCCA
[14:25:22] [235/459] GCGA
[14:25:23] [236/459] ECGN
[14:25:24] [237/459] PRAB
[14:25:24] [238/459] PNMP
[14:25:25] [239/459] GCPT
[14:25:26] [240/459] ROYN
[14:25:27] [241/459] VATM
[14:25:28] [242/459] KSNT
[14:25:29] [243/459] ACTC
[14:25:29] [244/459] PLTD
[14:25:30] [245/459] SKMK
[14:25:31] [246/459] CMTT
[14:25:32] [247/459] SMXP
[14:25:33] [248/459] SCMX
[14:25:33] [249/459] ACXN
[14:25:34] [250/459] ASWT
[14:25:35] [251/459] VVVL
[14:25:36] [252/459] NAGO
[14:25:37] [253/459] SNCN
[14:25:39] [254/459] MCKP
[14:25:39] [255/459] SAMO
[14:25:41] [256/459] JBTV
[14:25:42] [257/459] DCVV
[14:25:42] [258/459] KMSV
[14:25:43] [259/459] KDCN
[14:25:44] [260/459] CNCP
[14:25:45] [261/459] HAMC
[14:25:45] [262/459] CCVZ
[14:25:46] [263/459] NCCK
[14:25:47] [264/459] MCHR
[14:25:48] [265/459] SCHT
[14:25:49] [266/459] ESSH
[14:25:49] [267/459] CUJC
[14:25:50] [268/459] PECP
[14:25:51] [269/459] PMMI
[14:25:51] [270/459] PCCH
[14:25:52] [271/459] PRPM
[14:25:53] [272/459] PVKL
[14:25:54] [273/459] CBSM
[14:25:55] [274/459] PVCZ
[14:25:56] [275/459] PCVV
[14:25:56] [276/459] CTMJ
[14:25:57] [277/459] RCPS
[14:25:58] [278/459] PCIT
[14:25:59] [279/459] FNCH
[14:26:00] [280/459] INZD
[14:26:01] [281/459] INPC
[14:26:01] [282/459] LCZP
[14:26:02] [283/459] SMCB
[14:26:03] [284/459] PTSB
[14:26:03] [285/459] TPSI
[14:26:04] [286/459] KHMJ
[14:26:05] [287/459] RCCJ
[14:26:06] [288/459] NCJA
[14:26:07] [289/459] NCJN
[14:26:08] [290/459] BTDP
[14:26:09] [291/459] PADY
[14:26:10] [292/459] NYBH
[14:26:11] [293/459] MTBR
[14:26:11] [294/459] KRBC
[14:26:12] [295/459] DKTI
[14:26:13] [296/459] ANAN
[14:26:14] [297/459] INBP
[14:26:15] [298/459] PATB
[14:26:16] [299/459] RGNT
[14:26:18] [300/459] CGPM
[14:26:18] [301/459] INTN
[14:26:19] [302/459] MCMP
[14:26:20] [303/459] ASRG
[14:26:21] [304/459] CXJD
[14:26:22] [305/459] SPCP
[14:26:22] [306/459] CSTP
[14:26:24] [307/459] PKVC
[14:26:25] [308/459] ESCP
[14:26:25] [309/459] CAEP
[14:26:26] [310/459] CCSP
[14:26:27] [311/459] KTPC
[14:26:28] [312/459] DACA
[14:26:29] [313/459] NVKY
[14:26:29] [314/459] PTIN
[14:26:30] [315/459] SCIN
[14:26:31] [316/459] MCTY
[14:26:32] [317/459] PCMX
[14:26:32] [318/459] INIC
[14:26:33] [319/459] MMZM
[14:26:34] [320/459] SSLP
[14:26:35] [321/459] DTDT
[14:26:35] [322/459] FFCX
[14:26:37] [323/459] RCMM
[14:26:38] [324/459] KYID
[14:26:38] [325/459] CSCI
[14:26:39] [326/459] FCMC
[14:26:40] [327/459] MMXI
[14:26:41] [328/459] ASTC
[14:26:42] [329/459] CMRA
[14:26:43] [330/459] DICI
[14:26:44] [331/459] KDIN
[14:26:45] [332/459] PRFI
[14:26:46] [333/459] SVFC
[14:26:46] [334/459] UCPL
[14:26:48] [335/459] COOC
[14:26:48] [336/459] SCAL
[14:26:49] [337/459] SVFF
[14:26:50] [338/459] VCMG
[14:26:51] [339/459] UUCT
[14:26:51] [340/459] GCSE
[14:26:52] [341/459] SUSC
[14:26:53] [342/459] MISC
[14:26:53] [343/459] RMBL
[14:26:54] [344/459] CMXN
[14:26:55] [345/459] PVBK
[14:26:56] [346/459] HHCG
[14:26:57] [347/459] SCAG
[14:26:58] [348/459] CNPR
[14:26:59] [349/459] CSER
[14:26:59] [350/459] HLWD
[14:27:00] [351/459] BOLY
[14:27:01] [352/459] SSPG
[14:27:02] [353/459] MUPX
[14:27:03] [354/459] HAMR
[14:27:04] [355/459] SDNC
[14:27:05] [356/459] RTEN
[14:27:07] [357/459] SDTD
[14:27:07] [358/459] KAWS
[14:27:08] [359/459] CMZX
[14:27:09] [360/459] DCDD
[14:27:09] [361/459] ALSN
[14:27:10] [362/459] IMXS
[14:27:11] [363/459] PVFF
[14:27:12] [364/459] PVOO
[14:27:12] [365/459] CFBS
[14:27:13] [366/459] PVER
[14:27:14] [367/459] PPNX
[14:27:14] [368/459] CNRM
[14:27:15] [369/459] PVWW
[14:27:16] [370/459] INMB
[14:27:17] [371/459] CPJR
[14:27:18] [372/459] INRZ
[14:27:19] [373/459] PMSR
[14:27:20] [374/459] GPGM
[14:27:21] [375/459] PGWB
[14:27:22] [376/459] PMBR
[14:27:23] [377/459] GPAM
[14:27:23] [378/459] INBC
[14:27:24] [379/459] PZVK
[14:27:25] [380/459] CPEB
[14:27:26] [381/459] FMLB
[14:27:27] [382/459] INBG
[14:27:27] [383/459] GPBR
[14:27:28] [384/459] PAAS
[14:27:29] [385/459] VTBR
[14:27:30] [386/459] GPMY
[14:27:30] [387/459] GYBU
[14:27:31] [388/459] INBJ
[14:27:32] [389/459] LKTH
[14:27:33] [390/459] NSBR
[14:27:34] [391/459] PDRD
[14:27:34] [392/459] VRBL
[14:27:35] [393/459] VTGB
[14:27:36] [394/459] VTSK
[14:27:38] [395/459] BKDV
[14:27:38] [396/459] SVTB
[14:27:39] [397/459] MLDT
[14:27:40] [398/459] NRBL
[14:27:41] [399/459] SLTR
[14:27:42] [400/459] VNKA
[14:27:43] [401/459] TDCA
[14:27:44] [402/459] INBM
[14:27:45] [403/459] SSNR
[14:27:45] [404/459] BHAC
[14:27:46] [405/459] SDSD
[14:27:48] [406/459] SAMP
[14:27:48] [407/459] RATK
[14:27:50] [408/459] KCBI
[14:27:50] [409/459] URBL
[14:27:51] [410/459] MKBG
[14:27:52] [411/459] ASTB
[14:27:53] [412/459] VBWT
[14:27:54] [413/459] GPSM
[14:27:54] [414/459] ROON
[14:27:55] [415/459] CHTH
[14:27:56] [416/459] SSPA
[14:27:57] [417/459] ANBL
[14:27:57] [418/459] VTBE
[14:27:58] [419/459] SVKT
[14:27:59] [420/459] SVYK
[14:27:59] [421/459] PTBK
[14:28:00] [422/459] RKTB
[14:28:01] [423/459] BALT
[14:28:02] [424/459] STSV
[14:28:03] [425/459] VCCB
[14:28:03] [426/459] SLTB
[14:28:04] [427/459] SBCR
[14:28:05] [428/459] VDCS
[14:28:06] [429/459] MDKI
[14:28:06] [430/459] SMRN
[14:28:07] [431/459] PTBC
[14:28:08] [432/459] RADI
[14:28:09] [433/459] ADCR
[14:28:09] [434/459] SDCS
[14:28:10] [435/459] SRPJ
[14:28:11] [436/459] ARTS
[14:28:11] [437/459] SRHK
[14:28:13] [438/459] SPAY
[14:28:14] [439/459] GPTB
[14:28:14] [440/459] SNNN
[14:28:15] [441/459] BALJ
[14:28:16] [442/459] TRIG
[14:28:17] [443/459] GTYT
[14:28:17] [444/459] ATGN
[14:28:18] [445/459] ANTE
[14:28:19] [446/459] BDCG
[14:28:19] [447/459] VECI
[14:28:20] [448/459] SCPR
[14:28:21] [449/459] RTEA
[14:28:22] [450/459] JSAI
[14:28:22] [451/459] VJTP
[14:28:23] [452/459] GNDS
[14:28:24] [453/459] PAXA
[14:28:24] [454/459] CGGM
[14:28:25] [455/459] ACKZ
[14:28:26] [456/459] EMCC
[14:28:27] [457/459] KLSK
[14:28:28] [458/459] AVCK
[14:28:29] [459/459] JTCK
[14:28:30] 🧹 Deduping shows
[14:28:30] ✅ DONE | Shows=784 | Movies=32
