[14:21:47] 🚀 SCRIPT STARTED (enhanced anti‑detection)
[14:21:47] [1/458] MBDC
[14:21:48] 🧠 New identity created
[14:21:48] [2/458] CHKM
[14:21:49] [3/458] JTKZ
[14:21:50] [4/458] CMCT
[14:21:51] [5/458] ASHO
[14:21:52] [6/458] ECDG
[14:21:52] [7/458] SPAT
[14:21:53] [8/458] HILC
[14:21:54] [9/458] SPPH
[14:21:55] [10/458] SBHN
[14:21:56] 🔄 Identity reset
[14:21:56] 🔄 Identity rotated (every 10 requests)
[14:21:56] [11/458] RRCA
[14:21:57] [12/458] APAA
[14:21:58] [13/458] RAME
[14:21:59] [14/458] TMMS
[14:21:59] [15/458] BATK
[14:22:00] [16/458] LKOP
[14:22:01] [17/458] AMTT
[14:22:02] [18/458] PTGK
[14:22:03] [19/458] ANRS
[14:22:03] [20/458] VWBW
[14:22:04] 🔄 Identity reset
[14:22:04] 🔄 Identity rotated (every 10 requests)
[14:22:04] [21/458] SVFG
[14:22:05] [22/458] STAT
[14:22:06] [23/458] GDCV
[14:22:07] [24/458] VEBI
[14:22:08] [25/458] VDSS
[14:22:09] [26/458] NTHV
[14:22:09] [27/458] AOCH
[14:22:10] [28/458] KASR
[14:22:11] [29/458] AYCS
[14:22:12] [30/458] SHAI
[14:22:13] 🔄 Identity reset
[14:22:13] 🔄 Identity rotated (every 10 requests)
[14:22:13] [31/458] SKPE
[14:22:14] [32/458] SBTA
[14:22:15] [33/458] RTTD
[14:22:16] [34/458] CCJD
[14:22:17] [35/458] RSJJ
[14:22:18] [36/458] RKND
[14:22:18] [37/458] SVTX
[14:22:19] [38/458] BAKM
[14:22:20] [39/458] SVDC
[14:22:21] [40/458] MNCV
[14:22:22] 🔄 Identity reset
[14:22:22] 🔄 Identity rotated (every 10 requests)
[14:22:22] [41/458] SJGC
[14:22:23] [42/458] MTPK
[14:22:24] [43/458] GATP
[14:22:25] [44/458] ABTS
[14:22:26] [45/458] ABDE
[14:22:27] [46/458] RCNM
[14:22:27] [47/458] KTHV
[14:22:28] [48/458] MDGJ
[14:22:29] [49/458] SMLM
[14:22:30] [50/458] JTMA
[14:22:31] 🔄 Identity reset
[14:22:31] 🔄 Identity rotated (every 10 requests)
[14:22:31] 🔄 Retry 1/5 for JTMA in 2.6s
[14:22:31] 🔄 Identity reset
[14:22:33] 🧠 New identity created
[14:22:33] [51/458] ACKP
[14:22:35] [52/458] SRTA
[14:22:36] [53/458] STAY
[14:22:37] [54/458] MAVO
[14:22:38] [55/458] APTS
[14:22:40] [56/458] OMEA
[14:22:40] [57/458] TTFD
[14:22:41] [58/458] MJCU
[14:22:42] [59/458] CXTE
[14:22:42] 🔄 Identity reset
[14:22:43] 🔄 Identity rotated (every 10 requests)
[14:22:43] 🔄 Retry 1/5 for CXTE in 2.8s
[14:22:43] 🔄 Identity reset
[14:22:45] 🧠 New identity created
[14:22:46] [60/458] CTPX
[14:22:46] [61/458] ASSL
[14:22:47] [62/458] CMVB
[14:22:48] [63/458] VPUR
[14:22:50] [64/458] JJDA
[14:22:51] [65/458] INBL
[14:22:51] [66/458] BIKB
[14:22:52] [67/458] NTBB
[14:22:53] [68/458] GLOB
[14:22:54] 🔄 Identity reset
[14:22:54] 🔄 Identity rotated (every 10 requests)
[14:22:54] [69/458] SNTB
[14:22:55] [70/458] CHGV
[14:22:56] [71/458] SSBZ
[14:22:56] [72/458] PRDB
[14:22:57] [73/458] ISMT
[14:22:59] [74/458] MCSD
[14:23:00] [75/458] JBTT
[14:23:01] [76/458] GEKR
[14:23:02] [77/458] PVUN
[14:23:03] [78/458] NRTB
[14:23:04] 🔄 Identity reset
[14:23:04] 🔄 Identity rotated (every 10 requests)
[14:23:04] 🔄 Retry 1/5 for NRTB in 2.4s
[14:23:04] 🔄 Identity reset
[14:23:06] 🧠 New identity created
[14:23:06] 🔄 Retry 2/5 for NRTB in 4.6s
[14:23:06] 🔄 Identity reset
[14:23:11] 🧠 New identity created
[14:23:11] [79/458] PRAA
[14:23:12] [80/458] PCBL
[14:23:13] [81/458] PTCM
[14:23:14] [82/458] KHNN
[14:23:15] [83/458] OMJE
[14:23:15] [84/458] STGN
[14:23:16] [85/458] RPMS
[14:23:17] [86/458] NWAD
[14:23:18] 🔄 Identity reset
[14:23:18] 🔄 Identity rotated (every 10 requests)
[14:23:18] 🔄 Retry 1/5 for NWAD in 2.8s
[14:23:18] 🔄 Identity reset
[14:23:21] 🧠 New identity created
[14:23:21] 🔄 Retry 2/5 for NWAD in 4.3s
[14:23:21] 🔄 Identity reset
[14:23:25] 🧠 New identity created
[14:23:25] 🔄 Retry 3/5 for NWAD in 8.3s
[14:23:25] 🔄 Identity reset
[14:23:33] 🧠 New identity created
[14:23:34] [87/458] BLCK
[14:23:34] [88/458] SVAA
[14:23:35] [89/458] URVM
[14:23:36] [90/458] ANTM
[14:23:37] [91/458] VJYM
[14:23:38] [92/458] MAZZ
[14:23:39] [93/458] CSHM
[14:23:39] 🔄 Identity reset
[14:23:39] 🔄 Identity rotated (every 10 requests)
[14:23:40] [94/458] WGMH
[14:23:40] [95/458] SALN
[14:23:41] [96/458] BRTP
[14:23:42] [97/458] SVTA
[14:23:44] [98/458] SBTP
[14:23:44] [99/458] VLSS
[14:23:45] [100/458] SRJA
[14:23:46] [101/458] ANCG
[14:23:47] [102/458] CGGC
[14:23:48] [103/458] CRJA
[14:23:49] 🔄 Identity reset
[14:23:49] 🔄 Identity rotated (every 10 requests)
[14:23:49] 🔄 Retry 1/5 for CRJA in 2.6s
[14:23:49] 🔄 Identity reset
[14:23:51] 🧠 New identity created
[14:23:51] 🔄 Retry 2/5 for CRJA in 4.8s
[14:23:51] 🔄 Identity reset
[14:23:56] 🧠 New identity created
[14:23:56] 🔄 Retry 3/5 for CRJA in 8.5s
[14:23:56] 🔄 Identity reset
[14:24:05] 🧠 New identity created
[14:24:05] [104/458] USCR
[14:24:06] [105/458] MMEF
[14:24:07] [106/458] JCRJ
[14:24:09] [107/458] ADCM
[14:24:09] [108/458] BMYK
[14:24:10] [109/458] KICS
[14:24:11] [110/458] MBBT
[14:24:11] 🔄 Identity reset
[14:24:11] 🔄 Identity rotated (every 10 requests)
[14:24:11] 🔄 Retry 1/5 for MBBT in 2.8s
[14:24:11] 🔄 Identity reset
[14:24:14] 🧠 New identity created
[14:24:14] [111/458] MACK
[14:24:15] [112/458] CLDR
[14:24:16] [113/458] JYCR
[14:24:17] [114/458] DCRP
[14:24:18] [115/458] RAHT
[14:24:19] [116/458] CSSM
[14:24:19] [117/458] ATPK
[14:24:20] [118/458] KLRT
[14:24:21] [119/458] SRDD
[14:24:22] 🔄 Identity reset
[14:24:22] 🔄 Identity rotated (every 10 requests)
[14:24:22] [120/458] CKMC
[14:24:23] [121/458] KRVM
[14:24:24] [122/458] AKCP
[14:24:25] [123/458] CNCV
[14:24:25] [124/458] PACT
[14:24:26] [125/458] NATP
[14:24:27] [126/458] PCPK
[14:24:28] [127/458] SMHO
[14:24:29] [128/458] CWTK
[14:24:30] [129/458] RVKZ
[14:24:30] 🔄 Identity reset
[14:24:30] 🔄 Identity rotated (every 10 requests)
[14:24:30] 🔄 Retry 1/5 for RVKZ in 2.9s
[14:24:30] 🔄 Identity reset
[14:24:33] 🧠 New identity created
[14:24:34] [130/458] ASPD
[14:24:35] [131/458] VTKZ
[14:24:36] [132/458] LCSO
[14:24:37] [133/458] PRDY
[14:24:38] [134/458] RCAP
[14:24:39] [135/458] RGAR
[14:24:40] [136/458] RCAC
[14:24:41] [137/458] PMOD
[14:24:42] [138/458] PVCN
[14:24:42] 🔄 Identity reset
[14:24:43] 🔄 Identity rotated (every 10 requests)
[14:24:43] [139/458] SCRZ
[14:24:44] [140/458] PVPC
[14:24:45] [141/458] STID
[14:24:45] [142/458] NEDD
[14:24:46] [143/458] BNBA
[14:24:47] [144/458] NTCD
[14:24:48] [145/458] OCDE
[14:24:49] [146/458] CCDU
[14:24:50] [147/458] CRXH
[14:24:51] [148/458] VLVT
[14:24:51] 🔄 Identity reset
[14:24:51] 🔄 Identity rotated (every 10 requests)
[14:24:52] [149/458] CICI
[14:24:53] [150/458] SUCB
[14:24:53] [151/458] TCBP
[14:24:54] [152/458] SCCY
[14:24:55] [153/458] LXCY
[14:24:57] [154/458] NCMD
[14:24:58] [155/458] PHCS
[14:24:59] [156/458] DUXR
[14:25:00] [157/458] VNKS
[14:25:01] [158/458] SEDP
[14:25:02] 🔄 Identity reset
[14:25:02] 🔄 Identity rotated (every 10 requests)
[14:25:02] [159/458] SVEN
[14:25:03] [160/458] SRKM
[14:25:04] [161/458] JTLT
[14:25:05] [162/458] SVSS
[14:25:06] [163/458] AMDE
[14:25:07] [164/458] WVRN
[14:25:08] [165/458] ISMG
[14:25:09] [166/458] WVKS
[14:25:10] [167/458] USCG
[14:25:11] [168/458] IOTG
[14:25:11] 🔄 Identity reset
[14:25:11] 🔄 Identity rotated (every 10 requests)
[14:25:11] 🔄 Retry 1/5 for IOTG in 2.9s
[14:25:11] 🔄 Identity reset
[14:25:14] 🧠 New identity created
[14:25:14] 🔄 Retry 2/5 for IOTG in 4.9s
[14:25:14] 🔄 Identity reset
[14:25:19] 🧠 New identity created
[14:25:20] [169/458] RRJM
[14:25:20] [170/458] EDMP
[14:25:21] [171/458] SCGZ
[14:25:22] [172/458] GMGX
[14:25:23] [173/458] OMTP
[14:25:24] [174/458] MITD
[14:25:25] [175/458] SMMD
[14:25:25] [176/458] STML
[14:25:26] 🔄 Identity reset
[14:25:26] 🔄 Identity rotated (every 10 requests)
[14:25:26] [177/458] MCFS
[14:25:27] [178/458] FPKA
[14:25:28] [179/458] OMLR
[14:25:29] [180/458] KKSC
[14:25:30] [181/458] RVMA
[14:25:31] [182/458] SCLL
[14:25:31] [183/458] SCDK
[14:25:32] [184/458] SXMI
[14:25:33] [185/458] SHDN
[14:25:34] [186/458] PAAD
[14:25:35] 🔄 Identity reset
[14:25:35] 🔄 Identity rotated (every 10 requests)
[14:25:36] [187/458] UUCB
[14:25:36] [188/458] JHOL
[14:25:37] [189/458] SGWT
[14:25:38] [190/458] SRII
[14:25:39] [191/458] SGCK
[14:25:39] [192/458] SVVB
[14:25:40] [193/458] DMHA
[14:25:41] [194/458] PPNL
[14:25:42] [195/458] CPNL
[14:25:43] [196/458] WVLD
[14:25:44] 🔄 Identity reset
[14:25:44] 🔄 Identity rotated (every 10 requests)
[14:25:44] [197/458] PSLV
[14:25:45] [198/458] VTTL
[14:25:46] [199/458] NPAD
[14:25:47] [200/458] PVCS
[14:25:48] [201/458] MCHL
[14:25:49] [202/458] PPLL
[14:25:50] [203/458] MALO
[14:25:50] [204/458] SWBH
[14:25:52] [205/458] PUGB
[14:25:53] [206/458] INBB
[14:25:53] 🔄 Identity reset
[14:25:53] 🔄 Identity rotated (every 10 requests)
[14:25:53] 🔄 Retry 1/5 for INBB in 2.5s
[14:25:53] 🔄 Identity reset
[14:25:56] 🧠 New identity created
[14:25:57] [207/458] INNS
[14:25:58] [208/458] MCPT
[14:25:59] [209/458] SCMI
[14:26:00] [210/458] OCON
[14:26:00] [211/458] SCSM
[14:26:01] [212/458] RJVN
[14:26:02] [213/458] AMDK
[14:26:03] [214/458] ISMR
[14:26:04] [215/458] SMTD
[14:26:05] 🔄 Identity reset
[14:26:05] 🔄 Identity rotated (every 10 requests)
[14:26:05] [216/458] VTDD
[14:26:06] [217/458] PDDZ
[14:26:08] [218/458] PCCK
[14:26:09] [219/458] INAM
[14:26:10] [220/458] FNKT
[14:26:11] [221/458] GDKA
[14:26:11] [222/458] MAYU
[14:26:12] [223/458] TCGU
[14:26:13] [224/458] KDCA
[14:26:14] [225/458] DOMY
[14:26:14] 🔄 Identity reset
[14:26:14] 🔄 Identity rotated (every 10 requests)
[14:26:15] [226/458] PDDD
[14:26:15] [227/458] BJTS
[14:26:16] [228/458] VTCA
[14:26:17] [229/458] SBTM
[14:26:18] [230/458] SEET
[14:26:19] [231/458] SSTJ
[14:26:20] [232/458] SVNT
[14:26:21] [233/458] PPPR
[14:26:22] [234/458] PVYS
[14:26:22] [235/458] IOSE
[14:26:23] 🔄 Identity reset
[14:26:23] 🔄 Identity rotated (every 10 requests)
[14:26:23] [236/458] ACTV
[14:26:24] [237/458] APVE
[14:26:25] [238/458] TCCL
[14:26:26] [239/458] SCMO
[14:26:28] [240/458] SAUM
[14:26:29] [241/458] KCJS
[14:26:29] [242/458] NJCJ
[14:26:30] [243/458] NECF
[14:26:32] [244/458] CCGW
[14:26:33] [245/458] CCMG
[14:26:33] 🔄 Identity reset
[14:26:33] 🔄 Identity rotated (every 10 requests)
[14:26:33] [246/458] NYRG
[14:26:34] [247/458] NCSQ
[14:26:36] [248/458] GRCG
[14:26:36] [249/458] CCBT
[14:26:37] [250/458] ACGA
[14:26:38] [251/458] INAG
[14:26:39] [252/458] FUCG
[14:26:40] [253/458] AICF
[14:26:40] [254/458] GRGA
[14:26:41] [255/458] GDCN
[14:26:41] 🔄 Identity reset
[14:26:41] 🔄 Identity rotated (every 10 requests)
[14:26:42] [256/458] RRCG
[14:26:42] [257/458] SDCH
[14:26:43] [258/458] WVJM
[14:26:44] [259/458] JCCZ
[14:26:45] [260/458] CNCL
[14:26:46] [261/458] TMLV
[14:26:47] [262/458] MEMB
[14:26:47] [263/458] SGTD
[14:26:48] [264/458] CONX
[14:26:49] [265/458] CCMH
[14:26:50] 🔄 Identity reset
[14:26:50] 🔄 Identity rotated (every 10 requests)
[14:26:50] [266/458] ACMC
[14:26:51] [267/458] DTPD
[14:26:52] [268/458] POJA
[14:26:53] [269/458] FNBH
[14:26:53] [270/458] CGCB
[14:26:54] [271/458] RACN
[14:26:55] [272/458] JTSM
[14:26:56] [273/458] SCDN
[14:26:56] [274/458] AACK
[14:26:57] [275/458] RMCE
[14:26:58] 🔄 Identity reset
[14:26:58] 🔄 Identity rotated (every 10 requests)
[14:26:58] 🔄 Retry 1/5 for RMCE in 2.1s
[14:26:58] 🔄 Identity reset
[14:27:00] 🧠 New identity created
[14:27:00] [276/458] BSGB
[14:27:01] [277/458] MRCB
[14:27:01] [278/458] SRVR
[14:27:02] [279/458] VTKK
[14:27:03] [280/458] AMST
[14:27:03] [281/458] APCY
[14:27:04] [282/458] LMHO
[14:27:04] [283/458] MTZH
[14:27:05] [284/458] AMZB
[14:27:06] 🔄 Identity reset
[14:27:06] 🔄 Identity rotated (every 10 requests)
[14:27:06] [285/458] SUVT
[14:27:06] [286/458] RCIP
[14:27:07] [287/458] KESR
[14:27:08] [288/458] SNKC
[14:27:09] [289/458] SCED
[14:27:09] [290/458] DVCA
[14:27:10] [291/458] VCDT
[14:27:11] [292/458] RRDI
[14:27:12] [293/458] DFCH
[14:27:12] [294/458] INSC
[14:27:13] 🔄 Identity reset
[14:27:13] 🔄 Identity rotated (every 10 requests)
[14:27:13] [295/458] RGTR
[14:27:14] [296/458] FMOT
[14:27:15] [297/458] SCPM
[14:27:15] [298/458] GCDT
[14:27:16] [299/458] BRKT
[14:27:17] [300/458] DEMP
[14:27:18] [301/458] SRLC
[14:27:18] [302/458] KSTT
[14:27:19] [303/458] SMMT
[14:27:20] [304/458] SILM
[14:27:21] 🔄 Identity reset
[14:27:21] 🔄 Identity rotated (every 10 requests)
[14:27:21] 🔄 Retry 1/5 for SILM in 2.8s
[14:27:21] 🔄 Identity reset
[14:27:24] 🧠 New identity created
[14:27:24] [305/458] JCVM
[14:27:24] [306/458] KCSV
[14:27:25] [307/458] MHLK
[14:27:26] [308/458] SLVL
[14:27:27] [309/458] RJKP
[14:27:27] [310/458] BBPC
[14:27:28] [311/458] MXCB
[14:27:28] [312/458] TCPK
[14:27:29] [313/458] RTBR
[14:27:29] 🔄 Identity reset
[14:27:29] 🔄 Identity rotated (every 10 requests)
[14:27:29] [314/458] GAUT
[14:27:30] [315/458] DVCF
[14:27:31] [316/458] JTSB
[14:27:32] [317/458] SBLS
[14:27:32] [318/458] UDAY
[14:27:33] [319/458] PTNP
[14:27:34] [320/458] DMKT
[14:27:34] [321/458] NTDT
[14:27:35] [322/458] SHDJ
[14:27:36] [323/458] OTNC
[14:27:37] 🔄 Identity reset
[14:27:37] 🔄 Identity rotated (every 10 requests)
[14:27:37] [324/458] RNTW
[14:27:38] [325/458] GCMI
[14:27:38] [326/458] CRCM
[14:27:39] [327/458] NNCZ
[14:27:40] [328/458] OEMO
[14:27:41] [329/458] PVJM
[14:27:42] [330/458] CPJI
[14:27:43] [331/458] RMCJ
[14:27:44] [332/458] CNWJ
[14:27:44] [333/458] EPJM
[14:27:45] 🔄 Identity reset
[14:27:45] 🔄 Identity rotated (every 10 requests)
[14:27:45] [334/458] FNJJ
[14:27:46] [335/458] GCMJ
[14:27:47] [336/458] INPS
[14:27:48] [337/458] BICJ
[14:27:49] [338/458] ISTJ
[14:27:50] [339/458] INJC
[14:27:51] [340/458] GLXJ
[14:27:51] [341/458] INEM
[14:27:52] [342/458] JTMN
[14:27:53] [343/458] FRCJ
[14:27:54] 🔄 Identity reset
[14:27:54] 🔄 Identity rotated (every 10 requests)
[14:27:54] [344/458] DDJP
[14:27:54] [345/458] INJV
[14:27:55] [346/458] GOLC
[14:27:56] [347/458] KOCI
[14:27:57] [348/458] FSTD
[14:27:58] [349/458] PACJ
[14:27:59] [350/458] GMCN
[14:27:59] [351/458] MMDJ
[14:28:00] [352/458] GODH
[14:28:01] [353/458] SKYN
[14:28:01] 🔄 Identity reset
[14:28:01] 🔄 Identity rotated (every 10 requests)
[14:28:01] [354/458] NCTH
[14:28:02] [355/458] SKVZ
[14:28:03] [356/458] SVML
[14:28:05] [357/458] ACVZ
[14:28:05] [358/458] SURA
[14:28:06] [359/458] RTRB
[14:28:07] [360/458] LLCT
[14:28:08] [361/458] ATTS
[14:28:09] [362/458] JYCM
[14:28:10] [363/458] CTKR
[14:28:11] 🔄 Identity reset
[14:28:11] 🔄 Identity rotated (every 10 requests)
[14:28:11] [364/458] LCKR
[14:28:12] [365/458] NYCV
[14:28:13] [366/458] NYOH
[14:28:13] [367/458] NOVX
[14:28:14] [368/458] MRGK
[14:28:15] [369/458] MOON
[14:28:16] [370/458] SBUC
[14:28:16] [371/458] GSVA
[14:28:17] [372/458] VIAK
[14:28:18] [373/458] SMVZ
[14:28:18] 🔄 Identity reset
[14:28:18] 🔄 Identity rotated (every 10 requests)
[14:28:19] [374/458] MATE
[14:28:19] [375/458] RDCN
[14:28:20] [376/458] ASBL
[14:28:21] [377/458] ASVS
[14:28:22] [378/458] ASSR
[14:28:23] [379/458] SSKN
[14:28:23] [380/458] DRPV
[14:28:24] [381/458] MRHT
[14:28:25] [382/458] BSCN
[14:28:26] [383/458] RKNX
[14:28:26] 🔄 Identity reset
[14:28:26] 🔄 Identity rotated (every 10 requests)
[14:28:26] [384/458] MSMC
[14:28:27] [385/458] MSCJ
[14:28:28] [386/458] BTBJ
[14:28:29] [387/458] MJCC
[14:28:30] [388/458] IOMM
[14:28:30] [389/458] ADGR
[14:28:31] [390/458] MYCP
[14:28:33] [391/458] IGCM
[14:28:33] [392/458] PGRK
[14:28:34] [393/458] VPGO
[14:28:35] 🔄 Identity reset
[14:28:35] 🔄 Identity rotated (every 10 requests)
[14:28:35] [394/458] KOMS
[14:28:36] [395/458] URGG
[14:28:37] [396/458] GOST
[14:28:38] [397/458] LACT
[14:28:38] [398/458] BWCM
[14:28:39] [399/458] NCCW
[14:28:40] [400/458] SKYC
[14:28:41] [401/458] CCPM
[14:28:42] [402/458] VCBT
[14:28:42] [403/458] SDKR
[14:28:43] 🔄 Identity reset
[14:28:43] 🔄 Identity rotated (every 10 requests)
[14:28:43] [404/458] CTYB
[14:28:44] [405/458] SHCX
[14:28:45] [406/458] RCUN
[14:28:45] [407/458] CNRA
[14:28:46] [408/458] RFCA
[14:28:47] [409/458] RDCU
[14:28:48] [410/458] SARK
[14:28:48] [411/458] SPPP
[14:28:49] [412/458] ADMB
[14:28:50] [413/458] JYOE
[14:28:51] 🔄 Identity reset
[14:28:51] 🔄 Identity rotated (every 10 requests)
[14:28:51] [414/458] SRMD
[14:28:52] [415/458] RJDH
[14:28:53] [416/458] SSTD
[14:28:54] [417/458] AACV
[14:28:55] [418/458] PPVD
[14:28:56] [419/458] STCP
[14:28:57] [420/458] ANLS
[14:28:57] [421/458] BIJO
[14:28:58] [422/458] AVAB
[14:28:59] [423/458] SPMD
[14:29:00] 🔄 Identity reset
[14:29:00] 🔄 Identity rotated (every 10 requests)
[14:29:00] 🔄 Retry 1/5 for SPMD in 2.0s
[14:29:00] 🔄 Identity reset
[14:29:02] 🧠 New identity created
[14:29:02] [424/458] SVJL
[14:29:02] [425/458] SDDJ
[14:29:03] [426/458] SLTU
[14:29:04] [427/458] SAKA
[14:29:04] [428/458] PMAM
[14:29:05] [429/458] FNAM
[14:29:05] [430/458] ACAM
[14:29:06] [431/458] SCMM
[14:29:07] [432/458] PMAK
[14:29:07] 🔄 Identity reset
[14:29:07] 🔄 Identity rotated (every 10 requests)
[14:29:08] [433/458] NYSA
[14:29:09] [434/458] FCPA
[14:29:09] [435/458] GDAN
[14:29:10] [436/458] RSCA
[14:29:11] [437/458] DMAN
[14:29:13] [438/458] DZCM
[14:29:14] [439/458] NSGL
[14:29:15] [440/458] CCPP
[14:29:16] [441/458] PSMG
[14:29:17] [442/458] GSER
[14:29:18] 🔄 Identity reset
[14:29:18] 🔄 Identity rotated (every 10 requests)
[14:29:18] [443/458] FCCT
[14:29:20] [444/458] FCTB
[14:29:20] [445/458] LCNK
[14:29:21] [446/458] SKTY
[14:29:22] [447/458] INAA
[14:29:22] [448/458] RCWN
[14:29:23] [449/458] VAIS
[14:29:24] [450/458] CVMN
[14:29:25] [451/458] INTS
[14:29:25] [452/458] FRGS
[14:29:26] 🔄 Identity reset
[14:29:26] 🔄 Identity rotated (every 10 requests)
[14:29:26] [453/458] DTCK
[14:29:27] [454/458] MCMH
[14:29:29] [455/458] ECRR
[14:29:29] [456/458] RLLP
[14:29:30] [457/458] CCSN
[14:29:32] [458/458] CCBA
[14:29:33] 🧹 Deduping shows
[14:29:33] ✅ DONE | Shows=358 | Movies=20
