[14:21:17] 🚀 SCRIPT STARTED (enhanced anti‑detection)
[14:21:17] [1/456] FNDB
[14:21:17] 🧠 New identity created
[14:21:18] [2/456] AMBH
[14:21:19] [3/456] PRHN
[14:21:20] [4/456] ACPM
[14:21:21] [5/456] PVFS
[14:21:23] [6/456] AACN
[14:21:24] [7/456] ACAS
[14:21:25] [8/456] CTNR
[14:21:26] [9/456] MMAH
[14:21:27] [10/456] CPMH
[14:21:27] 🔄 Identity reset
[14:21:27] 🔄 Identity rotated (every 10 requests)
[14:21:28] [11/456] IGMH
[14:21:29] [12/456] ABCS
[14:21:30] [13/456] CMMA
[14:21:31] [14/456] GPRH
[14:21:32] [15/456] PNNG
[14:21:33] [16/456] AMCA
[14:21:34] [17/456] ISTN
[14:21:35] [18/456] PIIC
[14:21:36] [19/456] AHMH
[14:21:37] [20/456] ASHN
[14:21:37] 🔄 Identity reset
[14:21:37] 🔄 Identity rotated (every 10 requests)
[14:21:38] 🔄 Retry 1/5 for ASHN in 2.8s
[14:21:38] 🔄 Identity reset
[14:21:40] 🧠 New identity created
[14:21:40] 🔄 Retry 2/5 for ASHN in 4.5s
[14:21:40] 🔄 Identity reset
[14:21:45] 🧠 New identity created
[14:21:45] 🔄 Retry 3/5 for ASHN in 8.5s
[14:21:45] 🔄 Identity reset
[14:21:54] 🧠 New identity created
[14:21:54] [21/456] INHY
[14:21:55] [22/456] SRMO
[14:21:56] [23/456] PIMH
[14:21:57] [24/456] PVTS
[14:21:58] [25/456] MMCA
[14:21:59] [26/456] AKYJ
[14:22:00] [27/456] BRKH
[14:22:00] 🔄 Identity reset
[14:22:00] 🔄 Identity rotated (every 10 requests)
[14:22:00] 🔄 Retry 1/5 for BRKH in 2.0s
[14:22:00] 🔄 Identity reset
[14:22:02] 🧠 New identity created
[14:22:03] [28/456] MAHM
[14:22:03] [29/456] CPHY
[14:22:04] [30/456] PVTP
[14:22:05] [31/456] SMMR
[14:22:06] [32/456] PVHM
[14:22:07] [33/456] SNDY
[14:22:08] [34/456] GOKU
[14:22:09] [35/456] ACEV
[14:22:10] [36/456] PVUM
[14:22:11] 🔄 Identity reset
[14:22:11] 🔄 Identity rotated (every 10 requests)
[14:22:11] [37/456] VSWA
[14:22:12] [38/456] IPRS
[14:22:14] [39/456] BKMV
[14:22:15] [40/456] PVYH
[14:22:16] [41/456] INKM
[14:22:18] [42/456] ARJU
[14:22:19] [43/456] JJPP
[14:22:20] [44/456] SSRM
[14:22:20] [45/456] HMHD
[14:22:21] [46/456] SNKH
[14:22:22] 🔄 Identity reset
[14:22:22] 🔄 Identity rotated (every 10 requests)
[14:22:23] [47/456] ACHI
[14:22:24] [48/456] MRAA
[14:22:24] [49/456] INMH
[14:22:25] [50/456] ARMH
[14:22:26] [51/456] DVRR
[14:22:27] [52/456] SUDA
[14:22:29] [53/456] MCSS
[14:22:30] [54/456] VRKC
[14:22:31] [55/456] PRCX
[14:22:32] [56/456] ASJY
[14:22:32] 🔄 Identity reset
[14:22:32] 🔄 Identity rotated (every 10 requests)
[14:22:33] [57/456] MTHY
[14:22:34] [58/456] SRCM
[14:22:34] [59/456] TVHY
[14:22:35] [60/456] STHD
[14:22:36] [61/456] CPCL
[14:22:37] [62/456] PSMJ
[14:22:38] [63/456] MRGT
[14:22:39] [64/456] ARYH
[14:22:40] [65/456] VTRB
[14:22:41] [66/456] SCHC
[14:22:41] 🔄 Identity reset
[14:22:41] 🔄 Identity rotated (every 10 requests)
[14:22:42] [67/456] MRRG
[14:22:42] [68/456] SPCB
[14:22:43] [69/456] AMCM
[14:22:45] [70/456] IVNM
[14:22:46] [71/456] TRHY
[14:22:47] [72/456] PTTH
[14:22:48] [73/456] RKMH
[14:22:49] [74/456] PRCS
[14:22:51] [75/456] VAJA
[14:22:51] [76/456] BJNG
[14:22:52] 🔄 Identity reset
[14:22:52] 🔄 Identity rotated (every 10 requests)
[14:22:53] [77/456] SCVM
[14:22:54] [78/456] GNHB
[14:22:55] [79/456] TLUR
[14:22:56] [80/456] UKCC
[14:22:57] [81/456] SRKR
[14:22:58] [82/456] RMKN
[14:22:59] [83/456] SLRT
[14:23:00] [84/456] LKMT
[14:23:00] [85/456] SSRJ
[14:23:01] [86/456] SPHT
[14:23:02] 🔄 Identity reset
[14:23:02] 🔄 Identity rotated (every 10 requests)
[14:23:02] 🔄 Retry 1/5 for SPHT in 2.7s
[14:23:02] 🔄 Identity reset
[14:23:05] 🧠 New identity created
[14:23:05] [87/456] ANTT
[14:23:06] [88/456] SRCH
[14:23:07] [89/456] SRCA
[14:23:08] [90/456] ARTH
[14:23:09] [91/456] MCBH
[14:23:10] [92/456] SNIB
[14:23:11] [93/456] SART
[14:23:11] [94/456] SKTA
[14:23:12] [95/456] YAKT
[14:23:13] 🔄 Identity reset
[14:23:13] 🔄 Identity rotated (every 10 requests)
[14:23:13] [96/456] MLCK
[14:23:14] [97/456] ANTS
[14:23:15] [98/456] DGCA
[14:23:16] [99/456] SGMP
[14:23:17] [100/456] ASWN
[14:23:18] [101/456] KFVU
[14:23:19] [102/456] POOR
[14:23:20] [103/456] GKDN
[14:23:21] [104/456] EOSE
[14:23:21] [105/456] GTTT
[14:23:22] 🔄 Identity reset
[14:23:22] 🔄 Identity rotated (every 10 requests)
[14:23:22] [106/456] ARRO
[14:23:23] [107/456] CMMK
[14:23:24] [108/456] MSCN
[14:23:25] [109/456] GDKH
[14:23:26] [110/456] DLMT
[14:23:26] [111/456] PVMF
[14:23:27] [112/456] CPCK
[14:23:28] [113/456] VMHE
[14:23:29] [114/456] PVLC
[14:23:30] [115/456] PCVB
[14:23:31] 🔄 Identity reset
[14:23:31] 🔄 Identity rotated (every 10 requests)
[14:23:31] [116/456] SNYK
[14:23:32] [117/456] KTEK
[14:23:33] [118/456] PCNM
[14:23:34] [119/456] NTTR
[14:23:35] [120/456] CPSK
[14:23:36] [121/456] JMMA
[14:23:37] [122/456] GCFK
[14:23:38] [123/456] MYCA
[14:23:39] [124/456] KSNP
[14:23:40] [125/456] PMCE
[14:23:41] 🔄 Identity reset
[14:23:41] 🔄 Identity rotated (every 10 requests)
[14:23:41] [126/456] SCKI
[14:23:42] [127/456] FSMA
[14:23:43] [128/456] CETA
[14:23:44] [129/456] MCIK
[14:23:45] [130/456] MYCR
[14:23:46] [131/456] EVMP
[14:23:47] [132/456] SSGT
[14:23:48] [133/456] KCTK
[14:23:49] [134/456] ZTKC
[14:23:50] [135/456] MMTA
[14:23:51] 🔄 Identity reset
[14:23:51] 🔄 Identity rotated (every 10 requests)
[14:23:51] [136/456] MAJT
[14:23:52] [137/456] ACPK
[14:23:53] [138/456] JMAX
[14:23:54] [139/456] SETK
[14:23:55] [140/456] CAIS
[14:23:56] [141/456] AGCD
[14:23:57] [142/456] URCL
[14:23:58] [143/456] VTDS
[14:23:59] [144/456] JCNM
[14:24:00] [145/456] KCAM
[14:24:00] 🔄 Identity reset
[14:24:00] 🔄 Identity rotated (every 10 requests)
[14:24:01] [146/456] ADCU
[14:24:02] [147/456] GXYN
[14:24:02] [148/456] SMJG
[14:24:03] [149/456] EYCJ
[14:24:04] [150/456] CCEJ
[14:24:05] [151/456] MARS
[14:24:06] [152/456] CPVJ
[14:24:07] [153/456] INVP
[14:24:08] [154/456] CPOV
[14:24:09] [155/456] VIJK
[14:24:09] 🔄 Identity reset
[14:24:09] 🔄 Identity rotated (every 10 requests)
[14:24:10] [156/456] LAIM
[14:24:11] [157/456] STHV
[14:24:11] [158/456] SVLJ
[14:24:12] [159/456] ATVJ
[14:24:13] [160/456] JTSC
[14:24:14] [161/456] RMTV
[14:24:15] [162/456] MGGG
[14:24:16] [163/456] SWTH
[14:24:17] [164/456] INVJ
[14:24:18] [165/456] PRSV
[14:24:19] 🔄 Identity reset
[14:24:19] 🔄 Identity rotated (every 10 requests)
[14:24:19] [166/456] JATV
[14:24:20] [167/456] RCVD
[14:24:21] [168/456] BDMA
[14:24:22] [169/456] BLJI
[14:24:23] [170/456] SWOT
[14:24:24] [171/456] SWRN
[14:24:25] [172/456] TVRA
[14:24:26] [173/456] NVRN
[14:24:27] [174/456] SIKC
[14:24:28] [175/456] VAKR
[14:24:29] 🔄 Identity reset
[14:24:29] 🔄 Identity rotated (every 10 requests)
[14:24:29] 🔄 Retry 1/5 for VAKR in 2.2s
[14:24:29] 🔄 Identity reset
[14:24:31] 🧠 New identity created
[14:24:31] 🔄 Retry 2/5 for VAKR in 4.2s
[14:24:31] 🔄 Identity reset
[14:24:35] 🧠 New identity created
[14:24:36] [176/456] SYLN
[14:24:37] [177/456] KLJL
[14:24:38] [178/456] LKMY
[14:24:39] [179/456] VSLY
[14:24:40] [180/456] CIKO
[14:24:41] [181/456] GPBG
[14:24:42] [182/456] CECM
[14:24:43] [183/456] SLKB
[14:24:43] 🔄 Identity reset
[14:24:43] 🔄 Identity rotated (every 10 requests)
[14:24:44] 🔄 Retry 1/5 for SLKB in 2.9s
[14:24:44] 🔄 Identity reset
[14:24:46] 🧠 New identity created
[14:24:47] [184/456] MTBO
[14:24:48] [185/456] SSHB
[14:24:49] [186/456] VPCS
[14:24:50] [187/456] RCSR
[14:24:51] [188/456] RJRM
[14:24:52] [189/456] KPPB
[14:24:54] [190/456] SEDC
[14:24:55] [191/456] SCAI
[14:24:56] [192/456] RMTR
[14:24:56] 🔄 Identity reset
[14:24:56] 🔄 Identity rotated (every 10 requests)
[14:24:57] [193/456] ASST
[14:24:57] [194/456] GCAK
[14:24:58] [195/456] ANNK
[14:24:59] [196/456] KDDF
[14:25:00] [197/456] NRDP
[14:25:01] [198/456] PLAK
[14:25:02] [199/456] GCMC
[14:25:02] [200/456] ALPY
[14:25:03] [201/456] SICE
[14:25:04] [202/456] SISR
[14:25:05] 🔄 Identity reset
[14:25:05] 🔄 Identity rotated (every 10 requests)
[14:25:05] [203/456] SRPZ
[14:25:06] [204/456] SRSW
[14:25:07] [205/456] SUYA
[14:25:08] [206/456] AMMT
[14:25:08] [207/456] BHCU
[14:25:09] [208/456] KLPA
[14:25:10] [209/456] NVKH
[14:25:11] [210/456] JMRC
[14:25:12] [211/456] KTTT
[14:25:13] [212/456] MAGH
[14:25:14] 🔄 Identity reset
[14:25:14] 🔄 Identity rotated (every 10 requests)
[14:25:15] [213/456] MMMX
[14:25:15] [214/456] SALJ
[14:25:16] [215/456] GTJA
[14:25:17] [216/456] MAHT
[14:25:18] [217/456] SSNN
[14:25:19] [218/456] ARRP
[14:25:20] [219/456] ATNS
[14:25:21] [220/456] SKDT
[14:25:22] [221/456] ACAT
[14:25:23] [222/456] APRC
[14:25:24] 🔄 Identity reset
[14:25:24] 🔄 Identity rotated (every 10 requests)
[14:25:24] [223/456] SWAG
[14:25:25] [224/456] SDPT
[14:25:26] [225/456] STPS
[14:25:27] [226/456] WWCZ
[14:25:28] [227/456] LLCH
[14:25:29] [228/456] MZHA
[14:25:30] [229/456] CRJG
[14:25:31] [230/456] JGTK
[14:25:33] [231/456] KCSR
[14:25:34] [232/456] CHTL
[14:25:34] 🔄 Identity reset
[14:25:34] 🔄 Identity rotated (every 10 requests)
[14:25:35] [233/456] EDSR
[14:25:36] [234/456] CSWO
[14:25:37] [235/456] CPVM
[14:25:37] [236/456] MXBY
[14:25:38] [237/456] FMMA
[14:25:39] [238/456] POVI
[14:25:40] [239/456] MTHB
[14:25:41] [240/456] INRC
[14:25:43] [241/456] PIPP
[14:25:44] [242/456] BMXC
[14:25:44] 🔄 Identity reset
[14:25:44] 🔄 Identity rotated (every 10 requests)
[14:25:45] [243/456] PCMM
[14:25:46] [244/456] PMKM
[14:25:47] [245/456] GATY
[14:25:49] [246/456] IMCM
[14:25:50] [247/456] POPE
[14:25:50] [248/456] MTCR
[14:25:51] [249/456] PVAE
[14:25:52] [250/456] PVMI
[14:25:53] [251/456] CPNM
[14:25:54] [252/456] FMRL
[14:25:55] 🔄 Identity reset
[14:25:55] 🔄 Identity rotated (every 10 requests)
[14:25:55] [253/456] MCIW
[14:25:56] [254/456] MXBO
[14:25:57] [255/456] FMKY
[14:25:58] [256/456] FMDA
[14:25:59] [257/456] THAB
[14:26:00] [258/456] PRCW
[14:26:00] [259/456] PITI
[14:26:01] [260/456] MCFF
[14:26:02] [261/456] PDDV
[14:26:03] [262/456] MCRM
[14:26:04] 🔄 Identity reset
[14:26:04] 🔄 Identity rotated (every 10 requests)
[14:26:04] 🔄 Retry 1/5 for MCRM in 2.7s
[14:26:04] 🔄 Identity reset
[14:26:06] 🧠 New identity created
[14:26:07] [263/456] KKMB
[14:26:08] [264/456] INKO
[14:26:09] [265/456] PLXP
[14:26:10] [266/456] MMHA
[14:26:11] [267/456] FMVS
[14:26:12] [268/456] POLM
[14:26:13] [269/456] STER
[14:26:14] [270/456] PVWJ
[14:26:15] [271/456] IMJW
[14:26:15] 🔄 Identity reset
[14:26:15] 🔄 Identity rotated (every 10 requests)
[14:26:15] 🔄 Retry 1/5 for IMJW in 2.7s
[14:26:15] 🔄 Identity reset
[14:26:18] 🧠 New identity created
[14:26:19] [272/456] FNAN
[14:26:20] [273/456] CAGL
[14:26:21] [274/456] IPBG
[14:26:22] [275/456] SMFV
[14:26:23] [276/456] MMMR
[14:26:24] [277/456] MMWM
[14:26:25] [278/456] FNCM
[14:26:26] [279/456] MDVA
[14:26:27] [280/456] MMET
[14:26:27] 🔄 Identity reset
[14:26:27] 🔄 Identity rotated (every 10 requests)
[14:26:27] [281/456] MIDO
[14:26:28] [282/456] INNP
[14:26:29] [283/456] MIFU
[14:26:30] [284/456] MMSZ
[14:26:30] [285/456] BMXA
[14:26:31] [286/456] MCAA
[14:26:32] [287/456] SCVP
[14:26:33] [288/456] PLUS
[14:26:34] [289/456] MUCK
[14:26:34] [290/456] MTMA
[14:26:35] 🔄 Identity reset
[14:26:35] 🔄 Identity rotated (every 10 requests)
[14:26:35] [291/456] HPVR
[14:26:36] [292/456] PMPK
[14:26:37] [293/456] MAJB
[14:26:37] [294/456] CTRR
[14:26:38] [295/456] MCTG
[14:26:40] [296/456] MACE
[14:26:41] [297/456] AAAS
[14:26:41] [298/456] CPVV
[14:26:42] [299/456] RCHG
[14:26:43] [300/456] MCNE
[14:26:43] 🔄 Identity reset
[14:26:43] 🔄 Identity rotated (every 10 requests)
[14:26:44] [301/456] EMNC
[14:26:45] [302/456] MCAN
[14:26:46] [303/456] TCDM
[14:26:47] [304/456] IRGT
[14:26:47] [305/456] GCMG
[14:26:48] [306/456] MXSN
[14:26:50] [307/456] MXCK
[14:26:50] [308/456] MCRC
[14:26:51] [309/456] RSMI
[14:26:52] [310/456] WAML
[14:26:53] 🔄 Identity reset
[14:26:53] 🔄 Identity rotated (every 10 requests)
[14:26:53] [311/456] MTSC
[14:26:54] [312/456] FMDR
[14:26:54] [313/456] LEPV
[14:26:55] [314/456] MTGD
[14:26:56] [315/456] IMOB
[14:26:57] [316/456] CLMM
[14:26:58] [317/456] PZCD
[14:26:59] [318/456] GOCS
[14:26:59] [319/456] KCMA
[14:27:00] [320/456] CCMP
[14:27:01] 🔄 Identity reset
[14:27:01] 🔄 Identity rotated (every 10 requests)
[14:27:01] [321/456] MTSU
[14:27:02] [322/456] SNGL
[14:27:02] [323/456] MMMC
[14:27:03] [324/456] MMAA
[14:27:04] [325/456] GCDM
[14:27:05] [326/456] KTMV
[14:27:06] [327/456] AETE
[14:27:07] [328/456] OMCS
[14:27:07] [329/456] GDCD
[14:27:08] [330/456] NYMD
[14:27:08] 🔄 Identity reset
[14:27:09] 🔄 Identity rotated (every 10 requests)
[14:27:09] [331/456] RNCV
[14:27:10] [332/456] KKMT
[14:27:11] [333/456] GDTH
[14:27:12] [334/456] KMMV
[14:27:13] [335/456] NHCG
[14:27:14] [336/456] PJDW
[14:27:15] [337/456] MMCV
[14:27:15] [338/456] FQSA
[14:27:17] [339/456] KURL
[14:27:18] [340/456] NNNX
[14:27:18] 🔄 Identity reset
[14:27:18] 🔄 Identity rotated (every 10 requests)
[14:27:18] [341/456] AMAU
[14:27:19] [342/456] VVVM
[14:27:20] [343/456] VECU
[14:27:21] [344/456] WCVR
[14:27:22] [345/456] MTGG
[14:27:24] [346/456] SGTG
[14:27:25] [347/456] MNTG
[14:27:25] [348/456] JDDG
[14:27:26] [349/456] MBTK
[14:27:28] [350/456] SGCD
[14:27:28] 🔄 Identity reset
[14:27:28] 🔄 Identity rotated (every 10 requests)
[14:27:29] [351/456] MCTC
[14:27:29] [352/456] JTPC
[14:27:30] [353/456] SDKT
[14:27:31] [354/456] KRCC
[14:27:32] [355/456] RMMD
[14:27:33] [356/456] AAME
[14:27:34] [357/456] TMWC
[14:27:34] [358/456] NRWY
[14:27:35] [359/456] CITD
[14:27:36] [360/456] VERD
[14:27:37] 🔄 Identity reset
[14:27:37] 🔄 Identity rotated (every 10 requests)
[14:27:37] [361/456] MKSK
[14:27:37] [362/456] STSM
[14:27:38] [363/456] MJDG
[14:27:40] [364/456] RKPM
[14:27:41] [365/456] SSCE
[14:27:41] [366/456] VMAE
[14:27:42] [367/456] SBRU
[14:27:43] [368/456] AMBC
[14:27:43] [369/456] AMLU
[14:27:44] [370/456] INVZ
[14:27:45] 🔄 Identity reset
[14:27:45] 🔄 Identity rotated (every 10 requests)
[14:27:45] [371/456] LGTV
[14:27:46] [372/456] SVAD
[14:27:47] [373/456] SMSA
[14:27:47] [374/456] SPCZ
[14:27:48] [375/456] GTCX
[14:27:49] [376/456] SCSL
[14:27:50] [377/456] SAHU
[14:27:50] [378/456] NCDA
[14:27:51] [379/456] SCCG
[14:27:52] [380/456] VKTL
[14:27:53] 🔄 Identity reset
[14:27:53] 🔄 Identity rotated (every 10 requests)
[14:27:53] 🔄 Retry 1/5 for VKTL in 2.9s
[14:27:53] 🔄 Identity reset
[14:27:56] 🧠 New identity created
[14:27:56] [381/456] PUUJ
[14:27:57] [382/456] STEJ
[14:27:57] [383/456] RJAL
[14:27:58] [384/456] ACJC
[14:27:59] [385/456] ARVB
[14:27:59] [386/456] AUBB
[14:28:00] [387/456] GDBR
[14:28:01] [388/456] PVND
[14:28:01] [389/456] BGRJ
[14:28:02] 🔄 Identity reset
[14:28:02] 🔄 Identity rotated (every 10 requests)
[14:28:02] [390/456] RJMM
[14:28:04] [391/456] MCSA
[14:28:04] [392/456] BODA
[14:28:05] [393/456] JAGG
[14:28:06] [394/456] SCGA
[14:28:07] [395/456] LRCM
[14:28:08] [396/456] CPCN
[14:28:09] [397/456] SSTF
[14:28:10] [398/456] SRXP
[14:28:11] [399/456] CNFX
[14:28:12] 🔄 Identity reset
[14:28:12] 🔄 Identity rotated (every 10 requests)
[14:28:12] 🔄 Retry 1/5 for CNFX in 2.6s
[14:28:12] 🔄 Identity reset
[14:28:14] 🧠 New identity created
[14:28:15] [400/456] ANDI
[14:28:15] [401/456] SYEW
[14:28:16] [402/456] RCRE
[14:28:16] [403/456] SCRW
[14:28:17] [404/456] MBKR
[14:28:18] [405/456] ASNT
[14:28:18] [406/456] JTMT
[14:28:19] [407/456] SHAY
[14:28:20] [408/456] VRTH
[14:28:20] 🔄 Identity reset
[14:28:20] 🔄 Identity rotated (every 10 requests)
[14:28:20] [409/456] SPTI
[14:28:21] [410/456] DPTD
[14:28:22] [411/456] TGSN
[14:28:22] [412/456] RCWV
[14:28:23] [413/456] OCUR
[14:28:23] [414/456] KSTC
[14:28:24] [415/456] SANI
[14:28:25] [416/456] MLCA
[14:28:26] [417/456] EGCA
[14:28:27] [418/456] SYSN
[14:28:27] 🔄 Identity reset
[14:28:27] 🔄 Identity rotated (every 10 requests)
[14:28:28] [419/456] PKTA
[14:28:28] [420/456] PRCC
[14:28:29] [421/456] KSTR
[14:28:30] [422/456] SNTP
[14:28:31] [423/456] RCHA
[14:28:31] [424/456] SEEA
[14:28:32] [425/456] ALAT
[14:28:33] [426/456] AATV
[14:28:34] [427/456] RJTE
[14:28:35] [428/456] AAPP
[14:28:35] 🔄 Identity reset
[14:28:35] 🔄 Identity rotated (every 10 requests)
[14:28:36] [429/456] PMMH
[14:28:36] [430/456] INRJ
[14:28:37] [431/456] SARB
[14:28:38] [432/456] PCJL
[14:28:39] [433/456] PFJJ
[14:28:39] [434/456] GRDC
[14:28:40] [435/456] BCBA
[14:28:41] [436/456] VIXL
[14:28:42] [437/456] CSTL
[14:28:42] [438/456] MTDK
[14:28:43] 🔄 Identity reset
[14:28:43] 🔄 Identity rotated (every 10 requests)
[14:28:43] [439/456] TDAC
[14:28:44] [440/456] GTDN
[14:28:45] [441/456] TTDE
[14:28:46] [442/456] ASTS
[14:28:47] [443/456] CPNS
[14:28:47] [444/456] PVVW
[14:28:48] [445/456] USEB
[14:28:49] [446/456] DTYN
[14:28:50] [447/456] PVLE
[14:28:51] [448/456] CIPS
[14:28:51] 🔄 Identity reset
[14:28:51] 🔄 Identity rotated (every 10 requests)
[14:28:51] [449/456] PAEG
[14:28:52] [450/456] PTCW
[14:28:54] [451/456] G3SR
[14:28:55] [452/456] PGND
[14:28:55] [453/456] INVM
[14:28:56] [454/456] SPIA
[14:28:57] [455/456] PCSN
[14:28:58] [456/456] PPGV
[14:28:59] 🧹 Deduping shows
[14:28:59] ✅ DONE | Shows=817 | Movies=38
