[14:21:19] 🚀 SCRIPT STARTED (enhanced anti‑detection)
[14:21:19] [1/455] MXGN
[14:21:19] 🧠 New identity created
[14:21:20] [2/455] PGGM
[14:21:21] [3/455] IPMJ
[14:21:22] [4/455] M2PP
[14:21:23] [5/455] PMMS
[14:21:24] [6/455] SCJN
[14:21:25] [7/455] CPUM
[14:21:25] [8/455] SCND
[14:21:26] [9/455] INWM
[14:21:27] [10/455] DVDC
[14:21:28] 🔄 Identity reset
[14:21:28] 🔄 Identity rotated (every 10 requests)
[14:21:28] [11/455] WVND
[14:21:29] [12/455] LBDL
[14:21:30] [13/455] CRGM
[14:21:31] [14/455] PVKS
[14:21:32] [15/455] PBLL
[14:21:32] [16/455] FNLN
[14:21:33] [17/455] PPDA
[14:21:34] [18/455] SCPT
[14:21:35] [19/455] IAJS
[14:21:36] [20/455] MMZG
[14:21:37] 🔄 Identity reset
[14:21:37] 🔄 Identity rotated (every 10 requests)
[14:21:37] [21/455] MCTI
[14:21:38] [22/455] PPMF
[14:21:39] [23/455] FNSD
[14:21:39] [24/455] M2RH
[14:21:40] [25/455] CPGV
[14:21:41] [26/455] PECD
[14:21:42] [27/455] CTEE
[14:21:43] [28/455] IOMG
[14:21:44] [29/455] CIJA
[14:21:45] [30/455] NYCG
[14:21:45] 🔄 Identity reset
[14:21:45] 🔄 Identity rotated (every 10 requests)
[14:21:46] [31/455] CEST
[14:21:46] [32/455] WVRG
[14:21:47] [33/455] DPDC
[14:21:48] [34/455] PDIV
[14:21:49] [35/455] MTPP
[14:21:50] [36/455] MHNU
[14:21:51] [37/455] WUPG
[14:21:52] [38/455] USCO
[14:21:52] [39/455] INFR
[14:21:53] [40/455] PVPD
[14:21:54] 🔄 Identity reset
[14:21:54] 🔄 Identity rotated (every 10 requests)
[14:21:54] [41/455] RONC
[14:21:55] [42/455] IOCP
[14:21:56] [43/455] EMPS
[14:21:57] [44/455] PNAD
[14:21:58] [45/455] VVGZ
[14:21:59] [46/455] MDDC
[14:22:00] [47/455] MMAP
[14:22:01] [48/455] GPDC
[14:22:02] [49/455] PVPU
[14:22:03] [50/455] DCMV
[14:22:03] 🔄 Identity reset
[14:22:03] 🔄 Identity rotated (every 10 requests)
[14:22:03] [51/455] PCCF
[14:22:04] [52/455] MCEF
[14:22:05] [53/455] INRD
[14:22:06] [54/455] CCPZ
[14:22:07] [55/455] BCWG
[14:22:08] [56/455] PMGU
[14:22:09] [57/455] MCVM
[14:22:10] [58/455] MCDE
[14:22:11] [59/455] IEFM
[14:22:12] [60/455] MXCS
[14:22:13] 🔄 Identity reset
[14:22:13] 🔄 Identity rotated (every 10 requests)
[14:22:13] 🔄 Retry 1/5 for MXCS in 2.2s
[14:22:13] 🔄 Identity reset
[14:22:15] 🧠 New identity created
[14:22:15] 🔄 Retry 2/5 for MXCS in 4.7s
[14:22:15] 🔄 Identity reset
[14:22:20] 🧠 New identity created
[14:22:20] 🔄 Retry 3/5 for MXCS in 8.7s
[14:22:20] 🔄 Identity reset
[14:22:28] 🧠 New identity created
[14:22:29] 🔄 Retry 4/5 for MXCS in 16.9s
[14:22:29] 🔄 Identity reset
[14:22:45] 🧠 New identity created
[14:22:46] [61/455] RNMT
[14:22:46] [62/455] PSDD
[14:22:47] [63/455] PETA
[14:22:48] [64/455] IZOP
[14:22:50] [65/455] PDEI
[14:22:51] [66/455] MTND
[14:22:51] 🔄 Identity reset
[14:22:51] 🔄 Identity rotated (every 10 requests)
[14:22:52] [67/455] PCPL
[14:22:52] [68/455] LSCM
[14:22:53] [69/455] BTFD
[14:22:54] [70/455] MERM
[14:22:56] [71/455] PVMS
[14:22:57] [72/455] CIGK
[14:22:58] [73/455] INSG
[14:22:58] [74/455] IDEN
[14:22:59] [75/455] MCGN
[14:23:00] [76/455] IGAM
[14:23:01] 🔄 Identity reset
[14:23:01] 🔄 Identity rotated (every 10 requests)
[14:23:01] [77/455] SLCU
[14:23:02] [78/455] MIMU
[14:23:03] [79/455] QLAC
[14:23:04] [80/455] MENL
[14:23:05] [81/455] SCUR
[14:23:06] [82/455] MDGD
[14:23:07] [83/455] LSRS
[14:23:08] [84/455] KMLG
[14:23:09] [85/455] MKLJ
[14:23:10] [86/455] IBYG
[14:23:11] 🔄 Identity reset
[14:23:11] 🔄 Identity rotated (every 10 requests)
[14:23:11] [87/455] ISML
[14:23:12] [88/455] MJMM
[14:23:13] [89/455] RCGD
[14:23:14] [90/455] MMOC
[14:23:15] [91/455] RRCO
[14:23:15] [92/455] MEDM
[14:23:16] [93/455] MCAZ
[14:23:17] [94/455] STWA
[14:23:18] [95/455] PFFG
[14:23:19] [96/455] GAGC
[14:23:20] 🔄 Identity reset
[14:23:20] 🔄 Identity rotated (every 10 requests)
[14:23:20] [97/455] PMPM
[14:23:21] [98/455] HVCD
[14:23:22] [99/455] AKRF
[14:23:22] [100/455] AKRC
[14:23:23] [101/455] MIDA
[14:23:24] [102/455] MAGX
[14:23:25] [103/455] ESOS
[14:23:25] [104/455] BBCL
[14:23:26] [105/455] LYAS
[14:23:27] [106/455] NRMS
[14:23:28] 🔄 Identity reset
[14:23:28] 🔄 Identity rotated (every 10 requests)
[14:23:28] [107/455] BHUC
[14:23:29] [108/455] SRIC
[14:23:30] [109/455] PDME
[14:23:31] [110/455] MJCS
[14:23:31] [111/455] NRAA
[14:23:32] [112/455] VATA
[14:23:33] [113/455] MNKC
[14:23:35] [114/455] DHCL
[14:23:35] [115/455] JCPC
[14:23:36] [116/455] CTML
[14:23:37] 🔄 Identity reset
[14:23:37] 🔄 Identity rotated (every 10 requests)
[14:23:37] [117/455] RMMR
[14:23:38] [118/455] STTL
[14:23:40] [119/455] CNPS
[14:23:41] [120/455] ACKL
[14:23:42] [121/455] SCAU
[14:23:43] [122/455] RMIA
[14:23:43] [123/455] MANU
[14:23:44] [124/455] ARDC
[14:23:46] [125/455] GLDA
[14:23:46] [126/455] KVSW
[14:23:47] 🔄 Identity reset
[14:23:47] 🔄 Identity rotated (every 10 requests)
[14:23:47] 🔄 Retry 1/5 for KVSW in 2.6s
[14:23:47] 🔄 Identity reset
[14:23:50] 🧠 New identity created
[14:23:50] [127/455] CGCA
[14:23:51] [128/455] CMLO
[14:23:52] [129/455] CECB
[14:23:53] [130/455] RCPN
[14:23:53] [131/455] ASMW
[14:23:55] [132/455] PWLM
[14:23:56] [133/455] ASGM
[14:23:57] [134/455] ACWH
[14:23:57] [135/455] AAPW
[14:23:58] 🔄 Identity reset
[14:23:58] 🔄 Identity rotated (every 10 requests)
[14:23:58] [136/455] RTWA
[14:23:59] [137/455] RAMW
[14:24:00] [138/455] VKTR
[14:24:01] [139/455] SMBH
[14:24:02] [140/455] BVDR
[14:24:03] [141/455] MRTP
[14:24:03] [142/455] BLBR
[14:24:04] [143/455] LPIN
[14:24:05] [144/455] SNPC
[14:24:06] [145/455] PDCB
[14:24:06] 🔄 Identity reset
[14:24:06] 🔄 Identity rotated (every 10 requests)
[14:24:07] [146/455] DYPK
[14:24:07] [147/455] INMK
[14:24:08] [148/455] PDCK
[14:24:09] [149/455] PCKR
[14:24:10] [150/455] SHUA
[14:24:11] [151/455] SCVK
[14:24:11] [152/455] STPA
[14:24:13] [153/455] WVHD
[14:24:14] [154/455] MRCH
[14:24:14] [155/455] MCNP
[14:24:15] 🔄 Identity reset
[14:24:15] 🔄 Identity rotated (every 10 requests)
[14:24:15] [156/455] RCAG
[14:24:16] [157/455] JTSN
[14:24:17] [158/455] AANS
[14:24:19] [159/455] GDDR
[14:24:19] [160/455] SRER
[14:24:20] [161/455] JKMA
[14:24:21] [162/455] ARAN
[14:24:22] [163/455] ALCT
[14:24:23] [164/455] CCTA
[14:24:24] [165/455] CNCT
[14:24:24] 🔄 Identity reset
[14:24:24] 🔄 Identity rotated (every 10 requests)
[14:24:24] [166/455] NZBL
[14:24:26] [167/455] SRRA
[14:24:27] [168/455] SVPW
[14:24:27] [169/455] SRTW
[14:24:28] [170/455] XMTD
[14:24:29] [171/455] SCCZ
[14:24:30] [172/455] PBCR
[14:24:31] [173/455] RTSC
[14:24:32] [174/455] TLSV
[14:24:33] [175/455] RMTK
[14:24:33] 🔄 Identity reset
[14:24:33] 🔄 Identity rotated (every 10 requests)
[14:24:34] [176/455] SRAT
[14:24:34] [177/455] GCYC
[14:24:35] [178/455] HCAJ
[14:24:36] [179/455] LCXA
[14:24:37] [180/455] BINT
[14:24:38] [181/455] IXIM
[14:24:39] [182/455] MBCR
[14:24:40] [183/455] BMCJ
[14:24:41] [184/455] NICJ
[14:24:42] [185/455] SCAJ
[14:24:43] 🔄 Identity reset
[14:24:43] 🔄 Identity rotated (every 10 requests)
[14:24:43] [186/455] CMXS
[14:24:44] [187/455] MMSR
[14:24:45] [188/455] PRKT
[14:24:46] [189/455] LPTH
[14:24:47] [190/455] SARP
[14:24:48] [191/455] MNPP
[14:24:48] [192/455] PRLR
[14:24:49] [193/455] RCMW
[14:24:51] [194/455] FCMG
[14:24:52] [195/455] RTNK
[14:24:53] 🔄 Identity reset
[14:24:53] 🔄 Identity rotated (every 10 requests)
[14:24:53] [196/455] LRCP
[14:24:54] [197/455] DBJR
[14:24:54] [198/455] CACN
[14:24:55] [199/455] AMRL
[14:24:56] [200/455] SBBC
[14:24:57] [201/455] VENN
[14:24:58] [202/455] STSS
[14:24:59] [203/455] SMRB
[14:25:00] [204/455] CCMX
[14:25:00] [205/455] KCMR
[14:25:01] 🔄 Identity reset
[14:25:01] 🔄 Identity rotated (every 10 requests)
[14:25:01] [206/455] SALH
[14:25:02] [207/455] CGTT
[14:25:03] [208/455] PMDR
[14:25:04] [209/455] VCPM
[14:25:05] [210/455] RZMX
[14:25:05] [211/455] TMSY
[14:25:06] [212/455] NTMS
[14:25:07] [213/455] VTAG
[14:25:08] [214/455] REMA
[14:25:09] [215/455] NXCC
[14:25:10] 🔄 Identity reset
[14:25:10] 🔄 Identity rotated (every 10 requests)
[14:25:10] [216/455] SKYM
[14:25:11] [217/455] CCMO
[14:25:12] [218/455] DMXM
[14:25:13] [219/455] SPPM
[14:25:13] [220/455] PTKL
[14:25:14] [221/455] SLVO
[14:25:15] [222/455] VASL
[14:25:16] [223/455] CBCM
[14:25:17] [224/455] STMA
[14:25:18] [225/455] LASK
[14:25:18] 🔄 Identity reset
[14:25:18] 🔄 Identity rotated (every 10 requests)
[14:25:18] 🔄 Retry 1/5 for LASK in 2.1s
[14:25:18] 🔄 Identity reset
[14:25:20] 🧠 New identity created
[14:25:21] [226/455] VITE
[14:25:22] [227/455] AAST
[14:25:23] [228/455] JTPT
[14:25:24] [229/455] RRSH
[14:25:25] [230/455] CINL
[14:25:26] [231/455] MCSR
[14:25:27] [232/455] SBCF
[14:25:28] [233/455] GCDU
[14:25:29] [234/455] PSPR
[14:25:29] 🔄 Identity reset
[14:25:29] 🔄 Identity rotated (every 10 requests)
[14:25:30] [235/455] IMMO
[14:25:31] [236/455] CLGM
[14:25:33] [237/455] PBMM
[14:25:34] [238/455] CEHR
[14:25:36] [239/455] CPOE
[14:25:38] [240/455] PGFD
[14:25:38] [241/455] PSLC
[14:25:39] [242/455] MSMD
[14:25:40] [243/455] FMFB
[14:25:41] [244/455] RKCL
[14:25:42] 🔄 Identity reset
[14:25:42] 🔄 Identity rotated (every 10 requests)
[14:25:42] [245/455] PMMC
[14:25:43] [246/455] SKMM
[14:25:44] [247/455] VOIB
[14:25:45] [248/455] KINO
[14:25:46] [249/455] VCTP
[14:25:47] [250/455] PDWR
[14:25:48] [251/455] SAED
[14:25:49] [252/455] SRRT
[14:25:50] [253/455] CVLG
[14:25:51] [254/455] SNGN
[14:25:51] 🔄 Identity reset
[14:25:51] 🔄 Identity rotated (every 10 requests)
[14:25:52] [255/455] SIDA
[14:25:52] [256/455] IMCB
[14:25:53] [257/455] SMHP
[14:25:54] [258/455] GDTY
[14:25:55] [259/455] VYCH
[14:25:56] [260/455] PDYA
[14:25:57] [261/455] RKDO
[14:25:58] [262/455] VECG
[14:25:59] [263/455] NFGD
[14:25:59] [264/455] SNDC
[14:26:00] 🔄 Identity reset
[14:26:00] 🔄 Identity rotated (every 10 requests)
[14:26:00] [265/455] SDJH
[14:26:01] [266/455] HASV
[14:26:03] [267/455] PTYK
[14:26:03] [268/455] MUTB
[14:26:04] [269/455] AMRT
[14:26:05] [270/455] VACD
[14:26:06] [271/455] SKDD
[14:26:07] [272/455] STGR
[14:26:08] [273/455] GDAK
[14:26:08] [274/455] SKHK
[14:26:09] 🔄 Identity reset
[14:26:09] 🔄 Identity rotated (every 10 requests)
[14:26:09] 🔄 Retry 1/5 for SKHK in 2.1s
[14:26:09] 🔄 Identity reset
[14:26:11] 🧠 New identity created
[14:26:11] [275/455] SLND
[14:26:12] [276/455] APAP
[14:26:13] [277/455] AYYA
[14:26:15] [278/455] VCCZ
[14:26:16] [279/455] MEML
[14:26:17] [280/455] MAOU
[14:26:17] [281/455] ESND
[14:26:18] [282/455] PTBZ
[14:26:19] [283/455] LBCN
[14:26:20] 🔄 Identity reset
[14:26:20] 🔄 Identity rotated (every 10 requests)
[14:26:20] [284/455] PAWA
[14:26:21] [285/455] ZEIC
[14:26:22] [286/455] CGMM
[14:26:23] [287/455] PJPM
[14:26:24] [288/455] ECMR
[14:26:25] [289/455] SHMZ
[14:26:26] [290/455] STCA
[14:26:27] [291/455] VDRC
[14:26:28] [292/455] SEEM
[14:26:29] [293/455] MKNS
[14:26:29] 🔄 Identity reset
[14:26:29] 🔄 Identity rotated (every 10 requests)
[14:26:30] [294/455] KPPP
[14:26:30] [295/455] CCML
[14:26:31] [296/455] CIBA
[14:26:32] [297/455] NACS
[14:26:33] [298/455] CTMK
[14:26:34] [299/455] CTCT
[14:26:35] [300/455] MCSN
[14:26:35] [301/455] MAXX
[14:26:36] [302/455] MECB
[14:26:37] [303/455] NTBY
[14:26:37] 🔄 Identity reset
[14:26:37] 🔄 Identity rotated (every 10 requests)
[14:26:38] [304/455] UTBI
[14:26:38] [305/455] RADK
[14:26:39] [306/455] STBY
[14:26:40] [307/455] GTBY
[14:26:41] [308/455] RRMB
[14:26:41] [309/455] ABRN
[14:26:42] [310/455] GTSG
[14:26:43] [311/455] GBTG
[14:26:44] [312/455] SBGS
[14:26:45] [313/455] KBPM
[14:26:46] 🔄 Identity reset
[14:26:46] 🔄 Identity rotated (every 10 requests)
[14:26:46] [314/455] SMHT
[14:26:47] [315/455] VTDM
[14:26:48] [316/455] ASCT
[14:26:49] [317/455] AWCT
[14:26:50] [318/455] DCCU
[14:26:51] [319/455] PSCE
[14:26:52] [320/455] KSNY
[14:26:54] [321/455] ACID
[14:26:54] [322/455] LVCD
[14:26:55] [323/455] KSSB
[14:26:56] 🔄 Identity reset
[14:26:56] 🔄 Identity rotated (every 10 requests)
[14:26:56] [324/455] SWTD
[14:26:57] [325/455] RBMR
[14:26:58] [326/455] SCBC
[14:26:59] [327/455] RKME
[14:27:00] [328/455] GALX
[14:27:01] [329/455] GCCH
[14:27:01] [330/455] RATR
[14:27:02] [331/455] GTGA
[14:27:03] [332/455] LTTR
[14:27:04] [333/455] TTAA
[14:27:05] 🔄 Identity reset
[14:27:05] 🔄 Identity rotated (every 10 requests)
[14:27:05] [334/455] TVHP
[14:27:07] [335/455] KVCS
[14:27:08] [336/455] CBMC
[14:27:09] [337/455] MAYJ
[14:27:10] [338/455] INPR
[14:27:11] [339/455] RSSC
[14:27:12] [340/455] PCAN
[14:27:13] [341/455] PVHR
[14:27:14] [342/455] AGSM
[14:27:15] [343/455] PVES
[14:27:15] 🔄 Identity reset
[14:27:15] 🔄 Identity rotated (every 10 requests)
[14:27:16] [344/455] INTO
[14:27:17] [345/455] ACON
[14:27:17] [346/455] PVPZ
[14:27:18] [347/455] PVHC
[14:27:19] [348/455] KSTK
[14:27:20] [349/455] PVSR
[14:27:21] [350/455] ACTN
[14:27:22] [351/455] FMCN
[14:27:23] [352/455] PABC
[14:27:23] [353/455] SUTC
[14:27:24] 🔄 Identity reset
[14:27:24] 🔄 Identity rotated (every 10 requests)
[14:27:24] 🔄 Retry 1/5 for SUTC in 2.5s
[14:27:24] 🔄 Identity reset
[14:27:27] 🧠 New identity created
[14:27:27] 🔄 Retry 2/5 for SUTC in 4.3s
[14:27:27] 🔄 Identity reset
[14:27:31] 🧠 New identity created
[14:27:31] [354/455] PGMV
[14:27:32] [355/455] GKCP
[14:27:33] [356/455] INCH
[14:27:34] [357/455] MLMT
[14:27:35] [358/455] SSCC
[14:27:36] [359/455] SLMP
[14:27:36] [360/455] VVTN
[14:27:38] [361/455] SBTR
[14:27:38] 🔄 Identity reset
[14:27:38] 🔄 Identity rotated (every 10 requests)
[14:27:39] [362/455] PGRA
[14:27:40] [363/455] PBRM
[14:27:41] [364/455] GCRP
[14:27:41] [365/455] MCSK
[14:27:42] [366/455] NLTC
[14:27:43] [367/455] MTLM
[14:27:44] [368/455] VECT
[14:27:45] [369/455] KMRM
[14:27:45] [370/455] RACM
[14:27:46] [371/455] WSTC
[14:27:47] 🔄 Identity reset
[14:27:47] 🔄 Identity rotated (every 10 requests)
[14:27:47] [372/455] PVTJ
[14:27:48] [373/455] MMKC
[14:27:49] [374/455] SVWT
[14:27:50] [375/455] JOTG
[14:27:51] [376/455] VCDK
[14:27:52] [377/455] ANAC
[14:27:53] [378/455] GRTC
[14:27:55] [379/455] JTPL
[14:27:56] [380/455] VRCP
[14:27:56] [381/455] REMC
[14:27:57] 🔄 Identity reset
[14:27:57] 🔄 Identity rotated (every 10 requests)
[14:27:57] [382/455] ATMG
[14:27:58] [383/455] GAHC
[14:27:59] [384/455] JTMV
[14:28:00] [385/455] OMTT
[14:28:01] [386/455] GKKC
[14:28:02] [387/455] BBPO
[14:28:03] [388/455] ZCBB
[14:28:03] [389/455] DCGO
[14:28:04] [390/455] STOP
[14:28:05] [391/455] BSPC
[14:28:06] 🔄 Identity reset
[14:28:06] 🔄 Identity rotated (every 10 requests)
[14:28:06] [392/455] SOND
[14:28:07] [393/455] GCKG
[14:28:08] [394/455] PCDB
[14:28:09] [395/455] PGRC
[14:28:10] [396/455] CSCT
[14:28:11] [397/455] STDA
[14:28:12] [398/455] JAYD
[14:28:12] [399/455] PPPD
[14:28:13] [400/455] KRTT
[14:28:14] [401/455] PTDT
[14:28:15] 🔄 Identity reset
[14:28:15] 🔄 Identity rotated (every 10 requests)
[14:28:15] [402/455] TRSV
[14:28:16] [403/455] VELR
[14:28:17] [404/455] STDT
[14:28:18] [405/455] SATT
[14:28:19] [406/455] KCPM
[14:28:20] [407/455] MFCP
[14:28:21] [408/455] AXMP
[14:28:22] [409/455] LTVB
[14:28:23] [410/455] APST
[14:28:24] [411/455] DTVP
[14:28:24] 🔄 Identity reset
[14:28:24] 🔄 Identity rotated (every 10 requests)
[14:28:24] 🔄 Retry 1/5 for DTVP in 2.6s
[14:28:24] 🔄 Identity reset
[14:28:27] 🧠 New identity created
[14:28:27] [412/455] AAVB
[14:28:28] [413/455] PMBL
[14:28:29] [414/455] STKC
[14:28:30] [415/455] KKMA
[14:28:31] [416/455] NMXS
[14:28:32] [417/455] DECX
[14:28:33] [418/455] MAPJ
[14:28:34] [419/455] SMLK
[14:28:35] [420/455] PMPU
[14:28:35] 🔄 Identity reset
[14:28:35] 🔄 Identity rotated (every 10 requests)
[14:28:36] [421/455] AFST
[14:28:37] [422/455] SRSY
[14:28:38] [423/455] RMKT
[14:28:39] [424/455] RAJX
[14:28:40] [425/455] UVCD
[14:28:41] [426/455] LISA
[14:28:41] [427/455] LMSR
[14:28:42] [428/455] PMCA
[14:28:43] [429/455] INPO
[14:28:44] [430/455] INGO
[14:28:44] 🔄 Identity reset
[14:28:44] 🔄 Identity rotated (every 10 requests)
[14:28:45] [431/455] HFSQ
[14:28:45] [432/455] INMG
[14:28:46] [433/455] NYCP
[14:28:47] [434/455] HFSV
[14:28:48] [435/455] MMZP
[14:28:49] [436/455] KSES
[14:28:49] [437/455] HFSA
[14:28:51] [438/455] ACMM
[14:28:52] [439/455] RCKD
[14:28:53] [440/455] BCKR
[14:28:53] 🔄 Identity reset
[14:28:53] 🔄 Identity rotated (every 10 requests)
[14:28:53] 🔄 Retry 1/5 for BCKR in 2.5s
[14:28:53] 🔄 Identity reset
[14:28:56] 🧠 New identity created
[14:28:57] [441/455] SFCO
[14:28:58] [442/455] JCCB
[14:28:58] [443/455] BCCR
[14:28:59] [444/455] NWCB
[14:29:00] [445/455] SAMT
[14:29:01] [446/455] TMST
[14:29:02] [447/455] SJCN
[14:29:03] [448/455] MCBS
[14:29:04] [449/455] CMKR
[14:29:04] 🔄 Identity reset
[14:29:04] 🔄 Identity rotated (every 10 requests)
[14:29:05] [450/455] INPM
[14:29:05] [451/455] WVMT
[14:29:06] [452/455] NYSM
[14:29:07] [453/455] RCMA
[14:29:08] [454/455] RECM
[14:29:09] [455/455] CYCM
[14:29:09] 🧹 Deduping shows
[14:29:09] ✅ DONE | Shows=438 | Movies=30
[16:11:31] 🚀 SCRIPT STARTED (enhanced anti‑detection)
[16:11:31] [1/455] MXGN
[16:11:31] 🧠 New identity created
[16:11:32] [2/455] PGGM
[16:11:33] [3/455] IPMJ
[16:11:34] [4/455] M2PP
[16:11:35] [5/455] PMMS
[16:11:36] [6/455] SCJN
[16:11:37] [7/455] CPUM
[16:11:38] [8/455] SCND
[16:11:38] [9/455] INWM
[16:11:39] [10/455] DVDC
[16:11:40] 🔄 Identity reset
[16:11:40] 🔄 Identity rotated (every 10 requests)
[16:11:40] [11/455] WVND
[16:11:41] [12/455] LBDL
[16:11:42] [13/455] CRGM
[16:11:43] [14/455] PVKS
[16:11:44] [15/455] PBLL
[16:11:45] [16/455] FNLN
[16:11:46] [17/455] PPDA
[16:11:47] [18/455] SCPT
[16:11:48] [19/455] IAJS
[16:11:49] [20/455] MMZG
[16:11:49] 🔄 Identity reset
[16:11:49] 🔄 Identity rotated (every 10 requests)
[16:11:50] [21/455] MCTI
[16:11:51] [22/455] PPMF
[16:11:51] [23/455] FNSD
[16:11:52] [24/455] M2RH
[16:11:53] [25/455] CPGV
[16:11:54] [26/455] PECD
[16:11:55] [27/455] CTEE
[16:11:56] [28/455] IOMG
[16:11:57] [29/455] CIJA
[16:11:58] [30/455] NYCG
[16:11:59] 🔄 Identity reset
[16:11:59] 🔄 Identity rotated (every 10 requests)
[16:11:59] [31/455] CEST
[16:12:00] [32/455] WVRG
[16:12:01] [33/455] DPDC
[16:12:01] [34/455] PDIV
[16:12:02] [35/455] MTPP
[16:12:03] [36/455] MHNU
[16:12:04] [37/455] WUPG
[16:12:05] [38/455] USCO
[16:12:05] [39/455] INFR
[16:12:06] [40/455] PVPD
[16:12:07] 🔄 Identity reset
[16:12:07] 🔄 Identity rotated (every 10 requests)
[16:12:07] [41/455] RONC
[16:12:08] [42/455] IOCP
[16:12:09] [43/455] EMPS
[16:12:10] [44/455] PNAD
[16:12:11] [45/455] VVGZ
[16:12:12] [46/455] MDDC
[16:12:13] [47/455] MMAP
[16:12:14] [48/455] GPDC
[16:12:15] [49/455] PVPU
[16:12:16] [50/455] DCMV
[16:12:16] 🔄 Identity reset
[16:12:16] 🔄 Identity rotated (every 10 requests)
[16:12:16] [51/455] PCCF
[16:12:18] [52/455] MCEF
[16:12:19] [53/455] INRD
[16:12:20] [54/455] CCPZ
[16:12:21] [55/455] BCWG
[16:12:23] [56/455] PMGU
[16:12:24] [57/455] MCVM
[16:12:25] [58/455] MCDE
[16:12:25] [59/455] IEFM
[16:12:26] [60/455] MXCS
[16:12:27] 🔄 Identity reset
[16:12:27] 🔄 Identity rotated (every 10 requests)
[16:12:27] [61/455] RNMT
[16:12:28] [62/455] PSDD
[16:12:29] [63/455] PETA
[16:12:31] [64/455] IZOP
[16:12:32] [65/455] PDEI
[16:12:33] [66/455] MTND
[16:12:34] [67/455] PCPL
[16:12:34] [68/455] LSCM
[16:12:35] [69/455] BTFD
[16:12:36] [70/455] MERM
[16:12:37] 🔄 Identity reset
[16:12:37] 🔄 Identity rotated (every 10 requests)
[16:12:37] [71/455] PVMS
[16:12:38] [72/455] CIGK
[16:12:39] [73/455] INSG
[16:12:40] [74/455] IDEN
[16:12:41] [75/455] MCGN
[16:12:41] [76/455] IGAM
[16:12:42] [77/455] SLCU
[16:12:43] [78/455] MIMU
[16:12:44] [79/455] QLAC
[16:12:45] [80/455] MENL
[16:12:46] 🔄 Identity reset
[16:12:46] 🔄 Identity rotated (every 10 requests)
[16:12:46] 🔄 Retry 1/5 for MENL in 2.4s
[16:12:46] 🔄 Identity reset
[16:12:48] 🧠 New identity created
[16:12:49] [81/455] SCUR
[16:12:50] [82/455] MDGD
[16:12:51] [83/455] LSRS
[16:12:52] [84/455] KMLG
[16:12:53] [85/455] MKLJ
[16:12:54] [86/455] IBYG
[16:12:55] [87/455] ISML
[16:12:56] [88/455] MJMM
[16:12:57] [89/455] RCGD
[16:12:58] 🔄 Identity reset
[16:12:58] 🔄 Identity rotated (every 10 requests)
[16:12:58] [90/455] MMOC
[16:12:59] [91/455] RRCO
[16:13:00] [92/455] MEDM
[16:13:01] [93/455] MCAZ
[16:13:02] [94/455] STWA
[16:13:03] [95/455] PFFG
[16:13:04] [96/455] GAGC
[16:13:05] [97/455] PMPM
[16:13:06] [98/455] HVCD
[16:13:07] [99/455] AKRF
[16:13:08] 🔄 Identity reset
[16:13:08] 🔄 Identity rotated (every 10 requests)
[16:13:08] [100/455] AKRC
[16:13:09] [101/455] MIDA
[16:13:10] [102/455] MAGX
[16:13:11] [103/455] ESOS
[16:13:12] [104/455] BBCL
[16:13:13] [105/455] LYAS
[16:13:14] [106/455] NRMS
[16:13:15] [107/455] BHUC
[16:13:16] [108/455] SRIC
[16:13:17] [109/455] PDME
[16:13:17] 🔄 Identity reset
[16:13:17] 🔄 Identity rotated (every 10 requests)
[16:13:18] [110/455] MJCS
[16:13:19] [111/455] NRAA
[16:13:20] [112/455] VATA
[16:13:21] [113/455] MNKC
[16:13:22] [114/455] DHCL
[16:13:23] [115/455] JCPC
[16:13:24] [116/455] CTML
[16:13:25] [117/455] RMMR
[16:13:26] [118/455] STTL
[16:13:27] [119/455] CNPS
[16:13:28] 🔄 Identity reset
[16:13:28] 🔄 Identity rotated (every 10 requests)
[16:13:28] [120/455] ACKL
[16:13:29] [121/455] SCAU
[16:13:30] [122/455] RMIA
[16:13:32] [123/455] MANU
[16:13:33] [124/455] ARDC
[16:13:34] [125/455] GLDA
[16:13:35] [126/455] KVSW
[16:13:36] [127/455] CGCA
[16:13:37] [128/455] CMLO
[16:13:38] [129/455] CECB
[16:13:38] 🔄 Identity reset
[16:13:38] 🔄 Identity rotated (every 10 requests)
[16:13:38] 🔄 Retry 1/5 for CECB in 2.0s
[16:13:38] 🔄 Identity reset
[16:13:40] 🧠 New identity created
[16:13:41] [130/455] RCPN
[16:13:42] [131/455] ASMW
[16:13:43] [132/455] PWLM
[16:13:43] [133/455] ASGM
[16:13:45] [134/455] ACWH
[16:13:46] [135/455] AAPW
[16:13:47] [136/455] RTWA
[16:13:48] [137/455] RAMW
[16:13:49] [138/455] VKTR
[16:13:49] 🔄 Identity reset
[16:13:49] 🔄 Identity rotated (every 10 requests)
[16:13:49] [139/455] SMBH
[16:13:50] [140/455] BVDR
[16:13:51] [141/455] MRTP
[16:13:52] [142/455] BLBR
[16:13:53] [143/455] LPIN
[16:13:55] [144/455] SNPC
[16:13:55] [145/455] PDCB
[16:13:56] [146/455] DYPK
[16:13:57] [147/455] INMK
[16:13:58] [148/455] PDCK
[16:13:59] 🔄 Identity reset
[16:13:59] 🔄 Identity rotated (every 10 requests)
[16:13:59] [149/455] PCKR
[16:14:00] [150/455] SHUA
[16:14:01] [151/455] SCVK
[16:14:02] [152/455] STPA
[16:14:03] [153/455] WVHD
[16:14:04] [154/455] MRCH
[16:14:05] [155/455] MCNP
[16:14:05] [156/455] RCAG
[16:14:07] [157/455] JTSN
[16:14:08] [158/455] AANS
[16:14:08] 🔄 Identity reset
[16:14:08] 🔄 Identity rotated (every 10 requests)
[16:14:09] 🔄 Retry 1/5 for AANS in 2.5s
[16:14:09] 🔄 Identity reset
[16:14:11] 🧠 New identity created
[16:14:11] [159/455] GDDR
[16:14:12] [160/455] SRER
[16:14:13] [161/455] JKMA
[16:14:14] [162/455] ARAN
[16:14:15] [163/455] ALCT
[16:14:16] [164/455] CCTA
[16:14:17] [165/455] CNCT
[16:14:18] [166/455] NZBL
[16:14:19] [167/455] SRRA
[16:14:19] 🔄 Identity reset
[16:14:19] 🔄 Identity rotated (every 10 requests)
[16:14:19] 🔄 Retry 1/5 for SRRA in 2.4s
[16:14:19] 🔄 Identity reset
[16:14:22] 🧠 New identity created
[16:14:22] [168/455] SVPW
[16:14:23] [169/455] SRTW
[16:14:24] [170/455] XMTD
[16:14:25] [171/455] SCCZ
[16:14:26] [172/455] PBCR
[16:14:27] [173/455] RTSC
[16:14:28] [174/455] TLSV
[16:14:28] [175/455] RMTK
[16:14:29] [176/455] SRAT
[16:14:30] 🔄 Identity reset
[16:14:30] 🔄 Identity rotated (every 10 requests)
[16:14:30] [177/455] GCYC
[16:14:31] [178/455] HCAJ
[16:14:32] [179/455] LCXA
[16:14:34] [180/455] BINT
[16:14:35] [181/455] IXIM
[16:14:36] [182/455] MBCR
[16:14:37] [183/455] BMCJ
[16:14:38] [184/455] NICJ
[16:14:38] [185/455] SCAJ
[16:14:39] [186/455] CMXS
[16:14:40] 🔄 Identity reset
[16:14:40] 🔄 Identity rotated (every 10 requests)
[16:14:40] [187/455] MMSR
[16:14:41] [188/455] PRKT
[16:14:42] [189/455] LPTH
[16:14:43] [190/455] SARP
[16:14:45] [191/455] MNPP
[16:14:46] [192/455] PRLR
[16:14:47] [193/455] RCMW
[16:14:48] [194/455] FCMG
[16:14:49] [195/455] RTNK
[16:14:50] [196/455] LRCP
[16:14:50] 🔄 Identity reset
[16:14:50] 🔄 Identity rotated (every 10 requests)
[16:14:51] 🔄 Retry 1/5 for LRCP in 2.8s
[16:14:51] 🔄 Identity reset
[16:14:53] 🧠 New identity created
[16:14:54] [197/455] DBJR
[16:14:55] [198/455] CACN
[16:14:56] [199/455] AMRL
[16:14:57] [200/455] SBBC
[16:14:58] [201/455] VENN
[16:14:59] [202/455] STSS
[16:15:00] [203/455] SMRB
[16:15:01] [204/455] CCMX
[16:15:02] [205/455] KCMR
[16:15:02] 🔄 Identity reset
[16:15:02] 🔄 Identity rotated (every 10 requests)
[16:15:03] [206/455] SALH
[16:15:04] [207/455] CGTT
[16:15:04] [208/455] PMDR
[16:15:05] [209/455] VCPM
[16:15:06] [210/455] RZMX
[16:15:07] [211/455] TMSY
[16:15:08] [212/455] NTMS
[16:15:09] [213/455] VTAG
[16:15:10] [214/455] REMA
[16:15:11] [215/455] NXCC
[16:15:11] 🔄 Identity reset
[16:15:12] 🔄 Identity rotated (every 10 requests)
[16:15:12] [216/455] SKYM
[16:15:13] [217/455] CCMO
[16:15:14] [218/455] DMXM
[16:15:14] [219/455] SPPM
[16:15:15] [220/455] PTKL
[16:15:16] [221/455] SLVO
[16:15:17] [222/455] VASL
[16:15:18] [223/455] CBCM
[16:15:19] [224/455] STMA
[16:15:21] [225/455] LASK
[16:15:21] 🔄 Identity reset
[16:15:21] 🔄 Identity rotated (every 10 requests)
[16:15:22] [226/455] VITE
[16:15:22] [227/455] AAST
[16:15:23] [228/455] JTPT
[16:15:24] [229/455] RRSH
[16:15:25] [230/455] CINL
[16:15:26] [231/455] MCSR
[16:15:27] [232/455] SBCF
[16:15:28] [233/455] GCDU
[16:15:29] [234/455] PSPR
[16:15:30] [235/455] IMMO
[16:15:30] 🔄 Identity reset
[16:15:30] 🔄 Identity rotated (every 10 requests)
[16:15:31] [236/455] CLGM
[16:15:32] [237/455] PBMM
[16:15:33] [238/455] CEHR
[16:15:34] [239/455] CPOE
[16:15:35] [240/455] PGFD
[16:15:36] [241/455] PSLC
[16:15:38] [242/455] MSMD
[16:15:39] [243/455] FMFB
[16:15:40] [244/455] RKCL
[16:15:41] [245/455] PMMC
[16:15:42] 🔄 Identity reset
[16:15:42] 🔄 Identity rotated (every 10 requests)
[16:15:42] 🔄 Retry 1/5 for PMMC in 2.7s
[16:15:42] 🔄 Identity reset
[16:15:44] 🧠 New identity created
[16:15:45] [246/455] SKMM
[16:15:46] [247/455] VOIB
[16:15:47] [248/455] KINO
[16:15:48] [249/455] VCTP
[16:15:49] [250/455] PDWR
[16:15:50] [251/455] SAED
[16:15:51] [252/455] SRRT
[16:15:52] [253/455] CVLG
[16:15:53] [254/455] SNGN
[16:15:54] 🔄 Identity reset
[16:15:54] 🔄 Identity rotated (every 10 requests)
[16:15:55] [255/455] SIDA
[16:15:56] [256/455] IMCB
[16:15:57] [257/455] SMHP
[16:15:57] [258/455] GDTY
[16:15:58] [259/455] VYCH
[16:15:59] [260/455] PDYA
[16:16:00] [261/455] RKDO
[16:16:01] [262/455] VECG
[16:16:02] [263/455] NFGD
[16:16:03] [264/455] SNDC
[16:16:04] 🔄 Identity reset
[16:16:04] 🔄 Identity rotated (every 10 requests)
[16:16:04] 🔄 Retry 1/5 for SNDC in 2.5s
[16:16:04] 🔄 Identity reset
[16:16:06] 🧠 New identity created
[16:16:07] [265/455] SDJH
[16:16:08] [266/455] HASV
[16:16:10] [267/455] PTYK
[16:16:10] [268/455] MUTB
[16:16:11] [269/455] AMRT
[16:16:12] [270/455] VACD
[16:16:13] [271/455] SKDD
[16:16:14] [272/455] STGR
[16:16:15] [273/455] GDAK
[16:16:16] 🔄 Identity reset
[16:16:16] 🔄 Identity rotated (every 10 requests)
[16:16:16] [274/455] SKHK
[16:16:17] [275/455] SLND
[16:16:18] [276/455] APAP
[16:16:19] [277/455] AYYA
[16:16:20] [278/455] VCCZ
[16:16:21] [279/455] MEML
[16:16:22] [280/455] MAOU
[16:16:23] [281/455] ESND
[16:16:24] [282/455] PTBZ
[16:16:25] [283/455] LBCN
[16:16:25] 🔄 Identity reset
[16:16:25] 🔄 Identity rotated (every 10 requests)
[16:16:25] [284/455] PAWA
[16:16:26] [285/455] ZEIC
[16:16:27] [286/455] CGMM
[16:16:29] [287/455] PJPM
[16:16:30] [288/455] ECMR
[16:16:31] [289/455] SHMZ
[16:16:32] [290/455] STCA
[16:16:33] [291/455] VDRC
[16:16:34] [292/455] SEEM
[16:16:35] [293/455] MKNS
[16:16:36] 🔄 Identity reset
[16:16:36] 🔄 Identity rotated (every 10 requests)
[16:16:36] [294/455] KPPP
[16:16:37] [295/455] CCML
[16:16:38] [296/455] CIBA
[16:16:39] [297/455] NACS
[16:16:40] [298/455] CTMK
[16:16:41] [299/455] CTCT
[16:16:42] [300/455] MCSN
[16:16:43] [301/455] MAXX
[16:16:44] [302/455] MECB
[16:16:45] [303/455] NTBY
[16:16:45] 🔄 Identity reset
[16:16:45] 🔄 Identity rotated (every 10 requests)
[16:16:46] [304/455] UTBI
[16:16:46] [305/455] RADK
[16:16:47] [306/455] STBY
[16:16:48] [307/455] GTBY
[16:16:49] [308/455] RRMB
[16:16:50] [309/455] ABRN
[16:16:51] [310/455] GTSG
[16:16:52] [311/455] GBTG
[16:16:53] [312/455] SBGS
[16:16:54] [313/455] KBPM
[16:16:54] 🔄 Identity reset
[16:16:54] 🔄 Identity rotated (every 10 requests)
[16:16:55] [314/455] SMHT
[16:16:55] [315/455] VTDM
[16:16:56] [316/455] ASCT
[16:16:57] [317/455] AWCT
[16:16:58] [318/455] DCCU
[16:16:59] [319/455] PSCE
[16:17:00] [320/455] KSNY
[16:17:01] [321/455] ACID
[16:17:02] [322/455] LVCD
[16:17:03] [323/455] KSSB
[16:17:03] 🔄 Identity reset
[16:17:03] 🔄 Identity rotated (every 10 requests)
[16:17:03] [324/455] SWTD
[16:17:04] [325/455] RBMR
[16:17:06] [326/455] SCBC
[16:17:07] [327/455] RKME
[16:17:09] [328/455] GALX
[16:17:10] [329/455] GCCH
[16:17:11] [330/455] RATR
[16:17:13] [331/455] GTGA
[16:17:14] [332/455] LTTR
[16:17:15] [333/455] TTAA
[16:17:15] 🔄 Identity reset
[16:17:15] 🔄 Identity rotated (every 10 requests)
[16:17:15] [334/455] TVHP
[16:17:16] [335/455] KVCS
[16:17:17] [336/455] CBMC
[16:17:18] [337/455] MAYJ
[16:17:19] [338/455] INPR
[16:17:20] [339/455] RSSC
[16:17:21] [340/455] PCAN
[16:17:22] [341/455] PVHR
[16:17:23] [342/455] AGSM
[16:17:24] [343/455] PVES
[16:17:24] 🔄 Identity reset
[16:17:24] 🔄 Identity rotated (every 10 requests)
[16:17:25] [344/455] INTO
[16:17:25] [345/455] ACON
[16:17:26] [346/455] PVPZ
[16:17:27] [347/455] PVHC
[16:17:28] [348/455] KSTK
[16:17:29] [349/455] PVSR
[16:17:30] [350/455] ACTN
[16:17:31] [351/455] FMCN
[16:17:33] [352/455] PABC
[16:17:33] [353/455] SUTC
[16:17:34] 🔄 Identity reset
[16:17:34] 🔄 Identity rotated (every 10 requests)
[16:17:35] [354/455] PGMV
[16:17:35] [355/455] GKCP
[16:17:37] [356/455] INCH
[16:17:38] [357/455] MLMT
[16:17:39] [358/455] SSCC
[16:17:40] [359/455] SLMP
[16:17:41] [360/455] VVTN
[16:17:42] [361/455] SBTR
[16:17:43] [362/455] PGRA
[16:17:44] [363/455] PBRM
[16:17:45] 🔄 Identity reset
[16:17:45] 🔄 Identity rotated (every 10 requests)
[16:17:46] [364/455] GCRP
[16:17:46] [365/455] MCSK
[16:17:47] [366/455] NLTC
[16:17:48] [367/455] MTLM
[16:17:49] [368/455] VECT
[16:17:50] [369/455] KMRM
[16:17:51] [370/455] RACM
[16:17:52] [371/455] WSTC
[16:17:52] [372/455] PVTJ
[16:17:54] [373/455] MMKC
[16:17:55] 🔄 Identity reset
[16:17:55] 🔄 Identity rotated (every 10 requests)
[16:17:55] [374/455] SVWT
[16:17:57] [375/455] JOTG
[16:17:58] [376/455] VCDK
[16:17:58] [377/455] ANAC
[16:17:59] [378/455] GRTC
[16:18:00] [379/455] JTPL
[16:18:01] [380/455] VRCP
[16:18:02] [381/455] REMC
[16:18:03] [382/455] ATMG
[16:18:04] [383/455] GAHC
[16:18:04] 🔄 Identity reset
[16:18:04] 🔄 Identity rotated (every 10 requests)
[16:18:05] [384/455] JTMV
[16:18:06] [385/455] OMTT
[16:18:07] [386/455] GKKC
[16:18:08] [387/455] BBPO
[16:18:09] [388/455] ZCBB
[16:18:09] [389/455] DCGO
[16:18:11] [390/455] STOP
[16:18:13] [391/455] BSPC
[16:18:14] [392/455] SOND
[16:18:15] [393/455] GCKG
[16:18:16] 🔄 Identity reset
[16:18:16] 🔄 Identity rotated (every 10 requests)
[16:18:16] [394/455] PCDB
[16:18:17] [395/455] PGRC
[16:18:18] [396/455] CSCT
[16:18:19] [397/455] STDA
[16:18:20] [398/455] JAYD
[16:18:21] [399/455] PPPD
[16:18:22] [400/455] KRTT
[16:18:22] [401/455] PTDT
[16:18:23] [402/455] TRSV
[16:18:24] [403/455] VELR
[16:18:25] 🔄 Identity reset
[16:18:25] 🔄 Identity rotated (every 10 requests)
[16:18:25] [404/455] STDT
[16:18:26] [405/455] SATT
[16:18:27] [406/455] KCPM
[16:18:28] [407/455] MFCP
[16:18:29] [408/455] AXMP
[16:18:30] [409/455] LTVB
[16:18:32] [410/455] APST
[16:18:33] [411/455] DTVP
[16:18:34] [412/455] AAVB
[16:18:35] [413/455] PMBL
[16:18:36] 🔄 Identity reset
[16:18:36] 🔄 Identity rotated (every 10 requests)
[16:18:36] [414/455] STKC
[16:18:37] [415/455] KKMA
[16:18:38] [416/455] NMXS
[16:18:39] [417/455] DECX
[16:18:40] [418/455] MAPJ
[16:18:41] [419/455] SMLK
[16:18:42] [420/455] PMPU
[16:18:43] [421/455] AFST
[16:18:44] [422/455] SRSY
[16:18:46] [423/455] RMKT
[16:18:46] 🔄 Identity reset
[16:18:46] 🔄 Identity rotated (every 10 requests)
[16:18:47] [424/455] RAJX
[16:18:48] [425/455] UVCD
[16:18:49] [426/455] LISA
[16:18:50] [427/455] LMSR
[16:18:51] [428/455] PMCA
[16:18:52] [429/455] INPO
[16:18:53] [430/455] INGO
[16:18:54] [431/455] HFSQ
[16:18:55] [432/455] INMG
[16:18:56] [433/455] NYCP
[16:18:56] 🔄 Identity reset
[16:18:56] 🔄 Identity rotated (every 10 requests)
[16:18:57] [434/455] HFSV
[16:18:58] [435/455] MMZP
[16:18:58] [436/455] KSES
[16:18:59] [437/455] HFSA
[16:19:00] [438/455] ACMM
[16:19:01] [439/455] RCKD
[16:19:02] [440/455] BCKR
[16:19:03] [441/455] SFCO
[16:19:04] [442/455] JCCB
[16:19:05] [443/455] BCCR
[16:19:06] 🔄 Identity reset
[16:19:06] 🔄 Identity rotated (every 10 requests)
[16:19:06] [444/455] NWCB
[16:19:07] [445/455] SAMT
[16:19:08] [446/455] TMST
[16:19:09] [447/455] SJCN
[16:19:10] [448/455] MCBS
[16:19:11] [449/455] CMKR
[16:19:12] [450/455] INPM
[16:19:14] [451/455] WVMT
[16:19:15] [452/455] NYSM
[16:19:16] [453/455] RCMA
[16:19:16] 🔄 Identity reset
[16:19:16] 🔄 Identity rotated (every 10 requests)
[16:19:17] [454/455] RECM
[16:19:18] [455/455] CYCM
[16:19:19] 🧹 Deduping shows
[16:19:19] ✅ DONE | Shows=517 | Movies=32
