[14:21:30] 🚀 SCRIPT STARTED (enhanced anti‑detection)
[14:21:30] [1/459] MCCZ
[14:21:31] 🧠 New identity created
[14:21:31] 🔄 Retry 1/5 for MCCZ in 2.9s
[14:21:31] 🔄 Identity reset
[14:21:34] 🧠 New identity created
[14:21:34] [2/459] FRPU
[14:21:35] [3/459] SKSI
[14:21:36] [4/459] SSCK
[14:21:37] [5/459] SRDC
[14:21:38] [6/459] RSCZ
[14:21:39] [7/459] PRVT
[14:21:39] [8/459] GAGJ
[14:21:40] [9/459] SMHG
[14:21:41] 🔄 Identity reset
[14:21:41] 🔄 Identity rotated (every 10 requests)
[14:21:41] 🔄 Retry 1/5 for SMHG in 2.5s
[14:21:41] 🔄 Identity reset
[14:21:44] 🧠 New identity created
[14:21:44] [10/459] JTST
[14:21:45] [11/459] MYTH
[14:21:46] [12/459] JPCC
[14:21:47] [13/459] ACDC
[14:21:48] [14/459] SVFP
[14:21:49] [15/459] SFCM
[14:21:50] [16/459] RUPK
[14:21:51] [17/459] NTCR
[14:21:52] [18/459] RTCH
[14:21:52] 🔄 Identity reset
[14:21:52] 🔄 Identity rotated (every 10 requests)
[14:21:52] 🔄 Retry 1/5 for RTCH in 3.0s
[14:21:52] 🔄 Identity reset
[14:21:55] 🧠 New identity created
[14:21:56] [19/459] SCMH
[14:21:57] [20/459] SVYM
[14:21:58] [21/459] SPYM
[14:21:59] [22/459] SMMF
[14:22:00] [23/459] CLLB
[14:22:01] [24/459] FMCB
[14:22:02] [25/459] BBTC
[14:22:03] [26/459] NTHS
[14:22:03] [27/459] PKKJ
[14:22:04] 🔄 Identity reset
[14:22:04] 🔄 Identity rotated (every 10 requests)
[14:22:04] 🔄 Retry 1/5 for PKKJ in 2.7s
[14:22:04] 🔄 Identity reset
[14:22:07] 🧠 New identity created
[14:22:07] 🔄 Retry 2/5 for PKKJ in 4.3s
[14:22:07] 🔄 Identity reset
[14:22:11] 🧠 New identity created
[14:22:12] [28/459] MTJA
[14:22:12] [29/459] PMSJ
[14:22:13] [30/459] JMJU
[14:22:14] [31/459] SRAD
[14:22:16] [32/459] MJMC
[14:22:17] [33/459] DFRM
[14:22:18] [34/459] PMRS
[14:22:18] [35/459] RKPP
[14:22:19] 🔄 Identity reset
[14:22:19] 🔄 Identity rotated (every 10 requests)
[14:22:20] [36/459] BMBK
[14:22:20] [37/459] NEWS
[14:22:21] [38/459] SALB
[14:22:22] [39/459] SCPW
[14:22:23] [40/459] RAYL
[14:22:24] [41/459] CMGJ
[14:22:25] [42/459] JRCR
[14:22:26] [43/459] SRTB
[14:22:27] [44/459] ETPB
[14:22:28] [45/459] MXBN
[14:22:28] 🔄 Identity reset
[14:22:28] 🔄 Identity rotated (every 10 requests)
[14:22:28] 🔄 Retry 1/5 for MXBN in 2.6s
[14:22:28] 🔄 Identity reset
[14:22:31] 🧠 New identity created
[14:22:31] 🔄 Retry 2/5 for MXBN in 4.1s
[14:22:31] 🔄 Identity reset
[14:22:35] 🧠 New identity created
[14:22:35] [46/459] TOPE
[14:22:37] [47/459] SNLJ
[14:22:38] [48/459] CDDP
[14:22:38] [49/459] APCX
[14:22:39] [50/459] TALP
[14:22:40] [51/459] RRMP
[14:22:41] [52/459] MAHB
[14:22:42] [53/459] MTKR
[14:22:43] 🔄 Identity reset
[14:22:43] 🔄 Identity rotated (every 10 requests)
[14:22:43] 🔄 Retry 1/5 for MTKR in 2.9s
[14:22:43] 🔄 Identity reset
[14:22:46] 🧠 New identity created
[14:22:46] 🔄 Retry 2/5 for MTKR in 4.5s
[14:22:46] 🔄 Identity reset
[14:22:50] 🧠 New identity created
[14:22:50] 🔄 Retry 3/5 for MTKR in 8.6s
[14:22:50] 🔄 Identity reset
[14:22:59] 🧠 New identity created
[14:22:59] 🔄 Retry 4/5 for MTKR in 16.5s
[14:22:59] 🔄 Identity reset
[14:23:15] 🧠 New identity created
[14:23:16] ❌ MTKR failed after 5 attempts
[14:23:16] 🔄 Identity reset
[14:23:16] ❌ MTKR final failure | RuntimeError | HTTP 403
[14:23:16] [54/459] KSKL
[14:23:16] 🧠 New identity created
[14:23:16] 🔄 Retry 1/5 for KSKL in 2.5s
[14:23:16] 🔄 Identity reset
[14:23:19] 🧠 New identity created
[14:23:19] [55/459] RJLT
[14:23:20] [56/459] ATAS
[14:23:22] [57/459] AMHR
[14:23:23] [58/459] RSRM
[14:23:23] 🔄 Identity reset
[14:23:23] 🔄 Identity rotated (every 10 requests)
[14:23:24] [59/459] GCAT
[14:23:25] [60/459] SMML
[14:23:26] [61/459] ACCD
[14:23:27] [62/459] VYDA
[14:23:27] [63/459] MSKT
[14:23:29] [64/459] AVDM
[14:23:30] [65/459] ASMH
[14:23:31] [66/459] VTMB
[14:23:32] [67/459] WVMB
[14:23:33] [68/459] PPMN
[14:23:34] 🔄 Identity reset
[14:23:34] 🔄 Identity rotated (every 10 requests)
[14:23:34] 🔄 Retry 1/5 for PPMN in 2.5s
[14:23:34] 🔄 Identity reset
[14:23:36] 🧠 New identity created
[14:23:37] [69/459] MTMD
[14:23:37] [70/459] SMMO
[14:23:38] [71/459] DLPB
[14:23:39] [72/459] AKMD
[14:23:40] [73/459] SHRR
[14:23:41] [74/459] ASCO
[14:23:42] [75/459] CZVX
[14:23:43] [76/459] GCBB
[14:23:43] [77/459] ATBM
[14:23:44] 🔄 Identity reset
[14:23:44] 🔄 Identity rotated (every 10 requests)
[14:23:44] 🔄 Retry 1/5 for ATBM in 2.3s
[14:23:44] 🔄 Identity reset
[14:23:46] 🧠 New identity created
[14:23:46] 🔄 Retry 2/5 for ATBM in 4.5s
[14:23:46] 🔄 Identity reset
[14:23:51] 🧠 New identity created
[14:23:51] 🔄 Retry 3/5 for ATBM in 8.8s
[14:23:51] 🔄 Identity reset
[14:24:00] 🧠 New identity created
[14:24:00] 🔄 Retry 4/5 for ATBM in 16.3s
[14:24:00] 🔄 Identity reset
[14:24:16] 🧠 New identity created
[14:24:16] ❌ ATBM failed after 5 attempts
[14:24:16] 🔄 Identity reset
[14:24:16] ❌ ATBM final failure | RuntimeError | HTTP 403
[14:24:16] [78/459] TCGM
[14:24:17] 🧠 New identity created
[14:24:18] [79/459] UMSE
[14:24:19] [80/459] NKCL
[14:24:19] [81/459] BTLR
[14:24:20] [82/459] GOCL
[14:24:21] [83/459] MIRN
[14:24:22] 🔄 Identity reset
[14:24:22] 🔄 Identity rotated (every 10 requests)
[14:24:22] 🔄 Retry 1/5 for MIRN in 2.6s
[14:24:22] 🔄 Identity reset
[14:24:24] 🧠 New identity created
[14:24:25] [84/459] THEC
[14:24:26] [85/459] SPPB
[14:24:27] [86/459] PMMM
[14:24:28] [87/459] GGMC
[14:24:29] [88/459] AVSR
[14:24:30] [89/459] RDMH
[14:24:31] [90/459] JSRS
[14:24:32] [91/459] VKGP
[14:24:33] [92/459] ACRT
[14:24:33] 🔄 Identity reset
[14:24:33] 🔄 Identity rotated (every 10 requests)
[14:24:34] [93/459] GCBA
[14:24:34] [94/459] GTCP
[14:24:35] [95/459] AKFC
[14:24:36] [96/459] INCS
[14:24:37] [97/459] SMCK
[14:24:38] [98/459] BRUN
[14:24:39] [99/459] RPPC
[14:24:40] [100/459] PAYD
[14:24:40] [101/459] SVVT
[14:24:41] [102/459] RNCC
[14:24:42] 🔄 Identity reset
[14:24:42] 🔄 Identity rotated (every 10 requests)
[14:24:42] 🔄 Retry 1/5 for RNCC in 2.9s
[14:24:42] 🔄 Identity reset
[14:24:45] 🧠 New identity created
[14:24:45] 🔄 Retry 2/5 for RNCC in 4.4s
[14:24:45] 🔄 Identity reset
[14:24:49] 🧠 New identity created
[14:24:49] [103/459] PCRC
[14:24:50] [104/459] PMRM
[14:24:51] [105/459] CCRP
[14:24:52] [106/459] INCR
[14:24:53] [107/459] ZTMP
[14:24:54] [108/459] MCNR
[14:24:55] [109/459] INRP
[14:24:56] [110/459] STRC
[14:24:56] 🔄 Identity reset
[14:24:56] 🔄 Identity rotated (every 10 requests)
[14:24:56] [111/459] RATI
[14:24:57] [112/459] PBTR
[14:24:58] [113/459] CMHP
[14:24:59] [114/459] ZECJ
[14:25:00] [115/459] CCCB
[14:25:01] [116/459] BWCB
[14:25:02] [117/459] CCAT
[14:25:03] [118/459] KGCM
[14:25:04] [119/459] INPT
[14:25:05] [120/459] FNCO
[14:25:05] 🔄 Identity reset
[14:25:05] 🔄 Identity rotated (every 10 requests)
[14:25:05] 🔄 Retry 1/5 for FNCO in 2.8s
[14:25:05] 🔄 Identity reset
[14:25:08] 🧠 New identity created
[14:25:09] [121/459] SRMJ
[14:25:10] [122/459] PFSC
[14:25:10] [123/459] PBMC
[14:25:11] [124/459] KARP
[14:25:12] [125/459] KOVI
[14:25:13] [126/459] ACXL
[14:25:14] [127/459] GKCC
[14:25:15] [128/459] ASCC
[14:25:15] [129/459] SETC
[14:25:16] 🔄 Identity reset
[14:25:16] 🔄 Identity rotated (every 10 requests)
[14:25:16] [130/459] KACC
[14:25:17] [131/459] KAVE
[14:25:18] [132/459] CNTC
[14:25:19] [133/459] MEEN
[14:25:20] [134/459] BMRV
[14:25:20] [135/459] SVAM
[14:25:22] [136/459] VTBP
[14:25:23] [137/459] VCKN
[14:25:24] [138/459] SGTK
[14:25:25] [139/459] RCGS
[14:25:26] 🔄 Identity reset
[14:25:26] 🔄 Identity rotated (every 10 requests)
[14:25:26] [140/459] RCCB
[14:25:27] [141/459] RKSR
[14:25:28] [142/459] RKCU
[14:25:29] [143/459] GIBH
[14:25:30] [144/459] CXBS
[14:25:31] [145/459] GGCB
[14:25:32] [146/459] SCPB
[14:25:33] [147/459] AKTB
[14:25:34] [148/459] SRBU
[14:25:35] [149/459] CSSA
[14:25:36] 🔄 Identity reset
[14:25:36] 🔄 Identity rotated (every 10 requests)
[14:25:36] [150/459] MYAN
[14:25:37] [151/459] EXCA
[14:25:38] [152/459] CKSA
[14:25:39] [153/459] JTNM
[14:25:40] [154/459] CXKT
[14:25:40] [155/459] NCLM
[14:25:41] [156/459] JAAD
[14:25:42] [157/459] RDCR
[14:25:43] [158/459] MEER
[14:25:44] [159/459] SIBT
[14:25:45] 🔄 Identity reset
[14:25:45] 🔄 Identity rotated (every 10 requests)
[14:25:45] 🔄 Retry 1/5 for SIBT in 2.2s
[14:25:45] 🔄 Identity reset
[14:25:47] 🧠 New identity created
[14:25:47] 🔄 Retry 2/5 for SIBT in 4.4s
[14:25:47] 🔄 Identity reset
[14:25:51] 🧠 New identity created
[14:25:52] [160/459] PVVB
[14:25:52] [161/459] FNPN
[14:25:53] [162/459] CRPX
[14:25:54] [163/459] STET
[14:25:55] [164/459] METE
[14:25:57] [165/459] BJML
[14:25:58] [166/459] MAVT
[14:25:58] [167/459] MSRM
[14:25:59] 🔄 Identity reset
[14:25:59] 🔄 Identity rotated (every 10 requests)
[14:25:59] 🔄 Retry 1/5 for MSRM in 2.1s
[14:25:59] 🔄 Identity reset
[14:26:01] 🧠 New identity created
[14:26:02] [168/459] TJMP
[14:26:03] [169/459] MHCK
[14:26:04] [170/459] SVGP
[14:26:05] [171/459] KRRC
[14:26:06] [172/459] IMCH
[14:26:06] [173/459] CMCS
[14:26:07] [174/459] SGND
[14:26:08] [175/459] RNAT
[14:26:09] [176/459] PRTN
[14:26:10] 🔄 Identity reset
[14:26:10] 🔄 Identity rotated (every 10 requests)
[14:26:10] [177/459] MPTN
[14:26:11] [178/459] ARCC
[14:26:12] [179/459] NTTE
[14:26:13] [180/459] ABND
[14:26:14] [181/459] KCSN
[14:26:15] [182/459] KCSA
[14:26:15] [183/459] DCKT
[14:26:16] [184/459] MBBR
[14:26:17] [185/459] RAMU
[14:26:18] [186/459] RACW
[14:26:19] 🔄 Identity reset
[14:26:19] 🔄 Identity rotated (every 10 requests)
[14:26:19] [187/459] MCHP
[14:26:20] [188/459] TMHM
[14:26:21] [189/459] STXH
[14:26:22] [190/459] AGSG
[14:26:23] [191/459] SIRA
[14:26:23] [192/459] RCAN
[14:26:24] [193/459] CWTB
[14:26:25] [194/459] VTYM
[14:26:26] [195/459] RRPP
[14:26:27] [196/459] ASMR
[14:26:27] 🔄 Identity reset
[14:26:28] 🔄 Identity rotated (every 10 requests)
[14:26:28] 🔄 Retry 1/5 for ASMR in 2.5s
[14:26:28] 🔄 Identity reset
[14:26:30] 🧠 New identity created
[14:26:30] 🔄 Retry 2/5 for ASMR in 4.2s
[14:26:30] 🔄 Identity reset
[14:26:34] 🧠 New identity created
[14:26:35] [197/459] RONO
[14:26:36] [198/459] MEMR
[14:26:37] [199/459] CTMR
[14:26:38] [200/459] PMTT
[14:26:39] [201/459] PSLX
[14:26:39] [202/459] IPPL
[14:26:40] [203/459] MMSG
[14:26:41] [204/459] INEL
[14:26:42] 🔄 Identity reset
[14:26:42] 🔄 Identity rotated (every 10 requests)
[14:26:42] [205/459] COAC
[14:26:43] [206/459] WVLK
[14:26:44] [207/459] PPXL
[14:26:45] [208/459] PSML
[14:26:46] [209/459] FNLK
[14:26:47] [210/459] ILUM
[14:26:47] [211/459] ILCM
[14:26:48] [212/459] MSNL
[14:26:49] [213/459] VINB
[14:26:50] [214/459] SALW
[14:26:50] 🔄 Identity reset
[14:26:50] 🔄 Identity rotated (every 10 requests)
[14:26:50] 🔄 Retry 1/5 for SALW in 3.0s
[14:26:50] 🔄 Identity reset
[14:26:53] 🧠 New identity created
[14:26:54] [215/459] PRTB
[14:26:55] [216/459] NCIL
[14:26:56] [217/459] PSUL
[14:26:57] [218/459] SCLK
[14:26:57] [219/459] ADDC
[14:26:58] [220/459] OACL
[14:26:59] [221/459] OOCF
[14:27:00] [222/459] GPMF
[14:27:01] [223/459] SSDG
[14:27:02] 🔄 Identity reset
[14:27:02] 🔄 Identity rotated (every 10 requests)
[14:27:02] 🔄 Retry 1/5 for SSDG in 2.5s
[14:27:02] 🔄 Identity reset
[14:27:05] 🧠 New identity created
[14:27:05] [224/459] SKRS
[14:27:06] [225/459] NTTP
[14:27:06] [226/459] SLTP
[14:27:08] [227/459] JTLC
[14:27:08] [228/459] POON
[14:27:09] [229/459] CCPC
[14:27:10] [230/459] DCKC
[14:27:11] [231/459] CPRT
[14:27:12] [232/459] EYHZ
[14:27:13] 🔄 Identity reset
[14:27:13] 🔄 Identity rotated (every 10 requests)
[14:27:13] [233/459] ARBL
[14:27:14] [234/459] SBTB
[14:27:15] [235/459] MMCK
[14:27:16] [236/459] PLMR
[14:27:16] [237/459] BIJH
[14:27:17] [238/459] SDRT
[14:27:18] [239/459] PRDC
[14:27:19] [240/459] OMJA
[14:27:20] [241/459] VKCR
[14:27:21] [242/459] ATRT
[14:27:21] 🔄 Identity reset
[14:27:21] 🔄 Identity rotated (every 10 requests)
[14:27:21] 🔄 Retry 1/5 for ATRT in 2.9s
[14:27:21] 🔄 Identity reset
[14:27:24] 🧠 New identity created
[14:27:24] 🔄 Retry 2/5 for ATRT in 5.0s
[14:27:24] 🔄 Identity reset
[14:27:29] 🧠 New identity created
[14:27:30] [243/459] WVRP
[14:27:31] [244/459] MVRP
[14:27:32] [245/459] FCAX
[14:27:34] [246/459] CTLC
[14:27:35] [247/459] JCHB
[14:27:36] [248/459] SELP
[14:27:36] [249/459] VCPG
[14:27:37] [250/459] ASCX
[14:27:38] 🔄 Identity reset
[14:27:38] 🔄 Identity rotated (every 10 requests)
[14:27:38] [251/459] EOCS
[14:27:39] [252/459] RCPH
[14:27:40] [253/459] RJTM
[14:27:41] [254/459] SGMD
[14:27:42] [255/459] SVJT
[14:27:43] [256/459] SPPO
[14:27:44] [257/459] MNRL
[14:27:45] [258/459] KNOX
[14:27:46] [259/459] GIER
[14:27:47] [260/459] PJMS
[14:27:48] 🔄 Identity reset
[14:27:48] 🔄 Identity rotated (every 10 requests)
[14:27:48] [261/459] UNSP
[14:27:49] [262/459] JETP
[14:27:50] [263/459] VTWA
[14:27:51] [264/459] SCJI
[14:27:52] [265/459] CBZZ
[14:27:53] [266/459] SDCJ
[14:27:53] [267/459] RRCC
[14:27:54] [268/459] VNKG
[14:27:55] [269/459] LKTO
[14:27:56] [270/459] PJRM
[14:27:56] 🔄 Identity reset
[14:27:56] 🔄 Identity rotated (every 10 requests)
[14:27:57] [271/459] NVRM
[14:27:58] [272/459] SJCS
[14:27:59] [273/459] VIGK
[14:28:00] [274/459] ANST
[14:28:00] [275/459] JTTS
[14:28:01] [276/459] NTST
[14:28:02] [277/459] PREB
[14:28:03] [278/459] TSCZ
[14:28:04] [279/459] CDCM
[14:28:05] [280/459] ELYE
[14:28:05] 🔄 Identity reset
[14:28:05] 🔄 Identity rotated (every 10 requests)
[14:28:06] 🔄 Retry 1/5 for ELYE in 2.3s
[14:28:06] 🔄 Identity reset
[14:28:08] 🧠 New identity created
[14:28:09] [281/459] INBS
[14:28:10] [282/459] SMGC
[14:28:10] [283/459] UTMP
[14:28:11] [284/459] INTA
[14:28:12] [285/459] OMPT
[14:28:13] [286/459] SCIR
[14:28:14] [287/459] GCKJ
[14:28:15] [288/459] INOG
[14:28:16] [289/459] SMGB
[14:28:16] 🔄 Identity reset
[14:28:16] 🔄 Identity rotated (every 10 requests)
[14:28:16] 🔄 Retry 1/5 for SMGB in 2.8s
[14:28:16] 🔄 Identity reset
[14:28:19] 🧠 New identity created
[14:28:20] [290/459] MCSG
[14:28:20] [291/459] STKG
[14:28:21] [292/459] TTKG
[14:28:22] [293/459] SRTR
[14:28:23] [294/459] ETTR
[14:28:24] [295/459] GGGZ
[14:28:25] [296/459] IPGM
[14:28:26] [297/459] FCDH
[14:28:27] [298/459] DESB
[14:28:27] 🔄 Identity reset
[14:28:27] 🔄 Identity rotated (every 10 requests)
[14:28:28] [299/459] VNTP
[14:28:29] [300/459] ANNT
[14:28:30] [301/459] SLTI
[14:28:31] [302/459] MAJU
[14:28:31] [303/459] JCXP
[14:28:32] [304/459] HARK
[14:28:33] [305/459] JPCJ
[14:28:34] [306/459] RXBD
[14:28:35] [307/459] PTKJ
[14:28:36] [308/459] CMTU
[14:28:36] 🔄 Identity reset
[14:28:36] 🔄 Identity rotated (every 10 requests)
[14:28:37] [309/459] SWOR
[14:28:38] [310/459] JMEX
[14:28:39] [311/459] DTPT
[14:28:39] [312/459] VGMM
[14:28:40] [313/459] VCSG
[14:28:41] [314/459] CVCG
[14:28:43] [315/459] TNTT
[14:28:43] [316/459] SHRM
[14:28:44] [317/459] CGKD
[14:28:45] [318/459] EKCM
[14:28:46] 🔄 Identity reset
[14:28:46] 🔄 Identity rotated (every 10 requests)
[14:28:46] 🔄 Retry 1/5 for EKCM in 2.5s
[14:28:46] 🔄 Identity reset
[14:28:49] 🧠 New identity created
[14:28:49] [319/459] SDCX
[14:28:50] [320/459] SBTE
[14:28:51] [321/459] STKJ
[14:28:51] [322/459] TPCE
[14:28:52] [323/459] JTNP
[14:28:53] [324/459] LPCH
[14:28:54] [325/459] CPUO
[14:28:54] [326/459] APSU
[14:28:55] [327/459] RTHC
[14:28:56] 🔄 Identity reset
[14:28:56] 🔄 Identity rotated (every 10 requests)
[14:28:57] [328/459] PTBU
[14:28:58] [329/459] CUCC
[14:28:59] [330/459] CPSA
[14:29:00] [331/459] SUAY
[14:29:01] [332/459] AYAA
[14:29:02] [333/459] MUCH
[14:29:03] [334/459] PCIN
[14:29:04] [335/459] JRRM
[14:29:05] [336/459] KATS
[14:29:05] [337/459] MHFF
[14:29:06] 🔄 Identity reset
[14:29:06] 🔄 Identity rotated (every 10 requests)
[14:29:07] [338/459] ESYM
[14:29:08] [339/459] STYV
[14:29:08] [340/459] SDKG
[14:29:09] [341/459] SMTI
[14:29:10] [342/459] NYCS
[14:29:11] [343/459] MTBG
[14:29:12] [344/459] RHCA
[14:29:13] [345/459] PCKH
[14:29:14] [346/459] ARCR
[14:29:15] [347/459] NCMB
[14:29:16] 🔄 Identity reset
[14:29:16] 🔄 Identity rotated (every 10 requests)
[14:29:16] [348/459] SHYC
[14:29:17] [349/459] LACK
[14:29:18] [350/459] MTCM
[14:29:19] [351/459] RRBN
[14:29:20] [352/459] MYDC
[14:29:21] [353/459] STCS
[14:29:21] [354/459] CONN
[14:29:22] [355/459] SIPS
[14:29:23] [356/459] SMMX
[14:29:24] [357/459] SCBY
[14:29:25] 🔄 Identity reset
[14:29:25] 🔄 Identity rotated (every 10 requests)
[14:29:25] 🔄 Retry 1/5 for SCBY in 2.7s
[14:29:25] 🔄 Identity reset
[14:29:27] 🧠 New identity created
[14:29:27] 🔄 Retry 2/5 for SCBY in 4.7s
[14:29:27] 🔄 Identity reset
[14:29:32] 🧠 New identity created
[14:29:32] [358/459] SUAP
[14:29:33] [359/459] RSMK
[14:29:34] [360/459] STKP
[14:29:35] [361/459] CIPC
[14:29:37] [362/459] KKCI
[14:29:38] [363/459] CTNK
[14:29:39] [364/459] MMTZ
[14:29:40] [365/459] DCCO
[14:29:40] 🔄 Identity reset
[14:29:40] 🔄 Identity rotated (every 10 requests)
[14:29:41] [366/459] VNMN
[14:29:42] [367/459] RLCN
[14:29:42] [368/459] CMMS
[14:29:43] [369/459] AYOU
[14:29:44] [370/459] SSCN
[14:29:45] [371/459] SMXN
[14:29:47] [372/459] ASSK
[14:29:48] [373/459] VCKM
[14:29:48] [374/459] PCPH
[14:29:49] [375/459] PADM
[14:29:50] 🔄 Identity reset
[14:29:50] 🔄 Identity rotated (every 10 requests)
[14:29:50] 🔄 Retry 1/5 for PADM in 3.0s
[14:29:50] 🔄 Identity reset
[14:29:53] 🧠 New identity created
[14:29:53] [376/459] IESA
[14:29:54] [377/459] VCSP
[14:29:55] [378/459] AEST
[14:29:56] [379/459] VTNR
[14:29:57] [380/459] GTTA
[14:29:58] [381/459] CMMM
[14:30:00] [382/459] AHKT
[14:30:01] [383/459] SIJI
[14:30:01] [384/459] VCEI
[14:30:02] 🔄 Identity reset
[14:30:02] 🔄 Identity rotated (every 10 requests)
[14:30:02] [385/459] SAKR
[14:30:04] [386/459] VSMT
[14:30:05] [387/459] SSCT
[14:30:06] [388/459] USTR
[14:30:07] [389/459] MTKT
[14:30:08] [390/459] TGMP
[14:30:08] [391/459] SIVC
[14:30:10] [392/459] KICT
[14:30:11] [393/459] DAMD
[14:30:12] [394/459] CNPT
[14:30:12] 🔄 Identity reset
[14:30:12] 🔄 Identity rotated (every 10 requests)
[14:30:13] [395/459] RVTT
[14:30:13] [396/459] SNCM
[14:30:14] [397/459] GHTE
[14:30:15] [398/459] PPAM
[14:30:16] [399/459] PVAA
[14:30:17] [400/459] CPAO
[14:30:18] [401/459] HAMD
[14:30:19] [402/459] RCCA
[14:30:20] [403/459] MPCH
[14:30:21] [404/459] ARED
[14:30:21] 🔄 Identity reset
[14:30:21] 🔄 Identity rotated (every 10 requests)
[14:30:21] [405/459] RRCV
[14:30:23] [406/459] MTRB
[14:30:24] [407/459] CKUA
[14:30:25] [408/459] ABMP
[14:30:26] [409/459] RCWA
[14:30:26] [410/459] CGAR
[14:30:28] [411/459] METH
[14:30:29] [412/459] WAGA
[14:30:30] [413/459] MCMA
[14:30:30] [414/459] CSMP
[14:30:31] 🔄 Identity reset
[14:30:31] 🔄 Identity rotated (every 10 requests)
[14:30:31] [415/459] RCNK
[14:30:32] [416/459] PSTM
[14:30:33] [417/459] CSEP
[14:30:34] [418/459] AMGD
[14:30:34] [419/459] CSTE
[14:30:35] [420/459] CONS
[14:30:36] [421/459] APPX
[14:30:37] [422/459] MABC
[14:30:38] [423/459] CXST
[14:30:38] [424/459] MATN
[14:30:39] 🔄 Identity reset
[14:30:39] 🔄 Identity rotated (every 10 requests)
[14:30:39] [425/459] MACZ
[14:30:40] [426/459] MASA
[14:30:41] [427/459] MBSX
[14:30:42] [428/459] CSST
[14:30:43] [429/459] APCL
[14:30:43] [430/459] CGOS
[14:30:44] [431/459] CPEC
[14:30:45] [432/459] MCCP
[14:30:46] [433/459] BSSO
[14:30:46] [434/459] SJKA
[14:30:47] 🔄 Identity reset
[14:30:47] 🔄 Identity rotated (every 10 requests)
[14:30:47] [435/459] CGBO
[14:30:48] [436/459] MVSK
[14:30:49] [437/459] HVCA
[14:30:50] [438/459] NAMD
[14:30:51] [439/459] DEVI
[14:30:52] [440/459] SCSV
[14:30:53] [441/459] PSMA
[14:30:53] [442/459] CLDJ
[14:30:55] [443/459] NMAD
[14:30:55] [444/459] CGMO
[14:30:56] 🔄 Identity reset
[14:30:56] 🔄 Identity rotated (every 10 requests)
[14:30:56] [445/459] MCNA
[14:30:57] [446/459] OCBN
[14:30:58] [447/459] CPEM
[14:30:59] [448/459] CPSM
[14:31:00] [449/459] RCAD
[14:31:00] [450/459] CPMU
[14:31:01] [451/459] DICD
[14:31:02] [452/459] CHOE
[14:31:02] [453/459] PDJM
[14:31:04] [454/459] SSTU
[14:31:05] 🔄 Identity reset
[14:31:05] 🔄 Identity rotated (every 10 requests)
[14:31:06] [455/459] VNRN
[14:31:06] [456/459] PVLG
[14:31:07] [457/459] SWBL
[14:31:08] [458/459] SCAB
[14:31:09] [459/459] RDDA
[14:31:10] 🔁 RETRY ROUND 1 | Remaining: 2
[14:31:10] [RETRY-1] ATBM
[14:31:12] [RETRY-1] MTKR
[14:31:16] 🧹 Deduping shows
[14:31:16] ✅ DONE | Shows=437 | Movies=33
[16:11:32] 🚀 SCRIPT STARTED (enhanced anti‑detection)
[16:11:32] [1/459] MCCZ
[16:11:32] 🧠 New identity created
[16:11:32] [2/459] FRPU
[16:11:33] [3/459] SKSI
[16:11:34] [4/459] SSCK
[16:11:35] [5/459] SRDC
[16:11:36] [6/459] RSCZ
[16:11:38] [7/459] PRVT
[16:11:38] [8/459] GAGJ
[16:11:39] [9/459] SMHG
[16:11:40] [10/459] JTST
[16:11:40] 🔄 Identity reset
[16:11:40] 🔄 Identity rotated (every 10 requests)
[16:11:41] [11/459] MYTH
[16:11:41] [12/459] JPCC
[16:11:42] [13/459] ACDC
[16:11:43] [14/459] SVFP
[16:11:44] [15/459] SFCM
[16:11:46] [16/459] RUPK
[16:11:46] [17/459] NTCR
[16:11:47] [18/459] RTCH
[16:11:48] [19/459] SCMH
[16:11:49] [20/459] SVYM
[16:11:50] 🔄 Identity reset
[16:11:50] 🔄 Identity rotated (every 10 requests)
[16:11:50] [21/459] SPYM
[16:11:51] [22/459] SMMF
[16:11:52] [23/459] CLLB
[16:11:53] [24/459] FMCB
[16:11:54] [25/459] BBTC
[16:11:55] [26/459] NTHS
[16:11:56] [27/459] PKKJ
[16:11:56] [28/459] MTJA
[16:11:57] [29/459] PMSJ
[16:11:58] [30/459] JMJU
[16:11:59] 🔄 Identity reset
[16:11:59] 🔄 Identity rotated (every 10 requests)
[16:11:59] [31/459] SRAD
[16:12:01] [32/459] MJMC
[16:12:02] [33/459] DFRM
[16:12:03] [34/459] PMRS
[16:12:04] [35/459] RKPP
[16:12:05] [36/459] BMBK
[16:12:06] [37/459] NEWS
[16:12:07] [38/459] SALB
[16:12:08] [39/459] SCPW
[16:12:09] [40/459] RAYL
[16:12:09] 🔄 Identity reset
[16:12:09] 🔄 Identity rotated (every 10 requests)
[16:12:10] [41/459] CMGJ
[16:12:11] [42/459] JRCR
[16:12:13] [43/459] SRTB
[16:12:13] [44/459] ETPB
[16:12:14] [45/459] MXBN
[16:12:16] [46/459] TOPE
[16:12:17] [47/459] SNLJ
[16:12:17] [48/459] CDDP
[16:12:18] [49/459] APCX
[16:12:19] [50/459] TALP
[16:12:20] 🔄 Identity reset
[16:12:20] 🔄 Identity rotated (every 10 requests)
[16:12:20] [51/459] RRMP
[16:12:21] [52/459] MAHB
[16:12:22] [53/459] MTKR
[16:12:23] [54/459] KSKL
[16:12:24] [55/459] RJLT
[16:12:25] [56/459] ATAS
[16:12:26] [57/459] AMHR
[16:12:27] [58/459] RSRM
[16:12:28] [59/459] GCAT
[16:12:28] [60/459] SMML
[16:12:29] 🔄 Identity reset
[16:12:29] 🔄 Identity rotated (every 10 requests)
[16:12:30] [61/459] ACCD
[16:12:31] [62/459] VYDA
[16:12:31] [63/459] MSKT
[16:12:32] [64/459] AVDM
[16:12:34] [65/459] ASMH
[16:12:35] [66/459] VTMB
[16:12:36] [67/459] WVMB
[16:12:37] [68/459] PPMN
[16:12:38] [69/459] MTMD
[16:12:39] [70/459] SMMO
[16:12:39] 🔄 Identity reset
[16:12:39] 🔄 Identity rotated (every 10 requests)
[16:12:39] [71/459] DLPB
[16:12:41] [72/459] AKMD
[16:12:42] [73/459] SHRR
[16:12:43] [74/459] ASCO
[16:12:44] [75/459] CZVX
[16:12:45] [76/459] GCBB
[16:12:46] [77/459] ATBM
[16:12:47] [78/459] TCGM
[16:12:48] [79/459] UMSE
[16:12:49] [80/459] NKCL
[16:12:50] 🔄 Identity reset
[16:12:50] 🔄 Identity rotated (every 10 requests)
[16:12:50] [81/459] BTLR
[16:12:51] [82/459] GOCL
[16:12:52] [83/459] MIRN
[16:12:53] [84/459] THEC
[16:12:54] [85/459] SPPB
[16:12:55] [86/459] PMMM
[16:12:56] [87/459] GGMC
[16:12:57] [88/459] AVSR
[16:12:58] [89/459] RDMH
[16:12:59] [90/459] JSRS
[16:13:00] 🔄 Identity reset
[16:13:00] 🔄 Identity rotated (every 10 requests)
[16:13:00] [91/459] VKGP
[16:13:01] [92/459] ACRT
[16:13:02] [93/459] GCBA
[16:13:03] [94/459] GTCP
[16:13:04] [95/459] AKFC
[16:13:05] [96/459] INCS
[16:13:05] [97/459] SMCK
[16:13:06] [98/459] BRUN
[16:13:08] [99/459] RPPC
[16:13:09] [100/459] PAYD
[16:13:10] 🔄 Identity reset
[16:13:10] 🔄 Identity rotated (every 10 requests)
[16:13:10] [101/459] SVVT
[16:13:11] [102/459] RNCC
[16:13:12] [103/459] PCRC
[16:13:13] [104/459] PMRM
[16:13:14] [105/459] CCRP
[16:13:15] [106/459] INCR
[16:13:16] [107/459] ZTMP
[16:13:17] [108/459] MCNR
[16:13:18] [109/459] INRP
[16:13:19] [110/459] STRC
[16:13:19] 🔄 Identity reset
[16:13:19] 🔄 Identity rotated (every 10 requests)
[16:13:20] [111/459] RATI
[16:13:21] [112/459] PBTR
[16:13:21] [113/459] CMHP
[16:13:22] [114/459] ZECJ
[16:13:23] [115/459] CCCB
[16:13:25] [116/459] BWCB
[16:13:26] [117/459] CCAT
[16:13:27] [118/459] KGCM
[16:13:28] [119/459] INPT
[16:13:29] [120/459] FNCO
[16:13:30] 🔄 Identity reset
[16:13:30] 🔄 Identity rotated (every 10 requests)
[16:13:30] 🔄 Retry 1/5 for FNCO in 2.4s
[16:13:30] 🔄 Identity reset
[16:13:32] 🧠 New identity created
[16:13:33] [121/459] SRMJ
[16:13:34] [122/459] PFSC
[16:13:35] [123/459] PBMC
[16:13:36] [124/459] KARP
[16:13:37] [125/459] KOVI
[16:13:38] [126/459] ACXL
[16:13:39] [127/459] GKCC
[16:13:40] [128/459] ASCC
[16:13:41] [129/459] SETC
[16:13:41] 🔄 Identity reset
[16:13:41] 🔄 Identity rotated (every 10 requests)
[16:13:41] 🔄 Retry 1/5 for SETC in 2.8s
[16:13:41] 🔄 Identity reset
[16:13:44] 🧠 New identity created
[16:13:45] [130/459] KACC
[16:13:46] [131/459] KAVE
[16:13:47] [132/459] CNTC
[16:13:48] [133/459] MEEN
[16:13:49] [134/459] BMRV
[16:13:50] [135/459] SVAM
[16:13:51] [136/459] VTBP
[16:13:52] [137/459] VCKN
[16:13:52] [138/459] SGTK
[16:13:53] 🔄 Identity reset
[16:13:53] 🔄 Identity rotated (every 10 requests)
[16:13:54] [139/459] RCGS
[16:13:55] [140/459] RCCB
[16:13:56] [141/459] RKSR
[16:13:56] [142/459] RKCU
[16:13:57] [143/459] GIBH
[16:13:58] [144/459] CXBS
[16:13:59] [145/459] GGCB
[16:14:00] [146/459] SCPB
[16:14:01] [147/459] AKTB
[16:14:02] [148/459] SRBU
[16:14:03] 🔄 Identity reset
[16:14:03] 🔄 Identity rotated (every 10 requests)
[16:14:03] [149/459] CSSA
[16:14:04] [150/459] MYAN
[16:14:05] [151/459] EXCA
[16:14:06] [152/459] CKSA
[16:14:07] [153/459] JTNM
[16:14:08] [154/459] CXKT
[16:14:09] [155/459] NCLM
[16:14:10] [156/459] JAAD
[16:14:11] [157/459] RDCR
[16:14:12] [158/459] MEER
[16:14:13] 🔄 Identity reset
[16:14:13] 🔄 Identity rotated (every 10 requests)
[16:14:13] [159/459] SIBT
[16:14:14] [160/459] PVVB
[16:14:15] [161/459] FNPN
[16:14:16] [162/459] CRPX
[16:14:17] [163/459] STET
[16:14:18] [164/459] METE
[16:14:19] [165/459] BJML
[16:14:20] [166/459] MAVT
[16:14:21] [167/459] MSRM
[16:14:22] [168/459] TJMP
[16:14:23] 🔄 Identity reset
[16:14:23] 🔄 Identity rotated (every 10 requests)
[16:14:23] [169/459] MHCK
[16:14:24] [170/459] SVGP
[16:14:25] [171/459] KRRC
[16:14:26] [172/459] IMCH
[16:14:27] [173/459] CMCS
[16:14:28] [174/459] SGND
[16:14:29] [175/459] RNAT
[16:14:30] [176/459] PRTN
[16:14:31] [177/459] MPTN
[16:14:32] [178/459] ARCC
[16:14:32] 🔄 Identity reset
[16:14:32] 🔄 Identity rotated (every 10 requests)
[16:14:32] 🔄 Retry 1/5 for ARCC in 2.5s
[16:14:32] 🔄 Identity reset
[16:14:35] 🧠 New identity created
[16:14:35] [179/459] NTTE
[16:14:36] [180/459] ABND
[16:14:37] [181/459] KCSN
[16:14:38] [182/459] KCSA
[16:14:39] [183/459] DCKT
[16:14:40] [184/459] MBBR
[16:14:41] [185/459] RAMU
[16:14:41] [186/459] RACW
[16:14:42] [187/459] MCHP
[16:14:43] 🔄 Identity reset
[16:14:43] 🔄 Identity rotated (every 10 requests)
[16:14:43] [188/459] TMHM
[16:14:44] [189/459] STXH
[16:14:45] [190/459] AGSG
[16:14:46] [191/459] SIRA
[16:14:47] [192/459] RCAN
[16:14:48] [193/459] CWTB
[16:14:49] [194/459] VTYM
[16:14:50] [195/459] RRPP
[16:14:51] [196/459] ASMR
[16:14:52] [197/459] RONO
[16:14:52] 🔄 Identity reset
[16:14:52] 🔄 Identity rotated (every 10 requests)
[16:14:52] 🔄 Retry 1/5 for RONO in 2.7s
[16:14:52] 🔄 Identity reset
[16:14:55] 🧠 New identity created
[16:14:56] [198/459] MEMR
[16:14:57] [199/459] CTMR
[16:14:58] [200/459] PMTT
[16:14:59] [201/459] PSLX
[16:15:00] [202/459] IPPL
[16:15:00] [203/459] MMSG
[16:15:01] [204/459] INEL
[16:15:02] [205/459] COAC
[16:15:03] [206/459] WVLK
[16:15:04] 🔄 Identity reset
[16:15:04] 🔄 Identity rotated (every 10 requests)
[16:15:04] [207/459] PPXL
[16:15:05] [208/459] PSML
[16:15:06] [209/459] FNLK
[16:15:07] [210/459] ILUM
[16:15:08] [211/459] ILCM
[16:15:09] [212/459] MSNL
[16:15:10] [213/459] VINB
[16:15:11] [214/459] SALW
[16:15:12] [215/459] PRTB
[16:15:12] [216/459] NCIL
[16:15:13] 🔄 Identity reset
[16:15:13] 🔄 Identity rotated (every 10 requests)
[16:15:13] 🔄 Retry 1/5 for NCIL in 2.9s
[16:15:13] 🔄 Identity reset
[16:15:16] 🧠 New identity created
[16:15:16] [217/459] PSUL
[16:15:18] [218/459] SCLK
[16:15:19] [219/459] ADDC
[16:15:20] [220/459] OACL
[16:15:21] [221/459] OOCF
[16:15:22] [222/459] GPMF
[16:15:23] [223/459] SSDG
[16:15:24] [224/459] SKRS
[16:15:25] [225/459] NTTP
[16:15:25] 🔄 Identity reset
[16:15:25] 🔄 Identity rotated (every 10 requests)
[16:15:26] [226/459] SLTP
[16:15:27] [227/459] JTLC
[16:15:28] [228/459] POON
[16:15:29] [229/459] CCPC
[16:15:30] [230/459] DCKC
[16:15:31] [231/459] CPRT
[16:15:32] [232/459] EYHZ
[16:15:33] [233/459] ARBL
[16:15:34] [234/459] SBTB
[16:15:36] [235/459] MMCK
[16:15:36] 🔄 Identity reset
[16:15:36] 🔄 Identity rotated (every 10 requests)
[16:15:37] [236/459] PLMR
[16:15:37] [237/459] BIJH
[16:15:38] [238/459] SDRT
[16:15:39] [239/459] PRDC
[16:15:41] [240/459] OMJA
[16:15:42] [241/459] VKCR
[16:15:44] [242/459] ATRT
[16:15:45] [243/459] WVRP
[16:15:46] [244/459] MVRP
[16:15:47] [245/459] FCAX
[16:15:47] 🔄 Identity reset
[16:15:47] 🔄 Identity rotated (every 10 requests)
[16:15:47] 🔄 Retry 1/5 for FCAX in 2.1s
[16:15:47] 🔄 Identity reset
[16:15:49] 🧠 New identity created
[16:15:50] [246/459] CTLC
[16:15:51] [247/459] JCHB
[16:15:52] [248/459] SELP
[16:15:53] [249/459] VCPG
[16:15:54] [250/459] ASCX
[16:15:56] [251/459] EOCS
[16:15:57] [252/459] RCPH
[16:15:58] [253/459] RJTM
[16:15:59] [254/459] SGMD
[16:15:59] 🔄 Identity reset
[16:15:59] 🔄 Identity rotated (every 10 requests)
[16:16:00] [255/459] SVJT
[16:16:01] [256/459] SPPO
[16:16:02] [257/459] MNRL
[16:16:03] [258/459] KNOX
[16:16:03] [259/459] GIER
[16:16:04] [260/459] PJMS
[16:16:05] [261/459] UNSP
[16:16:06] [262/459] JETP
[16:16:07] [263/459] VTWA
[16:16:08] [264/459] SCJI
[16:16:09] 🔄 Identity reset
[16:16:09] 🔄 Identity rotated (every 10 requests)
[16:16:09] [265/459] CBZZ
[16:16:10] [266/459] SDCJ
[16:16:11] [267/459] RRCC
[16:16:12] [268/459] VNKG
[16:16:13] [269/459] LKTO
[16:16:13] [270/459] PJRM
[16:16:14] [271/459] NVRM
[16:16:15] [272/459] SJCS
[16:16:17] [273/459] VIGK
[16:16:18] [274/459] ANST
[16:16:18] 🔄 Identity reset
[16:16:18] 🔄 Identity rotated (every 10 requests)
[16:16:18] 🔄 Retry 1/5 for ANST in 2.2s
[16:16:18] 🔄 Identity reset
[16:16:20] 🧠 New identity created
[16:16:21] [275/459] JTTS
[16:16:22] [276/459] NTST
[16:16:22] [277/459] PREB
[16:16:23] [278/459] TSCZ
[16:16:24] [279/459] CDCM
[16:16:25] [280/459] ELYE
[16:16:26] [281/459] INBS
[16:16:27] [282/459] SMGC
[16:16:29] [283/459] UTMP
[16:16:29] 🔄 Identity reset
[16:16:30] 🔄 Identity rotated (every 10 requests)
[16:16:30] 🔄 Retry 1/5 for UTMP in 2.8s
[16:16:30] 🔄 Identity reset
[16:16:32] 🧠 New identity created
[16:16:33] [284/459] INTA
[16:16:34] [285/459] OMPT
[16:16:35] [286/459] SCIR
[16:16:36] [287/459] GCKJ
[16:16:37] [288/459] INOG
[16:16:38] [289/459] SMGB
[16:16:39] [290/459] MCSG
[16:16:40] [291/459] STKG
[16:16:41] [292/459] TTKG
[16:16:42] 🔄 Identity reset
[16:16:42] 🔄 Identity rotated (every 10 requests)
[16:16:42] [293/459] SRTR
[16:16:43] [294/459] ETTR
[16:16:44] [295/459] GGGZ
[16:16:45] [296/459] IPGM
[16:16:46] [297/459] FCDH
[16:16:47] [298/459] DESB
[16:16:48] [299/459] VNTP
[16:16:49] [300/459] ANNT
[16:16:50] [301/459] SLTI
[16:16:51] [302/459] MAJU
[16:16:51] 🔄 Identity reset
[16:16:51] 🔄 Identity rotated (every 10 requests)
[16:16:52] [303/459] JCXP
[16:16:53] [304/459] HARK
[16:16:54] [305/459] JPCJ
[16:16:55] [306/459] RXBD
[16:16:56] [307/459] PTKJ
[16:16:57] [308/459] CMTU
[16:16:58] [309/459] SWOR
[16:16:59] [310/459] JMEX
[16:17:00] [311/459] DTPT
[16:17:01] [312/459] VGMM
[16:17:01] 🔄 Identity reset
[16:17:01] 🔄 Identity rotated (every 10 requests)
[16:17:01] [313/459] VCSG
[16:17:03] [314/459] CVCG
[16:17:04] [315/459] TNTT
[16:17:05] [316/459] SHRM
[16:17:06] [317/459] CGKD
[16:17:07] [318/459] EKCM
[16:17:09] [319/459] SDCX
[16:17:10] [320/459] SBTE
[16:17:11] [321/459] STKJ
[16:17:12] [322/459] TPCE
[16:17:12] 🔄 Identity reset
[16:17:12] 🔄 Identity rotated (every 10 requests)
[16:17:13] [323/459] JTNP
[16:17:14] [324/459] LPCH
[16:17:15] [325/459] CPUO
[16:17:16] [326/459] APSU
[16:17:17] [327/459] RTHC
[16:17:18] [328/459] PTBU
[16:17:19] [329/459] CUCC
[16:17:20] [330/459] CPSA
[16:17:21] [331/459] SUAY
[16:17:22] [332/459] AYAA
[16:17:22] 🔄 Identity reset
[16:17:22] 🔄 Identity rotated (every 10 requests)
[16:17:23] [333/459] MUCH
[16:17:24] [334/459] PCIN
[16:17:25] [335/459] JRRM
[16:17:25] [336/459] KATS
[16:17:26] [337/459] MHFF
[16:17:28] [338/459] ESYM
[16:17:29] [339/459] STYV
[16:17:30] [340/459] SDKG
[16:17:30] [341/459] SMTI
[16:17:31] [342/459] NYCS
[16:17:32] 🔄 Identity reset
[16:17:32] 🔄 Identity rotated (every 10 requests)
[16:17:32] [343/459] MTBG
[16:17:33] [344/459] RHCA
[16:17:34] [345/459] PCKH
[16:17:35] [346/459] ARCR
[16:17:36] [347/459] NCMB
[16:17:37] [348/459] SHYC
[16:17:38] [349/459] LACK
[16:17:39] [350/459] MTCM
[16:17:40] [351/459] RRBN
[16:17:42] [352/459] MYDC
[16:17:43] 🔄 Identity reset
[16:17:43] 🔄 Identity rotated (every 10 requests)
[16:17:43] [353/459] STCS
[16:17:45] [354/459] CONN
[16:17:46] [355/459] SIPS
[16:17:47] [356/459] SMMX
[16:17:48] [357/459] SCBY
[16:17:49] [358/459] SUAP
[16:17:50] [359/459] RSMK
[16:17:51] [360/459] STKP
[16:17:53] [361/459] CIPC
[16:17:54] [362/459] KKCI
[16:17:55] 🔄 Identity reset
[16:17:55] 🔄 Identity rotated (every 10 requests)
[16:17:55] [363/459] CTNK
[16:17:56] [364/459] MMTZ
[16:17:57] [365/459] DCCO
[16:17:58] [366/459] VNMN
[16:17:59] [367/459] RLCN
[16:18:00] [368/459] CMMS
[16:18:01] [369/459] AYOU
[16:18:02] [370/459] SSCN
[16:18:03] [371/459] SMXN
[16:18:03] [372/459] ASSK
[16:18:04] 🔄 Identity reset
[16:18:04] 🔄 Identity rotated (every 10 requests)
[16:18:05] [373/459] VCKM
[16:18:06] [374/459] PCPH
[16:18:07] [375/459] PADM
[16:18:08] [376/459] IESA
[16:18:09] [377/459] VCSP
[16:18:10] [378/459] AEST
[16:18:10] [379/459] VTNR
[16:18:11] [380/459] GTTA
[16:18:12] [381/459] CMMM
[16:18:13] [382/459] AHKT
[16:18:14] 🔄 Identity reset
[16:18:14] 🔄 Identity rotated (every 10 requests)
[16:18:14] [383/459] SIJI
[16:18:15] [384/459] VCEI
[16:18:16] [385/459] SAKR
[16:18:17] [386/459] VSMT
[16:18:18] [387/459] SSCT
[16:18:19] [388/459] USTR
[16:18:20] [389/459] MTKT
[16:18:21] [390/459] TGMP
[16:18:22] [391/459] SIVC
[16:18:23] [392/459] KICT
[16:18:24] 🔄 Identity reset
[16:18:24] 🔄 Identity rotated (every 10 requests)
[16:18:24] [393/459] DAMD
[16:18:25] [394/459] CNPT
[16:18:26] [395/459] RVTT
[16:18:27] [396/459] SNCM
[16:18:28] [397/459] GHTE
[16:18:29] [398/459] PPAM
[16:18:30] [399/459] PVAA
[16:18:30] [400/459] CPAO
[16:18:32] [401/459] HAMD
[16:18:33] [402/459] RCCA
[16:18:34] 🔄 Identity reset
[16:18:34] 🔄 Identity rotated (every 10 requests)
[16:18:34] [403/459] MPCH
[16:18:35] [404/459] ARED
[16:18:36] [405/459] RRCV
[16:18:38] [406/459] MTRB
[16:18:39] [407/459] CKUA
[16:18:40] [408/459] ABMP
[16:18:41] [409/459] RCWA
[16:18:42] [410/459] CGAR
[16:18:43] [411/459] METH
[16:18:44] [412/459] WAGA
[16:18:45] 🔄 Identity reset
[16:18:45] 🔄 Identity rotated (every 10 requests)
[16:18:46] [413/459] MCMA
[16:18:47] [414/459] CSMP
[16:18:47] [415/459] RCNK
[16:18:48] [416/459] PSTM
[16:18:50] [417/459] CSEP
[16:18:51] [418/459] AMGD
[16:18:52] [419/459] CSTE
[16:18:53] [420/459] CONS
[16:18:54] [421/459] APPX
[16:18:54] [422/459] MABC
[16:18:55] 🔄 Identity reset
[16:18:55] 🔄 Identity rotated (every 10 requests)
[16:18:56] [423/459] CXST
[16:18:57] [424/459] MATN
[16:18:58] [425/459] MACZ
[16:18:59] [426/459] MASA
[16:18:59] [427/459] MBSX
[16:19:00] [428/459] CSST
[16:19:02] [429/459] APCL
[16:19:04] [430/459] CGOS
[16:19:05] [431/459] CPEC
[16:19:05] [432/459] MCCP
[16:19:06] 🔄 Identity reset
[16:19:06] 🔄 Identity rotated (every 10 requests)
[16:19:07] [433/459] BSSO
[16:19:08] [434/459] SJKA
[16:19:09] [435/459] CGBO
[16:19:09] [436/459] MVSK
[16:19:10] [437/459] HVCA
[16:19:11] [438/459] NAMD
[16:19:13] [439/459] DEVI
[16:19:15] [440/459] SCSV
[16:19:16] [441/459] PSMA
[16:19:17] [442/459] CLDJ
[16:19:17] 🔄 Identity reset
[16:19:17] 🔄 Identity rotated (every 10 requests)
[16:19:18] [443/459] NMAD
[16:19:19] [444/459] CGMO
[16:19:20] [445/459] MCNA
[16:19:22] [446/459] OCBN
[16:19:23] [447/459] CPEM
[16:19:24] [448/459] CPSM
[16:19:25] [449/459] RCAD
[16:19:26] [450/459] CPMU
[16:19:27] [451/459] DICD
[16:19:28] [452/459] CHOE
[16:19:29] 🔄 Identity reset
[16:19:29] 🔄 Identity rotated (every 10 requests)
[16:19:29] [453/459] PDJM
[16:19:30] [454/459] SSTU
[16:19:31] [455/459] VNRN
[16:19:32] [456/459] PVLG
[16:19:33] [457/459] SWBL
[16:19:34] [458/459] SCAB
[16:19:35] [459/459] RDDA
[16:19:36] 🧹 Deduping shows
[16:19:36] ✅ DONE | Shows=584 | Movies=41
