[14:21:46] 🚀 SCRIPT STARTED (enhanced anti‑detection)
[14:21:46] [1/322] CDCA
[14:21:47] 🧠 New identity created
[14:21:47] 🔄 Retry 1/5 for CDCA in 2.1s
[14:21:47] 🔄 Identity reset
[14:21:49] 🧠 New identity created
[14:21:49] 🔄 Retry 2/5 for CDCA in 4.1s
[14:21:49] 🔄 Identity reset
[14:21:53] 🧠 New identity created
[14:21:54] [2/322] VBCZ
[14:21:55] [3/322] MSDR
[14:21:57] [4/322] ACPV
[14:21:58] [5/322] PVHB
[14:21:59] [6/322] RCNH
[14:22:00] [7/322] IOMH
[14:22:00] [8/322] ILKS
[14:22:01] 🔄 Identity reset
[14:22:01] 🔄 Identity rotated (every 10 requests)
[14:22:01] [9/322] AMSN
[14:22:02] [10/322] ANTP
[14:22:03] [11/322] SSEK
[14:22:03] [12/322] PICP
[14:22:04] [13/322] SICO
[14:22:05] [14/322] SISP
[14:22:06] [15/322] SCPI
[14:22:07] [16/322] CRPR
[14:22:08] [17/322] DCTW
[14:22:09] [18/322] DCSP
[14:22:09] 🔄 Identity reset
[14:22:09] 🔄 Identity rotated (every 10 requests)
[14:22:10] [19/322] KRPM
[14:22:10] [20/322] THKK
[14:22:11] [21/322] SNMY
[14:22:12] [22/322] AKCC
[14:22:13] [23/322] PCAT
[14:22:14] [24/322] RFGO
[14:22:16] [25/322] GGCS
[14:22:17] [26/322] ACKR
[14:22:18] [27/322] STDO
[14:22:18] [28/322] ACKB
[14:22:19] 🔄 Identity reset
[14:22:19] 🔄 Identity rotated (every 10 requests)
[14:22:19] [29/322] ALUC
[14:22:21] [30/322] MNSR
[14:22:22] [31/322] CSSL
[14:22:23] [32/322] BGGM
[14:22:23] [33/322] MANT
[14:22:24] [34/322] SOOY
[14:22:25] [35/322] VPPK
[14:22:26] [36/322] MYHJ
[14:22:27] [37/322] KSCK
[14:22:28] [38/322] KATK
[14:22:29] 🔄 Identity reset
[14:22:29] 🔄 Identity rotated (every 10 requests)
[14:22:29] [39/322] RTRT
[14:22:30] [40/322] SSTT
[14:22:31] [41/322] SSTV
[14:22:32] [42/322] LACM
[14:22:34] [43/322] SGMG
[14:22:35] [44/322] KACX
[14:22:36] [45/322] GVCP
[14:22:36] [46/322] CSNC
[14:22:37] [47/322] SXCB
[14:22:38] [48/322] BAHS
[14:22:39] 🔄 Identity reset
[14:22:39] 🔄 Identity rotated (every 10 requests)
[14:22:39] 🔄 Retry 1/5 for BAHS in 2.6s
[14:22:39] 🔄 Identity reset
[14:22:42] 🧠 New identity created
[14:22:42] [49/322] PCBI
[14:22:43] [50/322] PSSM
[14:22:44] [51/322] RCOK
[14:22:45] [52/322] SCPF
[14:22:45] [53/322] SSAS
[14:22:46] [54/322] EVMM
[14:22:47] [55/322] SYCB
[14:22:48] [56/322] GCKI
[14:22:49] [57/322] IAET
[14:22:50] 🔄 Identity reset
[14:22:50] 🔄 Identity rotated (every 10 requests)
[14:22:50] 🔄 Retry 1/5 for IAET in 2.7s
[14:22:50] 🔄 Identity reset
[14:22:53] 🧠 New identity created
[14:22:53] [58/322] DDTD
[14:22:54] [59/322] GMDH
[14:22:55] [60/322] STLE
[14:22:56] [61/322] JTRA
[14:22:57] [62/322] RPPA
[14:22:58] [63/322] ARUT
[14:22:59] [64/322] JTVM
[14:22:59] [65/322] SWRH
[14:23:00] [66/322] DCPC
[14:23:01] 🔄 Identity reset
[14:23:01] 🔄 Identity rotated (every 10 requests)
[14:23:01] 🔄 Retry 1/5 for DCPC in 2.2s
[14:23:01] 🔄 Identity reset
[14:23:03] 🧠 New identity created
[14:23:03] 🔄 Retry 2/5 for DCPC in 4.3s
[14:23:03] 🔄 Identity reset
[14:23:08] 🧠 New identity created
[14:23:08] [67/322] RAPR
[14:23:09] [68/322] GCRT
[14:23:10] [69/322] ATUN
[14:23:11] [70/322] LTRM
[14:23:12] [71/322] TASR
[14:23:13] [72/322] RLLC
[14:23:14] [73/322] MABI
[14:23:15] [74/322] SVHB
[14:23:15] 🔄 Identity reset
[14:23:15] 🔄 Identity rotated (every 10 requests)
[14:23:16] [75/322] NVTB
[14:23:16] [76/322] KCKG
[14:23:17] [77/322] SSRN
[14:23:18] [78/322] VDDC
[14:23:19] [79/322] GKTK
[14:23:20] [80/322] YFSN
[14:23:21] [81/322] GCSG
[14:23:22] [82/322] ESSM
[14:23:23] [83/322] KRIH
[14:23:23] [84/322] GCDS
[14:23:24] 🔄 Identity reset
[14:23:24] 🔄 Identity rotated (every 10 requests)
[14:23:24] [85/322] CCSH
[14:23:25] [86/322] ACSK
[14:23:26] [87/322] APRK
[14:23:27] [88/322] ADKM
[14:23:28] [89/322] SRDM
[14:23:29] [90/322] SJMY
[14:23:29] [91/322] PGGC
[14:23:30] [92/322] INGM
[14:23:31] [93/322] LSCB
[14:23:32] [94/322] STAD
[14:23:33] 🔄 Identity reset
[14:23:33] 🔄 Identity rotated (every 10 requests)
[14:23:33] [95/322] MCCR
[14:23:35] [96/322] ABCC
[14:23:35] [97/322] RKCC
[14:23:36] [98/322] RTCR
[14:23:37] [99/322] GGBC
[14:23:38] [100/322] GCSD
[14:23:39] [101/322] LPTY
[14:23:40] [102/322] MCFD
[14:23:40] [103/322] HENN
[14:23:41] [104/322] SMKU
[14:23:42] 🔄 Identity reset
[14:23:42] 🔄 Identity rotated (every 10 requests)
[14:23:43] [105/322] TNZC
[14:23:44] [106/322] DRCD
[14:23:45] [107/322] DLCD
[14:23:46] [108/322] RCDA
[14:23:47] [109/322] COSM
[14:23:47] [110/322] MCMJ
[14:23:48] [111/322] CSTR
[14:23:49] [112/322] CVDK
[14:23:50] [113/322] INRR
[14:23:51] [114/322] RJRT
[14:23:52] 🔄 Identity reset
[14:23:52] 🔄 Identity rotated (every 10 requests)
[14:23:52] [115/322] IRMR
[14:23:53] [116/322] SRCF
[14:23:55] [117/322] GRCR
[14:23:56] [118/322] SURC
[14:23:57] [119/322] NMNH
[14:23:57] [120/322] SVBL
[14:23:58] [121/322] KACI
[14:23:59] [122/322] TDGO
[14:24:00] [123/322] KTBR
[14:24:01] [124/322] PMAD
[14:24:02] 🔄 Identity reset
[14:24:02] 🔄 Identity rotated (every 10 requests)
[14:24:02] [125/322] CCPN
[14:24:03] [126/322] SBTK
[14:24:04] [127/322] LMDK
[14:24:05] [128/322] PGDA
[14:24:05] [129/322] SRML
[14:24:06] [130/322] EVCK
[14:24:07] [131/322] RTTK
[14:24:08] [132/322] SRTU
[14:24:09] [133/322] VRSA
[14:24:10] [134/322] VARS
[14:24:10] 🔄 Identity reset
[14:24:10] 🔄 Identity rotated (every 10 requests)
[14:24:10] 🔄 Retry 1/5 for VARS in 2.9s
[14:24:10] 🔄 Identity reset
[14:24:13] 🧠 New identity created
[14:24:14] [135/322] DSCZ
[14:24:15] [136/322] GAGA
[14:24:16] [137/322] SARV
[14:24:17] [138/322] SEEG
[14:24:18] [139/322] GLCA
[14:24:19] [140/322] APAS
[14:24:20] [141/322] VCIA
[14:24:21] [142/322] SJTA
[14:24:22] [143/322] SABM
[14:24:22] 🔄 Identity reset
[14:24:22] 🔄 Identity rotated (every 10 requests)
[14:24:23] [144/322] PPAG
[14:24:24] [145/322] RVCA
[14:24:24] [146/322] CCIA
[14:24:25] [147/322] HTAG
[14:24:26] [148/322] SMBI
[14:24:27] [149/322] MCJR
[14:24:28] [150/322] CCJR
[14:24:29] [151/322] SINF
[14:24:29] [152/322] CPLX
[14:24:30] [153/322] KKTJ
[14:24:31] 🔄 Identity reset
[14:24:31] 🔄 Identity rotated (every 10 requests)
[14:24:31] [154/322] GDBW
[14:24:32] [155/322] CSUB
[14:24:33] [156/322] DABA
[14:24:35] [157/322] TITR
[14:24:36] [158/322] NYCR
[14:24:37] [159/322] RTRY
[14:24:38] [160/322] JTJL
[14:24:39] [161/322] SJCP
[14:24:40] [162/322] KCCA
[14:24:41] [163/322] MLPG
[14:24:41] 🔄 Identity reset
[14:24:41] 🔄 Identity rotated (every 10 requests)
[14:24:41] 🔄 Retry 1/5 for MLPG in 2.2s
[14:24:41] 🔄 Identity reset
[14:24:44] 🧠 New identity created
[14:24:44] 🔄 Retry 2/5 for MLPG in 4.9s
[14:24:44] 🔄 Identity reset
[14:24:49] 🧠 New identity created
[14:24:49] 🔄 Retry 3/5 for MLPG in 8.2s
[14:24:49] 🔄 Identity reset
[14:24:57] 🧠 New identity created
[14:24:57] [164/322] VRCK
[14:24:58] [165/322] SRIN
[14:24:59] [166/322] CXMK
[14:25:00] [167/322] SKAD
[14:25:01] [168/322] AVTR
[14:25:02] [169/322] PTAJ
[14:25:03] [170/322] SCNK
[14:25:04] 🔄 Identity reset
[14:25:04] 🔄 Identity rotated (every 10 requests)
[14:25:04] 🔄 Retry 1/5 for SCNK in 2.6s
[14:25:04] 🔄 Identity reset
[14:25:06] 🧠 New identity created
[14:25:07] [171/322] STTI
[14:25:08] [172/322] KACR
[14:25:09] [173/322] SSDX
[14:25:11] [174/322] VRTJ
[14:25:12] [175/322] RAJD
[14:25:13] [176/322] SCIP
[14:25:13] [177/322] RJSL
[14:25:15] [178/322] ARRS
[14:25:16] [179/322] ASMS
[14:25:16] 🔄 Identity reset
[14:25:16] 🔄 Identity rotated (every 10 requests)
[14:25:16] 🔄 Retry 1/5 for ASMS in 2.7s
[14:25:16] 🔄 Identity reset
[14:25:19] 🧠 New identity created
[14:25:19] [180/322] RDTS
[14:25:20] [181/322] DVMY
[14:25:22] [182/322] RASA
[14:25:23] [183/322] INOM
[14:25:23] [184/322] SPRS
[14:25:24] [185/322] SGCS
[14:25:25] [186/322] SALM
[14:25:26] [187/322] PKHC
[14:25:27] [188/322] RCSV
[14:25:27] 🔄 Identity reset
[14:25:27] 🔄 Identity rotated (every 10 requests)
[14:25:28] [189/322] CPKC
[14:25:29] [190/322] AACD
[14:25:30] [191/322] GGCV
[14:25:30] [192/322] SMKD
[14:25:31] [193/322] NBCH
[14:25:32] [194/322] AMCB
[14:25:33] [195/322] OPCN
[14:25:34] [196/322] DCIN
[14:25:35] [197/322] INGW
[14:25:36] [198/322] PKKW
[14:25:36] 🔄 Identity reset
[14:25:36] 🔄 Identity rotated (every 10 requests)
[14:25:37] [199/322] FNGW
[14:25:38] [200/322] GCGD
[14:25:39] [201/322] MSTW
[14:25:40] [202/322] KCCG
[14:25:41] [203/322] MRSS
[14:25:42] [204/322] CLCF
[14:25:42] [205/322] EETS
[14:25:43] [206/322] AATR
[14:25:44] [207/322] CMMN
[14:25:45] [208/322] SCCJ
[14:25:46] 🔄 Identity reset
[14:25:46] 🔄 Identity rotated (every 10 requests)
[14:25:46] [209/322] CDTK
[14:25:47] [210/322] AICP
[14:25:48] [211/322] FNBP
[14:25:49] [212/322] CBPB
[14:25:50] [213/322] CPAS
[14:25:51] [214/322] MAPM
[14:25:52] [215/322] PASD
[14:25:53] [216/322] JCMN
[14:25:54] [217/322] MALB
[14:25:55] [218/322] SACG
[14:25:55] 🔄 Identity reset
[14:25:55] 🔄 Identity rotated (every 10 requests)
[14:25:56] 🔄 Retry 1/5 for SACG in 2.4s
[14:25:56] 🔄 Identity reset
[14:25:58] 🧠 New identity created
[14:25:58] [219/322] DDRX
[14:25:59] [220/322] DDXB
[14:26:00] [221/322] RAMC
[14:26:01] [222/322] SANC
[14:26:02] [223/322] BCBP
[14:26:03] [224/322] ALPC
[14:26:04] [225/322] RBAC
[14:26:05] [226/322] RAJL
[14:26:06] [227/322] MPDX
[14:26:07] 🔄 Identity reset
[14:26:07] 🔄 Identity rotated (every 10 requests)
[14:26:07] [228/322] MUSC
[14:26:09] [229/322] VKMK
[14:26:10] [230/322] SKCG
[14:26:11] [231/322] ANCN
[14:26:12] [232/322] MMCJ
[14:26:13] [233/322] DCAK
[14:26:14] [234/322] SCKG
[14:26:15] [235/322] LMCK
[14:26:16] [236/322] CKKX
[14:26:17] [237/322] ANKU
[14:26:17] 🔄 Identity reset
[14:26:17] 🔄 Identity rotated (every 10 requests)
[14:26:18] [238/322] CSMD
[14:26:19] [239/322] MKMP
[14:26:19] [240/322] SVBG
[14:26:20] [241/322] ROOP
[14:26:21] [242/322] GDMT
[14:26:22] [243/322] FPPF
[14:26:23] [244/322] SFUU
[14:26:24] [245/322] ANCB
[14:26:25] [246/322] SMMC
[14:26:25] [247/322] UGKT
[14:26:26] 🔄 Identity reset
[14:26:26] 🔄 Identity rotated (every 10 requests)
[14:26:26] [248/322] JVRM
[14:26:27] [249/322] BATG
[14:26:28] [250/322] RATE
[14:26:29] [251/322] SKME
[14:26:30] [252/322] LMTP
[14:26:31] [253/322] TCBD
[14:26:32] [254/322] ESBD
[14:26:33] [255/322] GDCU
[14:26:34] [256/322] SNKT
[14:26:35] [257/322] SRNK
[14:26:36] 🔄 Identity reset
[14:26:36] 🔄 Identity rotated (every 10 requests)
[14:26:36] [258/322] SMED
[14:26:37] [259/322] CSQS
[14:26:38] [260/322] ALCS
[14:26:39] [261/322] KCKN
[14:26:40] [262/322] VCCL
[14:26:41] [263/322] MCDA
[14:26:42] [264/322] SHMI
[14:26:43] [265/322] SKHA
[14:26:44] [266/322] SVFK
[14:26:45] [267/322] INVB
[14:26:45] 🔄 Identity reset
[14:26:45] 🔄 Identity rotated (every 10 requests)
[14:26:46] [268/322] MELD
[14:26:47] [269/322] JTYS
[14:26:48] [270/322] INCM
[14:26:49] [271/322] MCDV
[14:26:50] [272/322] KSGK
[14:26:50] [273/322] ICMG
[14:26:51] [274/322] CSCV
[14:26:52] [275/322] STMD
[14:26:53] [276/322] STTR
[14:26:54] [277/322] INVC
[14:26:55] 🔄 Identity reset
[14:26:55] 🔄 Identity rotated (every 10 requests)
[14:26:55] [278/322] JTBL
[14:26:56] [279/322] SRVV
[14:26:57] [280/322] MAVC
[14:26:58] [281/322] SRPP
[14:26:59] [282/322] JGDM
[14:27:00] [283/322] MBSJ
[14:27:00] [284/322] SSLL
[14:27:01] [285/322] SLKP
[14:27:02] [286/322] NSRV
[14:27:03] [287/322] UTDV
[14:27:04] 🔄 Identity reset
[14:27:04] 🔄 Identity rotated (every 10 requests)
[14:27:04] [288/322] KICM
[14:27:05] [289/322] KCMD
[14:27:06] [290/322] TTPP
[14:27:07] [291/322] KMPV
[14:27:08] [292/322] SKTV
[14:27:09] [293/322] STCV
[14:27:10] [294/322] SRDA
[14:27:11] [295/322] JTSX
[14:27:11] [296/322] STBV
[14:27:13] [297/322] APVZ
[14:27:14] 🔄 Identity reset
[14:27:14] 🔄 Identity rotated (every 10 requests)
[14:27:14] [298/322] GSTV
[14:27:15] [299/322] NMVS
[14:27:16] [300/322] SKRT
[14:27:17] [301/322] RMDV
[14:27:18] [302/322] RATG
[14:27:19] [303/322] SJYV
[14:27:19] [304/322] NDGP
[14:27:20] [305/322] SNDG
[14:27:21] [306/322] INSR
[14:27:23] [307/322] INSO
[14:27:23] 🔄 Identity reset
[14:27:23] 🔄 Identity rotated (every 10 requests)
[14:27:24] [308/322] CCSI
[14:27:25] [309/322] RASM
[14:27:26] [310/322] NEWC
[14:27:27] [311/322] VSHL
[14:27:28] [312/322] BISW
[14:27:29] [313/322] GCNG
[14:27:30] [314/322] CWSC
[14:27:31] [315/322] SKAN
[14:27:32] [316/322] CCOA
[14:27:33] [317/322] MCAJ
[14:27:34] 🔄 Identity reset
[14:27:34] 🔄 Identity rotated (every 10 requests)
[14:27:34] [318/322] ACDE
[14:27:35] [319/322] AACM
[14:27:36] [320/322] JJCK
[14:27:37] [321/322] RCMO
[14:27:38] [322/322] GDAW
[14:27:39] 🧹 Deduping shows
[14:27:39] ✅ DONE | Shows=495 | Movies=36
