[14:22:00] 🚀 SCRIPT STARTED (enhanced anti‑detection)
[14:22:00] [1/326] BSAT
[14:22:00] 🧠 New identity created
[14:22:01] [2/326] RSSM
[14:22:02] [3/326] GCTA
[14:22:02] [4/326] TOPN
[14:22:03] [5/326] MCUS
[14:22:05] [6/326] SHRL
[14:22:06] [7/326] UPTP
[14:22:07] [8/326] TMMP
[14:22:08] [9/326] DNRP
[14:22:09] [10/326] SRLT
[14:22:10] 🔄 Identity reset
[14:22:10] 🔄 Identity rotated (every 10 requests)
[14:22:10] [11/326] RCNS
[14:22:11] [12/326] DCBH
[14:22:12] [13/326] NAGJ
[14:22:12] [14/326] JVRC
[14:22:13] [15/326] KRJG
[14:22:14] [16/326] SRTJ
[14:22:15] [17/326] CMXM
[14:22:16] [18/326] STMI
[14:22:17] [19/326] SLST
[14:22:19] [20/326] DTCN
[14:22:19] 🔄 Identity reset
[14:22:20] 🔄 Identity rotated (every 10 requests)
[14:22:20] 🔄 Retry 1/5 for DTCN in 2.3s
[14:22:20] 🔄 Identity reset
[14:22:22] 🧠 New identity created
[14:22:22] [21/326] STYN
[14:22:23] [22/326] SZVR
[14:22:24] [23/326] SRKO
[14:22:25] [24/326] JTGT
[14:22:25] [25/326] SVFD
[14:22:26] [26/326] SISD
[14:22:27] [27/326] ABDD
[14:22:28] [28/326] DRCA
[14:22:29] [29/326] AVCS
[14:22:30] 🔄 Identity reset
[14:22:30] 🔄 Identity rotated (every 10 requests)
[14:22:31] [30/326] MVKH
[14:22:31] [31/326] ACPR
[14:22:32] [32/326] STIP
[14:22:33] [33/326] MTRA
[14:22:34] [34/326] RMKH
[14:22:35] [35/326] NKRL
[14:22:36] [36/326] PCWN
[14:22:37] [37/326] BLMT
[14:22:38] [38/326] GDPG
[14:22:39] [39/326] SRMX
[14:22:39] 🔄 Identity reset
[14:22:39] 🔄 Identity rotated (every 10 requests)
[14:22:40] [40/326] JACP
[14:22:42] [41/326] CPSH
[14:22:43] [42/326] MCCD
[14:22:44] [43/326] ECGH
[14:22:44] [44/326] MKCK
[14:22:45] [45/326] SRMM
[14:22:46] [46/326] SKYR
[14:22:47] [47/326] PCKC
[14:22:48] [48/326] JCMA
[14:22:49] [49/326] BSMP
[14:22:49] 🔄 Identity reset
[14:22:49] 🔄 Identity rotated (every 10 requests)
[14:22:50] [50/326] VSPA
[14:22:50] [51/326] DJYA
[14:22:51] [52/326] DIMP
[14:22:53] [53/326] FXDR
[14:22:54] [54/326] SSRC
[14:22:55] [55/326] STHP
[14:22:56] [56/326] CPPD
[14:22:56] [57/326] FCLK
[14:22:57] [58/326] SCPP
[14:22:58] [59/326] DCMJ
[14:22:59] 🔄 Identity reset
[14:22:59] 🔄 Identity rotated (every 10 requests)
[14:22:59] 🔄 Retry 1/5 for DCMJ in 2.3s
[14:22:59] 🔄 Identity reset
[14:23:01] 🧠 New identity created
[14:23:02] [60/326] RCCR
[14:23:02] [61/326] INMT
[14:23:03] [62/326] LXTK
[14:23:04] [63/326] SRYK
[14:23:05] [64/326] SGDK
[14:23:06] [65/326] PPKA
[14:23:07] [66/326] SPKA
[14:23:08] [67/326] CGHH
[14:23:09] [68/326] DCJN
[14:23:10] 🔄 Identity reset
[14:23:10] 🔄 Identity rotated (every 10 requests)
[14:23:10] 🔄 Retry 1/5 for DCJN in 2.3s
[14:23:10] 🔄 Identity reset
[14:23:12] 🧠 New identity created
[14:23:12] 🔄 Retry 2/5 for DCJN in 4.9s
[14:23:12] 🔄 Identity reset
[14:23:17] 🧠 New identity created
[14:23:17] [69/326] SRKV
[14:23:19] [70/326] SAJC
[14:23:20] [71/326] SUSR
[14:23:20] [72/326] STYG
[14:23:21] [73/326] NTKP
[14:23:22] [74/326] AKTG
[14:23:23] [75/326] CGCM
[14:23:24] [76/326] TULC
[14:23:25] 🔄 Identity reset
[14:23:25] 🔄 Identity rotated (every 10 requests)
[14:23:25] 🔄 Retry 1/5 for TULC in 2.0s
[14:23:25] 🔄 Identity reset
[14:23:27] 🧠 New identity created
[14:23:27] 🔄 Retry 2/5 for TULC in 4.5s
[14:23:27] 🔄 Identity reset
[14:23:32] 🧠 New identity created
[14:23:32] 🔄 Retry 3/5 for TULC in 8.9s
[14:23:32] 🔄 Identity reset
[14:23:41] 🧠 New identity created
[14:23:41] [77/326] NYYZ
[14:23:42] [78/326] NYBW
[14:23:43] [79/326] MACB
[14:23:43] [80/326] SLVT
[14:23:44] [81/326] SANA
[14:23:45] [82/326] ACMR
[14:23:46] [83/326] CPKN
[14:23:47] 🔄 Identity reset
[14:23:47] 🔄 Identity rotated (every 10 requests)
[14:23:47] [84/326] DLGK
[14:23:48] [85/326] CWCK
[14:23:49] [86/326] FDDH
[14:23:50] [87/326] MMMD
[14:23:51] [88/326] CMEH
[14:23:52] [89/326] GGGV
[14:23:53] [90/326] SPJL
[14:23:54] [91/326] RCCD
[14:23:55] [92/326] STTZ
[14:23:56] [93/326] BTCF
[14:23:56] 🔄 Identity reset
[14:23:56] 🔄 Identity rotated (every 10 requests)
[14:23:57] [94/326] TSTZ
[14:23:58] [95/326] IPMM
[14:24:00] [96/326] PMPW
[14:24:01] [97/326] PCMZ
[14:24:02] [98/326] ESEM
[14:24:03] [99/326] PIPO
[14:24:04] [100/326] MATK
[14:24:05] [101/326] PGHM
[14:24:06] [102/326] CTSR
[14:24:07] [103/326] CYKR
[14:24:08] 🔄 Identity reset
[14:24:08] 🔄 Identity rotated (every 10 requests)
[14:24:08] [104/326] MSCM
[14:24:09] [105/326] RFNP
[14:24:10] [106/326] PDCP
[14:24:11] [107/326] NPSE
[14:24:11] [108/326] MKML
[14:24:12] [109/326] FTDP
[14:24:13] [110/326] MMXA
[14:24:15] [111/326] CEPO
[14:24:16] [112/326] CMVP
[14:24:17] [113/326] SGTH
[14:24:17] 🔄 Identity reset
[14:24:17] 🔄 Identity rotated (every 10 requests)
[14:24:18] [114/326] SAYN
[14:24:19] [115/326] URVS
[14:24:19] [116/326] VJTN
[14:24:20] [117/326] BBYK
[14:24:21] [118/326] SHBO
[14:24:22] [119/326] VCMR
[14:24:23] [120/326] MACT
[14:24:23] [121/326] JMNP
[14:24:24] [122/326] VICS
[14:24:25] [123/326] VCDA
[14:24:26] 🔄 Identity reset
[14:24:26] 🔄 Identity rotated (every 10 requests)
[14:24:26] 🔄 Retry 1/5 for VCDA in 2.2s
[14:24:26] 🔄 Identity reset
[14:24:28] 🧠 New identity created
[14:24:28] [124/326] GCMM
[14:24:30] [125/326] INVS
[14:24:31] [126/326] SCGM
[14:24:32] [127/326] PCDA
[14:24:32] [128/326] KDCT
[14:24:33] [129/326] JACS
[14:24:34] [130/326] GMMC
[14:24:35] [131/326] AICM
[14:24:36] [132/326] TJCM
[14:24:37] 🔄 Identity reset
[14:24:37] 🔄 Identity rotated (every 10 requests)
[14:24:37] 🔄 Retry 1/5 for TJCM in 2.5s
[14:24:37] 🔄 Identity reset
[14:24:39] 🧠 New identity created
[14:24:39] 🔄 Retry 2/5 for TJCM in 4.3s
[14:24:39] 🔄 Identity reset
[14:24:44] 🧠 New identity created
[14:24:44] [133/326] RMTI
[14:24:45] [134/326] SHAC
[14:24:46] [135/326] APJC
[14:24:46] [136/326] GCTG
[14:24:47] [137/326] SSMC
[14:24:48] [138/326] THRM
[14:24:49] [139/326] RBCT
[14:24:50] [140/326] DIKT
[14:24:50] 🔄 Identity reset
[14:24:50] 🔄 Identity rotated (every 10 requests)
[14:24:51] [141/326] MIDL
[14:24:52] [142/326] VCSN
[14:24:53] [143/326] SKTG
[14:24:54] [144/326] SMWC
[14:24:55] [145/326] MNKH
[14:24:56] [146/326] PIAT
[14:24:57] [147/326] LTTP
[14:24:58] [148/326] PTPU
[14:24:58] [149/326] ACMG
[14:24:59] [150/326] SHMM
[14:25:00] 🔄 Identity reset
[14:25:00] 🔄 Identity rotated (every 10 requests)
[14:25:00] [151/326] MCMN
[14:25:01] [152/326] GLDC
[14:25:02] [153/326] HOUT
[14:25:03] [154/326] SVRP
[14:25:04] [155/326] PVDN
[14:25:05] [156/326] SCPY
[14:25:06] [157/326] DTPY
[14:25:07] [158/326] GKCS
[14:25:08] [159/326] NCAM
[14:25:09] [160/326] BSRM
[14:25:10] 🔄 Identity reset
[14:25:10] 🔄 Identity rotated (every 10 requests)
[14:25:10] [161/326] RCLC
[14:25:11] [162/326] SKKD
[14:25:12] [163/326] ACHU
[14:25:12] [164/326] RSCF
[14:25:13] [165/326] IMSH
[14:25:14] [166/326] MACX
[14:25:15] [167/326] HMMW
[14:25:16] [168/326] JTCP
[14:25:18] [169/326] SREN
[14:25:19] [170/326] PJRR
[14:25:19] 🔄 Identity reset
[14:25:19] 🔄 Identity rotated (every 10 requests)
[14:25:20] [171/326] INAC
[14:25:20] [172/326] BMCA
[14:25:21] [173/326] SHCB
[14:25:22] [174/326] GABA
[14:25:23] [175/326] SBCT
[14:25:24] [176/326] GCMA
[14:25:25] [177/326] MYTK
[14:25:25] [178/326] INZS
[14:25:26] [179/326] RMIK
[14:25:28] [180/326] NYCH
[14:25:28] 🔄 Identity reset
[14:25:28] 🔄 Identity rotated (every 10 requests)
[14:25:29] [181/326] RAVE
[14:25:29] [182/326] PSXM
[14:25:30] [183/326] MCGP
[14:25:31] [184/326] PDDK
[14:25:32] [185/326] SPCK
[14:25:33] [186/326] MCRL
[14:25:35] [187/326] MHKT
[14:25:36] [188/326] ANRR
[14:25:36] [189/326] SAPK
[14:25:37] [190/326] NCUK
[14:25:38] 🔄 Identity reset
[14:25:38] 🔄 Identity rotated (every 10 requests)
[14:25:38] [191/326] JUGA
[14:25:39] [192/326] DBSC
[14:25:40] [193/326] LALK
[14:25:41] [194/326] GUCK
[14:25:42] [195/326] STSG
[14:25:43] [196/326] PPPZ
[14:25:44] [197/326] CNCY
[14:25:45] [198/326] MTAR
[14:25:46] [199/326] VNKD
[14:25:46] [200/326] KMAJ
[14:25:47] 🔄 Identity reset
[14:25:47] 🔄 Identity rotated (every 10 requests)
[14:25:47] [201/326] ACXK
[14:25:48] [202/326] UTKC
[14:25:49] [203/326] PBLK
[14:25:51] [204/326] ACBX
[14:25:52] [205/326] PTGM
[14:25:52] [206/326] BTDA
[14:25:53] [207/326] PJMB
[14:25:54] [208/326] TPDA
[14:25:55] [209/326] AMOE
[14:25:56] [210/326] PRHT
[14:25:56] 🔄 Identity reset
[14:25:56] 🔄 Identity rotated (every 10 requests)
[14:25:56] 🔄 Retry 1/5 for PRHT in 2.5s
[14:25:56] 🔄 Identity reset
[14:25:59] 🧠 New identity created
[14:25:59] [211/326] PRTA
[14:26:00] [212/326] STAM
[14:26:01] [213/326] MSAA
[14:26:02] [214/326] SDLU
[14:26:03] [215/326] RCHH
[14:26:03] [216/326] KANT
[14:26:04] [217/326] FCRT
[14:26:05] [218/326] DNKM
[14:26:06] [219/326] RYCP
[14:26:07] 🔄 Identity reset
[14:26:07] 🔄 Identity rotated (every 10 requests)
[14:26:07] 🔄 Retry 1/5 for RYCP in 2.4s
[14:26:07] 🔄 Identity reset
[14:26:09] 🧠 New identity created
[14:26:10] [220/326] MYRP
[14:26:10] [221/326] PPAK
[14:26:11] [222/326] NVPK
[14:26:12] [223/326] PRMC
[14:26:13] [224/326] JBCS
[14:26:14] [225/326] GXCK
[14:26:14] [226/326] USKO
[14:26:15] [227/326] GTEM
[14:26:16] [228/326] SMBU
[14:26:17] 🔄 Identity reset
[14:26:17] 🔄 Identity rotated (every 10 requests)
[14:26:17] [229/326] VETC
[14:26:18] [230/326] LCDA
[14:26:19] [231/326] MTVT
[14:26:20] [232/326] PYCP
[14:26:21] [233/326] PNSC
[14:26:22] [234/326] PPCC
[14:26:22] [235/326] TGRT
[14:26:23] [236/326] JYOT
[14:26:24] [237/326] SRCZ
[14:26:25] [238/326] SJTE
[14:26:26] 🔄 Identity reset
[14:26:26] 🔄 Identity rotated (every 10 requests)
[14:26:26] [239/326] DESC
[14:26:27] [240/326] JHVN
[14:26:28] [241/326] IPSG
[14:26:29] [242/326] IPCM
[14:26:30] [243/326] PDRS
[14:26:31] [244/326] ANCV
[14:26:32] [245/326] CMVV
[14:26:33] [246/326] SHYP
[14:26:34] [247/326] DNCS
[14:26:34] [248/326] GAJK
[14:26:35] 🔄 Identity reset
[14:26:35] 🔄 Identity rotated (every 10 requests)
[14:26:36] [249/326] AKTN
[14:26:36] [250/326] KAYA
[14:26:37] [251/326] SBRC
[14:26:38] [252/326] CHTP
[14:26:39] [253/326] SHRT
[14:26:40] [254/326] BCKU
[14:26:41] [255/326] FCPS
[14:26:42] [256/326] ARDD
[14:26:43] [257/326] CPCM
[14:26:44] [258/326] CGSM
[14:26:44] 🔄 Identity reset
[14:26:44] 🔄 Identity rotated (every 10 requests)
[14:26:45] [259/326] PSMP
[14:26:46] [260/326] SDAL
[14:26:46] [261/326] RTNB
[14:26:47] [262/326] LMCR
[14:26:48] [263/326] CIMA
[14:26:49] [264/326] RNAS
[14:26:50] [265/326] LITH
[14:26:51] [266/326] PBOX
[14:26:52] [267/326] FRTS
[14:26:53] [268/326] RKIC
[14:26:53] 🔄 Identity reset
[14:26:53] 🔄 Identity rotated (every 10 requests)
[14:26:54] [269/326] PTAI
[14:26:55] [270/326] GCIC
[14:26:55] [271/326] FNAS
[14:26:56] [272/326] SCAR
[14:26:57] [273/326] MTCA
[14:26:58] [274/326] SCTS
[14:26:59] [275/326] SYCS
[14:27:00] [276/326] RDMS
[14:27:01] [277/326] KAMP
[14:27:02] [278/326] ERSD
[14:27:02] 🔄 Identity reset
[14:27:02] 🔄 Identity rotated (every 10 requests)
[14:27:02] 🔄 Retry 1/5 for ERSD in 2.3s
[14:27:02] 🔄 Identity reset
[14:27:05] 🧠 New identity created
[14:27:05] [279/326] MJMJ
[14:27:06] [280/326] SRCJ
[14:27:07] [281/326] SCXE
[14:27:08] [282/326] SVFR
[14:27:09] [283/326] BHCS
[14:27:10] [284/326] IMCC
[14:27:11] [285/326] PCBO
[14:27:12] [286/326] PRVN
[14:27:13] [287/326] AUPM
[14:27:13] 🔄 Identity reset
[14:27:13] 🔄 Identity rotated (every 10 requests)
[14:27:14] [288/326] INBW
[14:27:15] [289/326] SVCW
[14:27:16] [290/326] RKCF
[14:27:17] [291/326] UVBH
[14:27:18] [292/326] DNCY
[14:27:19] [293/326] ABCN
[14:27:20] [294/326] PRUR
[14:27:21] [295/326] PFMR
[14:27:22] [296/326] RKCN
[14:27:23] [297/326] CFEA
[14:27:24] 🔄 Identity reset
[14:27:24] 🔄 Identity rotated (every 10 requests)
[14:27:24] [298/326] SDBG
[14:27:25] [299/326] SNAR
[14:27:26] [300/326] YISI
[14:27:27] [301/326] JCFF
[14:27:28] [302/326] VTRK
[14:27:29] [303/326] PCLZ
[14:27:30] [304/326] DIMY
[14:27:31] [305/326] BBTS
[14:27:32] [306/326] GATH
[14:27:33] [307/326] GTMN
[14:27:33] 🔄 Identity reset
[14:27:33] 🔄 Identity rotated (every 10 requests)
[14:27:34] [308/326] VTMH
[14:27:34] [309/326] CCKP
[14:27:35] [310/326] GPKA
[14:27:36] [311/326] MHCL
[14:27:38] [312/326] ATCL
[14:27:38] [313/326] SBCK
[14:27:39] [314/326] AMMR
[14:27:40] [315/326] MADC
[14:27:42] [316/326] TMMA
[14:27:43] [317/326] CACC
[14:27:43] 🔄 Identity reset
[14:27:43] 🔄 Identity rotated (every 10 requests)
[14:27:44] [318/326] CHAL
[14:27:45] [319/326] DURG
[14:27:46] [320/326] GMKU
[14:27:47] [321/326] GECA
[14:27:47] [322/326] KYRR
[14:27:49] [323/326] KSDE
[14:27:50] [324/326] LMCI
[14:27:51] [325/326] NKCP
[14:27:51] [326/326] BGTC
[14:27:52] 🧹 Deduping shows
[14:27:52] ✅ DONE | Shows=433 | Movies=38
[16:11:29] 🚀 SCRIPT STARTED (enhanced anti‑detection)
[16:11:29] [1/326] BSAT
[16:11:29] 🧠 New identity created
[16:11:30] [2/326] RSSM
[16:11:30] [3/326] GCTA
[16:11:32] [4/326] TOPN
[16:11:33] [5/326] MCUS
[16:11:33] [6/326] SHRL
[16:11:34] [7/326] UPTP
[16:11:35] [8/326] TMMP
[16:11:35] [9/326] DNRP
[16:11:36] [10/326] SRLT
[16:11:37] 🔄 Identity reset
[16:11:37] 🔄 Identity rotated (every 10 requests)
[16:11:37] 🔄 Retry 1/5 for SRLT in 2.3s
[16:11:37] 🔄 Identity reset
[16:11:39] 🧠 New identity created
[16:11:39] 🔄 Retry 2/5 for SRLT in 4.9s
[16:11:39] 🔄 Identity reset
[16:11:44] 🧠 New identity created
[16:11:44] 🔄 Retry 3/5 for SRLT in 8.1s
[16:11:44] 🔄 Identity reset
[16:11:52] 🧠 New identity created
[16:11:53] [11/326] RCNS
[16:11:53] [12/326] DCBH
[16:11:54] [13/326] NAGJ
[16:11:55] [14/326] JVRC
[16:11:56] [15/326] KRJG
[16:11:57] [16/326] SRTJ
[16:11:58] [17/326] CMXM
[16:11:59] 🔄 Identity reset
[16:11:59] 🔄 Identity rotated (every 10 requests)
[16:12:00] [18/326] STMI
[16:12:00] [19/326] SLST
[16:12:01] [20/326] DTCN
[16:12:02] [21/326] STYN
[16:12:03] [22/326] SZVR
[16:12:04] [23/326] SRKO
[16:12:05] [24/326] JTGT
[16:12:05] [25/326] SVFD
[16:12:07] [26/326] SISD
[16:12:08] [27/326] ABDD
[16:12:09] 🔄 Identity reset
[16:12:09] 🔄 Identity rotated (every 10 requests)
[16:12:09] [28/326] DRCA
[16:12:10] [29/326] AVCS
[16:12:11] [30/326] MVKH
[16:12:12] [31/326] ACPR
[16:12:13] [32/326] STIP
[16:12:14] [33/326] MTRA
[16:12:15] [34/326] RMKH
[16:12:16] [35/326] NKRL
[16:12:17] [36/326] PCWN
[16:12:18] [37/326] BLMT
[16:12:19] 🔄 Identity reset
[16:12:19] 🔄 Identity rotated (every 10 requests)
[16:12:19] [38/326] GDPG
[16:12:20] [39/326] SRMX
[16:12:21] [40/326] JACP
[16:12:21] [41/326] CPSH
[16:12:22] [42/326] MCCD
[16:12:23] [43/326] ECGH
[16:12:24] [44/326] MKCK
[16:12:25] [45/326] SRMM
[16:12:26] [46/326] SKYR
[16:12:27] [47/326] PCKC
[16:12:28] 🔄 Identity reset
[16:12:28] 🔄 Identity rotated (every 10 requests)
[16:12:28] [48/326] JCMA
[16:12:30] [49/326] BSMP
[16:12:30] [50/326] VSPA
[16:12:31] [51/326] DJYA
[16:12:32] [52/326] DIMP
[16:12:33] [53/326] FXDR
[16:12:35] [54/326] SSRC
[16:12:35] [55/326] STHP
[16:12:36] [56/326] CPPD
[16:12:37] [57/326] FCLK
[16:12:37] 🔄 Identity reset
[16:12:37] 🔄 Identity rotated (every 10 requests)
[16:12:38] [58/326] SCPP
[16:12:39] [59/326] DCMJ
[16:12:39] [60/326] RCCR
[16:12:40] [61/326] INMT
[16:12:41] [62/326] LXTK
[16:12:42] [63/326] SRYK
[16:12:43] [64/326] SGDK
[16:12:44] [65/326] PPKA
[16:12:45] [66/326] SPKA
[16:12:46] [67/326] CGHH
[16:12:46] 🔄 Identity reset
[16:12:46] 🔄 Identity rotated (every 10 requests)
[16:12:47] [68/326] DCJN
[16:12:48] [69/326] SRKV
[16:12:49] [70/326] SAJC
[16:12:49] [71/326] SUSR
[16:12:50] [72/326] STYG
[16:12:51] [73/326] NTKP
[16:12:52] [74/326] AKTG
[16:12:53] [75/326] CGCM
[16:12:54] [76/326] TULC
[16:12:54] [77/326] NYYZ
[16:12:55] 🔄 Identity reset
[16:12:55] 🔄 Identity rotated (every 10 requests)
[16:12:55] [78/326] NYBW
[16:12:56] [79/326] MACB
[16:12:57] [80/326] SLVT
[16:12:58] [81/326] SANA
[16:12:59] [82/326] ACMR
[16:13:00] [83/326] CPKN
[16:13:00] [84/326] DLGK
[16:13:01] [85/326] CWCK
[16:13:02] [86/326] FDDH
[16:13:03] [87/326] MMMD
[16:13:04] 🔄 Identity reset
[16:13:04] 🔄 Identity rotated (every 10 requests)
[16:13:04] 🔄 Retry 1/5 for MMMD in 2.7s
[16:13:04] 🔄 Identity reset
[16:13:07] 🧠 New identity created
[16:13:07] [88/326] CMEH
[16:13:08] [89/326] GGGV
[16:13:08] [90/326] SPJL
[16:13:09] [91/326] RCCD
[16:13:10] [92/326] STTZ
[16:13:11] [93/326] BTCF
[16:13:12] [94/326] TSTZ
[16:13:13] [95/326] IPMM
[16:13:14] [96/326] PMPW
[16:13:14] 🔄 Identity reset
[16:13:14] 🔄 Identity rotated (every 10 requests)
[16:13:15] [97/326] PCMZ
[16:13:15] [98/326] ESEM
[16:13:16] [99/326] PIPO
[16:13:17] [100/326] MATK
[16:13:18] [101/326] PGHM
[16:13:19] [102/326] CTSR
[16:13:20] [103/326] CYKR
[16:13:20] [104/326] MSCM
[16:13:22] [105/326] RFNP
[16:13:23] [106/326] PDCP
[16:13:24] 🔄 Identity reset
[16:13:24] 🔄 Identity rotated (every 10 requests)
[16:13:24] [107/326] NPSE
[16:13:25] [108/326] MKML
[16:13:26] [109/326] FTDP
[16:13:27] [110/326] MMXA
[16:13:28] [111/326] CEPO
[16:13:29] [112/326] CMVP
[16:13:30] [113/326] SGTH
[16:13:31] [114/326] SAYN
[16:13:32] [115/326] URVS
[16:13:33] [116/326] VJTN
[16:13:33] 🔄 Identity reset
[16:13:33] 🔄 Identity rotated (every 10 requests)
[16:13:33] 🔄 Retry 1/5 for VJTN in 2.8s
[16:13:33] 🔄 Identity reset
[16:13:36] 🧠 New identity created
[16:13:36] [117/326] BBYK
[16:13:37] [118/326] SHBO
[16:13:39] [119/326] VCMR
[16:13:40] [120/326] MACT
[16:13:41] [121/326] JMNP
[16:13:42] [122/326] VICS
[16:13:43] [123/326] VCDA
[16:13:44] [124/326] GCMM
[16:13:46] [125/326] INVS
[16:13:46] 🔄 Identity reset
[16:13:46] 🔄 Identity rotated (every 10 requests)
[16:13:47] [126/326] SCGM
[16:13:47] [127/326] PCDA
[16:13:48] [128/326] KDCT
[16:13:49] [129/326] JACS
[16:13:50] [130/326] GMMC
[16:13:51] [131/326] AICM
[16:13:52] [132/326] TJCM
[16:13:53] [133/326] RMTI
[16:13:54] [134/326] SHAC
[16:13:54] [135/326] APJC
[16:13:55] 🔄 Identity reset
[16:13:55] 🔄 Identity rotated (every 10 requests)
[16:13:55] [136/326] GCTG
[16:13:56] [137/326] SSMC
[16:13:57] [138/326] THRM
[16:13:58] [139/326] RBCT
[16:13:59] [140/326] DIKT
[16:14:00] [141/326] MIDL
[16:14:01] [142/326] VCSN
[16:14:02] [143/326] SKTG
[16:14:03] [144/326] SMWC
[16:14:03] [145/326] MNKH
[16:14:04] 🔄 Identity reset
[16:14:04] 🔄 Identity rotated (every 10 requests)
[16:14:04] [146/326] PIAT
[16:14:05] [147/326] LTTP
[16:14:06] [148/326] PTPU
[16:14:07] [149/326] ACMG
[16:14:08] [150/326] SHMM
[16:14:08] [151/326] MCMN
[16:14:09] [152/326] GLDC
[16:14:10] [153/326] HOUT
[16:14:11] [154/326] SVRP
[16:14:12] [155/326] PVDN
[16:14:12] 🔄 Identity reset
[16:14:12] 🔄 Identity rotated (every 10 requests)
[16:14:13] [156/326] SCPY
[16:14:13] [157/326] DTPY
[16:14:14] [158/326] GKCS
[16:14:16] [159/326] NCAM
[16:14:16] [160/326] BSRM
[16:14:17] [161/326] RCLC
[16:14:18] [162/326] SKKD
[16:14:19] [163/326] ACHU
[16:14:20] [164/326] RSCF
[16:14:21] [165/326] IMSH
[16:14:21] 🔄 Identity reset
[16:14:21] 🔄 Identity rotated (every 10 requests)
[16:14:22] [166/326] MACX
[16:14:23] [167/326] HMMW
[16:14:24] [168/326] JTCP
[16:14:24] [169/326] SREN
[16:14:25] [170/326] PJRR
[16:14:26] [171/326] INAC
[16:14:28] [172/326] BMCA
[16:14:28] [173/326] SHCB
[16:14:29] [174/326] GABA
[16:14:30] [175/326] SBCT
[16:14:31] 🔄 Identity reset
[16:14:31] 🔄 Identity rotated (every 10 requests)
[16:14:31] [176/326] GCMA
[16:14:32] [177/326] MYTK
[16:14:33] [178/326] INZS
[16:14:34] [179/326] RMIK
[16:14:35] [180/326] NYCH
[16:14:36] [181/326] RAVE
[16:14:37] [182/326] PSXM
[16:14:38] [183/326] MCGP
[16:14:39] [184/326] PDDK
[16:14:40] [185/326] SPCK
[16:14:41] 🔄 Identity reset
[16:14:41] 🔄 Identity rotated (every 10 requests)
[16:14:41] [186/326] MCRL
[16:14:42] [187/326] MHKT
[16:14:43] [188/326] ANRR
[16:14:45] [189/326] SAPK
[16:14:46] [190/326] NCUK
[16:14:46] [191/326] JUGA
[16:14:47] [192/326] DBSC
[16:14:48] [193/326] LALK
[16:14:49] [194/326] GUCK
[16:14:50] [195/326] STSG
[16:14:51] 🔄 Identity reset
[16:14:51] 🔄 Identity rotated (every 10 requests)
[16:14:51] 🔄 Retry 1/5 for STSG in 2.8s
[16:14:51] 🔄 Identity reset
[16:14:53] 🧠 New identity created
[16:14:54] [196/326] PPPZ
[16:14:55] [197/326] CNCY
[16:14:56] [198/326] MTAR
[16:14:57] [199/326] VNKD
[16:14:58] [200/326] KMAJ
[16:14:59] [201/326] ACXK
[16:15:00] [202/326] UTKC
[16:15:00] [203/326] PBLK
[16:15:01] [204/326] ACBX
[16:15:02] 🔄 Identity reset
[16:15:02] 🔄 Identity rotated (every 10 requests)
[16:15:02] [205/326] PTGM
[16:15:04] [206/326] BTDA
[16:15:05] [207/326] PJMB
[16:15:05] [208/326] TPDA
[16:15:06] [209/326] AMOE
[16:15:07] [210/326] PRHT
[16:15:08] [211/326] PRTA
[16:15:09] [212/326] STAM
[16:15:10] [213/326] MSAA
[16:15:11] [214/326] SDLU
[16:15:11] 🔄 Identity reset
[16:15:11] 🔄 Identity rotated (every 10 requests)
[16:15:12] [215/326] RCHH
[16:15:13] [216/326] KANT
[16:15:13] [217/326] FCRT
[16:15:14] [218/326] DNKM
[16:15:15] [219/326] RYCP
[16:15:16] [220/326] MYRP
[16:15:17] [221/326] PPAK
[16:15:18] [222/326] NVPK
[16:15:19] [223/326] PRMC
[16:15:20] [224/326] JBCS
[16:15:20] 🔄 Identity reset
[16:15:20] 🔄 Identity rotated (every 10 requests)
[16:15:20] 🔄 Retry 1/5 for JBCS in 2.7s
[16:15:20] 🔄 Identity reset
[16:15:23] 🧠 New identity created
[16:15:23] [225/326] GXCK
[16:15:24] [226/326] USKO
[16:15:25] [227/326] GTEM
[16:15:26] [228/326] SMBU
[16:15:27] [229/326] VETC
[16:15:28] [230/326] LCDA
[16:15:29] [231/326] MTVT
[16:15:30] [232/326] PYCP
[16:15:31] [233/326] PNSC
[16:15:31] 🔄 Identity reset
[16:15:31] 🔄 Identity rotated (every 10 requests)
[16:15:32] [234/326] PPCC
[16:15:33] [235/326] TGRT
[16:15:34] [236/326] JYOT
[16:15:35] [237/326] SRCZ
[16:15:37] [238/326] SJTE
[16:15:38] [239/326] DESC
[16:15:39] [240/326] JHVN
[16:15:40] [241/326] IPSG
[16:15:41] [242/326] IPCM
[16:15:42] [243/326] PDRS
[16:15:43] 🔄 Identity reset
[16:15:43] 🔄 Identity rotated (every 10 requests)
[16:15:43] 🔄 Retry 1/5 for PDRS in 2.5s
[16:15:43] 🔄 Identity reset
[16:15:45] 🧠 New identity created
[16:15:46] [244/326] ANCV
[16:15:47] [245/326] CMVV
[16:15:49] [246/326] SHYP
[16:15:50] [247/326] DNCS
[16:15:50] [248/326] GAJK
[16:15:51] [249/326] AKTN
[16:15:52] [250/326] KAYA
[16:15:53] [251/326] SBRC
[16:15:54] [252/326] CHTP
[16:15:55] 🔄 Identity reset
[16:15:55] 🔄 Identity rotated (every 10 requests)
[16:15:55] [253/326] SHRT
[16:15:56] [254/326] BCKU
[16:15:57] [255/326] FCPS
[16:15:58] [256/326] ARDD
[16:15:59] [257/326] CPCM
[16:16:00] [258/326] CGSM
[16:16:00] [259/326] PSMP
[16:16:01] [260/326] SDAL
[16:16:02] [261/326] RTNB
[16:16:03] [262/326] LMCR
[16:16:03] 🔄 Identity reset
[16:16:03] 🔄 Identity rotated (every 10 requests)
[16:16:03] 🔄 Retry 1/5 for LMCR in 2.3s
[16:16:03] 🔄 Identity reset
[16:16:06] 🧠 New identity created
[16:16:06] 🔄 Retry 2/5 for LMCR in 4.9s
[16:16:06] 🔄 Identity reset
[16:16:11] 🧠 New identity created
[16:16:11] 🔄 Retry 3/5 for LMCR in 8.8s
[16:16:11] 🔄 Identity reset
[16:16:20] 🧠 New identity created
[16:16:20] [263/326] CIMA
[16:16:21] [264/326] RNAS
[16:16:21] [265/326] LITH
[16:16:22] [266/326] PBOX
[16:16:23] [267/326] FRTS
[16:16:24] [268/326] RKIC
[16:16:25] [269/326] PTAI
[16:16:26] 🔄 Identity reset
[16:16:26] 🔄 Identity rotated (every 10 requests)
[16:16:27] [270/326] GCIC
[16:16:28] [271/326] FNAS
[16:16:29] [272/326] SCAR
[16:16:30] [273/326] MTCA
[16:16:31] [274/326] SCTS
[16:16:32] [275/326] SYCS
[16:16:33] [276/326] RDMS
[16:16:34] [277/326] KAMP
[16:16:34] [278/326] ERSD
[16:16:35] [279/326] MJMJ
[16:16:36] 🔄 Identity reset
[16:16:36] 🔄 Identity rotated (every 10 requests)
[16:16:36] [280/326] SRCJ
[16:16:37] [281/326] SCXE
[16:16:38] [282/326] SVFR
[16:16:39] [283/326] BHCS
[16:16:40] [284/326] IMCC
[16:16:41] [285/326] PCBO
[16:16:42] [286/326] PRVN
[16:16:43] [287/326] AUPM
[16:16:44] [288/326] INBW
[16:16:45] [289/326] SVCW
[16:16:45] 🔄 Identity reset
[16:16:45] 🔄 Identity rotated (every 10 requests)
[16:16:45] [290/326] RKCF
[16:16:47] [291/326] UVBH
[16:16:48] [292/326] DNCY
[16:16:49] [293/326] ABCN
[16:16:50] [294/326] PRUR
[16:16:51] [295/326] PFMR
[16:16:52] [296/326] RKCN
[16:16:53] [297/326] CFEA
[16:16:53] [298/326] SDBG
[16:16:54] [299/326] SNAR
[16:16:55] 🔄 Identity reset
[16:16:55] 🔄 Identity rotated (every 10 requests)
[16:16:55] 🔄 Retry 1/5 for SNAR in 2.1s
[16:16:55] 🔄 Identity reset
[16:16:57] 🧠 New identity created
[16:16:57] [300/326] YISI
[16:16:58] [301/326] JCFF
[16:16:59] [302/326] VTRK
[16:17:00] [303/326] PCLZ
[16:17:01] [304/326] DIMY
[16:17:02] [305/326] BBTS
[16:17:03] [306/326] GATH
[16:17:04] [307/326] GTMN
[16:17:05] [308/326] VTMH
[16:17:06] 🔄 Identity reset
[16:17:06] 🔄 Identity rotated (every 10 requests)
[16:17:06] [309/326] CCKP
[16:17:07] [310/326] GPKA
[16:17:08] [311/326] MHCL
[16:17:09] [312/326] ATCL
[16:17:10] [313/326] SBCK
[16:17:11] [314/326] AMMR
[16:17:12] [315/326] MADC
[16:17:12] [316/326] TMMA
[16:17:13] [317/326] CACC
[16:17:14] [318/326] CHAL
[16:17:15] 🔄 Identity reset
[16:17:15] 🔄 Identity rotated (every 10 requests)
[16:17:15] [319/326] DURG
[16:17:16] [320/326] GMKU
[16:17:17] [321/326] GECA
[16:17:18] [322/326] KYRR
[16:17:18] [323/326] KSDE
[16:17:19] [324/326] LMCI
[16:17:20] [325/326] NKCP
[16:17:21] [326/326] BGTC
[16:17:22] 🧹 Deduping shows
[16:17:22] ✅ DONE | Shows=497 | Movies=40
