[10:12:28] 🚀 SCRIPT STARTED
[10:12:28] [1/459] NECA
[10:12:28] 🧠 New identity created
[10:12:28] 🔄 Identity reset
[10:12:28] ❌ NECA | RuntimeError
[10:12:28] [2/459] BJLC
[10:12:28] 🧠 New identity created
[10:12:29] 🔄 Identity reset
[10:12:29] ❌ BJLC | RuntimeError
[10:12:29] [3/459] BASU
[10:12:29] 🧠 New identity created
[10:12:29] 🔄 Identity reset
[10:12:29] ❌ BASU | RuntimeError
[10:12:29] [4/459] RUPI
[10:12:30] 🧠 New identity created
[10:12:30] 🔄 Identity reset
[10:12:30] ❌ RUPI | RuntimeError
[10:12:30] [5/459] LCBK
[10:12:30] 🧠 New identity created
[10:12:30] 🔄 Identity reset
[10:12:30] ❌ LCBK | RuntimeError
[10:12:31] [6/459] PMAC
[10:12:31] 🧠 New identity created
[10:12:32] [7/459] AMLC
[10:12:33] [8/459] LICL
[10:12:34] [9/459] UDMM
[10:12:34] [10/459] STBZ
[10:12:36] [11/459] UUBT
[10:12:37] [12/459] SJKC
[10:12:38] [13/459] TUAL
[10:12:39] [14/459] MRSE
[10:12:40] [15/459] RMRK
[10:12:41] [16/459] TTKP
[10:12:42] [17/459] KTKO
[10:12:43] [18/459] SDBK
[10:12:44] [19/459] MCPR
[10:12:45] [20/459] CHTI
[10:12:46] [21/459] GCCP
[10:12:47] [22/459] SRMY
[10:12:48] [23/459] NYST
[10:12:49] [24/459] NYAG
[10:12:50] [25/459] SBMT
[10:12:51] [26/459] INGA
[10:12:52] [27/459] WSIC
[10:12:52] [28/459] SCSS
[10:12:54] [29/459] COPG
[10:12:55] [30/459] RCGR
[10:12:56] [31/459] TCZA
[10:12:56] [32/459] CNLP
[10:12:57] [33/459] CLKN
[10:12:58] [34/459] LHDF
[10:12:59] [35/459] ELKC
[10:13:00] [36/459] VCEM
[10:13:01] [37/459] SSZA
[10:13:02] [38/459] KRMT
[10:13:03] [39/459] LCMV
[10:13:04] [40/459] AYCZ
[10:13:05] [41/459] CUMS
[10:13:06] [42/459] BOCK
[10:13:06] [43/459] PNMR
[10:13:07] [44/459] PJCP
[10:13:08] [45/459] JDDD
[10:13:08] [46/459] STMS
[10:13:09] [47/459] FLMB
[10:13:10] [48/459] PKCM
[10:13:11] [49/459] SPPR
[10:13:12] [50/459] EYLH
[10:13:13] [51/459] RJCC
[10:13:15] [52/459] MMPS
[10:13:15] [53/459] SHMX
[10:13:16] [54/459] CCNL
[10:13:17] [55/459] RCNV
[10:13:18] [56/459] MAAG
[10:13:20] [57/459] LXCM
[10:13:21] [58/459] RCNI
[10:13:22] [59/459] SNNI
[10:13:23] [60/459] LALC
[10:13:24] [61/459] SOCN
[10:13:24] [62/459] JHTP
[10:13:25] [63/459] PITP
[10:13:26] [64/459] CCKW
[10:13:27] [65/459] MCMC
[10:13:28] [66/459] DEES
[10:13:29] [67/459] SABT
[10:13:30] [68/459] VSPP
[10:13:31] [69/459] ABCT
[10:13:31] [70/459] JVTB
[10:13:32] [71/459] VCBD
[10:13:33] [72/459] RMGG
[10:13:34] [73/459] RNMH
[10:13:35] [74/459] SPGL
[10:13:36] [75/459] JTTR
[10:13:37] [76/459] SICS
[10:13:38] [77/459] SRMI
[10:13:38] [78/459] SSIJ
[10:13:39] [79/459] KFMT
[10:13:40] [80/459] VBIT
[10:13:41] [81/459] JKCT
[10:13:42] [82/459] GCGP
[10:13:42] [83/459] GDCS
[10:13:43] [84/459] TRBA
[10:13:44] [85/459] QUST
[10:13:45] [86/459] VSHM
[10:13:46] [87/459] SDCP
[10:13:47] [88/459] SNVS
[10:13:47] [89/459] NYTO
[10:13:48] [90/459] URWC
[10:13:49] [91/459] GTWH
[10:13:50] [92/459] PFCM
[10:13:51] [93/459] KRTA
[10:13:52] [94/459] AXMC
[10:13:53] [95/459] EVMC
[10:13:54] [96/459] HGSM
[10:13:54] [97/459] ACVM
[10:13:55] [98/459] PSKL
[10:13:56] [99/459] RDMP
[10:13:57] [100/459] RHGH
[10:13:57] [101/459] OMCM
[10:13:58] [102/459] DCCP
[10:13:59] [103/459] MCPB
[10:14:00] [104/459] ALCI
[10:14:00] [105/459] BLMX
[10:14:01] [106/459] BTMV
[10:14:02] [107/459] FVPN
[10:14:03] [108/459] CMAR
[10:14:04] [109/459] CEIM
[10:14:05] [110/459] CMVA
[10:14:06] [111/459] CPIV
[10:14:07] [112/459] CNPE
[10:14:08] [113/459] COLV
[10:14:09] [114/459] DNNV
[10:14:09] [115/459] HCAD
[10:14:10] [116/459] TAKA
[10:14:11] [117/459] INVD
[10:14:12] [118/459] IRMM
[10:14:13] [119/459] INSE
[10:14:14] [120/459] MRSW
[10:14:15] [121/459] MCVD
[10:14:16] [122/459] MCSO
[10:14:16] [123/459] PEVM
[10:14:17] [124/459] PVNL
[10:14:18] [125/459] PTCV
[10:14:19] [126/459] PRTC
[10:14:21] [127/459] RCVA
[10:14:21] [128/459] MTBN
[10:14:23] [129/459] LUCP
[10:14:24] [130/459] FMPT
[10:14:24] [131/459] JLSL
[10:14:25] [132/459] SBHA
[10:14:27] [133/459] SHRC
[10:14:27] [134/459] AVPS
[10:14:28] [135/459] STPM
[10:14:29] [136/459] ATRD
[10:14:30] [137/459] VTED
[10:14:31] [138/459] ACAI
[10:14:33] [139/459] SMAE
[10:14:33] [140/459] VMAT
[10:14:34] [141/459] LKCT
[10:14:35] [142/459] JTVK
[10:14:36] [143/459] PRTY
[10:14:37] [144/459] GETT
[10:14:37] [145/459] ESAP
[10:14:38] [146/459] NCPM
[10:14:39] [147/459] PCPA
[10:14:40] [148/459] MMOM
[10:14:41] [149/459] PHUP
[10:14:42] [150/459] CCPI
[10:14:42] [151/459] CNTD
[10:14:43] [152/459] NLJR
[10:14:44] [153/459] SRNG
[10:14:45] [154/459] MHAL
[10:14:46] [155/459] PNSM
[10:14:47] [156/459] DRMY
[10:14:48] [157/459] CCMU
[10:14:48] [158/459] SCMY
[10:14:49] [159/459] PVSY
[10:14:50] [160/459] SDLM
[10:14:51] [161/459] ICCM
[10:14:52] [162/459] PYSU
[10:14:53] [163/459] GATM
[10:14:53] [164/459] WOTM
[10:14:54] [165/459] RKTS
[10:14:55] [166/459] PMTY
[10:14:56] [167/459] LYMS
[10:14:57] [168/459] TGCA
[10:14:58] [169/459] DSTA
[10:14:59] [170/459] CNGE
[10:14:59] [171/459] VSTG
[10:15:00] [172/459] GTCK
[10:15:01] [173/459] TGNT
[10:15:02] [174/459] ASLC
[10:15:03] [175/459] SSST
[10:15:04] [176/459] KBTT
[10:15:04] [177/459] HKCP
[10:15:05] [178/459] SWLC
[10:15:06] [179/459] RTND
[10:15:07] [180/459] PKKT
[10:15:08] [181/459] HSTK
[10:15:09] [182/459] SPTT
[10:15:10] [183/459] IMPM
[10:15:10] [184/459] SCMV
[10:15:11] [185/459] SPCT
[10:15:13] [186/459] JBCA
[10:15:14] [187/459] ATTR
[10:15:15] [188/459] SPMT
[10:15:15] [189/459] LCTM
[10:15:17] [190/459] SCVL
[10:15:18] [191/459] SCVT
[10:15:18] [192/459] KRIC
[10:15:19] [193/459] CTMG
[10:15:20] [194/459] ACNC
[10:15:21] [195/459] DMCK
[10:15:22] [196/459] KMTV
[10:15:22] [197/459] PFCJ
[10:15:23] [198/459] VNMD
[10:15:24] [199/459] VPCZ
[10:15:25] [200/459] SRYR
[10:15:26] [201/459] SYTR
[10:15:26] [202/459] GATR
[10:15:27] [203/459] URTR
[10:15:28] [204/459] MKSM
[10:15:29] [205/459] VSMH
[10:15:30] [206/459] SKRJ
[10:15:31] [207/459] SSJR
[10:15:31] [208/459] SVSM
[10:15:32] [209/459] RUCM
[10:15:33] [210/459] PRKN
[10:15:34] [211/459] RROH
[10:15:34] [212/459] SCTN
[10:15:35] [213/459] RTDM
[10:15:36] [214/459] ASRM
[10:15:37] [215/459] SKMD
[10:15:38] [216/459] SUTD
[10:15:38] [217/459] SADM
[10:15:39] [218/459] WCNR
[10:15:40] [219/459] CNED
[10:15:42] [220/459] MPDB
[10:15:43] [221/459] KTBH
[10:15:43] [222/459] IDRM
[10:15:45] [223/459] PJJT
[10:15:46] [224/459] PFCV
[10:15:47] [225/459] AACT
[10:15:47] [226/459] AAAD
[10:15:48] [227/459] ANES
[10:15:49] [228/459] MNCA
[10:15:49] [229/459] RMGU
[10:15:50] [230/459] DLCN
[10:15:51] [231/459] LJWT
[10:15:52] [232/459] MCBG
[10:15:53] [233/459] MYBG
[10:15:53] [234/459] GCCA
[10:15:54] [235/459] GCGA
[10:15:55] [236/459] ECGN
[10:15:56] [237/459] PRAB
[10:15:57] [238/459] PNMP
[10:15:58] [239/459] GCPT
[10:15:59] [240/459] ROYN
[10:16:00] [241/459] VATM
[10:16:00] [242/459] KSNT
[10:16:01] [243/459] ACTC
[10:16:02] [244/459] PLTD
[10:16:03] [245/459] SKMK
[10:16:04] [246/459] CMTT
[10:16:05] [247/459] SMXP
[10:16:06] [248/459] SCMX
[10:16:07] [249/459] ACXN
[10:16:07] [250/459] ASWT
[10:16:08] [251/459] VVVL
[10:16:09] [252/459] NAGO
[10:16:10] [253/459] SNCN
[10:16:11] [254/459] MCKP
[10:16:11] [255/459] SAMO
[10:16:12] [256/459] JBTV
[10:16:13] [257/459] DCVV
[10:16:14] [258/459] KMSV
[10:16:15] [259/459] KDCN
[10:16:15] [260/459] CNCP
[10:16:16] [261/459] HAMC
[10:16:18] [262/459] CCVZ
[10:16:19] [263/459] NCCK
[10:16:19] [264/459] MCHR
[10:16:21] [265/459] SCHT
[10:16:21] [266/459] ESSH
[10:16:22] [267/459] CUJC
[10:16:23] [268/459] PECP
[10:16:24] [269/459] PMMI
[10:16:25] [270/459] PCCH
[10:16:26] [271/459] PRPM
[10:16:27] [272/459] PVKL
[10:16:28] [273/459] CBSM
[10:16:29] [274/459] PVCZ
[10:16:30] [275/459] PCVV
[10:16:30] [276/459] CTMJ
[10:16:31] [277/459] RCPS
[10:16:32] [278/459] PCIT
[10:16:33] [279/459] FNCH
[10:16:33] [280/459] INZD
[10:16:35] [281/459] INPC
[10:16:35] [282/459] LCZP
[10:16:36] [283/459] SMCB
[10:16:37] [284/459] PTSB
[10:16:38] [285/459] TPSI
[10:16:39] [286/459] KHMJ
[10:16:40] [287/459] RCCJ
[10:16:40] [288/459] NCJA
[10:16:41] [289/459] NCJN
[10:16:42] [290/459] BTDP
[10:16:43] [291/459] PADY
[10:16:44] [292/459] NYBH
[10:16:44] [293/459] MTBR
[10:16:45] [294/459] KRBC
[10:16:46] [295/459] DKTI
[10:16:47] [296/459] ANAN
[10:16:47] [297/459] INBP
[10:16:48] [298/459] PATB
[10:16:49] [299/459] RGNT
[10:16:50] [300/459] CGPM
[10:16:51] [301/459] INTN
[10:16:52] [302/459] MCMP
[10:16:53] [303/459] ASRG
[10:16:53] [304/459] CXJD
[10:16:54] [305/459] SPCP
[10:16:55] [306/459] CSTP
[10:16:56] [307/459] PKVC
[10:16:57] [308/459] ESCP
[10:16:58] [309/459] CAEP
[10:16:59] [310/459] CCSP
[10:16:59] [311/459] KTPC
[10:17:00] [312/459] DACA
[10:17:01] [313/459] NVKY
[10:17:02] [314/459] PTIN
[10:17:03] [315/459] SCIN
[10:17:04] [316/459] MCTY
[10:17:05] [317/459] PCMX
[10:17:06] [318/459] INIC
[10:17:07] [319/459] MMZM
[10:17:08] [320/459] SSLP
[10:17:08] [321/459] DTDT
[10:17:09] [322/459] FFCX
[10:17:10] [323/459] RCMM
[10:17:11] [324/459] KYID
[10:17:12] [325/459] CSCI
[10:17:12] [326/459] FCMC
[10:17:13] [327/459] MMXI
[10:17:14] [328/459] ASTC
[10:17:15] [329/459] CMRA
[10:17:16] [330/459] DICI
[10:17:17] [331/459] KDIN
[10:17:17] [332/459] PRFI
[10:17:18] [333/459] SVFC
[10:17:19] [334/459] UCPL
[10:17:21] [335/459] COOC
[10:17:21] [336/459] SCAL
[10:17:22] [337/459] SVFF
[10:17:24] [338/459] VCMG
[10:17:25] [339/459] UUCT
[10:17:26] [340/459] GCSE
[10:17:27] [341/459] SUSC
[10:17:27] [342/459] MISC
[10:17:28] [343/459] RMBL
[10:17:29] [344/459] CMXN
[10:17:30] [345/459] PVBK
[10:17:31] [346/459] HHCG
[10:17:31] [347/459] SCAG
[10:17:32] [348/459] CNPR
[10:17:33] [349/459] CSER
[10:17:34] [350/459] HLWD
[10:17:34] [351/459] BOLY
[10:17:35] [352/459] SSPG
[10:17:36] [353/459] MUPX
[10:17:37] [354/459] HAMR
[10:17:38] [355/459] SDNC
[10:17:39] [356/459] RTEN
[10:17:39] [357/459] SDTD
[10:17:40] [358/459] KAWS
[10:17:41] [359/459] CMZX
[10:17:42] [360/459] DCDD
[10:17:42] [361/459] ALSN
[10:17:43] [362/459] IMXS
[10:17:44] [363/459] PVFF
[10:17:45] [364/459] PVOO
[10:17:46] [365/459] CFBS
[10:17:47] [366/459] PVER
[10:17:48] [367/459] PPNX
[10:17:49] [368/459] CNRM
[10:17:50] [369/459] PVWW
[10:17:51] [370/459] INMB
[10:17:52] [371/459] CPJR
[10:17:53] [372/459] INRZ
[10:17:53] [373/459] PMSR
[10:17:54] [374/459] GPGM
[10:17:55] [375/459] PGWB
[10:17:56] [376/459] PMBR
[10:17:57] [377/459] GPAM
[10:17:58] [378/459] INBC
[10:17:58] [379/459] PZVK
[10:17:59] [380/459] CPEB
[10:18:00] [381/459] FMLB
[10:18:01] [382/459] INBG
[10:18:02] [383/459] GPBR
[10:18:02] [384/459] PAAS
[10:18:03] [385/459] VTBR
[10:18:04] [386/459] GPMY
[10:18:05] [387/459] GYBU
[10:18:06] [388/459] INBJ
[10:18:07] [389/459] LKTH
[10:18:08] [390/459] NSBR
[10:18:10] [391/459] PDRD
[10:18:10] [392/459] VRBL
[10:18:11] [393/459] VTGB
[10:18:12] [394/459] VTSK
[10:18:13] [395/459] BKDV
[10:18:13] [396/459] SVTB
[10:18:15] [397/459] MLDT
[10:18:16] [398/459] NRBL
[10:18:18] [399/459] SLTR
[10:18:18] [400/459] VNKA
[10:18:19] [401/459] TDCA
[10:18:20] [402/459] INBM
[10:18:21] [403/459] SSNR
[10:18:22] [404/459] BHAC
[10:18:23] [405/459] SDSD
[10:18:23] [406/459] SAMP
[10:18:24] [407/459] RATK
[10:18:25] [408/459] KCBI
[10:18:26] [409/459] URBL
[10:18:26] [410/459] MKBG
[10:18:27] [411/459] ASTB
[10:18:28] [412/459] VBWT
[10:18:29] [413/459] GPSM
[10:18:29] [414/459] ROON
[10:18:30] [415/459] CHTH
[10:18:31] [416/459] SSPA
[10:18:32] [417/459] ANBL
[10:18:32] [418/459] VTBE
[10:18:33] [419/459] SVKT
[10:18:34] [420/459] SVYK
[10:18:35] [421/459] PTBK
[10:18:36] [422/459] RKTB
[10:18:37] [423/459] BALT
[10:18:38] [424/459] STSV
[10:18:38] [425/459] VCCB
[10:18:39] [426/459] SLTB
[10:18:40] [427/459] SBCR
[10:18:41] [428/459] VDCS
[10:18:42] [429/459] MDKI
[10:18:43] [430/459] SMRN
[10:18:44] [431/459] PTBC
[10:18:45] [432/459] RADI
[10:18:46] [433/459] ADCR
[10:18:46] [434/459] SDCS
[10:18:47] [435/459] SRPJ
[10:18:48] [436/459] ARTS
[10:18:49] [437/459] SRHK
[10:18:50] [438/459] SPAY
[10:18:50] [439/459] GPTB
[10:18:51] [440/459] SNNN
[10:18:52] [441/459] BALJ
[10:18:53] [442/459] TRIG
[10:18:54] [443/459] GTYT
[10:18:54] [444/459] ATGN
[10:18:55] [445/459] ANTE
[10:18:56] [446/459] BDCG
[10:18:57] [447/459] VECI
[10:18:58] [448/459] SCPR
[10:18:59] [449/459] RTEA
[10:19:00] [450/459] JSAI
[10:19:00] [451/459] VJTP
[10:19:01] [452/459] GNDS
[10:19:02] [453/459] PAXA
[10:19:03] [454/459] CGGM
[10:19:04] [455/459] ACKZ
[10:19:05] [456/459] EMCC
[10:19:06] [457/459] KLSK
[10:19:06] [458/459] AVCK
[10:19:07] [459/459] JTCK
[10:19:08] 🔁 RETRY ROUND 1 | Remaining: 5
[10:19:08] [RETRY-1] BJLC
[10:19:09] [RETRY-1] LCBK
[10:19:09] [RETRY-1] BASU
[10:19:10] [RETRY-1] RUPI
[10:19:12] [RETRY-1] NECA
[10:19:13] 🧹 Deduping shows
[10:19:13] ✅ DONE | Shows=4 | Movies=1
[04:57:18] 🚀 SCRIPT STARTED
[04:57:18] [1/459] NECA
[04:57:18] 🧠 New identity created
[04:57:18] 🔄 Identity reset
[04:57:18] ❌ NECA | RuntimeError
[04:57:18] [2/459] BJLC
[04:57:18] 🧠 New identity created
[04:57:19] [3/459] BASU
[04:57:20] [4/459] RUPI
[04:57:21] [5/459] LCBK
[04:57:22] [6/459] PMAC
[04:57:23] [7/459] AMLC
[04:57:24] [8/459] LICL
[04:57:25] [9/459] UDMM
[04:57:25] [10/459] STBZ
[04:57:26] [11/459] UUBT
[04:57:27] [12/459] SJKC
[04:57:28] [13/459] TUAL
[04:57:29] [14/459] MRSE
[04:57:30] [15/459] RMRK
[04:57:31] [16/459] TTKP
[04:57:31] [17/459] KTKO
[04:57:32] [18/459] SDBK
[04:57:33] [19/459] MCPR
[04:57:34] [20/459] CHTI
[04:57:35] [21/459] GCCP
[04:57:35] [22/459] SRMY
[04:57:36] [23/459] NYST
[04:57:37] [24/459] NYAG
[04:57:38] [25/459] SBMT
[04:57:39] [26/459] INGA
[04:57:39] [27/459] WSIC
[04:57:40] [28/459] SCSS
[04:57:41] [29/459] COPG
[04:57:42] [30/459] RCGR
[04:57:43] [31/459] TCZA
[04:57:44] [32/459] CNLP
[04:57:44] [33/459] CLKN
[04:57:45] [34/459] LHDF
[04:57:46] [35/459] ELKC
[04:57:47] [36/459] VCEM
[04:57:47] [37/459] SSZA
[04:57:48] [38/459] KRMT
[04:57:49] [39/459] LCMV
[04:57:50] [40/459] AYCZ
[04:57:51] [41/459] CUMS
[04:57:52] [42/459] BOCK
[04:57:53] [43/459] PNMR
[04:57:54] [44/459] PJCP
[04:57:54] [45/459] JDDD
[04:57:55] [46/459] STMS
[04:57:56] [47/459] FLMB
[04:57:57] [48/459] PKCM
[04:57:57] [49/459] SPPR
[04:57:58] [50/459] EYLH
[04:57:59] [51/459] RJCC
[04:58:00] [52/459] MMPS
[04:58:01] [53/459] SHMX
[04:58:01] [54/459] CCNL
[04:58:02] [55/459] RCNV
[04:58:03] [56/459] MAAG
[04:58:03] [57/459] LXCM
[04:58:04] [58/459] RCNI
[04:58:05] [59/459] SNNI
[04:58:06] [60/459] LALC
[04:58:07] [61/459] SOCN
[04:58:08] [62/459] JHTP
[04:58:09] [63/459] PITP
[04:58:09] [64/459] CCKW
[04:58:10] [65/459] MCMC
[04:58:11] [66/459] DEES
[04:58:12] [67/459] SABT
[04:58:13] [68/459] VSPP
[04:58:13] [69/459] ABCT
[04:58:14] [70/459] JVTB
[04:58:15] [71/459] VCBD
[04:58:16] [72/459] RMGG
[04:58:16] [73/459] RNMH
[04:58:17] [74/459] SPGL
[04:58:18] [75/459] JTTR
[04:58:19] [76/459] SICS
[04:58:19] [77/459] SRMI
[04:58:20] [78/459] SSIJ
[04:58:21] [79/459] KFMT
[04:58:22] [80/459] VBIT
[04:58:23] [81/459] JKCT
[04:58:24] [82/459] GCGP
[04:58:25] [83/459] GDCS
[04:58:25] [84/459] TRBA
[04:58:26] [85/459] QUST
[04:58:27] [86/459] VSHM
[04:58:28] [87/459] SDCP
[04:58:28] [88/459] SNVS
[04:58:29] [89/459] NYTO
[04:58:30] [90/459] URWC
[04:58:31] [91/459] GTWH
[04:58:31] [92/459] PFCM
[04:58:32] [93/459] KRTA
[04:58:33] [94/459] AXMC
[04:58:33] [95/459] EVMC
[04:58:34] [96/459] HGSM
[04:58:35] [97/459] ACVM
[04:58:35] [98/459] PSKL
[04:58:36] [99/459] RDMP
[04:58:37] [100/459] RHGH
[04:58:38] [101/459] OMCM
[04:58:38] [102/459] DCCP
[04:58:40] [103/459] MCPB
[04:58:41] [104/459] ALCI
[04:58:41] [105/459] BLMX
[04:58:42] [106/459] BTMV
[04:58:43] [107/459] FVPN
[04:58:44] [108/459] CMAR
[04:58:45] [109/459] CEIM
[04:58:45] [110/459] CMVA
[04:58:46] [111/459] CPIV
[04:58:47] [112/459] CNPE
[04:58:48] [113/459] COLV
[04:58:49] [114/459] DNNV
[04:58:49] [115/459] HCAD
[04:58:50] [116/459] TAKA
[04:58:51] [117/459] INVD
[04:58:52] [118/459] IRMM
[04:58:53] [119/459] INSE
[04:58:53] [120/459] MRSW
[04:58:54] [121/459] MCVD
[04:58:55] [122/459] MCSO
[04:58:56] [123/459] PEVM
[04:58:57] [124/459] PVNL
[04:58:58] [125/459] PTCV
[04:58:59] [126/459] PRTC
[04:59:00] [127/459] RCVA
[04:59:00] [128/459] MTBN
[04:59:01] [129/459] LUCP
[04:59:02] [130/459] FMPT
[04:59:03] [131/459] JLSL
[04:59:05] [132/459] SBHA
[04:59:06] [133/459] SHRC
[04:59:07] [134/459] AVPS
[04:59:08] [135/459] STPM
[04:59:08] [136/459] ATRD
[04:59:09] [137/459] VTED
[04:59:10] [138/459] ACAI
[04:59:12] [139/459] SMAE
[04:59:12] [140/459] VMAT
[04:59:13] [141/459] LKCT
[04:59:14] [142/459] JTVK
[04:59:15] [143/459] PRTY
[04:59:16] [144/459] GETT
[04:59:17] [145/459] ESAP
[04:59:17] [146/459] NCPM
[04:59:19] [147/459] PCPA
[04:59:20] [148/459] MMOM
[04:59:20] [149/459] PHUP
[04:59:21] [150/459] CCPI
[04:59:22] [151/459] CNTD
[04:59:22] [152/459] NLJR
[04:59:23] [153/459] SRNG
[04:59:24] [154/459] MHAL
[04:59:25] [155/459] PNSM
[04:59:26] [156/459] DRMY
[04:59:27] [157/459] CCMU
[04:59:28] [158/459] SCMY
[04:59:28] [159/459] PVSY
[04:59:29] [160/459] SDLM
[04:59:30] [161/459] ICCM
[04:59:32] [162/459] PYSU
[04:59:32] [163/459] GATM
[04:59:33] [164/459] WOTM
[04:59:34] [165/459] RKTS
[04:59:34] [166/459] PMTY
[04:59:35] [167/459] LYMS
[04:59:36] [168/459] TGCA
[04:59:37] [169/459] DSTA
[04:59:38] [170/459] CNGE
[04:59:38] [171/459] VSTG
[04:59:39] [172/459] GTCK
[04:59:40] [173/459] TGNT
[04:59:41] [174/459] ASLC
[04:59:41] [175/459] SSST
[04:59:42] [176/459] KBTT
[04:59:43] [177/459] HKCP
[04:59:43] [178/459] SWLC
[04:59:44] [179/459] RTND
[04:59:45] [180/459] PKKT
[04:59:45] [181/459] HSTK
[04:59:46] [182/459] SPTT
[04:59:47] [183/459] IMPM
[04:59:48] [184/459] SCMV
[04:59:48] [185/459] SPCT
[04:59:49] [186/459] JBCA
[04:59:50] [187/459] ATTR
[04:59:50] [188/459] SPMT
[04:59:51] [189/459] LCTM
[04:59:52] [190/459] SCVL
[04:59:52] [191/459] SCVT
[04:59:54] [192/459] KRIC
[04:59:55] [193/459] CTMG
[04:59:56] [194/459] ACNC
[04:59:56] [195/459] DMCK
[04:59:57] [196/459] KMTV
[04:59:58] [197/459] PFCJ
[04:59:58] [198/459] VNMD
[04:59:59] [199/459] VPCZ
[05:00:00] [200/459] SRYR
[05:00:01] [201/459] SYTR
[05:00:02] [202/459] GATR
[05:00:03] [203/459] URTR
[05:00:04] [204/459] MKSM
[05:00:05] [205/459] VSMH
[05:00:05] [206/459] SKRJ
[05:00:06] [207/459] SSJR
[05:00:07] [208/459] SVSM
[05:00:07] [209/459] RUCM
[05:00:08] [210/459] PRKN
[05:00:09] [211/459] RROH
[05:00:10] [212/459] SCTN
[05:00:10] [213/459] RTDM
[05:00:11] [214/459] ASRM
[05:00:12] [215/459] SKMD
[05:00:13] [216/459] SUTD
[05:00:14] [217/459] SADM
[05:00:14] [218/459] WCNR
[05:00:15] [219/459] CNED
[05:00:16] [220/459] MPDB
[05:00:16] [221/459] KTBH
[05:00:17] [222/459] IDRM
[05:00:18] [223/459] PJJT
[05:00:19] [224/459] PFCV
[05:00:20] [225/459] AACT
[05:00:20] [226/459] AAAD
[05:00:22] [227/459] ANES
[05:00:22] [228/459] MNCA
[05:00:23] [229/459] RMGU
[05:00:24] [230/459] DLCN
[05:00:24] [231/459] LJWT
[05:00:25] [232/459] MCBG
[05:00:26] [233/459] MYBG
[05:00:27] [234/459] GCCA
[05:00:27] [235/459] GCGA
[05:00:28] [236/459] ECGN
[05:00:29] [237/459] PRAB
[05:00:30] [238/459] PNMP
[05:00:31] [239/459] GCPT
[05:00:32] [240/459] ROYN
[05:00:32] [241/459] VATM
[05:00:33] [242/459] KSNT
[05:00:34] [243/459] ACTC
[05:00:34] [244/459] PLTD
[05:00:35] [245/459] SKMK
[05:00:36] [246/459] CMTT
[05:00:37] [247/459] SMXP
[05:00:37] [248/459] SCMX
[05:00:38] [249/459] ACXN
[05:00:39] [250/459] ASWT
[05:00:40] [251/459] VVVL
[05:00:41] [252/459] NAGO
[05:00:42] [253/459] SNCN
[05:00:43] [254/459] MCKP
[05:00:43] [255/459] SAMO
[05:00:45] [256/459] JBTV
[05:00:46] [257/459] DCVV
[05:00:46] [258/459] KMSV
[05:00:47] [259/459] KDCN
[05:00:47] [260/459] CNCP
[05:00:48] [261/459] HAMC
[05:00:49] [262/459] CCVZ
[05:00:50] [263/459] NCCK
[05:00:51] [264/459] MCHR
[05:00:52] [265/459] SCHT
[05:00:53] [266/459] ESSH
[05:00:53] [267/459] CUJC
[05:00:54] [268/459] PECP
[05:00:55] [269/459] PMMI
[05:00:56] [270/459] PCCH
[05:00:57] [271/459] PRPM
[05:00:58] [272/459] PVKL
[05:00:58] [273/459] CBSM
[05:00:59] [274/459] PVCZ
[05:01:00] [275/459] PCVV
[05:01:01] [276/459] CTMJ
[05:01:01] [277/459] RCPS
[05:01:02] [278/459] PCIT
[05:01:03] [279/459] FNCH
[05:01:04] [280/459] INZD
[05:01:04] [281/459] INPC
[05:01:05] [282/459] LCZP
[05:01:06] [283/459] SMCB
[05:01:07] [284/459] PTSB
[05:01:08] [285/459] TPSI
[05:01:09] [286/459] KHMJ
[05:01:10] [287/459] RCCJ
[05:01:11] [288/459] NCJA
[05:01:12] [289/459] NCJN
[05:01:13] [290/459] BTDP
[05:01:14] [291/459] PADY
[05:01:15] [292/459] NYBH
[05:01:16] [293/459] MTBR
[05:01:16] [294/459] KRBC
[05:01:17] [295/459] DKTI
[05:01:18] [296/459] ANAN
[05:01:19] [297/459] INBP
[05:01:20] [298/459] PATB
[05:01:20] [299/459] RGNT
[05:01:22] [300/459] CGPM
[05:01:23] [301/459] INTN
[05:01:24] [302/459] MCMP
[05:01:24] [303/459] ASRG
[05:01:25] [304/459] CXJD
[05:01:26] [305/459] SPCP
[05:01:27] [306/459] CSTP
[05:01:27] [307/459] PKVC
[05:01:28] [308/459] ESCP
[05:01:29] [309/459] CAEP
[05:01:30] [310/459] CCSP
[05:01:30] [311/459] KTPC
[05:01:31] [312/459] DACA
[05:01:32] [313/459] NVKY
[05:01:33] [314/459] PTIN
[05:01:33] [315/459] SCIN
[05:01:34] [316/459] MCTY
[05:01:35] [317/459] PCMX
[05:01:36] [318/459] INIC
[05:01:36] [319/459] MMZM
[05:01:37] [320/459] SSLP
[05:01:38] [321/459] DTDT
[05:01:39] [322/459] FFCX
[05:01:39] [323/459] RCMM
[05:01:40] [324/459] KYID
[05:01:41] [325/459] CSCI
[05:01:41] [326/459] FCMC
[05:01:42] [327/459] MMXI
[05:01:43] [328/459] ASTC
[05:01:44] [329/459] CMRA
[05:01:44] [330/459] DICI
[05:01:45] [331/459] KDIN
[05:01:46] [332/459] PRFI
[05:01:47] [333/459] SVFC
[05:01:48] [334/459] UCPL
[05:01:48] [335/459] COOC
[05:01:49] [336/459] SCAL
[05:01:50] [337/459] SVFF
[05:01:50] [338/459] VCMG
[05:01:51] [339/459] UUCT
[05:01:52] [340/459] GCSE
[05:01:54] [341/459] SUSC
[05:01:54] [342/459] MISC
[05:01:56] [343/459] RMBL
[05:01:57] [344/459] CMXN
[05:01:58] [345/459] PVBK
[05:01:59] [346/459] HHCG
[05:02:00] [347/459] SCAG
[05:02:00] [348/459] CNPR
[05:02:01] [349/459] CSER
[05:02:02] [350/459] HLWD
[05:02:02] [351/459] BOLY
[05:02:03] [352/459] SSPG
[05:02:04] [353/459] MUPX
[05:02:05] [354/459] HAMR
[05:02:05] [355/459] SDNC
[05:02:07] [356/459] RTEN
[05:02:07] [357/459] SDTD
[05:02:08] [358/459] KAWS
[05:02:09] [359/459] CMZX
[05:02:10] [360/459] DCDD
[05:02:11] [361/459] ALSN
[05:02:12] [362/459] IMXS
[05:02:13] [363/459] PVFF
[05:02:13] [364/459] PVOO
[05:02:14] [365/459] CFBS
[05:02:15] [366/459] PVER
[05:02:15] [367/459] PPNX
[05:02:16] [368/459] CNRM
[05:02:17] [369/459] PVWW
[05:02:18] [370/459] INMB
[05:02:18] [371/459] CPJR
[05:02:19] [372/459] INRZ
[05:02:20] [373/459] PMSR
[05:02:21] [374/459] GPGM
[05:02:22] [375/459] PGWB
[05:02:22] [376/459] PMBR
[05:02:23] [377/459] GPAM
[05:02:24] [378/459] INBC
[05:02:24] [379/459] PZVK
[05:02:25] [380/459] CPEB
[05:02:26] [381/459] FMLB
[05:02:27] [382/459] INBG
[05:02:28] [383/459] GPBR
[05:02:29] [384/459] PAAS
[05:02:30] [385/459] VTBR
[05:02:31] [386/459] GPMY
[05:02:32] [387/459] GYBU
[05:02:33] [388/459] INBJ
[05:02:34] [389/459] LKTH
[05:02:35] [390/459] NSBR
[05:02:36] [391/459] PDRD
[05:02:36] [392/459] VRBL
[05:02:37] [393/459] VTGB
[05:02:38] [394/459] VTSK
[05:02:39] [395/459] BKDV
[05:02:39] [396/459] SVTB
[05:02:40] [397/459] MLDT
[05:02:41] [398/459] NRBL
[05:02:42] [399/459] SLTR
[05:02:43] [400/459] VNKA
[05:02:43] [401/459] TDCA
[05:02:44] [402/459] INBM
[05:02:45] [403/459] SSNR
[05:02:46] [404/459] BHAC
[05:02:47] [405/459] SDSD
[05:02:48] [406/459] SAMP
[05:02:48] [407/459] RATK
[05:02:49] [408/459] KCBI
[05:02:50] [409/459] URBL
[05:02:51] [410/459] MKBG
[05:02:51] [411/459] ASTB
[05:02:52] [412/459] VBWT
[05:02:53] [413/459] GPSM
[05:02:54] [414/459] ROON
[05:02:54] [415/459] CHTH
[05:02:55] [416/459] SSPA
[05:02:56] [417/459] ANBL
[05:02:57] [418/459] VTBE
[05:02:58] [419/459] SVKT
[05:02:59] [420/459] SVYK
[05:03:00] [421/459] PTBK
[05:03:01] [422/459] RKTB
[05:03:02] [423/459] BALT
[05:03:03] [424/459] STSV
[05:03:03] [425/459] VCCB
[05:03:04] [426/459] SLTB
[05:03:05] [427/459] SBCR
[05:03:06] [428/459] VDCS
[05:03:07] [429/459] MDKI
[05:03:07] [430/459] SMRN
[05:03:08] [431/459] PTBC
[05:03:09] [432/459] RADI
[05:03:10] [433/459] ADCR
[05:03:10] [434/459] SDCS
[05:03:11] [435/459] SRPJ
[05:03:12] [436/459] ARTS
[05:03:13] [437/459] SRHK
[05:03:14] [438/459] SPAY
[05:03:15] [439/459] GPTB
[05:03:15] [440/459] SNNN
[05:03:16] [441/459] BALJ
[05:03:17] [442/459] TRIG
[05:03:19] [443/459] GTYT
[05:03:19] [444/459] ATGN
[05:03:20] [445/459] ANTE
[05:03:21] [446/459] BDCG
[05:03:22] [447/459] VECI
[05:03:22] [448/459] SCPR
[05:03:23] [449/459] RTEA
[05:03:24] [450/459] JSAI
[05:03:25] [451/459] VJTP
[05:03:25] [452/459] GNDS
[05:03:26] [453/459] PAXA
[05:03:27] [454/459] CGGM
[05:03:28] [455/459] ACKZ
[05:03:28] [456/459] EMCC
[05:03:29] [457/459] KLSK
[05:03:30] [458/459] AVCK
[05:03:31] [459/459] JTCK
[05:03:31] 🔁 RETRY ROUND 1 | Remaining: 1
[05:03:31] [RETRY-1] NECA
[05:03:33] 🧹 Deduping shows
[05:03:33] ✅ DONE | Shows=4 | Movies=1
[22:05:55] 🚀 SCRIPT STARTED
[22:05:55] [1/459] NECA
[22:05:55] 🧠 New identity created
[22:05:55] 🔄 Identity reset
[22:05:55] ❌ NECA | RuntimeError
[22:05:56] [2/459] BJLC
[22:05:56] 🧠 New identity created
[22:05:56] 🔄 Identity reset
[22:05:56] ❌ BJLC | RuntimeError
[22:05:57] [3/459] BASU
[22:05:57] 🧠 New identity created
[22:05:57] 🔄 Identity reset
[22:05:57] ❌ BASU | RuntimeError
[22:05:57] [4/459] RUPI
[22:05:57] 🧠 New identity created
[22:05:58] [5/459] LCBK
[22:05:59] [6/459] PMAC
[22:06:00] [7/459] AMLC
[22:06:01] [8/459] LICL
[22:06:01] [9/459] UDMM
[22:06:02] [10/459] STBZ
[22:06:03] [11/459] UUBT
[22:06:04] [12/459] SJKC
[22:06:05] [13/459] TUAL
[22:06:06] [14/459] MRSE
[22:06:06] [15/459] RMRK
[22:06:07] [16/459] TTKP
[22:06:08] [17/459] KTKO
[22:06:09] [18/459] SDBK
[22:06:10] [19/459] MCPR
[22:06:11] [20/459] CHTI
[22:06:12] [21/459] GCCP
[22:06:13] [22/459] SRMY
[22:06:13] [23/459] NYST
[22:06:14] [24/459] NYAG
[22:06:15] [25/459] SBMT
[22:06:16] [26/459] INGA
[22:06:16] [27/459] WSIC
[22:06:17] [28/459] SCSS
[22:06:18] [29/459] COPG
[22:06:19] [30/459] RCGR
[22:06:20] [31/459] TCZA
[22:06:21] [32/459] CNLP
[22:06:22] [33/459] CLKN
[22:06:23] [34/459] LHDF
[22:06:24] [35/459] ELKC
[22:06:24] [36/459] VCEM
[22:06:26] [37/459] SSZA
[22:06:27] [38/459] KRMT
[22:06:27] [39/459] LCMV
[22:06:28] [40/459] AYCZ
[22:06:29] [41/459] CUMS
[22:06:30] [42/459] BOCK
[22:06:31] [43/459] PNMR
[22:06:32] [44/459] PJCP
[22:06:33] [45/459] JDDD
[22:06:33] [46/459] STMS
[22:06:34] [47/459] FLMB
[22:06:35] [48/459] PKCM
[22:06:36] [49/459] SPPR
[22:06:37] [50/459] EYLH
[22:06:38] [51/459] RJCC
[22:06:38] [52/459] MMPS
[22:06:39] [53/459] SHMX
[22:06:40] [54/459] CCNL
[22:06:41] [55/459] RCNV
[22:06:42] [56/459] MAAG
[22:06:43] [57/459] LXCM
[22:06:44] [58/459] RCNI
[22:06:45] [59/459] SNNI
[22:06:46] [60/459] LALC
[22:06:46] [61/459] SOCN
[22:06:47] [62/459] JHTP
[22:06:48] [63/459] PITP
[22:06:49] [64/459] CCKW
[22:06:50] [65/459] MCMC
[22:06:51] [66/459] DEES
[22:06:52] [67/459] SABT
[22:06:52] [68/459] VSPP
[22:06:53] [69/459] ABCT
[22:06:54] [70/459] JVTB
[22:06:55] [71/459] VCBD
[22:06:56] [72/459] RMGG
[22:06:57] [73/459] RNMH
[22:06:57] [74/459] SPGL
[22:06:58] [75/459] JTTR
[22:06:59] [76/459] SICS
[22:07:00] [77/459] SRMI
[22:07:00] [78/459] SSIJ
[22:07:02] [79/459] KFMT
[22:07:03] [80/459] VBIT
[22:07:04] [81/459] JKCT
[22:07:04] [82/459] GCGP
[22:07:05] [83/459] GDCS
[22:07:06] [84/459] TRBA
[22:07:07] [85/459] QUST
[22:07:08] [86/459] VSHM
[22:07:08] [87/459] SDCP
[22:07:09] [88/459] SNVS
[22:07:10] [89/459] NYTO
[22:07:11] [90/459] URWC
[22:07:12] [91/459] GTWH
[22:07:12] [92/459] PFCM
[22:07:13] [93/459] KRTA
[22:07:14] [94/459] AXMC
[22:07:15] [95/459] EVMC
[22:07:17] [96/459] HGSM
[22:07:17] [97/459] ACVM
[22:07:18] [98/459] PSKL
[22:07:20] [99/459] RDMP
[22:07:20] [100/459] RHGH
[22:07:21] [101/459] OMCM
[22:07:22] [102/459] DCCP
[22:07:23] [103/459] MCPB
[22:07:24] [104/459] ALCI
[22:07:24] [105/459] BLMX
[22:07:25] [106/459] BTMV
[22:07:26] [107/459] FVPN
[22:07:27] [108/459] CMAR
[22:07:28] [109/459] CEIM
[22:07:29] [110/459] CMVA
[22:07:30] [111/459] CPIV
[22:07:31] [112/459] CNPE
[22:07:32] [113/459] COLV
[22:07:33] [114/459] DNNV
[22:07:33] [115/459] HCAD
[22:07:35] [116/459] TAKA
[22:07:36] [117/459] INVD
[22:07:37] [118/459] IRMM
[22:07:38] [119/459] INSE
[22:07:38] [120/459] MRSW
[22:07:39] [121/459] MCVD
[22:07:40] [122/459] MCSO
[22:07:41] [123/459] PEVM
[22:07:42] [124/459] PVNL
[22:07:43] [125/459] PTCV
[22:07:44] [126/459] PRTC
[22:07:45] [127/459] RCVA
[22:07:46] [128/459] MTBN
[22:07:47] [129/459] LUCP
[22:07:48] [130/459] FMPT
[22:07:49] [131/459] JLSL
[22:07:50] [132/459] SBHA
[22:07:51] [133/459] SHRC
[22:07:52] [134/459] AVPS
[22:07:53] [135/459] STPM
[22:07:54] [136/459] ATRD
[22:07:54] [137/459] VTED
[22:07:55] [138/459] ACAI
[22:07:56] [139/459] SMAE
[22:07:57] [140/459] VMAT
[22:07:58] [141/459] LKCT
[22:07:59] [142/459] JTVK
[22:08:00] [143/459] PRTY
[22:08:00] [144/459] GETT
[22:08:01] [145/459] ESAP
[22:08:02] [146/459] NCPM
[22:08:03] [147/459] PCPA
[22:08:04] [148/459] MMOM
[22:08:05] [149/459] PHUP
[22:08:05] [150/459] CCPI
[22:08:07] [151/459] CNTD
[22:08:08] [152/459] NLJR
[22:08:09] [153/459] SRNG
[22:08:10] [154/459] MHAL
[22:08:11] [155/459] PNSM
[22:08:12] [156/459] DRMY
[22:08:13] [157/459] CCMU
[22:08:13] [158/459] SCMY
[22:08:14] [159/459] PVSY
[22:08:15] [160/459] SDLM
[22:08:16] [161/459] ICCM
[22:08:16] [162/459] PYSU
[22:08:17] [163/459] GATM
[22:08:18] [164/459] WOTM
[22:08:19] [165/459] RKTS
[22:08:20] [166/459] PMTY
[22:08:21] [167/459] LYMS
[22:08:22] [168/459] TGCA
[22:08:23] [169/459] DSTA
[22:08:24] [170/459] CNGE
[22:08:25] [171/459] VSTG
[22:08:27] [172/459] GTCK
[22:08:27] [173/459] TGNT
[22:08:28] [174/459] ASLC
[22:08:29] [175/459] SSST
[22:08:30] [176/459] KBTT
[22:08:31] [177/459] HKCP
[22:08:32] [178/459] SWLC
[22:08:33] [179/459] RTND
[22:08:33] [180/459] PKKT
[22:08:34] [181/459] HSTK
[22:08:35] [182/459] SPTT
[22:08:36] [183/459] IMPM
[22:08:37] [184/459] SCMV
[22:08:37] [185/459] SPCT
[22:08:38] [186/459] JBCA
[22:08:40] [187/459] ATTR
[22:08:41] [188/459] SPMT
[22:08:42] [189/459] LCTM
[22:08:42] [190/459] SCVL
[22:08:43] [191/459] SCVT
[22:08:44] [192/459] KRIC
[22:08:45] [193/459] CTMG
[22:08:46] [194/459] ACNC
[22:08:47] [195/459] DMCK
[22:08:48] [196/459] KMTV
[22:08:49] [197/459] PFCJ
[22:08:49] [198/459] VNMD
[22:08:50] [199/459] VPCZ
[22:08:52] [200/459] SRYR
[22:08:52] [201/459] SYTR
[22:08:53] [202/459] GATR
[22:08:54] [203/459] URTR
[22:08:55] [204/459] MKSM
[22:08:57] [205/459] VSMH
[22:08:57] [206/459] SKRJ
[22:08:58] [207/459] SSJR
[22:08:59] [208/459] SVSM
[22:09:00] [209/459] RUCM
[22:09:01] [210/459] PRKN
[22:09:02] [211/459] RROH
[22:09:03] [212/459] SCTN
[22:09:04] [213/459] RTDM
[22:09:04] [214/459] ASRM
[22:09:05] [215/459] SKMD
[22:09:06] [216/459] SUTD
[22:09:07] [217/459] SADM
[22:09:08] [218/459] WCNR
[22:09:09] [219/459] CNED
[22:09:10] [220/459] MPDB
[22:09:10] [221/459] KTBH
[22:09:11] [222/459] IDRM
[22:09:12] [223/459] PJJT
[22:09:14] [224/459] PFCV
[22:09:14] [225/459] AACT
[22:09:15] [226/459] AAAD
[22:09:16] [227/459] ANES
[22:09:17] [228/459] MNCA
[22:09:17] [229/459] RMGU
[22:09:18] [230/459] DLCN
[22:09:19] [231/459] LJWT
[22:09:21] [232/459] MCBG
[22:09:22] [233/459] MYBG
[22:09:23] [234/459] GCCA
[22:09:24] [235/459] GCGA
[22:09:24] [236/459] ECGN
[22:09:25] [237/459] PRAB
[22:09:26] [238/459] PNMP
[22:09:27] [239/459] GCPT
[22:09:28] [240/459] ROYN
[22:09:29] [241/459] VATM
[22:09:30] [242/459] KSNT
[22:09:32] [243/459] ACTC
[22:09:32] [244/459] PLTD
[22:09:34] [245/459] SKMK
[22:09:35] [246/459] CMTT
[22:09:36] [247/459] SMXP
[22:09:37] [248/459] SCMX
[22:09:37] [249/459] ACXN
[22:09:38] [250/459] ASWT
[22:09:39] [251/459] VVVL
[22:09:40] [252/459] NAGO
[22:09:41] [253/459] SNCN
[22:09:42] [254/459] MCKP
[22:09:42] [255/459] SAMO
[22:09:43] [256/459] JBTV
[22:09:44] [257/459] DCVV
[22:09:45] [258/459] KMSV
[22:09:46] [259/459] KDCN
[22:09:47] [260/459] CNCP
[22:09:48] [261/459] HAMC
[22:09:48] [262/459] CCVZ
[22:09:49] [263/459] NCCK
[22:09:50] [264/459] MCHR
[22:09:51] [265/459] SCHT
[22:09:52] [266/459] ESSH
[22:09:53] [267/459] CUJC
[22:09:54] [268/459] PECP
[22:09:55] [269/459] PMMI
[22:09:56] [270/459] PCCH
[22:09:57] [271/459] PRPM
[22:09:58] [272/459] PVKL
[22:09:58] [273/459] CBSM
[22:09:59] [274/459] PVCZ
[22:10:00] [275/459] PCVV
[22:10:01] [276/459] CTMJ
[22:10:02] [277/459] RCPS
[22:10:03] [278/459] PCIT
[22:10:03] [279/459] FNCH
[22:10:04] [280/459] INZD
[22:10:05] [281/459] INPC
[22:10:06] [282/459] LCZP
[22:10:06] [283/459] SMCB
[22:10:07] [284/459] PTSB
[22:10:08] [285/459] TPSI
[22:10:09] [286/459] KHMJ
[22:10:09] [287/459] RCCJ
[22:10:10] [288/459] NCJA
[22:10:11] [289/459] NCJN
[22:10:12] [290/459] BTDP
[22:10:12] [291/459] PADY
[22:10:13] [292/459] NYBH
[22:10:14] [293/459] MTBR
[22:10:15] [294/459] KRBC
[22:10:16] [295/459] DKTI
[22:10:17] [296/459] ANAN
[22:10:17] [297/459] INBP
[22:10:18] [298/459] PATB
[22:10:19] [299/459] RGNT
[22:10:20] [300/459] CGPM
[22:10:21] [301/459] INTN
[22:10:21] [302/459] MCMP
[22:10:23] [303/459] ASRG
[22:10:23] [304/459] CXJD
[22:10:24] [305/459] SPCP
[22:10:25] [306/459] CSTP
[22:10:26] [307/459] PKVC
[22:10:28] [308/459] ESCP
[22:10:29] [309/459] CAEP
[22:10:29] [310/459] CCSP
[22:10:30] [311/459] KTPC
[22:10:32] [312/459] DACA
[22:10:33] [313/459] NVKY
[22:10:33] [314/459] PTIN
[22:10:34] [315/459] SCIN
[22:10:35] [316/459] MCTY
[22:10:36] [317/459] PCMX
[22:10:37] [318/459] INIC
[22:10:38] [319/459] MMZM
[22:10:39] [320/459] SSLP
[22:10:40] [321/459] DTDT
[22:10:41] [322/459] FFCX
[22:10:42] [323/459] RCMM
[22:10:43] [324/459] KYID
[22:10:44] [325/459] CSCI
[22:10:45] [326/459] FCMC
[22:10:46] [327/459] MMXI
[22:10:47] [328/459] ASTC
[22:10:48] [329/459] CMRA
[22:10:49] [330/459] DICI
[22:10:50] [331/459] KDIN
[22:10:51] [332/459] PRFI
[22:10:52] [333/459] SVFC
[22:10:53] [334/459] UCPL
[22:10:54] [335/459] COOC
[22:10:55] [336/459] SCAL
[22:10:56] [337/459] SVFF
[22:10:57] [338/459] VCMG
[22:10:58] [339/459] UUCT
[22:10:59] [340/459] GCSE
[22:11:00] [341/459] SUSC
[22:11:01] [342/459] MISC
[22:11:02] [343/459] RMBL
[22:11:03] [344/459] CMXN
[22:11:03] [345/459] PVBK
[22:11:04] [346/459] HHCG
[22:11:05] [347/459] SCAG
[22:11:06] [348/459] CNPR
[22:11:08] [349/459] CSER
[22:11:09] [350/459] HLWD
[22:11:10] [351/459] BOLY
[22:11:10] [352/459] SSPG
[22:11:11] [353/459] MUPX
[22:11:12] [354/459] HAMR
[22:11:13] [355/459] SDNC
[22:11:14] [356/459] RTEN
[22:11:15] [357/459] SDTD
[22:11:16] [358/459] KAWS
[22:11:17] [359/459] CMZX
[22:11:18] [360/459] DCDD
[22:11:19] [361/459] ALSN
[22:11:20] [362/459] IMXS
[22:11:21] [363/459] PVFF
[22:11:22] [364/459] PVOO
[22:11:23] [365/459] CFBS
[22:11:24] [366/459] PVER
[22:11:25] [367/459] PPNX
[22:11:26] [368/459] CNRM
[22:11:27] [369/459] PVWW
[22:11:28] [370/459] INMB
[22:11:29] [371/459] CPJR
[22:11:29] [372/459] INRZ
[22:11:30] [373/459] PMSR
[22:11:31] [374/459] GPGM
[22:11:32] [375/459] PGWB
[22:11:33] [376/459] PMBR
[22:11:34] [377/459] GPAM
[22:11:35] [378/459] INBC
[22:11:35] [379/459] PZVK
[22:11:36] [380/459] CPEB
[22:11:38] [381/459] FMLB
[22:11:38] [382/459] INBG
[22:11:39] [383/459] GPBR
[22:11:40] [384/459] PAAS
[22:11:41] [385/459] VTBR
[22:11:41] [386/459] GPMY
[22:11:42] [387/459] GYBU
[22:11:43] [388/459] INBJ
[22:11:44] [389/459] LKTH
[22:11:44] [390/459] NSBR
[22:11:45] [391/459] PDRD
[22:11:46] [392/459] VRBL
[22:11:47] [393/459] VTGB
[22:11:48] [394/459] VTSK
[22:11:49] [395/459] BKDV
[22:11:50] [396/459] SVTB
[22:11:50] [397/459] MLDT
[22:11:51] [398/459] NRBL
[22:11:52] [399/459] SLTR
[22:11:53] [400/459] VNKA
[22:11:54] [401/459] TDCA
[22:11:54] [402/459] INBM
[22:11:55] [403/459] SSNR
[22:11:56] [404/459] BHAC
[22:11:57] [405/459] SDSD
[22:11:57] [406/459] SAMP
[22:11:58] [407/459] RATK
[22:11:59] [408/459] KCBI
[22:12:00] [409/459] URBL
[22:12:01] [410/459] MKBG
[22:12:02] [411/459] ASTB
[22:12:03] [412/459] VBWT
[22:12:04] [413/459] GPSM
[22:12:05] [414/459] ROON
[22:12:06] [415/459] CHTH
[22:12:07] [416/459] SSPA
[22:12:08] [417/459] ANBL
[22:12:08] [418/459] VTBE
[22:12:09] [419/459] SVKT
[22:12:10] [420/459] SVYK
[22:12:11] [421/459] PTBK
[22:12:12] [422/459] RKTB
[22:12:13] [423/459] BALT
[22:12:14] [424/459] STSV
[22:12:14] [425/459] VCCB
[22:12:15] [426/459] SLTB
[22:12:16] [427/459] SBCR
[22:12:17] [428/459] VDCS
[22:12:18] [429/459] MDKI
[22:12:19] [430/459] SMRN
[22:12:19] [431/459] PTBC
[22:12:20] [432/459] RADI
[22:12:21] [433/459] ADCR
[22:12:22] [434/459] SDCS
[22:12:23] [435/459] SRPJ
[22:12:23] [436/459] ARTS
[22:12:24] [437/459] SRHK
[22:12:25] [438/459] SPAY
[22:12:26] [439/459] GPTB
[22:12:28] [440/459] SNNN
[22:12:29] [441/459] BALJ
[22:12:29] [442/459] TRIG
[22:12:30] [443/459] GTYT
[22:12:31] [444/459] ATGN
[22:12:32] [445/459] ANTE
[22:12:33] [446/459] BDCG
[22:12:33] [447/459] VECI
[22:12:35] [448/459] SCPR
[22:12:36] [449/459] RTEA
[22:12:37] [450/459] JSAI
[22:12:38] [451/459] VJTP
[22:12:39] [452/459] GNDS
[22:12:41] [453/459] PAXA
[22:12:42] [454/459] CGGM
[22:12:42] [455/459] ACKZ
[22:12:43] [456/459] EMCC
[22:12:44] [457/459] KLSK
[22:12:45] [458/459] AVCK
[22:12:46] [459/459] JTCK
[22:12:49] 🔁 RETRY ROUND 1 | Remaining: 3
[22:12:49] [RETRY-1] NECA
[22:12:50] [RETRY-1] BJLC
[22:12:51] [RETRY-1] BASU
[22:12:52] 🧹 Deduping shows
[22:12:52] ✅ DONE | Shows=19 | Movies=5
[18:28:51] 🚀 SCRIPT STARTED
[18:28:51] [1/459] NECA
[18:28:52] 🧠 New identity created
[18:28:52] [2/459] BJLC
[18:28:53] [3/459] BASU
[18:28:54] [4/459] RUPI
[18:28:55] [5/459] LCBK
[18:28:56] [6/459] PMAC
[18:28:57] [7/459] AMLC
[18:28:57] [8/459] LICL
[18:28:58] [9/459] UDMM
[18:28:59] [10/459] STBZ
[18:29:00] [11/459] UUBT
[18:29:00] [12/459] SJKC
[18:29:01] [13/459] TUAL
[18:29:02] [14/459] MRSE
[18:29:03] [15/459] RMRK
[18:29:04] [16/459] TTKP
[18:29:04] [17/459] KTKO
[18:29:05] [18/459] SDBK
[18:29:06] [19/459] MCPR
[18:29:07] [20/459] CHTI
[18:29:08] [21/459] GCCP
[18:29:09] [22/459] SRMY
[18:29:10] [23/459] NYST
[18:29:11] [24/459] NYAG
[18:29:11] [25/459] SBMT
[18:29:12] [26/459] INGA
[18:29:13] [27/459] WSIC
[18:29:14] [28/459] SCSS
[18:29:15] [29/459] COPG
[18:29:16] [30/459] RCGR
[18:29:17] [31/459] TCZA
[18:29:18] [32/459] CNLP
[18:29:18] [33/459] CLKN
[18:29:20] [34/459] LHDF
[18:29:21] [35/459] ELKC
[18:29:21] [36/459] VCEM
[18:29:22] [37/459] SSZA
[18:29:23] [38/459] KRMT
[18:29:24] [39/459] LCMV
[18:29:24] [40/459] AYCZ
[18:29:25] [41/459] CUMS
[18:29:26] [42/459] BOCK
[18:29:27] [43/459] PNMR
[18:29:27] [44/459] PJCP
[18:29:28] [45/459] JDDD
[18:29:29] [46/459] STMS
[18:29:30] [47/459] FLMB
[18:29:31] [48/459] PKCM
[18:29:32] [49/459] SPPR
[18:29:34] [50/459] EYLH
[18:29:34] [51/459] RJCC
[18:29:35] [52/459] MMPS
[18:29:37] [53/459] SHMX
[18:29:38] [54/459] CCNL
[18:29:38] [55/459] RCNV
[18:29:39] [56/459] MAAG
[18:29:40] [57/459] LXCM
[18:29:41] [58/459] RCNI
[18:29:41] [59/459] SNNI
[18:29:42] [60/459] LALC
[18:29:43] [61/459] SOCN
[18:29:44] [62/459] JHTP
[18:29:44] [63/459] PITP
[18:29:45] [64/459] CCKW
[18:29:46] [65/459] MCMC
[18:29:46] [66/459] DEES
[18:29:47] [67/459] SABT
[18:29:48] [68/459] VSPP
[18:29:49] [69/459] ABCT
[18:29:49] [70/459] JVTB
[18:29:50] [71/459] VCBD
[18:29:51] [72/459] RMGG
[18:29:51] [73/459] RNMH
[18:29:52] [74/459] SPGL
[18:29:53] [75/459] JTTR
[18:29:54] [76/459] SICS
[18:29:54] [77/459] SRMI
[18:29:55] [78/459] SSIJ
[18:29:56] [79/459] KFMT
[18:29:57] [80/459] VBIT
[18:29:58] [81/459] JKCT
[18:29:59] [82/459] GCGP
[18:30:00] [83/459] GDCS
[18:30:00] [84/459] TRBA
[18:30:01] [85/459] QUST
[18:30:02] [86/459] VSHM
[18:30:03] [87/459] SDCP
[18:30:03] [88/459] SNVS
[18:30:04] [89/459] NYTO
[18:30:05] [90/459] URWC
[18:30:06] [91/459] GTWH
[18:30:06] [92/459] PFCM
[18:30:07] [93/459] KRTA
[18:30:08] [94/459] AXMC
[18:30:09] [95/459] EVMC
[18:30:10] [96/459] HGSM
[18:30:11] [97/459] ACVM
[18:30:11] [98/459] PSKL
[18:30:13] [99/459] RDMP
[18:30:14] [100/459] RHGH
[18:30:14] [101/459] OMCM
[18:30:15] [102/459] DCCP
[18:30:16] [103/459] MCPB
[18:30:16] [104/459] ALCI
[18:30:17] [105/459] BLMX
[18:30:18] [106/459] BTMV
[18:30:19] [107/459] FVPN
[18:30:20] [108/459] CMAR
[18:30:20] [109/459] CEIM
[18:30:21] [110/459] CMVA
[18:30:22] [111/459] CPIV
[18:30:23] [112/459] CNPE
[18:30:24] [113/459] COLV
[18:30:24] [114/459] DNNV
[18:30:25] [115/459] HCAD
[18:30:26] [116/459] TAKA
[18:30:27] [117/459] INVD
[18:30:27] [118/459] IRMM
[18:30:28] [119/459] INSE
[18:30:29] [120/459] MRSW
[18:30:30] [121/459] MCVD
[18:30:30] [122/459] MCSO
[18:30:32] [123/459] PEVM
[18:30:33] [124/459] PVNL
[18:30:33] [125/459] PTCV
[18:30:35] [126/459] PRTC
[18:30:35] [127/459] RCVA
[18:30:37] [128/459] MTBN
[18:30:38] [129/459] LUCP
[18:30:38] [130/459] FMPT
[18:30:39] [131/459] JLSL
[18:30:40] [132/459] SBHA
[18:30:40] [133/459] SHRC
[18:30:41] [134/459] AVPS
[18:30:42] [135/459] STPM
[18:30:44] [136/459] ATRD
[18:30:45] [137/459] VTED
[18:30:45] [138/459] ACAI
[18:30:46] [139/459] SMAE
[18:30:47] [140/459] VMAT
[18:30:48] [141/459] LKCT
[18:30:49] [142/459] JTVK
[18:30:50] [143/459] PRTY
[18:30:50] [144/459] GETT
[18:30:51] [145/459] ESAP
[18:30:52] [146/459] NCPM
[18:30:53] [147/459] PCPA
[18:30:54] [148/459] MMOM
[18:30:56] [149/459] PHUP
[18:30:57] [150/459] CCPI
[18:30:57] [151/459] CNTD
[18:30:58] [152/459] NLJR
[18:30:59] [153/459] SRNG
[18:30:59] [154/459] MHAL
[18:31:00] [155/459] PNSM
[18:31:02] [156/459] DRMY
[18:31:03] [157/459] CCMU
[18:31:03] [158/459] SCMY
[18:31:04] [159/459] PVSY
[18:31:05] [160/459] SDLM
[18:31:05] [161/459] ICCM
[18:31:06] [162/459] PYSU
[18:31:07] [163/459] GATM
[18:31:08] [164/459] WOTM
[18:31:09] [165/459] RKTS
[18:31:09] [166/459] PMTY
[18:31:10] [167/459] LYMS
[18:31:11] [168/459] TGCA
[18:31:12] [169/459] DSTA
[18:31:12] [170/459] CNGE
[18:31:13] [171/459] VSTG
[18:31:14] [172/459] GTCK
[18:31:15] [173/459] TGNT
[18:31:15] [174/459] ASLC
[18:31:16] [175/459] SSST
[18:31:17] [176/459] KBTT
[18:31:18] [177/459] HKCP
[18:31:19] [178/459] SWLC
[18:31:20] [179/459] RTND
[18:31:20] [180/459] PKKT
[18:31:22] [181/459] HSTK
[18:31:22] [182/459] SPTT
[18:31:23] [183/459] IMPM
[18:31:24] [184/459] SCMV
[18:31:24] [185/459] SPCT
[18:31:25] [186/459] JBCA
[18:31:26] [187/459] ATTR
[18:31:27] [188/459] SPMT
[18:31:28] [189/459] LCTM
[18:31:28] [190/459] SCVL
[18:31:29] [191/459] SCVT
[18:31:30] [192/459] KRIC
[18:31:31] [193/459] CTMG
[18:31:32] [194/459] ACNC
[18:31:33] [195/459] DMCK
[18:31:33] [196/459] KMTV
[18:31:34] [197/459] PFCJ
[18:31:35] [198/459] VNMD
[18:31:36] [199/459] VPCZ
[18:31:37] [200/459] SRYR
[18:31:38] [201/459] SYTR
[18:31:38] [202/459] GATR
[18:31:39] [203/459] URTR
[18:31:40] [204/459] MKSM
[18:31:42] [205/459] VSMH
[18:31:42] [206/459] SKRJ
[18:31:43] [207/459] SSJR
[18:31:44] [208/459] SVSM
[18:31:45] [209/459] RUCM
[18:31:46] [210/459] PRKN
[18:31:47] [211/459] RROH
[18:31:47] [212/459] SCTN
[18:31:48] [213/459] RTDM
[18:31:50] [214/459] ASRM
[18:31:50] [215/459] SKMD
[18:31:51] [216/459] SUTD
[18:31:52] [217/459] SADM
[18:31:53] [218/459] WCNR
[18:31:54] [219/459] CNED
[18:31:54] [220/459] MPDB
[18:31:55] [221/459] KTBH
[18:31:56] [222/459] IDRM
[18:31:57] [223/459] PJJT
[18:31:58] [224/459] PFCV
[18:31:59] [225/459] AACT
[18:32:00] [226/459] AAAD
[18:32:01] [227/459] ANES
[18:32:02] [228/459] MNCA
[18:32:02] [229/459] RMGU
[18:32:03] [230/459] DLCN
[18:32:04] [231/459] LJWT
[18:32:05] [232/459] MCBG
[18:32:06] [233/459] MYBG
[18:32:07] [234/459] GCCA
[18:32:08] [235/459] GCGA
[18:32:09] [236/459] ECGN
[18:32:09] [237/459] PRAB
[18:32:10] [238/459] PNMP
[18:32:11] [239/459] GCPT
[18:32:12] [240/459] ROYN
[18:32:12] [241/459] VATM
[18:32:13] [242/459] KSNT
[18:32:14] [243/459] ACTC
[18:32:16] [244/459] PLTD
[18:32:16] [245/459] SKMK
[18:32:17] [246/459] CMTT
[18:32:18] [247/459] SMXP
[18:32:19] [248/459] SCMX
[18:32:20] [249/459] ACXN
[18:32:21] [250/459] ASWT
[18:32:21] [251/459] VVVL
[18:32:22] [252/459] NAGO
[18:32:23] [253/459] SNCN
[18:32:24] [254/459] MCKP
[18:32:25] [255/459] SAMO
[18:32:25] [256/459] JBTV
[18:32:26] [257/459] DCVV
[18:32:27] [258/459] KMSV
[18:32:28] [259/459] KDCN
[18:32:28] [260/459] CNCP
[18:32:29] [261/459] HAMC
[18:32:30] [262/459] CCVZ
[18:32:32] [263/459] NCCK
[18:32:32] [264/459] MCHR
[18:32:33] [265/459] SCHT
[18:32:34] [266/459] ESSH
[18:32:34] [267/459] CUJC
[18:32:35] [268/459] PECP
[18:32:36] [269/459] PMMI
[18:32:37] [270/459] PCCH
[18:32:38] [271/459] PRPM
[18:32:39] [272/459] PVKL
[18:32:40] [273/459] CBSM
[18:32:41] [274/459] PVCZ
[18:32:42] [275/459] PCVV
[18:32:43] [276/459] CTMJ
[18:32:43] [277/459] RCPS
[18:32:44] [278/459] PCIT
[18:32:45] [279/459] FNCH
[18:32:46] [280/459] INZD
[18:32:46] [281/459] INPC
[18:32:47] [282/459] LCZP
[18:32:48] [283/459] SMCB
[18:32:49] [284/459] PTSB
[18:32:50] [285/459] TPSI
[18:32:50] [286/459] KHMJ
[18:32:51] [287/459] RCCJ
[18:32:52] [288/459] NCJA
[18:32:53] [289/459] NCJN
[18:32:54] [290/459] BTDP
[18:32:55] [291/459] PADY
[18:32:55] [292/459] NYBH
[18:32:57] [293/459] MTBR
[18:32:57] [294/459] KRBC
[18:32:58] [295/459] DKTI
[18:32:59] [296/459] ANAN
[18:33:00] [297/459] INBP
[18:33:00] [298/459] PATB
[18:33:01] [299/459] RGNT
[18:33:03] [300/459] CGPM
[18:33:04] [301/459] INTN
[18:33:04] [302/459] MCMP
[18:33:05] [303/459] ASRG
[18:33:06] [304/459] CXJD
[18:33:07] [305/459] SPCP
[18:33:07] [306/459] CSTP
[18:33:08] [307/459] PKVC
[18:33:09] [308/459] ESCP
[18:33:09] [309/459] CAEP
[18:33:10] [310/459] CCSP
[18:33:11] [311/459] KTPC
[18:33:12] [312/459] DACA
[18:33:13] [313/459] NVKY
[18:33:13] [314/459] PTIN
[18:33:14] [315/459] SCIN
[18:33:15] [316/459] MCTY
[18:33:15] [317/459] PCMX
[18:33:16] [318/459] INIC
[18:33:17] [319/459] MMZM
[18:33:18] [320/459] SSLP
[18:33:19] [321/459] DTDT
[18:33:20] [322/459] FFCX
[18:33:21] [323/459] RCMM
[18:33:22] [324/459] KYID
[18:33:23] [325/459] CSCI
[18:33:23] [326/459] FCMC
[18:33:24] [327/459] MMXI
[18:33:25] [328/459] ASTC
[18:33:26] [329/459] CMRA
[18:33:26] [330/459] DICI
[18:33:27] [331/459] KDIN
[18:33:28] [332/459] PRFI
[18:33:29] [333/459] SVFC
[18:33:29] [334/459] UCPL
[18:33:30] [335/459] COOC
[18:33:31] [336/459] SCAL
[18:33:32] [337/459] SVFF
[18:33:33] [338/459] VCMG
[18:33:35] [339/459] UUCT
[18:33:35] [340/459] GCSE
[18:33:36] [341/459] SUSC
[18:33:37] [342/459] MISC
[18:33:38] [343/459] RMBL
[18:33:39] [344/459] CMXN
[18:33:39] [345/459] PVBK
[18:33:40] [346/459] HHCG
[18:33:41] [347/459] SCAG
[18:33:42] [348/459] CNPR
[18:33:43] [349/459] CSER
[18:33:44] [350/459] HLWD
[18:33:44] [351/459] BOLY
[18:33:45] [352/459] SSPG
[18:33:46] [353/459] MUPX
[18:33:47] [354/459] HAMR
[18:33:48] [355/459] SDNC
[18:33:50] [356/459] RTEN
[18:33:50] [357/459] SDTD
[18:33:51] [358/459] KAWS
[18:33:52] [359/459] CMZX
[18:33:53] [360/459] DCDD
[18:33:53] [361/459] ALSN
[18:33:54] [362/459] IMXS
[18:33:55] [363/459] PVFF
[18:33:56] [364/459] PVOO
[18:33:57] [365/459] CFBS
[18:33:58] [366/459] PVER
[18:33:59] [367/459] PPNX
[18:34:00] [368/459] CNRM
[18:34:00] [369/459] PVWW
[18:34:01] [370/459] INMB
[18:34:02] [371/459] CPJR
[18:34:03] [372/459] INRZ
[18:34:05] [373/459] PMSR
[18:34:06] [374/459] GPGM
[18:34:06] [375/459] PGWB
[18:34:07] [376/459] PMBR
[18:34:08] [377/459] GPAM
[18:34:09] [378/459] INBC
[18:34:10] [379/459] PZVK
[18:34:11] [380/459] CPEB
[18:34:11] [381/459] FMLB
[18:34:12] [382/459] INBG
[18:34:13] [383/459] GPBR
[18:34:15] [384/459] PAAS
[18:34:15] [385/459] VTBR
[18:34:17] [386/459] GPMY
[18:34:17] [387/459] GYBU
[18:34:19] [388/459] INBJ
[18:34:19] [389/459] LKTH
[18:34:20] [390/459] NSBR
[18:34:21] [391/459] PDRD
[18:34:22] [392/459] VRBL
[18:34:23] [393/459] VTGB
[18:34:23] [394/459] VTSK
[18:34:24] [395/459] BKDV
[18:34:25] [396/459] SVTB
[18:34:26] [397/459] MLDT
[18:34:27] [398/459] NRBL
[18:34:28] [399/459] SLTR
[18:34:28] [400/459] VNKA
[18:34:29] [401/459] TDCA
[18:34:30] [402/459] INBM
[18:34:31] [403/459] SSNR
[18:34:31] [404/459] BHAC
[18:34:32] [405/459] SDSD
[18:34:33] [406/459] SAMP
[18:34:34] [407/459] RATK
[18:34:35] [408/459] KCBI
[18:34:36] [409/459] URBL
[18:34:37] [410/459] MKBG
[18:34:38] [411/459] ASTB
[18:34:38] [412/459] VBWT
[18:34:39] [413/459] GPSM
[18:34:40] [414/459] ROON
[18:34:41] [415/459] CHTH
[18:34:43] [416/459] SSPA
[18:34:43] [417/459] ANBL
[18:34:44] [418/459] VTBE
[18:34:45] [419/459] SVKT
[18:34:46] [420/459] SVYK
[18:34:47] [421/459] PTBK
[18:34:48] [422/459] RKTB
[18:34:49] [423/459] BALT
[18:34:50] [424/459] STSV
[18:34:50] [425/459] VCCB
[18:34:51] [426/459] SLTB
[18:34:52] [427/459] SBCR
[18:34:53] [428/459] VDCS
[18:34:54] [429/459] MDKI
[18:34:55] [430/459] SMRN
[18:34:56] [431/459] PTBC
[18:34:57] [432/459] RADI
[18:34:57] [433/459] ADCR
[18:34:58] [434/459] SDCS
[18:34:59] [435/459] SRPJ
[18:35:00] [436/459] ARTS
[18:35:01] [437/459] SRHK
[18:35:01] [438/459] SPAY
[18:35:02] [439/459] GPTB
[18:35:03] [440/459] SNNN
[18:35:03] [441/459] BALJ
[18:35:04] [442/459] TRIG
[18:35:05] [443/459] GTYT
[18:35:05] [444/459] ATGN
[18:35:06] [445/459] ANTE
[18:35:07] [446/459] BDCG
[18:35:08] [447/459] VECI
[18:35:09] [448/459] SCPR
[18:35:09] [449/459] RTEA
[18:35:10] [450/459] JSAI
[18:35:11] [451/459] VJTP
[18:35:12] [452/459] GNDS
[18:35:13] [453/459] PAXA
[18:35:14] [454/459] CGGM
[18:35:15] [455/459] ACKZ
[18:35:16] [456/459] EMCC
[18:35:17] [457/459] KLSK
[18:35:17] [458/459] AVCK
[18:35:18] [459/459] JTCK
[18:35:19] 🧹 Deduping shows
[18:35:19] ✅ DONE | Shows=289 | Movies=10
[03:01:20] 🚀 SCRIPT STARTED
[03:01:20] [1/459] NECA
[03:01:20] 🧠 New identity created
[03:01:21] [2/459] BJLC
[03:01:21] [3/459] BASU
[03:01:22] [4/459] RUPI
[03:01:23] [5/459] LCBK
[03:01:24] [6/459] PMAC
[03:01:25] [7/459] AMLC
[03:01:25] [8/459] LICL
[03:01:26] [9/459] UDMM
[03:01:27] [10/459] STBZ
[03:01:28] [11/459] UUBT
[03:01:29] [12/459] SJKC
[03:01:30] [13/459] TUAL
[03:01:31] [14/459] MRSE
[03:01:32] [15/459] RMRK
[03:01:32] [16/459] TTKP
[03:01:34] [17/459] KTKO
[03:01:35] [18/459] SDBK
[03:01:36] [19/459] MCPR
[03:01:37] [20/459] CHTI
[03:01:38] [21/459] GCCP
[03:01:39] [22/459] SRMY
[03:01:39] [23/459] NYST
[03:01:40] [24/459] NYAG
[03:01:41] [25/459] SBMT
[03:01:42] [26/459] INGA
[03:01:42] [27/459] WSIC
[03:01:43] [28/459] SCSS
[03:01:44] [29/459] COPG
[03:01:45] [30/459] RCGR
[03:01:46] [31/459] TCZA
[03:01:47] [32/459] CNLP
[03:01:48] [33/459] CLKN
[03:01:48] [34/459] LHDF
[03:01:49] [35/459] ELKC
[03:01:50] [36/459] VCEM
[03:01:51] [37/459] SSZA
[03:01:52] [38/459] KRMT
[03:01:53] [39/459] LCMV
[03:01:54] [40/459] AYCZ
[03:01:55] [41/459] CUMS
[03:01:55] [42/459] BOCK
[03:01:56] [43/459] PNMR
[03:01:57] [44/459] PJCP
[03:01:58] [45/459] JDDD
[03:01:59] [46/459] STMS
[03:02:00] [47/459] FLMB
[03:02:01] [48/459] PKCM
[03:02:01] [49/459] SPPR
[03:02:02] [50/459] EYLH
[03:02:03] [51/459] RJCC
[03:02:04] [52/459] MMPS
[03:02:05] [53/459] SHMX
[03:02:05] [54/459] CCNL
[03:02:06] [55/459] RCNV
[03:02:07] [56/459] MAAG
[03:02:08] [57/459] LXCM
[03:02:09] [58/459] RCNI
[03:02:10] [59/459] SNNI
[03:02:11] [60/459] LALC
[03:02:11] [61/459] SOCN
[03:02:12] [62/459] JHTP
[03:02:13] [63/459] PITP
[03:02:15] [64/459] CCKW
[03:02:15] [65/459] MCMC
[03:02:16] [66/459] DEES
[03:02:17] [67/459] SABT
[03:02:18] [68/459] VSPP
[03:02:19] [69/459] ABCT
[03:02:20] [70/459] JVTB
[03:02:21] [71/459] VCBD
[03:02:22] [72/459] RMGG
[03:02:23] [73/459] RNMH
[03:02:23] [74/459] SPGL
[03:02:24] [75/459] JTTR
[03:02:25] [76/459] SICS
[03:02:26] [77/459] SRMI
[03:02:27] [78/459] SSIJ
[03:02:28] [79/459] KFMT
[03:02:28] [80/459] VBIT
[03:02:29] [81/459] JKCT
[03:02:31] [82/459] GCGP
[03:02:32] [83/459] GDCS
[03:02:32] [84/459] TRBA
[03:02:33] [85/459] QUST
[03:02:34] [86/459] VSHM
[03:02:36] [87/459] SDCP
[03:02:36] [88/459] SNVS
[03:02:37] [89/459] NYTO
[03:02:38] [90/459] URWC
[03:02:39] [91/459] GTWH
[03:02:40] [92/459] PFCM
[03:02:40] [93/459] KRTA
[03:02:41] [94/459] AXMC
[03:02:42] [95/459] EVMC
[03:02:43] [96/459] HGSM
[03:02:44] [97/459] ACVM
[03:02:44] [98/459] PSKL
[03:02:45] [99/459] RDMP
[03:02:46] [100/459] RHGH
[03:02:47] [101/459] OMCM
[03:02:47] [102/459] DCCP
[03:02:48] [103/459] MCPB
[03:02:49] [104/459] ALCI
[03:02:50] [105/459] BLMX
[03:02:51] [106/459] BTMV
[03:02:52] [107/459] FVPN
[03:02:52] [108/459] CMAR
[03:02:53] [109/459] CEIM
[03:02:54] [110/459] CMVA
[03:02:55] [111/459] CPIV
[03:02:56] [112/459] CNPE
[03:02:57] [113/459] COLV
[03:02:58] [114/459] DNNV
[03:02:58] [115/459] HCAD
[03:02:59] [116/459] TAKA
[03:03:00] [117/459] INVD
[03:03:01] [118/459] IRMM
[03:03:02] [119/459] INSE
[03:03:03] [120/459] MRSW
[03:03:04] [121/459] MCVD
[03:03:05] [122/459] MCSO
[03:03:06] [123/459] PEVM
[03:03:07] [124/459] PVNL
[03:03:08] [125/459] PTCV
[03:03:09] [126/459] PRTC
[03:03:10] [127/459] RCVA
[03:03:11] [128/459] MTBN
[03:03:12] [129/459] LUCP
[03:03:12] [130/459] FMPT
[03:03:14] [131/459] JLSL
[03:03:14] [132/459] SBHA
[03:03:15] [133/459] SHRC
[03:03:16] [134/459] AVPS
[03:03:17] [135/459] STPM
[03:03:18] [136/459] ATRD
[03:03:19] [137/459] VTED
[03:03:20] [138/459] ACAI
[03:03:20] [139/459] SMAE
[03:03:21] [140/459] VMAT
[03:03:22] [141/459] LKCT
[03:03:23] [142/459] JTVK
[03:03:24] [143/459] PRTY
[03:03:25] [144/459] GETT
[03:03:26] [145/459] ESAP
[03:03:27] [146/459] NCPM
[03:03:27] [147/459] PCPA
[03:03:29] [148/459] MMOM
[03:03:30] [149/459] PHUP
[03:03:31] [150/459] CCPI
[03:03:31] [151/459] CNTD
[03:03:32] [152/459] NLJR
[03:03:33] [153/459] SRNG
[03:03:35] [154/459] MHAL
[03:03:36] [155/459] PNSM
[03:03:36] [156/459] DRMY
[03:03:37] [157/459] CCMU
[03:03:38] [158/459] SCMY
[03:03:39] [159/459] PVSY
[03:03:40] [160/459] SDLM
[03:03:40] [161/459] ICCM
[03:03:41] [162/459] PYSU
[03:03:42] [163/459] GATM
[03:03:43] [164/459] WOTM
[03:03:44] [165/459] RKTS
[03:03:45] [166/459] PMTY
[03:03:45] [167/459] LYMS
[03:03:46] [168/459] TGCA
[03:03:47] [169/459] DSTA
[03:03:48] [170/459] CNGE
[03:03:49] [171/459] VSTG
[03:03:49] [172/459] GTCK
[03:03:50] [173/459] TGNT
[03:03:51] [174/459] ASLC
[03:03:52] [175/459] SSST
[03:03:53] [176/459] KBTT
[03:03:53] [177/459] HKCP
[03:03:54] [178/459] SWLC
[03:03:55] [179/459] RTND
[03:03:56] [180/459] PKKT
[03:03:57] [181/459] HSTK
[03:03:57] [182/459] SPTT
[03:03:58] [183/459] IMPM
[03:03:59] [184/459] SCMV
[03:04:00] [185/459] SPCT
[03:04:00] [186/459] JBCA
[03:04:01] [187/459] ATTR
[03:04:02] [188/459] SPMT
[03:04:03] [189/459] LCTM
[03:04:04] [190/459] SCVL
[03:04:05] [191/459] SCVT
[03:04:06] [192/459] KRIC
[03:04:06] [193/459] CTMG
[03:04:07] [194/459] ACNC
[03:04:08] [195/459] DMCK
[03:04:09] [196/459] KMTV
[03:04:10] [197/459] PFCJ
[03:04:10] [198/459] VNMD
[03:04:11] [199/459] VPCZ
[03:04:12] [200/459] SRYR
[03:04:13] [201/459] SYTR
[03:04:15] [202/459] GATR
[03:04:15] [203/459] URTR
[03:04:16] [204/459] MKSM
[03:04:17] [205/459] VSMH
[03:04:18] [206/459] SKRJ
[03:04:18] [207/459] SSJR
[03:04:19] [208/459] SVSM
[03:04:20] [209/459] RUCM
[03:04:21] [210/459] PRKN
[03:04:21] [211/459] RROH
[03:04:22] [212/459] SCTN
[03:04:23] [213/459] RTDM
[03:04:24] [214/459] ASRM
[03:04:25] [215/459] SKMD
[03:04:25] [216/459] SUTD
[03:04:26] [217/459] SADM
[03:04:27] [218/459] WCNR
[03:04:29] [219/459] CNED
[03:04:29] [220/459] MPDB
[03:04:30] [221/459] KTBH
[03:04:31] [222/459] IDRM
[03:04:31] [223/459] PJJT
[03:04:32] [224/459] PFCV
[03:04:34] [225/459] AACT
[03:04:35] [226/459] AAAD
[03:04:36] [227/459] ANES
[03:04:37] [228/459] MNCA
[03:04:37] [229/459] RMGU
[03:04:38] [230/459] DLCN
[03:04:39] [231/459] LJWT
[03:04:40] [232/459] MCBG
[03:04:40] [233/459] MYBG
[03:04:41] [234/459] GCCA
[03:04:42] [235/459] GCGA
[03:04:43] [236/459] ECGN
[03:04:44] [237/459] PRAB
[03:04:44] [238/459] PNMP
[03:04:45] [239/459] GCPT
[03:04:46] [240/459] ROYN
[03:04:47] [241/459] VATM
[03:04:48] [242/459] KSNT
[03:04:49] [243/459] ACTC
[03:04:50] [244/459] PLTD
[03:04:50] [245/459] SKMK
[03:04:52] [246/459] CMTT
[03:04:53] [247/459] SMXP
[03:04:53] [248/459] SCMX
[03:04:54] [249/459] ACXN
[03:04:55] [250/459] ASWT
[03:04:57] [251/459] VVVL
[03:04:57] [252/459] NAGO
[03:04:58] [253/459] SNCN
[03:04:59] [254/459] MCKP
[03:05:00] [255/459] SAMO
[03:05:01] [256/459] JBTV
[03:05:02] [257/459] DCVV
[03:05:02] [258/459] KMSV
[03:05:03] [259/459] KDCN
[03:05:04] [260/459] CNCP
[03:05:05] [261/459] HAMC
[03:05:06] [262/459] CCVZ
[03:05:07] [263/459] NCCK
[03:05:08] [264/459] MCHR
[03:05:09] [265/459] SCHT
[03:05:11] [266/459] ESSH
[03:05:11] [267/459] CUJC
[03:05:12] [268/459] PECP
[03:05:13] [269/459] PMMI
[03:05:14] [270/459] PCCH
[03:05:15] [271/459] PRPM
[03:05:16] [272/459] PVKL
[03:05:17] [273/459] CBSM
[03:05:19] [274/459] PVCZ
[03:05:20] [275/459] PCVV
[03:05:21] [276/459] CTMJ
[03:05:23] [277/459] RCPS
[03:05:23] [278/459] PCIT
[03:05:24] [279/459] FNCH
[03:05:25] [280/459] INZD
[03:05:26] [281/459] INPC
[03:05:27] [282/459] LCZP
[03:05:28] [283/459] SMCB
[03:05:29] [284/459] PTSB
[03:05:30] [285/459] TPSI
[03:05:31] [286/459] KHMJ
[03:05:32] [287/459] RCCJ
[03:05:32] [288/459] NCJA
[03:05:33] [289/459] NCJN
[03:05:35] [290/459] BTDP
[03:05:35] [291/459] PADY
[03:05:37] [292/459] NYBH
[03:05:38] [293/459] MTBR
[03:05:39] [294/459] KRBC
[03:05:39] [295/459] DKTI
[03:05:40] [296/459] ANAN
[03:05:41] [297/459] INBP
[03:05:42] [298/459] PATB
[03:05:43] [299/459] RGNT
[03:05:43] [300/459] CGPM
[03:05:45] [301/459] INTN
[03:05:47] [302/459] MCMP
[03:05:48] [303/459] ASRG
[03:05:48] [304/459] CXJD
[03:05:49] [305/459] SPCP
[03:05:50] [306/459] CSTP
[03:05:51] [307/459] PKVC
[03:05:52] [308/459] ESCP
[03:05:53] [309/459] CAEP
[03:05:53] [310/459] CCSP
[03:05:54] [311/459] KTPC
[03:05:55] [312/459] DACA
[03:05:56] [313/459] NVKY
[03:05:57] [314/459] PTIN
[03:05:57] [315/459] SCIN
[03:05:58] [316/459] MCTY
[03:05:59] [317/459] PCMX
[03:06:00] [318/459] INIC
[03:06:01] [319/459] MMZM
[03:06:02] [320/459] SSLP
[03:06:03] [321/459] DTDT
[03:06:04] [322/459] FFCX
[03:06:04] [323/459] RCMM
[03:06:05] [324/459] KYID
[03:06:06] [325/459] CSCI
[03:06:07] [326/459] FCMC
[03:06:08] [327/459] MMXI
[03:06:09] [328/459] ASTC
[03:06:09] [329/459] CMRA
[03:06:10] [330/459] DICI
[03:06:11] [331/459] KDIN
[03:06:12] [332/459] PRFI
[03:06:13] [333/459] SVFC
[03:06:14] [334/459] UCPL
[03:06:15] [335/459] COOC
[03:06:16] [336/459] SCAL
[03:06:17] [337/459] SVFF
[03:06:17] [338/459] VCMG
[03:06:18] [339/459] UUCT
[03:06:19] [340/459] GCSE
[03:06:19] [341/459] SUSC
[03:06:20] [342/459] MISC
[03:06:21] [343/459] RMBL
[03:06:22] [344/459] CMXN
[03:06:22] [345/459] PVBK
[03:06:23] [346/459] HHCG
[03:06:24] [347/459] SCAG
[03:06:25] [348/459] CNPR
[03:06:25] [349/459] CSER
[03:06:26] [350/459] HLWD
[03:06:27] [351/459] BOLY
[03:06:28] [352/459] SSPG
[03:06:28] [353/459] MUPX
[03:06:30] [354/459] HAMR
[03:06:31] [355/459] SDNC
[03:06:31] [356/459] RTEN
[03:06:32] [357/459] SDTD
[03:06:34] [358/459] KAWS
[03:06:34] [359/459] CMZX
[03:06:36] [360/459] DCDD
[03:06:37] [361/459] ALSN
[03:06:37] [362/459] IMXS
[03:06:38] [363/459] PVFF
[03:06:39] [364/459] PVOO
[03:06:40] [365/459] CFBS
[03:06:40] [366/459] PVER
[03:06:41] [367/459] PPNX
[03:06:43] [368/459] CNRM
[03:06:44] [369/459] PVWW
[03:06:44] [370/459] INMB
[03:06:45] [371/459] CPJR
[03:06:46] [372/459] INRZ
[03:06:47] [373/459] PMSR
[03:06:48] [374/459] GPGM
[03:06:48] [375/459] PGWB
[03:06:49] [376/459] PMBR
[03:06:51] [377/459] GPAM
[03:06:52] [378/459] INBC
[03:06:52] [379/459] PZVK
[03:06:53] [380/459] CPEB
[03:06:54] [381/459] FMLB
[03:06:54] [382/459] INBG
[03:06:55] [383/459] GPBR
[03:06:56] [384/459] PAAS
[03:06:57] [385/459] VTBR
[03:06:58] [386/459] GPMY
[03:06:59] [387/459] GYBU
[03:06:59] [388/459] INBJ
[03:07:00] [389/459] LKTH
[03:07:00] [390/459] NSBR
[03:07:01] [391/459] PDRD
[03:07:02] [392/459] VRBL
[03:07:03] [393/459] VTGB
[03:07:03] [394/459] VTSK
[03:07:04] [395/459] BKDV
[03:07:05] [396/459] SVTB
[03:07:06] [397/459] MLDT
[03:07:06] [398/459] NRBL
[03:07:07] [399/459] SLTR
[03:07:08] [400/459] VNKA
[03:07:09] [401/459] TDCA
[03:07:10] [402/459] INBM
[03:07:10] [403/459] SSNR
[03:07:11] [404/459] BHAC
[03:07:12] [405/459] SDSD
[03:07:12] [406/459] SAMP
[03:07:13] [407/459] RATK
[03:07:14] [408/459] KCBI
[03:07:14] [409/459] URBL
[03:07:15] [410/459] MKBG
[03:07:16] [411/459] ASTB
[03:07:17] [412/459] VBWT
[03:07:18] [413/459] GPSM
[03:07:19] [414/459] ROON
[03:07:20] [415/459] CHTH
[03:07:21] [416/459] SSPA
[03:07:22] [417/459] ANBL
[03:07:22] [418/459] VTBE
[03:07:23] [419/459] SVKT
[03:07:24] [420/459] SVYK
[03:07:25] [421/459] PTBK
[03:07:25] [422/459] RKTB
[03:07:26] [423/459] BALT
[03:07:27] [424/459] STSV
[03:07:28] [425/459] VCCB
[03:07:29] [426/459] SLTB
[03:07:31] [427/459] SBCR
[03:07:31] [428/459] VDCS
[03:07:32] [429/459] MDKI
[03:07:33] [430/459] SMRN
[03:07:34] [431/459] PTBC
[03:07:35] [432/459] RADI
[03:07:35] [433/459] ADCR
[03:07:36] [434/459] SDCS
[03:07:37] [435/459] SRPJ
[03:07:38] [436/459] ARTS
[03:07:38] [437/459] SRHK
[03:07:39] [438/459] SPAY
[03:07:40] [439/459] GPTB
[03:07:41] [440/459] SNNN
[03:07:42] [441/459] BALJ
[03:07:42] [442/459] TRIG
[03:07:43] [443/459] GTYT
[03:07:44] [444/459] ATGN
[03:07:44] [445/459] ANTE
[03:07:45] [446/459] BDCG
[03:07:45] [447/459] VECI
[03:07:46] [448/459] SCPR
[03:07:47] [449/459] RTEA
[03:07:47] [450/459] JSAI
[03:07:48] [451/459] VJTP
[03:07:50] [452/459] GNDS
[03:07:51] [453/459] PAXA
[03:07:52] [454/459] CGGM
[03:07:52] [455/459] ACKZ
[03:07:53] [456/459] EMCC
[03:07:54] [457/459] KLSK
[03:07:55] [458/459] AVCK
[03:07:56] [459/459] JTCK
[03:07:57] 🧹 Deduping shows
[03:07:57] ✅ DONE | Shows=444 | Movies=17
[08:35:07] 🚀 SCRIPT STARTED
[08:35:07] [1/459] NECA
[08:35:07] 🧠 New identity created
[08:35:07] [2/459] BJLC
[08:35:08] [3/459] BASU
[08:35:09] [4/459] RUPI
[08:35:09] [5/459] LCBK
[08:35:10] [6/459] PMAC
[08:35:10] [7/459] AMLC
[08:35:11] [8/459] LICL
[08:35:12] [9/459] UDMM
[08:35:12] [10/459] STBZ
[08:35:13] [11/459] UUBT
[08:35:14] [12/459] SJKC
[08:35:14] [13/459] TUAL
[08:35:15] [14/459] MRSE
[08:35:15] [15/459] RMRK
[08:35:16] [16/459] TTKP
[08:35:17] [17/459] KTKO
[08:35:18] [18/459] SDBK
[08:35:19] [19/459] MCPR
[08:35:20] [20/459] CHTI
[08:35:20] [21/459] GCCP
[08:35:21] [22/459] SRMY
[08:35:21] [23/459] NYST
[08:35:22] [24/459] NYAG
[08:35:23] [25/459] SBMT
[08:35:23] [26/459] INGA
[08:35:24] [27/459] WSIC
[08:35:25] [28/459] SCSS
[08:35:25] [29/459] COPG
[08:35:26] [30/459] RCGR
[08:35:27] [31/459] TCZA
[08:35:27] [32/459] CNLP
[08:35:28] [33/459] CLKN
[08:35:29] [34/459] LHDF
[08:35:29] [35/459] ELKC
[08:35:30] [36/459] VCEM
[08:35:30] [37/459] SSZA
[08:35:31] [38/459] KRMT
[08:35:31] [39/459] LCMV
[08:35:32] [40/459] AYCZ
[08:35:33] [41/459] CUMS
[08:35:33] [42/459] BOCK
[08:35:34] [43/459] PNMR
[08:35:34] [44/459] PJCP
[08:35:35] [45/459] JDDD
[08:35:36] [46/459] STMS
[08:35:36] [47/459] FLMB
[08:35:37] [48/459] PKCM
[08:35:37] [49/459] SPPR
[08:35:38] [50/459] EYLH
[08:35:39] [51/459] RJCC
[08:35:39] [52/459] MMPS
[08:35:40] [53/459] SHMX
[08:35:41] [54/459] CCNL
[08:35:41] [55/459] RCNV
[08:35:42] [56/459] MAAG
[08:35:42] [57/459] LXCM
[08:35:43] [58/459] RCNI
[08:35:44] [59/459] SNNI
[08:35:45] [60/459] LALC
[08:35:45] [61/459] SOCN
[08:35:46] [62/459] JHTP
[08:35:47] [63/459] PITP
[08:35:48] [64/459] CCKW
[08:35:49] [65/459] MCMC
[08:35:49] [66/459] DEES
[08:35:49] [67/459] SABT
[08:35:50] [68/459] VSPP
[08:35:51] [69/459] ABCT
[08:35:51] [70/459] JVTB
[08:35:52] [71/459] VCBD
[08:35:53] [72/459] RMGG
[08:35:53] [73/459] RNMH
[08:35:54] [74/459] SPGL
[08:35:55] [75/459] JTTR
[08:35:55] [76/459] SICS
[08:35:56] [77/459] SRMI
[08:35:56] [78/459] SSIJ
[08:35:57] [79/459] KFMT
[08:35:57] [80/459] VBIT
[08:35:58] [81/459] JKCT
[08:35:58] [82/459] GCGP
[08:35:59] [83/459] GDCS
[08:36:00] [84/459] TRBA
[08:36:00] [85/459] QUST
[08:36:01] [86/459] VSHM
[08:36:02] [87/459] SDCP
[08:36:02] [88/459] SNVS
[08:36:03] [89/459] NYTO
[08:36:04] [90/459] URWC
[08:36:04] [91/459] GTWH
[08:36:05] [92/459] PFCM
[08:36:05] [93/459] KRTA
[08:36:06] [94/459] AXMC
[08:36:07] [95/459] EVMC
[08:36:07] [96/459] HGSM
[08:36:08] [97/459] ACVM
[08:36:09] [98/459] PSKL
[08:36:09] [99/459] RDMP
[08:36:10] [100/459] RHGH
[08:36:10] [101/459] OMCM
[08:36:11] [102/459] DCCP
[08:36:12] [103/459] MCPB
[08:36:12] [104/459] ALCI
[08:36:13] [105/459] BLMX
[08:36:15] [106/459] BTMV
[08:36:16] [107/459] FVPN
[08:36:16] [108/459] CMAR
[08:36:17] [109/459] CEIM
[08:36:18] [110/459] CMVA
[08:36:19] [111/459] CPIV
[08:36:19] [112/459] CNPE
[08:36:21] [113/459] COLV
[08:36:22] [114/459] DNNV
[08:36:22] [115/459] HCAD
[08:36:23] [116/459] TAKA
[08:36:23] [117/459] INVD
[08:36:24] [118/459] IRMM
[08:36:25] [119/459] INSE
[08:36:25] [120/459] MRSW
[08:36:26] [121/459] MCVD
[08:36:26] [122/459] MCSO
[08:36:27] [123/459] PEVM
[08:36:28] [124/459] PVNL
[08:36:28] [125/459] PTCV
[08:36:29] [126/459] PRTC
[08:36:30] [127/459] RCVA
[08:36:30] [128/459] MTBN
[08:36:31] [129/459] LUCP
[08:36:32] [130/459] FMPT
[08:36:32] [131/459] JLSL
[08:36:33] [132/459] SBHA
[08:36:34] [133/459] SHRC
[08:36:34] [134/459] AVPS
[08:36:35] [135/459] STPM
[08:36:35] [136/459] ATRD
[08:36:36] [137/459] VTED
[08:36:37] [138/459] ACAI
[08:36:39] [139/459] SMAE
[08:36:39] [140/459] VMAT
[08:36:40] [141/459] LKCT
[08:36:40] [142/459] JTVK
[08:36:41] [143/459] PRTY
[08:36:42] [144/459] GETT
[08:36:42] [145/459] ESAP
[08:36:43] [146/459] NCPM
[08:36:44] [147/459] PCPA
[08:36:45] [148/459] MMOM
[08:36:45] [149/459] PHUP
[08:36:46] [150/459] CCPI
[08:36:46] [151/459] CNTD
[08:36:47] [152/459] NLJR
[08:36:48] [153/459] SRNG
[08:36:48] [154/459] MHAL
[08:36:49] [155/459] PNSM
[08:36:50] [156/459] DRMY
[08:36:50] [157/459] CCMU
[08:36:51] [158/459] SCMY
[08:36:52] [159/459] PVSY
[08:36:52] [160/459] SDLM
[08:36:53] [161/459] ICCM
[08:36:53] [162/459] PYSU
[08:36:54] [163/459] GATM
[08:36:55] [164/459] WOTM
[08:36:55] [165/459] RKTS
[08:36:56] [166/459] PMTY
[08:36:56] [167/459] LYMS
[08:36:57] [168/459] TGCA
[08:36:57] [169/459] DSTA
[08:36:58] [170/459] CNGE
[08:36:59] [171/459] VSTG
[08:37:00] [172/459] GTCK
[08:37:00] [173/459] TGNT
[08:37:01] [174/459] ASLC
[08:37:02] [175/459] SSST
[08:37:03] [176/459] KBTT
[08:37:03] [177/459] HKCP
[08:37:04] [178/459] SWLC
[08:37:05] [179/459] RTND
[08:37:05] [180/459] PKKT
[08:37:06] [181/459] HSTK
[08:37:07] [182/459] SPTT
[08:37:08] [183/459] IMPM
[08:37:09] [184/459] SCMV
[08:37:09] [185/459] SPCT
[08:37:10] [186/459] JBCA
[08:37:10] [187/459] ATTR
[08:37:11] [188/459] SPMT
[08:37:12] [189/459] LCTM
[08:37:12] [190/459] SCVL
[08:37:13] [191/459] SCVT
[08:37:14] [192/459] KRIC
[08:37:14] [193/459] CTMG
[08:37:15] [194/459] ACNC
[08:37:16] [195/459] DMCK
[08:37:17] [196/459] KMTV
[08:37:17] [197/459] PFCJ
[08:37:18] [198/459] VNMD
[08:37:19] [199/459] VPCZ
[08:37:19] [200/459] SRYR
[08:37:20] [201/459] SYTR
[08:37:20] [202/459] GATR
[08:37:21] [203/459] URTR
[08:37:22] [204/459] MKSM
[08:37:22] [205/459] VSMH
[08:37:23] [206/459] SKRJ
[08:37:24] [207/459] SSJR
[08:37:24] [208/459] SVSM
[08:37:25] [209/459] RUCM
[08:37:25] [210/459] PRKN
[08:37:26] [211/459] RROH
[08:37:27] [212/459] SCTN
[08:37:27] [213/459] RTDM
[08:37:28] [214/459] ASRM
[08:37:28] [215/459] SKMD
[08:37:29] [216/459] SUTD
[08:37:30] [217/459] SADM
[08:37:31] [218/459] WCNR
[08:37:31] [219/459] CNED
[08:37:32] [220/459] MPDB
[08:37:33] [221/459] KTBH
[08:37:34] [222/459] IDRM
[08:37:35] [223/459] PJJT
[08:37:35] [224/459] PFCV
[08:37:36] [225/459] AACT
[08:37:37] [226/459] AAAD
[08:37:38] [227/459] ANES
[08:37:39] [228/459] MNCA
[08:37:39] [229/459] RMGU
[08:37:40] [230/459] DLCN
[08:37:40] [231/459] LJWT
[08:37:41] [232/459] MCBG
[08:37:42] [233/459] MYBG
[08:37:42] [234/459] GCCA
[08:37:43] [235/459] GCGA
[08:37:44] [236/459] ECGN
[08:37:45] [237/459] PRAB
[08:37:46] [238/459] PNMP
[08:37:46] [239/459] GCPT
[08:37:47] [240/459] ROYN
[08:37:48] [241/459] VATM
[08:37:48] [242/459] KSNT
[08:37:49] [243/459] ACTC
[08:37:50] [244/459] PLTD
[08:37:50] [245/459] SKMK
[08:37:51] [246/459] CMTT
[08:37:52] [247/459] SMXP
[08:37:52] [248/459] SCMX
[08:37:53] [249/459] ACXN
[08:37:54] [250/459] ASWT
[08:37:54] [251/459] VVVL
[08:37:55] [252/459] NAGO
[08:37:56] [253/459] SNCN
[08:37:56] [254/459] MCKP
[08:37:57] [255/459] SAMO
[08:37:58] [256/459] JBTV
[08:37:59] [257/459] DCVV
[08:37:59] [258/459] KMSV
[08:38:00] [259/459] KDCN
[08:38:01] [260/459] CNCP
[08:38:02] [261/459] HAMC
[08:38:02] [262/459] CCVZ
[08:38:03] [263/459] NCCK
[08:38:04] [264/459] MCHR
[08:38:05] [265/459] SCHT
[08:38:05] [266/459] ESSH
[08:38:06] [267/459] CUJC
[08:38:07] [268/459] PECP
[08:38:08] [269/459] PMMI
[08:38:09] [270/459] PCCH
[08:38:09] [271/459] PRPM
[08:38:10] [272/459] PVKL
[08:38:11] [273/459] CBSM
[08:38:12] [274/459] PVCZ
[08:38:13] [275/459] PCVV
[08:38:14] [276/459] CTMJ
[08:38:14] [277/459] RCPS
[08:38:15] [278/459] PCIT
[08:38:16] [279/459] FNCH
[08:38:17] [280/459] INZD
[08:38:17] [281/459] INPC
[08:38:18] [282/459] LCZP
[08:38:19] [283/459] SMCB
[08:38:20] [284/459] PTSB
[08:38:20] [285/459] TPSI
[08:38:21] [286/459] KHMJ
[08:38:22] [287/459] RCCJ
[08:38:22] [288/459] NCJA
[08:38:23] [289/459] NCJN
[08:38:24] [290/459] BTDP
[08:38:25] [291/459] PADY
[08:38:26] [292/459] NYBH
[08:38:26] [293/459] MTBR
[08:38:27] [294/459] KRBC
[08:38:28] [295/459] DKTI
[08:38:29] [296/459] ANAN
[08:38:30] [297/459] INBP
[08:38:31] [298/459] PATB
[08:38:31] [299/459] RGNT
[08:38:32] [300/459] CGPM
[08:38:33] [301/459] INTN
[08:38:34] [302/459] MCMP
[08:38:34] [303/459] ASRG
[08:38:35] [304/459] CXJD
[08:38:36] [305/459] SPCP
[08:38:37] [306/459] CSTP
[08:38:38] [307/459] PKVC
[08:38:38] [308/459] ESCP
[08:38:39] [309/459] CAEP
[08:38:40] [310/459] CCSP
[08:38:41] [311/459] KTPC
[08:38:42] [312/459] DACA
[08:38:43] [313/459] NVKY
[08:38:45] [314/459] PTIN
[08:38:45] [315/459] SCIN
[08:38:46] [316/459] MCTY
[08:38:46] [317/459] PCMX
[08:38:47] [318/459] INIC
[08:38:48] [319/459] MMZM
[08:38:49] [320/459] SSLP
[08:38:50] [321/459] DTDT
[08:38:51] [322/459] FFCX
[08:38:52] [323/459] RCMM
[08:38:53] [324/459] KYID
[08:38:54] [325/459] CSCI
[08:38:55] [326/459] FCMC
[08:38:56] [327/459] MMXI
[08:38:56] [328/459] ASTC
[08:38:57] [329/459] CMRA
[08:38:58] [330/459] DICI
[08:38:59] [331/459] KDIN
[08:38:59] [332/459] PRFI
[08:39:01] [333/459] SVFC
[08:39:01] [334/459] UCPL
[08:39:02] [335/459] COOC
[08:39:03] [336/459] SCAL
[08:39:04] [337/459] SVFF
[08:39:05] [338/459] VCMG
[08:39:05] [339/459] UUCT
[08:39:06] [340/459] GCSE
[08:39:07] [341/459] SUSC
[08:39:07] [342/459] MISC
[08:39:08] [343/459] RMBL
[08:39:09] [344/459] CMXN
[08:39:10] [345/459] PVBK
[08:39:11] [346/459] HHCG
[08:39:12] [347/459] SCAG
[08:39:12] [348/459] CNPR
[08:39:13] [349/459] CSER
[08:39:14] [350/459] HLWD
[08:39:15] [351/459] BOLY
[08:39:16] [352/459] SSPG
[08:39:16] [353/459] MUPX
[08:39:18] [354/459] HAMR
[08:39:18] [355/459] SDNC
[08:39:19] [356/459] RTEN
[08:39:20] [357/459] SDTD
[08:39:21] [358/459] KAWS
[08:39:22] [359/459] CMZX
[08:39:23] [360/459] DCDD
[08:39:23] [361/459] ALSN
[08:39:24] [362/459] IMXS
[08:39:26] [363/459] PVFF
[08:39:26] [364/459] PVOO
[08:39:27] [365/459] CFBS
[08:39:28] [366/459] PVER
[08:39:29] [367/459] PPNX
[08:39:30] [368/459] CNRM
[08:39:31] [369/459] PVWW
[08:39:32] [370/459] INMB
[08:39:33] [371/459] CPJR
[08:39:34] [372/459] INRZ
[08:39:35] [373/459] PMSR
[08:39:36] [374/459] GPGM
[08:39:37] [375/459] PGWB
[08:39:37] [376/459] PMBR
[08:39:38] [377/459] GPAM
[08:39:39] [378/459] INBC
[08:39:40] [379/459] PZVK
[08:39:41] [380/459] CPEB
[08:39:42] [381/459] FMLB
[08:39:43] [382/459] INBG
[08:39:44] [383/459] GPBR
[08:39:45] [384/459] PAAS
[08:39:45] [385/459] VTBR
[08:39:46] [386/459] GPMY
[08:39:47] [387/459] GYBU
[08:39:48] [388/459] INBJ
[08:39:49] [389/459] LKTH
[08:39:49] [390/459] NSBR
[08:39:50] [391/459] PDRD
[08:39:51] [392/459] VRBL
[08:39:52] [393/459] VTGB
[08:39:52] [394/459] VTSK
[08:39:53] [395/459] BKDV
[08:39:54] [396/459] SVTB
[08:39:54] [397/459] MLDT
[08:39:55] [398/459] NRBL
[08:39:56] [399/459] SLTR
[08:39:56] [400/459] VNKA
[08:39:57] [401/459] TDCA
[08:39:58] [402/459] INBM
[08:39:59] [403/459] SSNR
[08:39:59] [404/459] BHAC
[08:40:01] [405/459] SDSD
[08:40:01] [406/459] SAMP
[08:40:02] [407/459] RATK
[08:40:04] [408/459] KCBI
[08:40:05] [409/459] URBL
[08:40:05] [410/459] MKBG
[08:40:06] [411/459] ASTB
[08:40:07] [412/459] VBWT
[08:40:08] [413/459] GPSM
[08:40:09] [414/459] ROON
[08:40:10] [415/459] CHTH
[08:40:10] [416/459] SSPA
[08:40:11] [417/459] ANBL
[08:40:12] [418/459] VTBE
[08:40:13] [419/459] SVKT
[08:40:13] [420/459] SVYK
[08:40:14] [421/459] PTBK
[08:40:15] [422/459] RKTB
[08:40:17] [423/459] BALT
[08:40:17] [424/459] STSV
[08:40:18] [425/459] VCCB
[08:40:18] [426/459] SLTB
[08:40:19] [427/459] SBCR
[08:40:20] [428/459] VDCS
[08:40:21] [429/459] MDKI
[08:40:22] [430/459] SMRN
[08:40:23] [431/459] PTBC
[08:40:24] [432/459] RADI
[08:40:25] [433/459] ADCR
[08:40:26] [434/459] SDCS
[08:40:27] [435/459] SRPJ
[08:40:28] [436/459] ARTS
[08:40:28] [437/459] SRHK
[08:40:29] [438/459] SPAY
[08:40:30] [439/459] GPTB
[08:40:31] [440/459] SNNN
[08:40:32] [441/459] BALJ
[08:40:33] [442/459] TRIG
[08:40:34] [443/459] GTYT
[08:40:35] [444/459] ATGN
[08:40:36] [445/459] ANTE
[08:40:37] [446/459] BDCG
[08:40:38] [447/459] VECI
[08:40:39] [448/459] SCPR
[08:40:40] [449/459] RTEA
[08:40:41] [450/459] JSAI
[08:40:42] [451/459] VJTP
[08:40:43] [452/459] GNDS
[08:40:44] [453/459] PAXA
[08:40:45] [454/459] CGGM
[08:40:46] [455/459] ACKZ
[08:40:46] [456/459] EMCC
[08:40:47] [457/459] KLSK
[08:40:48] [458/459] AVCK
[08:40:49] [459/459] JTCK
[08:40:50] 🧹 Deduping shows
[08:40:50] ✅ DONE | Shows=459 | Movies=17
