[10:12:32] 🚀 SCRIPT STARTED (enhanced anti‑detection)
[10:12:32] [1/322] CDCA
[10:12:33] 🧠 New identity created
[10:12:33] 🔄 Retry 1/5 for CDCA in 2.5s
[10:12:33] 🔄 Identity reset
[10:12:35] 🧠 New identity created
[10:12:35] 🔄 Retry 2/5 for CDCA in 4.4s
[10:12:35] 🔄 Identity reset
[10:12:40] 🧠 New identity created
[10:12:40] 🔄 Retry 3/5 for CDCA in 8.7s
[10:12:40] 🔄 Identity reset
[10:12:48] 🧠 New identity created
[10:12:49] [2/322] VBCZ
[10:12:50] [3/322] MSDR
[10:12:51] [4/322] ACPV
[10:12:51] [5/322] PVHB
[10:12:52] [6/322] RCNH
[10:12:53] [7/322] IOMH
[10:12:54] 🔄 Identity reset
[10:12:54] 🔄 Identity rotated (every 10 requests)
[10:12:55] [8/322] ILKS
[10:12:55] [9/322] AMSN
[10:12:56] [10/322] ANTP
[10:12:57] [11/322] SSEK
[10:12:58] [12/322] PICP
[10:12:59] [13/322] SICO
[10:13:00] [14/322] SISP
[10:13:00] [15/322] SCPI
[10:13:01] [16/322] CRPR
[10:13:02] [17/322] DCTW
[10:13:02] 🔄 Identity reset
[10:13:02] 🔄 Identity rotated (every 10 requests)
[10:13:03] [18/322] DCSP
[10:13:04] [19/322] KRPM
[10:13:05] [20/322] THKK
[10:13:06] [21/322] SNMY
[10:13:06] [22/322] AKCC
[10:13:07] [23/322] PCAT
[10:13:08] [24/322] RFGO
[10:13:09] [25/322] GGCS
[10:13:10] [26/322] ACKR
[10:13:11] [27/322] STDO
[10:13:11] 🔄 Identity reset
[10:13:12] 🔄 Identity rotated (every 10 requests)
[10:13:12] [28/322] ACKB
[10:13:13] [29/322] ALUC
[10:13:13] [30/322] MNSR
[10:13:14] [31/322] CSSL
[10:13:15] [32/322] BGGM
[10:13:16] [33/322] MANT
[10:13:17] [34/322] SOOY
[10:13:18] [35/322] VPPK
[10:13:20] [36/322] MYHJ
[10:13:20] [37/322] KSCK
[10:13:21] 🔄 Identity reset
[10:13:21] 🔄 Identity rotated (every 10 requests)
[10:13:21] 🔄 Retry 1/5 for KSCK in 2.9s
[10:13:21] 🔄 Identity reset
[10:13:24] 🧠 New identity created
[10:13:24] 🔄 Retry 2/5 for KSCK in 4.7s
[10:13:24] 🔄 Identity reset
[10:13:29] 🧠 New identity created
[10:13:29] 🔄 Retry 3/5 for KSCK in 8.4s
[10:13:29] 🔄 Identity reset
[10:13:37] 🧠 New identity created
[10:13:38] [38/322] KATK
[10:13:39] [39/322] RTRT
[10:13:41] [40/322] SSTT
[10:13:42] [41/322] SSTV
[10:13:42] [42/322] LACM
[10:13:43] [43/322] SGMG
[10:13:44] [44/322] KACX
[10:13:45] 🔄 Identity reset
[10:13:45] 🔄 Identity rotated (every 10 requests)
[10:13:45] 🔄 Retry 1/5 for KACX in 2.1s
[10:13:45] 🔄 Identity reset
[10:13:47] 🧠 New identity created
[10:13:47] 🔄 Retry 2/5 for KACX in 4.2s
[10:13:47] 🔄 Identity reset
[10:13:51] 🧠 New identity created
[10:13:51] 🔄 Retry 3/5 for KACX in 8.0s
[10:13:51] 🔄 Identity reset
[10:13:59] 🧠 New identity created
[10:13:59] 🔄 Retry 4/5 for KACX in 16.8s
[10:13:59] 🔄 Identity reset
[10:14:16] 🧠 New identity created
[10:14:16] [45/322] GVCP
[10:14:17] [46/322] CSNC
[10:14:19] [47/322] SXCB
[10:14:20] [48/322] BAHS
[10:14:21] [49/322] PCBI
[10:14:21] [50/322] PSSM
[10:14:22] 🔄 Identity reset
[10:14:22] 🔄 Identity rotated (every 10 requests)
[10:14:22] 🔄 Retry 1/5 for PSSM in 2.7s
[10:14:22] 🔄 Identity reset
[10:14:25] 🧠 New identity created
[10:14:25] [51/322] RCOK
[10:14:26] [52/322] SCPF
[10:14:27] [53/322] SSAS
[10:14:28] [54/322] EVMM
[10:14:28] [55/322] SYCB
[10:14:29] [56/322] GCKI
[10:14:30] [57/322] IAET
[10:14:31] [58/322] DDTD
[10:14:32] [59/322] GMDH
[10:14:32] 🔄 Identity reset
[10:14:32] 🔄 Identity rotated (every 10 requests)
[10:14:32] 🔄 Retry 1/5 for GMDH in 2.8s
[10:14:32] 🔄 Identity reset
[10:14:35] 🧠 New identity created
[10:14:36] [60/322] STLE
[10:14:37] [61/322] JTRA
[10:14:37] [62/322] RPPA
[10:14:38] [63/322] ARUT
[10:14:39] [64/322] JTVM
[10:14:40] [65/322] SWRH
[10:14:40] [66/322] DCPC
[10:14:41] [67/322] RAPR
[10:14:42] [68/322] GCRT
[10:14:42] 🔄 Identity reset
[10:14:42] 🔄 Identity rotated (every 10 requests)
[10:14:43] 🔄 Retry 1/5 for GCRT in 2.5s
[10:14:43] 🔄 Identity reset
[10:14:45] 🧠 New identity created
[10:14:45] 🔄 Retry 2/5 for GCRT in 4.6s
[10:14:45] 🔄 Identity reset
[10:14:50] 🧠 New identity created
[10:14:50] 🔄 Retry 3/5 for GCRT in 8.7s
[10:14:50] 🔄 Identity reset
[10:14:58] 🧠 New identity created
[10:14:59] 🔄 Retry 4/5 for GCRT in 16.3s
[10:14:59] 🔄 Identity reset
[10:15:15] 🧠 New identity created
[10:15:16] [69/322] ATUN
[10:15:16] [70/322] LTRM
[10:15:17] [71/322] TASR
[10:15:19] [72/322] RLLC
[10:15:20] [73/322] MABI
[10:15:21] [74/322] SVHB
[10:15:21] 🔄 Identity reset
[10:15:21] 🔄 Identity rotated (every 10 requests)
[10:15:22] 🔄 Retry 1/5 for SVHB in 2.2s
[10:15:22] 🔄 Identity reset
[10:15:24] 🧠 New identity created
[10:15:24] 🔄 Retry 2/5 for SVHB in 4.5s
[10:15:24] 🔄 Identity reset
[10:15:28] 🧠 New identity created
[10:15:29] [75/322] NVTB
[10:15:30] [76/322] KCKG
[10:15:30] [77/322] SSRN
[10:15:32] [78/322] VDDC
[10:15:33] [79/322] GKTK
[10:15:34] [80/322] YFSN
[10:15:34] [81/322] GCSG
[10:15:35] [82/322] ESSM
[10:15:36] 🔄 Identity reset
[10:15:36] 🔄 Identity rotated (every 10 requests)
[10:15:37] [83/322] KRIH
[10:15:38] [84/322] GCDS
[10:15:39] [85/322] CCSH
[10:15:40] [86/322] ACSK
[10:15:41] [87/322] APRK
[10:15:42] [88/322] ADKM
[10:15:43] [89/322] SRDM
[10:15:44] [90/322] SJMY
[10:15:44] [91/322] PGGC
[10:15:46] [92/322] INGM
[10:15:47] 🔄 Identity reset
[10:15:47] 🔄 Identity rotated (every 10 requests)
[10:15:47] 🔄 Retry 1/5 for INGM in 2.1s
[10:15:47] 🔄 Identity reset
[10:15:49] 🧠 New identity created
[10:15:49] [93/322] LSCB
[10:15:50] [94/322] STAD
[10:15:52] [95/322] MCCR
[10:15:52] [96/322] ABCC
[10:15:53] [97/322] RKCC
[10:15:54] [98/322] RTCR
[10:15:55] [99/322] GGBC
[10:15:56] [100/322] GCSD
[10:15:57] [101/322] LPTY
[10:15:58] 🔄 Identity reset
[10:15:58] 🔄 Identity rotated (every 10 requests)
[10:15:58] 🔄 Retry 1/5 for LPTY in 2.8s
[10:15:58] 🔄 Identity reset
[10:16:01] 🧠 New identity created
[10:16:01] [102/322] MCFD
[10:16:02] [103/322] HENN
[10:16:03] [104/322] SMKU
[10:16:04] [105/322] TNZC
[10:16:06] [106/322] DRCD
[10:16:07] [107/322] DLCD
[10:16:07] [108/322] RCDA
[10:16:08] [109/322] COSM
[10:16:09] [110/322] MCMJ
[10:16:10] 🔄 Identity reset
[10:16:10] 🔄 Identity rotated (every 10 requests)
[10:16:10] 🔄 Retry 1/5 for MCMJ in 2.6s
[10:16:10] 🔄 Identity reset
[10:16:13] 🧠 New identity created
[10:16:13] 🔄 Retry 2/5 for MCMJ in 4.6s
[10:16:13] 🔄 Identity reset
[10:16:17] 🧠 New identity created
[10:16:18] [111/322] CSTR
[10:16:18] [112/322] CVDK
[10:16:19] [113/322] INRR
[10:16:20] [114/322] RJRT
[10:16:21] [115/322] IRMR
[10:16:22] [116/322] SRCF
[10:16:23] [117/322] GRCR
[10:16:24] [118/322] SURC
[10:16:24] 🔄 Identity reset
[10:16:24] 🔄 Identity rotated (every 10 requests)
[10:16:24] 🔄 Retry 1/5 for SURC in 2.5s
[10:16:24] 🔄 Identity reset
[10:16:27] 🧠 New identity created
[10:16:27] [119/322] NMNH
[10:16:28] [120/322] SVBL
[10:16:29] [121/322] KACI
[10:16:30] [122/322] TDGO
[10:16:31] [123/322] KTBR
[10:16:32] [124/322] PMAD
[10:16:33] [125/322] CCPN
[10:16:34] [126/322] SBTK
[10:16:34] [127/322] LMDK
[10:16:35] 🔄 Identity reset
[10:16:35] 🔄 Identity rotated (every 10 requests)
[10:16:35] [128/322] PGDA
[10:16:36] [129/322] SRML
[10:16:37] [130/322] EVCK
[10:16:38] [131/322] RTTK
[10:16:39] [132/322] SRTU
[10:16:39] [133/322] VRSA
[10:16:40] [134/322] VARS
[10:16:41] [135/322] DSCZ
[10:16:43] [136/322] GAGA
[10:16:44] [137/322] SARV
[10:16:44] 🔄 Identity reset
[10:16:44] 🔄 Identity rotated (every 10 requests)
[10:16:45] [138/322] SEEG
[10:16:46] [139/322] GLCA
[10:16:47] [140/322] APAS
[10:16:48] [141/322] VCIA
[10:16:48] [142/322] SJTA
[10:16:49] [143/322] SABM
[10:16:51] [144/322] PPAG
[10:16:52] [145/322] RVCA
[10:16:53] [146/322] CCIA
[10:16:54] [147/322] HTAG
[10:16:54] 🔄 Identity reset
[10:16:54] 🔄 Identity rotated (every 10 requests)
[10:16:54] 🔄 Retry 1/5 for HTAG in 2.4s
[10:16:54] 🔄 Identity reset
[10:16:57] 🧠 New identity created
[10:16:57] 🔄 Retry 2/5 for HTAG in 4.3s
[10:16:57] 🔄 Identity reset
[10:17:01] 🧠 New identity created
[10:17:01] 🔄 Retry 3/5 for HTAG in 8.3s
[10:17:01] 🔄 Identity reset
[10:17:10] 🧠 New identity created
[10:17:10] [148/322] SMBI
[10:17:11] [149/322] MCJR
[10:17:12] [150/322] CCJR
[10:17:13] [151/322] SINF
[10:17:14] [152/322] CPLX
[10:17:15] [153/322] KKTJ
[10:17:16] [154/322] GDBW
[10:17:16] 🔄 Identity reset
[10:17:16] 🔄 Identity rotated (every 10 requests)
[10:17:17] [155/322] CSUB
[10:17:18] [156/322] DABA
[10:17:19] [157/322] TITR
[10:17:20] [158/322] NYCR
[10:17:21] [159/322] RTRY
[10:17:23] [160/322] JTJL
[10:17:24] [161/322] SJCP
[10:17:25] [162/322] KCCA
[10:17:26] [163/322] MLPG
[10:17:26] [164/322] VRCK
[10:17:27] 🔄 Identity reset
[10:17:27] 🔄 Identity rotated (every 10 requests)
[10:17:27] [165/322] SRIN
[10:17:28] [166/322] CXMK
[10:17:29] [167/322] SKAD
[10:17:30] [168/322] AVTR
[10:17:31] [169/322] PTAJ
[10:17:32] [170/322] SCNK
[10:17:33] [171/322] STTI
[10:17:33] [172/322] KACR
[10:17:34] [173/322] SSDX
[10:17:36] [174/322] VRTJ
[10:17:36] 🔄 Identity reset
[10:17:36] 🔄 Identity rotated (every 10 requests)
[10:17:37] [175/322] RAJD
[10:17:38] [176/322] SCIP
[10:17:39] [177/322] RJSL
[10:17:39] [178/322] ARRS
[10:17:40] [179/322] ASMS
[10:17:41] [180/322] RDTS
[10:17:43] [181/322] DVMY
[10:17:44] [182/322] RASA
[10:17:45] [183/322] INOM
[10:17:46] [184/322] SPRS
[10:17:46] 🔄 Identity reset
[10:17:46] 🔄 Identity rotated (every 10 requests)
[10:17:46] [185/322] SGCS
[10:17:47] [186/322] SALM
[10:17:48] [187/322] PKHC
[10:17:49] [188/322] RCSV
[10:17:50] [189/322] CPKC
[10:17:52] [190/322] AACD
[10:17:53] [191/322] GGCV
[10:17:54] [192/322] SMKD
[10:17:55] [193/322] NBCH
[10:17:56] [194/322] AMCB
[10:17:56] 🔄 Identity reset
[10:17:56] 🔄 Identity rotated (every 10 requests)
[10:17:57] [195/322] OPCN
[10:17:57] [196/322] DCIN
[10:17:59] [197/322] INGW
[10:18:00] [198/322] PKKW
[10:18:00] [199/322] FNGW
[10:18:01] [200/322] GCGD
[10:18:02] [201/322] MSTW
[10:18:03] [202/322] KCCG
[10:18:04] [203/322] MRSS
[10:18:05] [204/322] CLCF
[10:18:05] 🔄 Identity reset
[10:18:05] 🔄 Identity rotated (every 10 requests)
[10:18:05] 🔄 Retry 1/5 for CLCF in 3.0s
[10:18:05] 🔄 Identity reset
[10:18:08] 🧠 New identity created
[10:18:09] [205/322] EETS
[10:18:10] [206/322] AATR
[10:18:11] [207/322] CMMN
[10:18:12] [208/322] SCCJ
[10:18:13] [209/322] CDTK
[10:18:14] [210/322] AICP
[10:18:15] [211/322] FNBP
[10:18:16] [212/322] CBPB
[10:18:16] [213/322] CPAS
[10:18:17] 🔄 Identity reset
[10:18:17] 🔄 Identity rotated (every 10 requests)
[10:18:18] [214/322] MAPM
[10:18:19] [215/322] PASD
[10:18:20] [216/322] JCMN
[10:18:21] [217/322] MALB
[10:18:22] [218/322] SACG
[10:18:23] [219/322] DDRX
[10:18:24] [220/322] DDXB
[10:18:24] [221/322] RAMC
[10:18:25] [222/322] SANC
[10:18:26] [223/322] BCBP
[10:18:27] 🔄 Identity reset
[10:18:27] 🔄 Identity rotated (every 10 requests)
[10:18:27] [224/322] ALPC
[10:18:28] [225/322] RBAC
[10:18:29] [226/322] RAJL
[10:18:30] [227/322] MPDX
[10:18:31] [228/322] MUSC
[10:18:32] [229/322] VKMK
[10:18:33] [230/322] SKCG
[10:18:33] [231/322] ANCN
[10:18:34] [232/322] MMCJ
[10:18:35] [233/322] DCAK
[10:18:36] 🔄 Identity reset
[10:18:36] 🔄 Identity rotated (every 10 requests)
[10:18:36] [234/322] SCKG
[10:18:37] [235/322] LMCK
[10:18:38] [236/322] CKKX
[10:18:40] [237/322] ANKU
[10:18:41] [238/322] CSMD
[10:18:42] [239/322] MKMP
[10:18:43] [240/322] SVBG
[10:18:43] [241/322] ROOP
[10:18:44] [242/322] GDMT
[10:18:45] [243/322] FPPF
[10:18:46] 🔄 Identity reset
[10:18:46] 🔄 Identity rotated (every 10 requests)
[10:18:46] [244/322] SFUU
[10:18:47] [245/322] ANCB
[10:18:48] [246/322] SMMC
[10:18:49] [247/322] UGKT
[10:18:50] [248/322] JVRM
[10:18:51] [249/322] BATG
[10:18:51] [250/322] RATE
[10:18:52] [251/322] SKME
[10:18:53] [252/322] LMTP
[10:18:54] [253/322] TCBD
[10:18:55] 🔄 Identity reset
[10:18:55] 🔄 Identity rotated (every 10 requests)
[10:18:55] 🔄 Retry 1/5 for TCBD in 2.7s
[10:18:55] 🔄 Identity reset
[10:18:57] 🧠 New identity created
[10:18:57] 🔄 Retry 2/5 for TCBD in 4.2s
[10:18:57] 🔄 Identity reset
[10:19:02] 🧠 New identity created
[10:19:02] [254/322] ESBD
[10:19:03] [255/322] GDCU
[10:19:04] [256/322] SNKT
[10:19:04] [257/322] SRNK
[10:19:05] [258/322] SMED
[10:19:07] [259/322] CSQS
[10:19:08] [260/322] ALCS
[10:19:09] [261/322] KCKN
[10:19:10] 🔄 Identity reset
[10:19:10] 🔄 Identity rotated (every 10 requests)
[10:19:10] [262/322] VCCL
[10:19:11] [263/322] MCDA
[10:19:12] [264/322] SHMI
[10:19:13] [265/322] SKHA
[10:19:14] [266/322] SVFK
[10:19:15] [267/322] INVB
[10:19:17] [268/322] MELD
[10:19:18] [269/322] JTYS
[10:19:19] [270/322] INCM
[10:19:20] [271/322] MCDV
[10:19:21] 🔄 Identity reset
[10:19:21] 🔄 Identity rotated (every 10 requests)
[10:19:21] 🔄 Retry 1/5 for MCDV in 3.0s
[10:19:21] 🔄 Identity reset
[10:19:24] 🧠 New identity created
[10:19:24] [272/322] KSGK
[10:19:25] [273/322] ICMG
[10:19:26] [274/322] CSCV
[10:19:28] [275/322] STMD
[10:19:30] [276/322] STTR
[10:19:31] [277/322] INVC
[10:19:31] [278/322] JTBL
[10:19:32] [279/322] SRVV
[10:19:33] [280/322] MAVC
[10:19:34] 🔄 Identity reset
[10:19:34] 🔄 Identity rotated (every 10 requests)
[10:19:34] [281/322] SRPP
[10:19:35] [282/322] JGDM
[10:19:36] [283/322] MBSJ
[10:19:37] [284/322] SSLL
[10:19:38] [285/322] SLKP
[10:19:39] [286/322] NSRV
[10:19:39] [287/322] UTDV
[10:19:40] [288/322] KICM
[10:19:41] [289/322] KCMD
[10:19:42] [290/322] TTPP
[10:19:43] 🔄 Identity reset
[10:19:43] 🔄 Identity rotated (every 10 requests)
[10:19:43] [291/322] KMPV
[10:19:44] [292/322] SKTV
[10:19:44] [293/322] STCV
[10:19:45] [294/322] SRDA
[10:19:46] [295/322] JTSX
[10:19:47] [296/322] STBV
[10:19:48] [297/322] APVZ
[10:19:49] [298/322] GSTV
[10:19:50] [299/322] NMVS
[10:19:51] [300/322] SKRT
[10:19:51] 🔄 Identity reset
[10:19:51] 🔄 Identity rotated (every 10 requests)
[10:19:52] [301/322] RMDV
[10:19:53] [302/322] RATG
[10:19:54] [303/322] SJYV
[10:19:54] [304/322] NDGP
[10:19:55] [305/322] SNDG
[10:19:56] [306/322] INSR
[10:19:57] [307/322] INSO
[10:19:58] [308/322] CCSI
[10:19:59] [309/322] RASM
[10:20:00] [310/322] NEWC
[10:20:00] 🔄 Identity reset
[10:20:00] 🔄 Identity rotated (every 10 requests)
[10:20:01] [311/322] VSHL
[10:20:02] [312/322] BISW
[10:20:02] [313/322] GCNG
[10:20:03] [314/322] CWSC
[10:20:04] [315/322] SKAN
[10:20:05] [316/322] CCOA
[10:20:07] [317/322] MCAJ
[10:20:08] [318/322] ACDE
[10:20:08] [319/322] AACM
[10:20:09] [320/322] JJCK
[10:20:10] 🔄 Identity reset
[10:20:10] 🔄 Identity rotated (every 10 requests)
[10:20:10] [321/322] RCMO
[10:20:11] [322/322] GDAW
[10:20:12] 🧹 Deduping shows
[10:20:12] ✅ DONE | Shows=4 | Movies=1
[04:57:18] 🚀 SCRIPT STARTED (enhanced anti‑detection)
[04:57:18] [1/322] CDCA
[04:57:19] 🧠 New identity created
[04:57:19] [2/322] VBCZ
[04:57:20] [3/322] MSDR
[04:57:21] [4/322] ACPV
[04:57:22] [5/322] PVHB
[04:57:23] [6/322] RCNH
[04:57:24] [7/322] IOMH
[04:57:25] [8/322] ILKS
[04:57:26] [9/322] AMSN
[04:57:27] [10/322] ANTP
[04:57:27] 🔄 Identity reset
[04:57:27] 🔄 Identity rotated (every 10 requests)
[04:57:28] [11/322] SSEK
[04:57:28] [12/322] PICP
[04:57:29] [13/322] SICO
[04:57:30] [14/322] SISP
[04:57:31] [15/322] SCPI
[04:57:32] [16/322] CRPR
[04:57:33] [17/322] DCTW
[04:57:34] [18/322] DCSP
[04:57:35] [19/322] KRPM
[04:57:35] [20/322] THKK
[04:57:36] 🔄 Identity reset
[04:57:36] 🔄 Identity rotated (every 10 requests)
[04:57:36] [21/322] SNMY
[04:57:38] [22/322] AKCC
[04:57:39] [23/322] PCAT
[04:57:40] [24/322] RFGO
[04:57:40] [25/322] GGCS
[04:57:41] [26/322] ACKR
[04:57:42] [27/322] STDO
[04:57:43] [28/322] ACKB
[04:57:45] [29/322] ALUC
[04:57:45] [30/322] MNSR
[04:57:46] 🔄 Identity reset
[04:57:46] 🔄 Identity rotated (every 10 requests)
[04:57:46] [31/322] CSSL
[04:57:47] [32/322] BGGM
[04:57:48] [33/322] MANT
[04:57:49] [34/322] SOOY
[04:57:50] [35/322] VPPK
[04:57:51] [36/322] MYHJ
[04:57:51] [37/322] KSCK
[04:57:52] [38/322] KATK
[04:57:53] [39/322] RTRT
[04:57:54] [40/322] SSTT
[04:57:54] 🔄 Identity reset
[04:57:54] 🔄 Identity rotated (every 10 requests)
[04:57:54] 🔄 Retry 1/5 for SSTT in 2.5s
[04:57:54] 🔄 Identity reset
[04:57:57] 🧠 New identity created
[04:57:57] [41/322] SSTV
[04:57:58] [42/322] LACM
[04:57:59] [43/322] SGMG
[04:58:00] [44/322] KACX
[04:58:00] [45/322] GVCP
[04:58:01] [46/322] CSNC
[04:58:02] [47/322] SXCB
[04:58:03] [48/322] BAHS
[04:58:04] [49/322] PCBI
[04:58:04] 🔄 Identity reset
[04:58:04] 🔄 Identity rotated (every 10 requests)
[04:58:04] 🔄 Retry 1/5 for PCBI in 2.8s
[04:58:04] 🔄 Identity reset
[04:58:07] 🧠 New identity created
[04:58:07] [50/322] PSSM
[04:58:08] [51/322] RCOK
[04:58:09] [52/322] SCPF
[04:58:10] [53/322] SSAS
[04:58:11] [54/322] EVMM
[04:58:12] [55/322] SYCB
[04:58:13] [56/322] GCKI
[04:58:14] [57/322] IAET
[04:58:14] [58/322] DDTD
[04:58:15] 🔄 Identity reset
[04:58:15] 🔄 Identity rotated (every 10 requests)
[04:58:16] [59/322] GMDH
[04:58:17] [60/322] STLE
[04:58:18] [61/322] JTRA
[04:58:18] [62/322] RPPA
[04:58:19] [63/322] ARUT
[04:58:21] [64/322] JTVM
[04:58:21] [65/322] SWRH
[04:58:22] [66/322] DCPC
[04:58:24] [67/322] RAPR
[04:58:24] [68/322] GCRT
[04:58:25] 🔄 Identity reset
[04:58:25] 🔄 Identity rotated (every 10 requests)
[04:58:26] [69/322] ATUN
[04:58:27] [70/322] LTRM
[04:58:28] [71/322] TASR
[04:58:29] [72/322] RLLC
[04:58:30] [73/322] MABI
[04:58:31] [74/322] SVHB
[04:58:32] [75/322] NVTB
[04:58:34] [76/322] KCKG
[04:58:34] [77/322] SSRN
[04:58:35] [78/322] VDDC
[04:58:36] 🔄 Identity reset
[04:58:36] 🔄 Identity rotated (every 10 requests)
[04:58:36] 🔄 Retry 1/5 for VDDC in 2.0s
[04:58:36] 🔄 Identity reset
[04:58:38] 🧠 New identity created
[04:58:38] [79/322] GKTK
[04:58:39] [80/322] YFSN
[04:58:40] [81/322] GCSG
[04:58:41] [82/322] ESSM
[04:58:42] [83/322] KRIH
[04:58:43] [84/322] GCDS
[04:58:44] [85/322] CCSH
[04:58:45] [86/322] ACSK
[04:58:46] [87/322] APRK
[04:58:46] 🔄 Identity reset
[04:58:46] 🔄 Identity rotated (every 10 requests)
[04:58:47] [88/322] ADKM
[04:58:48] [89/322] SRDM
[04:58:48] [90/322] SJMY
[04:58:49] [91/322] PGGC
[04:58:50] [92/322] INGM
[04:58:51] [93/322] LSCB
[04:58:52] [94/322] STAD
[04:58:53] [95/322] MCCR
[04:58:54] [96/322] ABCC
[04:58:54] [97/322] RKCC
[04:58:55] 🔄 Identity reset
[04:58:55] 🔄 Identity rotated (every 10 requests)
[04:58:55] 🔄 Retry 1/5 for RKCC in 2.7s
[04:58:55] 🔄 Identity reset
[04:58:58] 🧠 New identity created
[04:58:58] [98/322] RTCR
[04:58:59] [99/322] GGBC
[04:59:00] [100/322] GCSD
[04:59:01] [101/322] LPTY
[04:59:02] [102/322] MCFD
[04:59:02] [103/322] HENN
[04:59:04] [104/322] SMKU
[04:59:05] [105/322] TNZC
[04:59:06] [106/322] DRCD
[04:59:06] 🔄 Identity reset
[04:59:06] 🔄 Identity rotated (every 10 requests)
[04:59:07] [107/322] DLCD
[04:59:07] [108/322] RCDA
[04:59:08] [109/322] COSM
[04:59:09] [110/322] MCMJ
[04:59:10] [111/322] CSTR
[04:59:11] [112/322] CVDK
[04:59:11] [113/322] INRR
[04:59:12] [114/322] RJRT
[04:59:13] [115/322] IRMR
[04:59:14] [116/322] SRCF
[04:59:15] 🔄 Identity reset
[04:59:15] 🔄 Identity rotated (every 10 requests)
[04:59:15] [117/322] GRCR
[04:59:16] [118/322] SURC
[04:59:17] [119/322] NMNH
[04:59:18] [120/322] SVBL
[04:59:18] [121/322] KACI
[04:59:19] [122/322] TDGO
[04:59:20] [123/322] KTBR
[04:59:21] [124/322] PMAD
[04:59:22] [125/322] CCPN
[04:59:23] [126/322] SBTK
[04:59:24] 🔄 Identity reset
[04:59:24] 🔄 Identity rotated (every 10 requests)
[04:59:24] 🔄 Retry 1/5 for SBTK in 2.5s
[04:59:24] 🔄 Identity reset
[04:59:26] 🧠 New identity created
[04:59:26] [127/322] LMDK
[04:59:27] [128/322] PGDA
[04:59:28] [129/322] SRML
[04:59:29] [130/322] EVCK
[04:59:30] [131/322] RTTK
[04:59:31] [132/322] SRTU
[04:59:31] [133/322] VRSA
[04:59:33] [134/322] VARS
[04:59:34] [135/322] DSCZ
[04:59:34] 🔄 Identity reset
[04:59:34] 🔄 Identity rotated (every 10 requests)
[04:59:34] [136/322] GAGA
[04:59:35] [137/322] SARV
[04:59:36] [138/322] SEEG
[04:59:37] [139/322] GLCA
[04:59:38] [140/322] APAS
[04:59:39] [141/322] VCIA
[04:59:40] [142/322] SJTA
[04:59:41] [143/322] SABM
[04:59:42] [144/322] PPAG
[04:59:43] [145/322] RVCA
[04:59:43] 🔄 Identity reset
[04:59:43] 🔄 Identity rotated (every 10 requests)
[04:59:44] [146/322] CCIA
[04:59:45] [147/322] HTAG
[04:59:45] [148/322] SMBI
[04:59:46] [149/322] MCJR
[04:59:47] [150/322] CCJR
[04:59:48] [151/322] SINF
[04:59:49] [152/322] CPLX
[04:59:50] [153/322] KKTJ
[04:59:51] [154/322] GDBW
[04:59:53] [155/322] CSUB
[04:59:54] 🔄 Identity reset
[04:59:54] 🔄 Identity rotated (every 10 requests)
[04:59:54] [156/322] DABA
[04:59:55] [157/322] TITR
[04:59:55] [158/322] NYCR
[04:59:56] [159/322] RTRY
[04:59:57] [160/322] JTJL
[04:59:59] [161/322] SJCP
[05:00:00] [162/322] KCCA
[05:00:00] [163/322] MLPG
[05:00:02] [164/322] VRCK
[05:00:03] [165/322] SRIN
[05:00:03] 🔄 Identity reset
[05:00:03] 🔄 Identity rotated (every 10 requests)
[05:00:04] [166/322] CXMK
[05:00:04] [167/322] SKAD
[05:00:05] [168/322] AVTR
[05:00:06] [169/322] PTAJ
[05:00:07] [170/322] SCNK
[05:00:08] [171/322] STTI
[05:00:09] [172/322] KACR
[05:00:10] [173/322] SSDX
[05:00:11] [174/322] VRTJ
[05:00:12] [175/322] RAJD
[05:00:13] 🔄 Identity reset
[05:00:13] 🔄 Identity rotated (every 10 requests)
[05:00:13] [176/322] SCIP
[05:00:14] [177/322] RJSL
[05:00:14] [178/322] ARRS
[05:00:15] [179/322] ASMS
[05:00:16] [180/322] RDTS
[05:00:17] [181/322] DVMY
[05:00:19] [182/322] RASA
[05:00:20] [183/322] INOM
[05:00:21] [184/322] SPRS
[05:00:22] [185/322] SGCS
[05:00:22] 🔄 Identity reset
[05:00:22] 🔄 Identity rotated (every 10 requests)
[05:00:23] [186/322] SALM
[05:00:23] [187/322] PKHC
[05:00:25] [188/322] RCSV
[05:00:26] [189/322] CPKC
[05:00:26] [190/322] AACD
[05:00:27] [191/322] GGCV
[05:00:28] [192/322] SMKD
[05:00:29] [193/322] NBCH
[05:00:30] [194/322] AMCB
[05:00:30] [195/322] OPCN
[05:00:31] 🔄 Identity reset
[05:00:31] 🔄 Identity rotated (every 10 requests)
[05:00:31] [196/322] DCIN
[05:00:32] [197/322] INGW
[05:00:34] [198/322] PKKW
[05:00:35] [199/322] FNGW
[05:00:36] [200/322] GCGD
[05:00:36] [201/322] MSTW
[05:00:37] [202/322] KCCG
[05:00:38] [203/322] MRSS
[05:00:39] [204/322] CLCF
[05:00:40] [205/322] EETS
[05:00:40] 🔄 Identity reset
[05:00:40] 🔄 Identity rotated (every 10 requests)
[05:00:41] [206/322] AATR
[05:00:41] [207/322] CMMN
[05:00:42] [208/322] SCCJ
[05:00:43] [209/322] CDTK
[05:00:44] [210/322] AICP
[05:00:45] [211/322] FNBP
[05:00:46] [212/322] CBPB
[05:00:47] [213/322] CPAS
[05:00:49] [214/322] MAPM
[05:00:49] [215/322] PASD
[05:00:50] 🔄 Identity reset
[05:00:50] 🔄 Identity rotated (every 10 requests)
[05:00:50] [216/322] JCMN
[05:00:52] [217/322] MALB
[05:00:53] [218/322] SACG
[05:00:54] [219/322] DDRX
[05:00:54] [220/322] DDXB
[05:00:55] [221/322] RAMC
[05:00:56] [222/322] SANC
[05:00:58] [223/322] BCBP
[05:00:59] [224/322] ALPC
[05:01:00] [225/322] RBAC
[05:01:00] 🔄 Identity reset
[05:01:00] 🔄 Identity rotated (every 10 requests)
[05:01:01] [226/322] RAJL
[05:01:01] [227/322] MPDX
[05:01:02] [228/322] MUSC
[05:01:03] [229/322] VKMK
[05:01:04] [230/322] SKCG
[05:01:05] [231/322] ANCN
[05:01:06] [232/322] MMCJ
[05:01:07] [233/322] DCAK
[05:01:07] [234/322] SCKG
[05:01:08] [235/322] LMCK
[05:01:09] 🔄 Identity reset
[05:01:09] 🔄 Identity rotated (every 10 requests)
[05:01:09] [236/322] CKKX
[05:01:10] [237/322] ANKU
[05:01:11] [238/322] CSMD
[05:01:12] [239/322] MKMP
[05:01:13] [240/322] SVBG
[05:01:14] [241/322] ROOP
[05:01:15] [242/322] GDMT
[05:01:16] [243/322] FPPF
[05:01:17] [244/322] SFUU
[05:01:18] [245/322] ANCB
[05:01:18] 🔄 Identity reset
[05:01:18] 🔄 Identity rotated (every 10 requests)
[05:01:19] [246/322] SMMC
[05:01:20] [247/322] UGKT
[05:01:21] [248/322] JVRM
[05:01:22] [249/322] BATG
[05:01:23] [250/322] RATE
[05:01:24] [251/322] SKME
[05:01:26] [252/322] LMTP
[05:01:27] [253/322] TCBD
[05:01:28] [254/322] ESBD
[05:01:28] [255/322] GDCU
[05:01:29] 🔄 Identity reset
[05:01:29] 🔄 Identity rotated (every 10 requests)
[05:01:29] 🔄 Retry 1/5 for GDCU in 2.8s
[05:01:29] 🔄 Identity reset
[05:01:32] 🧠 New identity created
[05:01:32] [256/322] SNKT
[05:01:33] [257/322] SRNK
[05:01:34] [258/322] SMED
[05:01:35] [259/322] CSQS
[05:01:36] [260/322] ALCS
[05:01:36] [261/322] KCKN
[05:01:37] [262/322] VCCL
[05:01:38] [263/322] MCDA
[05:01:39] [264/322] SHMI
[05:01:40] 🔄 Identity reset
[05:01:40] 🔄 Identity rotated (every 10 requests)
[05:01:40] [265/322] SKHA
[05:01:42] [266/322] SVFK
[05:01:43] [267/322] INVB
[05:01:44] [268/322] MELD
[05:01:44] [269/322] JTYS
[05:01:45] [270/322] INCM
[05:01:46] [271/322] MCDV
[05:01:47] [272/322] KSGK
[05:01:49] [273/322] ICMG
[05:01:50] [274/322] CSCV
[05:01:50] 🔄 Identity reset
[05:01:50] 🔄 Identity rotated (every 10 requests)
[05:01:50] [275/322] STMD
[05:01:52] [276/322] STTR
[05:01:53] [277/322] INVC
[05:01:54] [278/322] JTBL
[05:01:55] [279/322] SRVV
[05:01:56] [280/322] MAVC
[05:01:57] [281/322] SRPP
[05:01:58] [282/322] JGDM
[05:01:59] [283/322] MBSJ
[05:01:59] [284/322] SSLL
[05:02:00] 🔄 Identity reset
[05:02:00] 🔄 Identity rotated (every 10 requests)
[05:02:00] [285/322] SLKP
[05:02:01] [286/322] NSRV
[05:02:02] [287/322] UTDV
[05:02:03] [288/322] KICM
[05:02:04] [289/322] KCMD
[05:02:05] [290/322] TTPP
[05:02:06] [291/322] KMPV
[05:02:07] [292/322] SKTV
[05:02:08] [293/322] STCV
[05:02:09] [294/322] SRDA
[05:02:10] 🔄 Identity reset
[05:02:10] 🔄 Identity rotated (every 10 requests)
[05:02:10] [295/322] JTSX
[05:02:11] [296/322] STBV
[05:02:12] [297/322] APVZ
[05:02:13] [298/322] GSTV
[05:02:13] [299/322] NMVS
[05:02:14] [300/322] SKRT
[05:02:15] [301/322] RMDV
[05:02:16] [302/322] RATG
[05:02:17] [303/322] SJYV
[05:02:17] [304/322] NDGP
[05:02:18] 🔄 Identity reset
[05:02:18] 🔄 Identity rotated (every 10 requests)
[05:02:18] [305/322] SNDG
[05:02:19] [306/322] INSR
[05:02:20] [307/322] INSO
[05:02:21] [308/322] CCSI
[05:02:22] [309/322] RASM
[05:02:23] [310/322] NEWC
[05:02:24] [311/322] VSHL
[05:02:25] [312/322] BISW
[05:02:26] [313/322] GCNG
[05:02:27] [314/322] CWSC
[05:02:27] 🔄 Identity reset
[05:02:27] 🔄 Identity rotated (every 10 requests)
[05:02:27] 🔄 Retry 1/5 for CWSC in 2.5s
[05:02:27] 🔄 Identity reset
[05:02:30] 🧠 New identity created
[05:02:30] 🔄 Retry 2/5 for CWSC in 4.1s
[05:02:30] 🔄 Identity reset
[05:02:34] 🧠 New identity created
[05:02:34] [315/322] SKAN
[05:02:35] [316/322] CCOA
[05:02:36] [317/322] MCAJ
[05:02:37] [318/322] ACDE
[05:02:38] [319/322] AACM
[05:02:39] [320/322] JJCK
[05:02:40] [321/322] RCMO
[05:02:40] [322/322] GDAW
[05:02:41] 🔄 Identity reset
[05:02:41] 🔄 Identity rotated (every 10 requests)
[05:02:41] 🧹 Deduping shows
[05:02:41] ✅ DONE | Shows=27 | Movies=3
[22:06:02] 🚀 SCRIPT STARTED (enhanced anti‑detection)
[22:06:02] [1/322] CDCA
[22:06:03] 🧠 New identity created
[22:06:03] 🔄 Retry 1/5 for CDCA in 2.5s
[22:06:03] 🔄 Identity reset
[22:06:05] 🧠 New identity created
[22:06:05] 🔄 Retry 2/5 for CDCA in 4.2s
[22:06:05] 🔄 Identity reset
[22:06:10] 🧠 New identity created
[22:06:10] [2/322] VBCZ
[22:06:11] [3/322] MSDR
[22:06:12] [4/322] ACPV
[22:06:13] [5/322] PVHB
[22:06:14] [6/322] RCNH
[22:06:15] [7/322] IOMH
[22:06:16] [8/322] ILKS
[22:06:16] 🔄 Identity reset
[22:06:16] 🔄 Identity rotated (every 10 requests)
[22:06:16] 🔄 Retry 1/5 for ILKS in 2.6s
[22:06:16] 🔄 Identity reset
[22:06:19] 🧠 New identity created
[22:06:19] 🔄 Retry 2/5 for ILKS in 4.5s
[22:06:19] 🔄 Identity reset
[22:06:23] 🧠 New identity created
[22:06:24] [9/322] AMSN
[22:06:25] [10/322] ANTP
[22:06:26] [11/322] SSEK
[22:06:26] [12/322] PICP
[22:06:27] [13/322] SICO
[22:06:29] [14/322] SISP
[22:06:30] [15/322] SCPI
[22:06:31] [16/322] CRPR
[22:06:31] 🔄 Identity reset
[22:06:31] 🔄 Identity rotated (every 10 requests)
[22:06:31] [17/322] DCTW
[22:06:32] [18/322] DCSP
[22:06:33] [19/322] KRPM
[22:06:34] [20/322] THKK
[22:06:35] [21/322] SNMY
[22:06:36] [22/322] AKCC
[22:06:37] [23/322] PCAT
[22:06:38] [24/322] RFGO
[22:06:39] [25/322] GGCS
[22:06:40] [26/322] ACKR
[22:06:41] 🔄 Identity reset
[22:06:41] 🔄 Identity rotated (every 10 requests)
[22:06:41] 🔄 Retry 1/5 for ACKR in 2.0s
[22:06:41] 🔄 Identity reset
[22:06:43] 🧠 New identity created
[22:06:43] [27/322] STDO
[22:06:44] [28/322] ACKB
[22:06:45] [29/322] ALUC
[22:06:46] [30/322] MNSR
[22:06:47] [31/322] CSSL
[22:06:48] [32/322] BGGM
[22:06:48] [33/322] MANT
[22:06:49] [34/322] SOOY
[22:06:50] [35/322] VPPK
[22:06:51] 🔄 Identity reset
[22:06:51] 🔄 Identity rotated (every 10 requests)
[22:06:51] [36/322] MYHJ
[22:06:52] [37/322] KSCK
[22:06:53] [38/322] KATK
[22:06:54] [39/322] RTRT
[22:06:55] [40/322] SSTT
[22:06:56] [41/322] SSTV
[22:06:57] [42/322] LACM
[22:06:58] [43/322] SGMG
[22:06:59] [44/322] KACX
[22:07:00] [45/322] GVCP
[22:07:00] 🔄 Identity reset
[22:07:00] 🔄 Identity rotated (every 10 requests)
[22:07:01] [46/322] CSNC
[22:07:02] [47/322] SXCB
[22:07:03] [48/322] BAHS
[22:07:04] [49/322] PCBI
[22:07:05] [50/322] PSSM
[22:07:06] [51/322] RCOK
[22:07:07] [52/322] SCPF
[22:07:08] [53/322] SSAS
[22:07:09] [54/322] EVMM
[22:07:10] [55/322] SYCB
[22:07:11] 🔄 Identity reset
[22:07:11] 🔄 Identity rotated (every 10 requests)
[22:07:11] [56/322] GCKI
[22:07:12] [57/322] IAET
[22:07:13] [58/322] DDTD
[22:07:14] [59/322] GMDH
[22:07:15] [60/322] STLE
[22:07:16] [61/322] JTRA
[22:07:17] [62/322] RPPA
[22:07:18] [63/322] ARUT
[22:07:19] [64/322] JTVM
[22:07:20] [65/322] SWRH
[22:07:21] 🔄 Identity reset
[22:07:21] 🔄 Identity rotated (every 10 requests)
[22:07:21] [66/322] DCPC
[22:07:22] [67/322] RAPR
[22:07:23] [68/322] GCRT
[22:07:24] [69/322] ATUN
[22:07:24] [70/322] LTRM
[22:07:25] [71/322] TASR
[22:07:26] [72/322] RLLC
[22:07:27] [73/322] MABI
[22:07:28] [74/322] SVHB
[22:07:29] [75/322] NVTB
[22:07:30] 🔄 Identity reset
[22:07:30] 🔄 Identity rotated (every 10 requests)
[22:07:30] [76/322] KCKG
[22:07:31] [77/322] SSRN
[22:07:32] [78/322] VDDC
[22:07:33] [79/322] GKTK
[22:07:34] [80/322] YFSN
[22:07:35] [81/322] GCSG
[22:07:36] [82/322] ESSM
[22:07:37] [83/322] KRIH
[22:07:38] [84/322] GCDS
[22:07:40] [85/322] CCSH
[22:07:40] 🔄 Identity reset
[22:07:40] 🔄 Identity rotated (every 10 requests)
[22:07:41] [86/322] ACSK
[22:07:42] [87/322] APRK
[22:07:43] [88/322] ADKM
[22:07:44] [89/322] SRDM
[22:07:44] [90/322] SJMY
[22:07:45] [91/322] PGGC
[22:07:46] [92/322] INGM
[22:07:47] [93/322] LSCB
[22:07:48] [94/322] STAD
[22:07:49] [95/322] MCCR
[22:07:49] 🔄 Identity reset
[22:07:49] 🔄 Identity rotated (every 10 requests)
[22:07:49] 🔄 Retry 1/5 for MCCR in 2.9s
[22:07:49] 🔄 Identity reset
[22:07:52] 🧠 New identity created
[22:07:52] 🔄 Retry 2/5 for MCCR in 4.8s
[22:07:52] 🔄 Identity reset
[22:07:57] 🧠 New identity created
[22:07:57] [96/322] ABCC
[22:07:58] [97/322] RKCC
[22:07:59] [98/322] RTCR
[22:08:00] [99/322] GGBC
[22:08:01] [100/322] GCSD
[22:08:02] [101/322] LPTY
[22:08:03] [102/322] MCFD
[22:08:04] [103/322] HENN
[22:08:04] 🔄 Identity reset
[22:08:04] 🔄 Identity rotated (every 10 requests)
[22:08:05] 🔄 Retry 1/5 for HENN in 2.4s
[22:08:05] 🔄 Identity reset
[22:08:07] 🧠 New identity created
[22:08:07] [104/322] SMKU
[22:08:08] [105/322] TNZC
[22:08:09] [106/322] DRCD
[22:08:10] [107/322] DLCD
[22:08:11] [108/322] RCDA
[22:08:12] [109/322] COSM
[22:08:13] [110/322] MCMJ
[22:08:13] [111/322] CSTR
[22:08:15] [112/322] CVDK
[22:08:15] 🔄 Identity reset
[22:08:15] 🔄 Identity rotated (every 10 requests)
[22:08:16] [113/322] INRR
[22:08:17] [114/322] RJRT
[22:08:17] [115/322] IRMR
[22:08:18] [116/322] SRCF
[22:08:19] [117/322] GRCR
[22:08:20] [118/322] SURC
[22:08:21] [119/322] NMNH
[22:08:22] [120/322] SVBL
[22:08:23] [121/322] KACI
[22:08:24] [122/322] TDGO
[22:08:24] 🔄 Identity reset
[22:08:25] 🔄 Identity rotated (every 10 requests)
[22:08:25] [123/322] KTBR
[22:08:27] [124/322] PMAD
[22:08:28] [125/322] CCPN
[22:08:29] [126/322] SBTK
[22:08:30] [127/322] LMDK
[22:08:30] [128/322] PGDA
[22:08:31] [129/322] SRML
[22:08:32] [130/322] EVCK
[22:08:33] [131/322] RTTK
[22:08:34] [132/322] SRTU
[22:08:34] 🔄 Identity reset
[22:08:34] 🔄 Identity rotated (every 10 requests)
[22:08:35] [133/322] VRSA
[22:08:37] [134/322] VARS
[22:08:37] [135/322] DSCZ
[22:08:38] [136/322] GAGA
[22:08:39] [137/322] SARV
[22:08:40] [138/322] SEEG
[22:08:42] [139/322] GLCA
[22:08:43] [140/322] APAS
[22:08:44] [141/322] VCIA
[22:08:45] [142/322] SJTA
[22:08:46] 🔄 Identity reset
[22:08:46] 🔄 Identity rotated (every 10 requests)
[22:08:46] [143/322] SABM
[22:08:47] [144/322] PPAG
[22:08:48] [145/322] RVCA
[22:08:49] [146/322] CCIA
[22:08:50] [147/322] HTAG
[22:08:50] [148/322] SMBI
[22:08:51] [149/322] MCJR
[22:08:53] [150/322] CCJR
[22:08:54] [151/322] SINF
[22:08:55] [152/322] CPLX
[22:08:56] 🔄 Identity reset
[22:08:56] 🔄 Identity rotated (every 10 requests)
[22:08:56] [153/322] KKTJ
[22:08:57] [154/322] GDBW
[22:08:58] [155/322] CSUB
[22:08:59] [156/322] DABA
[22:09:00] [157/322] TITR
[22:09:01] [158/322] NYCR
[22:09:02] [159/322] RTRY
[22:09:03] [160/322] JTJL
[22:09:04] [161/322] SJCP
[22:09:04] [162/322] KCCA
[22:09:05] 🔄 Identity reset
[22:09:05] 🔄 Identity rotated (every 10 requests)
[22:09:05] [163/322] MLPG
[22:09:06] [164/322] VRCK
[22:09:07] [165/322] SRIN
[22:09:08] [166/322] CXMK
[22:09:09] [167/322] SKAD
[22:09:10] [168/322] AVTR
[22:09:11] [169/322] PTAJ
[22:09:12] [170/322] SCNK
[22:09:13] [171/322] STTI
[22:09:14] [172/322] KACR
[22:09:15] 🔄 Identity reset
[22:09:15] 🔄 Identity rotated (every 10 requests)
[22:09:15] [173/322] SSDX
[22:09:17] [174/322] VRTJ
[22:09:18] [175/322] RAJD
[22:09:18] [176/322] SCIP
[22:09:19] [177/322] RJSL
[22:09:20] [178/322] ARRS
[22:09:21] [179/322] ASMS
[22:09:22] [180/322] RDTS
[22:09:23] [181/322] DVMY
[22:09:24] [182/322] RASA
[22:09:24] 🔄 Identity reset
[22:09:24] 🔄 Identity rotated (every 10 requests)
[22:09:24] 🔄 Retry 1/5 for RASA in 3.0s
[22:09:24] 🔄 Identity reset
[22:09:27] 🧠 New identity created
[22:09:27] 🔄 Retry 2/5 for RASA in 4.1s
[22:09:27] 🔄 Identity reset
[22:09:31] 🧠 New identity created
[22:09:32] 🔄 Retry 3/5 for RASA in 8.3s
[22:09:32] 🔄 Identity reset
[22:09:40] 🧠 New identity created
[22:09:40] 🔄 Retry 4/5 for RASA in 16.9s
[22:09:40] 🔄 Identity reset
[22:09:57] 🧠 New identity created
[22:09:57] [183/322] INOM
[22:09:59] [184/322] SPRS
[22:10:00] [185/322] SGCS
[22:10:01] [186/322] SALM
[22:10:02] [187/322] PKHC
[22:10:03] [188/322] RCSV
[22:10:04] 🔄 Identity reset
[22:10:04] 🔄 Identity rotated (every 10 requests)
[22:10:04] 🔄 Retry 1/5 for RCSV in 2.9s
[22:10:04] 🔄 Identity reset
[22:10:07] 🧠 New identity created
[22:10:07] 🔄 Retry 2/5 for RCSV in 4.3s
[22:10:07] 🔄 Identity reset
[22:10:11] 🧠 New identity created
[22:10:11] 🔄 Retry 3/5 for RCSV in 8.3s
[22:10:11] 🔄 Identity reset
[22:10:19] 🧠 New identity created
[22:10:20] 🔄 Retry 4/5 for RCSV in 16.2s
[22:10:20] 🔄 Identity reset
[22:10:36] 🧠 New identity created
[22:10:36] [189/322] CPKC
[22:10:38] [190/322] AACD
[22:10:39] [191/322] GGCV
[22:10:40] [192/322] SMKD
[22:10:41] [193/322] NBCH
[22:10:42] [194/322] AMCB
[22:10:42] 🔄 Identity reset
[22:10:42] 🔄 Identity rotated (every 10 requests)
[22:10:42] 🔄 Retry 1/5 for AMCB in 2.2s
[22:10:42] 🔄 Identity reset
[22:10:44] 🧠 New identity created
[22:10:45] 🔄 Retry 2/5 for AMCB in 4.2s
[22:10:45] 🔄 Identity reset
[22:10:49] 🧠 New identity created
[22:10:49] [195/322] OPCN
[22:10:50] [196/322] DCIN
[22:10:51] [197/322] INGW
[22:10:51] [198/322] PKKW
[22:10:52] [199/322] FNGW
[22:10:53] [200/322] GCGD
[22:10:54] [201/322] MSTW
[22:10:55] [202/322] KCCG
[22:10:56] 🔄 Identity reset
[22:10:56] 🔄 Identity rotated (every 10 requests)
[22:10:56] 🔄 Retry 1/5 for KCCG in 2.6s
[22:10:56] 🔄 Identity reset
[22:10:58] 🧠 New identity created
[22:10:59] [203/322] MRSS
[22:11:00] [204/322] CLCF
[22:11:01] [205/322] EETS
[22:11:03] [206/322] AATR
[22:11:04] [207/322] CMMN
[22:11:05] [208/322] SCCJ
[22:11:07] [209/322] CDTK
[22:11:08] [210/322] AICP
[22:11:08] [211/322] FNBP
[22:11:09] 🔄 Identity reset
[22:11:09] 🔄 Identity rotated (every 10 requests)
[22:11:10] [212/322] CBPB
[22:11:11] [213/322] CPAS
[22:11:12] [214/322] MAPM
[22:11:13] [215/322] PASD
[22:11:14] [216/322] JCMN
[22:11:16] [217/322] MALB
[22:11:17] [218/322] SACG
[22:11:19] [219/322] DDRX
[22:11:20] [220/322] DDXB
[22:11:21] [221/322] RAMC
[22:11:22] 🔄 Identity reset
[22:11:22] 🔄 Identity rotated (every 10 requests)
[22:11:22] [222/322] SANC
[22:11:23] [223/322] BCBP
[22:11:24] [224/322] ALPC
[22:11:25] [225/322] RBAC
[22:11:27] [226/322] RAJL
[22:11:27] [227/322] MPDX
[22:11:28] [228/322] MUSC
[22:11:29] [229/322] VKMK
[22:11:30] [230/322] SKCG
[22:11:31] [231/322] ANCN
[22:11:32] 🔄 Identity reset
[22:11:32] 🔄 Identity rotated (every 10 requests)
[22:11:32] [232/322] MMCJ
[22:11:33] [233/322] DCAK
[22:11:34] [234/322] SCKG
[22:11:35] [235/322] LMCK
[22:11:36] [236/322] CKKX
[22:11:37] [237/322] ANKU
[22:11:38] [238/322] CSMD
[22:11:38] [239/322] MKMP
[22:11:39] [240/322] SVBG
[22:11:40] [241/322] ROOP
[22:11:41] 🔄 Identity reset
[22:11:41] 🔄 Identity rotated (every 10 requests)
[22:11:41] [242/322] GDMT
[22:11:42] [243/322] FPPF
[22:11:43] [244/322] SFUU
[22:11:44] [245/322] ANCB
[22:11:45] [246/322] SMMC
[22:11:46] [247/322] UGKT
[22:11:47] [248/322] JVRM
[22:11:48] [249/322] BATG
[22:11:49] [250/322] RATE
[22:11:50] [251/322] SKME
[22:11:51] 🔄 Identity reset
[22:11:51] 🔄 Identity rotated (every 10 requests)
[22:11:51] [252/322] LMTP
[22:11:52] [253/322] TCBD
[22:11:53] [254/322] ESBD
[22:11:54] [255/322] GDCU
[22:11:55] [256/322] SNKT
[22:11:56] [257/322] SRNK
[22:11:57] [258/322] SMED
[22:11:58] [259/322] CSQS
[22:11:59] [260/322] ALCS
[22:12:00] [261/322] KCKN
[22:12:00] 🔄 Identity reset
[22:12:00] 🔄 Identity rotated (every 10 requests)
[22:12:01] [262/322] VCCL
[22:12:02] [263/322] MCDA
[22:12:03] [264/322] SHMI
[22:12:04] [265/322] SKHA
[22:12:05] [266/322] SVFK
[22:12:06] [267/322] INVB
[22:12:07] [268/322] MELD
[22:12:08] [269/322] JTYS
[22:12:09] [270/322] INCM
[22:12:10] [271/322] MCDV
[22:12:10] 🔄 Identity reset
[22:12:10] 🔄 Identity rotated (every 10 requests)
[22:12:11] [272/322] KSGK
[22:12:12] [273/322] ICMG
[22:12:13] [274/322] CSCV
[22:12:14] [275/322] STMD
[22:12:15] [276/322] STTR
[22:12:16] [277/322] INVC
[22:12:16] [278/322] JTBL
[22:12:17] [279/322] SRVV
[22:12:18] [280/322] MAVC
[22:12:19] [281/322] SRPP
[22:12:20] 🔄 Identity reset
[22:12:20] 🔄 Identity rotated (every 10 requests)
[22:12:20] [282/322] JGDM
[22:12:21] [283/322] MBSJ
[22:12:22] [284/322] SSLL
[22:12:23] [285/322] SLKP
[22:12:24] [286/322] NSRV
[22:12:25] [287/322] UTDV
[22:12:25] [288/322] KICM
[22:12:26] [289/322] KCMD
[22:12:27] [290/322] TTPP
[22:12:28] [291/322] KMPV
[22:12:29] 🔄 Identity reset
[22:12:29] 🔄 Identity rotated (every 10 requests)
[22:12:30] [292/322] SKTV
[22:12:31] [293/322] STCV
[22:12:32] [294/322] SRDA
[22:12:33] [295/322] JTSX
[22:12:34] [296/322] STBV
[22:12:35] [297/322] APVZ
[22:12:36] [298/322] GSTV
[22:12:37] [299/322] NMVS
[22:12:38] [300/322] SKRT
[22:12:38] [301/322] RMDV
[22:12:39] 🔄 Identity reset
[22:12:39] 🔄 Identity rotated (every 10 requests)
[22:12:40] [302/322] RATG
[22:12:41] [303/322] SJYV
[22:12:42] [304/322] NDGP
[22:12:43] [305/322] SNDG
[22:12:44] [306/322] INSR
[22:12:45] [307/322] INSO
[22:12:46] [308/322] CCSI
[22:12:47] [309/322] RASM
[22:12:48] [310/322] NEWC
[22:12:49] [311/322] VSHL
[22:12:50] 🔄 Identity reset
[22:12:50] 🔄 Identity rotated (every 10 requests)
[22:12:50] [312/322] BISW
[22:12:51] [313/322] GCNG
[22:12:52] [314/322] CWSC
[22:12:53] [315/322] SKAN
[22:12:55] [316/322] CCOA
[22:12:55] [317/322] MCAJ
[22:12:56] [318/322] ACDE
[22:12:57] [319/322] AACM
[22:12:58] [320/322] JJCK
[22:12:59] [321/322] RCMO
[22:12:59] 🔄 Identity reset
[22:12:59] 🔄 Identity rotated (every 10 requests)
[22:13:00] [322/322] GDAW
[22:13:01] 🧹 Deduping shows
[22:13:01] ✅ DONE | Shows=39 | Movies=6
[18:28:39] 🚀 SCRIPT STARTED (enhanced anti‑detection)
[18:28:39] [1/322] CDCA
[18:28:39] 🧠 New identity created
[18:28:39] 🔄 Retry 1/5 for CDCA in 2.1s
[18:28:39] 🔄 Identity reset
[18:28:41] 🧠 New identity created
[18:28:42] [2/322] VBCZ
[18:28:43] [3/322] MSDR
[18:28:44] [4/322] ACPV
[18:28:45] [5/322] PVHB
[18:28:46] [6/322] RCNH
[18:28:47] [7/322] IOMH
[18:28:48] [8/322] ILKS
[18:28:49] [9/322] AMSN
[18:28:50] 🔄 Identity reset
[18:28:50] 🔄 Identity rotated (every 10 requests)
[18:28:50] [10/322] ANTP
[18:28:51] [11/322] SSEK
[18:28:52] [12/322] PICP
[18:28:53] [13/322] SICO
[18:28:54] [14/322] SISP
[18:28:56] [15/322] SCPI
[18:28:58] [16/322] CRPR
[18:28:59] [17/322] DCTW
[18:28:59] [18/322] DCSP
[18:29:00] [19/322] KRPM
[18:29:01] 🔄 Identity reset
[18:29:01] 🔄 Identity rotated (every 10 requests)
[18:29:01] [20/322] THKK
[18:29:02] [21/322] SNMY
[18:29:03] [22/322] AKCC
[18:29:04] [23/322] PCAT
[18:29:05] [24/322] RFGO
[18:29:06] [25/322] GGCS
[18:29:07] [26/322] ACKR
[18:29:08] [27/322] STDO
[18:29:09] [28/322] ACKB
[18:29:10] [29/322] ALUC
[18:29:11] 🔄 Identity reset
[18:29:11] 🔄 Identity rotated (every 10 requests)
[18:29:11] 🔄 Retry 1/5 for ALUC in 2.7s
[18:29:11] 🔄 Identity reset
[18:29:13] 🧠 New identity created
[18:29:15] [30/322] MNSR
[18:29:16] [31/322] CSSL
[18:29:17] [32/322] BGGM
[18:29:18] [33/322] MANT
[18:29:19] [34/322] SOOY
[18:29:19] [35/322] VPPK
[18:29:21] [36/322] MYHJ
[18:29:22] [37/322] KSCK
[18:29:23] [38/322] KATK
[18:29:24] 🔄 Identity reset
[18:29:24] 🔄 Identity rotated (every 10 requests)
[18:29:24] [39/322] RTRT
[18:29:25] [40/322] SSTT
[18:29:26] [41/322] SSTV
[18:29:27] [42/322] LACM
[18:29:29] [43/322] SGMG
[18:29:30] [44/322] KACX
[18:29:31] [45/322] GVCP
[18:29:32] [46/322] CSNC
[18:29:33] [47/322] SXCB
[18:29:34] [48/322] BAHS
[18:29:35] 🔄 Identity reset
[18:29:35] 🔄 Identity rotated (every 10 requests)
[18:29:35] [49/322] PCBI
[18:29:36] [50/322] PSSM
[18:29:37] [51/322] RCOK
[18:29:38] [52/322] SCPF
[18:29:39] [53/322] SSAS
[18:29:40] [54/322] EVMM
[18:29:41] [55/322] SYCB
[18:29:42] [56/322] GCKI
[18:29:43] [57/322] IAET
[18:29:44] [58/322] DDTD
[18:29:45] 🔄 Identity reset
[18:29:45] 🔄 Identity rotated (every 10 requests)
[18:29:45] [59/322] GMDH
[18:29:46] [60/322] STLE
[18:29:47] [61/322] JTRA
[18:29:48] [62/322] RPPA
[18:29:49] [63/322] ARUT
[18:29:50] [64/322] JTVM
[18:29:51] [65/322] SWRH
[18:29:51] [66/322] DCPC
[18:29:52] [67/322] RAPR
[18:29:53] [68/322] GCRT
[18:29:54] 🔄 Identity reset
[18:29:54] 🔄 Identity rotated (every 10 requests)
[18:29:54] [69/322] ATUN
[18:29:55] [70/322] LTRM
[18:29:56] [71/322] TASR
[18:29:57] [72/322] RLLC
[18:29:58] [73/322] MABI
[18:29:59] [74/322] SVHB
[18:30:01] [75/322] NVTB
[18:30:02] [76/322] KCKG
[18:30:03] [77/322] SSRN
[18:30:03] [78/322] VDDC
[18:30:04] 🔄 Identity reset
[18:30:04] 🔄 Identity rotated (every 10 requests)
[18:30:04] 🔄 Retry 1/5 for VDDC in 2.0s
[18:30:04] 🔄 Identity reset
[18:30:06] 🧠 New identity created
[18:30:07] [79/322] GKTK
[18:30:08] [80/322] YFSN
[18:30:09] [81/322] GCSG
[18:30:10] [82/322] ESSM
[18:30:12] [83/322] KRIH
[18:30:13] [84/322] GCDS
[18:30:14] [85/322] CCSH
[18:30:15] [86/322] ACSK
[18:30:16] [87/322] APRK
[18:30:16] 🔄 Identity reset
[18:30:16] 🔄 Identity rotated (every 10 requests)
[18:30:17] [88/322] ADKM
[18:30:18] [89/322] SRDM
[18:30:19] [90/322] SJMY
[18:30:20] [91/322] PGGC
[18:30:21] [92/322] INGM
[18:30:22] [93/322] LSCB
[18:30:23] [94/322] STAD
[18:30:24] [95/322] MCCR
[18:30:25] [96/322] ABCC
[18:30:26] [97/322] RKCC
[18:30:27] 🔄 Identity reset
[18:30:27] 🔄 Identity rotated (every 10 requests)
[18:30:27] 🔄 Retry 1/5 for RKCC in 2.9s
[18:30:27] 🔄 Identity reset
[18:30:30] 🧠 New identity created
[18:30:30] [98/322] RTCR
[18:30:31] [99/322] GGBC
[18:30:32] [100/322] GCSD
[18:30:33] [101/322] LPTY
[18:30:34] [102/322] MCFD
[18:30:35] [103/322] HENN
[18:30:35] [104/322] SMKU
[18:30:36] [105/322] TNZC
[18:30:37] [106/322] DRCD
[18:30:38] 🔄 Identity reset
[18:30:38] 🔄 Identity rotated (every 10 requests)
[18:30:38] 🔄 Retry 1/5 for DRCD in 2.1s
[18:30:38] 🔄 Identity reset
[18:30:40] 🧠 New identity created
[18:30:41] [107/322] DLCD
[18:30:42] [108/322] RCDA
[18:30:42] [109/322] COSM
[18:30:43] [110/322] MCMJ
[18:30:44] [111/322] CSTR
[18:30:45] [112/322] CVDK
[18:30:46] [113/322] INRR
[18:30:47] [114/322] RJRT
[18:30:48] [115/322] IRMR
[18:30:48] 🔄 Identity reset
[18:30:48] 🔄 Identity rotated (every 10 requests)
[18:30:48] 🔄 Retry 1/5 for IRMR in 2.3s
[18:30:48] 🔄 Identity reset
[18:30:51] 🧠 New identity created
[18:30:51] 🔄 Retry 2/5 for IRMR in 4.5s
[18:30:51] 🔄 Identity reset
[18:30:56] 🧠 New identity created
[18:30:56] 🔄 Retry 3/5 for IRMR in 8.8s
[18:30:56] 🔄 Identity reset
[18:31:04] 🧠 New identity created
[18:31:05] [116/322] SRCF
[18:31:06] [117/322] GRCR
[18:31:07] [118/322] SURC
[18:31:08] [119/322] NMNH
[18:31:09] [120/322] SVBL
[18:31:10] [121/322] KACI
[18:31:11] [122/322] TDGO
[18:31:12] 🔄 Identity reset
[18:31:12] 🔄 Identity rotated (every 10 requests)
[18:31:13] [123/322] KTBR
[18:31:14] [124/322] PMAD
[18:31:15] [125/322] CCPN
[18:31:17] [126/322] SBTK
[18:31:18] [127/322] LMDK
[18:31:19] [128/322] PGDA
[18:31:20] [129/322] SRML
[18:31:21] [130/322] EVCK
[18:31:22] [131/322] RTTK
[18:31:23] [132/322] SRTU
[18:31:23] 🔄 Identity reset
[18:31:23] 🔄 Identity rotated (every 10 requests)
[18:31:24] [133/322] VRSA
[18:31:25] [134/322] VARS
[18:31:26] [135/322] DSCZ
[18:31:27] [136/322] GAGA
[18:31:28] [137/322] SARV
[18:31:29] [138/322] SEEG
[18:31:30] [139/322] GLCA
[18:31:31] [140/322] APAS
[18:31:32] [141/322] VCIA
[18:31:33] [142/322] SJTA
[18:31:34] 🔄 Identity reset
[18:31:34] 🔄 Identity rotated (every 10 requests)
[18:31:34] [143/322] SABM
[18:31:35] [144/322] PPAG
[18:31:36] [145/322] RVCA
[18:31:37] [146/322] CCIA
[18:31:38] [147/322] HTAG
[18:31:39] [148/322] SMBI
[18:31:40] [149/322] MCJR
[18:31:41] [150/322] CCJR
[18:31:42] [151/322] SINF
[18:31:43] [152/322] CPLX
[18:31:43] 🔄 Identity reset
[18:31:43] 🔄 Identity rotated (every 10 requests)
[18:31:44] [153/322] KKTJ
[18:31:45] [154/322] GDBW
[18:31:46] [155/322] CSUB
[18:31:47] [156/322] DABA
[18:31:48] [157/322] TITR
[18:31:49] [158/322] NYCR
[18:31:50] [159/322] RTRY
[18:31:51] [160/322] JTJL
[18:31:52] [161/322] SJCP
[18:31:53] [162/322] KCCA
[18:31:54] 🔄 Identity reset
[18:31:54] 🔄 Identity rotated (every 10 requests)
[18:31:54] [163/322] MLPG
[18:31:55] [164/322] VRCK
[18:31:56] [165/322] SRIN
[18:31:57] [166/322] CXMK
[18:31:58] [167/322] SKAD
[18:31:59] [168/322] AVTR
[18:32:00] [169/322] PTAJ
[18:32:01] [170/322] SCNK
[18:32:02] [171/322] STTI
[18:32:03] [172/322] KACR
[18:32:03] 🔄 Identity reset
[18:32:03] 🔄 Identity rotated (every 10 requests)
[18:32:04] [173/322] SSDX
[18:32:05] [174/322] VRTJ
[18:32:06] [175/322] RAJD
[18:32:07] [176/322] SCIP
[18:32:08] [177/322] RJSL
[18:32:09] [178/322] ARRS
[18:32:10] [179/322] ASMS
[18:32:11] [180/322] RDTS
[18:32:12] [181/322] DVMY
[18:32:13] [182/322] RASA
[18:32:13] 🔄 Identity reset
[18:32:13] 🔄 Identity rotated (every 10 requests)
[18:32:14] [183/322] INOM
[18:32:15] [184/322] SPRS
[18:32:16] [185/322] SGCS
[18:32:17] [186/322] SALM
[18:32:17] [187/322] PKHC
[18:32:18] [188/322] RCSV
[18:32:19] [189/322] CPKC
[18:32:20] [190/322] AACD
[18:32:22] [191/322] GGCV
[18:32:23] [192/322] SMKD
[18:32:24] 🔄 Identity reset
[18:32:24] 🔄 Identity rotated (every 10 requests)
[18:32:24] [193/322] NBCH
[18:32:26] [194/322] AMCB
[18:32:28] [195/322] OPCN
[18:32:29] [196/322] DCIN
[18:32:30] [197/322] INGW
[18:32:31] [198/322] PKKW
[18:32:32] [199/322] FNGW
[18:32:32] [200/322] GCGD
[18:32:33] [201/322] MSTW
[18:32:34] [202/322] KCCG
[18:32:35] 🔄 Identity reset
[18:32:35] 🔄 Identity rotated (every 10 requests)
[18:32:36] [203/322] MRSS
[18:32:37] [204/322] CLCF
[18:32:38] [205/322] EETS
[18:32:39] [206/322] AATR
[18:32:41] [207/322] CMMN
[18:32:42] [208/322] SCCJ
[18:32:43] [209/322] CDTK
[18:32:44] [210/322] AICP
[18:32:45] [211/322] FNBP
[18:32:46] [212/322] CBPB
[18:32:47] 🔄 Identity reset
[18:32:47] 🔄 Identity rotated (every 10 requests)
[18:32:47] 🔄 Retry 1/5 for CBPB in 2.2s
[18:32:47] 🔄 Identity reset
[18:32:49] 🧠 New identity created
[18:32:49] 🔄 Retry 2/5 for CBPB in 4.9s
[18:32:49] 🔄 Identity reset
[18:32:54] 🧠 New identity created
[18:32:54] [213/322] CPAS
[18:32:55] [214/322] MAPM
[18:32:56] [215/322] PASD
[18:32:57] [216/322] JCMN
[18:32:58] [217/322] MALB
[18:32:59] [218/322] SACG
[18:33:00] [219/322] DDRX
[18:33:01] [220/322] DDXB
[18:33:02] 🔄 Identity reset
[18:33:02] 🔄 Identity rotated (every 10 requests)
[18:33:02] 🔄 Retry 1/5 for DDXB in 2.0s
[18:33:02] 🔄 Identity reset
[18:33:04] 🧠 New identity created
[18:33:05] [221/322] RAMC
[18:33:06] [222/322] SANC
[18:33:07] [223/322] BCBP
[18:33:08] [224/322] ALPC
[18:33:09] [225/322] RBAC
[18:33:10] [226/322] RAJL
[18:33:11] [227/322] MPDX
[18:33:12] [228/322] MUSC
[18:33:13] [229/322] VKMK
[18:33:14] 🔄 Identity reset
[18:33:14] 🔄 Identity rotated (every 10 requests)
[18:33:14] [230/322] SKCG
[18:33:16] [231/322] ANCN
[18:33:17] [232/322] MMCJ
[18:33:18] [233/322] DCAK
[18:33:19] [234/322] SCKG
[18:33:20] [235/322] LMCK
[18:33:21] [236/322] CKKX
[18:33:22] [237/322] ANKU
[18:33:23] [238/322] CSMD
[18:33:24] [239/322] MKMP
[18:33:24] 🔄 Identity reset
[18:33:24] 🔄 Identity rotated (every 10 requests)
[18:33:25] [240/322] SVBG
[18:33:26] [241/322] ROOP
[18:33:27] [242/322] GDMT
[18:33:27] [243/322] FPPF
[18:33:28] [244/322] SFUU
[18:33:29] [245/322] ANCB
[18:33:30] [246/322] SMMC
[18:33:31] [247/322] UGKT
[18:33:32] [248/322] JVRM
[18:33:33] [249/322] BATG
[18:33:34] 🔄 Identity reset
[18:33:34] 🔄 Identity rotated (every 10 requests)
[18:33:34] [250/322] RATE
[18:33:36] [251/322] SKME
[18:33:37] [252/322] LMTP
[18:33:38] [253/322] TCBD
[18:33:40] [254/322] ESBD
[18:33:41] [255/322] GDCU
[18:33:42] [256/322] SNKT
[18:33:42] [257/322] SRNK
[18:33:43] [258/322] SMED
[18:33:44] [259/322] CSQS
[18:33:45] 🔄 Identity reset
[18:33:45] 🔄 Identity rotated (every 10 requests)
[18:33:46] [260/322] ALCS
[18:33:47] [261/322] KCKN
[18:33:48] [262/322] VCCL
[18:33:50] [263/322] MCDA
[18:33:51] [264/322] SHMI
[18:33:52] [265/322] SKHA
[18:33:53] [266/322] SVFK
[18:33:53] [267/322] INVB
[18:33:54] [268/322] MELD
[18:33:55] [269/322] JTYS
[18:33:56] 🔄 Identity reset
[18:33:56] 🔄 Identity rotated (every 10 requests)
[18:33:56] [270/322] INCM
[18:33:57] [271/322] MCDV
[18:33:58] [272/322] KSGK
[18:33:59] [273/322] ICMG
[18:34:00] [274/322] CSCV
[18:34:01] [275/322] STMD
[18:34:02] [276/322] STTR
[18:34:03] [277/322] INVC
[18:34:04] [278/322] JTBL
[18:34:05] [279/322] SRVV
[18:34:06] 🔄 Identity reset
[18:34:06] 🔄 Identity rotated (every 10 requests)
[18:34:07] [280/322] MAVC
[18:34:08] [281/322] SRPP
[18:34:08] [282/322] JGDM
[18:34:09] [283/322] MBSJ
[18:34:11] [284/322] SSLL
[18:34:12] [285/322] SLKP
[18:34:14] [286/322] NSRV
[18:34:15] [287/322] UTDV
[18:34:16] [288/322] KICM
[18:34:17] [289/322] KCMD
[18:34:18] 🔄 Identity reset
[18:34:18] 🔄 Identity rotated (every 10 requests)
[18:34:18] [290/322] TTPP
[18:34:19] [291/322] KMPV
[18:34:20] [292/322] SKTV
[18:34:21] [293/322] STCV
[18:34:22] [294/322] SRDA
[18:34:23] [295/322] JTSX
[18:34:24] [296/322] STBV
[18:34:25] [297/322] APVZ
[18:34:27] [298/322] GSTV
[18:34:27] [299/322] NMVS
[18:34:28] 🔄 Identity reset
[18:34:28] 🔄 Identity rotated (every 10 requests)
[18:34:29] [300/322] SKRT
[18:34:30] [301/322] RMDV
[18:34:31] [302/322] RATG
[18:34:32] [303/322] SJYV
[18:34:33] [304/322] NDGP
[18:34:34] [305/322] SNDG
[18:34:35] [306/322] INSR
[18:34:36] [307/322] INSO
[18:34:37] [308/322] CCSI
[18:34:38] [309/322] RASM
[18:34:39] 🔄 Identity reset
[18:34:39] 🔄 Identity rotated (every 10 requests)
[18:34:39] [310/322] NEWC
[18:34:41] [311/322] VSHL
[18:34:42] [312/322] BISW
[18:34:43] [313/322] GCNG
[18:34:43] [314/322] CWSC
[18:34:44] [315/322] SKAN
[18:34:45] [316/322] CCOA
[18:34:46] [317/322] MCAJ
[18:34:47] [318/322] ACDE
[18:34:48] [319/322] AACM
[18:34:48] 🔄 Identity reset
[18:34:48] 🔄 Identity rotated (every 10 requests)
[18:34:49] [320/322] JJCK
[18:34:50] [321/322] RCMO
[18:34:51] [322/322] GDAW
[18:34:52] 🧹 Deduping shows
[18:34:52] ✅ DONE | Shows=157 | Movies=9
[03:02:07] 🚀 SCRIPT STARTED (enhanced anti‑detection)
[03:02:07] [1/322] CDCA
[03:02:07] 🧠 New identity created
[03:02:08] [2/322] VBCZ
[03:02:09] [3/322] MSDR
[03:02:10] [4/322] ACPV
[03:02:11] [5/322] PVHB
[03:02:12] [6/322] RCNH
[03:02:13] [7/322] IOMH
[03:02:13] [8/322] ILKS
[03:02:14] [9/322] AMSN
[03:02:15] [10/322] ANTP
[03:02:16] 🔄 Identity reset
[03:02:16] 🔄 Identity rotated (every 10 requests)
[03:02:16] [11/322] SSEK
[03:02:17] [12/322] PICP
[03:02:18] [13/322] SICO
[03:02:19] [14/322] SISP
[03:02:19] [15/322] SCPI
[03:02:21] [16/322] CRPR
[03:02:22] [17/322] DCTW
[03:02:23] [18/322] DCSP
[03:02:24] [19/322] KRPM
[03:02:24] [20/322] THKK
[03:02:25] 🔄 Identity reset
[03:02:25] 🔄 Identity rotated (every 10 requests)
[03:02:25] [21/322] SNMY
[03:02:26] [22/322] AKCC
[03:02:27] [23/322] PCAT
[03:02:28] [24/322] RFGO
[03:02:29] [25/322] GGCS
[03:02:30] [26/322] ACKR
[03:02:31] [27/322] STDO
[03:02:32] [28/322] ACKB
[03:02:33] [29/322] ALUC
[03:02:34] [30/322] MNSR
[03:02:34] 🔄 Identity reset
[03:02:34] 🔄 Identity rotated (every 10 requests)
[03:02:34] 🔄 Retry 1/5 for MNSR in 2.5s
[03:02:34] 🔄 Identity reset
[03:02:37] 🧠 New identity created
[03:02:37] [31/322] CSSL
[03:02:38] [32/322] BGGM
[03:02:39] [33/322] MANT
[03:02:40] [34/322] SOOY
[03:02:40] [35/322] VPPK
[03:02:42] [36/322] MYHJ
[03:02:43] [37/322] KSCK
[03:02:44] [38/322] KATK
[03:02:45] [39/322] RTRT
[03:02:45] 🔄 Identity reset
[03:02:45] 🔄 Identity rotated (every 10 requests)
[03:02:45] 🔄 Retry 1/5 for RTRT in 2.5s
[03:02:45] 🔄 Identity reset
[03:02:48] 🧠 New identity created
[03:02:48] [40/322] SSTT
[03:02:50] [41/322] SSTV
[03:02:50] [42/322] LACM
[03:02:51] [43/322] SGMG
[03:02:52] [44/322] KACX
[03:02:53] [45/322] GVCP
[03:02:54] [46/322] CSNC
[03:02:55] [47/322] SXCB
[03:02:56] [48/322] BAHS
[03:02:57] 🔄 Identity reset
[03:02:57] 🔄 Identity rotated (every 10 requests)
[03:02:57] 🔄 Retry 1/5 for BAHS in 2.4s
[03:02:57] 🔄 Identity reset
[03:02:59] 🧠 New identity created
[03:03:00] [49/322] PCBI
[03:03:02] [50/322] PSSM
[03:03:03] [51/322] RCOK
[03:03:03] [52/322] SCPF
[03:03:04] [53/322] SSAS
[03:03:05] [54/322] EVMM
[03:03:06] [55/322] SYCB
[03:03:07] [56/322] GCKI
[03:03:08] [57/322] IAET
[03:03:09] 🔄 Identity reset
[03:03:09] 🔄 Identity rotated (every 10 requests)
[03:03:10] [58/322] DDTD
[03:03:11] [59/322] GMDH
[03:03:12] [60/322] STLE
[03:03:13] [61/322] JTRA
[03:03:14] [62/322] RPPA
[03:03:15] [63/322] ARUT
[03:03:16] [64/322] JTVM
[03:03:17] [65/322] SWRH
[03:03:18] [66/322] DCPC
[03:03:18] [67/322] RAPR
[03:03:19] 🔄 Identity reset
[03:03:19] 🔄 Identity rotated (every 10 requests)
[03:03:20] [68/322] GCRT
[03:03:21] [69/322] ATUN
[03:03:21] [70/322] LTRM
[03:03:22] [71/322] TASR
[03:03:23] [72/322] RLLC
[03:03:24] [73/322] MABI
[03:03:25] [74/322] SVHB
[03:03:26] [75/322] NVTB
[03:03:27] [76/322] KCKG
[03:03:28] [77/322] SSRN
[03:03:29] 🔄 Identity reset
[03:03:29] 🔄 Identity rotated (every 10 requests)
[03:03:29] [78/322] VDDC
[03:03:30] [79/322] GKTK
[03:03:31] [80/322] YFSN
[03:03:31] [81/322] GCSG
[03:03:32] [82/322] ESSM
[03:03:33] [83/322] KRIH
[03:03:34] [84/322] GCDS
[03:03:35] [85/322] CCSH
[03:03:35] [86/322] ACSK
[03:03:36] [87/322] APRK
[03:03:37] 🔄 Identity reset
[03:03:37] 🔄 Identity rotated (every 10 requests)
[03:03:37] [88/322] ADKM
[03:03:38] [89/322] SRDM
[03:03:39] [90/322] SJMY
[03:03:40] [91/322] PGGC
[03:03:41] [92/322] INGM
[03:03:42] [93/322] LSCB
[03:03:43] [94/322] STAD
[03:03:44] [95/322] MCCR
[03:03:44] [96/322] ABCC
[03:03:45] [97/322] RKCC
[03:03:46] 🔄 Identity reset
[03:03:46] 🔄 Identity rotated (every 10 requests)
[03:03:46] 🔄 Retry 1/5 for RKCC in 2.9s
[03:03:46] 🔄 Identity reset
[03:03:49] 🧠 New identity created
[03:03:49] 🔄 Retry 2/5 for RKCC in 4.1s
[03:03:49] 🔄 Identity reset
[03:03:53] 🧠 New identity created
[03:03:53] [98/322] RTCR
[03:03:54] [99/322] GGBC
[03:03:55] [100/322] GCSD
[03:03:56] [101/322] LPTY
[03:03:56] [102/322] MCFD
[03:03:57] [103/322] HENN
[03:03:58] [104/322] SMKU
[03:03:59] [105/322] TNZC
[03:03:59] 🔄 Identity reset
[03:04:00] 🔄 Identity rotated (every 10 requests)
[03:04:00] [106/322] DRCD
[03:04:01] [107/322] DLCD
[03:04:01] [108/322] RCDA
[03:04:02] [109/322] COSM
[03:04:03] [110/322] MCMJ
[03:04:04] [111/322] CSTR
[03:04:04] [112/322] CVDK
[03:04:05] [113/322] INRR
[03:04:06] [114/322] RJRT
[03:04:07] [115/322] IRMR
[03:04:07] 🔄 Identity reset
[03:04:07] 🔄 Identity rotated (every 10 requests)
[03:04:07] 🔄 Retry 1/5 for IRMR in 2.6s
[03:04:07] 🔄 Identity reset
[03:04:10] 🧠 New identity created
[03:04:10] 🔄 Retry 2/5 for IRMR in 4.6s
[03:04:10] 🔄 Identity reset
[03:04:15] 🧠 New identity created
[03:04:15] [116/322] SRCF
[03:04:16] [117/322] GRCR
[03:04:17] [118/322] SURC
[03:04:18] [119/322] NMNH
[03:04:18] [120/322] SVBL
[03:04:19] [121/322] KACI
[03:04:20] [122/322] TDGO
[03:04:21] [123/322] KTBR
[03:04:22] 🔄 Identity reset
[03:04:22] 🔄 Identity rotated (every 10 requests)
[03:04:22] [124/322] PMAD
[03:04:23] [125/322] CCPN
[03:04:24] [126/322] SBTK
[03:04:25] [127/322] LMDK
[03:04:25] [128/322] PGDA
[03:04:27] [129/322] SRML
[03:04:27] [130/322] EVCK
[03:04:28] [131/322] RTTK
[03:04:29] [132/322] SRTU
[03:04:30] [133/322] VRSA
[03:04:30] 🔄 Identity reset
[03:04:30] 🔄 Identity rotated (every 10 requests)
[03:04:31] [134/322] VARS
[03:04:32] [135/322] DSCZ
[03:04:32] [136/322] GAGA
[03:04:33] [137/322] SARV
[03:04:34] [138/322] SEEG
[03:04:35] [139/322] GLCA
[03:04:36] [140/322] APAS
[03:04:36] [141/322] VCIA
[03:04:37] [142/322] SJTA
[03:04:38] [143/322] SABM
[03:04:39] 🔄 Identity reset
[03:04:39] 🔄 Identity rotated (every 10 requests)
[03:04:39] [144/322] PPAG
[03:04:40] [145/322] RVCA
[03:04:41] [146/322] CCIA
[03:04:42] [147/322] HTAG
[03:04:43] [148/322] SMBI
[03:04:44] [149/322] MCJR
[03:04:45] [150/322] CCJR
[03:04:46] [151/322] SINF
[03:04:47] [152/322] CPLX
[03:04:48] [153/322] KKTJ
[03:04:49] 🔄 Identity reset
[03:04:49] 🔄 Identity rotated (every 10 requests)
[03:04:49] [154/322] GDBW
[03:04:50] [155/322] CSUB
[03:04:51] [156/322] DABA
[03:04:51] [157/322] TITR
[03:04:52] [158/322] NYCR
[03:04:53] [159/322] RTRY
[03:04:54] [160/322] JTJL
[03:04:55] [161/322] SJCP
[03:04:56] [162/322] KCCA
[03:04:57] [163/322] MLPG
[03:04:57] 🔄 Identity reset
[03:04:57] 🔄 Identity rotated (every 10 requests)
[03:04:57] [164/322] VRCK
[03:04:58] [165/322] SRIN
[03:04:59] [166/322] CXMK
[03:05:00] [167/322] SKAD
[03:05:01] [168/322] AVTR
[03:05:01] [169/322] PTAJ
[03:05:02] [170/322] SCNK
[03:05:03] [171/322] STTI
[03:05:04] [172/322] KACR
[03:05:05] [173/322] SSDX
[03:05:05] 🔄 Identity reset
[03:05:05] 🔄 Identity rotated (every 10 requests)
[03:05:06] [174/322] VRTJ
[03:05:07] [175/322] RAJD
[03:05:08] [176/322] SCIP
[03:05:08] [177/322] RJSL
[03:05:09] [178/322] ARRS
[03:05:10] [179/322] ASMS
[03:05:12] [180/322] RDTS
[03:05:13] [181/322] DVMY
[03:05:14] [182/322] RASA
[03:05:15] [183/322] INOM
[03:05:15] 🔄 Identity reset
[03:05:15] 🔄 Identity rotated (every 10 requests)
[03:05:16] [184/322] SPRS
[03:05:17] [185/322] SGCS
[03:05:17] [186/322] SALM
[03:05:18] [187/322] PKHC
[03:05:19] [188/322] RCSV
[03:05:21] [189/322] CPKC
[03:05:22] [190/322] AACD
[03:05:22] [191/322] GGCV
[03:05:23] [192/322] SMKD
[03:05:24] [193/322] NBCH
[03:05:24] 🔄 Identity reset
[03:05:24] 🔄 Identity rotated (every 10 requests)
[03:05:25] [194/322] AMCB
[03:05:26] [195/322] OPCN
[03:05:27] [196/322] DCIN
[03:05:28] [197/322] INGW
[03:05:29] [198/322] PKKW
[03:05:30] [199/322] FNGW
[03:05:31] [200/322] GCGD
[03:05:32] [201/322] MSTW
[03:05:33] [202/322] KCCG
[03:05:33] [203/322] MRSS
[03:05:34] 🔄 Identity reset
[03:05:34] 🔄 Identity rotated (every 10 requests)
[03:05:34] 🔄 Retry 1/5 for MRSS in 3.0s
[03:05:34] 🔄 Identity reset
[03:05:37] 🧠 New identity created
[03:05:37] 🔄 Retry 2/5 for MRSS in 4.3s
[03:05:37] 🔄 Identity reset
[03:05:41] 🧠 New identity created
[03:05:42] [204/322] CLCF
[03:05:43] [205/322] EETS
[03:05:44] [206/322] AATR
[03:05:45] [207/322] CMMN
[03:05:46] [208/322] SCCJ
[03:05:47] [209/322] CDTK
[03:05:48] [210/322] AICP
[03:05:48] [211/322] FNBP
[03:05:49] 🔄 Identity reset
[03:05:49] 🔄 Identity rotated (every 10 requests)
[03:05:49] [212/322] CBPB
[03:05:50] [213/322] CPAS
[03:05:51] [214/322] MAPM
[03:05:51] [215/322] PASD
[03:05:52] [216/322] JCMN
[03:05:53] [217/322] MALB
[03:05:54] [218/322] SACG
[03:05:55] [219/322] DDRX
[03:05:56] [220/322] DDXB
[03:05:57] [221/322] RAMC
[03:05:57] 🔄 Identity reset
[03:05:58] 🔄 Identity rotated (every 10 requests)
[03:05:58] 🔄 Retry 1/5 for RAMC in 2.4s
[03:05:58] 🔄 Identity reset
[03:06:00] 🧠 New identity created
[03:06:00] [222/322] SANC
[03:06:01] [223/322] BCBP
[03:06:02] [224/322] ALPC
[03:06:03] [225/322] RBAC
[03:06:04] [226/322] RAJL
[03:06:04] [227/322] MPDX
[03:06:06] [228/322] MUSC
[03:06:07] [229/322] VKMK
[03:06:07] [230/322] SKCG
[03:06:08] 🔄 Identity reset
[03:06:08] 🔄 Identity rotated (every 10 requests)
[03:06:08] 🔄 Retry 1/5 for SKCG in 2.2s
[03:06:08] 🔄 Identity reset
[03:06:10] 🧠 New identity created
[03:06:11] [231/322] ANCN
[03:06:12] [232/322] MMCJ
[03:06:12] [233/322] DCAK
[03:06:13] [234/322] SCKG
[03:06:15] [235/322] LMCK
[03:06:16] [236/322] CKKX
[03:06:16] [237/322] ANKU
[03:06:18] [238/322] CSMD
[03:06:18] [239/322] MKMP
[03:06:19] 🔄 Identity reset
[03:06:19] 🔄 Identity rotated (every 10 requests)
[03:06:19] [240/322] SVBG
[03:06:20] [241/322] ROOP
[03:06:21] [242/322] GDMT
[03:06:22] [243/322] FPPF
[03:06:23] [244/322] SFUU
[03:06:24] [245/322] ANCB
[03:06:25] [246/322] SMMC
[03:06:25] [247/322] UGKT
[03:06:26] [248/322] JVRM
[03:06:27] [249/322] BATG
[03:06:28] 🔄 Identity reset
[03:06:28] 🔄 Identity rotated (every 10 requests)
[03:06:28] [250/322] RATE
[03:06:29] [251/322] SKME
[03:06:30] [252/322] LMTP
[03:06:31] [253/322] TCBD
[03:06:31] [254/322] ESBD
[03:06:32] [255/322] GDCU
[03:06:33] [256/322] SNKT
[03:06:34] [257/322] SRNK
[03:06:34] [258/322] SMED
[03:06:35] [259/322] CSQS
[03:06:36] 🔄 Identity reset
[03:06:36] 🔄 Identity rotated (every 10 requests)
[03:06:36] [260/322] ALCS
[03:06:37] [261/322] KCKN
[03:06:38] [262/322] VCCL
[03:06:39] [263/322] MCDA
[03:06:39] [264/322] SHMI
[03:06:40] [265/322] SKHA
[03:06:41] [266/322] SVFK
[03:06:42] [267/322] INVB
[03:06:43] [268/322] MELD
[03:06:44] [269/322] JTYS
[03:06:44] 🔄 Identity reset
[03:06:45] 🔄 Identity rotated (every 10 requests)
[03:06:45] 🔄 Retry 1/5 for JTYS in 2.0s
[03:06:45] 🔄 Identity reset
[03:06:47] 🧠 New identity created
[03:06:47] [270/322] INCM
[03:06:48] [271/322] MCDV
[03:06:49] [272/322] KSGK
[03:06:50] [273/322] ICMG
[03:06:50] [274/322] CSCV
[03:06:51] [275/322] STMD
[03:06:53] [276/322] STTR
[03:06:53] [277/322] INVC
[03:06:54] [278/322] JTBL
[03:06:55] 🔄 Identity reset
[03:06:55] 🔄 Identity rotated (every 10 requests)
[03:06:55] 🔄 Retry 1/5 for JTBL in 2.4s
[03:06:55] 🔄 Identity reset
[03:06:57] 🧠 New identity created
[03:06:58] [279/322] SRVV
[03:06:58] [280/322] MAVC
[03:06:59] [281/322] SRPP
[03:07:00] [282/322] JGDM
[03:07:01] [283/322] MBSJ
[03:07:02] [284/322] SSLL
[03:07:03] [285/322] SLKP
[03:07:04] [286/322] NSRV
[03:07:05] [287/322] UTDV
[03:07:05] 🔄 Identity reset
[03:07:05] 🔄 Identity rotated (every 10 requests)
[03:07:06] [288/322] KICM
[03:07:06] [289/322] KCMD
[03:07:07] [290/322] TTPP
[03:07:08] [291/322] KMPV
[03:07:09] [292/322] SKTV
[03:07:09] [293/322] STCV
[03:07:10] [294/322] SRDA
[03:07:11] [295/322] JTSX
[03:07:12] [296/322] STBV
[03:07:12] [297/322] APVZ
[03:07:13] 🔄 Identity reset
[03:07:13] 🔄 Identity rotated (every 10 requests)
[03:07:13] [298/322] GSTV
[03:07:14] [299/322] NMVS
[03:07:15] [300/322] SKRT
[03:07:16] [301/322] RMDV
[03:07:17] [302/322] RATG
[03:07:17] [303/322] SJYV
[03:07:18] [304/322] NDGP
[03:07:19] [305/322] SNDG
[03:07:20] [306/322] INSR
[03:07:20] [307/322] INSO
[03:07:21] 🔄 Identity reset
[03:07:21] 🔄 Identity rotated (every 10 requests)
[03:07:21] 🔄 Retry 1/5 for INSO in 2.2s
[03:07:21] 🔄 Identity reset
[03:07:23] 🧠 New identity created
[03:07:24] [308/322] CCSI
[03:07:24] [309/322] RASM
[03:07:25] [310/322] NEWC
[03:07:26] [311/322] VSHL
[03:07:27] [312/322] BISW
[03:07:28] [313/322] GCNG
[03:07:29] [314/322] CWSC
[03:07:30] [315/322] SKAN
[03:07:31] [316/322] CCOA
[03:07:31] 🔄 Identity reset
[03:07:31] 🔄 Identity rotated (every 10 requests)
[03:07:32] [317/322] MCAJ
[03:07:32] [318/322] ACDE
[03:07:33] [319/322] AACM
[03:07:34] [320/322] JJCK
[03:07:35] [321/322] RCMO
[03:07:35] [322/322] GDAW
[03:07:36] 🧹 Deduping shows
[03:07:36] ✅ DONE | Shows=347 | Movies=28
[08:35:13] 🚀 SCRIPT STARTED (enhanced anti‑detection)
[08:35:13] [1/322] CDCA
[08:35:13] 🧠 New identity created
[08:35:14] [2/322] VBCZ
[08:35:14] [3/322] MSDR
[08:35:15] [4/322] ACPV
[08:35:16] [5/322] PVHB
[08:35:17] [6/322] RCNH
[08:35:18] [7/322] IOMH
[08:35:19] [8/322] ILKS
[08:35:20] [9/322] AMSN
[08:35:21] [10/322] ANTP
[08:35:22] 🔄 Identity reset
[08:35:22] 🔄 Identity rotated (every 10 requests)
[08:35:22] [11/322] SSEK
[08:35:23] [12/322] PICP
[08:35:24] [13/322] SICO
[08:35:25] [14/322] SISP
[08:35:25] [15/322] SCPI
[08:35:26] [16/322] CRPR
[08:35:28] [17/322] DCTW
[08:35:29] [18/322] DCSP
[08:35:30] [19/322] KRPM
[08:35:31] [20/322] THKK
[08:35:31] 🔄 Identity reset
[08:35:31] 🔄 Identity rotated (every 10 requests)
[08:35:32] [21/322] SNMY
[08:35:32] [22/322] AKCC
[08:35:33] [23/322] PCAT
[08:35:34] [24/322] RFGO
[08:35:35] [25/322] GGCS
[08:35:36] [26/322] ACKR
[08:35:36] [27/322] STDO
[08:35:37] [28/322] ACKB
[08:35:38] [29/322] ALUC
[08:35:39] [30/322] MNSR
[08:35:40] 🔄 Identity reset
[08:35:40] 🔄 Identity rotated (every 10 requests)
[08:35:40] [31/322] CSSL
[08:35:41] [32/322] BGGM
[08:35:42] [33/322] MANT
[08:35:42] [34/322] SOOY
[08:35:43] [35/322] VPPK
[08:35:45] [36/322] MYHJ
[08:35:45] [37/322] KSCK
[08:35:46] [38/322] KATK
[08:35:47] [39/322] RTRT
[08:35:47] [40/322] SSTT
[08:35:48] 🔄 Identity reset
[08:35:48] 🔄 Identity rotated (every 10 requests)
[08:35:48] 🔄 Retry 1/5 for SSTT in 2.4s
[08:35:48] 🔄 Identity reset
[08:35:51] 🧠 New identity created
[08:35:51] [41/322] SSTV
[08:35:52] [42/322] LACM
[08:35:52] [43/322] SGMG
[08:35:53] [44/322] KACX
[08:35:54] [45/322] GVCP
[08:35:54] [46/322] CSNC
[08:35:55] [47/322] SXCB
[08:35:56] [48/322] BAHS
[08:35:57] [49/322] PCBI
[08:35:57] 🔄 Identity reset
[08:35:57] 🔄 Identity rotated (every 10 requests)
[08:35:57] [50/322] PSSM
[08:35:58] [51/322] RCOK
[08:35:58] [52/322] SCPF
[08:35:59] [53/322] SSAS
[08:36:00] [54/322] EVMM
[08:36:00] [55/322] SYCB
[08:36:01] [56/322] GCKI
[08:36:02] [57/322] IAET
[08:36:02] [58/322] DDTD
[08:36:03] [59/322] GMDH
[08:36:04] 🔄 Identity reset
[08:36:04] 🔄 Identity rotated (every 10 requests)
[08:36:04] [60/322] STLE
[08:36:04] [61/322] JTRA
[08:36:05] [62/322] RPPA
[08:36:06] [63/322] ARUT
[08:36:06] [64/322] JTVM
[08:36:07] [65/322] SWRH
[08:36:08] [66/322] DCPC
[08:36:09] [67/322] RAPR
[08:36:09] [68/322] GCRT
[08:36:10] [69/322] ATUN
[08:36:11] 🔄 Identity reset
[08:36:11] 🔄 Identity rotated (every 10 requests)
[08:36:11] [70/322] LTRM
[08:36:12] [71/322] TASR
[08:36:13] [72/322] RLLC
[08:36:13] [73/322] MABI
[08:36:14] [74/322] SVHB
[08:36:14] [75/322] NVTB
[08:36:15] [76/322] KCKG
[08:36:16] [77/322] SSRN
[08:36:16] [78/322] VDDC
[08:36:17] [79/322] GKTK
[08:36:18] 🔄 Identity reset
[08:36:18] 🔄 Identity rotated (every 10 requests)
[08:36:18] [80/322] YFSN
[08:36:19] [81/322] GCSG
[08:36:19] [82/322] ESSM
[08:36:20] [83/322] KRIH
[08:36:20] [84/322] GCDS
[08:36:21] [85/322] CCSH
[08:36:23] [86/322] ACSK
[08:36:23] [87/322] APRK
[08:36:24] [88/322] ADKM
[08:36:25] [89/322] SRDM
[08:36:26] 🔄 Identity reset
[08:36:26] 🔄 Identity rotated (every 10 requests)
[08:36:26] [90/322] SJMY
[08:36:26] [91/322] PGGC
[08:36:27] [92/322] INGM
[08:36:28] [93/322] LSCB
[08:36:29] [94/322] STAD
[08:36:29] [95/322] MCCR
[08:36:30] [96/322] ABCC
[08:36:31] [97/322] RKCC
[08:36:31] [98/322] RTCR
[08:36:32] [99/322] GGBC
[08:36:32] 🔄 Identity reset
[08:36:32] 🔄 Identity rotated (every 10 requests)
[08:36:33] [100/322] GCSD
[08:36:33] [101/322] LPTY
[08:36:34] [102/322] MCFD
[08:36:35] [103/322] HENN
[08:36:36] [104/322] SMKU
[08:36:36] [105/322] TNZC
[08:36:37] [106/322] DRCD
[08:36:38] [107/322] DLCD
[08:36:39] [108/322] RCDA
[08:36:40] [109/322] COSM
[08:36:40] 🔄 Identity reset
[08:36:40] 🔄 Identity rotated (every 10 requests)
[08:36:41] [110/322] MCMJ
[08:36:41] [111/322] CSTR
[08:36:42] [112/322] CVDK
[08:36:43] [113/322] INRR
[08:36:44] [114/322] RJRT
[08:36:45] [115/322] IRMR
[08:36:45] [116/322] SRCF
[08:36:46] [117/322] GRCR
[08:36:47] [118/322] SURC
[08:36:47] [119/322] NMNH
[08:36:48] 🔄 Identity reset
[08:36:48] 🔄 Identity rotated (every 10 requests)
[08:36:48] 🔄 Retry 1/5 for NMNH in 2.6s
[08:36:48] 🔄 Identity reset
[08:36:51] 🧠 New identity created
[08:36:51] [120/322] SVBL
[08:36:52] [121/322] KACI
[08:36:52] [122/322] TDGO
[08:36:53] [123/322] KTBR
[08:36:53] [124/322] PMAD
[08:36:54] [125/322] CCPN
[08:36:55] [126/322] SBTK
[08:36:56] [127/322] LMDK
[08:36:57] [128/322] PGDA
[08:36:57] 🔄 Identity reset
[08:36:57] 🔄 Identity rotated (every 10 requests)
[08:36:57] [129/322] SRML
[08:36:58] [130/322] EVCK
[08:36:59] [131/322] RTTK
[08:37:00] [132/322] SRTU
[08:37:00] [133/322] VRSA
[08:37:01] [134/322] VARS
[08:37:02] [135/322] DSCZ
[08:37:03] [136/322] GAGA
[08:37:03] [137/322] SARV
[08:37:04] [138/322] SEEG
[08:37:05] 🔄 Identity reset
[08:37:05] 🔄 Identity rotated (every 10 requests)
[08:37:05] [139/322] GLCA
[08:37:06] [140/322] APAS
[08:37:07] [141/322] VCIA
[08:37:08] [142/322] SJTA
[08:37:08] [143/322] SABM
[08:37:09] [144/322] PPAG
[08:37:09] [145/322] RVCA
[08:37:10] [146/322] CCIA
[08:37:11] [147/322] HTAG
[08:37:12] [148/322] SMBI
[08:37:13] 🔄 Identity reset
[08:37:13] 🔄 Identity rotated (every 10 requests)
[08:37:13] [149/322] MCJR
[08:37:13] [150/322] CCJR
[08:37:14] [151/322] SINF
[08:37:15] [152/322] CPLX
[08:37:16] [153/322] KKTJ
[08:37:17] [154/322] GDBW
[08:37:18] [155/322] CSUB
[08:37:19] [156/322] DABA
[08:37:20] [157/322] TITR
[08:37:21] [158/322] NYCR
[08:37:21] 🔄 Identity reset
[08:37:21] 🔄 Identity rotated (every 10 requests)
[08:37:22] [159/322] RTRY
[08:37:22] [160/322] JTJL
[08:37:23] [161/322] SJCP
[08:37:24] [162/322] KCCA
[08:37:25] [163/322] MLPG
[08:37:25] [164/322] VRCK
[08:37:26] [165/322] SRIN
[08:37:27] [166/322] CXMK
[08:37:27] [167/322] SKAD
[08:37:28] [168/322] AVTR
[08:37:29] 🔄 Identity reset
[08:37:29] 🔄 Identity rotated (every 10 requests)
[08:37:29] [169/322] PTAJ
[08:37:31] [170/322] SCNK
[08:37:31] [171/322] STTI
[08:37:32] [172/322] KACR
[08:37:33] [173/322] SSDX
[08:37:34] [174/322] VRTJ
[08:37:34] [175/322] RAJD
[08:37:35] [176/322] SCIP
[08:37:36] [177/322] RJSL
[08:37:37] [178/322] ARRS
[08:37:37] 🔄 Identity reset
[08:37:37] 🔄 Identity rotated (every 10 requests)
[08:37:38] [179/322] ASMS
[08:37:39] [180/322] RDTS
[08:37:40] [181/322] DVMY
[08:37:41] [182/322] RASA
[08:37:41] [183/322] INOM
[08:37:42] [184/322] SPRS
[08:37:43] [185/322] SGCS
[08:37:44] [186/322] SALM
[08:37:44] [187/322] PKHC
[08:37:45] [188/322] RCSV
[08:37:45] 🔄 Identity reset
[08:37:45] 🔄 Identity rotated (every 10 requests)
[08:37:45] [189/322] CPKC
[08:37:46] [190/322] AACD
[08:37:47] [191/322] GGCV
[08:37:48] [192/322] SMKD
[08:37:49] [193/322] NBCH
[08:37:49] [194/322] AMCB
[08:37:50] [195/322] OPCN
[08:37:51] [196/322] DCIN
[08:37:52] [197/322] INGW
[08:37:53] [198/322] PKKW
[08:37:53] 🔄 Identity reset
[08:37:54] 🔄 Identity rotated (every 10 requests)
[08:37:54] [199/322] FNGW
[08:37:55] [200/322] GCGD
[08:37:55] [201/322] MSTW
[08:37:56] [202/322] KCCG
[08:37:57] [203/322] MRSS
[08:37:58] [204/322] CLCF
[08:37:59] [205/322] EETS
[08:38:00] [206/322] AATR
[08:38:01] [207/322] CMMN
[08:38:02] [208/322] SCCJ
[08:38:02] 🔄 Identity reset
[08:38:02] 🔄 Identity rotated (every 10 requests)
[08:38:02] [209/322] CDTK
[08:38:03] [210/322] AICP
[08:38:05] [211/322] FNBP
[08:38:06] [212/322] CBPB
[08:38:06] [213/322] CPAS
[08:38:07] [214/322] MAPM
[08:38:08] [215/322] PASD
[08:38:09] [216/322] JCMN
[08:38:10] [217/322] MALB
[08:38:11] [218/322] SACG
[08:38:11] 🔄 Identity reset
[08:38:12] 🔄 Identity rotated (every 10 requests)
[08:38:12] [219/322] DDRX
[08:38:12] [220/322] DDXB
[08:38:13] [221/322] RAMC
[08:38:14] [222/322] SANC
[08:38:14] [223/322] BCBP
[08:38:15] [224/322] ALPC
[08:38:16] [225/322] RBAC
[08:38:16] [226/322] RAJL
[08:38:17] [227/322] MPDX
[08:38:18] [228/322] MUSC
[08:38:19] 🔄 Identity reset
[08:38:19] 🔄 Identity rotated (every 10 requests)
[08:38:19] [229/322] VKMK
[08:38:20] [230/322] SKCG
[08:38:21] [231/322] ANCN
[08:38:21] [232/322] MMCJ
[08:38:22] [233/322] DCAK
[08:38:23] [234/322] SCKG
[08:38:24] [235/322] LMCK
[08:38:25] [236/322] CKKX
[08:38:25] [237/322] ANKU
[08:38:26] [238/322] CSMD
[08:38:27] 🔄 Identity reset
[08:38:27] 🔄 Identity rotated (every 10 requests)
[08:38:27] [239/322] MKMP
[08:38:28] [240/322] SVBG
[08:38:29] [241/322] ROOP
[08:38:29] [242/322] GDMT
[08:38:30] [243/322] FPPF
[08:38:32] [244/322] SFUU
[08:38:32] [245/322] ANCB
[08:38:33] [246/322] SMMC
[08:38:34] [247/322] UGKT
[08:38:34] [248/322] JVRM
[08:38:35] 🔄 Identity reset
[08:38:35] 🔄 Identity rotated (every 10 requests)
[08:38:36] [249/322] BATG
[08:38:37] [250/322] RATE
[08:38:38] [251/322] SKME
[08:38:38] [252/322] LMTP
[08:38:39] [253/322] TCBD
[08:38:40] [254/322] ESBD
[08:38:41] [255/322] GDCU
[08:38:42] [256/322] SNKT
[08:38:42] [257/322] SRNK
[08:38:43] [258/322] SMED
[08:38:44] 🔄 Identity reset
[08:38:44] 🔄 Identity rotated (every 10 requests)
[08:38:44] [259/322] CSQS
[08:38:45] [260/322] ALCS
[08:38:46] [261/322] KCKN
[08:38:47] [262/322] VCCL
[08:38:47] [263/322] MCDA
[08:38:48] [264/322] SHMI
[08:38:49] [265/322] SKHA
[08:38:50] [266/322] SVFK
[08:38:50] [267/322] INVB
[08:38:52] [268/322] MELD
[08:38:52] 🔄 Identity reset
[08:38:52] 🔄 Identity rotated (every 10 requests)
[08:38:53] [269/322] JTYS
[08:38:53] [270/322] INCM
[08:38:54] [271/322] MCDV
[08:38:55] [272/322] KSGK
[08:38:56] [273/322] ICMG
[08:38:57] [274/322] CSCV
[08:38:58] [275/322] STMD
[08:38:59] [276/322] STTR
[08:39:00] [277/322] INVC
[08:39:01] [278/322] JTBL
[08:39:01] 🔄 Identity reset
[08:39:01] 🔄 Identity rotated (every 10 requests)
[08:39:01] [279/322] SRVV
[08:39:02] [280/322] MAVC
[08:39:04] [281/322] SRPP
[08:39:04] [282/322] JGDM
[08:39:05] [283/322] MBSJ
[08:39:06] [284/322] SSLL
[08:39:06] [285/322] SLKP
[08:39:07] [286/322] NSRV
[08:39:08] [287/322] UTDV
[08:39:08] [288/322] KICM
[08:39:09] 🔄 Identity reset
[08:39:09] 🔄 Identity rotated (every 10 requests)
[08:39:09] [289/322] KCMD
[08:39:10] [290/322] TTPP
[08:39:10] [291/322] KMPV
[08:39:11] [292/322] SKTV
[08:39:12] [293/322] STCV
[08:39:13] [294/322] SRDA
[08:39:14] [295/322] JTSX
[08:39:15] [296/322] STBV
[08:39:15] [297/322] APVZ
[08:39:16] [298/322] GSTV
[08:39:17] 🔄 Identity reset
[08:39:17] 🔄 Identity rotated (every 10 requests)
[08:39:17] [299/322] NMVS
[08:39:18] [300/322] SKRT
[08:39:19] [301/322] RMDV
[08:39:20] [302/322] RATG
[08:39:21] [303/322] SJYV
[08:39:21] [304/322] NDGP
[08:39:22] [305/322] SNDG
[08:39:23] [306/322] INSR
[08:39:24] [307/322] INSO
[08:39:25] [308/322] CCSI
[08:39:25] 🔄 Identity reset
[08:39:25] 🔄 Identity rotated (every 10 requests)
[08:39:25] [309/322] RASM
[08:39:27] [310/322] NEWC
[08:39:28] [311/322] VSHL
[08:39:28] [312/322] BISW
[08:39:29] [313/322] GCNG
[08:39:30] [314/322] CWSC
[08:39:31] [315/322] SKAN
[08:39:32] [316/322] CCOA
[08:39:33] [317/322] MCAJ
[08:39:34] [318/322] ACDE
[08:39:34] 🔄 Identity reset
[08:39:34] 🔄 Identity rotated (every 10 requests)
[08:39:35] [319/322] AACM
[08:39:36] [320/322] JJCK
[08:39:37] [321/322] RCMO
[08:39:38] [322/322] GDAW
[08:39:39] 🧹 Deduping shows
[08:39:39] ✅ DONE | Shows=351 | Movies=28
