[10:12:26] 🚀 SCRIPT STARTED (enhanced anti‑detection)
[10:12:26] [1/326] BSAT
[10:12:26] 🧠 New identity created
[10:12:27] [2/326] RSSM
[10:12:28] [3/326] GCTA
[10:12:29] [4/326] TOPN
[10:12:29] [5/326] MCUS
[10:12:30] [6/326] SHRL
[10:12:31] [7/326] UPTP
[10:12:32] [8/326] TMMP
[10:12:33] [9/326] DNRP
[10:12:34] [10/326] SRLT
[10:12:35] 🔄 Identity reset
[10:12:35] 🔄 Identity rotated (every 10 requests)
[10:12:35] [11/326] RCNS
[10:12:36] [12/326] DCBH
[10:12:37] [13/326] NAGJ
[10:12:38] [14/326] JVRC
[10:12:38] [15/326] KRJG
[10:12:40] [16/326] SRTJ
[10:12:41] [17/326] CMXM
[10:12:42] [18/326] STMI
[10:12:43] [19/326] SLST
[10:12:44] [20/326] DTCN
[10:12:44] 🔄 Identity reset
[10:12:44] 🔄 Identity rotated (every 10 requests)
[10:12:45] [21/326] STYN
[10:12:45] [22/326] SZVR
[10:12:46] [23/326] SRKO
[10:12:47] [24/326] JTGT
[10:12:49] [25/326] SVFD
[10:12:50] [26/326] SISD
[10:12:50] [27/326] ABDD
[10:12:51] [28/326] DRCA
[10:12:52] [29/326] AVCS
[10:12:53] [30/326] MVKH
[10:12:54] 🔄 Identity reset
[10:12:54] 🔄 Identity rotated (every 10 requests)
[10:12:54] [31/326] ACPR
[10:12:55] [32/326] STIP
[10:12:56] [33/326] MTRA
[10:12:57] [34/326] RMKH
[10:12:57] [35/326] NKRL
[10:12:58] [36/326] PCWN
[10:12:59] [37/326] BLMT
[10:13:01] [38/326] GDPG
[10:13:02] [39/326] SRMX
[10:13:03] [40/326] JACP
[10:13:04] 🔄 Identity reset
[10:13:04] 🔄 Identity rotated (every 10 requests)
[10:13:04] [41/326] CPSH
[10:13:05] [42/326] MCCD
[10:13:06] [43/326] ECGH
[10:13:07] [44/326] MKCK
[10:13:07] [45/326] SRMM
[10:13:08] [46/326] SKYR
[10:13:09] [47/326] PCKC
[10:13:10] [48/326] JCMA
[10:13:11] [49/326] BSMP
[10:13:11] [50/326] VSPA
[10:13:12] 🔄 Identity reset
[10:13:12] 🔄 Identity rotated (every 10 requests)
[10:13:13] [51/326] DJYA
[10:13:14] [52/326] DIMP
[10:13:15] [53/326] FXDR
[10:13:16] [54/326] SSRC
[10:13:17] [55/326] STHP
[10:13:18] [56/326] CPPD
[10:13:19] [57/326] FCLK
[10:13:20] [58/326] SCPP
[10:13:21] [59/326] DCMJ
[10:13:22] [60/326] RCCR
[10:13:22] 🔄 Identity reset
[10:13:22] 🔄 Identity rotated (every 10 requests)
[10:13:22] [61/326] INMT
[10:13:23] [62/326] LXTK
[10:13:24] [63/326] SRYK
[10:13:25] [64/326] SGDK
[10:13:27] [65/326] PPKA
[10:13:27] [66/326] SPKA
[10:13:28] [67/326] CGHH
[10:13:29] [68/326] DCJN
[10:13:30] [69/326] SRKV
[10:13:32] [70/326] SAJC
[10:13:32] 🔄 Identity reset
[10:13:32] 🔄 Identity rotated (every 10 requests)
[10:13:32] [71/326] SUSR
[10:13:33] [72/326] STYG
[10:13:34] [73/326] NTKP
[10:13:35] [74/326] AKTG
[10:13:36] [75/326] CGCM
[10:13:36] [76/326] TULC
[10:13:38] [77/326] NYYZ
[10:13:39] [78/326] NYBW
[10:13:40] [79/326] MACB
[10:13:41] [80/326] SLVT
[10:13:41] 🔄 Identity reset
[10:13:41] 🔄 Identity rotated (every 10 requests)
[10:13:42] [81/326] SANA
[10:13:43] [82/326] ACMR
[10:13:44] [83/326] CPKN
[10:13:45] [84/326] DLGK
[10:13:46] [85/326] CWCK
[10:13:47] [86/326] FDDH
[10:13:48] [87/326] MMMD
[10:13:49] [88/326] CMEH
[10:13:49] [89/326] GGGV
[10:13:50] [90/326] SPJL
[10:13:51] 🔄 Identity reset
[10:13:51] 🔄 Identity rotated (every 10 requests)
[10:13:51] [91/326] RCCD
[10:13:52] [92/326] STTZ
[10:13:53] [93/326] BTCF
[10:13:54] [94/326] TSTZ
[10:13:55] [95/326] IPMM
[10:13:56] [96/326] PMPW
[10:13:56] [97/326] PCMZ
[10:13:57] [98/326] ESEM
[10:13:59] [99/326] PIPO
[10:14:00] [100/326] MATK
[10:14:01] 🔄 Identity reset
[10:14:01] 🔄 Identity rotated (every 10 requests)
[10:14:01] [101/326] PGHM
[10:14:02] [102/326] CTSR
[10:14:03] [103/326] CYKR
[10:14:03] [104/326] MSCM
[10:14:04] [105/326] RFNP
[10:14:05] [106/326] PDCP
[10:14:06] [107/326] NPSE
[10:14:07] [108/326] MKML
[10:14:08] [109/326] FTDP
[10:14:09] [110/326] MMXA
[10:14:09] 🔄 Identity reset
[10:14:09] 🔄 Identity rotated (every 10 requests)
[10:14:10] [111/326] CEPO
[10:14:10] [112/326] CMVP
[10:14:12] [113/326] SGTH
[10:14:13] [114/326] SAYN
[10:14:14] [115/326] URVS
[10:14:15] [116/326] VJTN
[10:14:16] [117/326] BBYK
[10:14:17] [118/326] SHBO
[10:14:18] [119/326] VCMR
[10:14:19] [120/326] MACT
[10:14:20] 🔄 Identity reset
[10:14:20] 🔄 Identity rotated (every 10 requests)
[10:14:20] [121/326] JMNP
[10:14:21] [122/326] VICS
[10:14:22] [123/326] VCDA
[10:14:23] [124/326] GCMM
[10:14:24] [125/326] INVS
[10:14:25] [126/326] SCGM
[10:14:26] [127/326] PCDA
[10:14:26] [128/326] KDCT
[10:14:27] [129/326] JACS
[10:14:28] [130/326] GMMC
[10:14:28] 🔄 Identity reset
[10:14:28] 🔄 Identity rotated (every 10 requests)
[10:14:29] [131/326] AICM
[10:14:29] [132/326] TJCM
[10:14:30] [133/326] RMTI
[10:14:31] [134/326] SHAC
[10:14:32] [135/326] APJC
[10:14:33] [136/326] GCTG
[10:14:34] [137/326] SSMC
[10:14:35] [138/326] THRM
[10:14:35] [139/326] RBCT
[10:14:36] [140/326] DIKT
[10:14:37] 🔄 Identity reset
[10:14:37] 🔄 Identity rotated (every 10 requests)
[10:14:37] [141/326] MIDL
[10:14:38] [142/326] VCSN
[10:14:39] [143/326] SKTG
[10:14:40] [144/326] SMWC
[10:14:40] [145/326] MNKH
[10:14:42] [146/326] PIAT
[10:14:43] [147/326] LTTP
[10:14:44] [148/326] PTPU
[10:14:44] [149/326] ACMG
[10:14:45] [150/326] SHMM
[10:14:46] 🔄 Identity reset
[10:14:46] 🔄 Identity rotated (every 10 requests)
[10:14:46] 🔄 Retry 1/5 for SHMM in 2.2s
[10:14:46] 🔄 Identity reset
[10:14:48] 🧠 New identity created
[10:14:48] [151/326] MCMN
[10:14:49] [152/326] GLDC
[10:14:50] [153/326] HOUT
[10:14:51] [154/326] SVRP
[10:14:52] [155/326] PVDN
[10:14:53] [156/326] SCPY
[10:14:54] [157/326] DTPY
[10:14:55] [158/326] GKCS
[10:14:55] [159/326] NCAM
[10:14:56] 🔄 Identity reset
[10:14:56] 🔄 Identity rotated (every 10 requests)
[10:14:56] [160/326] BSRM
[10:14:57] [161/326] RCLC
[10:14:58] [162/326] SKKD
[10:14:59] [163/326] ACHU
[10:15:00] [164/326] RSCF
[10:15:01] [165/326] IMSH
[10:15:02] [166/326] MACX
[10:15:03] [167/326] HMMW
[10:15:03] [168/326] JTCP
[10:15:04] [169/326] SREN
[10:15:05] 🔄 Identity reset
[10:15:05] 🔄 Identity rotated (every 10 requests)
[10:15:05] [170/326] PJRR
[10:15:06] [171/326] INAC
[10:15:07] [172/326] BMCA
[10:15:07] [173/326] SHCB
[10:15:08] [174/326] GABA
[10:15:09] [175/326] SBCT
[10:15:10] [176/326] GCMA
[10:15:11] [177/326] MYTK
[10:15:12] [178/326] INZS
[10:15:13] [179/326] RMIK
[10:15:14] 🔄 Identity reset
[10:15:14] 🔄 Identity rotated (every 10 requests)
[10:15:14] [180/326] NYCH
[10:15:15] [181/326] RAVE
[10:15:15] [182/326] PSXM
[10:15:16] [183/326] MCGP
[10:15:17] [184/326] PDDK
[10:15:18] [185/326] SPCK
[10:15:19] [186/326] MCRL
[10:15:19] [187/326] MHKT
[10:15:20] [188/326] ANRR
[10:15:21] [189/326] SAPK
[10:15:21] 🔄 Identity reset
[10:15:21] 🔄 Identity rotated (every 10 requests)
[10:15:22] [190/326] NCUK
[10:15:23] [191/326] JUGA
[10:15:23] [192/326] DBSC
[10:15:24] [193/326] LALK
[10:15:25] [194/326] GUCK
[10:15:26] [195/326] STSG
[10:15:27] [196/326] PPPZ
[10:15:28] [197/326] CNCY
[10:15:29] [198/326] MTAR
[10:15:30] [199/326] VNKD
[10:15:31] 🔄 Identity reset
[10:15:31] 🔄 Identity rotated (every 10 requests)
[10:15:32] [200/326] KMAJ
[10:15:32] [201/326] ACXK
[10:15:33] [202/326] UTKC
[10:15:34] [203/326] PBLK
[10:15:35] [204/326] ACBX
[10:15:36] [205/326] PTGM
[10:15:37] [206/326] BTDA
[10:15:38] [207/326] PJMB
[10:15:39] [208/326] TPDA
[10:15:40] [209/326] AMOE
[10:15:41] 🔄 Identity reset
[10:15:41] 🔄 Identity rotated (every 10 requests)
[10:15:41] 🔄 Retry 1/5 for AMOE in 2.8s
[10:15:41] 🔄 Identity reset
[10:15:44] 🧠 New identity created
[10:15:44] [210/326] PRHT
[10:15:45] [211/326] PRTA
[10:15:46] [212/326] STAM
[10:15:47] [213/326] MSAA
[10:15:48] [214/326] SDLU
[10:15:49] [215/326] RCHH
[10:15:51] [216/326] KANT
[10:15:51] [217/326] FCRT
[10:15:52] [218/326] DNKM
[10:15:53] 🔄 Identity reset
[10:15:53] 🔄 Identity rotated (every 10 requests)
[10:15:53] [219/326] RYCP
[10:15:55] [220/326] MYRP
[10:15:56] [221/326] PPAK
[10:15:57] [222/326] NVPK
[10:15:58] [223/326] PRMC
[10:15:59] [224/326] JBCS
[10:16:00] [225/326] GXCK
[10:16:00] [226/326] USKO
[10:16:01] [227/326] GTEM
[10:16:02] [228/326] SMBU
[10:16:03] 🔄 Identity reset
[10:16:03] 🔄 Identity rotated (every 10 requests)
[10:16:04] [229/326] VETC
[10:16:04] [230/326] LCDA
[10:16:05] [231/326] MTVT
[10:16:06] [232/326] PYCP
[10:16:07] [233/326] PNSC
[10:16:08] [234/326] PPCC
[10:16:09] [235/326] TGRT
[10:16:10] [236/326] JYOT
[10:16:12] [237/326] SRCZ
[10:16:13] [238/326] SJTE
[10:16:13] 🔄 Identity reset
[10:16:13] 🔄 Identity rotated (every 10 requests)
[10:16:13] [239/326] DESC
[10:16:14] [240/326] JHVN
[10:16:15] [241/326] IPSG
[10:16:16] [242/326] IPCM
[10:16:17] [243/326] PDRS
[10:16:18] [244/326] ANCV
[10:16:19] [245/326] CMVV
[10:16:20] [246/326] SHYP
[10:16:21] [247/326] DNCS
[10:16:23] [248/326] GAJK
[10:16:23] 🔄 Identity reset
[10:16:23] 🔄 Identity rotated (every 10 requests)
[10:16:24] [249/326] AKTN
[10:16:25] [250/326] KAYA
[10:16:26] [251/326] SBRC
[10:16:27] [252/326] CHTP
[10:16:28] [253/326] SHRT
[10:16:29] [254/326] BCKU
[10:16:30] [255/326] FCPS
[10:16:30] [256/326] ARDD
[10:16:31] [257/326] CPCM
[10:16:32] [258/326] CGSM
[10:16:32] 🔄 Identity reset
[10:16:32] 🔄 Identity rotated (every 10 requests)
[10:16:33] [259/326] PSMP
[10:16:34] [260/326] SDAL
[10:16:34] [261/326] RTNB
[10:16:35] [262/326] LMCR
[10:16:36] [263/326] CIMA
[10:16:37] [264/326] RNAS
[10:16:38] [265/326] LITH
[10:16:39] [266/326] PBOX
[10:16:40] [267/326] FRTS
[10:16:40] [268/326] RKIC
[10:16:41] 🔄 Identity reset
[10:16:41] 🔄 Identity rotated (every 10 requests)
[10:16:41] [269/326] PTAI
[10:16:42] [270/326] GCIC
[10:16:43] [271/326] FNAS
[10:16:44] [272/326] SCAR
[10:16:45] [273/326] MTCA
[10:16:46] [274/326] SCTS
[10:16:46] [275/326] SYCS
[10:16:47] [276/326] RDMS
[10:16:48] [277/326] KAMP
[10:16:49] [278/326] ERSD
[10:16:49] 🔄 Identity reset
[10:16:49] 🔄 Identity rotated (every 10 requests)
[10:16:50] [279/326] MJMJ
[10:16:50] [280/326] SRCJ
[10:16:51] [281/326] SCXE
[10:16:52] [282/326] SVFR
[10:16:53] [283/326] BHCS
[10:16:54] [284/326] IMCC
[10:16:55] [285/326] PCBO
[10:16:56] [286/326] PRVN
[10:16:57] [287/326] AUPM
[10:16:58] [288/326] INBW
[10:16:58] 🔄 Identity reset
[10:16:58] 🔄 Identity rotated (every 10 requests)
[10:16:59] [289/326] SVCW
[10:17:00] [290/326] RKCF
[10:17:02] [291/326] UVBH
[10:17:03] [292/326] DNCY
[10:17:03] [293/326] ABCN
[10:17:04] [294/326] PRUR
[10:17:05] [295/326] PFMR
[10:17:07] [296/326] RKCN
[10:17:07] [297/326] CFEA
[10:17:08] [298/326] SDBG
[10:17:09] 🔄 Identity reset
[10:17:09] 🔄 Identity rotated (every 10 requests)
[10:17:09] [299/326] SNAR
[10:17:10] [300/326] YISI
[10:17:11] [301/326] JCFF
[10:17:12] [302/326] VTRK
[10:17:12] [303/326] PCLZ
[10:17:13] [304/326] DIMY
[10:17:14] [305/326] BBTS
[10:17:15] [306/326] GATH
[10:17:16] [307/326] GTMN
[10:17:17] [308/326] VTMH
[10:17:18] 🔄 Identity reset
[10:17:18] 🔄 Identity rotated (every 10 requests)
[10:17:18] [309/326] CCKP
[10:17:20] [310/326] GPKA
[10:17:21] [311/326] MHCL
[10:17:22] [312/326] ATCL
[10:17:23] [313/326] SBCK
[10:17:24] [314/326] AMMR
[10:17:25] [315/326] MADC
[10:17:26] [316/326] TMMA
[10:17:27] [317/326] CACC
[10:17:27] [318/326] CHAL
[10:17:28] 🔄 Identity reset
[10:17:28] 🔄 Identity rotated (every 10 requests)
[10:17:28] 🔄 Retry 1/5 for CHAL in 2.8s
[10:17:28] 🔄 Identity reset
[10:17:31] 🧠 New identity created
[10:17:31] [319/326] DURG
[10:17:32] [320/326] GMKU
[10:17:33] [321/326] GECA
[10:17:34] [322/326] KYRR
[10:17:35] [323/326] KSDE
[10:17:36] [324/326] LMCI
[10:17:37] [325/326] NKCP
[10:17:38] [326/326] BGTC
[10:17:38] 🧹 Deduping shows
[10:17:38] ✅ DONE | Shows=6 | Movies=2
[04:57:16] 🚀 SCRIPT STARTED (enhanced anti‑detection)
[04:57:16] [1/326] BSAT
[04:57:16] 🧠 New identity created
[04:57:16] 🔄 Retry 1/5 for BSAT in 2.6s
[04:57:16] 🔄 Identity reset
[04:57:19] 🧠 New identity created
[04:57:19] 🔄 Retry 2/5 for BSAT in 4.8s
[04:57:19] 🔄 Identity reset
[04:57:24] 🧠 New identity created
[04:57:24] [2/326] RSSM
[04:57:25] [3/326] GCTA
[04:57:27] [4/326] TOPN
[04:57:28] [5/326] MCUS
[04:57:29] [6/326] SHRL
[04:57:29] [7/326] UPTP
[04:57:30] [8/326] TMMP
[04:57:31] 🔄 Identity reset
[04:57:31] 🔄 Identity rotated (every 10 requests)
[04:57:32] [9/326] DNRP
[04:57:32] [10/326] SRLT
[04:57:33] [11/326] RCNS
[04:57:34] [12/326] DCBH
[04:57:35] [13/326] NAGJ
[04:57:36] [14/326] JVRC
[04:57:37] [15/326] KRJG
[04:57:38] [16/326] SRTJ
[04:57:38] [17/326] CMXM
[04:57:39] [18/326] STMI
[04:57:40] 🔄 Identity reset
[04:57:40] 🔄 Identity rotated (every 10 requests)
[04:57:40] [19/326] SLST
[04:57:41] [20/326] DTCN
[04:57:42] [21/326] STYN
[04:57:43] [22/326] SZVR
[04:57:44] [23/326] SRKO
[04:57:45] [24/326] JTGT
[04:57:45] [25/326] SVFD
[04:57:46] [26/326] SISD
[04:57:47] [27/326] ABDD
[04:57:48] [28/326] DRCA
[04:57:48] 🔄 Identity reset
[04:57:48] 🔄 Identity rotated (every 10 requests)
[04:57:49] [29/326] AVCS
[04:57:49] [30/326] MVKH
[04:57:50] [31/326] ACPR
[04:57:51] [32/326] STIP
[04:57:52] [33/326] MTRA
[04:57:53] [34/326] RMKH
[04:57:54] [35/326] NKRL
[04:57:54] [36/326] PCWN
[04:57:55] [37/326] BLMT
[04:57:56] [38/326] GDPG
[04:57:56] 🔄 Identity reset
[04:57:56] 🔄 Identity rotated (every 10 requests)
[04:57:57] [39/326] SRMX
[04:57:58] [40/326] JACP
[04:57:58] [41/326] CPSH
[04:57:59] [42/326] MCCD
[04:58:00] [43/326] ECGH
[04:58:01] [44/326] MKCK
[04:58:02] [45/326] SRMM
[04:58:03] [46/326] SKYR
[04:58:04] [47/326] PCKC
[04:58:05] [48/326] JCMA
[04:58:06] 🔄 Identity reset
[04:58:06] 🔄 Identity rotated (every 10 requests)
[04:58:06] [49/326] BSMP
[04:58:07] [50/326] VSPA
[04:58:08] [51/326] DJYA
[04:58:09] [52/326] DIMP
[04:58:10] [53/326] FXDR
[04:58:10] [54/326] SSRC
[04:58:11] [55/326] STHP
[04:58:13] [56/326] CPPD
[04:58:14] [57/326] FCLK
[04:58:15] [58/326] SCPP
[04:58:16] 🔄 Identity reset
[04:58:16] 🔄 Identity rotated (every 10 requests)
[04:58:16] [59/326] DCMJ
[04:58:17] [60/326] RCCR
[04:58:18] [61/326] INMT
[04:58:19] [62/326] LXTK
[04:58:19] [63/326] SRYK
[04:58:20] [64/326] SGDK
[04:58:21] [65/326] PPKA
[04:58:22] [66/326] SPKA
[04:58:23] [67/326] CGHH
[04:58:24] [68/326] DCJN
[04:58:24] 🔄 Identity reset
[04:58:24] 🔄 Identity rotated (every 10 requests)
[04:58:24] 🔄 Retry 1/5 for DCJN in 2.6s
[04:58:24] 🔄 Identity reset
[04:58:27] 🧠 New identity created
[04:58:27] 🔄 Retry 2/5 for DCJN in 4.5s
[04:58:27] 🔄 Identity reset
[04:58:32] 🧠 New identity created
[04:58:33] [69/326] SRKV
[04:58:34] [70/326] SAJC
[04:58:35] [71/326] SUSR
[04:58:36] [72/326] STYG
[04:58:37] [73/326] NTKP
[04:58:38] [74/326] AKTG
[04:58:39] [75/326] CGCM
[04:58:39] [76/326] TULC
[04:58:40] 🔄 Identity reset
[04:58:40] 🔄 Identity rotated (every 10 requests)
[04:58:40] 🔄 Retry 1/5 for TULC in 2.8s
[04:58:40] 🔄 Identity reset
[04:58:43] 🧠 New identity created
[04:58:43] 🔄 Retry 2/5 for TULC in 4.6s
[04:58:43] 🔄 Identity reset
[04:58:48] 🧠 New identity created
[04:58:48] [77/326] NYYZ
[04:58:49] [78/326] NYBW
[04:58:50] [79/326] MACB
[04:58:51] [80/326] SLVT
[04:58:52] [81/326] SANA
[04:58:53] [82/326] ACMR
[04:58:54] [83/326] CPKN
[04:58:55] [84/326] DLGK
[04:58:56] 🔄 Identity reset
[04:58:56] 🔄 Identity rotated (every 10 requests)
[04:58:56] [85/326] CWCK
[04:58:57] [86/326] FDDH
[04:58:58] [87/326] MMMD
[04:58:58] [88/326] CMEH
[04:58:59] [89/326] GGGV
[04:59:00] [90/326] SPJL
[04:59:01] [91/326] RCCD
[04:59:02] [92/326] STTZ
[04:59:03] [93/326] BTCF
[04:59:03] [94/326] TSTZ
[04:59:04] 🔄 Identity reset
[04:59:04] 🔄 Identity rotated (every 10 requests)
[04:59:04] [95/326] IPMM
[04:59:05] [96/326] PMPW
[04:59:06] [97/326] PCMZ
[04:59:07] [98/326] ESEM
[04:59:08] [99/326] PIPO
[04:59:08] [100/326] MATK
[04:59:09] [101/326] PGHM
[04:59:11] [102/326] CTSR
[04:59:12] [103/326] CYKR
[04:59:12] [104/326] MSCM
[04:59:13] 🔄 Identity reset
[04:59:13] 🔄 Identity rotated (every 10 requests)
[04:59:13] [105/326] RFNP
[04:59:14] [106/326] PDCP
[04:59:15] [107/326] NPSE
[04:59:16] [108/326] MKML
[04:59:17] [109/326] FTDP
[04:59:18] [110/326] MMXA
[04:59:19] [111/326] CEPO
[04:59:20] [112/326] CMVP
[04:59:21] [113/326] SGTH
[04:59:21] [114/326] SAYN
[04:59:22] 🔄 Identity reset
[04:59:22] 🔄 Identity rotated (every 10 requests)
[04:59:22] 🔄 Retry 1/5 for SAYN in 2.6s
[04:59:22] 🔄 Identity reset
[04:59:24] 🧠 New identity created
[04:59:25] [115/326] URVS
[04:59:26] [116/326] VJTN
[04:59:27] [117/326] BBYK
[04:59:28] [118/326] SHBO
[04:59:29] [119/326] VCMR
[04:59:30] [120/326] MACT
[04:59:31] [121/326] JMNP
[04:59:32] [122/326] VICS
[04:59:32] [123/326] VCDA
[04:59:33] 🔄 Identity reset
[04:59:33] 🔄 Identity rotated (every 10 requests)
[04:59:33] 🔄 Retry 1/5 for VCDA in 2.5s
[04:59:33] 🔄 Identity reset
[04:59:36] 🧠 New identity created
[04:59:36] 🔄 Retry 2/5 for VCDA in 4.3s
[04:59:36] 🔄 Identity reset
[04:59:40] 🧠 New identity created
[04:59:40] 🔄 Retry 3/5 for VCDA in 8.8s
[04:59:40] 🔄 Identity reset
[04:59:49] 🧠 New identity created
[04:59:49] [124/326] GCMM
[04:59:50] [125/326] INVS
[04:59:52] [126/326] SCGM
[04:59:53] [127/326] PCDA
[04:59:53] [128/326] KDCT
[04:59:54] [129/326] JACS
[04:59:55] [130/326] GMMC
[04:59:56] 🔄 Identity reset
[04:59:56] 🔄 Identity rotated (every 10 requests)
[04:59:56] 🔄 Retry 1/5 for GMMC in 2.7s
[04:59:56] 🔄 Identity reset
[04:59:59] 🧠 New identity created
[04:59:59] [131/326] AICM
[05:00:00] [132/326] TJCM
[05:00:01] [133/326] RMTI
[05:00:02] [134/326] SHAC
[05:00:02] [135/326] APJC
[05:00:03] [136/326] GCTG
[05:00:05] [137/326] SSMC
[05:00:06] [138/326] THRM
[05:00:07] [139/326] RBCT
[05:00:07] 🔄 Identity reset
[05:00:07] 🔄 Identity rotated (every 10 requests)
[05:00:07] [140/326] DIKT
[05:00:08] [141/326] MIDL
[05:00:09] [142/326] VCSN
[05:00:10] [143/326] SKTG
[05:00:11] [144/326] SMWC
[05:00:12] [145/326] MNKH
[05:00:13] [146/326] PIAT
[05:00:14] [147/326] LTTP
[05:00:15] [148/326] PTPU
[05:00:17] [149/326] ACMG
[05:00:17] 🔄 Identity reset
[05:00:17] 🔄 Identity rotated (every 10 requests)
[05:00:18] [150/326] SHMM
[05:00:18] [151/326] MCMN
[05:00:19] [152/326] GLDC
[05:00:20] [153/326] HOUT
[05:00:21] [154/326] SVRP
[05:00:22] [155/326] PVDN
[05:00:23] [156/326] SCPY
[05:00:24] [157/326] DTPY
[05:00:25] [158/326] GKCS
[05:00:26] [159/326] NCAM
[05:00:26] 🔄 Identity reset
[05:00:26] 🔄 Identity rotated (every 10 requests)
[05:00:26] 🔄 Retry 1/5 for NCAM in 2.3s
[05:00:26] 🔄 Identity reset
[05:00:29] 🧠 New identity created
[05:00:29] [160/326] BSRM
[05:00:30] [161/326] RCLC
[05:00:31] [162/326] SKKD
[05:00:32] [163/326] ACHU
[05:00:33] [164/326] RSCF
[05:00:33] [165/326] IMSH
[05:00:34] [166/326] MACX
[05:00:35] [167/326] HMMW
[05:00:36] [168/326] JTCP
[05:00:36] 🔄 Identity reset
[05:00:37] 🔄 Identity rotated (every 10 requests)
[05:00:37] 🔄 Retry 1/5 for JTCP in 2.2s
[05:00:37] 🔄 Identity reset
[05:00:39] 🧠 New identity created
[05:00:39] [169/326] SREN
[05:00:40] [170/326] PJRR
[05:00:41] [171/326] INAC
[05:00:42] [172/326] BMCA
[05:00:43] [173/326] SHCB
[05:00:43] [174/326] GABA
[05:00:44] [175/326] SBCT
[05:00:45] [176/326] GCMA
[05:00:46] [177/326] MYTK
[05:00:47] 🔄 Identity reset
[05:00:47] 🔄 Identity rotated (every 10 requests)
[05:00:47] [178/326] INZS
[05:00:48] [179/326] RMIK
[05:00:49] [180/326] NYCH
[05:00:50] [181/326] RAVE
[05:00:52] [182/326] PSXM
[05:00:52] [183/326] MCGP
[05:00:53] [184/326] PDDK
[05:00:54] [185/326] SPCK
[05:00:55] [186/326] MCRL
[05:00:56] [187/326] MHKT
[05:00:56] 🔄 Identity reset
[05:00:56] 🔄 Identity rotated (every 10 requests)
[05:00:57] [188/326] ANRR
[05:00:57] [189/326] SAPK
[05:00:58] [190/326] NCUK
[05:00:59] [191/326] JUGA
[05:01:00] [192/326] DBSC
[05:01:01] [193/326] LALK
[05:01:02] [194/326] GUCK
[05:01:03] [195/326] STSG
[05:01:03] [196/326] PPPZ
[05:01:04] [197/326] CNCY
[05:01:05] 🔄 Identity reset
[05:01:05] 🔄 Identity rotated (every 10 requests)
[05:01:05] [198/326] MTAR
[05:01:06] [199/326] VNKD
[05:01:07] [200/326] KMAJ
[05:01:08] [201/326] ACXK
[05:01:09] [202/326] UTKC
[05:01:10] [203/326] PBLK
[05:01:11] [204/326] ACBX
[05:01:12] [205/326] PTGM
[05:01:13] [206/326] BTDA
[05:01:14] [207/326] PJMB
[05:01:14] 🔄 Identity reset
[05:01:14] 🔄 Identity rotated (every 10 requests)
[05:01:14] [208/326] TPDA
[05:01:16] [209/326] AMOE
[05:01:17] [210/326] PRHT
[05:01:17] [211/326] PRTA
[05:01:19] [212/326] STAM
[05:01:20] [213/326] MSAA
[05:01:21] [214/326] SDLU
[05:01:22] [215/326] RCHH
[05:01:22] [216/326] KANT
[05:01:23] [217/326] FCRT
[05:01:24] 🔄 Identity reset
[05:01:24] 🔄 Identity rotated (every 10 requests)
[05:01:24] [218/326] DNKM
[05:01:25] [219/326] RYCP
[05:01:26] [220/326] MYRP
[05:01:27] [221/326] PPAK
[05:01:27] [222/326] NVPK
[05:01:28] [223/326] PRMC
[05:01:29] [224/326] JBCS
[05:01:30] [225/326] GXCK
[05:01:31] [226/326] USKO
[05:01:32] [227/326] GTEM
[05:01:32] 🔄 Identity reset
[05:01:32] 🔄 Identity rotated (every 10 requests)
[05:01:32] [228/326] SMBU
[05:01:33] [229/326] VETC
[05:01:34] [230/326] LCDA
[05:01:35] [231/326] MTVT
[05:01:36] [232/326] PYCP
[05:01:37] [233/326] PNSC
[05:01:37] [234/326] PPCC
[05:01:38] [235/326] TGRT
[05:01:39] [236/326] JYOT
[05:01:40] [237/326] SRCZ
[05:01:41] 🔄 Identity reset
[05:01:41] 🔄 Identity rotated (every 10 requests)
[05:01:41] [238/326] SJTE
[05:01:42] [239/326] DESC
[05:01:42] [240/326] JHVN
[05:01:43] [241/326] IPSG
[05:01:44] [242/326] IPCM
[05:01:45] [243/326] PDRS
[05:01:46] [244/326] ANCV
[05:01:47] [245/326] CMVV
[05:01:48] [246/326] SHYP
[05:01:48] [247/326] DNCS
[05:01:49] 🔄 Identity reset
[05:01:49] 🔄 Identity rotated (every 10 requests)
[05:01:49] [248/326] GAJK
[05:01:50] [249/326] AKTN
[05:01:51] [250/326] KAYA
[05:01:52] [251/326] SBRC
[05:01:53] [252/326] CHTP
[05:01:54] [253/326] SHRT
[05:01:54] [254/326] BCKU
[05:01:55] [255/326] FCPS
[05:01:57] [256/326] ARDD
[05:01:57] [257/326] CPCM
[05:01:58] 🔄 Identity reset
[05:01:58] 🔄 Identity rotated (every 10 requests)
[05:01:58] [258/326] CGSM
[05:01:59] [259/326] PSMP
[05:02:00] [260/326] SDAL
[05:02:01] [261/326] RTNB
[05:02:01] [262/326] LMCR
[05:02:02] [263/326] CIMA
[05:02:03] [264/326] RNAS
[05:02:04] [265/326] LITH
[05:02:04] [266/326] PBOX
[05:02:05] [267/326] FRTS
[05:02:06] 🔄 Identity reset
[05:02:06] 🔄 Identity rotated (every 10 requests)
[05:02:06] [268/326] RKIC
[05:02:07] [269/326] PTAI
[05:02:08] [270/326] GCIC
[05:02:10] [271/326] FNAS
[05:02:11] [272/326] SCAR
[05:02:12] [273/326] MTCA
[05:02:13] [274/326] SCTS
[05:02:14] [275/326] SYCS
[05:02:14] [276/326] RDMS
[05:02:15] [277/326] KAMP
[05:02:16] 🔄 Identity reset
[05:02:16] 🔄 Identity rotated (every 10 requests)
[05:02:16] [278/326] ERSD
[05:02:17] [279/326] MJMJ
[05:02:18] [280/326] SRCJ
[05:02:19] [281/326] SCXE
[05:02:20] [282/326] SVFR
[05:02:20] [283/326] BHCS
[05:02:21] [284/326] IMCC
[05:02:22] [285/326] PCBO
[05:02:23] [286/326] PRVN
[05:02:24] [287/326] AUPM
[05:02:25] 🔄 Identity reset
[05:02:25] 🔄 Identity rotated (every 10 requests)
[05:02:25] 🔄 Retry 1/5 for AUPM in 2.3s
[05:02:25] 🔄 Identity reset
[05:02:27] 🧠 New identity created
[05:02:28] [288/326] INBW
[05:02:28] [289/326] SVCW
[05:02:29] [290/326] RKCF
[05:02:30] [291/326] UVBH
[05:02:31] [292/326] DNCY
[05:02:32] [293/326] ABCN
[05:02:33] [294/326] PRUR
[05:02:34] [295/326] PFMR
[05:02:35] [296/326] RKCN
[05:02:35] 🔄 Identity reset
[05:02:35] 🔄 Identity rotated (every 10 requests)
[05:02:36] [297/326] CFEA
[05:02:36] [298/326] SDBG
[05:02:37] [299/326] SNAR
[05:02:38] [300/326] YISI
[05:02:39] [301/326] JCFF
[05:02:40] [302/326] VTRK
[05:02:41] [303/326] PCLZ
[05:02:42] [304/326] DIMY
[05:02:43] [305/326] BBTS
[05:02:44] [306/326] GATH
[05:02:44] 🔄 Identity reset
[05:02:45] 🔄 Identity rotated (every 10 requests)
[05:02:45] [307/326] GTMN
[05:02:46] [308/326] VTMH
[05:02:47] [309/326] CCKP
[05:02:48] [310/326] GPKA
[05:02:49] [311/326] MHCL
[05:02:50] [312/326] ATCL
[05:02:51] [313/326] SBCK
[05:02:52] [314/326] AMMR
[05:02:53] [315/326] MADC
[05:02:54] [316/326] TMMA
[05:02:54] 🔄 Identity reset
[05:02:54] 🔄 Identity rotated (every 10 requests)
[05:02:55] [317/326] CACC
[05:02:56] [318/326] CHAL
[05:02:57] [319/326] DURG
[05:02:58] [320/326] GMKU
[05:02:59] [321/326] GECA
[05:03:00] [322/326] KYRR
[05:03:00] [323/326] KSDE
[05:03:02] [324/326] LMCI
[05:03:03] [325/326] NKCP
[05:03:04] [326/326] BGTC
[05:03:04] 🔄 Identity reset
[05:03:04] 🔄 Identity rotated (every 10 requests)
[05:03:04] 🧹 Deduping shows
[05:03:04] ✅ DONE | Shows=15 | Movies=3
[22:05:56] 🚀 SCRIPT STARTED (enhanced anti‑detection)
[22:05:56] [1/326] BSAT
[22:05:57] 🧠 New identity created
[22:05:57] 🔄 Retry 1/5 for BSAT in 2.3s
[22:05:57] 🔄 Identity reset
[22:05:59] 🧠 New identity created
[22:05:59] [2/326] RSSM
[22:06:00] [3/326] GCTA
[22:06:01] [4/326] TOPN
[22:06:02] [5/326] MCUS
[22:06:03] [6/326] SHRL
[22:06:05] [7/326] UPTP
[22:06:06] [8/326] TMMP
[22:06:07] [9/326] DNRP
[22:06:07] 🔄 Identity reset
[22:06:07] 🔄 Identity rotated (every 10 requests)
[22:06:07] 🔄 Retry 1/5 for DNRP in 2.8s
[22:06:07] 🔄 Identity reset
[22:06:10] 🧠 New identity created
[22:06:10] 🔄 Retry 2/5 for DNRP in 4.7s
[22:06:10] 🔄 Identity reset
[22:06:15] 🧠 New identity created
[22:06:15] 🔄 Retry 3/5 for DNRP in 8.0s
[22:06:15] 🔄 Identity reset
[22:06:23] 🧠 New identity created
[22:06:23] [10/326] SRLT
[22:06:24] [11/326] RCNS
[22:06:25] [12/326] DCBH
[22:06:26] [13/326] NAGJ
[22:06:27] [14/326] JVRC
[22:06:28] [15/326] KRJG
[22:06:29] [16/326] SRTJ
[22:06:30] 🔄 Identity reset
[22:06:30] 🔄 Identity rotated (every 10 requests)
[22:06:30] [17/326] CMXM
[22:06:31] [18/326] STMI
[22:06:33] [19/326] SLST
[22:06:34] [20/326] DTCN
[22:06:35] [21/326] STYN
[22:06:36] [22/326] SZVR
[22:06:37] [23/326] SRKO
[22:06:37] [24/326] JTGT
[22:06:38] [25/326] SVFD
[22:06:39] [26/326] SISD
[22:06:40] 🔄 Identity reset
[22:06:40] 🔄 Identity rotated (every 10 requests)
[22:06:40] [27/326] ABDD
[22:06:41] [28/326] DRCA
[22:06:42] [29/326] AVCS
[22:06:43] [30/326] MVKH
[22:06:44] [31/326] ACPR
[22:06:45] [32/326] STIP
[22:06:46] [33/326] MTRA
[22:06:47] [34/326] RMKH
[22:06:48] [35/326] NKRL
[22:06:49] [36/326] PCWN
[22:06:49] 🔄 Identity reset
[22:06:49] 🔄 Identity rotated (every 10 requests)
[22:06:49] 🔄 Retry 1/5 for PCWN in 2.8s
[22:06:49] 🔄 Identity reset
[22:06:52] 🧠 New identity created
[22:06:52] 🔄 Retry 2/5 for PCWN in 4.8s
[22:06:52] 🔄 Identity reset
[22:06:57] 🧠 New identity created
[22:06:58] [37/326] BLMT
[22:06:58] [38/326] GDPG
[22:06:59] [39/326] SRMX
[22:07:00] [40/326] JACP
[22:07:01] [41/326] CPSH
[22:07:03] [42/326] MCCD
[22:07:04] [43/326] ECGH
[22:07:04] [44/326] MKCK
[22:07:05] 🔄 Identity reset
[22:07:05] 🔄 Identity rotated (every 10 requests)
[22:07:06] [45/326] SRMM
[22:07:07] [46/326] SKYR
[22:07:08] [47/326] PCKC
[22:07:09] [48/326] JCMA
[22:07:10] [49/326] BSMP
[22:07:11] [50/326] VSPA
[22:07:12] [51/326] DJYA
[22:07:13] [52/326] DIMP
[22:07:13] [53/326] FXDR
[22:07:14] [54/326] SSRC
[22:07:15] 🔄 Identity reset
[22:07:15] 🔄 Identity rotated (every 10 requests)
[22:07:15] 🔄 Retry 1/5 for SSRC in 2.1s
[22:07:15] 🔄 Identity reset
[22:07:17] 🧠 New identity created
[22:07:18] [55/326] STHP
[22:07:19] [56/326] CPPD
[22:07:20] [57/326] FCLK
[22:07:20] [58/326] SCPP
[22:07:21] [59/326] DCMJ
[22:07:23] [60/326] RCCR
[22:07:24] [61/326] INMT
[22:07:25] [62/326] LXTK
[22:07:26] [63/326] SRYK
[22:07:26] 🔄 Identity reset
[22:07:26] 🔄 Identity rotated (every 10 requests)
[22:07:27] [64/326] SGDK
[22:07:27] [65/326] PPKA
[22:07:29] [66/326] SPKA
[22:07:30] [67/326] CGHH
[22:07:31] [68/326] DCJN
[22:07:32] [69/326] SRKV
[22:07:33] [70/326] SAJC
[22:07:33] [71/326] SUSR
[22:07:34] [72/326] STYG
[22:07:35] [73/326] NTKP
[22:07:36] 🔄 Identity reset
[22:07:36] 🔄 Identity rotated (every 10 requests)
[22:07:36] [74/326] AKTG
[22:07:38] [75/326] CGCM
[22:07:39] [76/326] TULC
[22:07:40] [77/326] NYYZ
[22:07:41] [78/326] NYBW
[22:07:42] [79/326] MACB
[22:07:42] [80/326] SLVT
[22:07:43] [81/326] SANA
[22:07:44] [82/326] ACMR
[22:07:45] [83/326] CPKN
[22:07:46] 🔄 Identity reset
[22:07:46] 🔄 Identity rotated (every 10 requests)
[22:07:46] [84/326] DLGK
[22:07:47] [85/326] CWCK
[22:07:48] [86/326] FDDH
[22:07:49] [87/326] MMMD
[22:07:50] [88/326] CMEH
[22:07:51] [89/326] GGGV
[22:07:52] [90/326] SPJL
[22:07:53] [91/326] RCCD
[22:07:54] [92/326] STTZ
[22:07:55] [93/326] BTCF
[22:07:56] 🔄 Identity reset
[22:07:56] 🔄 Identity rotated (every 10 requests)
[22:07:57] [94/326] TSTZ
[22:07:59] [95/326] IPMM
[22:07:59] [96/326] PMPW
[22:08:00] [97/326] PCMZ
[22:08:01] [98/326] ESEM
[22:08:02] [99/326] PIPO
[22:08:03] [100/326] MATK
[22:08:04] [101/326] PGHM
[22:08:05] [102/326] CTSR
[22:08:06] [103/326] CYKR
[22:08:07] 🔄 Identity reset
[22:08:07] 🔄 Identity rotated (every 10 requests)
[22:08:07] [104/326] MSCM
[22:08:08] [105/326] RFNP
[22:08:09] [106/326] PDCP
[22:08:10] [107/326] NPSE
[22:08:11] [108/326] MKML
[22:08:12] [109/326] FTDP
[22:08:13] [110/326] MMXA
[22:08:14] [111/326] CEPO
[22:08:15] [112/326] CMVP
[22:08:16] [113/326] SGTH
[22:08:17] 🔄 Identity reset
[22:08:17] 🔄 Identity rotated (every 10 requests)
[22:08:17] 🔄 Retry 1/5 for SGTH in 2.7s
[22:08:17] 🔄 Identity reset
[22:08:19] 🧠 New identity created
[22:08:20] [114/326] SAYN
[22:08:21] [115/326] URVS
[22:08:22] [116/326] VJTN
[22:08:23] [117/326] BBYK
[22:08:24] [118/326] SHBO
[22:08:25] [119/326] VCMR
[22:08:25] [120/326] MACT
[22:08:26] [121/326] JMNP
[22:08:27] [122/326] VICS
[22:08:28] 🔄 Identity reset
[22:08:28] 🔄 Identity rotated (every 10 requests)
[22:08:28] [123/326] VCDA
[22:08:30] [124/326] GCMM
[22:08:31] [125/326] INVS
[22:08:32] [126/326] SCGM
[22:08:33] [127/326] PCDA
[22:08:34] [128/326] KDCT
[22:08:34] [129/326] JACS
[22:08:35] [130/326] GMMC
[22:08:36] [131/326] AICM
[22:08:37] [132/326] TJCM
[22:08:38] 🔄 Identity reset
[22:08:38] 🔄 Identity rotated (every 10 requests)
[22:08:38] 🔄 Retry 1/5 for TJCM in 2.5s
[22:08:38] 🔄 Identity reset
[22:08:41] 🧠 New identity created
[22:08:41] 🔄 Retry 2/5 for TJCM in 4.6s
[22:08:41] 🔄 Identity reset
[22:08:45] 🧠 New identity created
[22:08:46] 🔄 Retry 3/5 for TJCM in 9.0s
[22:08:46] 🔄 Identity reset
[22:08:55] 🧠 New identity created
[22:08:55] 🔄 Retry 4/5 for TJCM in 16.7s
[22:08:55] 🔄 Identity reset
[22:09:11] 🧠 New identity created
[22:09:12] [133/326] RMTI
[22:09:13] [134/326] SHAC
[22:09:14] [135/326] APJC
[22:09:14] [136/326] GCTG
[22:09:15] [137/326] SSMC
[22:09:17] [138/326] THRM
[22:09:17] 🔄 Identity reset
[22:09:17] 🔄 Identity rotated (every 10 requests)
[22:09:17] [139/326] RBCT
[22:09:19] [140/326] DIKT
[22:09:20] [141/326] MIDL
[22:09:20] [142/326] VCSN
[22:09:21] [143/326] SKTG
[22:09:22] [144/326] SMWC
[22:09:23] [145/326] MNKH
[22:09:24] [146/326] PIAT
[22:09:25] [147/326] LTTP
[22:09:26] [148/326] PTPU
[22:09:27] 🔄 Identity reset
[22:09:27] 🔄 Identity rotated (every 10 requests)
[22:09:27] [149/326] ACMG
[22:09:28] [150/326] SHMM
[22:09:29] [151/326] MCMN
[22:09:30] [152/326] GLDC
[22:09:31] [153/326] HOUT
[22:09:32] [154/326] SVRP
[22:09:33] [155/326] PVDN
[22:09:34] [156/326] SCPY
[22:09:34] [157/326] DTPY
[22:09:35] [158/326] GKCS
[22:09:36] 🔄 Identity reset
[22:09:36] 🔄 Identity rotated (every 10 requests)
[22:09:36] [159/326] NCAM
[22:09:37] [160/326] BSRM
[22:09:38] [161/326] RCLC
[22:09:39] [162/326] SKKD
[22:09:40] [163/326] ACHU
[22:09:42] [164/326] RSCF
[22:09:43] [165/326] IMSH
[22:09:44] [166/326] MACX
[22:09:45] [167/326] HMMW
[22:09:46] [168/326] JTCP
[22:09:46] 🔄 Identity reset
[22:09:46] 🔄 Identity rotated (every 10 requests)
[22:09:46] 🔄 Retry 1/5 for JTCP in 2.5s
[22:09:46] 🔄 Identity reset
[22:09:49] 🧠 New identity created
[22:09:49] [169/326] SREN
[22:09:50] [170/326] PJRR
[22:09:51] [171/326] INAC
[22:09:52] [172/326] BMCA
[22:09:53] [173/326] SHCB
[22:09:54] [174/326] GABA
[22:09:55] [175/326] SBCT
[22:09:56] [176/326] GCMA
[22:09:56] [177/326] MYTK
[22:09:57] 🔄 Identity reset
[22:09:57] 🔄 Identity rotated (every 10 requests)
[22:09:57] [178/326] INZS
[22:09:58] [179/326] RMIK
[22:09:59] [180/326] NYCH
[22:10:00] [181/326] RAVE
[22:10:01] [182/326] PSXM
[22:10:02] [183/326] MCGP
[22:10:03] [184/326] PDDK
[22:10:04] [185/326] SPCK
[22:10:05] [186/326] MCRL
[22:10:06] [187/326] MHKT
[22:10:07] 🔄 Identity reset
[22:10:07] 🔄 Identity rotated (every 10 requests)
[22:10:07] 🔄 Retry 1/5 for MHKT in 2.8s
[22:10:07] 🔄 Identity reset
[22:10:09] 🧠 New identity created
[22:10:10] [188/326] ANRR
[22:10:11] [189/326] SAPK
[22:10:12] [190/326] NCUK
[22:10:13] [191/326] JUGA
[22:10:14] [192/326] DBSC
[22:10:15] [193/326] LALK
[22:10:16] [194/326] GUCK
[22:10:17] [195/326] STSG
[22:10:18] [196/326] PPPZ
[22:10:18] 🔄 Identity reset
[22:10:18] 🔄 Identity rotated (every 10 requests)
[22:10:18] 🔄 Retry 1/5 for PPPZ in 2.6s
[22:10:18] 🔄 Identity reset
[22:10:21] 🧠 New identity created
[22:10:21] 🔄 Retry 2/5 for PPPZ in 4.9s
[22:10:21] 🔄 Identity reset
[22:10:26] 🧠 New identity created
[22:10:26] 🔄 Retry 3/5 for PPPZ in 8.9s
[22:10:26] 🔄 Identity reset
[22:10:35] 🧠 New identity created
[22:10:35] 🔄 Retry 4/5 for PPPZ in 16.4s
[22:10:35] 🔄 Identity reset
[22:10:51] 🧠 New identity created
[22:10:52] [197/326] CNCY
[22:10:53] [198/326] MTAR
[22:10:54] [199/326] VNKD
[22:10:55] [200/326] KMAJ
[22:10:56] [201/326] ACXK
[22:10:57] [202/326] UTKC
[22:10:57] 🔄 Identity reset
[22:10:57] 🔄 Identity rotated (every 10 requests)
[22:10:58] [203/326] PBLK
[22:10:59] [204/326] ACBX
[22:11:00] [205/326] PTGM
[22:11:01] [206/326] BTDA
[22:11:01] [207/326] PJMB
[22:11:02] [208/326] TPDA
[22:11:03] [209/326] AMOE
[22:11:04] [210/326] PRHT
[22:11:05] [211/326] PRTA
[22:11:06] [212/326] STAM
[22:11:07] 🔄 Identity reset
[22:11:07] 🔄 Identity rotated (every 10 requests)
[22:11:08] [213/326] MSAA
[22:11:08] [214/326] SDLU
[22:11:09] [215/326] RCHH
[22:11:10] [216/326] KANT
[22:11:11] [217/326] FCRT
[22:11:12] [218/326] DNKM
[22:11:13] [219/326] RYCP
[22:11:14] [220/326] MYRP
[22:11:15] [221/326] PPAK
[22:11:16] [222/326] NVPK
[22:11:17] 🔄 Identity reset
[22:11:17] 🔄 Identity rotated (every 10 requests)
[22:11:17] [223/326] PRMC
[22:11:18] [224/326] JBCS
[22:11:19] [225/326] GXCK
[22:11:20] [226/326] USKO
[22:11:21] [227/326] GTEM
[22:11:22] [228/326] SMBU
[22:11:23] [229/326] VETC
[22:11:24] [230/326] LCDA
[22:11:25] [231/326] MTVT
[22:11:26] [232/326] PYCP
[22:11:26] 🔄 Identity reset
[22:11:26] 🔄 Identity rotated (every 10 requests)
[22:11:27] [233/326] PNSC
[22:11:28] [234/326] PPCC
[22:11:30] [235/326] TGRT
[22:11:30] [236/326] JYOT
[22:11:31] [237/326] SRCZ
[22:11:32] [238/326] SJTE
[22:11:33] [239/326] DESC
[22:11:35] [240/326] JHVN
[22:11:36] [241/326] IPSG
[22:11:37] [242/326] IPCM
[22:11:37] 🔄 Identity reset
[22:11:37] 🔄 Identity rotated (every 10 requests)
[22:11:38] [243/326] PDRS
[22:11:39] [244/326] ANCV
[22:11:39] [245/326] CMVV
[22:11:41] [246/326] SHYP
[22:11:42] [247/326] DNCS
[22:11:43] [248/326] GAJK
[22:11:44] [249/326] AKTN
[22:11:45] [250/326] KAYA
[22:11:46] [251/326] SBRC
[22:11:47] [252/326] CHTP
[22:11:48] 🔄 Identity reset
[22:11:48] 🔄 Identity rotated (every 10 requests)
[22:11:48] [253/326] SHRT
[22:11:49] [254/326] BCKU
[22:11:50] [255/326] FCPS
[22:11:51] [256/326] ARDD
[22:11:52] [257/326] CPCM
[22:11:53] [258/326] CGSM
[22:11:54] [259/326] PSMP
[22:11:55] [260/326] SDAL
[22:11:56] [261/326] RTNB
[22:11:57] [262/326] LMCR
[22:11:58] 🔄 Identity reset
[22:11:58] 🔄 Identity rotated (every 10 requests)
[22:11:58] [263/326] CIMA
[22:11:59] [264/326] RNAS
[22:12:00] [265/326] LITH
[22:12:01] [266/326] PBOX
[22:12:02] [267/326] FRTS
[22:12:03] [268/326] RKIC
[22:12:04] [269/326] PTAI
[22:12:05] [270/326] GCIC
[22:12:06] [271/326] FNAS
[22:12:07] [272/326] SCAR
[22:12:08] 🔄 Identity reset
[22:12:08] 🔄 Identity rotated (every 10 requests)
[22:12:08] 🔄 Retry 1/5 for SCAR in 2.8s
[22:12:08] 🔄 Identity reset
[22:12:11] 🧠 New identity created
[22:12:11] [273/326] MTCA
[22:12:12] [274/326] SCTS
[22:12:13] [275/326] SYCS
[22:12:14] [276/326] RDMS
[22:12:15] [277/326] KAMP
[22:12:16] [278/326] ERSD
[22:12:17] [279/326] MJMJ
[22:12:18] [280/326] SRCJ
[22:12:19] [281/326] SCXE
[22:12:20] 🔄 Identity reset
[22:12:20] 🔄 Identity rotated (every 10 requests)
[22:12:20] 🔄 Retry 1/5 for SCXE in 2.1s
[22:12:20] 🔄 Identity reset
[22:12:22] 🧠 New identity created
[22:12:22] [282/326] SVFR
[22:12:24] [283/326] BHCS
[22:12:25] [284/326] IMCC
[22:12:26] [285/326] PCBO
[22:12:27] [286/326] PRVN
[22:12:27] [287/326] AUPM
[22:12:28] [288/326] INBW
[22:12:29] [289/326] SVCW
[22:12:30] [290/326] RKCF
[22:12:31] 🔄 Identity reset
[22:12:31] 🔄 Identity rotated (every 10 requests)
[22:12:31] [291/326] UVBH
[22:12:32] [292/326] DNCY
[22:12:33] [293/326] ABCN
[22:12:34] [294/326] PRUR
[22:12:35] [295/326] PFMR
[22:12:36] [296/326] RKCN
[22:12:37] [297/326] CFEA
[22:12:38] [298/326] SDBG
[22:12:39] [299/326] SNAR
[22:12:40] [300/326] YISI
[22:12:40] 🔄 Identity reset
[22:12:40] 🔄 Identity rotated (every 10 requests)
[22:12:40] 🔄 Retry 1/5 for YISI in 2.9s
[22:12:40] 🔄 Identity reset
[22:12:43] 🧠 New identity created
[22:12:44] [301/326] JCFF
[22:12:44] [302/326] VTRK
[22:12:45] [303/326] PCLZ
[22:12:46] [304/326] DIMY
[22:12:47] [305/326] BBTS
[22:12:48] [306/326] GATH
[22:12:49] [307/326] GTMN
[22:12:50] [308/326] VTMH
[22:12:51] [309/326] CCKP
[22:12:52] 🔄 Identity reset
[22:12:52] 🔄 Identity rotated (every 10 requests)
[22:12:52] [310/326] GPKA
[22:12:53] [311/326] MHCL
[22:12:54] [312/326] ATCL
[22:12:55] [313/326] SBCK
[22:12:57] [314/326] AMMR
[22:12:58] [315/326] MADC
[22:12:59] [316/326] TMMA
[22:13:00] [317/326] CACC
[22:13:01] [318/326] CHAL
[22:13:03] [319/326] DURG
[22:13:03] 🔄 Identity reset
[22:13:03] 🔄 Identity rotated (every 10 requests)
[22:13:03] [320/326] GMKU
[22:13:04] [321/326] GECA
[22:13:05] [322/326] KYRR
[22:13:07] [323/326] KSDE
[22:13:08] [324/326] LMCI
[22:13:09] [325/326] NKCP
[22:13:10] [326/326] BGTC
[22:13:11] 🧹 Deduping shows
[22:13:11] ✅ DONE | Shows=18 | Movies=3
[18:28:55] 🚀 SCRIPT STARTED (enhanced anti‑detection)
[18:28:55] [1/326] BSAT
[18:28:56] 🧠 New identity created
[18:28:56] 🔄 Retry 1/5 for BSAT in 2.3s
[18:28:56] 🔄 Identity reset
[18:28:58] 🧠 New identity created
[18:28:58] [2/326] RSSM
[18:28:59] [3/326] GCTA
[18:29:00] [4/326] TOPN
[18:29:01] [5/326] MCUS
[18:29:02] [6/326] SHRL
[18:29:03] [7/326] UPTP
[18:29:04] [8/326] TMMP
[18:29:06] [9/326] DNRP
[18:29:06] 🔄 Identity reset
[18:29:06] 🔄 Identity rotated (every 10 requests)
[18:29:07] 🔄 Retry 1/5 for DNRP in 2.6s
[18:29:07] 🔄 Identity reset
[18:29:09] 🧠 New identity created
[18:29:10] [10/326] SRLT
[18:29:11] [11/326] RCNS
[18:29:12] [12/326] DCBH
[18:29:13] [13/326] NAGJ
[18:29:14] [14/326] JVRC
[18:29:15] [15/326] KRJG
[18:29:16] [16/326] SRTJ
[18:29:17] [17/326] CMXM
[18:29:18] [18/326] STMI
[18:29:19] 🔄 Identity reset
[18:29:19] 🔄 Identity rotated (every 10 requests)
[18:29:20] [19/326] SLST
[18:29:21] [20/326] DTCN
[18:29:21] [21/326] STYN
[18:29:22] [22/326] SZVR
[18:29:23] [23/326] SRKO
[18:29:24] [24/326] JTGT
[18:29:25] [25/326] SVFD
[18:29:26] [26/326] SISD
[18:29:27] [27/326] ABDD
[18:29:28] [28/326] DRCA
[18:29:28] 🔄 Identity reset
[18:29:28] 🔄 Identity rotated (every 10 requests)
[18:29:29] [29/326] AVCS
[18:29:30] [30/326] MVKH
[18:29:30] [31/326] ACPR
[18:29:31] [32/326] STIP
[18:29:32] [33/326] MTRA
[18:29:33] [34/326] RMKH
[18:29:34] [35/326] NKRL
[18:29:35] [36/326] PCWN
[18:29:36] [37/326] BLMT
[18:29:37] [38/326] GDPG
[18:29:37] 🔄 Identity reset
[18:29:37] 🔄 Identity rotated (every 10 requests)
[18:29:38] [39/326] SRMX
[18:29:38] [40/326] JACP
[18:29:39] [41/326] CPSH
[18:29:40] [42/326] MCCD
[18:29:41] [43/326] ECGH
[18:29:42] [44/326] MKCK
[18:29:43] [45/326] SRMM
[18:29:44] [46/326] SKYR
[18:29:45] [47/326] PCKC
[18:29:46] [48/326] JCMA
[18:29:47] 🔄 Identity reset
[18:29:47] 🔄 Identity rotated (every 10 requests)
[18:29:47] [49/326] BSMP
[18:29:48] [50/326] VSPA
[18:29:49] [51/326] DJYA
[18:29:50] [52/326] DIMP
[18:29:52] [53/326] FXDR
[18:29:53] [54/326] SSRC
[18:29:54] [55/326] STHP
[18:29:55] [56/326] CPPD
[18:29:55] [57/326] FCLK
[18:29:56] [58/326] SCPP
[18:29:57] 🔄 Identity reset
[18:29:57] 🔄 Identity rotated (every 10 requests)
[18:29:57] [59/326] DCMJ
[18:29:58] [60/326] RCCR
[18:29:59] [61/326] INMT
[18:30:01] [62/326] LXTK
[18:30:01] [63/326] SRYK
[18:30:02] [64/326] SGDK
[18:30:03] [65/326] PPKA
[18:30:04] [66/326] SPKA
[18:30:05] [67/326] CGHH
[18:30:07] [68/326] DCJN
[18:30:07] 🔄 Identity reset
[18:30:07] 🔄 Identity rotated (every 10 requests)
[18:30:07] 🔄 Retry 1/5 for DCJN in 2.8s
[18:30:07] 🔄 Identity reset
[18:30:10] 🧠 New identity created
[18:30:11] [69/326] SRKV
[18:30:12] [70/326] SAJC
[18:30:13] [71/326] SUSR
[18:30:13] [72/326] STYG
[18:30:14] [73/326] NTKP
[18:30:15] [74/326] AKTG
[18:30:16] [75/326] CGCM
[18:30:17] [76/326] TULC
[18:30:18] [77/326] NYYZ
[18:30:18] 🔄 Identity reset
[18:30:18] 🔄 Identity rotated (every 10 requests)
[18:30:19] [78/326] NYBW
[18:30:20] [79/326] MACB
[18:30:20] [80/326] SLVT
[18:30:21] [81/326] SANA
[18:30:22] [82/326] ACMR
[18:30:23] [83/326] CPKN
[18:30:24] [84/326] DLGK
[18:30:25] [85/326] CWCK
[18:30:26] [86/326] FDDH
[18:30:27] [87/326] MMMD
[18:30:27] 🔄 Identity reset
[18:30:27] 🔄 Identity rotated (every 10 requests)
[18:30:27] [88/326] CMEH
[18:30:28] [89/326] GGGV
[18:30:30] [90/326] SPJL
[18:30:30] [91/326] RCCD
[18:30:31] [92/326] STTZ
[18:30:32] [93/326] BTCF
[18:30:33] [94/326] TSTZ
[18:30:34] [95/326] IPMM
[18:30:36] [96/326] PMPW
[18:30:37] [97/326] PCMZ
[18:30:37] 🔄 Identity reset
[18:30:37] 🔄 Identity rotated (every 10 requests)
[18:30:37] 🔄 Retry 1/5 for PCMZ in 2.2s
[18:30:37] 🔄 Identity reset
[18:30:40] 🧠 New identity created
[18:30:40] [98/326] ESEM
[18:30:41] [99/326] PIPO
[18:30:42] [100/326] MATK
[18:30:43] [101/326] PGHM
[18:30:44] [102/326] CTSR
[18:30:45] [103/326] CYKR
[18:30:46] [104/326] MSCM
[18:30:47] [105/326] RFNP
[18:30:48] [106/326] PDCP
[18:30:48] 🔄 Identity reset
[18:30:48] 🔄 Identity rotated (every 10 requests)
[18:30:49] [107/326] NPSE
[18:30:50] [108/326] MKML
[18:30:50] [109/326] FTDP
[18:30:51] [110/326] MMXA
[18:30:52] [111/326] CEPO
[18:30:53] [112/326] CMVP
[18:30:55] [113/326] SGTH
[18:30:56] [114/326] SAYN
[18:30:56] [115/326] URVS
[18:30:57] [116/326] VJTN
[18:30:58] 🔄 Identity reset
[18:30:58] 🔄 Identity rotated (every 10 requests)
[18:30:59] [117/326] BBYK
[18:31:00] [118/326] SHBO
[18:31:00] [119/326] VCMR
[18:31:01] [120/326] MACT
[18:31:03] [121/326] JMNP
[18:31:04] [122/326] VICS
[18:31:05] [123/326] VCDA
[18:31:06] [124/326] GCMM
[18:31:07] [125/326] INVS
[18:31:08] [126/326] SCGM
[18:31:08] 🔄 Identity reset
[18:31:08] 🔄 Identity rotated (every 10 requests)
[18:31:09] [127/326] PCDA
[18:31:10] [128/326] KDCT
[18:31:10] [129/326] JACS
[18:31:11] [130/326] GMMC
[18:31:12] [131/326] AICM
[18:31:14] [132/326] TJCM
[18:31:15] [133/326] RMTI
[18:31:16] [134/326] SHAC
[18:31:17] [135/326] APJC
[18:31:18] [136/326] GCTG
[18:31:19] 🔄 Identity reset
[18:31:19] 🔄 Identity rotated (every 10 requests)
[18:31:19] [137/326] SSMC
[18:31:20] [138/326] THRM
[18:31:21] [139/326] RBCT
[18:31:22] [140/326] DIKT
[18:31:23] [141/326] MIDL
[18:31:24] [142/326] VCSN
[18:31:25] [143/326] SKTG
[18:31:26] [144/326] SMWC
[18:31:27] [145/326] MNKH
[18:31:28] [146/326] PIAT
[18:31:28] 🔄 Identity reset
[18:31:28] 🔄 Identity rotated (every 10 requests)
[18:31:29] [147/326] LTTP
[18:31:30] [148/326] PTPU
[18:31:31] [149/326] ACMG
[18:31:31] [150/326] SHMM
[18:31:32] [151/326] MCMN
[18:31:34] [152/326] GLDC
[18:31:35] [153/326] HOUT
[18:31:36] [154/326] SVRP
[18:31:37] [155/326] PVDN
[18:31:38] [156/326] SCPY
[18:31:38] 🔄 Identity reset
[18:31:38] 🔄 Identity rotated (every 10 requests)
[18:31:39] [157/326] DTPY
[18:31:40] [158/326] GKCS
[18:31:42] [159/326] NCAM
[18:31:42] [160/326] BSRM
[18:31:43] [161/326] RCLC
[18:31:44] [162/326] SKKD
[18:31:45] [163/326] ACHU
[18:31:46] [164/326] RSCF
[18:31:47] [165/326] IMSH
[18:31:49] [166/326] MACX
[18:31:49] 🔄 Identity reset
[18:31:49] 🔄 Identity rotated (every 10 requests)
[18:31:50] [167/326] HMMW
[18:31:50] [168/326] JTCP
[18:31:51] [169/326] SREN
[18:31:52] [170/326] PJRR
[18:31:54] [171/326] INAC
[18:31:55] [172/326] BMCA
[18:31:56] [173/326] SHCB
[18:31:56] [174/326] GABA
[18:31:57] [175/326] SBCT
[18:31:58] [176/326] GCMA
[18:31:58] 🔄 Identity reset
[18:31:58] 🔄 Identity rotated (every 10 requests)
[18:31:58] 🔄 Retry 1/5 for GCMA in 2.9s
[18:31:58] 🔄 Identity reset
[18:32:01] 🧠 New identity created
[18:32:02] [177/326] MYTK
[18:32:03] [178/326] INZS
[18:32:04] [179/326] RMIK
[18:32:04] [180/326] NYCH
[18:32:05] [181/326] RAVE
[18:32:06] [182/326] PSXM
[18:32:07] [183/326] MCGP
[18:32:08] [184/326] PDDK
[18:32:09] [185/326] SPCK
[18:32:10] 🔄 Identity reset
[18:32:10] 🔄 Identity rotated (every 10 requests)
[18:32:10] 🔄 Retry 1/5 for SPCK in 2.1s
[18:32:10] 🔄 Identity reset
[18:32:12] 🧠 New identity created
[18:32:12] [186/326] MCRL
[18:32:13] [187/326] MHKT
[18:32:14] [188/326] ANRR
[18:32:15] [189/326] SAPK
[18:32:15] [190/326] NCUK
[18:32:16] [191/326] JUGA
[18:32:17] [192/326] DBSC
[18:32:18] [193/326] LALK
[18:32:19] [194/326] GUCK
[18:32:19] 🔄 Identity reset
[18:32:19] 🔄 Identity rotated (every 10 requests)
[18:32:20] [195/326] STSG
[18:32:21] [196/326] PPPZ
[18:32:22] [197/326] CNCY
[18:32:22] [198/326] MTAR
[18:32:24] [199/326] VNKD
[18:32:25] [200/326] KMAJ
[18:32:26] [201/326] ACXK
[18:32:26] [202/326] UTKC
[18:32:27] [203/326] PBLK
[18:32:28] [204/326] ACBX
[18:32:29] 🔄 Identity reset
[18:32:29] 🔄 Identity rotated (every 10 requests)
[18:32:29] [205/326] PTGM
[18:32:30] [206/326] BTDA
[18:32:31] [207/326] PJMB
[18:32:32] [208/326] TPDA
[18:32:33] [209/326] AMOE
[18:32:33] [210/326] PRHT
[18:32:34] [211/326] PRTA
[18:32:36] [212/326] STAM
[18:32:37] [213/326] MSAA
[18:32:38] [214/326] SDLU
[18:32:38] 🔄 Identity reset
[18:32:38] 🔄 Identity rotated (every 10 requests)
[18:32:39] [215/326] RCHH
[18:32:40] [216/326] KANT
[18:32:40] [217/326] FCRT
[18:32:41] [218/326] DNKM
[18:32:43] [219/326] RYCP
[18:32:44] [220/326] MYRP
[18:32:45] [221/326] PPAK
[18:32:46] [222/326] NVPK
[18:32:47] [223/326] PRMC
[18:32:47] [224/326] JBCS
[18:32:48] 🔄 Identity reset
[18:32:48] 🔄 Identity rotated (every 10 requests)
[18:32:48] [225/326] GXCK
[18:32:49] [226/326] USKO
[18:32:50] [227/326] GTEM
[18:32:51] [228/326] SMBU
[18:32:52] [229/326] VETC
[18:32:53] [230/326] LCDA
[18:32:53] [231/326] MTVT
[18:32:54] [232/326] PYCP
[18:32:55] [233/326] PNSC
[18:32:56] [234/326] PPCC
[18:32:57] 🔄 Identity reset
[18:32:57] 🔄 Identity rotated (every 10 requests)
[18:32:57] [235/326] TGRT
[18:32:58] [236/326] JYOT
[18:32:59] [237/326] SRCZ
[18:33:00] [238/326] SJTE
[18:33:01] [239/326] DESC
[18:33:02] [240/326] JHVN
[18:33:02] [241/326] IPSG
[18:33:03] [242/326] IPCM
[18:33:04] [243/326] PDRS
[18:33:05] [244/326] ANCV
[18:33:06] 🔄 Identity reset
[18:33:06] 🔄 Identity rotated (every 10 requests)
[18:33:06] [245/326] CMVV
[18:33:07] [246/326] SHYP
[18:33:08] [247/326] DNCS
[18:33:09] [248/326] GAJK
[18:33:10] [249/326] AKTN
[18:33:11] [250/326] KAYA
[18:33:12] [251/326] SBRC
[18:33:12] [252/326] CHTP
[18:33:13] [253/326] SHRT
[18:33:14] [254/326] BCKU
[18:33:15] 🔄 Identity reset
[18:33:15] 🔄 Identity rotated (every 10 requests)
[18:33:15] [255/326] FCPS
[18:33:16] [256/326] ARDD
[18:33:17] [257/326] CPCM
[18:33:18] [258/326] CGSM
[18:33:19] [259/326] PSMP
[18:33:20] [260/326] SDAL
[18:33:21] [261/326] RTNB
[18:33:22] [262/326] LMCR
[18:33:23] [263/326] CIMA
[18:33:24] [264/326] RNAS
[18:33:25] 🔄 Identity reset
[18:33:25] 🔄 Identity rotated (every 10 requests)
[18:33:25] [265/326] LITH
[18:33:26] [266/326] PBOX
[18:33:27] [267/326] FRTS
[18:33:29] [268/326] RKIC
[18:33:30] [269/326] PTAI
[18:33:31] [270/326] GCIC
[18:33:32] [271/326] FNAS
[18:33:33] [272/326] SCAR
[18:33:34] [273/326] MTCA
[18:33:36] [274/326] SCTS
[18:33:36] 🔄 Identity reset
[18:33:36] 🔄 Identity rotated (every 10 requests)
[18:33:36] [275/326] SYCS
[18:33:37] [276/326] RDMS
[18:33:38] [277/326] KAMP
[18:33:39] [278/326] ERSD
[18:33:40] [279/326] MJMJ
[18:33:41] [280/326] SRCJ
[18:33:42] [281/326] SCXE
[18:33:42] [282/326] SVFR
[18:33:43] [283/326] BHCS
[18:33:44] [284/326] IMCC
[18:33:45] 🔄 Identity reset
[18:33:45] 🔄 Identity rotated (every 10 requests)
[18:33:45] [285/326] PCBO
[18:33:46] [286/326] PRVN
[18:33:47] [287/326] AUPM
[18:33:48] [288/326] INBW
[18:33:49] [289/326] SVCW
[18:33:49] [290/326] RKCF
[18:33:50] [291/326] UVBH
[18:33:51] [292/326] DNCY
[18:33:52] [293/326] ABCN
[18:33:53] [294/326] PRUR
[18:33:54] 🔄 Identity reset
[18:33:54] 🔄 Identity rotated (every 10 requests)
[18:33:54] 🔄 Retry 1/5 for PRUR in 2.3s
[18:33:54] 🔄 Identity reset
[18:33:56] 🧠 New identity created
[18:33:56] 🔄 Retry 2/5 for PRUR in 4.5s
[18:33:56] 🔄 Identity reset
[18:34:01] 🧠 New identity created
[18:34:01] [295/326] PFMR
[18:34:02] [296/326] RKCN
[18:34:03] [297/326] CFEA
[18:34:04] [298/326] SDBG
[18:34:05] [299/326] SNAR
[18:34:06] [300/326] YISI
[18:34:07] [301/326] JCFF
[18:34:08] [302/326] VTRK
[18:34:08] 🔄 Identity reset
[18:34:08] 🔄 Identity rotated (every 10 requests)
[18:34:09] [303/326] PCLZ
[18:34:10] [304/326] DIMY
[18:34:11] [305/326] BBTS
[18:34:11] [306/326] GATH
[18:34:12] [307/326] GTMN
[18:34:13] [308/326] VTMH
[18:34:14] [309/326] CCKP
[18:34:15] [310/326] GPKA
[18:34:16] [311/326] MHCL
[18:34:17] [312/326] ATCL
[18:34:17] 🔄 Identity reset
[18:34:17] 🔄 Identity rotated (every 10 requests)
[18:34:18] [313/326] SBCK
[18:34:18] [314/326] AMMR
[18:34:19] [315/326] MADC
[18:34:20] [316/326] TMMA
[18:34:21] [317/326] CACC
[18:34:22] [318/326] CHAL
[18:34:23] [319/326] DURG
[18:34:24] [320/326] GMKU
[18:34:25] [321/326] GECA
[18:34:26] [322/326] KYRR
[18:34:26] 🔄 Identity reset
[18:34:26] 🔄 Identity rotated (every 10 requests)
[18:34:27] [323/326] KSDE
[18:34:27] [324/326] LMCI
[18:34:28] [325/326] NKCP
[18:34:29] [326/326] BGTC
[18:34:30] 🧹 Deduping shows
[18:34:30] ✅ DONE | Shows=217 | Movies=24
[03:01:29] 🚀 SCRIPT STARTED (enhanced anti‑detection)
[03:01:29] [1/326] BSAT
[03:01:30] 🧠 New identity created
[03:01:30] [2/326] RSSM
[03:01:31] [3/326] GCTA
[03:01:32] [4/326] TOPN
[03:01:32] [5/326] MCUS
[03:01:33] [6/326] SHRL
[03:01:34] [7/326] UPTP
[03:01:35] [8/326] TMMP
[03:01:36] [9/326] DNRP
[03:01:37] [10/326] SRLT
[03:01:38] 🔄 Identity reset
[03:01:38] 🔄 Identity rotated (every 10 requests)
[03:01:39] [11/326] RCNS
[03:01:39] [12/326] DCBH
[03:01:40] [13/326] NAGJ
[03:01:41] [14/326] JVRC
[03:01:42] [15/326] KRJG
[03:01:43] [16/326] SRTJ
[03:01:44] [17/326] CMXM
[03:01:45] [18/326] STMI
[03:01:46] [19/326] SLST
[03:01:47] [20/326] DTCN
[03:01:47] 🔄 Identity reset
[03:01:47] 🔄 Identity rotated (every 10 requests)
[03:01:48] 🔄 Retry 1/5 for DTCN in 2.8s
[03:01:48] 🔄 Identity reset
[03:01:50] 🧠 New identity created
[03:01:51] [21/326] STYN
[03:01:51] [22/326] SZVR
[03:01:52] [23/326] SRKO
[03:01:53] [24/326] JTGT
[03:01:54] [25/326] SVFD
[03:01:55] [26/326] SISD
[03:01:56] [27/326] ABDD
[03:01:57] [28/326] DRCA
[03:01:58] [29/326] AVCS
[03:01:58] 🔄 Identity reset
[03:01:58] 🔄 Identity rotated (every 10 requests)
[03:01:58] 🔄 Retry 1/5 for AVCS in 2.7s
[03:01:58] 🔄 Identity reset
[03:02:01] 🧠 New identity created
[03:02:01] [30/326] MVKH
[03:02:02] [31/326] ACPR
[03:02:03] [32/326] STIP
[03:02:04] [33/326] MTRA
[03:02:04] [34/326] RMKH
[03:02:06] [35/326] NKRL
[03:02:07] [36/326] PCWN
[03:02:08] [37/326] BLMT
[03:02:08] [38/326] GDPG
[03:02:09] 🔄 Identity reset
[03:02:09] 🔄 Identity rotated (every 10 requests)
[03:02:09] [39/326] SRMX
[03:02:10] [40/326] JACP
[03:02:11] [41/326] CPSH
[03:02:12] [42/326] MCCD
[03:02:12] [43/326] ECGH
[03:02:13] [44/326] MKCK
[03:02:14] [45/326] SRMM
[03:02:15] [46/326] SKYR
[03:02:16] [47/326] PCKC
[03:02:17] [48/326] JCMA
[03:02:17] 🔄 Identity reset
[03:02:17] 🔄 Identity rotated (every 10 requests)
[03:02:18] 🔄 Retry 1/5 for JCMA in 2.3s
[03:02:18] 🔄 Identity reset
[03:02:20] 🧠 New identity created
[03:02:20] 🔄 Retry 2/5 for JCMA in 4.3s
[03:02:20] 🔄 Identity reset
[03:02:24] 🧠 New identity created
[03:02:24] [49/326] BSMP
[03:02:25] [50/326] VSPA
[03:02:26] [51/326] DJYA
[03:02:27] [52/326] DIMP
[03:02:28] [53/326] FXDR
[03:02:29] [54/326] SSRC
[03:02:30] [55/326] STHP
[03:02:31] [56/326] CPPD
[03:02:31] 🔄 Identity reset
[03:02:31] 🔄 Identity rotated (every 10 requests)
[03:02:32] [57/326] FCLK
[03:02:33] [58/326] SCPP
[03:02:34] [59/326] DCMJ
[03:02:34] [60/326] RCCR
[03:02:35] [61/326] INMT
[03:02:36] [62/326] LXTK
[03:02:37] [63/326] SRYK
[03:02:38] [64/326] SGDK
[03:02:39] [65/326] PPKA
[03:02:40] [66/326] SPKA
[03:02:40] 🔄 Identity reset
[03:02:40] 🔄 Identity rotated (every 10 requests)
[03:02:40] 🔄 Retry 1/5 for SPKA in 3.0s
[03:02:40] 🔄 Identity reset
[03:02:43] 🧠 New identity created
[03:02:43] 🔄 Retry 2/5 for SPKA in 5.0s
[03:02:43] 🔄 Identity reset
[03:02:48] 🧠 New identity created
[03:02:49] [67/326] CGHH
[03:02:50] [68/326] DCJN
[03:02:51] [69/326] SRKV
[03:02:51] [70/326] SAJC
[03:02:52] [71/326] SUSR
[03:02:53] [72/326] STYG
[03:02:54] [73/326] NTKP
[03:02:55] [74/326] AKTG
[03:02:56] 🔄 Identity reset
[03:02:56] 🔄 Identity rotated (every 10 requests)
[03:02:56] [75/326] CGCM
[03:02:57] [76/326] TULC
[03:02:58] [77/326] NYYZ
[03:02:58] [78/326] NYBW
[03:02:59] [79/326] MACB
[03:03:00] [80/326] SLVT
[03:03:02] [81/326] SANA
[03:03:03] [82/326] ACMR
[03:03:03] [83/326] CPKN
[03:03:04] [84/326] DLGK
[03:03:05] 🔄 Identity reset
[03:03:05] 🔄 Identity rotated (every 10 requests)
[03:03:05] [85/326] CWCK
[03:03:06] [86/326] FDDH
[03:03:07] [87/326] MMMD
[03:03:08] [88/326] CMEH
[03:03:08] [89/326] GGGV
[03:03:09] [90/326] SPJL
[03:03:10] [91/326] RCCD
[03:03:11] [92/326] STTZ
[03:03:12] [93/326] BTCF
[03:03:13] [94/326] TSTZ
[03:03:13] 🔄 Identity reset
[03:03:13] 🔄 Identity rotated (every 10 requests)
[03:03:14] [95/326] IPMM
[03:03:15] [96/326] PMPW
[03:03:15] [97/326] PCMZ
[03:03:16] [98/326] ESEM
[03:03:17] [99/326] PIPO
[03:03:18] [100/326] MATK
[03:03:19] [101/326] PGHM
[03:03:20] [102/326] CTSR
[03:03:21] [103/326] CYKR
[03:03:21] [104/326] MSCM
[03:03:22] 🔄 Identity reset
[03:03:22] 🔄 Identity rotated (every 10 requests)
[03:03:22] [105/326] RFNP
[03:03:23] [106/326] PDCP
[03:03:24] [107/326] NPSE
[03:03:25] [108/326] MKML
[03:03:26] [109/326] FTDP
[03:03:27] [110/326] MMXA
[03:03:28] [111/326] CEPO
[03:03:29] [112/326] CMVP
[03:03:30] [113/326] SGTH
[03:03:30] [114/326] SAYN
[03:03:31] 🔄 Identity reset
[03:03:31] 🔄 Identity rotated (every 10 requests)
[03:03:31] [115/326] URVS
[03:03:32] [116/326] VJTN
[03:03:33] [117/326] BBYK
[03:03:34] [118/326] SHBO
[03:03:35] [119/326] VCMR
[03:03:37] [120/326] MACT
[03:03:38] [121/326] JMNP
[03:03:39] [122/326] VICS
[03:03:40] [123/326] VCDA
[03:03:41] [124/326] GCMM
[03:03:42] 🔄 Identity reset
[03:03:42] 🔄 Identity rotated (every 10 requests)
[03:03:42] [125/326] INVS
[03:03:43] [126/326] SCGM
[03:03:43] [127/326] PCDA
[03:03:44] [128/326] KDCT
[03:03:45] [129/326] JACS
[03:03:46] [130/326] GMMC
[03:03:47] [131/326] AICM
[03:03:48] [132/326] TJCM
[03:03:49] [133/326] RMTI
[03:03:50] [134/326] SHAC
[03:03:50] 🔄 Identity reset
[03:03:50] 🔄 Identity rotated (every 10 requests)
[03:03:51] [135/326] APJC
[03:03:52] [136/326] GCTG
[03:03:53] [137/326] SSMC
[03:03:53] [138/326] THRM
[03:03:54] [139/326] RBCT
[03:03:55] [140/326] DIKT
[03:03:56] [141/326] MIDL
[03:03:56] [142/326] VCSN
[03:03:58] [143/326] SKTG
[03:03:59] [144/326] SMWC
[03:03:59] 🔄 Identity reset
[03:03:59] 🔄 Identity rotated (every 10 requests)
[03:04:00] [145/326] MNKH
[03:04:00] [146/326] PIAT
[03:04:01] [147/326] LTTP
[03:04:02] [148/326] PTPU
[03:04:03] [149/326] ACMG
[03:04:04] [150/326] SHMM
[03:04:05] [151/326] MCMN
[03:04:06] [152/326] GLDC
[03:04:07] [153/326] HOUT
[03:04:07] [154/326] SVRP
[03:04:08] 🔄 Identity reset
[03:04:08] 🔄 Identity rotated (every 10 requests)
[03:04:08] [155/326] PVDN
[03:04:09] [156/326] SCPY
[03:04:10] [157/326] DTPY
[03:04:10] [158/326] GKCS
[03:04:11] [159/326] NCAM
[03:04:12] [160/326] BSRM
[03:04:13] [161/326] RCLC
[03:04:14] [162/326] SKKD
[03:04:15] [163/326] ACHU
[03:04:16] [164/326] RSCF
[03:04:16] 🔄 Identity reset
[03:04:16] 🔄 Identity rotated (every 10 requests)
[03:04:16] [165/326] IMSH
[03:04:18] [166/326] MACX
[03:04:19] [167/326] HMMW
[03:04:20] [168/326] JTCP
[03:04:20] [169/326] SREN
[03:04:21] [170/326] PJRR
[03:04:23] [171/326] INAC
[03:04:24] [172/326] BMCA
[03:04:24] [173/326] SHCB
[03:04:25] [174/326] GABA
[03:04:26] 🔄 Identity reset
[03:04:26] 🔄 Identity rotated (every 10 requests)
[03:04:26] 🔄 Retry 1/5 for GABA in 2.4s
[03:04:26] 🔄 Identity reset
[03:04:28] 🧠 New identity created
[03:04:28] [175/326] SBCT
[03:04:30] [176/326] GCMA
[03:04:31] [177/326] MYTK
[03:04:32] [178/326] INZS
[03:04:32] [179/326] RMIK
[03:04:33] [180/326] NYCH
[03:04:34] [181/326] RAVE
[03:04:35] [182/326] PSXM
[03:04:37] [183/326] MCGP
[03:04:37] 🔄 Identity reset
[03:04:37] 🔄 Identity rotated (every 10 requests)
[03:04:37] [184/326] PDDK
[03:04:38] [185/326] SPCK
[03:04:39] [186/326] MCRL
[03:04:40] [187/326] MHKT
[03:04:40] [188/326] ANRR
[03:04:42] [189/326] SAPK
[03:04:43] [190/326] NCUK
[03:04:44] [191/326] JUGA
[03:04:45] [192/326] DBSC
[03:04:46] [193/326] LALK
[03:04:46] 🔄 Identity reset
[03:04:46] 🔄 Identity rotated (every 10 requests)
[03:04:47] [194/326] GUCK
[03:04:48] [195/326] STSG
[03:04:49] [196/326] PPPZ
[03:04:50] [197/326] CNCY
[03:04:51] [198/326] MTAR
[03:04:52] [199/326] VNKD
[03:04:53] [200/326] KMAJ
[03:04:53] [201/326] ACXK
[03:04:54] [202/326] UTKC
[03:04:55] [203/326] PBLK
[03:04:56] 🔄 Identity reset
[03:04:56] 🔄 Identity rotated (every 10 requests)
[03:04:56] [204/326] ACBX
[03:04:57] [205/326] PTGM
[03:04:58] [206/326] BTDA
[03:04:59] [207/326] PJMB
[03:05:00] [208/326] TPDA
[03:05:02] [209/326] AMOE
[03:05:02] [210/326] PRHT
[03:05:03] [211/326] PRTA
[03:05:04] [212/326] STAM
[03:05:05] [213/326] MSAA
[03:05:05] 🔄 Identity reset
[03:05:05] 🔄 Identity rotated (every 10 requests)
[03:05:06] [214/326] SDLU
[03:05:07] [215/326] RCHH
[03:05:07] [216/326] KANT
[03:05:08] [217/326] FCRT
[03:05:09] [218/326] DNKM
[03:05:10] [219/326] RYCP
[03:05:11] [220/326] MYRP
[03:05:12] [221/326] PPAK
[03:05:13] [222/326] NVPK
[03:05:13] [223/326] PRMC
[03:05:14] 🔄 Identity reset
[03:05:14] 🔄 Identity rotated (every 10 requests)
[03:05:14] 🔄 Retry 1/5 for PRMC in 2.3s
[03:05:14] 🔄 Identity reset
[03:05:16] 🧠 New identity created
[03:05:17] [224/326] JBCS
[03:05:18] [225/326] GXCK
[03:05:19] [226/326] USKO
[03:05:19] [227/326] GTEM
[03:05:20] [228/326] SMBU
[03:05:21] [229/326] VETC
[03:05:22] [230/326] LCDA
[03:05:23] [231/326] MTVT
[03:05:24] [232/326] PYCP
[03:05:24] 🔄 Identity reset
[03:05:24] 🔄 Identity rotated (every 10 requests)
[03:05:24] 🔄 Retry 1/5 for PYCP in 2.5s
[03:05:24] 🔄 Identity reset
[03:05:27] 🧠 New identity created
[03:05:27] 🔄 Retry 2/5 for PYCP in 4.1s
[03:05:27] 🔄 Identity reset
[03:05:31] 🧠 New identity created
[03:05:31] [233/326] PNSC
[03:05:32] [234/326] PPCC
[03:05:33] [235/326] TGRT
[03:05:34] [236/326] JYOT
[03:05:35] [237/326] SRCZ
[03:05:36] [238/326] SJTE
[03:05:36] [239/326] DESC
[03:05:37] [240/326] JHVN
[03:05:38] 🔄 Identity reset
[03:05:38] 🔄 Identity rotated (every 10 requests)
[03:05:38] [241/326] IPSG
[03:05:39] [242/326] IPCM
[03:05:40] [243/326] PDRS
[03:05:41] [244/326] ANCV
[03:05:42] [245/326] CMVV
[03:05:42] [246/326] SHYP
[03:05:43] [247/326] DNCS
[03:05:44] [248/326] GAJK
[03:05:45] [249/326] AKTN
[03:05:46] [250/326] KAYA
[03:05:46] 🔄 Identity reset
[03:05:46] 🔄 Identity rotated (every 10 requests)
[03:05:47] [251/326] SBRC
[03:05:48] [252/326] CHTP
[03:05:49] [253/326] SHRT
[03:05:49] [254/326] BCKU
[03:05:51] [255/326] FCPS
[03:05:52] [256/326] ARDD
[03:05:53] [257/326] CPCM
[03:05:54] [258/326] CGSM
[03:05:56] [259/326] PSMP
[03:05:57] [260/326] SDAL
[03:05:57] 🔄 Identity reset
[03:05:57] 🔄 Identity rotated (every 10 requests)
[03:05:58] [261/326] RTNB
[03:05:59] [262/326] LMCR
[03:06:00] [263/326] CIMA
[03:06:01] [264/326] RNAS
[03:06:01] [265/326] LITH
[03:06:02] [266/326] PBOX
[03:06:03] [267/326] FRTS
[03:06:04] [268/326] RKIC
[03:06:05] [269/326] PTAI
[03:06:06] [270/326] GCIC
[03:06:06] 🔄 Identity reset
[03:06:06] 🔄 Identity rotated (every 10 requests)
[03:06:06] 🔄 Retry 1/5 for GCIC in 2.2s
[03:06:06] 🔄 Identity reset
[03:06:08] 🧠 New identity created
[03:06:09] [271/326] FNAS
[03:06:10] [272/326] SCAR
[03:06:10] [273/326] MTCA
[03:06:11] [274/326] SCTS
[03:06:12] [275/326] SYCS
[03:06:13] [276/326] RDMS
[03:06:14] [277/326] KAMP
[03:06:16] [278/326] ERSD
[03:06:16] [279/326] MJMJ
[03:06:17] 🔄 Identity reset
[03:06:17] 🔄 Identity rotated (every 10 requests)
[03:06:17] [280/326] SRCJ
[03:06:18] [281/326] SCXE
[03:06:19] [282/326] SVFR
[03:06:20] [283/326] BHCS
[03:06:20] [284/326] IMCC
[03:06:21] [285/326] PCBO
[03:06:22] [286/326] PRVN
[03:06:23] [287/326] AUPM
[03:06:24] [288/326] INBW
[03:06:25] [289/326] SVCW
[03:06:25] 🔄 Identity reset
[03:06:25] 🔄 Identity rotated (every 10 requests)
[03:06:25] [290/326] RKCF
[03:06:26] [291/326] UVBH
[03:06:27] [292/326] DNCY
[03:06:28] [293/326] ABCN
[03:06:28] [294/326] PRUR
[03:06:29] [295/326] PFMR
[03:06:30] [296/326] RKCN
[03:06:31] [297/326] CFEA
[03:06:32] [298/326] SDBG
[03:06:33] [299/326] SNAR
[03:06:33] 🔄 Identity reset
[03:06:33] 🔄 Identity rotated (every 10 requests)
[03:06:34] [300/326] YISI
[03:06:35] [301/326] JCFF
[03:06:36] [302/326] VTRK
[03:06:37] [303/326] PCLZ
[03:06:38] [304/326] DIMY
[03:06:38] [305/326] BBTS
[03:06:39] [306/326] GATH
[03:06:40] [307/326] GTMN
[03:06:41] [308/326] VTMH
[03:06:42] [309/326] CCKP
[03:06:42] 🔄 Identity reset
[03:06:42] 🔄 Identity rotated (every 10 requests)
[03:06:43] [310/326] GPKA
[03:06:43] [311/326] MHCL
[03:06:44] [312/326] ATCL
[03:06:45] [313/326] SBCK
[03:06:46] [314/326] AMMR
[03:06:46] [315/326] MADC
[03:06:47] [316/326] TMMA
[03:06:48] [317/326] CACC
[03:06:49] [318/326] CHAL
[03:06:49] [319/326] DURG
[03:06:50] 🔄 Identity reset
[03:06:50] 🔄 Identity rotated (every 10 requests)
[03:06:50] [320/326] GMKU
[03:06:51] [321/326] GECA
[03:06:52] [322/326] KYRR
[03:06:53] [323/326] KSDE
[03:06:54] [324/326] LMCI
[03:06:54] [325/326] NKCP
[03:06:55] [326/326] BGTC
[03:06:56] 🧹 Deduping shows
[03:06:56] ✅ DONE | Shows=312 | Movies=24
[08:35:03] 🚀 SCRIPT STARTED (enhanced anti‑detection)
[08:35:03] [1/326] BSAT
[08:35:04] 🧠 New identity created
[08:35:04] 🔄 Retry 1/5 for BSAT in 2.1s
[08:35:04] 🔄 Identity reset
[08:35:06] 🧠 New identity created
[08:35:06] [2/326] RSSM
[08:35:07] [3/326] GCTA
[08:35:08] [4/326] TOPN
[08:35:09] [5/326] MCUS
[08:35:10] [6/326] SHRL
[08:35:11] [7/326] UPTP
[08:35:12] [8/326] TMMP
[08:35:12] [9/326] DNRP
[08:35:13] 🔄 Identity reset
[08:35:13] 🔄 Identity rotated (every 10 requests)
[08:35:13] [10/326] SRLT
[08:35:14] [11/326] RCNS
[08:35:15] [12/326] DCBH
[08:35:16] [13/326] NAGJ
[08:35:17] [14/326] JVRC
[08:35:17] [15/326] KRJG
[08:35:18] [16/326] SRTJ
[08:35:19] [17/326] CMXM
[08:35:19] [18/326] STMI
[08:35:20] [19/326] SLST
[08:35:20] 🔄 Identity reset
[08:35:20] 🔄 Identity rotated (every 10 requests)
[08:35:21] [20/326] DTCN
[08:35:22] [21/326] STYN
[08:35:23] [22/326] SZVR
[08:35:24] [23/326] SRKO
[08:35:25] [24/326] JTGT
[08:35:25] [25/326] SVFD
[08:35:26] [26/326] SISD
[08:35:27] [27/326] ABDD
[08:35:27] [28/326] DRCA
[08:35:28] [29/326] AVCS
[08:35:29] 🔄 Identity reset
[08:35:29] 🔄 Identity rotated (every 10 requests)
[08:35:29] 🔄 Retry 1/5 for AVCS in 2.9s
[08:35:29] 🔄 Identity reset
[08:35:32] 🧠 New identity created
[08:35:32] 🔄 Retry 2/5 for AVCS in 4.5s
[08:35:32] 🔄 Identity reset
[08:35:36] 🧠 New identity created
[08:35:36] 🔄 Retry 3/5 for AVCS in 8.0s
[08:35:36] 🔄 Identity reset
[08:35:44] 🧠 New identity created
[08:35:45] [30/326] MVKH
[08:35:46] [31/326] ACPR
[08:35:46] [32/326] STIP
[08:35:47] [33/326] MTRA
[08:35:48] [34/326] RMKH
[08:35:48] [35/326] NKRL
[08:35:49] [36/326] PCWN
[08:35:50] 🔄 Identity reset
[08:35:50] 🔄 Identity rotated (every 10 requests)
[08:35:50] [37/326] BLMT
[08:35:51] [38/326] GDPG
[08:35:51] [39/326] SRMX
[08:35:52] [40/326] JACP
[08:35:53] [41/326] CPSH
[08:35:53] [42/326] MCCD
[08:35:54] [43/326] ECGH
[08:35:55] [44/326] MKCK
[08:35:55] [45/326] SRMM
[08:35:56] [46/326] SKYR
[08:35:56] 🔄 Identity reset
[08:35:56] 🔄 Identity rotated (every 10 requests)
[08:35:56] 🔄 Retry 1/5 for SKYR in 2.9s
[08:35:56] 🔄 Identity reset
[08:35:59] 🧠 New identity created
[08:35:59] [47/326] PCKC
[08:36:00] [48/326] JCMA
[08:36:01] [49/326] BSMP
[08:36:02] [50/326] VSPA
[08:36:02] [51/326] DJYA
[08:36:03] [52/326] DIMP
[08:36:04] [53/326] FXDR
[08:36:04] [54/326] SSRC
[08:36:05] [55/326] STHP
[08:36:06] 🔄 Identity reset
[08:36:06] 🔄 Identity rotated (every 10 requests)
[08:36:06] [56/326] CPPD
[08:36:07] [57/326] FCLK
[08:36:08] [58/326] SCPP
[08:36:08] [59/326] DCMJ
[08:36:09] [60/326] RCCR
[08:36:11] [61/326] INMT
[08:36:11] [62/326] LXTK
[08:36:12] [63/326] SRYK
[08:36:13] [64/326] SGDK
[08:36:13] [65/326] PPKA
[08:36:14] 🔄 Identity reset
[08:36:14] 🔄 Identity rotated (every 10 requests)
[08:36:14] [66/326] SPKA
[08:36:15] [67/326] CGHH
[08:36:16] [68/326] DCJN
[08:36:17] [69/326] SRKV
[08:36:17] [70/326] SAJC
[08:36:18] [71/326] SUSR
[08:36:19] [72/326] STYG
[08:36:19] [73/326] NTKP
[08:36:20] [74/326] AKTG
[08:36:21] [75/326] CGCM
[08:36:21] 🔄 Identity reset
[08:36:21] 🔄 Identity rotated (every 10 requests)
[08:36:22] [76/326] TULC
[08:36:22] [77/326] NYYZ
[08:36:23] [78/326] NYBW
[08:36:24] [79/326] MACB
[08:36:24] [80/326] SLVT
[08:36:26] [81/326] SANA
[08:36:27] [82/326] ACMR
[08:36:27] [83/326] CPKN
[08:36:28] [84/326] DLGK
[08:36:29] [85/326] CWCK
[08:36:30] 🔄 Identity reset
[08:36:30] 🔄 Identity rotated (every 10 requests)
[08:36:30] 🔄 Retry 1/5 for CWCK in 2.6s
[08:36:30] 🔄 Identity reset
[08:36:32] 🧠 New identity created
[08:36:33] [86/326] FDDH
[08:36:33] [87/326] MMMD
[08:36:34] [88/326] CMEH
[08:36:35] [89/326] GGGV
[08:36:36] [90/326] SPJL
[08:36:36] [91/326] RCCD
[08:36:37] [92/326] STTZ
[08:36:38] [93/326] BTCF
[08:36:39] [94/326] TSTZ
[08:36:39] 🔄 Identity reset
[08:36:39] 🔄 Identity rotated (every 10 requests)
[08:36:39] 🔄 Retry 1/5 for TSTZ in 2.9s
[08:36:39] 🔄 Identity reset
[08:36:42] 🧠 New identity created
[08:36:42] [95/326] IPMM
[08:36:43] [96/326] PMPW
[08:36:44] [97/326] PCMZ
[08:36:44] [98/326] ESEM
[08:36:45] [99/326] PIPO
[08:36:46] [100/326] MATK
[08:36:46] [101/326] PGHM
[08:36:47] [102/326] CTSR
[08:36:48] [103/326] CYKR
[08:36:48] 🔄 Identity reset
[08:36:48] 🔄 Identity rotated (every 10 requests)
[08:36:49] [104/326] MSCM
[08:36:49] [105/326] RFNP
[08:36:50] [106/326] PDCP
[08:36:50] [107/326] NPSE
[08:36:51] [108/326] MKML
[08:36:52] [109/326] FTDP
[08:36:53] [110/326] MMXA
[08:36:53] [111/326] CEPO
[08:36:54] [112/326] CMVP
[08:36:55] [113/326] SGTH
[08:36:55] 🔄 Identity reset
[08:36:55] 🔄 Identity rotated (every 10 requests)
[08:36:55] 🔄 Retry 1/5 for SGTH in 2.3s
[08:36:55] 🔄 Identity reset
[08:36:58] 🧠 New identity created
[08:36:58] [114/326] SAYN
[08:36:58] [115/326] URVS
[08:36:59] [116/326] VJTN
[08:37:00] [117/326] BBYK
[08:37:01] [118/326] SHBO
[08:37:02] [119/326] VCMR
[08:37:02] [120/326] MACT
[08:37:03] [121/326] JMNP
[08:37:04] [122/326] VICS
[08:37:04] 🔄 Identity reset
[08:37:04] 🔄 Identity rotated (every 10 requests)
[08:37:04] 🔄 Retry 1/5 for VICS in 2.6s
[08:37:04] 🔄 Identity reset
[08:37:07] 🧠 New identity created
[08:37:07] [123/326] VCDA
[08:37:07] [124/326] GCMM
[08:37:08] [125/326] INVS
[08:37:09] [126/326] SCGM
[08:37:10] [127/326] PCDA
[08:37:10] [128/326] KDCT
[08:37:11] [129/326] JACS
[08:37:12] [130/326] GMMC
[08:37:12] [131/326] AICM
[08:37:13] 🔄 Identity reset
[08:37:13] 🔄 Identity rotated (every 10 requests)
[08:37:13] [132/326] TJCM
[08:37:14] [133/326] RMTI
[08:37:14] [134/326] SHAC
[08:37:15] [135/326] APJC
[08:37:16] [136/326] GCTG
[08:37:18] [137/326] SSMC
[08:37:18] [138/326] THRM
[08:37:19] [139/326] RBCT
[08:37:20] [140/326] DIKT
[08:37:21] [141/326] MIDL
[08:37:21] 🔄 Identity reset
[08:37:21] 🔄 Identity rotated (every 10 requests)
[08:37:21] [142/326] VCSN
[08:37:22] [143/326] SKTG
[08:37:23] [144/326] SMWC
[08:37:23] [145/326] MNKH
[08:37:24] [146/326] PIAT
[08:37:24] [147/326] LTTP
[08:37:25] [148/326] PTPU
[08:37:26] [149/326] ACMG
[08:37:27] [150/326] SHMM
[08:37:27] [151/326] MCMN
[08:37:28] 🔄 Identity reset
[08:37:28] 🔄 Identity rotated (every 10 requests)
[08:37:28] [152/326] GLDC
[08:37:29] [153/326] HOUT
[08:37:30] [154/326] SVRP
[08:37:31] [155/326] PVDN
[08:37:31] [156/326] SCPY
[08:37:32] [157/326] DTPY
[08:37:33] [158/326] GKCS
[08:37:34] [159/326] NCAM
[08:37:35] [160/326] BSRM
[08:37:36] [161/326] RCLC
[08:37:36] 🔄 Identity reset
[08:37:36] 🔄 Identity rotated (every 10 requests)
[08:37:36] 🔄 Retry 1/5 for RCLC in 2.7s
[08:37:36] 🔄 Identity reset
[08:37:39] 🧠 New identity created
[08:37:39] 🔄 Retry 2/5 for RCLC in 4.4s
[08:37:39] 🔄 Identity reset
[08:37:44] 🧠 New identity created
[08:37:44] 🔄 Retry 3/5 for RCLC in 8.2s
[08:37:44] 🔄 Identity reset
[08:37:52] 🧠 New identity created
[08:37:52] [162/326] SKKD
[08:37:53] [163/326] ACHU
[08:37:54] [164/326] RSCF
[08:37:55] [165/326] IMSH
[08:37:55] [166/326] MACX
[08:37:56] [167/326] HMMW
[08:37:57] [168/326] JTCP
[08:37:58] 🔄 Identity reset
[08:37:58] 🔄 Identity rotated (every 10 requests)
[08:37:58] 🔄 Retry 1/5 for JTCP in 2.5s
[08:37:58] 🔄 Identity reset
[08:38:01] 🧠 New identity created
[08:38:01] 🔄 Retry 2/5 for JTCP in 4.0s
[08:38:01] 🔄 Identity reset
[08:38:05] 🧠 New identity created
[08:38:05] [169/326] SREN
[08:38:05] [170/326] PJRR
[08:38:06] [171/326] INAC
[08:38:07] [172/326] BMCA
[08:38:08] [173/326] SHCB
[08:38:08] [174/326] GABA
[08:38:09] [175/326] SBCT
[08:38:10] [176/326] GCMA
[08:38:10] 🔄 Identity reset
[08:38:11] 🔄 Identity rotated (every 10 requests)
[08:38:11] 🔄 Retry 1/5 for GCMA in 2.2s
[08:38:11] 🔄 Identity reset
[08:38:13] 🧠 New identity created
[08:38:13] 🔄 Retry 2/5 for GCMA in 4.4s
[08:38:13] 🔄 Identity reset
[08:38:17] 🧠 New identity created
[08:38:17] [177/326] MYTK
[08:38:18] [178/326] INZS
[08:38:19] [179/326] RMIK
[08:38:20] [180/326] NYCH
[08:38:20] [181/326] RAVE
[08:38:21] [182/326] PSXM
[08:38:22] [183/326] MCGP
[08:38:23] [184/326] PDDK
[08:38:23] 🔄 Identity reset
[08:38:23] 🔄 Identity rotated (every 10 requests)
[08:38:24] [185/326] SPCK
[08:38:24] [186/326] MCRL
[08:38:25] [187/326] MHKT
[08:38:26] [188/326] ANRR
[08:38:27] [189/326] SAPK
[08:38:27] [190/326] NCUK
[08:38:28] [191/326] JUGA
[08:38:29] [192/326] DBSC
[08:38:30] [193/326] LALK
[08:38:31] [194/326] GUCK
[08:38:31] 🔄 Identity reset
[08:38:31] 🔄 Identity rotated (every 10 requests)
[08:38:31] [195/326] STSG
[08:38:32] [196/326] PPPZ
[08:38:33] [197/326] CNCY
[08:38:34] [198/326] MTAR
[08:38:35] [199/326] VNKD
[08:38:35] [200/326] KMAJ
[08:38:36] [201/326] ACXK
[08:38:37] [202/326] UTKC
[08:38:38] [203/326] PBLK
[08:38:39] [204/326] ACBX
[08:38:39] 🔄 Identity reset
[08:38:39] 🔄 Identity rotated (every 10 requests)
[08:38:40] [205/326] PTGM
[08:38:40] [206/326] BTDA
[08:38:41] [207/326] PJMB
[08:38:42] [208/326] TPDA
[08:38:42] [209/326] AMOE
[08:38:43] [210/326] PRHT
[08:38:44] [211/326] PRTA
[08:38:46] [212/326] STAM
[08:38:46] [213/326] MSAA
[08:38:47] [214/326] SDLU
[08:38:48] 🔄 Identity reset
[08:38:48] 🔄 Identity rotated (every 10 requests)
[08:38:48] 🔄 Retry 1/5 for SDLU in 2.1s
[08:38:48] 🔄 Identity reset
[08:38:50] 🧠 New identity created
[08:38:50] 🔄 Retry 2/5 for SDLU in 4.8s
[08:38:50] 🔄 Identity reset
[08:38:55] 🧠 New identity created
[08:38:55] [215/326] RCHH
[08:38:56] [216/326] KANT
[08:38:57] [217/326] FCRT
[08:38:58] [218/326] DNKM
[08:38:59] [219/326] RYCP
[08:39:00] [220/326] MYRP
[08:39:01] [221/326] PPAK
[08:39:02] [222/326] NVPK
[08:39:03] 🔄 Identity reset
[08:39:03] 🔄 Identity rotated (every 10 requests)
[08:39:03] [223/326] PRMC
[08:39:04] [224/326] JBCS
[08:39:05] [225/326] GXCK
[08:39:06] [226/326] USKO
[08:39:06] [227/326] GTEM
[08:39:07] [228/326] SMBU
[08:39:08] [229/326] VETC
[08:39:08] [230/326] LCDA
[08:39:09] [231/326] MTVT
[08:39:11] [232/326] PYCP
[08:39:11] 🔄 Identity reset
[08:39:11] 🔄 Identity rotated (every 10 requests)
[08:39:12] [233/326] PNSC
[08:39:13] [234/326] PPCC
[08:39:13] [235/326] TGRT
[08:39:14] [236/326] JYOT
[08:39:15] [237/326] SRCZ
[08:39:16] [238/326] SJTE
[08:39:17] [239/326] DESC
[08:39:18] [240/326] JHVN
[08:39:19] [241/326] IPSG
[08:39:20] [242/326] IPCM
[08:39:21] 🔄 Identity reset
[08:39:21] 🔄 Identity rotated (every 10 requests)
[08:39:21] 🔄 Retry 1/5 for IPCM in 2.5s
[08:39:21] 🔄 Identity reset
[08:39:24] 🧠 New identity created
[08:39:24] [243/326] PDRS
[08:39:25] [244/326] ANCV
[08:39:26] [245/326] CMVV
[08:39:26] [246/326] SHYP
[08:39:27] [247/326] DNCS
[08:39:28] [248/326] GAJK
[08:39:29] [249/326] AKTN
[08:39:29] [250/326] KAYA
[08:39:30] [251/326] SBRC
[08:39:31] 🔄 Identity reset
[08:39:31] 🔄 Identity rotated (every 10 requests)
[08:39:31] [252/326] CHTP
[08:39:32] [253/326] SHRT
[08:39:33] [254/326] BCKU
[08:39:34] [255/326] FCPS
[08:39:36] [256/326] ARDD
[08:39:37] [257/326] CPCM
[08:39:38] [258/326] CGSM
[08:39:39] [259/326] PSMP
[08:39:40] [260/326] SDAL
[08:39:41] [261/326] RTNB
[08:39:41] 🔄 Identity reset
[08:39:41] 🔄 Identity rotated (every 10 requests)
[08:39:41] [262/326] LMCR
[08:39:43] [263/326] CIMA
[08:39:44] [264/326] RNAS
[08:39:45] [265/326] LITH
[08:39:46] [266/326] PBOX
[08:39:46] [267/326] FRTS
[08:39:47] [268/326] RKIC
[08:39:48] [269/326] PTAI
[08:39:49] [270/326] GCIC
[08:39:50] [271/326] FNAS
[08:39:50] 🔄 Identity reset
[08:39:50] 🔄 Identity rotated (every 10 requests)
[08:39:51] [272/326] SCAR
[08:39:52] [273/326] MTCA
[08:39:52] [274/326] SCTS
[08:39:53] [275/326] SYCS
[08:39:54] [276/326] RDMS
[08:39:55] [277/326] KAMP
[08:39:56] [278/326] ERSD
[08:39:57] [279/326] MJMJ
[08:39:58] [280/326] SRCJ
[08:39:59] [281/326] SCXE
[08:39:59] 🔄 Identity reset
[08:40:00] 🔄 Identity rotated (every 10 requests)
[08:40:00] [282/326] SVFR
[08:40:00] [283/326] BHCS
[08:40:01] [284/326] IMCC
[08:40:02] [285/326] PCBO
[08:40:03] [286/326] PRVN
[08:40:03] [287/326] AUPM
[08:40:04] [288/326] INBW
[08:40:05] [289/326] SVCW
[08:40:07] [290/326] RKCF
[08:40:08] [291/326] UVBH
[08:40:08] 🔄 Identity reset
[08:40:08] 🔄 Identity rotated (every 10 requests)
[08:40:08] [292/326] DNCY
[08:40:09] [293/326] ABCN
[08:40:10] [294/326] PRUR
[08:40:11] [295/326] PFMR
[08:40:12] [296/326] RKCN
[08:40:12] [297/326] CFEA
[08:40:13] [298/326] SDBG
[08:40:14] [299/326] SNAR
[08:40:15] [300/326] YISI
[08:40:16] [301/326] JCFF
[08:40:16] 🔄 Identity reset
[08:40:16] 🔄 Identity rotated (every 10 requests)
[08:40:16] [302/326] VTRK
[08:40:17] [303/326] PCLZ
[08:40:18] [304/326] DIMY
[08:40:19] [305/326] BBTS
[08:40:20] [306/326] GATH
[08:40:21] [307/326] GTMN
[08:40:21] [308/326] VTMH
[08:40:22] [309/326] CCKP
[08:40:23] [310/326] GPKA
[08:40:24] [311/326] MHCL
[08:40:24] 🔄 Identity reset
[08:40:24] 🔄 Identity rotated (every 10 requests)
[08:40:24] 🔄 Retry 1/5 for MHCL in 2.2s
[08:40:24] 🔄 Identity reset
[08:40:26] 🧠 New identity created
[08:40:27] [312/326] ATCL
[08:40:27] [313/326] SBCK
[08:40:28] [314/326] AMMR
[08:40:29] [315/326] MADC
[08:40:30] [316/326] TMMA
[08:40:31] [317/326] CACC
[08:40:32] [318/326] CHAL
[08:40:33] [319/326] DURG
[08:40:33] [320/326] GMKU
[08:40:34] 🔄 Identity reset
[08:40:34] 🔄 Identity rotated (every 10 requests)
[08:40:34] [321/326] GECA
[08:40:35] [322/326] KYRR
[08:40:36] [323/326] KSDE
[08:40:37] [324/326] LMCI
[08:40:38] [325/326] NKCP
[08:40:39] [326/326] BGTC
[08:40:40] 🧹 Deduping shows
[08:40:40] ✅ DONE | Shows=312 | Movies=24
