[10:21:40] 🚀 SCRIPT STARTED (enhanced anti‑detection)
[10:21:40] [1/445] TGMR
[10:21:41] 🧠 New identity created
[10:21:41] [2/445] CXKR
[10:21:43] [3/445] SROP
[10:21:44] [4/445] GTSV
[10:21:45] [5/445] SNTY
[10:21:46] [6/445] SMYY
[10:21:46] [7/445] CNCS
[10:21:47] [8/445] CSTM
[10:21:48] [9/445] NUCD
[10:21:50] [10/445] SHCZ
[10:21:50] 🔄 Identity reset
[10:21:50] 🔄 Identity rotated (every 10 requests)
[10:21:50] [11/445] NJCT
[10:21:51] [12/445] COPC
[10:21:52] [13/445] STVV
[10:21:53] [14/445] SKRN
[10:21:54] [15/445] APPZ
[10:21:55] [16/445] YMGN
[10:21:56] [17/445] SVTU
[10:21:56] [18/445] GTAD
[10:21:57] [19/445] PSUS
[10:21:58] [20/445] SMCD
[10:21:59] 🔄 Identity reset
[10:21:59] 🔄 Identity rotated (every 10 requests)
[10:22:00] [21/445] CMCM
[10:22:01] [22/445] SYCT
[10:22:01] [23/445] STLY
[10:22:02] [24/445] CMHU
[10:22:03] [25/445] CMSA
[10:22:04] [26/445] CLCU
[10:22:05] [27/445] PPNT
[10:22:06] [28/445] JTAB
[10:22:07] [29/445] BUUC
[10:22:08] [30/445] BSVK
[10:22:09] 🔄 Identity reset
[10:22:09] 🔄 Identity rotated (every 10 requests)
[10:22:09] [31/445] VVVQ
[10:22:10] [32/445] TKMU
[10:22:11] [33/445] ESYL
[10:22:12] [34/445] ACHP
[10:22:12] [35/445] BTKD
[10:22:13] [36/445] DESA
[10:22:14] [37/445] GBCT
[10:22:15] [38/445] BLLD
[10:22:16] [39/445] SKNT
[10:22:17] [40/445] SSTE
[10:22:17] 🔄 Identity reset
[10:22:17] 🔄 Identity rotated (every 10 requests)
[10:22:17] [41/445] VJMR
[10:22:18] [42/445] NTPU
[10:22:19] [43/445] RDKN
[10:22:20] [44/445] ADGC
[10:22:21] [45/445] VRBP
[10:22:22] [46/445] NMNA
[10:22:23] [47/445] CMMX
[10:22:24] [48/445] PTKO
[10:22:25] [49/445] RBML
[10:22:26] [50/445] SAIC
[10:22:26] 🔄 Identity reset
[10:22:26] 🔄 Identity rotated (every 10 requests)
[10:22:27] [51/445] SVTJ
[10:22:27] [52/445] MRTE
[10:22:28] [53/445] RBTP
[10:22:29] [54/445] NLPS
[10:22:30] [55/445] GTNA
[10:22:31] [56/445] DGGC
[10:22:32] [57/445] SMCR
[10:22:32] [58/445] SCGD
[10:22:33] [59/445] SRRJ
[10:22:34] [60/445] CNRY
[10:22:35] 🔄 Identity reset
[10:22:35] 🔄 Identity rotated (every 10 requests)
[10:22:35] [61/445] KTDI
[10:22:36] [62/445] SNJL
[10:22:36] [63/445] RKMD
[10:22:37] [64/445] SMDC
[10:22:38] [65/445] TADG
[10:22:39] [66/445] MCGS
[10:22:41] [67/445] PETK
[10:22:41] [68/445] CHAG
[10:22:42] [69/445] KSTL
[10:22:43] [70/445] AADS
[10:22:44] 🔄 Identity reset
[10:22:44] 🔄 Identity rotated (every 10 requests)
[10:22:44] [71/445] NTHZ
[10:22:45] [72/445] HCKI
[10:22:46] [73/445] SSEF
[10:22:47] [74/445] MCGX
[10:22:48] [75/445] ERRA
[10:22:49] [76/445] SDTW
[10:22:50] [77/445] RMPK
[10:22:51] [78/445] PTHK
[10:22:51] [79/445] PXCS
[10:22:52] [80/445] SVLU
[10:22:53] 🔄 Identity reset
[10:22:53] 🔄 Identity rotated (every 10 requests)
[10:22:54] [81/445] STAH
[10:22:54] [82/445] JRGF
[10:22:55] [83/445] CDOK
[10:22:56] [84/445] CMSG
[10:22:57] [85/445] APTD
[10:22:58] [86/445] KMPG
[10:22:59] [87/445] MUTJ
[10:23:00] [88/445] VCCI
[10:23:01] [89/445] URBE
[10:23:01] [90/445] TCTS
[10:23:02] 🔄 Identity reset
[10:23:02] 🔄 Identity rotated (every 10 requests)
[10:23:02] [91/445] STSN
[10:23:03] [92/445] AKCH
[10:23:05] [93/445] APSC
[10:23:05] [94/445] VLTB
[10:23:07] [95/445] SANU
[10:23:08] [96/445] AXAM
[10:23:09] [97/445] MGMG
[10:23:09] [98/445] HTBY
[10:23:10] [99/445] MMZS
[10:23:11] [100/445] SUDR
[10:23:12] 🔄 Identity reset
[10:23:12] 🔄 Identity rotated (every 10 requests)
[10:23:12] [101/445] CCAD
[10:23:14] [102/445] SKKC
[10:23:15] [103/445] RMCD
[10:23:16] [104/445] SBCQ
[10:23:17] [105/445] DCCT
[10:23:18] [106/445] VTKP
[10:23:19] [107/445] MLAM
[10:23:20] [108/445] SAVT
[10:23:21] [109/445] GEPL
[10:23:22] [110/445] AMCD
[10:23:22] 🔄 Identity reset
[10:23:22] 🔄 Identity rotated (every 10 requests)
[10:23:23] [111/445] CCXR
[10:23:23] [112/445] GRNG
[10:23:24] [113/445] EBCA
[10:23:25] [114/445] CNVG
[10:23:26] [115/445] MWSS
[10:23:27] [116/445] VBOR
[10:23:28] [117/445] NEEB
[10:23:29] [118/445] SUTH
[10:23:30] [119/445] ANDB
[10:23:32] [120/445] MMXS
[10:23:32] 🔄 Identity reset
[10:23:33] 🔄 Identity rotated (every 10 requests)
[10:23:33] [121/445] CNPD
[10:23:34] [122/445] SDCE
[10:23:34] [123/445] DHCB
[10:23:35] [124/445] ODEN
[10:23:36] [125/445] TNTC
[10:23:37] [126/445] VBKM
[10:23:38] [127/445] RZYM
[10:23:39] [128/445] JEMC
[10:23:40] [129/445] CMAU
[10:23:40] [130/445] SIVP
[10:23:41] 🔄 Identity reset
[10:23:41] 🔄 Identity rotated (every 10 requests)
[10:23:41] [131/445] ATAG
[10:23:42] [132/445] CHTM
[10:23:43] [133/445] AAEE
[10:23:43] [134/445] IWPM
[10:23:44] [135/445] KCMW
[10:23:45] [136/445] MCTD
[10:23:46] [137/445] SPWR
[10:23:47] [138/445] SDPO
[10:23:48] [139/445] PCSK
[10:23:48] [140/445] ACHV
[10:23:49] 🔄 Identity reset
[10:23:49] 🔄 Identity rotated (every 10 requests)
[10:23:49] [141/445] SVLA
[10:23:50] [142/445] PICT
[10:23:51] [143/445] BXDR
[10:23:52] [144/445] SPWA
[10:23:53] [145/445] MCKO
[10:23:54] [146/445] RTHK
[10:23:55] [147/445] CCMF
[10:23:55] [148/445] MRGB
[10:23:56] [149/445] CPLC
[10:23:57] [150/445] RACD
[10:23:58] 🔄 Identity reset
[10:23:58] 🔄 Identity rotated (every 10 requests)
[10:23:58] [151/445] ATKT
[10:23:59] [152/445] SARN
[10:24:00] [153/445] KKUI
[10:24:01] [154/445] RGCM
[10:24:03] [155/445] BRVP
[10:24:03] [156/445] HRSR
[10:24:04] [157/445] GKGM
[10:24:05] [158/445] TTCD
[10:24:06] [159/445] PTTI
[10:24:07] [160/445] MPTT
[10:24:08] 🔄 Identity reset
[10:24:08] 🔄 Identity rotated (every 10 requests)
[10:24:08] [161/445] CVTT
[10:24:09] [162/445] PCXD
[10:24:10] [163/445] GCDC
[10:24:11] [164/445] CCCF
[10:24:11] [165/445] MRAD
[10:24:13] [166/445] CPLK
[10:24:14] [167/445] SATB
[10:24:15] [168/445] SNVG
[10:24:15] [169/445] JMBA
[10:24:16] [170/445] TEJA
[10:24:17] 🔄 Identity reset
[10:24:17] 🔄 Identity rotated (every 10 requests)
[10:24:17] [171/445] STYO
[10:24:19] [172/445] JTBP
[10:24:20] [173/445] KRGD
[10:24:21] [174/445] SLJJ
[10:24:21] [175/445] SPTJ
[10:24:22] [176/445] SWJG
[10:24:23] [177/445] LKRT
[10:24:24] [178/445] KCKA
[10:24:25] [179/445] SNCR
[10:24:26] [180/445] SMKL
[10:24:27] 🔄 Identity reset
[10:24:27] 🔄 Identity rotated (every 10 requests)
[10:24:27] 🔄 Retry 1/5 for SMKL in 2.2s
[10:24:27] 🔄 Identity reset
[10:24:29] 🧠 New identity created
[10:24:29] 🔄 Retry 2/5 for SMKL in 5.0s
[10:24:29] 🔄 Identity reset
[10:24:34] 🧠 New identity created
[10:24:34] 🔄 Retry 3/5 for SMKL in 8.5s
[10:24:34] 🔄 Identity reset
[10:24:42] 🧠 New identity created
[10:24:43] [181/445] GCFA
[10:24:44] [182/445] DDCK
[10:24:45] [183/445] NCHJ
[10:24:45] [184/445] RDMA
[10:24:46] [185/445] SVSV
[10:24:47] [186/445] SCJG
[10:24:48] [187/445] VKLP
[10:24:49] 🔄 Identity reset
[10:24:49] 🔄 Identity rotated (every 10 requests)
[10:24:49] [188/445] NWCC
[10:24:50] [189/445] VKNS
[10:24:51] [190/445] SDDP
[10:24:52] [191/445] ACSI
[10:24:52] [192/445] SATG
[10:24:53] [193/445] SCMW
[10:24:54] [194/445] LKTK
[10:24:55] [195/445] VCKV
[10:24:56] [196/445] KKPE
[10:24:57] [197/445] KIGH
[10:24:57] 🔄 Identity reset
[10:24:57] 🔄 Identity rotated (every 10 requests)
[10:24:58] [198/445] SRPM
[10:24:58] [199/445] SCAH
[10:24:59] [200/445] MUTA
[10:25:00] [201/445] SEPU
[10:25:01] [202/445] INOA
[10:25:02] [203/445] BASK
[10:25:03] [204/445] NECB
[10:25:04] [205/445] GTTG
[10:25:05] [206/445] ASSA
[10:25:05] [207/445] ANCL
[10:25:06] 🔄 Identity reset
[10:25:06] 🔄 Identity rotated (every 10 requests)
[10:25:06] [208/445] GCTI
[10:25:07] [209/445] RCTS
[10:25:08] [210/445] ACNL
[10:25:09] [211/445] MYCT
[10:25:10] [212/445] NMHT
[10:25:11] [213/445] MDIT
[10:25:12] [214/445] LATG
[10:25:13] [215/445] SMTY
[10:25:13] [216/445] CVCT
[10:25:14] [217/445] RAMB
[10:25:15] 🔄 Identity reset
[10:25:15] 🔄 Identity rotated (every 10 requests)
[10:25:15] [218/445] TGMS
[10:25:16] [219/445] BHEL
[10:25:17] [220/445] SHCT
[10:25:18] [221/445] SVCT
[10:25:19] [222/445] MRIY
[10:25:20] [223/445] SARO
[10:25:20] [224/445] STCT
[10:25:21] [225/445] JKKC
[10:25:22] [226/445] PLTT
[10:25:23] [227/445] SRNT
[10:25:24] 🔄 Identity reset
[10:25:24] 🔄 Identity rotated (every 10 requests)
[10:25:24] [228/445] YAST
[10:25:25] [229/445] PERL
[10:25:26] [230/445] CICM
[10:25:27] [231/445] MMTR
[10:25:28] [232/445] ABTK
[10:25:28] [233/445] ATYY
[10:25:29] [234/445] ASTK
[10:25:30] [235/445] VVCK
[10:25:31] [236/445] ATKY
[10:25:32] [237/445] GWEK
[10:25:32] 🔄 Identity reset
[10:25:32] 🔄 Identity rotated (every 10 requests)
[10:25:32] 🔄 Retry 1/5 for GWEK in 2.6s
[10:25:32] 🔄 Identity reset
[10:25:35] 🧠 New identity created
[10:25:35] [238/445] SVFH
[10:25:36] [239/445] SLTA
[10:25:37] [240/445] AASH
[10:25:38] [241/445] ACXB
[10:25:38] [242/445] SMTX
[10:25:39] [243/445] AZDH
[10:25:40] [244/445] CMMH
[10:25:41] [245/445] SCSZ
[10:25:42] [246/445] SCKP
[10:25:42] 🔄 Identity reset
[10:25:42] 🔄 Identity rotated (every 10 requests)
[10:25:43] [247/445] NXTM
[10:25:43] [248/445] NWCS
[10:25:44] [249/445] CXMH
[10:25:45] [250/445] PCMA
[10:25:46] [251/445] SGCM
[10:25:47] [252/445] SDTU
[10:25:48] [253/445] MMVI
[10:25:49] [254/445] JKCM
[10:25:50] [255/445] VCMM
[10:25:51] [256/445] SYEE
[10:25:52] 🔄 Identity reset
[10:25:52] 🔄 Identity rotated (every 10 requests)
[10:25:52] 🔄 Retry 1/5 for SYEE in 2.6s
[10:25:52] 🔄 Identity reset
[10:25:54] 🧠 New identity created
[10:25:54] [257/445] VASD
[10:25:55] [258/445] BDRB
[10:25:57] [259/445] LASM
[10:25:58] [260/445] DCRL
[10:25:59] [261/445] DVPM
[10:25:59] [262/445] SBMJ
[10:26:00] [263/445] CBMU
[10:26:01] [264/445] IUBS
[10:26:02] [265/445] INAP
[10:26:03] 🔄 Identity reset
[10:26:03] 🔄 Identity rotated (every 10 requests)
[10:26:03] [266/445] SRRC
[10:26:04] [267/445] SAGR
[10:26:06] [268/445] CPMJ
[10:26:07] [269/445] ATJL
[10:26:09] [270/445] NNTD
[10:26:09] [271/445] JHCJ
[10:26:10] [272/445] CMMP
[10:26:12] [273/445] RSDR
[10:26:13] [274/445] AMTI
[10:26:14] [275/445] NYSG
[10:26:14] 🔄 Identity reset
[10:26:14] 🔄 Identity rotated (every 10 requests)
[10:26:15] [276/445] AVSG
[10:26:15] [277/445] SYTP
[10:26:16] [278/445] LARC
[10:26:17] [279/445] RJTP
[10:26:18] [280/445] LAKC
[10:26:19] [281/445] MCXE
[10:26:20] [282/445] CCZC
[10:26:21] [283/445] AVCH
[10:26:21] [284/445] CMBE
[10:26:22] [285/445] MRRC
[10:26:23] 🔄 Identity reset
[10:26:23] 🔄 Identity rotated (every 10 requests)
[10:26:23] [286/445] PCPY
[10:26:24] [287/445] SRMH
[10:26:25] [288/445] SVGS
[10:26:26] [289/445] PCSE
[10:26:27] [290/445] SVFT
[10:26:27] [291/445] TNZP
[10:26:29] [292/445] ICTP
[10:26:30] [293/445] ACTZ
[10:26:31] [294/445] GTUR
[10:26:32] [295/445] MAFC
[10:26:32] 🔄 Identity reset
[10:26:32] 🔄 Identity rotated (every 10 requests)
[10:26:33] [296/445] MINL
[10:26:33] [297/445] MRCL
[10:26:34] [298/445] RCRP
[10:26:35] [299/445] RFFG
[10:26:36] [300/445] RMAS
[10:26:37] [301/445] INVR
[10:26:38] [302/445] RMAR
[10:26:39] [303/445] CNIS
[10:26:39] [304/445] RHRJ
[10:26:40] [305/445] INXR
[10:26:41] 🔄 Identity reset
[10:26:41] 🔄 Identity rotated (every 10 requests)
[10:26:41] [306/445] VALT
[10:26:42] [307/445] LCSH
[10:26:43] [308/445] CMVS
[10:26:43] [309/445] CNMS
[10:26:44] [310/445] ROOG
[10:26:45] [311/445] ISRM
[10:26:46] [312/445] RCRM
[10:26:47] [313/445] ACJA
[10:26:48] [314/445] RCVS
[10:26:48] [315/445] CPUS
[10:26:49] 🔄 Identity reset
[10:26:49] 🔄 Identity rotated (every 10 requests)
[10:26:49] [316/445] TGCS
[10:26:50] [317/445] RKCJ
[10:26:51] [318/445] MKSB
[10:26:52] [319/445] TCSJ
[10:26:53] [320/445] RMGP
[10:26:53] [321/445] CLLP
[10:26:55] [322/445] RCMV
[10:26:56] [323/445] CCKS
[10:26:57] [324/445] RSRP
[10:26:58] [325/445] APLP
[10:26:58] 🔄 Identity reset
[10:26:58] 🔄 Identity rotated (every 10 requests)
[10:26:59] [326/445] CNVS
[10:26:59] [327/445] RMVY
[10:27:00] [328/445] PGBD
[10:27:01] [329/445] KLMS
[10:27:02] [330/445] RUST
[10:27:03] [331/445] MASM
[10:27:03] [332/445] BACS
[10:27:05] [333/445] BWST
[10:27:06] [334/445] RRFH
[10:27:07] [335/445] SJTM
[10:27:07] 🔄 Identity reset
[10:27:07] 🔄 Identity rotated (every 10 requests)
[10:27:08] [336/445] BEMR
[10:27:08] [337/445] MCGR
[10:27:09] [338/445] SDSK
[10:27:10] [339/445] VBOL
[10:27:11] [340/445] RMGM
[10:27:12] [341/445] NOPL
[10:27:13] [342/445] MKJK
[10:27:14] [343/445] CVRN
[10:27:15] [344/445] MMEN
[10:27:16] [345/445] AMNG
[10:27:17] 🔄 Identity reset
[10:27:17] 🔄 Identity rotated (every 10 requests)
[10:27:17] 🔄 Retry 1/5 for AMNG in 2.5s
[10:27:17] 🔄 Identity reset
[10:27:19] 🧠 New identity created
[10:27:20] [346/445] INTM
[10:27:20] [347/445] SLCZ
[10:27:21] [348/445] AMJN
[10:27:22] [349/445] ACJN
[10:27:23] [350/445] AMKN
[10:27:25] [351/445] BTCN
[10:27:26] [352/445] AMBT
[10:27:26] [353/445] PACN
[10:27:27] [354/445] LCNS
[10:27:28] 🔄 Identity reset
[10:27:28] 🔄 Identity rotated (every 10 requests)
[10:27:28] [355/445] PPKC
[10:27:29] [356/445] JYYN
[10:27:30] [357/445] JTNR
[10:27:31] [358/445] GTEE
[10:27:32] [359/445] SRNM
[10:27:32] [360/445] SDTC
[10:27:33] [361/445] VPCA
[10:27:34] [362/445] VLRA
[10:27:35] [363/445] SHKR
[10:27:36] [364/445] SBKD
[10:27:37] 🔄 Identity reset
[10:27:37] 🔄 Identity rotated (every 10 requests)
[10:27:37] [365/445] SAAD
[10:27:39] [366/445] JTGN
[10:27:39] [367/445] SLAM
[10:27:40] [368/445] VTPM
[10:27:41] [369/445] ANPT
[10:27:42] [370/445] PUNB
[10:27:43] [371/445] CPKT
[10:27:44] [372/445] CNWE
[10:27:45] [373/445] ECPP
[10:27:46] [374/445] CPAR
[10:27:46] 🔄 Identity reset
[10:27:46] 🔄 Identity rotated (every 10 requests)
[10:27:47] [375/445] ESBW
[10:27:47] [376/445] PKPU
[10:27:48] [377/445] CPRP
[10:27:49] [378/445] RAHU
[10:27:50] [379/445] RHMN
[10:27:52] [380/445] FMJP
[10:27:53] [381/445] CTMP
[10:27:53] [382/445] INPN
[10:27:54] [383/445] STTG
[10:27:56] [384/445] CTRD
[10:27:56] 🔄 Identity reset
[10:27:56] 🔄 Identity rotated (every 10 requests)
[10:27:57] [385/445] PUVB
[10:27:58] [386/445] ESVP
[10:27:59] [387/445] CPFT
[10:28:00] [388/445] LCPC
[10:28:01] [389/445] VBCT
[10:28:02] [390/445] FSCW
[10:28:03] [391/445] VCMP
[10:28:03] [392/445] ASHC
[10:28:04] [393/445] VLCX
[10:28:05] [394/445] SHEV
[10:28:06] 🔄 Identity reset
[10:28:06] 🔄 Identity rotated (every 10 requests)
[10:28:06] [395/445] APCO
[10:28:07] [396/445] SILC
[10:28:07] [397/445] SNMR
[10:28:08] [398/445] KYBO
[10:28:09] [399/445] SATK
[10:28:10] [400/445] SSCS
[10:28:11] [401/445] CLSB
[10:28:11] [402/445] KMJR
[10:28:13] [403/445] FSCK
[10:28:15] [404/445] NNKA
[10:28:15] 🔄 Identity reset
[10:28:15] 🔄 Identity rotated (every 10 requests)
[10:28:16] [405/445] CLMK
[10:28:17] [406/445] DMPZ
[10:28:17] [407/445] INQM
[10:28:18] [408/445] CAML
[10:28:19] [409/445] INRK
[10:28:20] [410/445] IMKN
[10:28:21] [411/445] SVNR
[10:28:23] [412/445] INSL
[10:28:24] [413/445] MSMA
[10:28:25] [414/445] MCKK
[10:28:25] 🔄 Identity reset
[10:28:25] 🔄 Identity rotated (every 10 requests)
[10:28:26] [415/445] FCHP
[10:28:26] [416/445] SFCR
[10:28:27] [417/445] NACK
[10:28:28] [418/445] PVAK
[10:28:29] [419/445] INER
[10:28:30] [420/445] RDBK
[10:28:30] [421/445] SVFN
[10:28:31] [422/445] IFRM
[10:28:33] [423/445] ATCK
[10:28:33] [424/445] ASKO
[10:28:34] 🔄 Identity reset
[10:28:34] 🔄 Identity rotated (every 10 requests)
[10:28:34] [425/445] STKT
[10:28:35] [426/445] SVFB
[10:28:36] [427/445] INKS
[10:28:36] [428/445] PCRA
[10:28:37] [429/445] ATJA
[10:28:38] [430/445] IMJN
[10:28:39] [431/445] INHD
[10:28:40] [432/445] BARA
[10:28:41] [433/445] MCSL
[10:28:41] [434/445] RTOY
[10:28:42] 🔄 Identity reset
[10:28:42] 🔄 Identity rotated (every 10 requests)
[10:28:42] [435/445] MENO
[10:28:43] [436/445] PUDM
[10:28:45] [437/445] PRCN
[10:28:46] [438/445] JMJR
[10:28:46] [439/445] SSGK
[10:28:47] [440/445] SSRL
[10:28:48] [441/445] JYKL
[10:28:49] [442/445] ACNB
[10:28:50] [443/445] SONP
[10:28:50] [444/445] EMCI
[10:28:51] 🔄 Identity reset
[10:28:51] 🔄 Identity rotated (every 10 requests)
[10:28:51] [445/445] MRJH
[10:28:52] 🧹 Deduping shows
[10:28:52] ✅ DONE | Shows=16 | Movies=4
[04:59:47] 🚀 SCRIPT STARTED (enhanced anti‑detection)
[04:59:47] [1/445] TGMR
[04:59:47] 🧠 New identity created
[04:59:48] [2/445] CXKR
[04:59:48] [3/445] SROP
[04:59:49] [4/445] GTSV
[04:59:50] [5/445] SNTY
[04:59:51] [6/445] SMYY
[04:59:53] [7/445] CNCS
[04:59:53] [8/445] CSTM
[04:59:54] [9/445] NUCD
[04:59:55] [10/445] SHCZ
[04:59:56] 🔄 Identity reset
[04:59:56] 🔄 Identity rotated (every 10 requests)
[04:59:56] [11/445] NJCT
[04:59:58] [12/445] COPC
[04:59:59] [13/445] STVV
[04:59:59] [14/445] SKRN
[05:00:00] [15/445] APPZ
[05:00:01] [16/445] YMGN
[05:00:02] [17/445] SVTU
[05:00:03] [18/445] GTAD
[05:00:04] [19/445] PSUS
[05:00:05] [20/445] SMCD
[05:00:06] 🔄 Identity reset
[05:00:06] 🔄 Identity rotated (every 10 requests)
[05:00:06] [21/445] CMCM
[05:00:07] [22/445] SYCT
[05:00:08] [23/445] STLY
[05:00:09] [24/445] CMHU
[05:00:10] [25/445] CMSA
[05:00:11] [26/445] CLCU
[05:00:12] [27/445] PPNT
[05:00:13] [28/445] JTAB
[05:00:13] [29/445] BUUC
[05:00:14] [30/445] BSVK
[05:00:15] 🔄 Identity reset
[05:00:15] 🔄 Identity rotated (every 10 requests)
[05:00:15] 🔄 Retry 1/5 for BSVK in 2.8s
[05:00:15] 🔄 Identity reset
[05:00:18] 🧠 New identity created
[05:00:19] [31/445] VVVQ
[05:00:19] [32/445] TKMU
[05:00:20] [33/445] ESYL
[05:00:22] [34/445] ACHP
[05:00:23] [35/445] BTKD
[05:00:24] [36/445] DESA
[05:00:25] [37/445] GBCT
[05:00:26] [38/445] BLLD
[05:00:27] [39/445] SKNT
[05:00:28] 🔄 Identity reset
[05:00:28] 🔄 Identity rotated (every 10 requests)
[05:00:28] 🔄 Retry 1/5 for SKNT in 2.3s
[05:00:28] 🔄 Identity reset
[05:00:30] 🧠 New identity created
[05:00:30] 🔄 Retry 2/5 for SKNT in 4.1s
[05:00:30] 🔄 Identity reset
[05:00:34] 🧠 New identity created
[05:00:35] [40/445] SSTE
[05:00:36] [41/445] VJMR
[05:00:37] [42/445] NTPU
[05:00:38] [43/445] RDKN
[05:00:39] [44/445] ADGC
[05:00:40] [45/445] VRBP
[05:00:41] [46/445] NMNA
[05:00:41] [47/445] CMMX
[05:00:42] 🔄 Identity reset
[05:00:42] 🔄 Identity rotated (every 10 requests)
[05:00:42] [48/445] PTKO
[05:00:43] [49/445] RBML
[05:00:44] [50/445] SAIC
[05:00:45] [51/445] SVTJ
[05:00:47] [52/445] MRTE
[05:00:48] [53/445] RBTP
[05:00:49] [54/445] NLPS
[05:00:50] [55/445] GTNA
[05:00:50] [56/445] DGGC
[05:00:51] [57/445] SMCR
[05:00:52] 🔄 Identity reset
[05:00:52] 🔄 Identity rotated (every 10 requests)
[05:00:52] 🔄 Retry 1/5 for SMCR in 2.3s
[05:00:52] 🔄 Identity reset
[05:00:54] 🧠 New identity created
[05:00:55] [58/445] SCGD
[05:00:56] [59/445] SRRJ
[05:00:57] [60/445] CNRY
[05:00:58] [61/445] KTDI
[05:00:59] [62/445] SNJL
[05:01:00] [63/445] RKMD
[05:01:02] [64/445] SMDC
[05:01:02] [65/445] TADG
[05:01:03] [66/445] MCGS
[05:01:04] 🔄 Identity reset
[05:01:04] 🔄 Identity rotated (every 10 requests)
[05:01:04] [67/445] PETK
[05:01:05] [68/445] CHAG
[05:01:06] [69/445] KSTL
[05:01:07] [70/445] AADS
[05:01:08] [71/445] NTHZ
[05:01:09] [72/445] HCKI
[05:01:10] [73/445] SSEF
[05:01:11] [74/445] MCGX
[05:01:11] [75/445] ERRA
[05:01:12] [76/445] SDTW
[05:01:13] 🔄 Identity reset
[05:01:13] 🔄 Identity rotated (every 10 requests)
[05:01:13] [77/445] RMPK
[05:01:14] [78/445] PTHK
[05:01:15] [79/445] PXCS
[05:01:16] [80/445] SVLU
[05:01:17] [81/445] STAH
[05:01:18] [82/445] JRGF
[05:01:19] [83/445] CDOK
[05:01:20] [84/445] CMSG
[05:01:21] [85/445] APTD
[05:01:22] [86/445] KMPG
[05:01:22] 🔄 Identity reset
[05:01:22] 🔄 Identity rotated (every 10 requests)
[05:01:22] 🔄 Retry 1/5 for KMPG in 2.4s
[05:01:22] 🔄 Identity reset
[05:01:25] 🧠 New identity created
[05:01:25] 🔄 Retry 2/5 for KMPG in 4.9s
[05:01:25] 🔄 Identity reset
[05:01:30] 🧠 New identity created
[05:01:30] 🔄 Retry 3/5 for KMPG in 8.4s
[05:01:30] 🔄 Identity reset
[05:01:38] 🧠 New identity created
[05:01:38] 🔄 Retry 4/5 for KMPG in 16.8s
[05:01:38] 🔄 Identity reset
[05:01:55] 🧠 New identity created
[05:01:55] ❌ KMPG failed after 5 attempts
[05:01:55] 🔄 Identity reset
[05:01:55] ❌ KMPG final failure | RuntimeError | HTTP 403
[05:01:55] [87/445] MUTJ
[05:01:56] 🧠 New identity created
[05:01:56] [88/445] VCCI
[05:01:57] [89/445] URBE
[05:01:59] [90/445] TCTS
[05:02:00] [91/445] STSN
[05:02:01] [92/445] AKCH
[05:02:01] 🔄 Identity reset
[05:02:01] 🔄 Identity rotated (every 10 requests)
[05:02:02] [93/445] APSC
[05:02:03] [94/445] VLTB
[05:02:04] [95/445] SANU
[05:02:04] [96/445] AXAM
[05:02:05] [97/445] MGMG
[05:02:06] [98/445] HTBY
[05:02:07] [99/445] MMZS
[05:02:08] [100/445] SUDR
[05:02:09] [101/445] CCAD
[05:02:10] [102/445] SKKC
[05:02:10] 🔄 Identity reset
[05:02:10] 🔄 Identity rotated (every 10 requests)
[05:02:11] [103/445] RMCD
[05:02:12] [104/445] SBCQ
[05:02:14] [105/445] DCCT
[05:02:15] [106/445] VTKP
[05:02:16] [107/445] MLAM
[05:02:17] [108/445] SAVT
[05:02:18] [109/445] GEPL
[05:02:19] [110/445] AMCD
[05:02:20] [111/445] CCXR
[05:02:21] [112/445] GRNG
[05:02:21] 🔄 Identity reset
[05:02:21] 🔄 Identity rotated (every 10 requests)
[05:02:21] [113/445] EBCA
[05:02:23] [114/445] CNVG
[05:02:25] [115/445] MWSS
[05:02:26] [116/445] VBOR
[05:02:26] [117/445] NEEB
[05:02:28] [118/445] SUTH
[05:02:28] [119/445] ANDB
[05:02:29] [120/445] MMXS
[05:02:30] [121/445] CNPD
[05:02:31] [122/445] SDCE
[05:02:32] 🔄 Identity reset
[05:02:32] 🔄 Identity rotated (every 10 requests)
[05:02:32] [123/445] DHCB
[05:02:34] [124/445] ODEN
[05:02:35] [125/445] TNTC
[05:02:36] [126/445] VBKM
[05:02:37] [127/445] RZYM
[05:02:38] [128/445] JEMC
[05:02:39] [129/445] CMAU
[05:02:40] [130/445] SIVP
[05:02:41] [131/445] ATAG
[05:02:42] [132/445] CHTM
[05:02:42] 🔄 Identity reset
[05:02:42] 🔄 Identity rotated (every 10 requests)
[05:02:42] [133/445] AAEE
[05:02:43] [134/445] IWPM
[05:02:44] [135/445] KCMW
[05:02:45] [136/445] MCTD
[05:02:46] [137/445] SPWR
[05:02:48] [138/445] SDPO
[05:02:49] [139/445] PCSK
[05:02:50] [140/445] ACHV
[05:02:51] [141/445] SVLA
[05:02:51] [142/445] PICT
[05:02:52] 🔄 Identity reset
[05:02:52] 🔄 Identity rotated (every 10 requests)
[05:02:52] [143/445] BXDR
[05:02:53] [144/445] SPWA
[05:02:54] [145/445] MCKO
[05:02:55] [146/445] RTHK
[05:02:56] [147/445] CCMF
[05:02:58] [148/445] MRGB
[05:02:58] [149/445] CPLC
[05:02:59] [150/445] RACD
[05:03:00] [151/445] ATKT
[05:03:01] [152/445] SARN
[05:03:02] 🔄 Identity reset
[05:03:02] 🔄 Identity rotated (every 10 requests)
[05:03:02] [153/445] KKUI
[05:03:03] [154/445] RGCM
[05:03:04] [155/445] BRVP
[05:03:05] [156/445] HRSR
[05:03:06] [157/445] GKGM
[05:03:07] [158/445] TTCD
[05:03:08] [159/445] PTTI
[05:03:09] [160/445] MPTT
[05:03:10] [161/445] CVTT
[05:03:11] [162/445] PCXD
[05:03:12] 🔄 Identity reset
[05:03:12] 🔄 Identity rotated (every 10 requests)
[05:03:12] 🔄 Retry 1/5 for PCXD in 2.2s
[05:03:12] 🔄 Identity reset
[05:03:14] 🧠 New identity created
[05:03:14] [163/445] GCDC
[05:03:15] [164/445] CCCF
[05:03:16] [165/445] MRAD
[05:03:17] [166/445] CPLK
[05:03:18] [167/445] SATB
[05:03:20] [168/445] SNVG
[05:03:20] [169/445] JMBA
[05:03:21] [170/445] TEJA
[05:03:22] [171/445] STYO
[05:03:23] 🔄 Identity reset
[05:03:23] 🔄 Identity rotated (every 10 requests)
[05:03:23] [172/445] JTBP
[05:03:24] [173/445] KRGD
[05:03:25] [174/445] SLJJ
[05:03:26] [175/445] SPTJ
[05:03:26] [176/445] SWJG
[05:03:27] [177/445] LKRT
[05:03:28] [178/445] KCKA
[05:03:30] [179/445] SNCR
[05:03:31] [180/445] SMKL
[05:03:31] [181/445] GCFA
[05:03:32] 🔄 Identity reset
[05:03:32] 🔄 Identity rotated (every 10 requests)
[05:03:32] 🔄 Retry 1/5 for GCFA in 2.5s
[05:03:32] 🔄 Identity reset
[05:03:35] 🧠 New identity created
[05:03:35] 🔄 Retry 2/5 for GCFA in 4.7s
[05:03:35] 🔄 Identity reset
[05:03:40] 🧠 New identity created
[05:03:40] 🔄 Retry 3/5 for GCFA in 8.2s
[05:03:40] 🔄 Identity reset
[05:03:48] 🧠 New identity created
[05:03:48] [182/445] DDCK
[05:03:49] [183/445] NCHJ
[05:03:50] [184/445] RDMA
[05:03:51] [185/445] SVSV
[05:03:52] [186/445] SCJG
[05:03:53] [187/445] VKLP
[05:03:54] [188/445] NWCC
[05:03:54] 🔄 Identity reset
[05:03:54] 🔄 Identity rotated (every 10 requests)
[05:03:54] [189/445] VKNS
[05:03:55] [190/445] SDDP
[05:03:56] [191/445] ACSI
[05:03:57] [192/445] SATG
[05:03:58] [193/445] SCMW
[05:03:59] [194/445] LKTK
[05:04:00] [195/445] VCKV
[05:04:01] [196/445] KKPE
[05:04:02] [197/445] KIGH
[05:04:03] [198/445] SRPM
[05:04:03] 🔄 Identity reset
[05:04:03] 🔄 Identity rotated (every 10 requests)
[05:04:04] [199/445] SCAH
[05:04:04] [200/445] MUTA
[05:04:05] [201/445] SEPU
[05:04:06] [202/445] INOA
[05:04:07] [203/445] BASK
[05:04:08] [204/445] NECB
[05:04:09] [205/445] GTTG
[05:04:10] [206/445] ASSA
[05:04:11] [207/445] ANCL
[05:04:12] [208/445] GCTI
[05:04:12] 🔄 Identity reset
[05:04:12] 🔄 Identity rotated (every 10 requests)
[05:04:13] [209/445] RCTS
[05:04:14] [210/445] ACNL
[05:04:15] [211/445] MYCT
[05:04:16] [212/445] NMHT
[05:04:17] [213/445] MDIT
[05:04:18] [214/445] LATG
[05:04:19] [215/445] SMTY
[05:04:19] [216/445] CVCT
[05:04:20] [217/445] RAMB
[05:04:21] [218/445] TGMS
[05:04:22] 🔄 Identity reset
[05:04:22] 🔄 Identity rotated (every 10 requests)
[05:04:22] [219/445] BHEL
[05:04:23] [220/445] SHCT
[05:04:24] [221/445] SVCT
[05:04:25] [222/445] MRIY
[05:04:25] [223/445] SARO
[05:04:26] [224/445] STCT
[05:04:27] [225/445] JKKC
[05:04:28] [226/445] PLTT
[05:04:29] [227/445] SRNT
[05:04:30] [228/445] YAST
[05:04:30] 🔄 Identity reset
[05:04:30] 🔄 Identity rotated (every 10 requests)
[05:04:31] [229/445] PERL
[05:04:32] [230/445] CICM
[05:04:33] [231/445] MMTR
[05:04:33] [232/445] ABTK
[05:04:34] [233/445] ATYY
[05:04:35] [234/445] ASTK
[05:04:36] [235/445] VVCK
[05:04:37] [236/445] ATKY
[05:04:38] [237/445] GWEK
[05:04:40] [238/445] SVFH
[05:04:40] 🔄 Identity reset
[05:04:40] 🔄 Identity rotated (every 10 requests)
[05:04:41] [239/445] SLTA
[05:04:41] [240/445] AASH
[05:04:42] [241/445] ACXB
[05:04:43] [242/445] SMTX
[05:04:45] [243/445] AZDH
[05:04:46] [244/445] CMMH
[05:04:46] [245/445] SCSZ
[05:04:47] [246/445] SCKP
[05:04:48] [247/445] NXTM
[05:04:49] [248/445] NWCS
[05:04:49] 🔄 Identity reset
[05:04:49] 🔄 Identity rotated (every 10 requests)
[05:04:51] [249/445] CXMH
[05:04:51] [250/445] PCMA
[05:04:52] [251/445] SGCM
[05:04:53] [252/445] SDTU
[05:04:54] [253/445] MMVI
[05:04:55] [254/445] JKCM
[05:04:56] [255/445] VCMM
[05:04:58] [256/445] SYEE
[05:04:59] [257/445] VASD
[05:04:59] [258/445] BDRB
[05:05:00] 🔄 Identity reset
[05:05:00] 🔄 Identity rotated (every 10 requests)
[05:05:01] [259/445] LASM
[05:05:01] [260/445] DCRL
[05:05:02] [261/445] DVPM
[05:05:03] [262/445] SBMJ
[05:05:05] [263/445] CBMU
[05:05:05] [264/445] IUBS
[05:05:06] [265/445] INAP
[05:05:07] [266/445] SRRC
[05:05:08] [267/445] SAGR
[05:05:09] [268/445] CPMJ
[05:05:09] 🔄 Identity reset
[05:05:09] 🔄 Identity rotated (every 10 requests)
[05:05:10] [269/445] ATJL
[05:05:11] [270/445] NNTD
[05:05:12] [271/445] JHCJ
[05:05:13] [272/445] CMMP
[05:05:14] [273/445] RSDR
[05:05:15] [274/445] AMTI
[05:05:16] [275/445] NYSG
[05:05:17] [276/445] AVSG
[05:05:18] [277/445] SYTP
[05:05:19] [278/445] LARC
[05:05:20] 🔄 Identity reset
[05:05:20] 🔄 Identity rotated (every 10 requests)
[05:05:21] [279/445] RJTP
[05:05:21] [280/445] LAKC
[05:05:22] [281/445] MCXE
[05:05:23] [282/445] CCZC
[05:05:24] [283/445] AVCH
[05:05:25] [284/445] CMBE
[05:05:26] [285/445] MRRC
[05:05:27] [286/445] PCPY
[05:05:27] [287/445] SRMH
[05:05:28] [288/445] SVGS
[05:05:29] 🔄 Identity reset
[05:05:29] 🔄 Identity rotated (every 10 requests)
[05:05:29] [289/445] PCSE
[05:05:30] [290/445] SVFT
[05:05:31] [291/445] TNZP
[05:05:33] [292/445] ICTP
[05:05:34] [293/445] ACTZ
[05:05:35] [294/445] GTUR
[05:05:35] [295/445] MAFC
[05:05:36] [296/445] MINL
[05:05:37] [297/445] MRCL
[05:05:39] [298/445] RCRP
[05:05:39] 🔄 Identity reset
[05:05:39] 🔄 Identity rotated (every 10 requests)
[05:05:40] [299/445] RFFG
[05:05:41] [300/445] RMAS
[05:05:42] [301/445] INVR
[05:05:43] [302/445] RMAR
[05:05:43] [303/445] CNIS
[05:05:44] [304/445] RHRJ
[05:05:45] [305/445] INXR
[05:05:46] [306/445] VALT
[05:05:47] [307/445] LCSH
[05:05:48] [308/445] CMVS
[05:05:48] 🔄 Identity reset
[05:05:48] 🔄 Identity rotated (every 10 requests)
[05:05:49] [309/445] CNMS
[05:05:51] [310/445] ROOG
[05:05:51] [311/445] ISRM
[05:05:52] [312/445] RCRM
[05:05:53] [313/445] ACJA
[05:05:54] [314/445] RCVS
[05:05:55] [315/445] CPUS
[05:05:56] [316/445] TGCS
[05:05:57] [317/445] RKCJ
[05:05:58] [318/445] MKSB
[05:05:58] 🔄 Identity reset
[05:05:58] 🔄 Identity rotated (every 10 requests)
[05:05:58] [319/445] TCSJ
[05:05:59] [320/445] RMGP
[05:06:00] [321/445] CLLP
[05:06:01] [322/445] RCMV
[05:06:02] [323/445] CCKS
[05:06:03] [324/445] RSRP
[05:06:04] [325/445] APLP
[05:06:05] [326/445] CNVS
[05:06:06] [327/445] RMVY
[05:06:07] [328/445] PGBD
[05:06:07] 🔄 Identity reset
[05:06:07] 🔄 Identity rotated (every 10 requests)
[05:06:07] [329/445] KLMS
[05:06:08] [330/445] RUST
[05:06:09] [331/445] MASM
[05:06:10] [332/445] BACS
[05:06:11] [333/445] BWST
[05:06:12] [334/445] RRFH
[05:06:13] [335/445] SJTM
[05:06:14] [336/445] BEMR
[05:06:15] [337/445] MCGR
[05:06:15] [338/445] SDSK
[05:06:16] 🔄 Identity reset
[05:06:16] 🔄 Identity rotated (every 10 requests)
[05:06:16] [339/445] VBOL
[05:06:17] [340/445] RMGM
[05:06:19] [341/445] NOPL
[05:06:20] [342/445] MKJK
[05:06:21] [343/445] CVRN
[05:06:22] [344/445] MMEN
[05:06:23] [345/445] AMNG
[05:06:24] [346/445] INTM
[05:06:25] [347/445] SLCZ
[05:06:26] [348/445] AMJN
[05:06:26] 🔄 Identity reset
[05:06:26] 🔄 Identity rotated (every 10 requests)
[05:06:26] 🔄 Retry 1/5 for AMJN in 2.5s
[05:06:26] 🔄 Identity reset
[05:06:29] 🧠 New identity created
[05:06:29] [349/445] ACJN
[05:06:30] [350/445] AMKN
[05:06:31] [351/445] BTCN
[05:06:32] [352/445] AMBT
[05:06:33] [353/445] PACN
[05:06:34] [354/445] LCNS
[05:06:34] [355/445] PPKC
[05:06:35] [356/445] JYYN
[05:06:36] [357/445] JTNR
[05:06:37] 🔄 Identity reset
[05:06:37] 🔄 Identity rotated (every 10 requests)
[05:06:37] [358/445] GTEE
[05:06:38] [359/445] SRNM
[05:06:39] [360/445] SDTC
[05:06:40] [361/445] VPCA
[05:06:41] [362/445] VLRA
[05:06:42] [363/445] SHKR
[05:06:43] [364/445] SBKD
[05:06:44] [365/445] SAAD
[05:06:45] [366/445] JTGN
[05:06:45] [367/445] SLAM
[05:06:46] 🔄 Identity reset
[05:06:46] 🔄 Identity rotated (every 10 requests)
[05:06:46] [368/445] VTPM
[05:06:47] [369/445] ANPT
[05:06:48] [370/445] PUNB
[05:06:49] [371/445] CPKT
[05:06:50] [372/445] CNWE
[05:06:51] [373/445] ECPP
[05:06:52] [374/445] CPAR
[05:06:53] [375/445] ESBW
[05:06:54] [376/445] PKPU
[05:06:55] [377/445] CPRP
[05:06:56] 🔄 Identity reset
[05:06:56] 🔄 Identity rotated (every 10 requests)
[05:06:56] [378/445] RAHU
[05:06:58] [379/445] RHMN
[05:06:59] [380/445] FMJP
[05:07:00] [381/445] CTMP
[05:07:01] [382/445] INPN
[05:07:02] [383/445] STTG
[05:07:03] [384/445] CTRD
[05:07:04] [385/445] PUVB
[05:07:05] [386/445] ESVP
[05:07:06] [387/445] CPFT
[05:07:06] 🔄 Identity reset
[05:07:06] 🔄 Identity rotated (every 10 requests)
[05:07:07] [388/445] LCPC
[05:07:07] [389/445] VBCT
[05:07:08] [390/445] FSCW
[05:07:09] [391/445] VCMP
[05:07:11] [392/445] ASHC
[05:07:12] [393/445] VLCX
[05:07:13] [394/445] SHEV
[05:07:14] [395/445] APCO
[05:07:15] [396/445] SILC
[05:07:16] [397/445] SNMR
[05:07:16] 🔄 Identity reset
[05:07:16] 🔄 Identity rotated (every 10 requests)
[05:07:17] [398/445] KYBO
[05:07:17] [399/445] SATK
[05:07:18] [400/445] SSCS
[05:07:19] [401/445] CLSB
[05:07:20] [402/445] KMJR
[05:07:21] [403/445] FSCK
[05:07:22] [404/445] NNKA
[05:07:23] [405/445] CLMK
[05:07:24] [406/445] DMPZ
[05:07:25] [407/445] INQM
[05:07:25] 🔄 Identity reset
[05:07:25] 🔄 Identity rotated (every 10 requests)
[05:07:25] [408/445] CAML
[05:07:26] [409/445] INRK
[05:07:27] [410/445] IMKN
[05:07:28] [411/445] SVNR
[05:07:29] [412/445] INSL
[05:07:30] [413/445] MSMA
[05:07:31] [414/445] MCKK
[05:07:32] [415/445] FCHP
[05:07:33] [416/445] SFCR
[05:07:33] [417/445] NACK
[05:07:34] 🔄 Identity reset
[05:07:34] 🔄 Identity rotated (every 10 requests)
[05:07:34] [418/445] PVAK
[05:07:35] [419/445] INER
[05:07:36] [420/445] RDBK
[05:07:37] [421/445] SVFN
[05:07:38] [422/445] IFRM
[05:07:39] [423/445] ATCK
[05:07:40] [424/445] ASKO
[05:07:40] [425/445] STKT
[05:07:42] [426/445] SVFB
[05:07:42] [427/445] INKS
[05:07:43] 🔄 Identity reset
[05:07:43] 🔄 Identity rotated (every 10 requests)
[05:07:44] [428/445] PCRA
[05:07:45] [429/445] ATJA
[05:07:47] [430/445] IMJN
[05:07:47] [431/445] INHD
[05:07:48] [432/445] BARA
[05:07:49] [433/445] MCSL
[05:07:50] [434/445] RTOY
[05:07:51] [435/445] MENO
[05:07:52] [436/445] PUDM
[05:07:53] [437/445] PRCN
[05:07:54] 🔄 Identity reset
[05:07:54] 🔄 Identity rotated (every 10 requests)
[05:07:54] [438/445] JMJR
[05:07:56] [439/445] SSGK
[05:07:56] [440/445] SSRL
[05:07:57] [441/445] JYKL
[05:07:58] [442/445] ACNB
[05:07:59] [443/445] SONP
[05:08:00] [444/445] EMCI
[05:08:01] [445/445] MRJH
[05:08:02] 🔁 RETRY ROUND 1 | Remaining: 1
[05:08:02] [RETRY-1] KMPG
[05:08:05] 🧹 Deduping shows
[05:08:05] ✅ DONE | Shows=28 | Movies=5
[12:25:32] 🚀 SCRIPT STARTED (enhanced anti‑detection)
[12:25:32] [1/445] TGMR
[12:25:33] 🧠 New identity created
[12:25:33] 🔄 Retry 1/5 for TGMR in 2.7s
[12:25:33] 🔄 Identity reset
[12:25:36] 🧠 New identity created
[12:25:36] [2/445] CXKR
[12:25:37] [3/445] SROP
[12:25:37] [4/445] GTSV
[12:25:38] [5/445] SNTY
[12:25:39] [6/445] SMYY
[12:25:40] [7/445] CNCS
[12:25:41] [8/445] CSTM
[12:25:42] [9/445] NUCD
[12:25:43] 🔄 Identity reset
[12:25:43] 🔄 Identity rotated (every 10 requests)
[12:25:43] [10/445] SHCZ
[12:25:44] [11/445] NJCT
[12:25:45] [12/445] COPC
[12:25:45] [13/445] STVV
[12:25:46] [14/445] SKRN
[12:25:47] [15/445] APPZ
[12:25:48] [16/445] YMGN
[12:25:49] [17/445] SVTU
[12:25:50] [18/445] GTAD
[12:25:50] [19/445] PSUS
[12:25:51] 🔄 Identity reset
[12:25:51] 🔄 Identity rotated (every 10 requests)
[12:25:51] [20/445] SMCD
[12:25:52] [21/445] CMCM
[12:25:53] [22/445] SYCT
[12:25:55] [23/445] STLY
[12:25:56] [24/445] CMHU
[12:25:56] [25/445] CMSA
[12:25:57] [26/445] CLCU
[12:25:58] [27/445] PPNT
[12:25:59] [28/445] JTAB
[12:26:00] [29/445] BUUC
[12:26:00] 🔄 Identity reset
[12:26:00] 🔄 Identity rotated (every 10 requests)
[12:26:01] [30/445] BSVK
[12:26:02] [31/445] VVVQ
[12:26:02] [32/445] TKMU
[12:26:03] [33/445] ESYL
[12:26:04] [34/445] ACHP
[12:26:05] [35/445] BTKD
[12:26:06] [36/445] DESA
[12:26:06] [37/445] GBCT
[12:26:07] [38/445] BLLD
[12:26:08] [39/445] SKNT
[12:26:09] 🔄 Identity reset
[12:26:09] 🔄 Identity rotated (every 10 requests)
[12:26:09] [40/445] SSTE
[12:26:10] [41/445] VJMR
[12:26:11] [42/445] NTPU
[12:26:11] [43/445] RDKN
[12:26:12] [44/445] ADGC
[12:26:14] [45/445] VRBP
[12:26:15] [46/445] NMNA
[12:26:16] [47/445] CMMX
[12:26:17] [48/445] PTKO
[12:26:18] [49/445] RBML
[12:26:18] 🔄 Identity reset
[12:26:18] 🔄 Identity rotated (every 10 requests)
[12:26:19] [50/445] SAIC
[12:26:19] [51/445] SVTJ
[12:26:20] [52/445] MRTE
[12:26:21] [53/445] RBTP
[12:26:22] [54/445] NLPS
[12:26:23] [55/445] GTNA
[12:26:24] [56/445] DGGC
[12:26:24] [57/445] SMCR
[12:26:25] [58/445] SCGD
[12:26:26] [59/445] SRRJ
[12:26:27] 🔄 Identity reset
[12:26:27] 🔄 Identity rotated (every 10 requests)
[12:26:27] [60/445] CNRY
[12:26:28] [61/445] KTDI
[12:26:29] [62/445] SNJL
[12:26:30] [63/445] RKMD
[12:26:31] [64/445] SMDC
[12:26:32] [65/445] TADG
[12:26:32] [66/445] MCGS
[12:26:33] [67/445] PETK
[12:26:34] [68/445] CHAG
[12:26:35] [69/445] KSTL
[12:26:36] 🔄 Identity reset
[12:26:36] 🔄 Identity rotated (every 10 requests)
[12:26:36] 🔄 Retry 1/5 for KSTL in 2.6s
[12:26:36] 🔄 Identity reset
[12:26:38] 🧠 New identity created
[12:26:39] [70/445] AADS
[12:26:39] [71/445] NTHZ
[12:26:41] [72/445] HCKI
[12:26:42] [73/445] SSEF
[12:26:43] [74/445] MCGX
[12:26:44] [75/445] ERRA
[12:26:45] [76/445] SDTW
[12:26:46] [77/445] RMPK
[12:26:47] [78/445] PTHK
[12:26:47] 🔄 Identity reset
[12:26:47] 🔄 Identity rotated (every 10 requests)
[12:26:47] [79/445] PXCS
[12:26:48] [80/445] SVLU
[12:26:49] [81/445] STAH
[12:26:50] [82/445] JRGF
[12:26:51] [83/445] CDOK
[12:26:52] [84/445] CMSG
[12:26:52] [85/445] APTD
[12:26:53] [86/445] KMPG
[12:26:54] [87/445] MUTJ
[12:26:55] [88/445] VCCI
[12:26:56] 🔄 Identity reset
[12:26:56] 🔄 Identity rotated (every 10 requests)
[12:26:56] [89/445] URBE
[12:26:57] [90/445] TCTS
[12:26:58] [91/445] STSN
[12:26:59] [92/445] AKCH
[12:26:59] [93/445] APSC
[12:27:00] [94/445] VLTB
[12:27:01] [95/445] SANU
[12:27:02] [96/445] AXAM
[12:27:03] [97/445] MGMG
[12:27:03] [98/445] HTBY
[12:27:04] 🔄 Identity reset
[12:27:04] 🔄 Identity rotated (every 10 requests)
[12:27:04] [99/445] MMZS
[12:27:05] [100/445] SUDR
[12:27:06] [101/445] CCAD
[12:27:07] [102/445] SKKC
[12:27:08] [103/445] RMCD
[12:27:08] [104/445] SBCQ
[12:27:09] [105/445] DCCT
[12:27:10] [106/445] VTKP
[12:27:11] [107/445] MLAM
[12:27:12] [108/445] SAVT
[12:27:13] 🔄 Identity reset
[12:27:13] 🔄 Identity rotated (every 10 requests)
[12:27:13] [109/445] GEPL
[12:27:14] [110/445] AMCD
[12:27:15] [111/445] CCXR
[12:27:16] [112/445] GRNG
[12:27:16] [113/445] EBCA
[12:27:17] [114/445] CNVG
[12:27:18] [115/445] MWSS
[12:27:19] [116/445] VBOR
[12:27:20] [117/445] NEEB
[12:27:20] [118/445] SUTH
[12:27:21] 🔄 Identity reset
[12:27:21] 🔄 Identity rotated (every 10 requests)
[12:27:21] [119/445] ANDB
[12:27:22] [120/445] MMXS
[12:27:23] [121/445] CNPD
[12:27:24] [122/445] SDCE
[12:27:25] [123/445] DHCB
[12:27:26] [124/445] ODEN
[12:27:27] [125/445] TNTC
[12:27:28] [126/445] VBKM
[12:27:29] [127/445] RZYM
[12:27:29] [128/445] JEMC
[12:27:30] 🔄 Identity reset
[12:27:30] 🔄 Identity rotated (every 10 requests)
[12:27:30] [129/445] CMAU
[12:27:31] [130/445] SIVP
[12:27:32] [131/445] ATAG
[12:27:33] [132/445] CHTM
[12:27:34] [133/445] AAEE
[12:27:35] [134/445] IWPM
[12:27:36] [135/445] KCMW
[12:27:37] [136/445] MCTD
[12:27:37] [137/445] SPWR
[12:27:38] [138/445] SDPO
[12:27:39] 🔄 Identity reset
[12:27:39] 🔄 Identity rotated (every 10 requests)
[12:27:39] 🔄 Retry 1/5 for SDPO in 2.7s
[12:27:39] 🔄 Identity reset
[12:27:42] 🧠 New identity created
[12:27:42] [139/445] PCSK
[12:27:43] [140/445] ACHV
[12:27:44] [141/445] SVLA
[12:27:45] [142/445] PICT
[12:27:46] [143/445] BXDR
[12:27:46] [144/445] SPWA
[12:27:47] [145/445] MCKO
[12:27:48] [146/445] RTHK
[12:27:49] [147/445] CCMF
[12:27:50] 🔄 Identity reset
[12:27:50] 🔄 Identity rotated (every 10 requests)
[12:27:50] 🔄 Retry 1/5 for CCMF in 2.4s
[12:27:50] 🔄 Identity reset
[12:27:52] 🧠 New identity created
[12:27:52] 🔄 Retry 2/5 for CCMF in 4.2s
[12:27:52] 🔄 Identity reset
[12:27:56] 🧠 New identity created
[12:27:56] 🔄 Retry 3/5 for CCMF in 8.3s
[12:27:56] 🔄 Identity reset
[12:28:05] 🧠 New identity created
[12:28:05] [148/445] MRGB
[12:28:07] [149/445] CPLC
[12:28:07] [150/445] RACD
[12:28:08] [151/445] ATKT
[12:28:09] [152/445] SARN
[12:28:10] [153/445] KKUI
[12:28:11] [154/445] RGCM
[12:28:11] 🔄 Identity reset
[12:28:11] 🔄 Identity rotated (every 10 requests)
[12:28:12] [155/445] BRVP
[12:28:13] [156/445] HRSR
[12:28:14] [157/445] GKGM
[12:28:15] [158/445] TTCD
[12:28:16] [159/445] PTTI
[12:28:16] [160/445] MPTT
[12:28:18] [161/445] CVTT
[12:28:19] [162/445] PCXD
[12:28:20] [163/445] GCDC
[12:28:21] [164/445] CCCF
[12:28:21] 🔄 Identity reset
[12:28:21] 🔄 Identity rotated (every 10 requests)
[12:28:21] 🔄 Retry 1/5 for CCCF in 2.5s
[12:28:21] 🔄 Identity reset
[12:28:24] 🧠 New identity created
[12:28:24] [165/445] MRAD
[12:28:25] [166/445] CPLK
[12:28:26] [167/445] SATB
[12:28:27] [168/445] SNVG
[12:28:27] [169/445] JMBA
[12:28:28] [170/445] TEJA
[12:28:29] [171/445] STYO
[12:28:30] [172/445] JTBP
[12:28:31] [173/445] KRGD
[12:28:32] 🔄 Identity reset
[12:28:32] 🔄 Identity rotated (every 10 requests)
[12:28:32] 🔄 Retry 1/5 for KRGD in 2.6s
[12:28:32] 🔄 Identity reset
[12:28:34] 🧠 New identity created
[12:28:34] 🔄 Retry 2/5 for KRGD in 4.3s
[12:28:34] 🔄 Identity reset
[12:28:39] 🧠 New identity created
[12:28:39] [174/445] SLJJ
[12:28:41] [175/445] SPTJ
[12:28:42] [176/445] SWJG
[12:28:43] [177/445] LKRT
[12:28:43] [178/445] KCKA
[12:28:44] [179/445] SNCR
[12:28:45] [180/445] SMKL
[12:28:46] [181/445] GCFA
[12:28:47] 🔄 Identity reset
[12:28:47] 🔄 Identity rotated (every 10 requests)
[12:28:47] [182/445] DDCK
[12:28:48] [183/445] NCHJ
[12:28:48] [184/445] RDMA
[12:28:49] [185/445] SVSV
[12:28:50] [186/445] SCJG
[12:28:51] [187/445] VKLP
[12:28:52] [188/445] NWCC
[12:28:53] [189/445] VKNS
[12:28:55] [190/445] SDDP
[12:28:55] [191/445] ACSI
[12:28:56] 🔄 Identity reset
[12:28:56] 🔄 Identity rotated (every 10 requests)
[12:28:56] [192/445] SATG
[12:28:57] [193/445] SCMW
[12:28:58] [194/445] LKTK
[12:28:59] [195/445] VCKV
[12:29:00] [196/445] KKPE
[12:29:01] [197/445] KIGH
[12:29:02] [198/445] SRPM
[12:29:02] [199/445] SCAH
[12:29:04] [200/445] MUTA
[12:29:05] [201/445] SEPU
[12:29:05] 🔄 Identity reset
[12:29:05] 🔄 Identity rotated (every 10 requests)
[12:29:05] 🔄 Retry 1/5 for SEPU in 2.3s
[12:29:05] 🔄 Identity reset
[12:29:08] 🧠 New identity created
[12:29:08] 🔄 Retry 2/5 for SEPU in 4.8s
[12:29:08] 🔄 Identity reset
[12:29:12] 🧠 New identity created
[12:29:13] [202/445] INOA
[12:29:14] [203/445] BASK
[12:29:15] [204/445] NECB
[12:29:15] [205/445] GTTG
[12:29:16] [206/445] ASSA
[12:29:17] [207/445] ANCL
[12:29:18] [208/445] GCTI
[12:29:18] [209/445] RCTS
[12:29:19] 🔄 Identity reset
[12:29:19] 🔄 Identity rotated (every 10 requests)
[12:29:19] [210/445] ACNL
[12:29:20] [211/445] MYCT
[12:29:21] [212/445] NMHT
[12:29:22] [213/445] MDIT
[12:29:23] [214/445] LATG
[12:29:24] [215/445] SMTY
[12:29:24] [216/445] CVCT
[12:29:26] [217/445] RAMB
[12:29:27] [218/445] TGMS
[12:29:28] [219/445] BHEL
[12:29:28] 🔄 Identity reset
[12:29:28] 🔄 Identity rotated (every 10 requests)
[12:29:28] [220/445] SHCT
[12:29:29] [221/445] SVCT
[12:29:30] [222/445] MRIY
[12:29:31] [223/445] SARO
[12:29:32] [224/445] STCT
[12:29:33] [225/445] JKKC
[12:29:34] [226/445] PLTT
[12:29:34] [227/445] SRNT
[12:29:36] [228/445] YAST
[12:29:37] [229/445] PERL
[12:29:38] 🔄 Identity reset
[12:29:38] 🔄 Identity rotated (every 10 requests)
[12:29:38] [230/445] CICM
[12:29:39] [231/445] MMTR
[12:29:40] [232/445] ABTK
[12:29:41] [233/445] ATYY
[12:29:42] [234/445] ASTK
[12:29:43] [235/445] VVCK
[12:29:43] [236/445] ATKY
[12:29:44] [237/445] GWEK
[12:29:45] [238/445] SVFH
[12:29:46] [239/445] SLTA
[12:29:47] 🔄 Identity reset
[12:29:47] 🔄 Identity rotated (every 10 requests)
[12:29:47] [240/445] AASH
[12:29:48] [241/445] ACXB
[12:29:49] [242/445] SMTX
[12:29:50] [243/445] AZDH
[12:29:51] [244/445] CMMH
[12:29:51] [245/445] SCSZ
[12:29:52] [246/445] SCKP
[12:29:53] [247/445] NXTM
[12:29:55] [248/445] NWCS
[12:29:56] [249/445] CXMH
[12:29:56] 🔄 Identity reset
[12:29:56] 🔄 Identity rotated (every 10 requests)
[12:29:56] 🔄 Retry 1/5 for CXMH in 3.0s
[12:29:56] 🔄 Identity reset
[12:29:59] 🧠 New identity created
[12:30:00] [250/445] PCMA
[12:30:00] [251/445] SGCM
[12:30:01] [252/445] SDTU
[12:30:02] [253/445] MMVI
[12:30:03] [254/445] JKCM
[12:30:05] [255/445] VCMM
[12:30:06] [256/445] SYEE
[12:30:06] [257/445] VASD
[12:30:07] [258/445] BDRB
[12:30:08] 🔄 Identity reset
[12:30:08] 🔄 Identity rotated (every 10 requests)
[12:30:08] [259/445] LASM
[12:30:09] [260/445] DCRL
[12:30:10] [261/445] DVPM
[12:30:11] [262/445] SBMJ
[12:30:12] [263/445] CBMU
[12:30:13] [264/445] IUBS
[12:30:14] [265/445] INAP
[12:30:15] [266/445] SRRC
[12:30:16] [267/445] SAGR
[12:30:17] [268/445] CPMJ
[12:30:18] 🔄 Identity reset
[12:30:18] 🔄 Identity rotated (every 10 requests)
[12:30:18] [269/445] ATJL
[12:30:19] [270/445] NNTD
[12:30:20] [271/445] JHCJ
[12:30:20] [272/445] CMMP
[12:30:21] [273/445] RSDR
[12:30:22] [274/445] AMTI
[12:30:23] [275/445] NYSG
[12:30:24] [276/445] AVSG
[12:30:25] [277/445] SYTP
[12:30:27] [278/445] LARC
[12:30:27] 🔄 Identity reset
[12:30:27] 🔄 Identity rotated (every 10 requests)
[12:30:28] [279/445] RJTP
[12:30:29] [280/445] LAKC
[12:30:30] [281/445] MCXE
[12:30:31] [282/445] CCZC
[12:30:31] [283/445] AVCH
[12:30:32] [284/445] CMBE
[12:30:33] [285/445] MRRC
[12:30:34] [286/445] PCPY
[12:30:35] [287/445] SRMH
[12:30:36] [288/445] SVGS
[12:30:37] 🔄 Identity reset
[12:30:37] 🔄 Identity rotated (every 10 requests)
[12:30:37] [289/445] PCSE
[12:30:38] [290/445] SVFT
[12:30:38] [291/445] TNZP
[12:30:39] [292/445] ICTP
[12:30:40] [293/445] ACTZ
[12:30:41] [294/445] GTUR
[12:30:42] [295/445] MAFC
[12:30:43] [296/445] MINL
[12:30:44] [297/445] MRCL
[12:30:44] [298/445] RCRP
[12:30:45] 🔄 Identity reset
[12:30:45] 🔄 Identity rotated (every 10 requests)
[12:30:45] [299/445] RFFG
[12:30:47] [300/445] RMAS
[12:30:47] [301/445] INVR
[12:30:48] [302/445] RMAR
[12:30:49] [303/445] CNIS
[12:30:51] [304/445] RHRJ
[12:30:52] [305/445] INXR
[12:30:53] [306/445] VALT
[12:30:53] [307/445] LCSH
[12:30:54] [308/445] CMVS
[12:30:55] 🔄 Identity reset
[12:30:55] 🔄 Identity rotated (every 10 requests)
[12:30:55] 🔄 Retry 1/5 for CMVS in 2.8s
[12:30:55] 🔄 Identity reset
[12:30:58] 🧠 New identity created
[12:30:58] [309/445] CNMS
[12:30:59] [310/445] ROOG
[12:31:00] [311/445] ISRM
[12:31:01] [312/445] RCRM
[12:31:01] [313/445] ACJA
[12:31:02] [314/445] RCVS
[12:31:03] [315/445] CPUS
[12:31:04] [316/445] TGCS
[12:31:06] [317/445] RKCJ
[12:31:06] 🔄 Identity reset
[12:31:06] 🔄 Identity rotated (every 10 requests)
[12:31:07] [318/445] MKSB
[12:31:08] [319/445] TCSJ
[12:31:09] [320/445] RMGP
[12:31:10] [321/445] CLLP
[12:31:11] [322/445] RCMV
[12:31:11] [323/445] CCKS
[12:31:12] [324/445] RSRP
[12:31:13] [325/445] APLP
[12:31:14] [326/445] CNVS
[12:31:15] [327/445] RMVY
[12:31:16] 🔄 Identity reset
[12:31:16] 🔄 Identity rotated (every 10 requests)
[12:31:16] 🔄 Retry 1/5 for RMVY in 2.7s
[12:31:16] 🔄 Identity reset
[12:31:19] 🧠 New identity created
[12:31:19] [328/445] PGBD
[12:31:20] [329/445] KLMS
[12:31:21] [330/445] RUST
[12:31:22] [331/445] MASM
[12:31:23] [332/445] BACS
[12:31:24] [333/445] BWST
[12:31:24] [334/445] RRFH
[12:31:25] [335/445] SJTM
[12:31:27] [336/445] BEMR
[12:31:28] 🔄 Identity reset
[12:31:28] 🔄 Identity rotated (every 10 requests)
[12:31:28] [337/445] MCGR
[12:31:29] [338/445] SDSK
[12:31:30] [339/445] VBOL
[12:31:31] [340/445] RMGM
[12:31:32] [341/445] NOPL
[12:31:33] [342/445] MKJK
[12:31:34] [343/445] CVRN
[12:31:35] [344/445] MMEN
[12:31:35] [345/445] AMNG
[12:31:36] [346/445] INTM
[12:31:37] 🔄 Identity reset
[12:31:37] 🔄 Identity rotated (every 10 requests)
[12:31:37] [347/445] SLCZ
[12:31:38] [348/445] AMJN
[12:31:39] [349/445] ACJN
[12:31:40] [350/445] AMKN
[12:31:41] [351/445] BTCN
[12:31:42] [352/445] AMBT
[12:31:42] [353/445] PACN
[12:31:44] [354/445] LCNS
[12:31:45] [355/445] PPKC
[12:31:46] [356/445] JYYN
[12:31:46] 🔄 Identity reset
[12:31:46] 🔄 Identity rotated (every 10 requests)
[12:31:47] [357/445] JTNR
[12:31:47] [358/445] GTEE
[12:31:48] [359/445] SRNM
[12:31:49] [360/445] SDTC
[12:31:50] [361/445] VPCA
[12:31:51] [362/445] VLRA
[12:31:52] [363/445] SHKR
[12:31:53] [364/445] SBKD
[12:31:53] [365/445] SAAD
[12:31:54] [366/445] JTGN
[12:31:55] 🔄 Identity reset
[12:31:55] 🔄 Identity rotated (every 10 requests)
[12:31:55] [367/445] SLAM
[12:31:56] [368/445] VTPM
[12:31:57] [369/445] ANPT
[12:31:58] [370/445] PUNB
[12:31:59] [371/445] CPKT
[12:32:00] [372/445] CNWE
[12:32:01] [373/445] ECPP
[12:32:02] [374/445] CPAR
[12:32:03] [375/445] ESBW
[12:32:04] [376/445] PKPU
[12:32:05] 🔄 Identity reset
[12:32:05] 🔄 Identity rotated (every 10 requests)
[12:32:05] [377/445] CPRP
[12:32:06] [378/445] RAHU
[12:32:07] [379/445] RHMN
[12:32:07] [380/445] FMJP
[12:32:08] [381/445] CTMP
[12:32:10] [382/445] INPN
[12:32:11] [383/445] STTG
[12:32:12] [384/445] CTRD
[12:32:12] [385/445] PUVB
[12:32:13] [386/445] ESVP
[12:32:14] 🔄 Identity reset
[12:32:14] 🔄 Identity rotated (every 10 requests)
[12:32:14] [387/445] CPFT
[12:32:15] [388/445] LCPC
[12:32:16] [389/445] VBCT
[12:32:16] [390/445] FSCW
[12:32:17] [391/445] VCMP
[12:32:18] [392/445] ASHC
[12:32:19] [393/445] VLCX
[12:32:20] [394/445] SHEV
[12:32:21] [395/445] APCO
[12:32:22] [396/445] SILC
[12:32:22] 🔄 Identity reset
[12:32:22] 🔄 Identity rotated (every 10 requests)
[12:32:23] [397/445] SNMR
[12:32:23] [398/445] KYBO
[12:32:24] [399/445] SATK
[12:32:25] [400/445] SSCS
[12:32:26] [401/445] CLSB
[12:32:27] [402/445] KMJR
[12:32:29] [403/445] FSCK
[12:32:30] [404/445] NNKA
[12:32:31] [405/445] CLMK
[12:32:31] [406/445] DMPZ
[12:32:32] 🔄 Identity reset
[12:32:32] 🔄 Identity rotated (every 10 requests)
[12:32:32] [407/445] INQM
[12:32:33] [408/445] CAML
[12:32:34] [409/445] INRK
[12:32:35] [410/445] IMKN
[12:32:36] [411/445] SVNR
[12:32:37] [412/445] INSL
[12:32:37] [413/445] MSMA
[12:32:39] [414/445] MCKK
[12:32:40] [415/445] FCHP
[12:32:41] [416/445] SFCR
[12:32:41] 🔄 Identity reset
[12:32:41] 🔄 Identity rotated (every 10 requests)
[12:32:42] [417/445] NACK
[12:32:43] [418/445] PVAK
[12:32:44] [419/445] INER
[12:32:45] [420/445] RDBK
[12:32:45] [421/445] SVFN
[12:32:46] [422/445] IFRM
[12:32:47] [423/445] ATCK
[12:32:49] [424/445] ASKO
[12:32:49] [425/445] STKT
[12:32:50] [426/445] SVFB
[12:32:51] 🔄 Identity reset
[12:32:51] 🔄 Identity rotated (every 10 requests)
[12:32:51] [427/445] INKS
[12:32:53] [428/445] PCRA
[12:32:53] [429/445] ATJA
[12:32:54] [430/445] IMJN
[12:32:55] [431/445] INHD
[12:32:56] [432/445] BARA
[12:32:57] [433/445] MCSL
[12:32:58] [434/445] RTOY
[12:32:59] [435/445] MENO
[12:33:00] [436/445] PUDM
[12:33:01] 🔄 Identity reset
[12:33:01] 🔄 Identity rotated (every 10 requests)
[12:33:01] [437/445] PRCN
[12:33:03] [438/445] JMJR
[12:33:03] [439/445] SSGK
[12:33:05] [440/445] SSRL
[12:33:06] [441/445] JYKL
[12:33:07] [442/445] ACNB
[12:33:08] [443/445] SONP
[12:33:09] [444/445] EMCI
[12:33:10] [445/445] MRJH
[12:33:11] 🧹 Deduping shows
[12:33:11] ✅ DONE | Shows=40 | Movies=6
[22:09:51] 🚀 SCRIPT STARTED (enhanced anti‑detection)
[22:09:51] [1/445] TGMR
[22:09:52] 🧠 New identity created
[22:09:52] [2/445] CXKR
[22:09:53] [3/445] SROP
[22:09:54] [4/445] GTSV
[22:09:55] [5/445] SNTY
[22:09:56] [6/445] SMYY
[22:09:57] [7/445] CNCS
[22:09:57] [8/445] CSTM
[22:09:58] [9/445] NUCD
[22:09:59] [10/445] SHCZ
[22:10:00] 🔄 Identity reset
[22:10:00] 🔄 Identity rotated (every 10 requests)
[22:10:00] [11/445] NJCT
[22:10:01] [12/445] COPC
[22:10:02] [13/445] STVV
[22:10:03] [14/445] SKRN
[22:10:04] [15/445] APPZ
[22:10:05] [16/445] YMGN
[22:10:06] [17/445] SVTU
[22:10:08] [18/445] GTAD
[22:10:08] [19/445] PSUS
[22:10:09] [20/445] SMCD
[22:10:10] 🔄 Identity reset
[22:10:10] 🔄 Identity rotated (every 10 requests)
[22:10:10] [21/445] CMCM
[22:10:11] [22/445] SYCT
[22:10:12] [23/445] STLY
[22:10:13] [24/445] CMHU
[22:10:14] [25/445] CMSA
[22:10:15] [26/445] CLCU
[22:10:16] [27/445] PPNT
[22:10:17] [28/445] JTAB
[22:10:17] [29/445] BUUC
[22:10:18] [30/445] BSVK
[22:10:19] 🔄 Identity reset
[22:10:19] 🔄 Identity rotated (every 10 requests)
[22:10:19] [31/445] VVVQ
[22:10:20] [32/445] TKMU
[22:10:21] [33/445] ESYL
[22:10:22] [34/445] ACHP
[22:10:23] [35/445] BTKD
[22:10:24] [36/445] DESA
[22:10:25] [37/445] GBCT
[22:10:26] [38/445] BLLD
[22:10:26] [39/445] SKNT
[22:10:27] [40/445] SSTE
[22:10:28] 🔄 Identity reset
[22:10:28] 🔄 Identity rotated (every 10 requests)
[22:10:28] [41/445] VJMR
[22:10:29] [42/445] NTPU
[22:10:30] [43/445] RDKN
[22:10:31] [44/445] ADGC
[22:10:32] [45/445] VRBP
[22:10:32] [46/445] NMNA
[22:10:33] [47/445] CMMX
[22:10:34] [48/445] PTKO
[22:10:35] [49/445] RBML
[22:10:36] [50/445] SAIC
[22:10:36] 🔄 Identity reset
[22:10:36] 🔄 Identity rotated (every 10 requests)
[22:10:37] [51/445] SVTJ
[22:10:37] [52/445] MRTE
[22:10:38] [53/445] RBTP
[22:10:39] [54/445] NLPS
[22:10:40] [55/445] GTNA
[22:10:41] [56/445] DGGC
[22:10:41] [57/445] SMCR
[22:10:42] [58/445] SCGD
[22:10:43] [59/445] SRRJ
[22:10:44] [60/445] CNRY
[22:10:44] 🔄 Identity reset
[22:10:44] 🔄 Identity rotated (every 10 requests)
[22:10:45] [61/445] KTDI
[22:10:45] [62/445] SNJL
[22:10:46] [63/445] RKMD
[22:10:47] [64/445] SMDC
[22:10:48] [65/445] TADG
[22:10:49] [66/445] MCGS
[22:10:50] [67/445] PETK
[22:10:52] [68/445] CHAG
[22:10:52] [69/445] KSTL
[22:10:53] [70/445] AADS
[22:10:54] 🔄 Identity reset
[22:10:54] 🔄 Identity rotated (every 10 requests)
[22:10:54] [71/445] NTHZ
[22:10:55] [72/445] HCKI
[22:10:56] [73/445] SSEF
[22:10:57] [74/445] MCGX
[22:10:58] [75/445] ERRA
[22:10:59] [76/445] SDTW
[22:11:00] [77/445] RMPK
[22:11:00] [78/445] PTHK
[22:11:01] [79/445] PXCS
[22:11:02] [80/445] SVLU
[22:11:03] 🔄 Identity reset
[22:11:03] 🔄 Identity rotated (every 10 requests)
[22:11:03] 🔄 Retry 1/5 for SVLU in 2.1s
[22:11:03] 🔄 Identity reset
[22:11:05] 🧠 New identity created
[22:11:06] [81/445] STAH
[22:11:07] [82/445] JRGF
[22:11:08] [83/445] CDOK
[22:11:09] [84/445] CMSG
[22:11:10] [85/445] APTD
[22:11:11] [86/445] KMPG
[22:11:11] [87/445] MUTJ
[22:11:12] [88/445] VCCI
[22:11:13] [89/445] URBE
[22:11:13] 🔄 Identity reset
[22:11:13] 🔄 Identity rotated (every 10 requests)
[22:11:14] [90/445] TCTS
[22:11:15] [91/445] STSN
[22:11:16] [92/445] AKCH
[22:11:17] [93/445] APSC
[22:11:18] [94/445] VLTB
[22:11:19] [95/445] SANU
[22:11:20] [96/445] AXAM
[22:11:20] [97/445] MGMG
[22:11:21] [98/445] HTBY
[22:11:22] [99/445] MMZS
[22:11:23] 🔄 Identity reset
[22:11:23] 🔄 Identity rotated (every 10 requests)
[22:11:23] [100/445] SUDR
[22:11:24] [101/445] CCAD
[22:11:25] [102/445] SKKC
[22:11:26] [103/445] RMCD
[22:11:27] [104/445] SBCQ
[22:11:28] [105/445] DCCT
[22:11:29] [106/445] VTKP
[22:11:31] [107/445] MLAM
[22:11:32] [108/445] SAVT
[22:11:33] [109/445] GEPL
[22:11:34] 🔄 Identity reset
[22:11:34] 🔄 Identity rotated (every 10 requests)
[22:11:34] 🔄 Retry 1/5 for GEPL in 2.8s
[22:11:34] 🔄 Identity reset
[22:11:36] 🧠 New identity created
[22:11:37] 🔄 Retry 2/5 for GEPL in 4.7s
[22:11:37] 🔄 Identity reset
[22:11:41] 🧠 New identity created
[22:11:42] [110/445] AMCD
[22:11:42] [111/445] CCXR
[22:11:43] [112/445] GRNG
[22:11:44] [113/445] EBCA
[22:11:45] [114/445] CNVG
[22:11:46] [115/445] MWSS
[22:11:47] [116/445] VBOR
[22:11:47] [117/445] NEEB
[22:11:48] 🔄 Identity reset
[22:11:48] 🔄 Identity rotated (every 10 requests)
[22:11:48] [118/445] SUTH
[22:11:49] [119/445] ANDB
[22:11:50] [120/445] MMXS
[22:11:51] [121/445] CNPD
[22:11:52] [122/445] SDCE
[22:11:53] [123/445] DHCB
[22:11:54] [124/445] ODEN
[22:11:54] [125/445] TNTC
[22:11:55] [126/445] VBKM
[22:11:56] [127/445] RZYM
[22:11:57] 🔄 Identity reset
[22:11:57] 🔄 Identity rotated (every 10 requests)
[22:11:57] [128/445] JEMC
[22:11:58] [129/445] CMAU
[22:11:59] [130/445] SIVP
[22:12:00] [131/445] ATAG
[22:12:01] [132/445] CHTM
[22:12:02] [133/445] AAEE
[22:12:03] [134/445] IWPM
[22:12:04] [135/445] KCMW
[22:12:04] [136/445] MCTD
[22:12:06] [137/445] SPWR
[22:12:07] 🔄 Identity reset
[22:12:07] 🔄 Identity rotated (every 10 requests)
[22:12:07] [138/445] SDPO
[22:12:08] [139/445] PCSK
[22:12:09] [140/445] ACHV
[22:12:10] [141/445] SVLA
[22:12:11] [142/445] PICT
[22:12:13] [143/445] BXDR
[22:12:13] [144/445] SPWA
[22:12:14] [145/445] MCKO
[22:12:15] [146/445] RTHK
[22:12:17] [147/445] CCMF
[22:12:17] 🔄 Identity reset
[22:12:17] 🔄 Identity rotated (every 10 requests)
[22:12:17] [148/445] MRGB
[22:12:18] [149/445] CPLC
[22:12:19] [150/445] RACD
[22:12:20] [151/445] ATKT
[22:12:21] [152/445] SARN
[22:12:22] [153/445] KKUI
[22:12:23] [154/445] RGCM
[22:12:24] [155/445] BRVP
[22:12:25] [156/445] HRSR
[22:12:26] [157/445] GKGM
[22:12:26] 🔄 Identity reset
[22:12:26] 🔄 Identity rotated (every 10 requests)
[22:12:26] 🔄 Retry 1/5 for GKGM in 2.9s
[22:12:26] 🔄 Identity reset
[22:12:29] 🧠 New identity created
[22:12:30] [158/445] TTCD
[22:12:30] [159/445] PTTI
[22:12:31] [160/445] MPTT
[22:12:32] [161/445] CVTT
[22:12:33] [162/445] PCXD
[22:12:34] [163/445] GCDC
[22:12:35] [164/445] CCCF
[22:12:35] [165/445] MRAD
[22:12:37] [166/445] CPLK
[22:12:37] 🔄 Identity reset
[22:12:37] 🔄 Identity rotated (every 10 requests)
[22:12:38] [167/445] SATB
[22:12:39] [168/445] SNVG
[22:12:40] [169/445] JMBA
[22:12:40] [170/445] TEJA
[22:12:41] [171/445] STYO
[22:12:42] [172/445] JTBP
[22:12:43] [173/445] KRGD
[22:12:44] [174/445] SLJJ
[22:12:45] [175/445] SPTJ
[22:12:46] [176/445] SWJG
[22:12:47] 🔄 Identity reset
[22:12:47] 🔄 Identity rotated (every 10 requests)
[22:12:47] [177/445] LKRT
[22:12:48] [178/445] KCKA
[22:12:48] [179/445] SNCR
[22:12:49] [180/445] SMKL
[22:12:50] [181/445] GCFA
[22:12:51] [182/445] DDCK
[22:12:52] [183/445] NCHJ
[22:12:53] [184/445] RDMA
[22:12:53] [185/445] SVSV
[22:12:54] [186/445] SCJG
[22:12:55] 🔄 Identity reset
[22:12:55] 🔄 Identity rotated (every 10 requests)
[22:12:55] 🔄 Retry 1/5 for SCJG in 2.4s
[22:12:55] 🔄 Identity reset
[22:12:57] 🧠 New identity created
[22:12:58] [187/445] VKLP
[22:12:59] [188/445] NWCC
[22:13:01] [189/445] VKNS
[22:13:01] [190/445] SDDP
[22:13:02] [191/445] ACSI
[22:13:03] [192/445] SATG
[22:13:04] [193/445] SCMW
[22:13:06] [194/445] LKTK
[22:13:06] [195/445] VCKV
[22:13:07] 🔄 Identity reset
[22:13:07] 🔄 Identity rotated (every 10 requests)
[22:13:07] [196/445] KKPE
[22:13:08] [197/445] KIGH
[22:13:09] [198/445] SRPM
[22:13:10] [199/445] SCAH
[22:13:11] [200/445] MUTA
[22:13:12] [201/445] SEPU
[22:13:13] [202/445] INOA
[22:13:14] [203/445] BASK
[22:13:15] [204/445] NECB
[22:13:16] [205/445] GTTG
[22:13:16] 🔄 Identity reset
[22:13:16] 🔄 Identity rotated (every 10 requests)
[22:13:17] [206/445] ASSA
[22:13:17] [207/445] ANCL
[22:13:18] [208/445] GCTI
[22:13:19] [209/445] RCTS
[22:13:20] [210/445] ACNL
[22:13:21] [211/445] MYCT
[22:13:22] [212/445] NMHT
[22:13:23] [213/445] MDIT
[22:13:23] [214/445] LATG
[22:13:24] [215/445] SMTY
[22:13:25] 🔄 Identity reset
[22:13:25] 🔄 Identity rotated (every 10 requests)
[22:13:25] [216/445] CVCT
[22:13:26] [217/445] RAMB
[22:13:27] [218/445] TGMS
[22:13:28] [219/445] BHEL
[22:13:28] [220/445] SHCT
[22:13:29] [221/445] SVCT
[22:13:30] [222/445] MRIY
[22:13:31] [223/445] SARO
[22:13:32] [224/445] STCT
[22:13:34] [225/445] JKKC
[22:13:34] 🔄 Identity reset
[22:13:34] 🔄 Identity rotated (every 10 requests)
[22:13:35] [226/445] PLTT
[22:13:36] [227/445] SRNT
[22:13:37] [228/445] YAST
[22:13:38] [229/445] PERL
[22:13:38] [230/445] CICM
[22:13:39] [231/445] MMTR
[22:13:40] [232/445] ABTK
[22:13:41] [233/445] ATYY
[22:13:42] [234/445] ASTK
[22:13:43] [235/445] VVCK
[22:13:43] 🔄 Identity reset
[22:13:43] 🔄 Identity rotated (every 10 requests)
[22:13:44] [236/445] ATKY
[22:13:45] [237/445] GWEK
[22:13:45] [238/445] SVFH
[22:13:46] [239/445] SLTA
[22:13:47] [240/445] AASH
[22:13:48] [241/445] ACXB
[22:13:49] [242/445] SMTX
[22:13:50] [243/445] AZDH
[22:13:51] [244/445] CMMH
[22:13:51] [245/445] SCSZ
[22:13:52] 🔄 Identity reset
[22:13:52] 🔄 Identity rotated (every 10 requests)
[22:13:52] [246/445] SCKP
[22:13:53] [247/445] NXTM
[22:13:54] [248/445] NWCS
[22:13:55] [249/445] CXMH
[22:13:55] [250/445] PCMA
[22:13:56] [251/445] SGCM
[22:13:57] [252/445] SDTU
[22:13:59] [253/445] MMVI
[22:13:59] [254/445] JKCM
[22:14:00] [255/445] VCMM
[22:14:01] 🔄 Identity reset
[22:14:01] 🔄 Identity rotated (every 10 requests)
[22:14:01] [256/445] SYEE
[22:14:02] [257/445] VASD
[22:14:03] [258/445] BDRB
[22:14:04] [259/445] LASM
[22:14:05] [260/445] DCRL
[22:14:06] [261/445] DVPM
[22:14:07] [262/445] SBMJ
[22:14:08] [263/445] CBMU
[22:14:09] [264/445] IUBS
[22:14:10] [265/445] INAP
[22:14:10] 🔄 Identity reset
[22:14:10] 🔄 Identity rotated (every 10 requests)
[22:14:11] 🔄 Retry 1/5 for INAP in 2.8s
[22:14:11] 🔄 Identity reset
[22:14:13] 🧠 New identity created
[22:14:13] 🔄 Retry 2/5 for INAP in 4.5s
[22:14:13] 🔄 Identity reset
[22:14:18] 🧠 New identity created
[22:14:18] [266/445] SRRC
[22:14:19] [267/445] SAGR
[22:14:21] [268/445] CPMJ
[22:14:21] [269/445] ATJL
[22:14:22] [270/445] NNTD
[22:14:23] [271/445] JHCJ
[22:14:24] [272/445] CMMP
[22:14:25] [273/445] RSDR
[22:14:26] 🔄 Identity reset
[22:14:26] 🔄 Identity rotated (every 10 requests)
[22:14:26] [274/445] AMTI
[22:14:27] [275/445] NYSG
[22:14:28] [276/445] AVSG
[22:14:29] [277/445] SYTP
[22:14:30] [278/445] LARC
[22:14:31] [279/445] RJTP
[22:14:32] [280/445] LAKC
[22:14:33] [281/445] MCXE
[22:14:33] [282/445] CCZC
[22:14:34] [283/445] AVCH
[22:14:35] 🔄 Identity reset
[22:14:35] 🔄 Identity rotated (every 10 requests)
[22:14:35] [284/445] CMBE
[22:14:36] [285/445] MRRC
[22:14:37] [286/445] PCPY
[22:14:38] [287/445] SRMH
[22:14:39] [288/445] SVGS
[22:14:39] [289/445] PCSE
[22:14:41] [290/445] SVFT
[22:14:42] [291/445] TNZP
[22:14:43] [292/445] ICTP
[22:14:44] [293/445] ACTZ
[22:14:45] 🔄 Identity reset
[22:14:45] 🔄 Identity rotated (every 10 requests)
[22:14:45] [294/445] GTUR
[22:14:46] [295/445] MAFC
[22:14:47] [296/445] MINL
[22:14:48] [297/445] MRCL
[22:14:49] [298/445] RCRP
[22:14:50] [299/445] RFFG
[22:14:51] [300/445] RMAS
[22:14:52] [301/445] INVR
[22:14:53] [302/445] RMAR
[22:14:54] [303/445] CNIS
[22:14:54] 🔄 Identity reset
[22:14:54] 🔄 Identity rotated (every 10 requests)
[22:14:55] [304/445] RHRJ
[22:14:55] [305/445] INXR
[22:14:56] [306/445] VALT
[22:14:57] [307/445] LCSH
[22:14:58] [308/445] CMVS
[22:14:59] [309/445] CNMS
[22:14:59] [310/445] ROOG
[22:15:00] [311/445] ISRM
[22:15:01] [312/445] RCRM
[22:15:02] [313/445] ACJA
[22:15:02] 🔄 Identity reset
[22:15:02] 🔄 Identity rotated (every 10 requests)
[22:15:03] [314/445] RCVS
[22:15:04] [315/445] CPUS
[22:15:05] [316/445] TGCS
[22:15:06] [317/445] RKCJ
[22:15:07] [318/445] MKSB
[22:15:08] [319/445] TCSJ
[22:15:09] [320/445] RMGP
[22:15:10] [321/445] CLLP
[22:15:10] [322/445] RCMV
[22:15:11] [323/445] CCKS
[22:15:12] 🔄 Identity reset
[22:15:12] 🔄 Identity rotated (every 10 requests)
[22:15:13] [324/445] RSRP
[22:15:14] [325/445] APLP
[22:15:15] [326/445] CNVS
[22:15:16] [327/445] RMVY
[22:15:16] [328/445] PGBD
[22:15:17] [329/445] KLMS
[22:15:19] [330/445] RUST
[22:15:20] [331/445] MASM
[22:15:20] [332/445] BACS
[22:15:21] [333/445] BWST
[22:15:22] 🔄 Identity reset
[22:15:22] 🔄 Identity rotated (every 10 requests)
[22:15:22] [334/445] RRFH
[22:15:23] [335/445] SJTM
[22:15:24] [336/445] BEMR
[22:15:25] [337/445] MCGR
[22:15:26] [338/445] SDSK
[22:15:27] [339/445] VBOL
[22:15:28] [340/445] RMGM
[22:15:29] [341/445] NOPL
[22:15:29] [342/445] MKJK
[22:15:30] [343/445] CVRN
[22:15:31] 🔄 Identity reset
[22:15:31] 🔄 Identity rotated (every 10 requests)
[22:15:31] [344/445] MMEN
[22:15:32] [345/445] AMNG
[22:15:33] [346/445] INTM
[22:15:34] [347/445] SLCZ
[22:15:35] [348/445] AMJN
[22:15:36] [349/445] ACJN
[22:15:36] [350/445] AMKN
[22:15:37] [351/445] BTCN
[22:15:38] [352/445] AMBT
[22:15:39] [353/445] PACN
[22:15:40] 🔄 Identity reset
[22:15:40] 🔄 Identity rotated (every 10 requests)
[22:15:40] [354/445] LCNS
[22:15:42] [355/445] PPKC
[22:15:43] [356/445] JYYN
[22:15:44] [357/445] JTNR
[22:15:46] [358/445] GTEE
[22:15:46] [359/445] SRNM
[22:15:48] [360/445] SDTC
[22:15:49] [361/445] VPCA
[22:15:50] [362/445] VLRA
[22:15:51] [363/445] SHKR
[22:15:52] 🔄 Identity reset
[22:15:52] 🔄 Identity rotated (every 10 requests)
[22:15:52] [364/445] SBKD
[22:15:53] [365/445] SAAD
[22:15:54] [366/445] JTGN
[22:15:55] [367/445] SLAM
[22:15:56] [368/445] VTPM
[22:15:57] [369/445] ANPT
[22:15:58] [370/445] PUNB
[22:15:58] [371/445] CPKT
[22:15:59] [372/445] CNWE
[22:16:00] [373/445] ECPP
[22:16:01] 🔄 Identity reset
[22:16:01] 🔄 Identity rotated (every 10 requests)
[22:16:01] 🔄 Retry 1/5 for ECPP in 2.7s
[22:16:01] 🔄 Identity reset
[22:16:04] 🧠 New identity created
[22:16:04] [374/445] CPAR
[22:16:05] [375/445] ESBW
[22:16:06] [376/445] PKPU
[22:16:07] [377/445] CPRP
[22:16:07] [378/445] RAHU
[22:16:08] [379/445] RHMN
[22:16:09] [380/445] FMJP
[22:16:11] [381/445] CTMP
[22:16:12] [382/445] INPN
[22:16:12] 🔄 Identity reset
[22:16:12] 🔄 Identity rotated (every 10 requests)
[22:16:13] [383/445] STTG
[22:16:14] [384/445] CTRD
[22:16:15] [385/445] PUVB
[22:16:16] [386/445] ESVP
[22:16:16] [387/445] CPFT
[22:16:17] [388/445] LCPC
[22:16:18] [389/445] VBCT
[22:16:19] [390/445] FSCW
[22:16:20] [391/445] VCMP
[22:16:21] [392/445] ASHC
[22:16:22] 🔄 Identity reset
[22:16:22] 🔄 Identity rotated (every 10 requests)
[22:16:23] [393/445] VLCX
[22:16:23] [394/445] SHEV
[22:16:24] [395/445] APCO
[22:16:25] [396/445] SILC
[22:16:26] [397/445] SNMR
[22:16:26] [398/445] KYBO
[22:16:28] [399/445] SATK
[22:16:29] [400/445] SSCS
[22:16:30] [401/445] CLSB
[22:16:31] [402/445] KMJR
[22:16:31] 🔄 Identity reset
[22:16:31] 🔄 Identity rotated (every 10 requests)
[22:16:32] [403/445] FSCK
[22:16:32] [404/445] NNKA
[22:16:34] [405/445] CLMK
[22:16:35] [406/445] DMPZ
[22:16:36] [407/445] INQM
[22:16:37] [408/445] CAML
[22:16:38] [409/445] INRK
[22:16:38] [410/445] IMKN
[22:16:40] [411/445] SVNR
[22:16:41] [412/445] INSL
[22:16:41] 🔄 Identity reset
[22:16:41] 🔄 Identity rotated (every 10 requests)
[22:16:42] [413/445] MSMA
[22:16:43] [414/445] MCKK
[22:16:43] [415/445] FCHP
[22:16:44] [416/445] SFCR
[22:16:45] [417/445] NACK
[22:16:46] [418/445] PVAK
[22:16:47] [419/445] INER
[22:16:48] [420/445] RDBK
[22:16:49] [421/445] SVFN
[22:16:49] [422/445] IFRM
[22:16:50] 🔄 Identity reset
[22:16:50] 🔄 Identity rotated (every 10 requests)
[22:16:50] [423/445] ATCK
[22:16:51] [424/445] ASKO
[22:16:52] [425/445] STKT
[22:16:53] [426/445] SVFB
[22:16:54] [427/445] INKS
[22:16:55] [428/445] PCRA
[22:16:56] [429/445] ATJA
[22:16:57] [430/445] IMJN
[22:16:58] [431/445] INHD
[22:16:59] [432/445] BARA
[22:16:59] 🔄 Identity reset
[22:16:59] 🔄 Identity rotated (every 10 requests)
[22:16:59] [433/445] MCSL
[22:17:00] [434/445] RTOY
[22:17:01] [435/445] MENO
[22:17:02] [436/445] PUDM
[22:17:03] [437/445] PRCN
[22:17:04] [438/445] JMJR
[22:17:05] [439/445] SSGK
[22:17:06] [440/445] SSRL
[22:17:06] [441/445] JYKL
[22:17:07] [442/445] ACNB
[22:17:08] 🔄 Identity reset
[22:17:08] 🔄 Identity rotated (every 10 requests)
[22:17:08] [443/445] SONP
[22:17:09] [444/445] EMCI
[22:17:10] [445/445] MRJH
[22:17:11] 🧹 Deduping shows
[22:17:11] ✅ DONE | Shows=87 | Movies=10
[07:12:59] 🚀 SCRIPT STARTED (enhanced anti‑detection)
[07:12:59] [1/445] TGMR
[07:13:00] 🧠 New identity created
[07:13:00] 🔄 Retry 1/5 for TGMR in 2.8s
[07:13:00] 🔄 Identity reset
[07:13:03] 🧠 New identity created
[07:13:03] 🔄 Retry 2/5 for TGMR in 4.1s
[07:13:03] 🔄 Identity reset
[07:13:07] 🧠 New identity created
[07:13:07] 🔄 Retry 3/5 for TGMR in 8.1s
[07:13:07] 🔄 Identity reset
[07:13:15] 🧠 New identity created
[07:13:15] [2/445] CXKR
[07:13:16] [3/445] SROP
[07:13:17] [4/445] GTSV
[07:13:17] [5/445] SNTY
[07:13:18] [6/445] SMYY
[07:13:18] [7/445] CNCS
[07:13:19] 🔄 Identity reset
[07:13:19] 🔄 Identity rotated (every 10 requests)
[07:13:19] [8/445] CSTM
[07:13:21] [9/445] NUCD
[07:13:21] [10/445] SHCZ
[07:13:22] [11/445] NJCT
[07:13:23] [12/445] COPC
[07:13:24] [13/445] STVV
[07:13:25] [14/445] SKRN
[07:13:26] [15/445] APPZ
[07:13:27] [16/445] YMGN
[07:13:27] [17/445] SVTU
[07:13:28] 🔄 Identity reset
[07:13:28] 🔄 Identity rotated (every 10 requests)
[07:13:28] [18/445] GTAD
[07:13:29] [19/445] PSUS
[07:13:30] [20/445] SMCD
[07:13:31] [21/445] CMCM
[07:13:32] [22/445] SYCT
[07:13:33] [23/445] STLY
[07:13:33] [24/445] CMHU
[07:13:34] [25/445] CMSA
[07:13:35] [26/445] CLCU
[07:13:36] [27/445] PPNT
[07:13:36] 🔄 Identity reset
[07:13:36] 🔄 Identity rotated (every 10 requests)
[07:13:36] [28/445] JTAB
[07:13:37] [29/445] BUUC
[07:13:38] [30/445] BSVK
[07:13:39] [31/445] VVVQ
[07:13:40] [32/445] TKMU
[07:13:41] [33/445] ESYL
[07:13:41] [34/445] ACHP
[07:13:42] [35/445] BTKD
[07:13:43] [36/445] DESA
[07:13:44] [37/445] GBCT
[07:13:45] 🔄 Identity reset
[07:13:45] 🔄 Identity rotated (every 10 requests)
[07:13:45] 🔄 Retry 1/5 for GBCT in 2.3s
[07:13:45] 🔄 Identity reset
[07:13:47] 🧠 New identity created
[07:13:47] [38/445] BLLD
[07:13:48] [39/445] SKNT
[07:13:49] [40/445] SSTE
[07:13:49] [41/445] VJMR
[07:13:50] [42/445] NTPU
[07:13:51] [43/445] RDKN
[07:13:52] [44/445] ADGC
[07:13:52] [45/445] VRBP
[07:13:53] [46/445] NMNA
[07:13:54] 🔄 Identity reset
[07:13:54] 🔄 Identity rotated (every 10 requests)
[07:13:55] [47/445] CMMX
[07:13:56] [48/445] PTKO
[07:13:56] [49/445] RBML
[07:13:57] [50/445] SAIC
[07:13:58] [51/445] SVTJ
[07:13:58] [52/445] MRTE
[07:13:59] [53/445] RBTP
[07:14:00] [54/445] NLPS
[07:14:01] [55/445] GTNA
[07:14:02] [56/445] DGGC
[07:14:02] 🔄 Identity reset
[07:14:02] 🔄 Identity rotated (every 10 requests)
[07:14:03] [57/445] SMCR
[07:14:03] [58/445] SCGD
[07:14:04] [59/445] SRRJ
[07:14:05] [60/445] CNRY
[07:14:07] [61/445] KTDI
[07:14:08] [62/445] SNJL
[07:14:08] [63/445] RKMD
[07:14:09] [64/445] SMDC
[07:14:10] [65/445] TADG
[07:14:11] [66/445] MCGS
[07:14:11] 🔄 Identity reset
[07:14:11] 🔄 Identity rotated (every 10 requests)
[07:14:11] 🔄 Retry 1/5 for MCGS in 2.7s
[07:14:11] 🔄 Identity reset
[07:14:14] 🧠 New identity created
[07:14:14] [67/445] PETK
[07:14:15] [68/445] CHAG
[07:14:16] [69/445] KSTL
[07:14:16] [70/445] AADS
[07:14:17] [71/445] NTHZ
[07:14:18] [72/445] HCKI
[07:14:19] [73/445] SSEF
[07:14:19] [74/445] MCGX
[07:14:20] [75/445] ERRA
[07:14:21] 🔄 Identity reset
[07:14:21] 🔄 Identity rotated (every 10 requests)
[07:14:21] [76/445] SDTW
[07:14:22] [77/445] RMPK
[07:14:23] [78/445] PTHK
[07:14:24] [79/445] PXCS
[07:14:25] [80/445] SVLU
[07:14:26] [81/445] STAH
[07:14:26] [82/445] JRGF
[07:14:27] [83/445] CDOK
[07:14:28] [84/445] CMSG
[07:14:29] [85/445] APTD
[07:14:29] 🔄 Identity reset
[07:14:29] 🔄 Identity rotated (every 10 requests)
[07:14:29] [86/445] KMPG
[07:14:30] [87/445] MUTJ
[07:14:31] [88/445] VCCI
[07:14:32] [89/445] URBE
[07:14:33] [90/445] TCTS
[07:14:33] [91/445] STSN
[07:14:34] [92/445] AKCH
[07:14:35] [93/445] APSC
[07:14:36] [94/445] VLTB
[07:14:36] [95/445] SANU
[07:14:37] 🔄 Identity reset
[07:14:37] 🔄 Identity rotated (every 10 requests)
[07:14:37] [96/445] AXAM
[07:14:38] [97/445] MGMG
[07:14:39] [98/445] HTBY
[07:14:40] [99/445] MMZS
[07:14:41] [100/445] SUDR
[07:14:42] [101/445] CCAD
[07:14:42] [102/445] SKKC
[07:14:43] [103/445] RMCD
[07:14:43] [104/445] SBCQ
[07:14:44] [105/445] DCCT
[07:14:45] 🔄 Identity reset
[07:14:45] 🔄 Identity rotated (every 10 requests)
[07:14:45] [106/445] VTKP
[07:14:47] [107/445] MLAM
[07:14:47] [108/445] SAVT
[07:14:48] [109/445] GEPL
[07:14:49] [110/445] AMCD
[07:14:50] [111/445] CCXR
[07:14:52] [112/445] GRNG
[07:14:53] [113/445] EBCA
[07:14:53] [114/445] CNVG
[07:14:54] [115/445] MWSS
[07:14:55] 🔄 Identity reset
[07:14:55] 🔄 Identity rotated (every 10 requests)
[07:14:55] 🔄 Retry 1/5 for MWSS in 2.5s
[07:14:55] 🔄 Identity reset
[07:14:57] 🧠 New identity created
[07:14:57] [116/445] VBOR
[07:14:58] [117/445] NEEB
[07:14:59] [118/445] SUTH
[07:15:00] [119/445] ANDB
[07:15:00] [120/445] MMXS
[07:15:01] [121/445] CNPD
[07:15:01] [122/445] SDCE
[07:15:02] [123/445] DHCB
[07:15:03] [124/445] ODEN
[07:15:03] 🔄 Identity reset
[07:15:03] 🔄 Identity rotated (every 10 requests)
[07:15:04] [125/445] TNTC
[07:15:05] [126/445] VBKM
[07:15:05] [127/445] RZYM
[07:15:06] [128/445] JEMC
[07:15:07] [129/445] CMAU
[07:15:08] [130/445] SIVP
[07:15:09] [131/445] ATAG
[07:15:10] [132/445] CHTM
[07:15:11] [133/445] AAEE
[07:15:11] [134/445] IWPM
[07:15:12] 🔄 Identity reset
[07:15:12] 🔄 Identity rotated (every 10 requests)
[07:15:12] [135/445] KCMW
[07:15:13] [136/445] MCTD
[07:15:14] [137/445] SPWR
[07:15:14] [138/445] SDPO
[07:15:15] [139/445] PCSK
[07:15:16] [140/445] ACHV
[07:15:17] [141/445] SVLA
[07:15:18] [142/445] PICT
[07:15:19] [143/445] BXDR
[07:15:20] [144/445] SPWA
[07:15:20] 🔄 Identity reset
[07:15:20] 🔄 Identity rotated (every 10 requests)
[07:15:21] [145/445] MCKO
[07:15:22] [146/445] RTHK
[07:15:22] [147/445] CCMF
[07:15:23] [148/445] MRGB
[07:15:24] [149/445] CPLC
[07:15:25] [150/445] RACD
[07:15:26] [151/445] ATKT
[07:15:26] [152/445] SARN
[07:15:27] [153/445] KKUI
[07:15:28] [154/445] RGCM
[07:15:28] 🔄 Identity reset
[07:15:28] 🔄 Identity rotated (every 10 requests)
[07:15:28] [155/445] BRVP
[07:15:29] [156/445] HRSR
[07:15:30] [157/445] GKGM
[07:15:31] [158/445] TTCD
[07:15:32] [159/445] PTTI
[07:15:33] [160/445] MPTT
[07:15:33] [161/445] CVTT
[07:15:34] [162/445] PCXD
[07:15:35] [163/445] GCDC
[07:15:36] [164/445] CCCF
[07:15:36] 🔄 Identity reset
[07:15:36] 🔄 Identity rotated (every 10 requests)
[07:15:36] 🔄 Retry 1/5 for CCCF in 3.0s
[07:15:36] 🔄 Identity reset
[07:15:39] 🧠 New identity created
[07:15:40] [165/445] MRAD
[07:15:40] [166/445] CPLK
[07:15:41] [167/445] SATB
[07:15:42] [168/445] SNVG
[07:15:43] [169/445] JMBA
[07:15:43] [170/445] TEJA
[07:15:44] [171/445] STYO
[07:15:45] [172/445] JTBP
[07:15:45] [173/445] KRGD
[07:15:46] 🔄 Identity reset
[07:15:46] 🔄 Identity rotated (every 10 requests)
[07:15:46] [174/445] SLJJ
[07:15:47] [175/445] SPTJ
[07:15:48] [176/445] SWJG
[07:15:48] [177/445] LKRT
[07:15:49] [178/445] KCKA
[07:15:50] [179/445] SNCR
[07:15:50] [180/445] SMKL
[07:15:51] [181/445] GCFA
[07:15:51] [182/445] DDCK
[07:15:52] [183/445] NCHJ
[07:15:52] 🔄 Identity reset
[07:15:53] 🔄 Identity rotated (every 10 requests)
[07:15:53] 🔄 Retry 1/5 for NCHJ in 2.2s
[07:15:53] 🔄 Identity reset
[07:15:55] 🧠 New identity created
[07:15:55] [184/445] RDMA
[07:15:56] [185/445] SVSV
[07:15:57] [186/445] SCJG
[07:15:58] [187/445] VKLP
[07:15:59] [188/445] NWCC
[07:16:00] [189/445] VKNS
[07:16:00] [190/445] SDDP
[07:16:01] [191/445] ACSI
[07:16:02] [192/445] SATG
[07:16:02] 🔄 Identity reset
[07:16:02] 🔄 Identity rotated (every 10 requests)
[07:16:03] [193/445] SCMW
[07:16:03] [194/445] LKTK
[07:16:04] [195/445] VCKV
[07:16:05] [196/445] KKPE
[07:16:06] [197/445] KIGH
[07:16:07] [198/445] SRPM
[07:16:08] [199/445] SCAH
[07:16:09] [200/445] MUTA
[07:16:09] [201/445] SEPU
[07:16:10] [202/445] INOA
[07:16:11] 🔄 Identity reset
[07:16:11] 🔄 Identity rotated (every 10 requests)
[07:16:11] [203/445] BASK
[07:16:12] [204/445] NECB
[07:16:12] [205/445] GTTG
[07:16:13] [206/445] ASSA
[07:16:14] [207/445] ANCL
[07:16:14] [208/445] GCTI
[07:16:15] [209/445] RCTS
[07:16:15] [210/445] ACNL
[07:16:16] [211/445] MYCT
[07:16:17] [212/445] NMHT
[07:16:17] 🔄 Identity reset
[07:16:17] 🔄 Identity rotated (every 10 requests)
[07:16:18] [213/445] MDIT
[07:16:18] [214/445] LATG
[07:16:19] [215/445] SMTY
[07:16:20] [216/445] CVCT
[07:16:21] [217/445] RAMB
[07:16:23] [218/445] TGMS
[07:16:23] [219/445] BHEL
[07:16:25] [220/445] SHCT
[07:16:26] [221/445] SVCT
[07:16:27] [222/445] MRIY
[07:16:27] 🔄 Identity reset
[07:16:27] 🔄 Identity rotated (every 10 requests)
[07:16:27] [223/445] SARO
[07:16:28] [224/445] STCT
[07:16:29] [225/445] JKKC
[07:16:29] [226/445] PLTT
[07:16:30] [227/445] SRNT
[07:16:31] [228/445] YAST
[07:16:32] [229/445] PERL
[07:16:33] [230/445] CICM
[07:16:34] [231/445] MMTR
[07:16:35] [232/445] ABTK
[07:16:35] 🔄 Identity reset
[07:16:35] 🔄 Identity rotated (every 10 requests)
[07:16:35] [233/445] ATYY
[07:16:36] [234/445] ASTK
[07:16:37] [235/445] VVCK
[07:16:37] [236/445] ATKY
[07:16:38] [237/445] GWEK
[07:16:40] [238/445] SVFH
[07:16:41] [239/445] SLTA
[07:16:42] [240/445] AASH
[07:16:42] [241/445] ACXB
[07:16:43] [242/445] SMTX
[07:16:44] 🔄 Identity reset
[07:16:44] 🔄 Identity rotated (every 10 requests)
[07:16:44] 🔄 Retry 1/5 for SMTX in 2.1s
[07:16:44] 🔄 Identity reset
[07:16:46] 🧠 New identity created
[07:16:46] [243/445] AZDH
[07:16:47] [244/445] CMMH
[07:16:48] [245/445] SCSZ
[07:16:49] [246/445] SCKP
[07:16:50] [247/445] NXTM
[07:16:51] [248/445] NWCS
[07:16:52] [249/445] CXMH
[07:16:52] [250/445] PCMA
[07:16:53] [251/445] SGCM
[07:16:54] 🔄 Identity reset
[07:16:54] 🔄 Identity rotated (every 10 requests)
[07:16:54] [252/445] SDTU
[07:16:55] [253/445] MMVI
[07:16:55] [254/445] JKCM
[07:16:56] [255/445] VCMM
[07:16:57] [256/445] SYEE
[07:16:58] [257/445] VASD
[07:16:59] [258/445] BDRB
[07:16:59] [259/445] LASM
[07:17:00] [260/445] DCRL
[07:17:01] [261/445] DVPM
[07:17:01] 🔄 Identity reset
[07:17:01] 🔄 Identity rotated (every 10 requests)
[07:17:02] [262/445] SBMJ
[07:17:03] [263/445] CBMU
[07:17:04] [264/445] IUBS
[07:17:04] [265/445] INAP
[07:17:05] [266/445] SRRC
[07:17:06] [267/445] SAGR
[07:17:07] [268/445] CPMJ
[07:17:07] [269/445] ATJL
[07:17:08] [270/445] NNTD
[07:17:09] [271/445] JHCJ
[07:17:09] 🔄 Identity reset
[07:17:09] 🔄 Identity rotated (every 10 requests)
[07:17:09] [272/445] CMMP
[07:17:10] [273/445] RSDR
[07:17:11] [274/445] AMTI
[07:17:12] [275/445] NYSG
[07:17:13] [276/445] AVSG
[07:17:14] [277/445] SYTP
[07:17:15] [278/445] LARC
[07:17:15] [279/445] RJTP
[07:17:16] [280/445] LAKC
[07:17:17] [281/445] MCXE
[07:17:18] 🔄 Identity reset
[07:17:18] 🔄 Identity rotated (every 10 requests)
[07:17:18] [282/445] CCZC
[07:17:19] [283/445] AVCH
[07:17:19] [284/445] CMBE
[07:17:20] [285/445] MRRC
[07:17:21] [286/445] PCPY
[07:17:22] [287/445] SRMH
[07:17:22] [288/445] SVGS
[07:17:23] [289/445] PCSE
[07:17:24] [290/445] SVFT
[07:17:25] [291/445] TNZP
[07:17:25] 🔄 Identity reset
[07:17:25] 🔄 Identity rotated (every 10 requests)
[07:17:26] 🔄 Retry 1/5 for TNZP in 2.4s
[07:17:26] 🔄 Identity reset
[07:17:28] 🧠 New identity created
[07:17:28] [292/445] ICTP
[07:17:29] [293/445] ACTZ
[07:17:30] [294/445] GTUR
[07:17:31] [295/445] MAFC
[07:17:31] [296/445] MINL
[07:17:32] [297/445] MRCL
[07:17:32] [298/445] RCRP
[07:17:34] [299/445] RFFG
[07:17:35] [300/445] RMAS
[07:17:35] 🔄 Identity reset
[07:17:35] 🔄 Identity rotated (every 10 requests)
[07:17:36] 🔄 Retry 1/5 for RMAS in 2.3s
[07:17:36] 🔄 Identity reset
[07:17:38] 🧠 New identity created
[07:17:38] [301/445] INVR
[07:17:39] [302/445] RMAR
[07:17:39] [303/445] CNIS
[07:17:40] [304/445] RHRJ
[07:17:41] [305/445] INXR
[07:17:42] [306/445] VALT
[07:17:43] [307/445] LCSH
[07:17:44] [308/445] CMVS
[07:17:45] [309/445] CNMS
[07:17:46] 🔄 Identity reset
[07:17:46] 🔄 Identity rotated (every 10 requests)
[07:17:46] 🔄 Retry 1/5 for CNMS in 2.6s
[07:17:46] 🔄 Identity reset
[07:17:48] 🧠 New identity created
[07:17:48] [310/445] ROOG
[07:17:49] [311/445] ISRM
[07:17:50] [312/445] RCRM
[07:17:51] [313/445] ACJA
[07:17:52] [314/445] RCVS
[07:17:53] [315/445] CPUS
[07:17:53] [316/445] TGCS
[07:17:54] [317/445] RKCJ
[07:17:54] [318/445] MKSB
[07:17:55] 🔄 Identity reset
[07:17:55] 🔄 Identity rotated (every 10 requests)
[07:17:55] [319/445] TCSJ
[07:17:56] [320/445] RMGP
[07:17:56] [321/445] CLLP
[07:17:57] [322/445] RCMV
[07:17:58] [323/445] CCKS
[07:17:59] [324/445] RSRP
[07:18:00] [325/445] APLP
[07:18:01] [326/445] CNVS
[07:18:01] [327/445] RMVY
[07:18:02] [328/445] PGBD
[07:18:03] 🔄 Identity reset
[07:18:03] 🔄 Identity rotated (every 10 requests)
[07:18:03] [329/445] KLMS
[07:18:04] [330/445] RUST
[07:18:05] [331/445] MASM
[07:18:05] [332/445] BACS
[07:18:06] [333/445] BWST
[07:18:07] [334/445] RRFH
[07:18:08] [335/445] SJTM
[07:18:08] [336/445] BEMR
[07:18:09] [337/445] MCGR
[07:18:10] [338/445] SDSK
[07:18:10] 🔄 Identity reset
[07:18:10] 🔄 Identity rotated (every 10 requests)
[07:18:11] 🔄 Retry 1/5 for SDSK in 2.5s
[07:18:11] 🔄 Identity reset
[07:18:13] 🧠 New identity created
[07:18:13] [339/445] VBOL
[07:18:14] [340/445] RMGM
[07:18:15] [341/445] NOPL
[07:18:15] [342/445] MKJK
[07:18:16] [343/445] CVRN
[07:18:17] [344/445] MMEN
[07:18:18] [345/445] AMNG
[07:18:19] [346/445] INTM
[07:18:20] [347/445] SLCZ
[07:18:20] 🔄 Identity reset
[07:18:20] 🔄 Identity rotated (every 10 requests)
[07:18:21] [348/445] AMJN
[07:18:21] [349/445] ACJN
[07:18:22] [350/445] AMKN
[07:18:23] [351/445] BTCN
[07:18:24] [352/445] AMBT
[07:18:24] [353/445] PACN
[07:18:25] [354/445] LCNS
[07:18:26] [355/445] PPKC
[07:18:27] [356/445] JYYN
[07:18:28] [357/445] JTNR
[07:18:28] 🔄 Identity reset
[07:18:28] 🔄 Identity rotated (every 10 requests)
[07:18:29] [358/445] GTEE
[07:18:30] [359/445] SRNM
[07:18:31] [360/445] SDTC
[07:18:32] [361/445] VPCA
[07:18:33] [362/445] VLRA
[07:18:33] [363/445] SHKR
[07:18:34] [364/445] SBKD
[07:18:35] [365/445] SAAD
[07:18:35] [366/445] JTGN
[07:18:36] [367/445] SLAM
[07:18:37] 🔄 Identity reset
[07:18:37] 🔄 Identity rotated (every 10 requests)
[07:18:37] [368/445] VTPM
[07:18:38] [369/445] ANPT
[07:18:39] [370/445] PUNB
[07:18:40] [371/445] CPKT
[07:18:40] [372/445] CNWE
[07:18:41] [373/445] ECPP
[07:18:43] [374/445] CPAR
[07:18:43] [375/445] ESBW
[07:18:44] [376/445] PKPU
[07:18:44] [377/445] CPRP
[07:18:45] 🔄 Identity reset
[07:18:45] 🔄 Identity rotated (every 10 requests)
[07:18:45] [378/445] RAHU
[07:18:46] [379/445] RHMN
[07:18:47] [380/445] FMJP
[07:18:48] [381/445] CTMP
[07:18:49] [382/445] INPN
[07:18:50] [383/445] STTG
[07:18:51] [384/445] CTRD
[07:18:51] [385/445] PUVB
[07:18:52] [386/445] ESVP
[07:18:53] [387/445] CPFT
[07:18:53] 🔄 Identity reset
[07:18:54] 🔄 Identity rotated (every 10 requests)
[07:18:54] [388/445] LCPC
[07:18:54] [389/445] VBCT
[07:18:55] [390/445] FSCW
[07:18:55] [391/445] VCMP
[07:18:56] [392/445] ASHC
[07:18:57] [393/445] VLCX
[07:18:58] [394/445] SHEV
[07:18:58] [395/445] APCO
[07:18:59] [396/445] SILC
[07:19:00] [397/445] SNMR
[07:19:01] 🔄 Identity reset
[07:19:01] 🔄 Identity rotated (every 10 requests)
[07:19:02] [398/445] KYBO
[07:19:02] [399/445] SATK
[07:19:03] [400/445] SSCS
[07:19:04] [401/445] CLSB
[07:19:05] [402/445] KMJR
[07:19:06] [403/445] FSCK
[07:19:06] [404/445] NNKA
[07:19:07] [405/445] CLMK
[07:19:08] [406/445] DMPZ
[07:19:09] [407/445] INQM
[07:19:10] 🔄 Identity reset
[07:19:10] 🔄 Identity rotated (every 10 requests)
[07:19:10] [408/445] CAML
[07:19:11] [409/445] INRK
[07:19:12] [410/445] IMKN
[07:19:12] [411/445] SVNR
[07:19:13] [412/445] INSL
[07:19:14] [413/445] MSMA
[07:19:14] [414/445] MCKK
[07:19:15] [415/445] FCHP
[07:19:16] [416/445] SFCR
[07:19:16] [417/445] NACK
[07:19:17] 🔄 Identity reset
[07:19:17] 🔄 Identity rotated (every 10 requests)
[07:19:17] 🔄 Retry 1/5 for NACK in 2.7s
[07:19:17] 🔄 Identity reset
[07:19:20] 🧠 New identity created
[07:19:20] [418/445] PVAK
[07:19:21] [419/445] INER
[07:19:21] [420/445] RDBK
[07:19:22] [421/445] SVFN
[07:19:24] [422/445] IFRM
[07:19:24] [423/445] ATCK
[07:19:25] [424/445] ASKO
[07:19:26] [425/445] STKT
[07:19:26] [426/445] SVFB
[07:19:27] 🔄 Identity reset
[07:19:27] 🔄 Identity rotated (every 10 requests)
[07:19:27] [427/445] INKS
[07:19:28] [428/445] PCRA
[07:19:29] [429/445] ATJA
[07:19:30] [430/445] IMJN
[07:19:30] [431/445] INHD
[07:19:31] [432/445] BARA
[07:19:32] [433/445] MCSL
[07:19:33] [434/445] RTOY
[07:19:33] [435/445] MENO
[07:19:34] [436/445] PUDM
[07:19:35] 🔄 Identity reset
[07:19:35] 🔄 Identity rotated (every 10 requests)
[07:19:36] [437/445] PRCN
[07:19:37] [438/445] JMJR
[07:19:37] [439/445] SSGK
[07:19:38] [440/445] SSRL
[07:19:39] [441/445] JYKL
[07:19:39] [442/445] ACNB
[07:19:41] [443/445] SONP
[07:19:41] [444/445] EMCI
[07:19:42] [445/445] MRJH
[07:19:43] 🧹 Deduping shows
[07:19:43] ✅ DONE | Shows=102 | Movies=10
