[10:21:45] 🚀 SCRIPT STARTED (enhanced anti‑detection)
[10:21:45] [1/455] MXGN
[10:21:46] 🧠 New identity created
[10:21:46] [2/455] PGGM
[10:21:48] [3/455] IPMJ
[10:21:49] [4/455] M2PP
[10:21:50] [5/455] PMMS
[10:21:51] [6/455] SCJN
[10:21:51] [7/455] CPUM
[10:21:52] [8/455] SCND
[10:21:53] [9/455] INWM
[10:21:54] [10/455] DVDC
[10:21:55] 🔄 Identity reset
[10:21:55] 🔄 Identity rotated (every 10 requests)
[10:21:55] [11/455] WVND
[10:21:56] [12/455] LBDL
[10:21:58] [13/455] CRGM
[10:21:59] [14/455] PVKS
[10:22:01] [15/455] PBLL
[10:22:02] [16/455] FNLN
[10:22:03] [17/455] PPDA
[10:22:03] [18/455] SCPT
[10:22:04] [19/455] IAJS
[10:22:05] [20/455] MMZG
[10:22:06] 🔄 Identity reset
[10:22:06] 🔄 Identity rotated (every 10 requests)
[10:22:06] [21/455] MCTI
[10:22:07] [22/455] PPMF
[10:22:08] [23/455] FNSD
[10:22:09] [24/455] M2RH
[10:22:10] [25/455] CPGV
[10:22:11] [26/455] PECD
[10:22:12] [27/455] CTEE
[10:22:13] [28/455] IOMG
[10:22:15] [29/455] CIJA
[10:22:15] [30/455] NYCG
[10:22:16] 🔄 Identity reset
[10:22:16] 🔄 Identity rotated (every 10 requests)
[10:22:16] [31/455] CEST
[10:22:17] [32/455] WVRG
[10:22:18] [33/455] DPDC
[10:22:19] [34/455] PDIV
[10:22:19] [35/455] MTPP
[10:22:20] [36/455] MHNU
[10:22:22] [37/455] WUPG
[10:22:23] [38/455] USCO
[10:22:24] [39/455] INFR
[10:22:25] [40/455] PVPD
[10:22:25] 🔄 Identity reset
[10:22:25] 🔄 Identity rotated (every 10 requests)
[10:22:25] [41/455] RONC
[10:22:26] [42/455] IOCP
[10:22:27] [43/455] EMPS
[10:22:28] [44/455] PNAD
[10:22:29] [45/455] VVGZ
[10:22:30] [46/455] MDDC
[10:22:31] [47/455] MMAP
[10:22:31] [48/455] GPDC
[10:22:32] [49/455] PVPU
[10:22:33] [50/455] DCMV
[10:22:34] 🔄 Identity reset
[10:22:34] 🔄 Identity rotated (every 10 requests)
[10:22:34] [51/455] PCCF
[10:22:35] [52/455] MCEF
[10:22:36] [53/455] INRD
[10:22:37] [54/455] CCPZ
[10:22:38] [55/455] BCWG
[10:22:38] [56/455] PMGU
[10:22:39] [57/455] MCVM
[10:22:40] [58/455] MCDE
[10:22:42] [59/455] IEFM
[10:22:43] [60/455] MXCS
[10:22:43] 🔄 Identity reset
[10:22:43] 🔄 Identity rotated (every 10 requests)
[10:22:44] [61/455] RNMT
[10:22:45] [62/455] PSDD
[10:22:45] [63/455] PETA
[10:22:46] [64/455] IZOP
[10:22:47] [65/455] PDEI
[10:22:48] [66/455] MTND
[10:22:49] [67/455] PCPL
[10:22:50] [68/455] LSCM
[10:22:51] [69/455] BTFD
[10:22:52] [70/455] MERM
[10:22:52] 🔄 Identity reset
[10:22:52] 🔄 Identity rotated (every 10 requests)
[10:22:52] 🔄 Retry 1/5 for MERM in 2.4s
[10:22:52] 🔄 Identity reset
[10:22:55] 🧠 New identity created
[10:22:55] [71/455] PVMS
[10:22:56] [72/455] CIGK
[10:22:57] [73/455] INSG
[10:22:58] [74/455] IDEN
[10:22:58] [75/455] MCGN
[10:23:00] [76/455] IGAM
[10:23:01] [77/455] SLCU
[10:23:02] [78/455] MIMU
[10:23:03] [79/455] QLAC
[10:23:03] 🔄 Identity reset
[10:23:03] 🔄 Identity rotated (every 10 requests)
[10:23:04] [80/455] MENL
[10:23:05] [81/455] SCUR
[10:23:05] [82/455] MDGD
[10:23:07] [83/455] LSRS
[10:23:07] [84/455] KMLG
[10:23:08] [85/455] MKLJ
[10:23:09] [86/455] IBYG
[10:23:10] [87/455] ISML
[10:23:10] [88/455] MJMM
[10:23:11] [89/455] RCGD
[10:23:12] 🔄 Identity reset
[10:23:12] 🔄 Identity rotated (every 10 requests)
[10:23:12] 🔄 Retry 1/5 for RCGD in 2.4s
[10:23:12] 🔄 Identity reset
[10:23:14] 🧠 New identity created
[10:23:15] [90/455] MMOC
[10:23:15] [91/455] RRCO
[10:23:16] [92/455] MEDM
[10:23:17] [93/455] MCAZ
[10:23:18] [94/455] STWA
[10:23:19] [95/455] PFFG
[10:23:20] [96/455] GAGC
[10:23:20] [97/455] PMPM
[10:23:21] [98/455] HVCD
[10:23:22] 🔄 Identity reset
[10:23:22] 🔄 Identity rotated (every 10 requests)
[10:23:22] [99/455] AKRF
[10:23:23] [100/455] AKRC
[10:23:24] [101/455] MIDA
[10:23:25] [102/455] MAGX
[10:23:25] [103/455] ESOS
[10:23:26] [104/455] BBCL
[10:23:27] [105/455] LYAS
[10:23:28] [106/455] NRMS
[10:23:29] [107/455] BHUC
[10:23:31] [108/455] SRIC
[10:23:31] 🔄 Identity reset
[10:23:31] 🔄 Identity rotated (every 10 requests)
[10:23:32] [109/455] PDME
[10:23:33] [110/455] MJCS
[10:23:34] [111/455] NRAA
[10:23:36] [112/455] VATA
[10:23:37] [113/455] MNKC
[10:23:38] [114/455] DHCL
[10:23:38] [115/455] JCPC
[10:23:39] [116/455] CTML
[10:23:40] [117/455] RMMR
[10:23:41] [118/455] STTL
[10:23:42] 🔄 Identity reset
[10:23:42] 🔄 Identity rotated (every 10 requests)
[10:23:42] 🔄 Retry 1/5 for STTL in 2.7s
[10:23:42] 🔄 Identity reset
[10:23:45] 🧠 New identity created
[10:23:45] [119/455] CNPS
[10:23:46] [120/455] ACKL
[10:23:47] [121/455] SCAU
[10:23:48] [122/455] RMIA
[10:23:49] [123/455] MANU
[10:23:50] [124/455] ARDC
[10:23:51] [125/455] GLDA
[10:23:51] [126/455] KVSW
[10:23:52] [127/455] CGCA
[10:23:53] 🔄 Identity reset
[10:23:53] 🔄 Identity rotated (every 10 requests)
[10:23:53] 🔄 Retry 1/5 for CGCA in 2.3s
[10:23:53] 🔄 Identity reset
[10:23:55] 🧠 New identity created
[10:23:55] [128/455] CMLO
[10:23:56] [129/455] CECB
[10:23:57] [130/455] RCPN
[10:23:58] [131/455] ASMW
[10:23:59] [132/455] PWLM
[10:24:00] [133/455] ASGM
[10:24:01] [134/455] ACWH
[10:24:01] [135/455] AAPW
[10:24:02] [136/455] RTWA
[10:24:03] 🔄 Identity reset
[10:24:03] 🔄 Identity rotated (every 10 requests)
[10:24:03] 🔄 Retry 1/5 for RTWA in 2.4s
[10:24:03] 🔄 Identity reset
[10:24:05] 🧠 New identity created
[10:24:06] [137/455] RAMW
[10:24:06] [138/455] VKTR
[10:24:07] [139/455] SMBH
[10:24:08] [140/455] BVDR
[10:24:09] [141/455] MRTP
[10:24:10] [142/455] BLBR
[10:24:11] [143/455] LPIN
[10:24:11] [144/455] SNPC
[10:24:12] [145/455] PDCB
[10:24:13] 🔄 Identity reset
[10:24:13] 🔄 Identity rotated (every 10 requests)
[10:24:13] 🔄 Retry 1/5 for PDCB in 2.9s
[10:24:13] 🔄 Identity reset
[10:24:16] 🧠 New identity created
[10:24:16] 🔄 Retry 2/5 for PDCB in 4.7s
[10:24:16] 🔄 Identity reset
[10:24:21] 🧠 New identity created
[10:24:21] [146/455] DYPK
[10:24:22] [147/455] INMK
[10:24:23] [148/455] PDCK
[10:24:24] [149/455] PCKR
[10:24:25] [150/455] SHUA
[10:24:25] [151/455] SCVK
[10:24:26] [152/455] STPA
[10:24:27] [153/455] WVHD
[10:24:28] 🔄 Identity reset
[10:24:28] 🔄 Identity rotated (every 10 requests)
[10:24:28] 🔄 Retry 1/5 for WVHD in 2.3s
[10:24:28] 🔄 Identity reset
[10:24:30] 🧠 New identity created
[10:24:30] 🔄 Retry 2/5 for WVHD in 4.2s
[10:24:30] 🔄 Identity reset
[10:24:34] 🧠 New identity created
[10:24:35] [154/455] MRCH
[10:24:35] [155/455] MCNP
[10:24:36] [156/455] RCAG
[10:24:37] [157/455] JTSN
[10:24:38] [158/455] AANS
[10:24:39] [159/455] GDDR
[10:24:40] [160/455] SRER
[10:24:40] [161/455] JKMA
[10:24:41] 🔄 Identity reset
[10:24:41] 🔄 Identity rotated (every 10 requests)
[10:24:41] 🔄 Retry 1/5 for JKMA in 2.7s
[10:24:41] 🔄 Identity reset
[10:24:44] 🧠 New identity created
[10:24:44] [162/455] ARAN
[10:24:45] [163/455] ALCT
[10:24:46] [164/455] CCTA
[10:24:47] [165/455] CNCT
[10:24:49] [166/455] NZBL
[10:24:50] [167/455] SRRA
[10:24:51] [168/455] SVPW
[10:24:52] [169/455] SRTW
[10:24:52] [170/455] XMTD
[10:24:53] 🔄 Identity reset
[10:24:53] 🔄 Identity rotated (every 10 requests)
[10:24:53] [171/455] SCCZ
[10:24:54] [172/455] PBCR
[10:24:55] [173/455] RTSC
[10:24:56] [174/455] TLSV
[10:24:58] [175/455] RMTK
[10:24:58] [176/455] SRAT
[10:24:59] [177/455] GCYC
[10:25:00] [178/455] HCAJ
[10:25:01] [179/455] LCXA
[10:25:01] [180/455] BINT
[10:25:02] 🔄 Identity reset
[10:25:02] 🔄 Identity rotated (every 10 requests)
[10:25:02] [181/455] IXIM
[10:25:03] [182/455] MBCR
[10:25:04] [183/455] BMCJ
[10:25:05] [184/455] NICJ
[10:25:06] [185/455] SCAJ
[10:25:07] [186/455] CMXS
[10:25:08] [187/455] MMSR
[10:25:09] [188/455] PRKT
[10:25:09] [189/455] LPTH
[10:25:10] [190/455] SARP
[10:25:11] 🔄 Identity reset
[10:25:11] 🔄 Identity rotated (every 10 requests)
[10:25:11] [191/455] MNPP
[10:25:12] [192/455] PRLR
[10:25:13] [193/455] RCMW
[10:25:14] [194/455] FCMG
[10:25:14] [195/455] RTNK
[10:25:15] [196/455] LRCP
[10:25:16] [197/455] DBJR
[10:25:17] [198/455] CACN
[10:25:17] [199/455] AMRL
[10:25:18] [200/455] SBBC
[10:25:19] 🔄 Identity reset
[10:25:19] 🔄 Identity rotated (every 10 requests)
[10:25:19] 🔄 Retry 1/5 for SBBC in 2.2s
[10:25:19] 🔄 Identity reset
[10:25:21] 🧠 New identity created
[10:25:22] [201/455] VENN
[10:25:23] [202/455] STSS
[10:25:24] [203/455] SMRB
[10:25:24] [204/455] CCMX
[10:25:25] [205/455] KCMR
[10:25:26] [206/455] SALH
[10:25:27] [207/455] CGTT
[10:25:28] [208/455] PMDR
[10:25:29] [209/455] VCPM
[10:25:29] 🔄 Identity reset
[10:25:29] 🔄 Identity rotated (every 10 requests)
[10:25:30] [210/455] RZMX
[10:25:30] [211/455] TMSY
[10:25:31] [212/455] NTMS
[10:25:32] [213/455] VTAG
[10:25:33] [214/455] REMA
[10:25:33] [215/455] NXCC
[10:25:35] [216/455] SKYM
[10:25:36] [217/455] CCMO
[10:25:36] [218/455] DMXM
[10:25:37] [219/455] SPPM
[10:25:38] 🔄 Identity reset
[10:25:38] 🔄 Identity rotated (every 10 requests)
[10:25:38] [220/455] PTKL
[10:25:39] [221/455] SLVO
[10:25:40] [222/455] VASL
[10:25:41] [223/455] CBCM
[10:25:41] [224/455] STMA
[10:25:42] [225/455] LASK
[10:25:43] [226/455] VITE
[10:25:44] [227/455] AAST
[10:25:45] [228/455] JTPT
[10:25:46] [229/455] RRSH
[10:25:46] 🔄 Identity reset
[10:25:46] 🔄 Identity rotated (every 10 requests)
[10:25:46] 🔄 Retry 1/5 for RRSH in 2.8s
[10:25:46] 🔄 Identity reset
[10:25:49] 🧠 New identity created
[10:25:49] [230/455] CINL
[10:25:50] [231/455] MCSR
[10:25:51] [232/455] SBCF
[10:25:52] [233/455] GCDU
[10:25:52] [234/455] PSPR
[10:25:53] [235/455] IMMO
[10:25:54] [236/455] CLGM
[10:25:55] [237/455] PBMM
[10:25:56] [238/455] CEHR
[10:25:56] 🔄 Identity reset
[10:25:56] 🔄 Identity rotated (every 10 requests)
[10:25:56] 🔄 Retry 1/5 for CEHR in 2.2s
[10:25:56] 🔄 Identity reset
[10:25:59] 🧠 New identity created
[10:25:59] [239/455] CPOE
[10:26:00] [240/455] PGFD
[10:26:00] [241/455] PSLC
[10:26:01] [242/455] MSMD
[10:26:02] [243/455] FMFB
[10:26:03] [244/455] RKCL
[10:26:04] [245/455] PMMC
[10:26:04] [246/455] SKMM
[10:26:05] [247/455] VOIB
[10:26:06] 🔄 Identity reset
[10:26:06] 🔄 Identity rotated (every 10 requests)
[10:26:06] 🔄 Retry 1/5 for VOIB in 2.9s
[10:26:06] 🔄 Identity reset
[10:26:09] 🧠 New identity created
[10:26:09] [248/455] KINO
[10:26:10] [249/455] VCTP
[10:26:11] [250/455] PDWR
[10:26:11] [251/455] SAED
[10:26:12] [252/455] SRRT
[10:26:13] [253/455] CVLG
[10:26:14] [254/455] SNGN
[10:26:15] [255/455] SIDA
[10:26:15] [256/455] IMCB
[10:26:16] 🔄 Identity reset
[10:26:16] 🔄 Identity rotated (every 10 requests)
[10:26:16] 🔄 Retry 1/5 for IMCB in 2.2s
[10:26:16] 🔄 Identity reset
[10:26:18] 🧠 New identity created
[10:26:19] [257/455] SMHP
[10:26:20] [258/455] GDTY
[10:26:21] [259/455] VYCH
[10:26:22] [260/455] PDYA
[10:26:23] [261/455] RKDO
[10:26:24] [262/455] VECG
[10:26:25] [263/455] NFGD
[10:26:26] [264/455] SNDC
[10:26:27] [265/455] SDJH
[10:26:27] 🔄 Identity reset
[10:26:27] 🔄 Identity rotated (every 10 requests)
[10:26:27] 🔄 Retry 1/5 for SDJH in 2.8s
[10:26:27] 🔄 Identity reset
[10:26:30] 🧠 New identity created
[10:26:30] 🔄 Retry 2/5 for SDJH in 4.1s
[10:26:30] 🔄 Identity reset
[10:26:34] 🧠 New identity created
[10:26:35] [266/455] HASV
[10:26:35] [267/455] PTYK
[10:26:37] [268/455] MUTB
[10:26:38] [269/455] AMRT
[10:26:39] [270/455] VACD
[10:26:40] [271/455] SKDD
[10:26:41] [272/455] STGR
[10:26:42] [273/455] GDAK
[10:26:42] 🔄 Identity reset
[10:26:42] 🔄 Identity rotated (every 10 requests)
[10:26:42] [274/455] SKHK
[10:26:43] [275/455] SLND
[10:26:44] [276/455] APAP
[10:26:45] [277/455] AYYA
[10:26:46] [278/455] VCCZ
[10:26:47] [279/455] MEML
[10:26:48] [280/455] MAOU
[10:26:49] [281/455] ESND
[10:26:49] [282/455] PTBZ
[10:26:50] [283/455] LBCN
[10:26:51] 🔄 Identity reset
[10:26:51] 🔄 Identity rotated (every 10 requests)
[10:26:51] [284/455] PAWA
[10:26:52] [285/455] ZEIC
[10:26:54] [286/455] CGMM
[10:26:55] [287/455] PJPM
[10:26:56] [288/455] ECMR
[10:26:57] [289/455] SHMZ
[10:26:57] [290/455] STCA
[10:26:58] [291/455] VDRC
[10:26:59] [292/455] SEEM
[10:27:00] [293/455] MKNS
[10:27:00] 🔄 Identity reset
[10:27:00] 🔄 Identity rotated (every 10 requests)
[10:27:01] [294/455] KPPP
[10:27:02] [295/455] CCML
[10:27:02] [296/455] CIBA
[10:27:04] [297/455] NACS
[10:27:05] [298/455] CTMK
[10:27:05] [299/455] CTCT
[10:27:06] [300/455] MCSN
[10:27:07] [301/455] MAXX
[10:27:08] [302/455] MECB
[10:27:09] [303/455] NTBY
[10:27:09] 🔄 Identity reset
[10:27:09] 🔄 Identity rotated (every 10 requests)
[10:27:09] [304/455] UTBI
[10:27:10] [305/455] RADK
[10:27:11] [306/455] STBY
[10:27:12] [307/455] GTBY
[10:27:13] [308/455] RRMB
[10:27:14] [309/455] ABRN
[10:27:15] [310/455] GTSG
[10:27:15] [311/455] GBTG
[10:27:17] [312/455] SBGS
[10:27:18] [313/455] KBPM
[10:27:18] 🔄 Identity reset
[10:27:18] 🔄 Identity rotated (every 10 requests)
[10:27:19] [314/455] SMHT
[10:27:19] [315/455] VTDM
[10:27:20] [316/455] ASCT
[10:27:21] [317/455] AWCT
[10:27:22] [318/455] DCCU
[10:27:23] [319/455] PSCE
[10:27:24] [320/455] KSNY
[10:27:25] [321/455] ACID
[10:27:26] [322/455] LVCD
[10:27:26] [323/455] KSSB
[10:27:27] 🔄 Identity reset
[10:27:27] 🔄 Identity rotated (every 10 requests)
[10:27:27] [324/455] SWTD
[10:27:29] [325/455] RBMR
[10:27:31] [326/455] SCBC
[10:27:31] [327/455] RKME
[10:27:32] [328/455] GALX
[10:27:33] [329/455] GCCH
[10:27:34] [330/455] RATR
[10:27:34] [331/455] GTGA
[10:27:35] [332/455] LTTR
[10:27:36] [333/455] TTAA
[10:27:37] 🔄 Identity reset
[10:27:37] 🔄 Identity rotated (every 10 requests)
[10:27:37] 🔄 Retry 1/5 for TTAA in 2.6s
[10:27:37] 🔄 Identity reset
[10:27:40] 🧠 New identity created
[10:27:40] [334/455] TVHP
[10:27:41] [335/455] KVCS
[10:27:42] [336/455] CBMC
[10:27:43] [337/455] MAYJ
[10:27:44] [338/455] INPR
[10:27:45] [339/455] RSSC
[10:27:46] [340/455] PCAN
[10:27:47] [341/455] PVHR
[10:27:48] [342/455] AGSM
[10:27:49] 🔄 Identity reset
[10:27:49] 🔄 Identity rotated (every 10 requests)
[10:27:49] [343/455] PVES
[10:27:50] [344/455] INTO
[10:27:50] [345/455] ACON
[10:27:51] [346/455] PVPZ
[10:27:52] [347/455] PVHC
[10:27:53] [348/455] KSTK
[10:27:54] [349/455] PVSR
[10:27:54] [350/455] ACTN
[10:27:55] [351/455] FMCN
[10:27:56] [352/455] PABC
[10:27:57] 🔄 Identity reset
[10:27:57] 🔄 Identity rotated (every 10 requests)
[10:27:57] [353/455] SUTC
[10:27:58] [354/455] PGMV
[10:27:59] [355/455] GKCP
[10:28:00] [356/455] INCH
[10:28:01] [357/455] MLMT
[10:28:02] [358/455] SSCC
[10:28:03] [359/455] SLMP
[10:28:03] [360/455] VVTN
[10:28:04] [361/455] SBTR
[10:28:06] [362/455] PGRA
[10:28:07] 🔄 Identity reset
[10:28:07] 🔄 Identity rotated (every 10 requests)
[10:28:07] 🔄 Retry 1/5 for PGRA in 3.0s
[10:28:07] 🔄 Identity reset
[10:28:10] 🧠 New identity created
[10:28:11] [363/455] PBRM
[10:28:11] [364/455] GCRP
[10:28:12] [365/455] MCSK
[10:28:13] [366/455] NLTC
[10:28:14] [367/455] MTLM
[10:28:15] [368/455] VECT
[10:28:16] [369/455] KMRM
[10:28:17] [370/455] RACM
[10:28:18] [371/455] WSTC
[10:28:18] 🔄 Identity reset
[10:28:18] 🔄 Identity rotated (every 10 requests)
[10:28:18] [372/455] PVTJ
[10:28:19] [373/455] MMKC
[10:28:20] [374/455] SVWT
[10:28:21] [375/455] JOTG
[10:28:22] [376/455] VCDK
[10:28:23] [377/455] ANAC
[10:28:24] [378/455] GRTC
[10:28:25] [379/455] JTPL
[10:28:26] [380/455] VRCP
[10:28:26] [381/455] REMC
[10:28:27] 🔄 Identity reset
[10:28:27] 🔄 Identity rotated (every 10 requests)
[10:28:27] [382/455] ATMG
[10:28:28] [383/455] GAHC
[10:28:29] [384/455] JTMV
[10:28:30] [385/455] OMTT
[10:28:30] [386/455] GKKC
[10:28:31] [387/455] BBPO
[10:28:32] [388/455] ZCBB
[10:28:33] [389/455] DCGO
[10:28:34] [390/455] STOP
[10:28:35] [391/455] BSPC
[10:28:35] 🔄 Identity reset
[10:28:35] 🔄 Identity rotated (every 10 requests)
[10:28:36] [392/455] SOND
[10:28:36] [393/455] GCKG
[10:28:37] [394/455] PCDB
[10:28:39] [395/455] PGRC
[10:28:40] [396/455] CSCT
[10:28:41] [397/455] STDA
[10:28:42] [398/455] JAYD
[10:28:42] [399/455] PPPD
[10:28:43] [400/455] KRTT
[10:28:44] [401/455] PTDT
[10:28:44] 🔄 Identity reset
[10:28:44] 🔄 Identity rotated (every 10 requests)
[10:28:45] [402/455] TRSV
[10:28:46] [403/455] VELR
[10:28:47] [404/455] STDT
[10:28:48] [405/455] SATT
[10:28:49] [406/455] KCPM
[10:28:50] [407/455] MFCP
[10:28:51] [408/455] AXMP
[10:28:51] [409/455] LTVB
[10:28:52] [410/455] APST
[10:28:53] [411/455] DTVP
[10:28:54] 🔄 Identity reset
[10:28:54] 🔄 Identity rotated (every 10 requests)
[10:28:54] 🔄 Retry 1/5 for DTVP in 2.6s
[10:28:54] 🔄 Identity reset
[10:28:56] 🧠 New identity created
[10:28:57] 🔄 Retry 2/5 for DTVP in 4.1s
[10:28:57] 🔄 Identity reset
[10:29:01] 🧠 New identity created
[10:29:01] 🔄 Retry 3/5 for DTVP in 9.0s
[10:29:01] 🔄 Identity reset
[10:29:10] 🧠 New identity created
[10:29:10] [412/455] AAVB
[10:29:11] [413/455] PMBL
[10:29:12] [414/455] STKC
[10:29:13] [415/455] KKMA
[10:29:14] [416/455] NMXS
[10:29:15] [417/455] DECX
[10:29:16] [418/455] MAPJ
[10:29:17] 🔄 Identity reset
[10:29:17] 🔄 Identity rotated (every 10 requests)
[10:29:17] [419/455] SMLK
[10:29:18] [420/455] PMPU
[10:29:19] [421/455] AFST
[10:29:20] [422/455] SRSY
[10:29:20] [423/455] RMKT
[10:29:21] [424/455] RAJX
[10:29:23] [425/455] UVCD
[10:29:24] [426/455] LISA
[10:29:25] [427/455] LMSR
[10:29:26] [428/455] PMCA
[10:29:27] 🔄 Identity reset
[10:29:27] 🔄 Identity rotated (every 10 requests)
[10:29:27] 🔄 Retry 1/5 for PMCA in 2.8s
[10:29:27] 🔄 Identity reset
[10:29:30] 🧠 New identity created
[10:29:30] [429/455] INPO
[10:29:31] [430/455] INGO
[10:29:32] [431/455] HFSQ
[10:29:33] [432/455] INMG
[10:29:34] [433/455] NYCP
[10:29:35] [434/455] HFSV
[10:29:36] [435/455] MMZP
[10:29:36] [436/455] KSES
[10:29:37] [437/455] HFSA
[10:29:38] 🔄 Identity reset
[10:29:38] 🔄 Identity rotated (every 10 requests)
[10:29:38] [438/455] ACMM
[10:29:39] [439/455] RCKD
[10:29:40] [440/455] BCKR
[10:29:41] [441/455] SFCO
[10:29:42] [442/455] JCCB
[10:29:43] [443/455] BCCR
[10:29:44] [444/455] NWCB
[10:29:44] [445/455] SAMT
[10:29:45] [446/455] TMST
[10:29:46] [447/455] SJCN
[10:29:47] 🔄 Identity reset
[10:29:47] 🔄 Identity rotated (every 10 requests)
[10:29:47] [448/455] MCBS
[10:29:48] [449/455] CMKR
[10:29:49] [450/455] INPM
[10:29:50] [451/455] WVMT
[10:29:51] [452/455] NYSM
[10:29:52] [453/455] RCMA
[10:29:53] [454/455] RECM
[10:29:54] [455/455] CYCM
[10:29:54] 🧹 Deduping shows
[10:29:54] ✅ DONE | Shows=21 | Movies=4
[04:59:50] 🚀 SCRIPT STARTED (enhanced anti‑detection)
[04:59:50] [1/455] MXGN
[04:59:50] 🧠 New identity created
[04:59:50] 🔄 Retry 1/5 for MXGN in 2.1s
[04:59:50] 🔄 Identity reset
[04:59:53] 🧠 New identity created
[04:59:53] [2/455] PGGM
[04:59:55] [3/455] IPMJ
[04:59:55] [4/455] M2PP
[04:59:56] [5/455] PMMS
[04:59:58] [6/455] SCJN
[04:59:59] [7/455] CPUM
[05:00:01] [8/455] SCND
[05:00:02] [9/455] INWM
[05:00:02] 🔄 Identity reset
[05:00:02] 🔄 Identity rotated (every 10 requests)
[05:00:03] [10/455] DVDC
[05:00:03] [11/455] WVND
[05:00:04] [12/455] LBDL
[05:00:05] [13/455] CRGM
[05:00:07] [14/455] PVKS
[05:00:07] [15/455] PBLL
[05:00:09] [16/455] FNLN
[05:00:10] [17/455] PPDA
[05:00:11] [18/455] SCPT
[05:00:12] [19/455] IAJS
[05:00:13] 🔄 Identity reset
[05:00:13] 🔄 Identity rotated (every 10 requests)
[05:00:13] [20/455] MMZG
[05:00:14] [21/455] MCTI
[05:00:15] [22/455] PPMF
[05:00:16] [23/455] FNSD
[05:00:17] [24/455] M2RH
[05:00:18] [25/455] CPGV
[05:00:19] [26/455] PECD
[05:00:21] [27/455] CTEE
[05:00:22] [28/455] IOMG
[05:00:22] [29/455] CIJA
[05:00:23] 🔄 Identity reset
[05:00:23] 🔄 Identity rotated (every 10 requests)
[05:00:24] [30/455] NYCG
[05:00:24] [31/455] CEST
[05:00:25] [32/455] WVRG
[05:00:26] [33/455] DPDC
[05:00:27] [34/455] PDIV
[05:00:28] [35/455] MTPP
[05:00:29] [36/455] MHNU
[05:00:30] [37/455] WUPG
[05:00:31] [38/455] USCO
[05:00:31] [39/455] INFR
[05:00:32] 🔄 Identity reset
[05:00:32] 🔄 Identity rotated (every 10 requests)
[05:00:32] [40/455] PVPD
[05:00:33] [41/455] RONC
[05:00:34] [42/455] IOCP
[05:00:35] [43/455] EMPS
[05:00:36] [44/455] PNAD
[05:00:37] [45/455] VVGZ
[05:00:38] [46/455] MDDC
[05:00:39] [47/455] MMAP
[05:00:40] [48/455] GPDC
[05:00:41] [49/455] PVPU
[05:00:41] 🔄 Identity reset
[05:00:41] 🔄 Identity rotated (every 10 requests)
[05:00:41] 🔄 Retry 1/5 for PVPU in 2.5s
[05:00:41] 🔄 Identity reset
[05:00:44] 🧠 New identity created
[05:00:44] [50/455] DCMV
[05:00:45] [51/455] PCCF
[05:00:46] [52/455] MCEF
[05:00:47] [53/455] INRD
[05:00:48] [54/455] CCPZ
[05:00:49] [55/455] BCWG
[05:00:50] [56/455] PMGU
[05:00:51] [57/455] MCVM
[05:00:52] [58/455] MCDE
[05:00:52] 🔄 Identity reset
[05:00:52] 🔄 Identity rotated (every 10 requests)
[05:00:53] [59/455] IEFM
[05:00:54] [60/455] MXCS
[05:00:55] [61/455] RNMT
[05:00:56] [62/455] PSDD
[05:00:57] [63/455] PETA
[05:00:59] [64/455] IZOP
[05:01:00] [65/455] PDEI
[05:01:01] [66/455] MTND
[05:01:02] [67/455] PCPL
[05:01:03] [68/455] LSCM
[05:01:03] 🔄 Identity reset
[05:01:03] 🔄 Identity rotated (every 10 requests)
[05:01:04] [69/455] BTFD
[05:01:04] [70/455] MERM
[05:01:05] [71/455] PVMS
[05:01:06] [72/455] CIGK
[05:01:08] [73/455] INSG
[05:01:09] [74/455] IDEN
[05:01:10] [75/455] MCGN
[05:01:10] [76/455] IGAM
[05:01:12] [77/455] SLCU
[05:01:13] [78/455] MIMU
[05:01:13] 🔄 Identity reset
[05:01:13] 🔄 Identity rotated (every 10 requests)
[05:01:13] [79/455] QLAC
[05:01:14] [80/455] MENL
[05:01:15] [81/455] SCUR
[05:01:16] [82/455] MDGD
[05:01:17] [83/455] LSRS
[05:01:18] [84/455] KMLG
[05:01:19] [85/455] MKLJ
[05:01:20] [86/455] IBYG
[05:01:22] [87/455] ISML
[05:01:23] [88/455] MJMM
[05:01:23] 🔄 Identity reset
[05:01:23] 🔄 Identity rotated (every 10 requests)
[05:01:24] [89/455] RCGD
[05:01:24] [90/455] MMOC
[05:01:25] [91/455] RRCO
[05:01:26] [92/455] MEDM
[05:01:27] [93/455] MCAZ
[05:01:28] [94/455] STWA
[05:01:29] [95/455] PFFG
[05:01:30] [96/455] GAGC
[05:01:31] [97/455] PMPM
[05:01:32] [98/455] HVCD
[05:01:32] 🔄 Identity reset
[05:01:32] 🔄 Identity rotated (every 10 requests)
[05:01:33] [99/455] AKRF
[05:01:34] [100/455] AKRC
[05:01:35] [101/455] MIDA
[05:01:36] [102/455] MAGX
[05:01:37] [103/455] ESOS
[05:01:38] [104/455] BBCL
[05:01:38] [105/455] LYAS
[05:01:40] [106/455] NRMS
[05:01:41] [107/455] BHUC
[05:01:42] [108/455] SRIC
[05:01:43] 🔄 Identity reset
[05:01:43] 🔄 Identity rotated (every 10 requests)
[05:01:43] [109/455] PDME
[05:01:44] [110/455] MJCS
[05:01:45] [111/455] NRAA
[05:01:46] [112/455] VATA
[05:01:47] [113/455] MNKC
[05:01:48] [114/455] DHCL
[05:01:49] [115/455] JCPC
[05:01:50] [116/455] CTML
[05:01:51] [117/455] RMMR
[05:01:53] [118/455] STTL
[05:01:53] 🔄 Identity reset
[05:01:53] 🔄 Identity rotated (every 10 requests)
[05:01:54] [119/455] CNPS
[05:01:55] [120/455] ACKL
[05:01:56] [121/455] SCAU
[05:01:56] [122/455] RMIA
[05:01:58] [123/455] MANU
[05:01:59] [124/455] ARDC
[05:02:00] [125/455] GLDA
[05:02:01] [126/455] KVSW
[05:02:02] [127/455] CGCA
[05:02:03] [128/455] CMLO
[05:02:04] 🔄 Identity reset
[05:02:04] 🔄 Identity rotated (every 10 requests)
[05:02:04] 🔄 Retry 1/5 for CMLO in 2.9s
[05:02:04] 🔄 Identity reset
[05:02:07] 🧠 New identity created
[05:02:07] 🔄 Retry 2/5 for CMLO in 4.8s
[05:02:07] 🔄 Identity reset
[05:02:12] 🧠 New identity created
[05:02:12] [129/455] CECB
[05:02:13] [130/455] RCPN
[05:02:15] [131/455] ASMW
[05:02:16] [132/455] PWLM
[05:02:17] [133/455] ASGM
[05:02:18] [134/455] ACWH
[05:02:18] [135/455] AAPW
[05:02:19] [136/455] RTWA
[05:02:20] 🔄 Identity reset
[05:02:20] 🔄 Identity rotated (every 10 requests)
[05:02:20] 🔄 Retry 1/5 for RTWA in 2.5s
[05:02:20] 🔄 Identity reset
[05:02:22] 🧠 New identity created
[05:02:23] [137/455] RAMW
[05:02:24] [138/455] VKTR
[05:02:25] [139/455] SMBH
[05:02:26] [140/455] BVDR
[05:02:27] [141/455] MRTP
[05:02:27] [142/455] BLBR
[05:02:28] [143/455] LPIN
[05:02:29] [144/455] SNPC
[05:02:30] [145/455] PDCB
[05:02:31] 🔄 Identity reset
[05:02:31] 🔄 Identity rotated (every 10 requests)
[05:02:31] [146/455] DYPK
[05:02:32] [147/455] INMK
[05:02:33] [148/455] PDCK
[05:02:33] [149/455] PCKR
[05:02:35] [150/455] SHUA
[05:02:35] [151/455] SCVK
[05:02:37] [152/455] STPA
[05:02:38] [153/455] WVHD
[05:02:39] [154/455] MRCH
[05:02:40] [155/455] MCNP
[05:02:41] 🔄 Identity reset
[05:02:41] 🔄 Identity rotated (every 10 requests)
[05:02:41] 🔄 Retry 1/5 for MCNP in 2.9s
[05:02:41] 🔄 Identity reset
[05:02:44] 🧠 New identity created
[05:02:44] [156/455] RCAG
[05:02:45] [157/455] JTSN
[05:02:46] [158/455] AANS
[05:02:47] [159/455] GDDR
[05:02:48] [160/455] SRER
[05:02:49] [161/455] JKMA
[05:02:50] [162/455] ARAN
[05:02:52] [163/455] ALCT
[05:02:53] [164/455] CCTA
[05:02:54] 🔄 Identity reset
[05:02:54] 🔄 Identity rotated (every 10 requests)
[05:02:54] [165/455] CNCT
[05:02:55] [166/455] NZBL
[05:02:56] [167/455] SRRA
[05:02:58] [168/455] SVPW
[05:02:59] [169/455] SRTW
[05:03:00] [170/455] XMTD
[05:03:00] [171/455] SCCZ
[05:03:01] [172/455] PBCR
[05:03:03] [173/455] RTSC
[05:03:04] [174/455] TLSV
[05:03:05] 🔄 Identity reset
[05:03:05] 🔄 Identity rotated (every 10 requests)
[05:03:05] [175/455] RMTK
[05:03:06] [176/455] SRAT
[05:03:07] [177/455] GCYC
[05:03:08] [178/455] HCAJ
[05:03:09] [179/455] LCXA
[05:03:10] [180/455] BINT
[05:03:11] [181/455] IXIM
[05:03:12] [182/455] MBCR
[05:03:13] [183/455] BMCJ
[05:03:14] [184/455] NICJ
[05:03:15] 🔄 Identity reset
[05:03:15] 🔄 Identity rotated (every 10 requests)
[05:03:15] [185/455] SCAJ
[05:03:16] [186/455] CMXS
[05:03:17] [187/455] MMSR
[05:03:18] [188/455] PRKT
[05:03:20] [189/455] LPTH
[05:03:21] [190/455] SARP
[05:03:22] [191/455] MNPP
[05:03:24] [192/455] PRLR
[05:03:25] [193/455] RCMW
[05:03:26] [194/455] FCMG
[05:03:27] 🔄 Identity reset
[05:03:27] 🔄 Identity rotated (every 10 requests)
[05:03:27] [195/455] RTNK
[05:03:28] [196/455] LRCP
[05:03:29] [197/455] DBJR
[05:03:30] [198/455] CACN
[05:03:31] [199/455] AMRL
[05:03:32] [200/455] SBBC
[05:03:33] [201/455] VENN
[05:03:34] [202/455] STSS
[05:03:35] [203/455] SMRB
[05:03:35] [204/455] CCMX
[05:03:36] 🔄 Identity reset
[05:03:36] 🔄 Identity rotated (every 10 requests)
[05:03:36] 🔄 Retry 1/5 for CCMX in 2.5s
[05:03:36] 🔄 Identity reset
[05:03:39] 🧠 New identity created
[05:03:39] [205/455] KCMR
[05:03:40] [206/455] SALH
[05:03:41] [207/455] CGTT
[05:03:42] [208/455] PMDR
[05:03:42] [209/455] VCPM
[05:03:43] [210/455] RZMX
[05:03:44] [211/455] TMSY
[05:03:45] [212/455] NTMS
[05:03:46] [213/455] VTAG
[05:03:47] 🔄 Identity reset
[05:03:47] 🔄 Identity rotated (every 10 requests)
[05:03:47] [214/455] REMA
[05:03:48] [215/455] NXCC
[05:03:49] [216/455] SKYM
[05:03:50] [217/455] CCMO
[05:03:51] [218/455] DMXM
[05:03:53] [219/455] SPPM
[05:03:54] [220/455] PTKL
[05:03:55] [221/455] SLVO
[05:03:56] [222/455] VASL
[05:03:57] [223/455] CBCM
[05:03:57] 🔄 Identity reset
[05:03:57] 🔄 Identity rotated (every 10 requests)
[05:03:58] 🔄 Retry 1/5 for CBCM in 2.4s
[05:03:58] 🔄 Identity reset
[05:04:00] 🧠 New identity created
[05:04:00] [224/455] STMA
[05:04:01] [225/455] LASK
[05:04:02] [226/455] VITE
[05:04:03] [227/455] AAST
[05:04:05] [228/455] JTPT
[05:04:06] [229/455] RRSH
[05:04:07] [230/455] CINL
[05:04:08] [231/455] MCSR
[05:04:09] [232/455] SBCF
[05:04:10] 🔄 Identity reset
[05:04:10] 🔄 Identity rotated (every 10 requests)
[05:04:10] 🔄 Retry 1/5 for SBCF in 2.2s
[05:04:10] 🔄 Identity reset
[05:04:12] 🧠 New identity created
[05:04:13] [233/455] GCDU
[05:04:14] [234/455] PSPR
[05:04:14] [235/455] IMMO
[05:04:16] [236/455] CLGM
[05:04:17] [237/455] PBMM
[05:04:18] [238/455] CEHR
[05:04:19] [239/455] CPOE
[05:04:20] [240/455] PGFD
[05:04:20] [241/455] PSLC
[05:04:21] 🔄 Identity reset
[05:04:21] 🔄 Identity rotated (every 10 requests)
[05:04:21] [242/455] MSMD
[05:04:22] [243/455] FMFB
[05:04:23] [244/455] RKCL
[05:04:24] [245/455] PMMC
[05:04:25] [246/455] SKMM
[05:04:26] [247/455] VOIB
[05:04:27] [248/455] KINO
[05:04:28] [249/455] VCTP
[05:04:29] [250/455] PDWR
[05:04:30] [251/455] SAED
[05:04:31] 🔄 Identity reset
[05:04:31] 🔄 Identity rotated (every 10 requests)
[05:04:32] [252/455] SRRT
[05:04:33] [253/455] CVLG
[05:04:34] [254/455] SNGN
[05:04:35] [255/455] SIDA
[05:04:37] [256/455] IMCB
[05:04:38] [257/455] SMHP
[05:04:38] [258/455] GDTY
[05:04:39] [259/455] VYCH
[05:04:40] [260/455] PDYA
[05:04:41] [261/455] RKDO
[05:04:42] 🔄 Identity reset
[05:04:42] 🔄 Identity rotated (every 10 requests)
[05:04:42] [262/455] VECG
[05:04:43] [263/455] NFGD
[05:04:44] [264/455] SNDC
[05:04:45] [265/455] SDJH
[05:04:45] [266/455] HASV
[05:04:46] [267/455] PTYK
[05:04:47] [268/455] MUTB
[05:04:48] [269/455] AMRT
[05:04:49] [270/455] VACD
[05:04:50] [271/455] SKDD
[05:04:51] 🔄 Identity reset
[05:04:51] 🔄 Identity rotated (every 10 requests)
[05:04:51] [272/455] STGR
[05:04:52] [273/455] GDAK
[05:04:53] [274/455] SKHK
[05:04:54] [275/455] SLND
[05:04:55] [276/455] APAP
[05:04:56] [277/455] AYYA
[05:04:57] [278/455] VCCZ
[05:04:58] [279/455] MEML
[05:04:58] [280/455] MAOU
[05:04:59] [281/455] ESND
[05:05:00] 🔄 Identity reset
[05:05:00] 🔄 Identity rotated (every 10 requests)
[05:05:00] [282/455] PTBZ
[05:05:01] [283/455] LBCN
[05:05:02] [284/455] PAWA
[05:05:03] [285/455] ZEIC
[05:05:04] [286/455] CGMM
[05:05:05] [287/455] PJPM
[05:05:06] [288/455] ECMR
[05:05:07] [289/455] SHMZ
[05:05:08] [290/455] STCA
[05:05:09] [291/455] VDRC
[05:05:10] 🔄 Identity reset
[05:05:10] 🔄 Identity rotated (every 10 requests)
[05:05:10] [292/455] SEEM
[05:05:11] [293/455] MKNS
[05:05:12] [294/455] KPPP
[05:05:13] [295/455] CCML
[05:05:14] [296/455] CIBA
[05:05:15] [297/455] NACS
[05:05:16] [298/455] CTMK
[05:05:17] [299/455] CTCT
[05:05:17] [300/455] MCSN
[05:05:18] [301/455] MAXX
[05:05:19] 🔄 Identity reset
[05:05:19] 🔄 Identity rotated (every 10 requests)
[05:05:19] [302/455] MECB
[05:05:20] [303/455] NTBY
[05:05:21] [304/455] UTBI
[05:05:22] [305/455] RADK
[05:05:23] [306/455] STBY
[05:05:25] [307/455] GTBY
[05:05:26] [308/455] RRMB
[05:05:27] [309/455] ABRN
[05:05:28] [310/455] GTSG
[05:05:29] [311/455] GBTG
[05:05:30] 🔄 Identity reset
[05:05:30] 🔄 Identity rotated (every 10 requests)
[05:05:30] [312/455] SBGS
[05:05:31] [313/455] KBPM
[05:05:32] [314/455] SMHT
[05:05:33] [315/455] VTDM
[05:05:33] [316/455] ASCT
[05:05:34] [317/455] AWCT
[05:05:35] [318/455] DCCU
[05:05:36] [319/455] PSCE
[05:05:37] [320/455] KSNY
[05:05:38] [321/455] ACID
[05:05:39] 🔄 Identity reset
[05:05:39] 🔄 Identity rotated (every 10 requests)
[05:05:40] [322/455] LVCD
[05:05:41] [323/455] KSSB
[05:05:42] [324/455] SWTD
[05:05:43] [325/455] RBMR
[05:05:44] [326/455] SCBC
[05:05:45] [327/455] RKME
[05:05:45] [328/455] GALX
[05:05:46] [329/455] GCCH
[05:05:47] [330/455] RATR
[05:05:48] [331/455] GTGA
[05:05:49] 🔄 Identity reset
[05:05:49] 🔄 Identity rotated (every 10 requests)
[05:05:49] [332/455] LTTR
[05:05:50] [333/455] TTAA
[05:05:51] [334/455] TVHP
[05:05:52] [335/455] KVCS
[05:05:53] [336/455] CBMC
[05:05:54] [337/455] MAYJ
[05:05:55] [338/455] INPR
[05:05:56] [339/455] RSSC
[05:05:57] [340/455] PCAN
[05:05:58] [341/455] PVHR
[05:05:59] 🔄 Identity reset
[05:05:59] 🔄 Identity rotated (every 10 requests)
[05:05:59] 🔄 Retry 1/5 for PVHR in 2.4s
[05:05:59] 🔄 Identity reset
[05:06:01] 🧠 New identity created
[05:06:01] [342/455] AGSM
[05:06:02] [343/455] PVES
[05:06:04] [344/455] INTO
[05:06:05] [345/455] ACON
[05:06:06] [346/455] PVPZ
[05:06:07] [347/455] PVHC
[05:06:08] [348/455] KSTK
[05:06:09] [349/455] PVSR
[05:06:10] [350/455] ACTN
[05:06:10] 🔄 Identity reset
[05:06:10] 🔄 Identity rotated (every 10 requests)
[05:06:11] [351/455] FMCN
[05:06:12] [352/455] PABC
[05:06:13] [353/455] SUTC
[05:06:14] [354/455] PGMV
[05:06:15] [355/455] GKCP
[05:06:16] [356/455] INCH
[05:06:17] [357/455] MLMT
[05:06:18] [358/455] SSCC
[05:06:19] [359/455] SLMP
[05:06:20] [360/455] VVTN
[05:06:20] 🔄 Identity reset
[05:06:20] 🔄 Identity rotated (every 10 requests)
[05:06:21] [361/455] SBTR
[05:06:22] [362/455] PGRA
[05:06:23] [363/455] PBRM
[05:06:24] [364/455] GCRP
[05:06:25] [365/455] MCSK
[05:06:26] [366/455] NLTC
[05:06:27] [367/455] MTLM
[05:06:28] [368/455] VECT
[05:06:29] [369/455] KMRM
[05:06:31] [370/455] RACM
[05:06:32] 🔄 Identity reset
[05:06:32] 🔄 Identity rotated (every 10 requests)
[05:06:32] [371/455] WSTC
[05:06:33] [372/455] PVTJ
[05:06:34] [373/455] MMKC
[05:06:36] [374/455] SVWT
[05:06:36] [375/455] JOTG
[05:06:37] [376/455] VCDK
[05:06:39] [377/455] ANAC
[05:06:40] [378/455] GRTC
[05:06:41] [379/455] JTPL
[05:06:42] [380/455] VRCP
[05:06:42] 🔄 Identity reset
[05:06:42] 🔄 Identity rotated (every 10 requests)
[05:06:42] 🔄 Retry 1/5 for VRCP in 2.8s
[05:06:42] 🔄 Identity reset
[05:06:45] 🧠 New identity created
[05:06:46] [381/455] REMC
[05:06:47] [382/455] ATMG
[05:06:48] [383/455] GAHC
[05:06:48] [384/455] JTMV
[05:06:49] [385/455] OMTT
[05:06:50] [386/455] GKKC
[05:06:51] [387/455] BBPO
[05:06:52] [388/455] ZCBB
[05:06:54] [389/455] DCGO
[05:06:54] 🔄 Identity reset
[05:06:54] 🔄 Identity rotated (every 10 requests)
[05:06:55] [390/455] STOP
[05:06:56] [391/455] BSPC
[05:06:57] [392/455] SOND
[05:06:58] [393/455] GCKG
[05:06:59] [394/455] PCDB
[05:06:59] [395/455] PGRC
[05:07:00] [396/455] CSCT
[05:07:01] [397/455] STDA
[05:07:02] [398/455] JAYD
[05:07:03] [399/455] PPPD
[05:07:03] 🔄 Identity reset
[05:07:03] 🔄 Identity rotated (every 10 requests)
[05:07:04] [400/455] KRTT
[05:07:05] [401/455] PTDT
[05:07:06] [402/455] TRSV
[05:07:07] [403/455] VELR
[05:07:08] [404/455] STDT
[05:07:09] [405/455] SATT
[05:07:10] [406/455] KCPM
[05:07:11] [407/455] MFCP
[05:07:12] [408/455] AXMP
[05:07:13] [409/455] LTVB
[05:07:13] 🔄 Identity reset
[05:07:13] 🔄 Identity rotated (every 10 requests)
[05:07:14] [410/455] APST
[05:07:15] [411/455] DTVP
[05:07:17] [412/455] AAVB
[05:07:17] [413/455] PMBL
[05:07:18] [414/455] STKC
[05:07:19] [415/455] KKMA
[05:07:21] [416/455] NMXS
[05:07:22] [417/455] DECX
[05:07:23] [418/455] MAPJ
[05:07:24] [419/455] SMLK
[05:07:25] 🔄 Identity reset
[05:07:25] 🔄 Identity rotated (every 10 requests)
[05:07:25] [420/455] PMPU
[05:07:26] [421/455] AFST
[05:07:27] [422/455] SRSY
[05:07:28] [423/455] RMKT
[05:07:29] [424/455] RAJX
[05:07:29] [425/455] UVCD
[05:07:30] [426/455] LISA
[05:07:31] [427/455] LMSR
[05:07:32] [428/455] PMCA
[05:07:33] [429/455] INPO
[05:07:33] 🔄 Identity reset
[05:07:33] 🔄 Identity rotated (every 10 requests)
[05:07:34] [430/455] INGO
[05:07:35] [431/455] HFSQ
[05:07:37] [432/455] INMG
[05:07:38] [433/455] NYCP
[05:07:39] [434/455] HFSV
[05:07:40] [435/455] MMZP
[05:07:41] [436/455] KSES
[05:07:42] [437/455] HFSA
[05:07:43] [438/455] ACMM
[05:07:44] [439/455] RCKD
[05:07:44] 🔄 Identity reset
[05:07:44] 🔄 Identity rotated (every 10 requests)
[05:07:45] [440/455] BCKR
[05:07:46] [441/455] SFCO
[05:07:47] [442/455] JCCB
[05:07:48] [443/455] BCCR
[05:07:49] [444/455] NWCB
[05:07:50] [445/455] SAMT
[05:07:51] [446/455] TMST
[05:07:51] [447/455] SJCN
[05:07:53] [448/455] MCBS
[05:07:53] [449/455] CMKR
[05:07:54] 🔄 Identity reset
[05:07:54] 🔄 Identity rotated (every 10 requests)
[05:07:54] [450/455] INPM
[05:07:55] [451/455] WVMT
[05:07:56] [452/455] NYSM
[05:07:57] [453/455] RCMA
[05:07:58] [454/455] RECM
[05:07:59] [455/455] CYCM
[05:08:00] 🧹 Deduping shows
[05:08:00] ✅ DONE | Shows=35 | Movies=7
[12:25:42] 🚀 SCRIPT STARTED (enhanced anti‑detection)
[12:25:42] [1/455] MXGN
[12:25:43] 🧠 New identity created
[12:25:43] [2/455] PGGM
[12:25:44] [3/455] IPMJ
[12:25:45] [4/455] M2PP
[12:25:46] [5/455] PMMS
[12:25:47] [6/455] SCJN
[12:25:47] [7/455] CPUM
[12:25:48] [8/455] SCND
[12:25:49] [9/455] INWM
[12:25:50] [10/455] DVDC
[12:25:50] 🔄 Identity reset
[12:25:50] 🔄 Identity rotated (every 10 requests)
[12:25:51] [11/455] WVND
[12:25:52] [12/455] LBDL
[12:25:53] [13/455] CRGM
[12:25:54] [14/455] PVKS
[12:25:55] [15/455] PBLL
[12:25:57] [16/455] FNLN
[12:25:58] [17/455] PPDA
[12:25:59] [18/455] SCPT
[12:26:00] [19/455] IAJS
[12:26:02] [20/455] MMZG
[12:26:02] 🔄 Identity reset
[12:26:02] 🔄 Identity rotated (every 10 requests)
[12:26:03] [21/455] MCTI
[12:26:03] [22/455] PPMF
[12:26:04] [23/455] FNSD
[12:26:05] [24/455] M2RH
[12:26:06] [25/455] CPGV
[12:26:07] [26/455] PECD
[12:26:08] [27/455] CTEE
[12:26:09] [28/455] IOMG
[12:26:09] [29/455] CIJA
[12:26:10] [30/455] NYCG
[12:26:11] 🔄 Identity reset
[12:26:11] 🔄 Identity rotated (every 10 requests)
[12:26:11] [31/455] CEST
[12:26:12] [32/455] WVRG
[12:26:13] [33/455] DPDC
[12:26:14] [34/455] PDIV
[12:26:15] [35/455] MTPP
[12:26:16] [36/455] MHNU
[12:26:16] [37/455] WUPG
[12:26:17] [38/455] USCO
[12:26:18] [39/455] INFR
[12:26:19] [40/455] PVPD
[12:26:19] 🔄 Identity reset
[12:26:19] 🔄 Identity rotated (every 10 requests)
[12:26:20] [41/455] RONC
[12:26:21] [42/455] IOCP
[12:26:21] [43/455] EMPS
[12:26:22] [44/455] PNAD
[12:26:23] [45/455] VVGZ
[12:26:25] [46/455] MDDC
[12:26:26] [47/455] MMAP
[12:26:26] [48/455] GPDC
[12:26:27] [49/455] PVPU
[12:26:28] [50/455] DCMV
[12:26:29] 🔄 Identity reset
[12:26:29] 🔄 Identity rotated (every 10 requests)
[12:26:29] [51/455] PCCF
[12:26:30] [52/455] MCEF
[12:26:31] [53/455] INRD
[12:26:31] [54/455] CCPZ
[12:26:32] [55/455] BCWG
[12:26:33] [56/455] PMGU
[12:26:34] [57/455] MCVM
[12:26:34] [58/455] MCDE
[12:26:35] [59/455] IEFM
[12:26:36] [60/455] MXCS
[12:26:37] 🔄 Identity reset
[12:26:37] 🔄 Identity rotated (every 10 requests)
[12:26:37] [61/455] RNMT
[12:26:38] [62/455] PSDD
[12:26:39] [63/455] PETA
[12:26:39] [64/455] IZOP
[12:26:40] [65/455] PDEI
[12:26:41] [66/455] MTND
[12:26:42] [67/455] PCPL
[12:26:43] [68/455] LSCM
[12:26:44] [69/455] BTFD
[12:26:45] [70/455] MERM
[12:26:45] 🔄 Identity reset
[12:26:45] 🔄 Identity rotated (every 10 requests)
[12:26:46] 🔄 Retry 1/5 for MERM in 2.4s
[12:26:46] 🔄 Identity reset
[12:26:48] 🧠 New identity created
[12:26:48] [71/455] PVMS
[12:26:50] [72/455] CIGK
[12:26:51] [73/455] INSG
[12:26:51] [74/455] IDEN
[12:26:52] [75/455] MCGN
[12:26:53] [76/455] IGAM
[12:26:54] [77/455] SLCU
[12:26:55] [78/455] MIMU
[12:26:56] [79/455] QLAC
[12:26:57] 🔄 Identity reset
[12:26:57] 🔄 Identity rotated (every 10 requests)
[12:26:58] [80/455] MENL
[12:26:58] [81/455] SCUR
[12:26:59] [82/455] MDGD
[12:27:00] [83/455] LSRS
[12:27:01] [84/455] KMLG
[12:27:02] [85/455] MKLJ
[12:27:03] [86/455] IBYG
[12:27:04] [87/455] ISML
[12:27:04] [88/455] MJMM
[12:27:05] [89/455] RCGD
[12:27:06] 🔄 Identity reset
[12:27:06] 🔄 Identity rotated (every 10 requests)
[12:27:06] [90/455] MMOC
[12:27:07] [91/455] RRCO
[12:27:08] [92/455] MEDM
[12:27:09] [93/455] MCAZ
[12:27:10] [94/455] STWA
[12:27:11] [95/455] PFFG
[12:27:12] [96/455] GAGC
[12:27:12] [97/455] PMPM
[12:27:13] [98/455] HVCD
[12:27:14] [99/455] AKRF
[12:27:15] 🔄 Identity reset
[12:27:15] 🔄 Identity rotated (every 10 requests)
[12:27:15] 🔄 Retry 1/5 for AKRF in 2.4s
[12:27:15] 🔄 Identity reset
[12:27:17] 🧠 New identity created
[12:27:17] [100/455] AKRC
[12:27:18] [101/455] MIDA
[12:27:19] [102/455] MAGX
[12:27:20] [103/455] ESOS
[12:27:20] [104/455] BBCL
[12:27:21] [105/455] LYAS
[12:27:22] [106/455] NRMS
[12:27:23] [107/455] BHUC
[12:27:25] [108/455] SRIC
[12:27:25] 🔄 Identity reset
[12:27:26] 🔄 Identity rotated (every 10 requests)
[12:27:26] 🔄 Retry 1/5 for SRIC in 2.5s
[12:27:26] 🔄 Identity reset
[12:27:28] 🧠 New identity created
[12:27:28] [109/455] PDME
[12:27:29] [110/455] MJCS
[12:27:30] [111/455] NRAA
[12:27:31] [112/455] VATA
[12:27:32] [113/455] MNKC
[12:27:32] [114/455] DHCL
[12:27:33] [115/455] JCPC
[12:27:34] [116/455] CTML
[12:27:36] [117/455] RMMR
[12:27:36] 🔄 Identity reset
[12:27:36] 🔄 Identity rotated (every 10 requests)
[12:27:37] [118/455] STTL
[12:27:37] [119/455] CNPS
[12:27:38] [120/455] ACKL
[12:27:39] [121/455] SCAU
[12:27:40] [122/455] RMIA
[12:27:41] [123/455] MANU
[12:27:41] [124/455] ARDC
[12:27:42] [125/455] GLDA
[12:27:43] [126/455] KVSW
[12:27:45] [127/455] CGCA
[12:27:45] 🔄 Identity reset
[12:27:45] 🔄 Identity rotated (every 10 requests)
[12:27:45] 🔄 Retry 1/5 for CGCA in 2.7s
[12:27:45] 🔄 Identity reset
[12:27:48] 🧠 New identity created
[12:27:49] [128/455] CMLO
[12:27:50] [129/455] CECB
[12:27:51] [130/455] RCPN
[12:27:52] [131/455] ASMW
[12:27:53] [132/455] PWLM
[12:27:54] [133/455] ASGM
[12:27:55] [134/455] ACWH
[12:27:56] [135/455] AAPW
[12:27:57] [136/455] RTWA
[12:27:57] 🔄 Identity reset
[12:27:57] 🔄 Identity rotated (every 10 requests)
[12:27:58] [137/455] RAMW
[12:27:58] [138/455] VKTR
[12:27:59] [139/455] SMBH
[12:28:00] [140/455] BVDR
[12:28:01] [141/455] MRTP
[12:28:01] [142/455] BLBR
[12:28:03] [143/455] LPIN
[12:28:04] [144/455] SNPC
[12:28:05] [145/455] PDCB
[12:28:06] [146/455] DYPK
[12:28:07] 🔄 Identity reset
[12:28:07] 🔄 Identity rotated (every 10 requests)
[12:28:07] 🔄 Retry 1/5 for DYPK in 2.5s
[12:28:07] 🔄 Identity reset
[12:28:09] 🧠 New identity created
[12:28:10] [147/455] INMK
[12:28:11] [148/455] PDCK
[12:28:12] [149/455] PCKR
[12:28:13] [150/455] SHUA
[12:28:13] [151/455] SCVK
[12:28:14] [152/455] STPA
[12:28:15] [153/455] WVHD
[12:28:16] [154/455] MRCH
[12:28:17] [155/455] MCNP
[12:28:18] 🔄 Identity reset
[12:28:18] 🔄 Identity rotated (every 10 requests)
[12:28:18] 🔄 Retry 1/5 for MCNP in 2.0s
[12:28:18] 🔄 Identity reset
[12:28:20] 🧠 New identity created
[12:28:20] 🔄 Retry 2/5 for MCNP in 5.0s
[12:28:20] 🔄 Identity reset
[12:28:25] 🧠 New identity created
[12:28:25] [156/455] RCAG
[12:28:26] [157/455] JTSN
[12:28:27] [158/455] AANS
[12:28:27] [159/455] GDDR
[12:28:28] [160/455] SRER
[12:28:29] [161/455] JKMA
[12:28:30] [162/455] ARAN
[12:28:31] [163/455] ALCT
[12:28:31] 🔄 Identity reset
[12:28:32] 🔄 Identity rotated (every 10 requests)
[12:28:32] [164/455] CCTA
[12:28:33] [165/455] CNCT
[12:28:34] [166/455] NZBL
[12:28:34] [167/455] SRRA
[12:28:35] [168/455] SVPW
[12:28:37] [169/455] SRTW
[12:28:38] [170/455] XMTD
[12:28:39] [171/455] SCCZ
[12:28:40] [172/455] PBCR
[12:28:41] [173/455] RTSC
[12:28:41] 🔄 Identity reset
[12:28:41] 🔄 Identity rotated (every 10 requests)
[12:28:41] [174/455] TLSV
[12:28:42] [175/455] RMTK
[12:28:43] [176/455] SRAT
[12:28:44] [177/455] GCYC
[12:28:45] [178/455] HCAJ
[12:28:45] [179/455] LCXA
[12:28:47] [180/455] BINT
[12:28:48] [181/455] IXIM
[12:28:48] [182/455] MBCR
[12:28:49] [183/455] BMCJ
[12:28:50] 🔄 Identity reset
[12:28:50] 🔄 Identity rotated (every 10 requests)
[12:28:50] 🔄 Retry 1/5 for BMCJ in 2.6s
[12:28:50] 🔄 Identity reset
[12:28:53] 🧠 New identity created
[12:28:53] [184/455] NICJ
[12:28:54] [185/455] SCAJ
[12:28:55] [186/455] CMXS
[12:28:56] [187/455] MMSR
[12:28:56] [188/455] PRKT
[12:28:57] [189/455] LPTH
[12:28:58] [190/455] SARP
[12:28:59] [191/455] MNPP
[12:29:00] [192/455] PRLR
[12:29:01] 🔄 Identity reset
[12:29:01] 🔄 Identity rotated (every 10 requests)
[12:29:01] [193/455] RCMW
[12:29:02] [194/455] FCMG
[12:29:03] [195/455] RTNK
[12:29:03] [196/455] LRCP
[12:29:04] [197/455] DBJR
[12:29:05] [198/455] CACN
[12:29:06] [199/455] AMRL
[12:29:07] [200/455] SBBC
[12:29:08] [201/455] VENN
[12:29:08] [202/455] STSS
[12:29:09] 🔄 Identity reset
[12:29:09] 🔄 Identity rotated (every 10 requests)
[12:29:09] 🔄 Retry 1/5 for STSS in 3.0s
[12:29:09] 🔄 Identity reset
[12:29:12] 🧠 New identity created
[12:29:12] 🔄 Retry 2/5 for STSS in 4.4s
[12:29:12] 🔄 Identity reset
[12:29:17] 🧠 New identity created
[12:29:17] [203/455] SMRB
[12:29:18] [204/455] CCMX
[12:29:19] [205/455] KCMR
[12:29:20] [206/455] SALH
[12:29:21] [207/455] CGTT
[12:29:22] [208/455] PMDR
[12:29:23] [209/455] VCPM
[12:29:24] [210/455] RZMX
[12:29:24] 🔄 Identity reset
[12:29:24] 🔄 Identity rotated (every 10 requests)
[12:29:24] [211/455] TMSY
[12:29:25] [212/455] NTMS
[12:29:27] [213/455] VTAG
[12:29:27] [214/455] REMA
[12:29:28] [215/455] NXCC
[12:29:29] [216/455] SKYM
[12:29:31] [217/455] CCMO
[12:29:32] [218/455] DMXM
[12:29:33] [219/455] SPPM
[12:29:34] [220/455] PTKL
[12:29:34] 🔄 Identity reset
[12:29:34] 🔄 Identity rotated (every 10 requests)
[12:29:34] 🔄 Retry 1/5 for PTKL in 2.4s
[12:29:34] 🔄 Identity reset
[12:29:37] 🧠 New identity created
[12:29:38] [221/455] SLVO
[12:29:39] [222/455] VASL
[12:29:39] [223/455] CBCM
[12:29:40] [224/455] STMA
[12:29:41] [225/455] LASK
[12:29:42] [226/455] VITE
[12:29:43] [227/455] AAST
[12:29:44] [228/455] JTPT
[12:29:45] [229/455] RRSH
[12:29:45] 🔄 Identity reset
[12:29:45] 🔄 Identity rotated (every 10 requests)
[12:29:46] [230/455] CINL
[12:29:47] [231/455] MCSR
[12:29:48] [232/455] SBCF
[12:29:49] [233/455] GCDU
[12:29:49] [234/455] PSPR
[12:29:51] [235/455] IMMO
[12:29:52] [236/455] CLGM
[12:29:53] [237/455] PBMM
[12:29:54] [238/455] CEHR
[12:29:55] [239/455] CPOE
[12:29:55] 🔄 Identity reset
[12:29:55] 🔄 Identity rotated (every 10 requests)
[12:29:55] [240/455] PGFD
[12:29:56] [241/455] PSLC
[12:29:57] [242/455] MSMD
[12:29:58] [243/455] FMFB
[12:29:59] [244/455] RKCL
[12:30:00] [245/455] PMMC
[12:30:01] [246/455] SKMM
[12:30:01] [247/455] VOIB
[12:30:02] [248/455] KINO
[12:30:03] [249/455] VCTP
[12:30:04] 🔄 Identity reset
[12:30:04] 🔄 Identity rotated (every 10 requests)
[12:30:04] 🔄 Retry 1/5 for VCTP in 2.4s
[12:30:04] 🔄 Identity reset
[12:30:06] 🧠 New identity created
[12:30:07] [250/455] PDWR
[12:30:08] [251/455] SAED
[12:30:09] [252/455] SRRT
[12:30:09] [253/455] CVLG
[12:30:10] [254/455] SNGN
[12:30:12] [255/455] SIDA
[12:30:13] [256/455] IMCB
[12:30:14] [257/455] SMHP
[12:30:15] [258/455] GDTY
[12:30:15] 🔄 Identity reset
[12:30:15] 🔄 Identity rotated (every 10 requests)
[12:30:16] [259/455] VYCH
[12:30:17] [260/455] PDYA
[12:30:18] [261/455] RKDO
[12:30:19] [262/455] VECG
[12:30:20] [263/455] NFGD
[12:30:21] [264/455] SNDC
[12:30:21] [265/455] SDJH
[12:30:22] [266/455] HASV
[12:30:23] [267/455] PTYK
[12:30:25] [268/455] MUTB
[12:30:26] 🔄 Identity reset
[12:30:26] 🔄 Identity rotated (every 10 requests)
[12:30:26] [269/455] AMRT
[12:30:27] [270/455] VACD
[12:30:27] [271/455] SKDD
[12:30:28] [272/455] STGR
[12:30:29] [273/455] GDAK
[12:30:30] [274/455] SKHK
[12:30:30] [275/455] SLND
[12:30:31] [276/455] APAP
[12:30:32] [277/455] AYYA
[12:30:34] [278/455] VCCZ
[12:30:34] 🔄 Identity reset
[12:30:34] 🔄 Identity rotated (every 10 requests)
[12:30:35] [279/455] MEML
[12:30:36] [280/455] MAOU
[12:30:36] [281/455] ESND
[12:30:37] [282/455] PTBZ
[12:30:38] [283/455] LBCN
[12:30:39] [284/455] PAWA
[12:30:40] [285/455] ZEIC
[12:30:41] [286/455] CGMM
[12:30:42] [287/455] PJPM
[12:30:43] [288/455] ECMR
[12:30:44] 🔄 Identity reset
[12:30:44] 🔄 Identity rotated (every 10 requests)
[12:30:44] [289/455] SHMZ
[12:30:45] [290/455] STCA
[12:30:46] [291/455] VDRC
[12:30:47] [292/455] SEEM
[12:30:48] [293/455] MKNS
[12:30:50] [294/455] KPPP
[12:30:51] [295/455] CCML
[12:30:52] [296/455] CIBA
[12:30:53] [297/455] NACS
[12:30:55] [298/455] CTMK
[12:30:55] 🔄 Identity reset
[12:30:55] 🔄 Identity rotated (every 10 requests)
[12:30:55] 🔄 Retry 1/5 for CTMK in 2.5s
[12:30:55] 🔄 Identity reset
[12:30:58] 🧠 New identity created
[12:30:58] [299/455] CTCT
[12:30:59] [300/455] MCSN
[12:31:00] [301/455] MAXX
[12:31:01] [302/455] MECB
[12:31:01] [303/455] NTBY
[12:31:02] [304/455] UTBI
[12:31:03] [305/455] RADK
[12:31:04] [306/455] STBY
[12:31:05] [307/455] GTBY
[12:31:06] 🔄 Identity reset
[12:31:06] 🔄 Identity rotated (every 10 requests)
[12:31:06] [308/455] RRMB
[12:31:07] [309/455] ABRN
[12:31:08] [310/455] GTSG
[12:31:09] [311/455] GBTG
[12:31:09] [312/455] SBGS
[12:31:10] [313/455] KBPM
[12:31:11] [314/455] SMHT
[12:31:12] [315/455] VTDM
[12:31:13] [316/455] ASCT
[12:31:14] [317/455] AWCT
[12:31:14] 🔄 Identity reset
[12:31:14] 🔄 Identity rotated (every 10 requests)
[12:31:15] [318/455] DCCU
[12:31:16] [319/455] PSCE
[12:31:17] [320/455] KSNY
[12:31:17] [321/455] ACID
[12:31:18] [322/455] LVCD
[12:31:19] [323/455] KSSB
[12:31:21] [324/455] SWTD
[12:31:22] [325/455] RBMR
[12:31:22] [326/455] SCBC
[12:31:23] [327/455] RKME
[12:31:24] 🔄 Identity reset
[12:31:24] 🔄 Identity rotated (every 10 requests)
[12:31:24] [328/455] GALX
[12:31:25] [329/455] GCCH
[12:31:26] [330/455] RATR
[12:31:27] [331/455] GTGA
[12:31:27] [332/455] LTTR
[12:31:28] [333/455] TTAA
[12:31:29] [334/455] TVHP
[12:31:30] [335/455] KVCS
[12:31:31] [336/455] CBMC
[12:31:32] [337/455] MAYJ
[12:31:33] 🔄 Identity reset
[12:31:33] 🔄 Identity rotated (every 10 requests)
[12:31:33] [338/455] INPR
[12:31:34] [339/455] RSSC
[12:31:35] [340/455] PCAN
[12:31:36] [341/455] PVHR
[12:31:37] [342/455] AGSM
[12:31:38] [343/455] PVES
[12:31:39] [344/455] INTO
[12:31:40] [345/455] ACON
[12:31:41] [346/455] PVPZ
[12:31:42] [347/455] PVHC
[12:31:43] 🔄 Identity reset
[12:31:43] 🔄 Identity rotated (every 10 requests)
[12:31:43] [348/455] KSTK
[12:31:44] [349/455] PVSR
[12:31:45] [350/455] ACTN
[12:31:46] [351/455] FMCN
[12:31:46] [352/455] PABC
[12:31:47] [353/455] SUTC
[12:31:48] [354/455] PGMV
[12:31:49] [355/455] GKCP
[12:31:50] [356/455] INCH
[12:31:51] [357/455] MLMT
[12:31:51] 🔄 Identity reset
[12:31:51] 🔄 Identity rotated (every 10 requests)
[12:31:51] 🔄 Retry 1/5 for MLMT in 2.2s
[12:31:51] 🔄 Identity reset
[12:31:53] 🧠 New identity created
[12:31:53] 🔄 Retry 2/5 for MLMT in 4.5s
[12:31:53] 🔄 Identity reset
[12:31:58] 🧠 New identity created
[12:31:58] [358/455] SSCC
[12:31:59] [359/455] SLMP
[12:32:00] [360/455] VVTN
[12:32:01] [361/455] SBTR
[12:32:02] [362/455] PGRA
[12:32:02] [363/455] PBRM
[12:32:03] [364/455] GCRP
[12:32:04] [365/455] MCSK
[12:32:05] 🔄 Identity reset
[12:32:05] 🔄 Identity rotated (every 10 requests)
[12:32:05] [366/455] NLTC
[12:32:06] [367/455] MTLM
[12:32:07] [368/455] VECT
[12:32:08] [369/455] KMRM
[12:32:09] [370/455] RACM
[12:32:09] [371/455] WSTC
[12:32:10] [372/455] PVTJ
[12:32:11] [373/455] MMKC
[12:32:12] [374/455] SVWT
[12:32:13] [375/455] JOTG
[12:32:14] 🔄 Identity reset
[12:32:14] 🔄 Identity rotated (every 10 requests)
[12:32:14] [376/455] VCDK
[12:32:15] [377/455] ANAC
[12:32:16] [378/455] GRTC
[12:32:17] [379/455] JTPL
[12:32:18] [380/455] VRCP
[12:32:18] [381/455] REMC
[12:32:19] [382/455] ATMG
[12:32:20] [383/455] GAHC
[12:32:21] [384/455] JTMV
[12:32:23] [385/455] OMTT
[12:32:23] 🔄 Identity reset
[12:32:23] 🔄 Identity rotated (every 10 requests)
[12:32:24] [386/455] GKKC
[12:32:25] [387/455] BBPO
[12:32:26] [388/455] ZCBB
[12:32:26] [389/455] DCGO
[12:32:27] [390/455] STOP
[12:32:28] [391/455] BSPC
[12:32:29] [392/455] SOND
[12:32:30] [393/455] GCKG
[12:32:31] [394/455] PCDB
[12:32:31] [395/455] PGRC
[12:32:32] 🔄 Identity reset
[12:32:32] 🔄 Identity rotated (every 10 requests)
[12:32:32] [396/455] CSCT
[12:32:34] [397/455] STDA
[12:32:35] [398/455] JAYD
[12:32:36] [399/455] PPPD
[12:32:37] [400/455] KRTT
[12:32:38] [401/455] PTDT
[12:32:39] [402/455] TRSV
[12:32:39] [403/455] VELR
[12:32:40] [404/455] STDT
[12:32:42] [405/455] SATT
[12:32:42] 🔄 Identity reset
[12:32:42] 🔄 Identity rotated (every 10 requests)
[12:32:42] [406/455] KCPM
[12:32:43] [407/455] MFCP
[12:32:44] [408/455] AXMP
[12:32:45] [409/455] LTVB
[12:32:46] [410/455] APST
[12:32:47] [411/455] DTVP
[12:32:47] [412/455] AAVB
[12:32:48] [413/455] PMBL
[12:32:49] [414/455] STKC
[12:32:50] [415/455] KKMA
[12:32:50] 🔄 Identity reset
[12:32:50] 🔄 Identity rotated (every 10 requests)
[12:32:51] [416/455] NMXS
[12:32:52] [417/455] DECX
[12:32:52] [418/455] MAPJ
[12:32:53] [419/455] SMLK
[12:32:54] [420/455] PMPU
[12:32:55] [421/455] AFST
[12:32:56] [422/455] SRSY
[12:32:57] [423/455] RMKT
[12:32:58] [424/455] RAJX
[12:32:59] [425/455] UVCD
[12:32:59] 🔄 Identity reset
[12:32:59] 🔄 Identity rotated (every 10 requests)
[12:32:59] 🔄 Retry 1/5 for UVCD in 2.3s
[12:32:59] 🔄 Identity reset
[12:33:02] 🧠 New identity created
[12:33:02] [426/455] LISA
[12:33:03] [427/455] LMSR
[12:33:04] [428/455] PMCA
[12:33:05] [429/455] INPO
[12:33:05] [430/455] INGO
[12:33:06] [431/455] HFSQ
[12:33:07] [432/455] INMG
[12:33:08] [433/455] NYCP
[12:33:09] [434/455] HFSV
[12:33:09] 🔄 Identity reset
[12:33:09] 🔄 Identity rotated (every 10 requests)
[12:33:10] [435/455] MMZP
[12:33:12] [436/455] KSES
[12:33:13] [437/455] HFSA
[12:33:13] [438/455] ACMM
[12:33:14] [439/455] RCKD
[12:33:15] [440/455] BCKR
[12:33:16] [441/455] SFCO
[12:33:17] [442/455] JCCB
[12:33:18] [443/455] BCCR
[12:33:19] [444/455] NWCB
[12:33:19] 🔄 Identity reset
[12:33:19] 🔄 Identity rotated (every 10 requests)
[12:33:20] [445/455] SAMT
[12:33:20] [446/455] TMST
[12:33:21] [447/455] SJCN
[12:33:22] [448/455] MCBS
[12:33:23] [449/455] CMKR
[12:33:24] [450/455] INPM
[12:33:25] [451/455] WVMT
[12:33:26] [452/455] NYSM
[12:33:27] [453/455] RCMA
[12:33:28] [454/455] RECM
[12:33:29] 🔄 Identity reset
[12:33:29] 🔄 Identity rotated (every 10 requests)
[12:33:29] [455/455] CYCM
[12:33:30] 🧹 Deduping shows
[12:33:30] ✅ DONE | Shows=43 | Movies=8
[22:09:45] 🚀 SCRIPT STARTED (enhanced anti‑detection)
[22:09:45] [1/455] MXGN
[22:09:45] 🧠 New identity created
[22:09:45] 🔄 Retry 1/5 for MXGN in 2.9s
[22:09:45] 🔄 Identity reset
[22:09:48] 🧠 New identity created
[22:09:49] [2/455] PGGM
[22:09:49] [3/455] IPMJ
[22:09:50] [4/455] M2PP
[22:09:52] [5/455] PMMS
[22:09:54] [6/455] SCJN
[22:09:55] [7/455] CPUM
[22:09:56] [8/455] SCND
[22:09:57] [9/455] INWM
[22:09:57] 🔄 Identity reset
[22:09:57] 🔄 Identity rotated (every 10 requests)
[22:09:58] [10/455] DVDC
[22:09:59] [11/455] WVND
[22:09:59] [12/455] LBDL
[22:10:00] [13/455] CRGM
[22:10:01] [14/455] PVKS
[22:10:03] [15/455] PBLL
[22:10:04] [16/455] FNLN
[22:10:05] [17/455] PPDA
[22:10:06] [18/455] SCPT
[22:10:07] [19/455] IAJS
[22:10:07] 🔄 Identity reset
[22:10:07] 🔄 Identity rotated (every 10 requests)
[22:10:07] [20/455] MMZG
[22:10:08] [21/455] MCTI
[22:10:10] [22/455] PPMF
[22:10:11] [23/455] FNSD
[22:10:12] [24/455] M2RH
[22:10:13] [25/455] CPGV
[22:10:14] [26/455] PECD
[22:10:14] [27/455] CTEE
[22:10:15] [28/455] IOMG
[22:10:16] [29/455] CIJA
[22:10:17] 🔄 Identity reset
[22:10:17] 🔄 Identity rotated (every 10 requests)
[22:10:17] 🔄 Retry 1/5 for CIJA in 2.0s
[22:10:17] 🔄 Identity reset
[22:10:19] 🧠 New identity created
[22:10:19] [30/455] NYCG
[22:10:20] [31/455] CEST
[22:10:21] [32/455] WVRG
[22:10:22] [33/455] DPDC
[22:10:23] [34/455] PDIV
[22:10:24] [35/455] MTPP
[22:10:25] [36/455] MHNU
[22:10:26] [37/455] WUPG
[22:10:27] [38/455] USCO
[22:10:28] 🔄 Identity reset
[22:10:28] 🔄 Identity rotated (every 10 requests)
[22:10:28] 🔄 Retry 1/5 for USCO in 2.3s
[22:10:28] 🔄 Identity reset
[22:10:30] 🧠 New identity created
[22:10:30] 🔄 Retry 2/5 for USCO in 4.7s
[22:10:30] 🔄 Identity reset
[22:10:35] 🧠 New identity created
[22:10:35] [39/455] INFR
[22:10:36] [40/455] PVPD
[22:10:37] [41/455] RONC
[22:10:39] [42/455] IOCP
[22:10:39] [43/455] EMPS
[22:10:41] [44/455] PNAD
[22:10:42] [45/455] VVGZ
[22:10:43] [46/455] MDDC
[22:10:44] 🔄 Identity reset
[22:10:44] 🔄 Identity rotated (every 10 requests)
[22:10:45] [47/455] MMAP
[22:10:47] [48/455] GPDC
[22:10:47] [49/455] PVPU
[22:10:48] [50/455] DCMV
[22:10:49] [51/455] PCCF
[22:10:50] [52/455] MCEF
[22:10:52] [53/455] INRD
[22:10:53] [54/455] CCPZ
[22:10:54] [55/455] BCWG
[22:10:55] [56/455] PMGU
[22:10:55] 🔄 Identity reset
[22:10:55] 🔄 Identity rotated (every 10 requests)
[22:10:56] [57/455] MCVM
[22:10:57] [58/455] MCDE
[22:10:58] [59/455] IEFM
[22:10:59] [60/455] MXCS
[22:11:00] [61/455] RNMT
[22:11:01] [62/455] PSDD
[22:11:02] [63/455] PETA
[22:11:04] [64/455] IZOP
[22:11:05] [65/455] PDEI
[22:11:06] [66/455] MTND
[22:11:07] 🔄 Identity reset
[22:11:07] 🔄 Identity rotated (every 10 requests)
[22:11:07] [67/455] PCPL
[22:11:09] [68/455] LSCM
[22:11:10] [69/455] BTFD
[22:11:11] [70/455] MERM
[22:11:12] [71/455] PVMS
[22:11:12] [72/455] CIGK
[22:11:13] [73/455] INSG
[22:11:15] [74/455] IDEN
[22:11:16] [75/455] MCGN
[22:11:17] [76/455] IGAM
[22:11:18] 🔄 Identity reset
[22:11:18] 🔄 Identity rotated (every 10 requests)
[22:11:18] [77/455] SLCU
[22:11:19] [78/455] MIMU
[22:11:20] [79/455] QLAC
[22:11:22] [80/455] MENL
[22:11:23] [81/455] SCUR
[22:11:24] [82/455] MDGD
[22:11:24] [83/455] LSRS
[22:11:25] [84/455] KMLG
[22:11:26] [85/455] MKLJ
[22:11:27] [86/455] IBYG
[22:11:28] 🔄 Identity reset
[22:11:28] 🔄 Identity rotated (every 10 requests)
[22:11:28] [87/455] ISML
[22:11:29] [88/455] MJMM
[22:11:30] [89/455] RCGD
[22:11:31] [90/455] MMOC
[22:11:32] [91/455] RRCO
[22:11:33] [92/455] MEDM
[22:11:34] [93/455] MCAZ
[22:11:35] [94/455] STWA
[22:11:36] [95/455] PFFG
[22:11:37] [96/455] GAGC
[22:11:38] 🔄 Identity reset
[22:11:38] 🔄 Identity rotated (every 10 requests)
[22:11:38] [97/455] PMPM
[22:11:39] [98/455] HVCD
[22:11:40] [99/455] AKRF
[22:11:41] [100/455] AKRC
[22:11:42] [101/455] MIDA
[22:11:45] [102/455] MAGX
[22:11:46] [103/455] ESOS
[22:11:47] [104/455] BBCL
[22:11:49] [105/455] LYAS
[22:11:50] [106/455] NRMS
[22:11:51] 🔄 Identity reset
[22:11:51] 🔄 Identity rotated (every 10 requests)
[22:11:52] [107/455] BHUC
[22:11:52] [108/455] SRIC
[22:11:54] [109/455] PDME
[22:11:55] [110/455] MJCS
[22:11:59] [111/455] NRAA
[22:12:01] [112/455] VATA
[22:12:02] [113/455] MNKC
[22:12:03] [114/455] DHCL
[22:12:05] [115/455] JCPC
[22:12:06] [116/455] CTML
[22:12:07] 🔄 Identity reset
[22:12:07] 🔄 Identity rotated (every 10 requests)
[22:12:08] [117/455] RMMR
[22:12:09] [118/455] STTL
[22:12:10] [119/455] CNPS
[22:12:11] [120/455] ACKL
[22:12:12] [121/455] SCAU
[22:12:13] [122/455] RMIA
[22:12:14] [123/455] MANU
[22:12:15] [124/455] ARDC
[22:12:16] [125/455] GLDA
[22:12:18] [126/455] KVSW
[22:12:18] 🔄 Identity reset
[22:12:18] 🔄 Identity rotated (every 10 requests)
[22:12:19] 🔄 Retry 1/5 for KVSW in 2.7s
[22:12:19] 🔄 Identity reset
[22:12:21] 🧠 New identity created
[22:12:22] [127/455] CGCA
[22:12:23] [128/455] CMLO
[22:12:25] [129/455] CECB
[22:12:26] [130/455] RCPN
[22:12:27] [131/455] ASMW
[22:12:28] [132/455] PWLM
[22:12:29] [133/455] ASGM
[22:12:29] [134/455] ACWH
[22:12:30] [135/455] AAPW
[22:12:31] 🔄 Identity reset
[22:12:31] 🔄 Identity rotated (every 10 requests)
[22:12:31] [136/455] RTWA
[22:12:32] [137/455] RAMW
[22:12:33] [138/455] VKTR
[22:12:34] [139/455] SMBH
[22:12:35] [140/455] BVDR
[22:12:37] [141/455] MRTP
[22:12:38] [142/455] BLBR
[22:12:39] [143/455] LPIN
[22:12:40] [144/455] SNPC
[22:12:42] [145/455] PDCB
[22:12:43] 🔄 Identity reset
[22:12:43] 🔄 Identity rotated (every 10 requests)
[22:12:43] [146/455] DYPK
[22:12:44] [147/455] INMK
[22:12:45] [148/455] PDCK
[22:12:48] [149/455] PCKR
[22:12:48] [150/455] SHUA
[22:12:49] [151/455] SCVK
[22:12:50] [152/455] STPA
[22:12:52] [153/455] WVHD
[22:12:54] [154/455] MRCH
[22:12:55] [155/455] MCNP
[22:12:55] 🔄 Identity reset
[22:12:55] 🔄 Identity rotated (every 10 requests)
[22:12:56] [156/455] RCAG
[22:12:57] [157/455] JTSN
[22:12:58] [158/455] AANS
[22:12:59] [159/455] GDDR
[22:13:00] [160/455] SRER
[22:13:02] [161/455] JKMA
[22:13:03] [162/455] ARAN
[22:13:04] [163/455] ALCT
[22:13:05] [164/455] CCTA
[22:13:06] [165/455] CNCT
[22:13:06] 🔄 Identity reset
[22:13:06] 🔄 Identity rotated (every 10 requests)
[22:13:06] 🔄 Retry 1/5 for CNCT in 2.1s
[22:13:06] 🔄 Identity reset
[22:13:09] 🧠 New identity created
[22:13:09] 🔄 Retry 2/5 for CNCT in 4.7s
[22:13:09] 🔄 Identity reset
[22:13:13] 🧠 New identity created
[22:13:14] [166/455] NZBL
[22:13:16] [167/455] SRRA
[22:13:18] [168/455] SVPW
[22:13:19] [169/455] SRTW
[22:13:20] [170/455] XMTD
[22:13:21] [171/455] SCCZ
[22:13:22] [172/455] PBCR
[22:13:23] [173/455] RTSC
[22:13:23] 🔄 Identity reset
[22:13:23] 🔄 Identity rotated (every 10 requests)
[22:13:24] [174/455] TLSV
[22:13:25] [175/455] RMTK
[22:13:26] [176/455] SRAT
[22:13:27] [177/455] GCYC
[22:13:27] [178/455] HCAJ
[22:13:29] [179/455] LCXA
[22:13:30] [180/455] BINT
[22:13:31] [181/455] IXIM
[22:13:32] [182/455] MBCR
[22:13:33] [183/455] BMCJ
[22:13:33] 🔄 Identity reset
[22:13:33] 🔄 Identity rotated (every 10 requests)
[22:13:34] [184/455] NICJ
[22:13:35] [185/455] SCAJ
[22:13:36] [186/455] CMXS
[22:13:36] [187/455] MMSR
[22:13:37] [188/455] PRKT
[22:13:38] [189/455] LPTH
[22:13:41] [190/455] SARP
[22:13:42] [191/455] MNPP
[22:13:43] [192/455] PRLR
[22:13:44] [193/455] RCMW
[22:13:45] 🔄 Identity reset
[22:13:45] 🔄 Identity rotated (every 10 requests)
[22:13:45] 🔄 Retry 1/5 for RCMW in 2.3s
[22:13:45] 🔄 Identity reset
[22:13:47] 🧠 New identity created
[22:13:47] [194/455] FCMG
[22:13:48] [195/455] RTNK
[22:13:50] [196/455] LRCP
[22:13:51] [197/455] DBJR
[22:13:52] [198/455] CACN
[22:13:53] [199/455] AMRL
[22:13:54] [200/455] SBBC
[22:13:55] [201/455] VENN
[22:13:56] [202/455] STSS
[22:13:56] 🔄 Identity reset
[22:13:56] 🔄 Identity rotated (every 10 requests)
[22:13:56] 🔄 Retry 1/5 for STSS in 2.1s
[22:13:56] 🔄 Identity reset
[22:13:58] 🧠 New identity created
[22:13:59] [203/455] SMRB
[22:14:00] [204/455] CCMX
[22:14:01] [205/455] KCMR
[22:14:02] [206/455] SALH
[22:14:02] [207/455] CGTT
[22:14:03] [208/455] PMDR
[22:14:04] [209/455] VCPM
[22:14:05] [210/455] RZMX
[22:14:07] [211/455] TMSY
[22:14:07] 🔄 Identity reset
[22:14:07] 🔄 Identity rotated (every 10 requests)
[22:14:08] [212/455] NTMS
[22:14:09] [213/455] VTAG
[22:14:11] [214/455] REMA
[22:14:12] [215/455] NXCC
[22:14:13] [216/455] SKYM
[22:14:14] [217/455] CCMO
[22:14:15] [218/455] DMXM
[22:14:16] [219/455] SPPM
[22:14:17] [220/455] PTKL
[22:14:18] [221/455] SLVO
[22:14:19] 🔄 Identity reset
[22:14:19] 🔄 Identity rotated (every 10 requests)
[22:14:19] [222/455] VASL
[22:14:21] [223/455] CBCM
[22:14:22] [224/455] STMA
[22:14:24] [225/455] LASK
[22:14:25] [226/455] VITE
[22:14:26] [227/455] AAST
[22:14:27] [228/455] JTPT
[22:14:28] [229/455] RRSH
[22:14:29] [230/455] CINL
[22:14:30] [231/455] MCSR
[22:14:30] 🔄 Identity reset
[22:14:30] 🔄 Identity rotated (every 10 requests)
[22:14:31] [232/455] SBCF
[22:14:31] [233/455] GCDU
[22:14:32] [234/455] PSPR
[22:14:34] [235/455] IMMO
[22:14:35] [236/455] CLGM
[22:14:35] [237/455] PBMM
[22:14:36] [238/455] CEHR
[22:14:37] [239/455] CPOE
[22:14:38] [240/455] PGFD
[22:14:39] [241/455] PSLC
[22:14:40] 🔄 Identity reset
[22:14:40] 🔄 Identity rotated (every 10 requests)
[22:14:40] 🔄 Retry 1/5 for PSLC in 2.5s
[22:14:40] 🔄 Identity reset
[22:14:42] 🧠 New identity created
[22:14:44] [242/455] MSMD
[22:14:44] [243/455] FMFB
[22:14:45] [244/455] RKCL
[22:14:46] [245/455] PMMC
[22:14:48] [246/455] SKMM
[22:14:49] [247/455] VOIB
[22:14:50] [248/455] KINO
[22:14:51] [249/455] VCTP
[22:14:52] [250/455] PDWR
[22:14:53] 🔄 Identity reset
[22:14:53] 🔄 Identity rotated (every 10 requests)
[22:14:53] [251/455] SAED
[22:14:54] [252/455] SRRT
[22:14:55] [253/455] CVLG
[22:14:56] [254/455] SNGN
[22:14:57] [255/455] SIDA
[22:14:58] [256/455] IMCB
[22:14:59] [257/455] SMHP
[22:15:00] [258/455] GDTY
[22:15:01] [259/455] VYCH
[22:15:03] [260/455] PDYA
[22:15:04] 🔄 Identity reset
[22:15:04] 🔄 Identity rotated (every 10 requests)
[22:15:04] 🔄 Retry 1/5 for PDYA in 2.5s
[22:15:04] 🔄 Identity reset
[22:15:06] 🧠 New identity created
[22:15:07] [261/455] RKDO
[22:15:07] [262/455] VECG
[22:15:08] [263/455] NFGD
[22:15:10] [264/455] SNDC
[22:15:11] [265/455] SDJH
[22:15:12] [266/455] HASV
[22:15:13] [267/455] PTYK
[22:15:15] [268/455] MUTB
[22:15:16] [269/455] AMRT
[22:15:17] 🔄 Identity reset
[22:15:17] 🔄 Identity rotated (every 10 requests)
[22:15:17] [270/455] VACD
[22:15:18] [271/455] SKDD
[22:15:19] [272/455] STGR
[22:15:20] [273/455] GDAK
[22:15:21] [274/455] SKHK
[22:15:22] [275/455] SLND
[22:15:23] [276/455] APAP
[22:15:24] [277/455] AYYA
[22:15:26] [278/455] VCCZ
[22:15:27] [279/455] MEML
[22:15:27] 🔄 Identity reset
[22:15:27] 🔄 Identity rotated (every 10 requests)
[22:15:27] 🔄 Retry 1/5 for MEML in 2.9s
[22:15:27] 🔄 Identity reset
[22:15:30] 🧠 New identity created
[22:15:31] [280/455] MAOU
[22:15:32] [281/455] ESND
[22:15:33] [282/455] PTBZ
[22:15:34] [283/455] LBCN
[22:15:35] [284/455] PAWA
[22:15:37] [285/455] ZEIC
[22:15:38] [286/455] CGMM
[22:15:39] [287/455] PJPM
[22:15:40] [288/455] ECMR
[22:15:40] 🔄 Identity reset
[22:15:40] 🔄 Identity rotated (every 10 requests)
[22:15:41] [289/455] SHMZ
[22:15:42] [290/455] STCA
[22:15:43] [291/455] VDRC
[22:15:44] [292/455] SEEM
[22:15:45] [293/455] MKNS
[22:15:46] [294/455] KPPP
[22:15:47] [295/455] CCML
[22:15:48] [296/455] CIBA
[22:15:49] [297/455] NACS
[22:15:50] [298/455] CTMK
[22:15:51] 🔄 Identity reset
[22:15:51] 🔄 Identity rotated (every 10 requests)
[22:15:51] [299/455] CTCT
[22:15:53] [300/455] MCSN
[22:15:54] [301/455] MAXX
[22:15:55] [302/455] MECB
[22:15:57] [303/455] NTBY
[22:15:59] [304/455] UTBI
[22:16:00] [305/455] RADK
[22:16:01] [306/455] STBY
[22:16:01] [307/455] GTBY
[22:16:02] [308/455] RRMB
[22:16:03] 🔄 Identity reset
[22:16:03] 🔄 Identity rotated (every 10 requests)
[22:16:03] [309/455] ABRN
[22:16:04] [310/455] GTSG
[22:16:05] [311/455] GBTG
[22:16:07] [312/455] SBGS
[22:16:07] [313/455] KBPM
[22:16:12] [314/455] SMHT
[22:16:13] [315/455] VTDM
[22:16:14] [316/455] ASCT
[22:16:15] [317/455] AWCT
[22:16:16] [318/455] DCCU
[22:16:17] 🔄 Identity reset
[22:16:17] 🔄 Identity rotated (every 10 requests)
[22:16:17] [319/455] PSCE
[22:16:18] [320/455] KSNY
[22:16:19] [321/455] ACID
[22:16:21] [322/455] LVCD
[22:16:23] [323/455] KSSB
[22:16:24] [324/455] SWTD
[22:16:25] [325/455] RBMR
[22:16:25] [326/455] SCBC
[22:16:26] [327/455] RKME
[22:16:27] [328/455] GALX
[22:16:28] 🔄 Identity reset
[22:16:28] 🔄 Identity rotated (every 10 requests)
[22:16:29] [329/455] GCCH
[22:16:29] [330/455] RATR
[22:16:30] [331/455] GTGA
[22:16:32] [332/455] LTTR
[22:16:32] [333/455] TTAA
[22:16:33] [334/455] TVHP
[22:16:34] [335/455] KVCS
[22:16:35] [336/455] CBMC
[22:16:37] [337/455] MAYJ
[22:16:38] [338/455] INPR
[22:16:38] 🔄 Identity reset
[22:16:38] 🔄 Identity rotated (every 10 requests)
[22:16:38] [339/455] RSSC
[22:16:40] [340/455] PCAN
[22:16:41] [341/455] PVHR
[22:16:42] [342/455] AGSM
[22:16:44] [343/455] PVES
[22:16:45] [344/455] INTO
[22:16:46] [345/455] ACON
[22:16:47] [346/455] PVPZ
[22:16:48] [347/455] PVHC
[22:16:49] [348/455] KSTK
[22:16:50] 🔄 Identity reset
[22:16:50] 🔄 Identity rotated (every 10 requests)
[22:16:50] [349/455] PVSR
[22:16:51] [350/455] ACTN
[22:16:52] [351/455] FMCN
[22:16:53] [352/455] PABC
[22:16:54] [353/455] SUTC
[22:16:55] [354/455] PGMV
[22:16:56] [355/455] GKCP
[22:16:57] [356/455] INCH
[22:16:58] [357/455] MLMT
[22:16:59] [358/455] SSCC
[22:17:00] 🔄 Identity reset
[22:17:00] 🔄 Identity rotated (every 10 requests)
[22:17:00] [359/455] SLMP
[22:17:01] [360/455] VVTN
[22:17:02] [361/455] SBTR
[22:17:03] [362/455] PGRA
[22:17:04] [363/455] PBRM
[22:17:05] [364/455] GCRP
[22:17:06] [365/455] MCSK
[22:17:07] [366/455] NLTC
[22:17:09] [367/455] MTLM
[22:17:10] [368/455] VECT
[22:17:11] 🔄 Identity reset
[22:17:11] 🔄 Identity rotated (every 10 requests)
[22:17:11] [369/455] KMRM
[22:17:13] [370/455] RACM
[22:17:14] [371/455] WSTC
[22:17:15] [372/455] PVTJ
[22:17:16] [373/455] MMKC
[22:17:17] [374/455] SVWT
[22:17:18] [375/455] JOTG
[22:17:20] [376/455] VCDK
[22:17:21] [377/455] ANAC
[22:17:22] [378/455] GRTC
[22:17:23] 🔄 Identity reset
[22:17:23] 🔄 Identity rotated (every 10 requests)
[22:17:23] 🔄 Retry 1/5 for GRTC in 2.6s
[22:17:23] 🔄 Identity reset
[22:17:25] 🧠 New identity created
[22:17:26] [379/455] JTPL
[22:17:27] [380/455] VRCP
[22:17:28] [381/455] REMC
[22:17:28] [382/455] ATMG
[22:17:29] [383/455] GAHC
[22:17:31] [384/455] JTMV
[22:17:32] [385/455] OMTT
[22:17:33] [386/455] GKKC
[22:17:34] [387/455] BBPO
[22:17:35] 🔄 Identity reset
[22:17:35] 🔄 Identity rotated (every 10 requests)
[22:17:35] [388/455] ZCBB
[22:17:36] [389/455] DCGO
[22:17:37] [390/455] STOP
[22:17:39] [391/455] BSPC
[22:17:40] [392/455] SOND
[22:17:41] [393/455] GCKG
[22:17:42] [394/455] PCDB
[22:17:42] [395/455] PGRC
[22:17:43] [396/455] CSCT
[22:17:44] [397/455] STDA
[22:17:45] 🔄 Identity reset
[22:17:45] 🔄 Identity rotated (every 10 requests)
[22:17:45] [398/455] JAYD
[22:17:46] [399/455] PPPD
[22:17:48] [400/455] KRTT
[22:17:49] [401/455] PTDT
[22:17:51] [402/455] TRSV
[22:17:52] [403/455] VELR
[22:17:53] [404/455] STDT
[22:17:54] [405/455] SATT
[22:17:55] [406/455] KCPM
[22:17:56] [407/455] MFCP
[22:17:56] 🔄 Identity reset
[22:17:56] 🔄 Identity rotated (every 10 requests)
[22:17:56] [408/455] AXMP
[22:17:59] [409/455] LTVB
[22:18:01] [410/455] APST
[22:18:02] [411/455] DTVP
[22:18:02] [412/455] AAVB
[22:18:03] [413/455] PMBL
[22:18:04] [414/455] STKC
[22:18:05] [415/455] KKMA
[22:18:06] [416/455] NMXS
[22:18:07] [417/455] DECX
[22:18:07] 🔄 Identity reset
[22:18:07] 🔄 Identity rotated (every 10 requests)
[22:18:08] [418/455] MAPJ
[22:18:09] [419/455] SMLK
[22:18:11] [420/455] PMPU
[22:18:12] [421/455] AFST
[22:18:13] [422/455] SRSY
[22:18:14] [423/455] RMKT
[22:18:14] [424/455] RAJX
[22:18:16] [425/455] UVCD
[22:18:16] [426/455] LISA
[22:18:17] [427/455] LMSR
[22:18:18] 🔄 Identity reset
[22:18:18] 🔄 Identity rotated (every 10 requests)
[22:18:18] [428/455] PMCA
[22:18:19] [429/455] INPO
[22:18:20] [430/455] INGO
[22:18:22] [431/455] HFSQ
[22:18:23] [432/455] INMG
[22:18:25] [433/455] NYCP
[22:18:25] [434/455] HFSV
[22:18:26] [435/455] MMZP
[22:18:27] [436/455] KSES
[22:18:28] [437/455] HFSA
[22:18:29] 🔄 Identity reset
[22:18:29] 🔄 Identity rotated (every 10 requests)
[22:18:30] [438/455] ACMM
[22:18:31] [439/455] RCKD
[22:18:32] [440/455] BCKR
[22:18:33] [441/455] SFCO
[22:18:33] [442/455] JCCB
[22:18:34] [443/455] BCCR
[22:18:35] [444/455] NWCB
[22:18:36] [445/455] SAMT
[22:18:37] [446/455] TMST
[22:18:38] [447/455] SJCN
[22:18:39] 🔄 Identity reset
[22:18:39] 🔄 Identity rotated (every 10 requests)
[22:18:39] [448/455] MCBS
[22:18:41] [449/455] CMKR
[22:18:42] [450/455] INPM
[22:18:43] [451/455] WVMT
[22:18:44] [452/455] NYSM
[22:18:45] [453/455] RCMA
[22:18:47] [454/455] RECM
[22:18:48] [455/455] CYCM
[22:18:49] 🧹 Deduping shows
[22:18:49] ✅ DONE | Shows=154 | Movies=23
[07:12:56] 🚀 SCRIPT STARTED (enhanced anti‑detection)
[07:12:56] [1/455] MXGN
[07:12:57] 🧠 New identity created
[07:12:57] [2/455] PGGM
[07:12:58] [3/455] IPMJ
[07:12:58] [4/455] M2PP
[07:13:00] [5/455] PMMS
[07:13:00] [6/455] SCJN
[07:13:01] [7/455] CPUM
[07:13:02] [8/455] SCND
[07:13:02] [9/455] INWM
[07:13:03] [10/455] DVDC
[07:13:03] 🔄 Identity reset
[07:13:03] 🔄 Identity rotated (every 10 requests)
[07:13:04] [11/455] WVND
[07:13:04] [12/455] LBDL
[07:13:05] [13/455] CRGM
[07:13:06] [14/455] PVKS
[07:13:07] [15/455] PBLL
[07:13:08] [16/455] FNLN
[07:13:08] [17/455] PPDA
[07:13:09] [18/455] SCPT
[07:13:09] [19/455] IAJS
[07:13:10] [20/455] MMZG
[07:13:11] 🔄 Identity reset
[07:13:11] 🔄 Identity rotated (every 10 requests)
[07:13:11] [21/455] MCTI
[07:13:12] [22/455] PPMF
[07:13:13] [23/455] FNSD
[07:13:13] [24/455] M2RH
[07:13:14] [25/455] CPGV
[07:13:15] [26/455] PECD
[07:13:16] [27/455] CTEE
[07:13:17] [28/455] IOMG
[07:13:17] [29/455] CIJA
[07:13:18] [30/455] NYCG
[07:13:19] 🔄 Identity reset
[07:13:19] 🔄 Identity rotated (every 10 requests)
[07:13:19] [31/455] CEST
[07:13:19] [32/455] WVRG
[07:13:20] [33/455] DPDC
[07:13:21] [34/455] PDIV
[07:13:22] [35/455] MTPP
[07:13:22] [36/455] MHNU
[07:13:23] [37/455] WUPG
[07:13:24] [38/455] USCO
[07:13:24] [39/455] INFR
[07:13:25] [40/455] PVPD
[07:13:26] 🔄 Identity reset
[07:13:26] 🔄 Identity rotated (every 10 requests)
[07:13:26] [41/455] RONC
[07:13:27] [42/455] IOCP
[07:13:28] [43/455] EMPS
[07:13:29] [44/455] PNAD
[07:13:29] [45/455] VVGZ
[07:13:30] [46/455] MDDC
[07:13:31] [47/455] MMAP
[07:13:31] [48/455] GPDC
[07:13:32] [49/455] PVPU
[07:13:33] [50/455] DCMV
[07:13:33] 🔄 Identity reset
[07:13:33] 🔄 Identity rotated (every 10 requests)
[07:13:33] [51/455] PCCF
[07:13:34] [52/455] MCEF
[07:13:35] [53/455] INRD
[07:13:36] [54/455] CCPZ
[07:13:36] [55/455] BCWG
[07:13:37] [56/455] PMGU
[07:13:37] [57/455] MCVM
[07:13:38] [58/455] MCDE
[07:13:39] [59/455] IEFM
[07:13:40] [60/455] MXCS
[07:13:40] 🔄 Identity reset
[07:13:40] 🔄 Identity rotated (every 10 requests)
[07:13:40] [61/455] RNMT
[07:13:41] [62/455] PSDD
[07:13:42] [63/455] PETA
[07:13:42] [64/455] IZOP
[07:13:43] [65/455] PDEI
[07:13:44] [66/455] MTND
[07:13:44] [67/455] PCPL
[07:13:45] [68/455] LSCM
[07:13:46] [69/455] BTFD
[07:13:46] [70/455] MERM
[07:13:47] 🔄 Identity reset
[07:13:47] 🔄 Identity rotated (every 10 requests)
[07:13:47] 🔄 Retry 1/5 for MERM in 2.2s
[07:13:47] 🔄 Identity reset
[07:13:49] 🧠 New identity created
[07:13:49] 🔄 Retry 2/5 for MERM in 4.9s
[07:13:49] 🔄 Identity reset
[07:13:54] 🧠 New identity created
[07:13:54] 🔄 Retry 3/5 for MERM in 8.6s
[07:13:54] 🔄 Identity reset
[07:14:03] 🧠 New identity created
[07:14:03] [71/455] PVMS
[07:14:04] [72/455] CIGK
[07:14:04] [73/455] INSG
[07:14:05] [74/455] IDEN
[07:14:05] [75/455] MCGN
[07:14:06] [76/455] IGAM
[07:14:07] [77/455] SLCU
[07:14:08] 🔄 Identity reset
[07:14:08] 🔄 Identity rotated (every 10 requests)
[07:14:08] [78/455] MIMU
[07:14:08] [79/455] QLAC
[07:14:09] [80/455] MENL
[07:14:10] [81/455] SCUR
[07:14:11] [82/455] MDGD
[07:14:12] [83/455] LSRS
[07:14:12] [84/455] KMLG
[07:14:13] [85/455] MKLJ
[07:14:14] [86/455] IBYG
[07:14:15] [87/455] ISML
[07:14:16] 🔄 Identity reset
[07:14:16] 🔄 Identity rotated (every 10 requests)
[07:14:16] [88/455] MJMM
[07:14:17] [89/455] RCGD
[07:14:17] [90/455] MMOC
[07:14:18] [91/455] RRCO
[07:14:19] [92/455] MEDM
[07:14:19] [93/455] MCAZ
[07:14:20] [94/455] STWA
[07:14:21] [95/455] PFFG
[07:14:22] [96/455] GAGC
[07:14:22] [97/455] PMPM
[07:14:23] 🔄 Identity reset
[07:14:23] 🔄 Identity rotated (every 10 requests)
[07:14:23] [98/455] HVCD
[07:14:24] [99/455] AKRF
[07:14:25] [100/455] AKRC
[07:14:26] [101/455] MIDA
[07:14:26] [102/455] MAGX
[07:14:27] [103/455] ESOS
[07:14:28] [104/455] BBCL
[07:14:29] [105/455] LYAS
[07:14:29] [106/455] NRMS
[07:14:30] [107/455] BHUC
[07:14:31] 🔄 Identity reset
[07:14:31] 🔄 Identity rotated (every 10 requests)
[07:14:31] 🔄 Retry 1/5 for BHUC in 2.5s
[07:14:31] 🔄 Identity reset
[07:14:34] 🧠 New identity created
[07:14:34] [108/455] SRIC
[07:14:34] [109/455] PDME
[07:14:35] [110/455] MJCS
[07:14:36] [111/455] NRAA
[07:14:37] [112/455] VATA
[07:14:38] [113/455] MNKC
[07:14:39] [114/455] DHCL
[07:14:40] [115/455] JCPC
[07:14:41] [116/455] CTML
[07:14:41] 🔄 Identity reset
[07:14:41] 🔄 Identity rotated (every 10 requests)
[07:14:42] [117/455] RMMR
[07:14:42] [118/455] STTL
[07:14:43] [119/455] CNPS
[07:14:44] [120/455] ACKL
[07:14:45] [121/455] SCAU
[07:14:45] [122/455] RMIA
[07:14:46] [123/455] MANU
[07:14:47] [124/455] ARDC
[07:14:48] [125/455] GLDA
[07:14:49] [126/455] KVSW
[07:14:49] 🔄 Identity reset
[07:14:49] 🔄 Identity rotated (every 10 requests)
[07:14:50] [127/455] CGCA
[07:14:50] [128/455] CMLO
[07:14:51] [129/455] CECB
[07:14:52] [130/455] RCPN
[07:14:52] [131/455] ASMW
[07:14:53] [132/455] PWLM
[07:14:54] [133/455] ASGM
[07:14:55] [134/455] ACWH
[07:14:55] [135/455] AAPW
[07:14:56] [136/455] RTWA
[07:14:57] 🔄 Identity reset
[07:14:57] 🔄 Identity rotated (every 10 requests)
[07:14:57] [137/455] RAMW
[07:14:58] [138/455] VKTR
[07:14:59] [139/455] SMBH
[07:15:00] [140/455] BVDR
[07:15:01] [141/455] MRTP
[07:15:01] [142/455] BLBR
[07:15:02] [143/455] LPIN
[07:15:03] [144/455] SNPC
[07:15:04] [145/455] PDCB
[07:15:04] [146/455] DYPK
[07:15:05] 🔄 Identity reset
[07:15:05] 🔄 Identity rotated (every 10 requests)
[07:15:05] [147/455] INMK
[07:15:06] [148/455] PDCK
[07:15:07] [149/455] PCKR
[07:15:07] [150/455] SHUA
[07:15:08] [151/455] SCVK
[07:15:10] [152/455] STPA
[07:15:10] [153/455] WVHD
[07:15:11] [154/455] MRCH
[07:15:12] [155/455] MCNP
[07:15:13] [156/455] RCAG
[07:15:13] 🔄 Identity reset
[07:15:13] 🔄 Identity rotated (every 10 requests)
[07:15:13] [157/455] JTSN
[07:15:15] [158/455] AANS
[07:15:16] [159/455] GDDR
[07:15:16] [160/455] SRER
[07:15:17] [161/455] JKMA
[07:15:18] [162/455] ARAN
[07:15:19] [163/455] ALCT
[07:15:20] [164/455] CCTA
[07:15:21] [165/455] CNCT
[07:15:22] [166/455] NZBL
[07:15:22] 🔄 Identity reset
[07:15:22] 🔄 Identity rotated (every 10 requests)
[07:15:22] [167/455] SRRA
[07:15:23] [168/455] SVPW
[07:15:24] [169/455] SRTW
[07:15:24] [170/455] XMTD
[07:15:25] [171/455] SCCZ
[07:15:26] [172/455] PBCR
[07:15:27] [173/455] RTSC
[07:15:28] [174/455] TLSV
[07:15:29] [175/455] RMTK
[07:15:30] [176/455] SRAT
[07:15:31] 🔄 Identity reset
[07:15:31] 🔄 Identity rotated (every 10 requests)
[07:15:31] [177/455] GCYC
[07:15:32] [178/455] HCAJ
[07:15:33] [179/455] LCXA
[07:15:34] [180/455] BINT
[07:15:34] [181/455] IXIM
[07:15:35] [182/455] MBCR
[07:15:36] [183/455] BMCJ
[07:15:37] [184/455] NICJ
[07:15:38] [185/455] SCAJ
[07:15:39] [186/455] CMXS
[07:15:39] 🔄 Identity reset
[07:15:39] 🔄 Identity rotated (every 10 requests)
[07:15:39] [187/455] MMSR
[07:15:41] [188/455] PRKT
[07:15:42] [189/455] LPTH
[07:15:42] [190/455] SARP
[07:15:43] [191/455] MNPP
[07:15:44] [192/455] PRLR
[07:15:45] [193/455] RCMW
[07:15:45] [194/455] FCMG
[07:15:46] [195/455] RTNK
[07:15:47] [196/455] LRCP
[07:15:47] 🔄 Identity reset
[07:15:47] 🔄 Identity rotated (every 10 requests)
[07:15:47] [197/455] DBJR
[07:15:48] [198/455] CACN
[07:15:49] [199/455] AMRL
[07:15:50] [200/455] SBBC
[07:15:52] [201/455] VENN
[07:15:52] [202/455] STSS
[07:15:53] [203/455] SMRB
[07:15:55] [204/455] CCMX
[07:15:56] [205/455] KCMR
[07:15:56] [206/455] SALH
[07:15:57] 🔄 Identity reset
[07:15:57] 🔄 Identity rotated (every 10 requests)
[07:15:57] [207/455] CGTT
[07:15:58] [208/455] PMDR
[07:15:59] [209/455] VCPM
[07:16:00] [210/455] RZMX
[07:16:00] [211/455] TMSY
[07:16:01] [212/455] NTMS
[07:16:02] [213/455] VTAG
[07:16:03] [214/455] REMA
[07:16:04] [215/455] NXCC
[07:16:05] [216/455] SKYM
[07:16:05] 🔄 Identity reset
[07:16:05] 🔄 Identity rotated (every 10 requests)
[07:16:06] [217/455] CCMO
[07:16:07] [218/455] DMXM
[07:16:08] [219/455] SPPM
[07:16:09] [220/455] PTKL
[07:16:10] [221/455] SLVO
[07:16:11] [222/455] VASL
[07:16:12] [223/455] CBCM
[07:16:13] [224/455] STMA
[07:16:14] [225/455] LASK
[07:16:15] [226/455] VITE
[07:16:15] 🔄 Identity reset
[07:16:15] 🔄 Identity rotated (every 10 requests)
[07:16:15] 🔄 Retry 1/5 for VITE in 2.7s
[07:16:15] 🔄 Identity reset
[07:16:18] 🧠 New identity created
[07:16:18] [227/455] AAST
[07:16:19] [228/455] JTPT
[07:16:20] [229/455] RRSH
[07:16:21] [230/455] CINL
[07:16:22] [231/455] MCSR
[07:16:23] [232/455] SBCF
[07:16:23] [233/455] GCDU
[07:16:24] [234/455] PSPR
[07:16:25] [235/455] IMMO
[07:16:25] 🔄 Identity reset
[07:16:25] 🔄 Identity rotated (every 10 requests)
[07:16:25] 🔄 Retry 1/5 for IMMO in 2.4s
[07:16:25] 🔄 Identity reset
[07:16:28] 🧠 New identity created
[07:16:28] 🔄 Retry 2/5 for IMMO in 4.9s
[07:16:28] 🔄 Identity reset
[07:16:33] 🧠 New identity created
[07:16:33] [236/455] CLGM
[07:16:34] [237/455] PBMM
[07:16:35] [238/455] CEHR
[07:16:35] [239/455] CPOE
[07:16:36] [240/455] PGFD
[07:16:37] [241/455] PSLC
[07:16:38] [242/455] MSMD
[07:16:39] [243/455] FMFB
[07:16:39] 🔄 Identity reset
[07:16:39] 🔄 Identity rotated (every 10 requests)
[07:16:39] 🔄 Retry 1/5 for FMFB in 3.0s
[07:16:39] 🔄 Identity reset
[07:16:42] 🧠 New identity created
[07:16:42] [244/455] RKCL
[07:16:43] [245/455] PMMC
[07:16:44] [246/455] SKMM
[07:16:45] [247/455] VOIB
[07:16:45] [248/455] KINO
[07:16:46] [249/455] VCTP
[07:16:47] [250/455] PDWR
[07:16:47] [251/455] SAED
[07:16:48] [252/455] SRRT
[07:16:49] 🔄 Identity reset
[07:16:49] 🔄 Identity rotated (every 10 requests)
[07:16:49] [253/455] CVLG
[07:16:50] [254/455] SNGN
[07:16:51] [255/455] SIDA
[07:16:52] [256/455] IMCB
[07:16:52] [257/455] SMHP
[07:16:53] [258/455] GDTY
[07:16:54] [259/455] VYCH
[07:16:55] [260/455] PDYA
[07:16:55] [261/455] RKDO
[07:16:56] [262/455] VECG
[07:16:57] 🔄 Identity reset
[07:16:57] 🔄 Identity rotated (every 10 requests)
[07:16:57] [263/455] NFGD
[07:16:58] [264/455] SNDC
[07:16:58] [265/455] SDJH
[07:16:59] [266/455] HASV
[07:17:00] [267/455] PTYK
[07:17:01] [268/455] MUTB
[07:17:01] [269/455] AMRT
[07:17:02] [270/455] VACD
[07:17:03] [271/455] SKDD
[07:17:04] [272/455] STGR
[07:17:04] 🔄 Identity reset
[07:17:04] 🔄 Identity rotated (every 10 requests)
[07:17:04] [273/455] GDAK
[07:17:05] [274/455] SKHK
[07:17:06] [275/455] SLND
[07:17:07] [276/455] APAP
[07:17:07] [277/455] AYYA
[07:17:08] [278/455] VCCZ
[07:17:09] [279/455] MEML
[07:17:10] [280/455] MAOU
[07:17:11] [281/455] ESND
[07:17:12] [282/455] PTBZ
[07:17:12] 🔄 Identity reset
[07:17:12] 🔄 Identity rotated (every 10 requests)
[07:17:12] 🔄 Retry 1/5 for PTBZ in 2.9s
[07:17:12] 🔄 Identity reset
[07:17:15] 🧠 New identity created
[07:17:15] [283/455] LBCN
[07:17:16] [284/455] PAWA
[07:17:17] [285/455] ZEIC
[07:17:17] [286/455] CGMM
[07:17:18] [287/455] PJPM
[07:17:19] [288/455] ECMR
[07:17:20] [289/455] SHMZ
[07:17:21] [290/455] STCA
[07:17:22] [291/455] VDRC
[07:17:22] 🔄 Identity reset
[07:17:22] 🔄 Identity rotated (every 10 requests)
[07:17:22] 🔄 Retry 1/5 for VDRC in 2.5s
[07:17:22] 🔄 Identity reset
[07:17:25] 🧠 New identity created
[07:17:25] 🔄 Retry 2/5 for VDRC in 4.8s
[07:17:25] 🔄 Identity reset
[07:17:29] 🧠 New identity created
[07:17:30] 🔄 Retry 3/5 for VDRC in 8.7s
[07:17:30] 🔄 Identity reset
[07:17:38] 🧠 New identity created
[07:17:38] [292/455] SEEM
[07:17:40] [293/455] MKNS
[07:17:41] [294/455] KPPP
[07:17:41] [295/455] CCML
[07:17:42] [296/455] CIBA
[07:17:43] [297/455] NACS
[07:17:44] [298/455] CTMK
[07:17:44] 🔄 Identity reset
[07:17:44] 🔄 Identity rotated (every 10 requests)
[07:17:44] [299/455] CTCT
[07:17:45] [300/455] MCSN
[07:17:46] [301/455] MAXX
[07:17:47] [302/455] MECB
[07:17:48] [303/455] NTBY
[07:17:49] [304/455] UTBI
[07:17:49] [305/455] RADK
[07:17:50] [306/455] STBY
[07:17:51] [307/455] GTBY
[07:17:52] [308/455] RRMB
[07:17:53] 🔄 Identity reset
[07:17:53] 🔄 Identity rotated (every 10 requests)
[07:17:53] 🔄 Retry 1/5 for RRMB in 2.7s
[07:17:53] 🔄 Identity reset
[07:17:55] 🧠 New identity created
[07:17:56] [309/455] ABRN
[07:17:56] [310/455] GTSG
[07:17:57] [311/455] GBTG
[07:17:57] [312/455] SBGS
[07:17:59] [313/455] KBPM
[07:18:00] [314/455] SMHT
[07:18:01] [315/455] VTDM
[07:18:01] [316/455] ASCT
[07:18:02] [317/455] AWCT
[07:18:03] 🔄 Identity reset
[07:18:03] 🔄 Identity rotated (every 10 requests)
[07:18:03] [318/455] DCCU
[07:18:04] [319/455] PSCE
[07:18:04] [320/455] KSNY
[07:18:05] [321/455] ACID
[07:18:06] [322/455] LVCD
[07:18:07] [323/455] KSSB
[07:18:08] [324/455] SWTD
[07:18:09] [325/455] RBMR
[07:18:09] [326/455] SCBC
[07:18:10] [327/455] RKME
[07:18:11] 🔄 Identity reset
[07:18:11] 🔄 Identity rotated (every 10 requests)
[07:18:11] [328/455] GALX
[07:18:12] [329/455] GCCH
[07:18:13] [330/455] RATR
[07:18:14] [331/455] GTGA
[07:18:15] [332/455] LTTR
[07:18:16] [333/455] TTAA
[07:18:17] [334/455] TVHP
[07:18:17] [335/455] KVCS
[07:18:18] [336/455] CBMC
[07:18:18] [337/455] MAYJ
[07:18:19] 🔄 Identity reset
[07:18:19] 🔄 Identity rotated (every 10 requests)
[07:18:19] [338/455] INPR
[07:18:20] [339/455] RSSC
[07:18:21] [340/455] PCAN
[07:18:22] [341/455] PVHR
[07:18:22] [342/455] AGSM
[07:18:23] [343/455] PVES
[07:18:24] [344/455] INTO
[07:18:25] [345/455] ACON
[07:18:26] [346/455] PVPZ
[07:18:27] [347/455] PVHC
[07:18:27] 🔄 Identity reset
[07:18:27] 🔄 Identity rotated (every 10 requests)
[07:18:28] [348/455] KSTK
[07:18:28] [349/455] PVSR
[07:18:29] [350/455] ACTN
[07:18:30] [351/455] FMCN
[07:18:31] [352/455] PABC
[07:18:31] [353/455] SUTC
[07:18:32] [354/455] PGMV
[07:18:33] [355/455] GKCP
[07:18:34] [356/455] INCH
[07:18:35] [357/455] MLMT
[07:18:36] 🔄 Identity reset
[07:18:36] 🔄 Identity rotated (every 10 requests)
[07:18:36] [358/455] SSCC
[07:18:37] [359/455] SLMP
[07:18:38] [360/455] VVTN
[07:18:38] [361/455] SBTR
[07:18:39] [362/455] PGRA
[07:18:39] [363/455] PBRM
[07:18:40] [364/455] GCRP
[07:18:41] [365/455] MCSK
[07:18:42] [366/455] NLTC
[07:18:43] [367/455] MTLM
[07:18:43] 🔄 Identity reset
[07:18:44] 🔄 Identity rotated (every 10 requests)
[07:18:44] 🔄 Retry 1/5 for MTLM in 2.8s
[07:18:44] 🔄 Identity reset
[07:18:46] 🧠 New identity created
[07:18:47] [368/455] VECT
[07:18:48] [369/455] KMRM
[07:18:48] [370/455] RACM
[07:18:49] [371/455] WSTC
[07:18:50] [372/455] PVTJ
[07:18:51] [373/455] MMKC
[07:18:51] [374/455] SVWT
[07:18:52] [375/455] JOTG
[07:18:53] [376/455] VCDK
[07:18:53] 🔄 Identity reset
[07:18:53] 🔄 Identity rotated (every 10 requests)
[07:18:54] [377/455] ANAC
[07:18:55] [378/455] GRTC
[07:18:55] [379/455] JTPL
[07:18:56] [380/455] VRCP
[07:18:57] [381/455] REMC
[07:18:57] [382/455] ATMG
[07:18:58] [383/455] GAHC
[07:18:59] [384/455] JTMV
[07:19:00] [385/455] OMTT
[07:19:01] [386/455] GKKC
[07:19:01] 🔄 Identity reset
[07:19:01] 🔄 Identity rotated (every 10 requests)
[07:19:02] [387/455] BBPO
[07:19:02] [388/455] ZCBB
[07:19:03] [389/455] DCGO
[07:19:04] [390/455] STOP
[07:19:05] [391/455] BSPC
[07:19:06] [392/455] SOND
[07:19:08] [393/455] GCKG
[07:19:09] [394/455] PCDB
[07:19:10] [395/455] PGRC
[07:19:10] [396/455] CSCT
[07:19:11] 🔄 Identity reset
[07:19:11] 🔄 Identity rotated (every 10 requests)
[07:19:11] [397/455] STDA
[07:19:12] [398/455] JAYD
[07:19:12] [399/455] PPPD
[07:19:13] [400/455] KRTT
[07:19:14] [401/455] PTDT
[07:19:16] [402/455] TRSV
[07:19:16] [403/455] VELR
[07:19:17] [404/455] STDT
[07:19:18] [405/455] SATT
[07:19:19] [406/455] KCPM
[07:19:20] 🔄 Identity reset
[07:19:20] 🔄 Identity rotated (every 10 requests)
[07:19:20] [407/455] MFCP
[07:19:21] [408/455] AXMP
[07:19:22] [409/455] LTVB
[07:19:23] [410/455] APST
[07:19:23] [411/455] DTVP
[07:19:24] [412/455] AAVB
[07:19:25] [413/455] PMBL
[07:19:25] [414/455] STKC
[07:19:26] [415/455] KKMA
[07:19:27] [416/455] NMXS
[07:19:28] 🔄 Identity reset
[07:19:28] 🔄 Identity rotated (every 10 requests)
[07:19:28] [417/455] DECX
[07:19:29] [418/455] MAPJ
[07:19:30] [419/455] SMLK
[07:19:30] [420/455] PMPU
[07:19:31] [421/455] AFST
[07:19:32] [422/455] SRSY
[07:19:33] [423/455] RMKT
[07:19:33] [424/455] RAJX
[07:19:34] [425/455] UVCD
[07:19:35] [426/455] LISA
[07:19:35] 🔄 Identity reset
[07:19:36] 🔄 Identity rotated (every 10 requests)
[07:19:36] [427/455] LMSR
[07:19:37] [428/455] PMCA
[07:19:37] [429/455] INPO
[07:19:38] [430/455] INGO
[07:19:39] [431/455] HFSQ
[07:19:40] [432/455] INMG
[07:19:41] [433/455] NYCP
[07:19:41] [434/455] HFSV
[07:19:42] [435/455] MMZP
[07:19:43] [436/455] KSES
[07:19:43] 🔄 Identity reset
[07:19:43] 🔄 Identity rotated (every 10 requests)
[07:19:43] [437/455] HFSA
[07:19:44] [438/455] ACMM
[07:19:45] [439/455] RCKD
[07:19:46] [440/455] BCKR
[07:19:47] [441/455] SFCO
[07:19:47] [442/455] JCCB
[07:19:48] [443/455] BCCR
[07:19:49] [444/455] NWCB
[07:19:49] [445/455] SAMT
[07:19:50] [446/455] TMST
[07:19:50] 🔄 Identity reset
[07:19:50] 🔄 Identity rotated (every 10 requests)
[07:19:50] [447/455] SJCN
[07:19:51] [448/455] MCBS
[07:19:53] [449/455] CMKR
[07:19:54] [450/455] INPM
[07:19:55] [451/455] WVMT
[07:19:56] [452/455] NYSM
[07:19:57] [453/455] RCMA
[07:19:58] [454/455] RECM
[07:19:59] [455/455] CYCM
[07:19:59] 🧹 Deduping shows
[07:19:59] ✅ DONE | Shows=254 | Movies=25
