[10:21:53] 🚀 SCRIPT STARTED (enhanced anti‑detection)
[10:21:53] [1/459] MCCZ
[10:21:54] 🧠 New identity created
[10:21:55] [2/459] FRPU
[10:21:55] [3/459] SKSI
[10:21:56] [4/459] SSCK
[10:21:57] [5/459] SRDC
[10:21:58] [6/459] RSCZ
[10:21:59] [7/459] PRVT
[10:22:00] [8/459] GAGJ
[10:22:01] [9/459] SMHG
[10:22:02] [10/459] JTST
[10:22:02] 🔄 Identity reset
[10:22:02] 🔄 Identity rotated (every 10 requests)
[10:22:03] 🔄 Retry 1/5 for JTST in 2.5s
[10:22:03] 🔄 Identity reset
[10:22:05] 🧠 New identity created
[10:22:05] [11/459] MYTH
[10:22:06] [12/459] JPCC
[10:22:07] [13/459] ACDC
[10:22:08] [14/459] SVFP
[10:22:09] [15/459] SFCM
[10:22:10] [16/459] RUPK
[10:22:11] [17/459] NTCR
[10:22:12] [18/459] RTCH
[10:22:13] [19/459] SCMH
[10:22:13] 🔄 Identity reset
[10:22:14] 🔄 Identity rotated (every 10 requests)
[10:22:14] 🔄 Retry 1/5 for SCMH in 2.3s
[10:22:14] 🔄 Identity reset
[10:22:16] 🧠 New identity created
[10:22:16] 🔄 Retry 2/5 for SCMH in 4.7s
[10:22:16] 🔄 Identity reset
[10:22:21] 🧠 New identity created
[10:22:21] 🔄 Retry 3/5 for SCMH in 8.7s
[10:22:21] 🔄 Identity reset
[10:22:29] 🧠 New identity created
[10:22:30] [20/459] SVYM
[10:22:31] [21/459] SPYM
[10:22:32] [22/459] SMMF
[10:22:33] [23/459] CLLB
[10:22:34] [24/459] FMCB
[10:22:35] [25/459] BBTC
[10:22:35] [26/459] NTHS
[10:22:36] 🔄 Identity reset
[10:22:36] 🔄 Identity rotated (every 10 requests)
[10:22:36] 🔄 Retry 1/5 for NTHS in 2.6s
[10:22:36] 🔄 Identity reset
[10:22:39] 🧠 New identity created
[10:22:39] [27/459] PKKJ
[10:22:40] [28/459] MTJA
[10:22:41] [29/459] PMSJ
[10:22:42] [30/459] JMJU
[10:22:43] [31/459] SRAD
[10:22:44] [32/459] MJMC
[10:22:45] [33/459] DFRM
[10:22:46] [34/459] PMRS
[10:22:47] [35/459] RKPP
[10:22:48] 🔄 Identity reset
[10:22:48] 🔄 Identity rotated (every 10 requests)
[10:22:48] 🔄 Retry 1/5 for RKPP in 2.8s
[10:22:48] 🔄 Identity reset
[10:22:51] 🧠 New identity created
[10:22:51] 🔄 Retry 2/5 for RKPP in 4.8s
[10:22:51] 🔄 Identity reset
[10:22:55] 🧠 New identity created
[10:22:56] 🔄 Retry 3/5 for RKPP in 8.2s
[10:22:56] 🔄 Identity reset
[10:23:04] 🧠 New identity created
[10:23:04] [36/459] BMBK
[10:23:05] [37/459] NEWS
[10:23:06] [38/459] SALB
[10:23:07] [39/459] SCPW
[10:23:08] [40/459] RAYL
[10:23:08] [41/459] CMGJ
[10:23:10] [42/459] JRCR
[10:23:11] 🔄 Identity reset
[10:23:11] 🔄 Identity rotated (every 10 requests)
[10:23:11] 🔄 Retry 1/5 for JRCR in 2.4s
[10:23:11] 🔄 Identity reset
[10:23:13] 🧠 New identity created
[10:23:13] [43/459] SRTB
[10:23:14] [44/459] ETPB
[10:23:15] [45/459] MXBN
[10:23:16] [46/459] TOPE
[10:23:17] [47/459] SNLJ
[10:23:18] [48/459] CDDP
[10:23:19] [49/459] APCX
[10:23:20] [50/459] TALP
[10:23:21] [51/459] RRMP
[10:23:21] 🔄 Identity reset
[10:23:21] 🔄 Identity rotated (every 10 requests)
[10:23:21] 🔄 Retry 1/5 for RRMP in 2.3s
[10:23:21] 🔄 Identity reset
[10:23:24] 🧠 New identity created
[10:23:24] 🔄 Retry 2/5 for RRMP in 4.6s
[10:23:24] 🔄 Identity reset
[10:23:28] 🧠 New identity created
[10:23:28] 🔄 Retry 3/5 for RRMP in 8.4s
[10:23:28] 🔄 Identity reset
[10:23:37] 🧠 New identity created
[10:23:37] [52/459] MAHB
[10:23:38] [53/459] MTKR
[10:23:39] [54/459] KSKL
[10:23:40] [55/459] RJLT
[10:23:41] [56/459] ATAS
[10:23:42] [57/459] AMHR
[10:23:43] [58/459] RSRM
[10:23:44] 🔄 Identity reset
[10:23:44] 🔄 Identity rotated (every 10 requests)
[10:23:44] 🔄 Retry 1/5 for RSRM in 2.0s
[10:23:44] 🔄 Identity reset
[10:23:46] 🧠 New identity created
[10:23:46] 🔄 Retry 2/5 for RSRM in 4.8s
[10:23:46] 🔄 Identity reset
[10:23:51] 🧠 New identity created
[10:23:51] 🔄 Retry 3/5 for RSRM in 9.0s
[10:23:51] 🔄 Identity reset
[10:24:00] 🧠 New identity created
[10:24:00] [59/459] GCAT
[10:24:01] [60/459] SMML
[10:24:02] [61/459] ACCD
[10:24:03] [62/459] VYDA
[10:24:04] [63/459] MSKT
[10:24:05] [64/459] AVDM
[10:24:06] [65/459] ASMH
[10:24:06] 🔄 Identity reset
[10:24:06] 🔄 Identity rotated (every 10 requests)
[10:24:06] 🔄 Retry 1/5 for ASMH in 2.7s
[10:24:06] 🔄 Identity reset
[10:24:09] 🧠 New identity created
[10:24:09] [66/459] VTMB
[10:24:10] [67/459] WVMB
[10:24:11] [68/459] PPMN
[10:24:12] [69/459] MTMD
[10:24:13] [70/459] SMMO
[10:24:14] [71/459] DLPB
[10:24:16] [72/459] AKMD
[10:24:17] [73/459] SHRR
[10:24:18] [74/459] ASCO
[10:24:19] 🔄 Identity reset
[10:24:19] 🔄 Identity rotated (every 10 requests)
[10:24:19] [75/459] CZVX
[10:24:20] [76/459] GCBB
[10:24:21] [77/459] ATBM
[10:24:22] [78/459] TCGM
[10:24:23] [79/459] UMSE
[10:24:24] [80/459] NKCL
[10:24:25] [81/459] BTLR
[10:24:26] [82/459] GOCL
[10:24:27] [83/459] MIRN
[10:24:28] [84/459] THEC
[10:24:28] 🔄 Identity reset
[10:24:28] 🔄 Identity rotated (every 10 requests)
[10:24:29] [85/459] SPPB
[10:24:30] [86/459] PMMM
[10:24:31] [87/459] GGMC
[10:24:31] [88/459] AVSR
[10:24:32] [89/459] RDMH
[10:24:33] [90/459] JSRS
[10:24:34] [91/459] VKGP
[10:24:35] [92/459] ACRT
[10:24:36] [93/459] GCBA
[10:24:37] [94/459] GTCP
[10:24:37] 🔄 Identity reset
[10:24:37] 🔄 Identity rotated (every 10 requests)
[10:24:37] 🔄 Retry 1/5 for GTCP in 2.2s
[10:24:37] 🔄 Identity reset
[10:24:39] 🧠 New identity created
[10:24:39] 🔄 Retry 2/5 for GTCP in 4.3s
[10:24:39] 🔄 Identity reset
[10:24:44] 🧠 New identity created
[10:24:44] [95/459] AKFC
[10:24:45] [96/459] INCS
[10:24:46] [97/459] SMCK
[10:24:47] [98/459] BRUN
[10:24:48] [99/459] RPPC
[10:24:49] [100/459] PAYD
[10:24:50] [101/459] SVVT
[10:24:51] [102/459] RNCC
[10:24:52] 🔄 Identity reset
[10:24:52] 🔄 Identity rotated (every 10 requests)
[10:24:52] 🔄 Retry 1/5 for RNCC in 2.9s
[10:24:52] 🔄 Identity reset
[10:24:54] 🧠 New identity created
[10:24:55] [103/459] PCRC
[10:24:56] [104/459] PMRM
[10:24:56] [105/459] CCRP
[10:24:57] [106/459] INCR
[10:24:58] [107/459] ZTMP
[10:24:59] [108/459] MCNR
[10:25:00] [109/459] INRP
[10:25:02] [110/459] STRC
[10:25:03] [111/459] RATI
[10:25:03] 🔄 Identity reset
[10:25:03] 🔄 Identity rotated (every 10 requests)
[10:25:04] [112/459] PBTR
[10:25:04] [113/459] CMHP
[10:25:05] [114/459] ZECJ
[10:25:06] [115/459] CCCB
[10:25:07] [116/459] BWCB
[10:25:08] [117/459] CCAT
[10:25:09] [118/459] KGCM
[10:25:10] [119/459] INPT
[10:25:11] [120/459] FNCO
[10:25:11] [121/459] SRMJ
[10:25:12] 🔄 Identity reset
[10:25:12] 🔄 Identity rotated (every 10 requests)
[10:25:12] [122/459] PFSC
[10:25:13] [123/459] PBMC
[10:25:14] [124/459] KARP
[10:25:15] [125/459] KOVI
[10:25:17] [126/459] ACXL
[10:25:17] [127/459] GKCC
[10:25:18] [128/459] ASCC
[10:25:19] [129/459] SETC
[10:25:20] [130/459] KACC
[10:25:21] [131/459] KAVE
[10:25:21] 🔄 Identity reset
[10:25:21] 🔄 Identity rotated (every 10 requests)
[10:25:21] 🔄 Retry 1/5 for KAVE in 2.2s
[10:25:21] 🔄 Identity reset
[10:25:24] 🧠 New identity created
[10:25:24] 🔄 Retry 2/5 for KAVE in 4.5s
[10:25:24] 🔄 Identity reset
[10:25:28] 🧠 New identity created
[10:25:29] [132/459] CNTC
[10:25:30] [133/459] MEEN
[10:25:30] [134/459] BMRV
[10:25:31] [135/459] SVAM
[10:25:32] [136/459] VTBP
[10:25:33] [137/459] VCKN
[10:25:34] [138/459] SGTK
[10:25:36] [139/459] RCGS
[10:25:37] 🔄 Identity reset
[10:25:37] 🔄 Identity rotated (every 10 requests)
[10:25:37] 🔄 Retry 1/5 for RCGS in 2.8s
[10:25:37] 🔄 Identity reset
[10:25:39] 🧠 New identity created
[10:25:39] 🔄 Retry 2/5 for RCGS in 5.0s
[10:25:39] 🔄 Identity reset
[10:25:44] 🧠 New identity created
[10:25:45] [140/459] RCCB
[10:25:46] [141/459] RKSR
[10:25:47] [142/459] RKCU
[10:25:47] [143/459] GIBH
[10:25:48] [144/459] CXBS
[10:25:49] [145/459] GGCB
[10:25:50] [146/459] SCPB
[10:25:52] [147/459] AKTB
[10:25:53] 🔄 Identity reset
[10:25:53] 🔄 Identity rotated (every 10 requests)
[10:25:53] [148/459] SRBU
[10:25:54] [149/459] CSSA
[10:25:54] [150/459] MYAN
[10:25:55] [151/459] EXCA
[10:25:56] [152/459] CKSA
[10:25:57] [153/459] JTNM
[10:25:58] [154/459] CXKT
[10:25:59] [155/459] NCLM
[10:26:00] [156/459] JAAD
[10:26:01] [157/459] RDCR
[10:26:01] 🔄 Identity reset
[10:26:01] 🔄 Identity rotated (every 10 requests)
[10:26:01] 🔄 Retry 1/5 for RDCR in 2.1s
[10:26:01] 🔄 Identity reset
[10:26:03] 🧠 New identity created
[10:26:04] [158/459] MEER
[10:26:05] [159/459] SIBT
[10:26:05] [160/459] PVVB
[10:26:06] [161/459] FNPN
[10:26:08] [162/459] CRPX
[10:26:09] [163/459] STET
[10:26:10] [164/459] METE
[10:26:11] [165/459] BJML
[10:26:12] [166/459] MAVT
[10:26:12] 🔄 Identity reset
[10:26:12] 🔄 Identity rotated (every 10 requests)
[10:26:12] 🔄 Retry 1/5 for MAVT in 2.1s
[10:26:12] 🔄 Identity reset
[10:26:14] 🧠 New identity created
[10:26:14] 🔄 Retry 2/5 for MAVT in 4.2s
[10:26:14] 🔄 Identity reset
[10:26:19] 🧠 New identity created
[10:26:19] 🔄 Retry 3/5 for MAVT in 8.6s
[10:26:19] 🔄 Identity reset
[10:26:27] 🧠 New identity created
[10:26:27] 🔄 Retry 4/5 for MAVT in 16.9s
[10:26:27] 🔄 Identity reset
[10:26:44] 🧠 New identity created
[10:26:44] [167/459] MSRM
[10:26:45] [168/459] TJMP
[10:26:46] [169/459] MHCK
[10:26:47] [170/459] SVGP
[10:26:48] [171/459] KRRC
[10:26:49] [172/459] IMCH
[10:26:49] 🔄 Identity reset
[10:26:50] 🔄 Identity rotated (every 10 requests)
[10:26:50] [173/459] CMCS
[10:26:51] [174/459] SGND
[10:26:52] [175/459] RNAT
[10:26:53] [176/459] PRTN
[10:26:54] [177/459] MPTN
[10:26:55] [178/459] ARCC
[10:26:55] [179/459] NTTE
[10:26:56] [180/459] ABND
[10:26:57] [181/459] KCSN
[10:26:58] [182/459] KCSA
[10:26:59] 🔄 Identity reset
[10:26:59] 🔄 Identity rotated (every 10 requests)
[10:26:59] 🔄 Retry 1/5 for KCSA in 2.0s
[10:26:59] 🔄 Identity reset
[10:27:01] 🧠 New identity created
[10:27:01] [183/459] DCKT
[10:27:02] [184/459] MBBR
[10:27:03] [185/459] RAMU
[10:27:05] [186/459] RACW
[10:27:06] [187/459] MCHP
[10:27:06] [188/459] TMHM
[10:27:07] [189/459] STXH
[10:27:08] [190/459] AGSG
[10:27:09] [191/459] SIRA
[10:27:10] 🔄 Identity reset
[10:27:10] 🔄 Identity rotated (every 10 requests)
[10:27:10] [192/459] RCAN
[10:27:11] [193/459] CWTB
[10:27:12] [194/459] VTYM
[10:27:13] [195/459] RRPP
[10:27:14] [196/459] ASMR
[10:27:15] [197/459] RONO
[10:27:16] [198/459] MEMR
[10:27:17] [199/459] CTMR
[10:27:17] [200/459] PMTT
[10:27:18] [201/459] PSLX
[10:27:19] 🔄 Identity reset
[10:27:19] 🔄 Identity rotated (every 10 requests)
[10:27:19] 🔄 Retry 1/5 for PSLX in 2.2s
[10:27:19] 🔄 Identity reset
[10:27:21] 🧠 New identity created
[10:27:22] [202/459] IPPL
[10:27:22] [203/459] MMSG
[10:27:23] [204/459] INEL
[10:27:24] [205/459] COAC
[10:27:25] [206/459] WVLK
[10:27:26] [207/459] PPXL
[10:27:27] [208/459] PSML
[10:27:27] [209/459] FNLK
[10:27:28] [210/459] ILUM
[10:27:29] 🔄 Identity reset
[10:27:29] 🔄 Identity rotated (every 10 requests)
[10:27:29] [211/459] ILCM
[10:27:30] [212/459] MSNL
[10:27:31] [213/459] VINB
[10:27:32] [214/459] SALW
[10:27:34] [215/459] PRTB
[10:27:34] [216/459] NCIL
[10:27:35] [217/459] PSUL
[10:27:36] [218/459] SCLK
[10:27:37] [219/459] ADDC
[10:27:38] [220/459] OACL
[10:27:38] 🔄 Identity reset
[10:27:38] 🔄 Identity rotated (every 10 requests)
[10:27:38] 🔄 Retry 1/5 for OACL in 2.0s
[10:27:38] 🔄 Identity reset
[10:27:40] 🧠 New identity created
[10:27:40] 🔄 Retry 2/5 for OACL in 4.5s
[10:27:40] 🔄 Identity reset
[10:27:45] 🧠 New identity created
[10:27:45] 🔄 Retry 3/5 for OACL in 8.1s
[10:27:45] 🔄 Identity reset
[10:27:53] 🧠 New identity created
[10:27:53] 🔄 Retry 4/5 for OACL in 16.2s
[10:27:53] 🔄 Identity reset
[10:28:09] 🧠 New identity created
[10:28:10] [221/459] OOCF
[10:28:11] [222/459] GPMF
[10:28:12] [223/459] SSDG
[10:28:12] [224/459] SKRS
[10:28:13] [225/459] NTTP
[10:28:14] [226/459] SLTP
[10:28:15] 🔄 Identity reset
[10:28:15] 🔄 Identity rotated (every 10 requests)
[10:28:15] [227/459] JTLC
[10:28:16] [228/459] POON
[10:28:17] [229/459] CCPC
[10:28:18] [230/459] DCKC
[10:28:19] [231/459] CPRT
[10:28:20] [232/459] EYHZ
[10:28:21] [233/459] ARBL
[10:28:22] [234/459] SBTB
[10:28:23] [235/459] MMCK
[10:28:24] [236/459] PLMR
[10:28:24] 🔄 Identity reset
[10:28:24] 🔄 Identity rotated (every 10 requests)
[10:28:25] [237/459] BIJH
[10:28:26] [238/459] SDRT
[10:28:27] [239/459] PRDC
[10:28:29] [240/459] OMJA
[10:28:29] [241/459] VKCR
[10:28:30] [242/459] ATRT
[10:28:31] [243/459] WVRP
[10:28:32] [244/459] MVRP
[10:28:33] [245/459] FCAX
[10:28:35] [246/459] CTLC
[10:28:35] 🔄 Identity reset
[10:28:35] 🔄 Identity rotated (every 10 requests)
[10:28:35] [247/459] JCHB
[10:28:36] [248/459] SELP
[10:28:37] [249/459] VCPG
[10:28:39] [250/459] ASCX
[10:28:40] [251/459] EOCS
[10:28:41] [252/459] RCPH
[10:28:42] [253/459] RJTM
[10:28:43] [254/459] SGMD
[10:28:44] [255/459] SVJT
[10:28:45] [256/459] SPPO
[10:28:45] 🔄 Identity reset
[10:28:45] 🔄 Identity rotated (every 10 requests)
[10:28:46] [257/459] MNRL
[10:28:46] [258/459] KNOX
[10:28:47] [259/459] GIER
[10:28:48] [260/459] PJMS
[10:28:49] [261/459] UNSP
[10:28:50] [262/459] JETP
[10:28:51] [263/459] VTWA
[10:28:52] [264/459] SCJI
[10:28:53] [265/459] CBZZ
[10:28:54] [266/459] SDCJ
[10:28:55] 🔄 Identity reset
[10:28:55] 🔄 Identity rotated (every 10 requests)
[10:28:55] 🔄 Retry 1/5 for SDCJ in 2.3s
[10:28:55] 🔄 Identity reset
[10:28:57] 🧠 New identity created
[10:28:57] 🔄 Retry 2/5 for SDCJ in 4.1s
[10:28:57] 🔄 Identity reset
[10:29:01] 🧠 New identity created
[10:29:01] 🔄 Retry 3/5 for SDCJ in 8.5s
[10:29:01] 🔄 Identity reset
[10:29:10] 🧠 New identity created
[10:29:10] [267/459] RRCC
[10:29:11] [268/459] VNKG
[10:29:12] [269/459] LKTO
[10:29:13] [270/459] PJRM
[10:29:14] [271/459] NVRM
[10:29:15] [272/459] SJCS
[10:29:16] [273/459] VIGK
[10:29:16] 🔄 Identity reset
[10:29:16] 🔄 Identity rotated (every 10 requests)
[10:29:16] [274/459] ANST
[10:29:17] [275/459] JTTS
[10:29:18] [276/459] NTST
[10:29:19] [277/459] PREB
[10:29:20] [278/459] TSCZ
[10:29:21] [279/459] CDCM
[10:29:22] [280/459] ELYE
[10:29:23] [281/459] INBS
[10:29:24] [282/459] SMGC
[10:29:25] [283/459] UTMP
[10:29:25] 🔄 Identity reset
[10:29:25] 🔄 Identity rotated (every 10 requests)
[10:29:26] [284/459] INTA
[10:29:27] [285/459] OMPT
[10:29:28] [286/459] SCIR
[10:29:29] [287/459] GCKJ
[10:29:30] [288/459] INOG
[10:29:32] [289/459] SMGB
[10:29:32] [290/459] MCSG
[10:29:33] [291/459] STKG
[10:29:34] [292/459] TTKG
[10:29:35] [293/459] SRTR
[10:29:36] 🔄 Identity reset
[10:29:36] 🔄 Identity rotated (every 10 requests)
[10:29:36] 🔄 Retry 1/5 for SRTR in 2.6s
[10:29:36] 🔄 Identity reset
[10:29:39] 🧠 New identity created
[10:29:39] [294/459] ETTR
[10:29:40] [295/459] GGGZ
[10:29:41] [296/459] IPGM
[10:29:41] [297/459] FCDH
[10:29:43] [298/459] DESB
[10:29:44] [299/459] VNTP
[10:29:45] [300/459] ANNT
[10:29:46] [301/459] SLTI
[10:29:46] [302/459] MAJU
[10:29:47] 🔄 Identity reset
[10:29:47] 🔄 Identity rotated (every 10 requests)
[10:29:47] [303/459] JCXP
[10:29:48] [304/459] HARK
[10:29:49] [305/459] JPCJ
[10:29:50] [306/459] RXBD
[10:29:50] [307/459] PTKJ
[10:29:51] [308/459] CMTU
[10:29:52] [309/459] SWOR
[10:29:53] [310/459] JMEX
[10:29:54] [311/459] DTPT
[10:29:55] [312/459] VGMM
[10:29:55] 🔄 Identity reset
[10:29:55] 🔄 Identity rotated (every 10 requests)
[10:29:56] [313/459] VCSG
[10:29:57] [314/459] CVCG
[10:29:58] [315/459] TNTT
[10:29:59] [316/459] SHRM
[10:30:00] [317/459] CGKD
[10:30:00] [318/459] EKCM
[10:30:01] [319/459] SDCX
[10:30:02] [320/459] SBTE
[10:30:03] [321/459] STKJ
[10:30:04] [322/459] TPCE
[10:30:04] 🔄 Identity reset
[10:30:04] 🔄 Identity rotated (every 10 requests)
[10:30:04] 🔄 Retry 1/5 for TPCE in 2.2s
[10:30:04] 🔄 Identity reset
[10:30:07] 🧠 New identity created
[10:30:07] 🔄 Retry 2/5 for TPCE in 4.4s
[10:30:07] 🔄 Identity reset
[10:30:11] 🧠 New identity created
[10:30:11] [323/459] JTNP
[10:30:12] [324/459] LPCH
[10:30:13] [325/459] CPUO
[10:30:14] [326/459] APSU
[10:30:15] [327/459] RTHC
[10:30:16] [328/459] PTBU
[10:30:17] [329/459] CUCC
[10:30:18] [330/459] CPSA
[10:30:18] 🔄 Identity reset
[10:30:18] 🔄 Identity rotated (every 10 requests)
[10:30:18] [331/459] SUAY
[10:30:19] [332/459] AYAA
[10:30:20] [333/459] MUCH
[10:30:21] [334/459] PCIN
[10:30:22] [335/459] JRRM
[10:30:23] [336/459] KATS
[10:30:24] [337/459] MHFF
[10:30:26] [338/459] ESYM
[10:30:27] [339/459] STYV
[10:30:27] [340/459] SDKG
[10:30:28] 🔄 Identity reset
[10:30:28] 🔄 Identity rotated (every 10 requests)
[10:30:28] 🔄 Retry 1/5 for SDKG in 2.6s
[10:30:28] 🔄 Identity reset
[10:30:31] 🧠 New identity created
[10:30:31] [341/459] SMTI
[10:30:32] [342/459] NYCS
[10:30:33] [343/459] MTBG
[10:30:34] [344/459] RHCA
[10:30:35] [345/459] PCKH
[10:30:36] [346/459] ARCR
[10:30:37] [347/459] NCMB
[10:30:37] [348/459] SHYC
[10:30:38] [349/459] LACK
[10:30:39] 🔄 Identity reset
[10:30:39] 🔄 Identity rotated (every 10 requests)
[10:30:39] [350/459] MTCM
[10:30:40] [351/459] RRBN
[10:30:42] [352/459] MYDC
[10:30:43] [353/459] STCS
[10:30:44] [354/459] CONN
[10:30:45] [355/459] SIPS
[10:30:45] [356/459] SMMX
[10:30:46] [357/459] SCBY
[10:30:47] [358/459] SUAP
[10:30:48] [359/459] RSMK
[10:30:49] 🔄 Identity reset
[10:30:49] 🔄 Identity rotated (every 10 requests)
[10:30:49] 🔄 Retry 1/5 for RSMK in 2.9s
[10:30:49] 🔄 Identity reset
[10:30:52] 🧠 New identity created
[10:30:52] [360/459] STKP
[10:30:53] [361/459] CIPC
[10:30:54] [362/459] KKCI
[10:30:55] [363/459] CTNK
[10:30:56] [364/459] MMTZ
[10:30:57] [365/459] DCCO
[10:30:57] [366/459] VNMN
[10:30:58] [367/459] RLCN
[10:30:59] [368/459] CMMS
[10:31:00] 🔄 Identity reset
[10:31:00] 🔄 Identity rotated (every 10 requests)
[10:31:00] [369/459] AYOU
[10:31:01] [370/459] SSCN
[10:31:02] [371/459] SMXN
[10:31:03] [372/459] ASSK
[10:31:04] [373/459] VCKM
[10:31:05] [374/459] PCPH
[10:31:06] [375/459] PADM
[10:31:07] [376/459] IESA
[10:31:08] [377/459] VCSP
[10:31:09] [378/459] AEST
[10:31:10] 🔄 Identity reset
[10:31:10] 🔄 Identity rotated (every 10 requests)
[10:31:10] 🔄 Retry 1/5 for AEST in 2.1s
[10:31:10] 🔄 Identity reset
[10:31:12] 🧠 New identity created
[10:31:12] 🔄 Retry 2/5 for AEST in 4.7s
[10:31:12] 🔄 Identity reset
[10:31:17] 🧠 New identity created
[10:31:18] [379/459] VTNR
[10:31:19] [380/459] GTTA
[10:31:20] [381/459] CMMM
[10:31:20] [382/459] AHKT
[10:31:21] [383/459] SIJI
[10:31:22] [384/459] VCEI
[10:31:23] [385/459] SAKR
[10:31:24] [386/459] VSMT
[10:31:25] 🔄 Identity reset
[10:31:25] 🔄 Identity rotated (every 10 requests)
[10:31:25] [387/459] SSCT
[10:31:27] [388/459] USTR
[10:31:27] [389/459] MTKT
[10:31:28] [390/459] TGMP
[10:31:29] [391/459] SIVC
[10:31:30] [392/459] KICT
[10:31:31] [393/459] DAMD
[10:31:32] [394/459] CNPT
[10:31:33] [395/459] RVTT
[10:31:34] [396/459] SNCM
[10:31:34] 🔄 Identity reset
[10:31:34] 🔄 Identity rotated (every 10 requests)
[10:31:35] [397/459] GHTE
[10:31:36] [398/459] PPAM
[10:31:37] [399/459] PVAA
[10:31:38] [400/459] CPAO
[10:31:40] [401/459] HAMD
[10:31:41] [402/459] RCCA
[10:31:42] [403/459] MPCH
[10:31:43] [404/459] ARED
[10:31:44] [405/459] RRCV
[10:31:45] [406/459] MTRB
[10:31:45] 🔄 Identity reset
[10:31:45] 🔄 Identity rotated (every 10 requests)
[10:31:46] [407/459] CKUA
[10:31:46] [408/459] ABMP
[10:31:47] [409/459] RCWA
[10:31:48] [410/459] CGAR
[10:31:49] [411/459] METH
[10:31:50] [412/459] WAGA
[10:31:51] [413/459] MCMA
[10:31:52] [414/459] CSMP
[10:31:53] [415/459] RCNK
[10:31:54] [416/459] PSTM
[10:31:54] 🔄 Identity reset
[10:31:54] 🔄 Identity rotated (every 10 requests)
[10:31:55] [417/459] CSEP
[10:31:56] [418/459] AMGD
[10:31:57] [419/459] CSTE
[10:31:58] [420/459] CONS
[10:31:59] [421/459] APPX
[10:31:59] [422/459] MABC
[10:32:00] [423/459] CXST
[10:32:02] [424/459] MATN
[10:32:03] [425/459] MACZ
[10:32:04] [426/459] MASA
[10:32:04] 🔄 Identity reset
[10:32:04] 🔄 Identity rotated (every 10 requests)
[10:32:04] [427/459] MBSX
[10:32:05] [428/459] CSST
[10:32:07] [429/459] APCL
[10:32:07] [430/459] CGOS
[10:32:08] [431/459] CPEC
[10:32:09] [432/459] MCCP
[10:32:10] [433/459] BSSO
[10:32:11] [434/459] SJKA
[10:32:12] [435/459] CGBO
[10:32:14] [436/459] MVSK
[10:32:14] 🔄 Identity reset
[10:32:14] 🔄 Identity rotated (every 10 requests)
[10:32:15] 🔄 Retry 1/5 for MVSK in 2.9s
[10:32:15] 🔄 Identity reset
[10:32:17] 🧠 New identity created
[10:32:18] [437/459] HVCA
[10:32:19] [438/459] NAMD
[10:32:20] [439/459] DEVI
[10:32:20] [440/459] SCSV
[10:32:21] [441/459] PSMA
[10:32:22] [442/459] CLDJ
[10:32:23] [443/459] NMAD
[10:32:24] [444/459] CGMO
[10:32:25] [445/459] MCNA
[10:32:26] 🔄 Identity reset
[10:32:26] 🔄 Identity rotated (every 10 requests)
[10:32:26] [446/459] OCBN
[10:32:27] [447/459] CPEM
[10:32:28] [448/459] CPSM
[10:32:29] [449/459] RCAD
[10:32:30] [450/459] CPMU
[10:32:30] [451/459] DICD
[10:32:31] [452/459] CHOE
[10:32:32] [453/459] PDJM
[10:32:33] [454/459] SSTU
[10:32:34] [455/459] VNRN
[10:32:34] 🔄 Identity reset
[10:32:34] 🔄 Identity rotated (every 10 requests)
[10:32:35] [456/459] PVLG
[10:32:36] [457/459] SWBL
[10:32:37] [458/459] SCAB
[10:32:37] [459/459] RDDA
[10:32:38] 🧹 Deduping shows
[10:32:38] ✅ DONE | Shows=13 | Movies=2
[04:59:50] 🚀 SCRIPT STARTED (enhanced anti‑detection)
[04:59:50] [1/459] MCCZ
[04:59:51] 🧠 New identity created
[04:59:52] [2/459] FRPU
[04:59:53] [3/459] SKSI
[04:59:54] [4/459] SSCK
[04:59:54] [5/459] SRDC
[04:59:55] [6/459] RSCZ
[04:59:56] [7/459] PRVT
[04:59:58] [8/459] GAGJ
[04:59:59] [9/459] SMHG
[05:00:00] [10/459] JTST
[05:00:00] 🔄 Identity reset
[05:00:00] 🔄 Identity rotated (every 10 requests)
[05:00:01] [11/459] MYTH
[05:00:02] [12/459] JPCC
[05:00:03] [13/459] ACDC
[05:00:04] [14/459] SVFP
[05:00:05] [15/459] SFCM
[05:00:06] [16/459] RUPK
[05:00:07] [17/459] NTCR
[05:00:08] [18/459] RTCH
[05:00:09] [19/459] SCMH
[05:00:09] [20/459] SVYM
[05:00:10] 🔄 Identity reset
[05:00:10] 🔄 Identity rotated (every 10 requests)
[05:00:10] [21/459] SPYM
[05:00:11] [22/459] SMMF
[05:00:12] [23/459] CLLB
[05:00:14] [24/459] FMCB
[05:00:15] [25/459] BBTC
[05:00:16] [26/459] NTHS
[05:00:17] [27/459] PKKJ
[05:00:17] [28/459] MTJA
[05:00:18] [29/459] PMSJ
[05:00:19] [30/459] JMJU
[05:00:20] 🔄 Identity reset
[05:00:20] 🔄 Identity rotated (every 10 requests)
[05:00:20] 🔄 Retry 1/5 for JMJU in 3.0s
[05:00:20] 🔄 Identity reset
[05:00:23] 🧠 New identity created
[05:00:23] [31/459] SRAD
[05:00:24] [32/459] MJMC
[05:00:25] [33/459] DFRM
[05:00:26] [34/459] PMRS
[05:00:27] [35/459] RKPP
[05:00:27] [36/459] BMBK
[05:00:29] [37/459] NEWS
[05:00:30] [38/459] SALB
[05:00:31] [39/459] SCPW
[05:00:31] 🔄 Identity reset
[05:00:32] 🔄 Identity rotated (every 10 requests)
[05:00:32] [40/459] RAYL
[05:00:33] [41/459] CMGJ
[05:00:34] [42/459] JRCR
[05:00:34] [43/459] SRTB
[05:00:35] [44/459] ETPB
[05:00:36] [45/459] MXBN
[05:00:37] [46/459] TOPE
[05:00:38] [47/459] SNLJ
[05:00:39] [48/459] CDDP
[05:00:40] [49/459] APCX
[05:00:40] 🔄 Identity reset
[05:00:40] 🔄 Identity rotated (every 10 requests)
[05:00:41] [50/459] TALP
[05:00:41] [51/459] RRMP
[05:00:43] [52/459] MAHB
[05:00:44] [53/459] MTKR
[05:00:45] [54/459] KSKL
[05:00:46] [55/459] RJLT
[05:00:46] [56/459] ATAS
[05:00:47] [57/459] AMHR
[05:00:48] [58/459] RSRM
[05:00:49] [59/459] GCAT
[05:00:49] 🔄 Identity reset
[05:00:50] 🔄 Identity rotated (every 10 requests)
[05:00:50] [60/459] SMML
[05:00:51] [61/459] ACCD
[05:00:52] [62/459] VYDA
[05:00:53] [63/459] MSKT
[05:00:54] [64/459] AVDM
[05:00:55] [65/459] ASMH
[05:00:55] [66/459] VTMB
[05:00:57] [67/459] WVMB
[05:00:58] [68/459] PPMN
[05:00:59] [69/459] MTMD
[05:01:00] 🔄 Identity reset
[05:01:00] 🔄 Identity rotated (every 10 requests)
[05:01:00] 🔄 Retry 1/5 for MTMD in 2.4s
[05:01:00] 🔄 Identity reset
[05:01:02] 🧠 New identity created
[05:01:02] 🔄 Retry 2/5 for MTMD in 4.3s
[05:01:02] 🔄 Identity reset
[05:01:06] 🧠 New identity created
[05:01:07] 🔄 Retry 3/5 for MTMD in 9.0s
[05:01:07] 🔄 Identity reset
[05:01:16] 🧠 New identity created
[05:01:16] [70/459] SMMO
[05:01:17] [71/459] DLPB
[05:01:18] [72/459] AKMD
[05:01:18] [73/459] SHRR
[05:01:19] [74/459] ASCO
[05:01:20] [75/459] CZVX
[05:01:22] [76/459] GCBB
[05:01:22] 🔄 Identity reset
[05:01:22] 🔄 Identity rotated (every 10 requests)
[05:01:22] 🔄 Retry 1/5 for GCBB in 2.4s
[05:01:22] 🔄 Identity reset
[05:01:24] 🧠 New identity created
[05:01:25] 🔄 Retry 2/5 for GCBB in 4.5s
[05:01:25] 🔄 Identity reset
[05:01:29] 🧠 New identity created
[05:01:29] [77/459] ATBM
[05:01:30] [78/459] TCGM
[05:01:31] [79/459] UMSE
[05:01:32] [80/459] NKCL
[05:01:33] [81/459] BTLR
[05:01:34] [82/459] GOCL
[05:01:35] [83/459] MIRN
[05:01:36] [84/459] THEC
[05:01:36] 🔄 Identity reset
[05:01:36] 🔄 Identity rotated (every 10 requests)
[05:01:37] [85/459] SPPB
[05:01:38] [86/459] PMMM
[05:01:39] [87/459] GGMC
[05:01:39] [88/459] AVSR
[05:01:41] [89/459] RDMH
[05:01:42] [90/459] JSRS
[05:01:43] [91/459] VKGP
[05:01:44] [92/459] ACRT
[05:01:45] [93/459] GCBA
[05:01:46] [94/459] GTCP
[05:01:46] 🔄 Identity reset
[05:01:46] 🔄 Identity rotated (every 10 requests)
[05:01:46] 🔄 Retry 1/5 for GTCP in 2.6s
[05:01:46] 🔄 Identity reset
[05:01:49] 🧠 New identity created
[05:01:49] [95/459] AKFC
[05:01:50] [96/459] INCS
[05:01:51] [97/459] SMCK
[05:01:52] [98/459] BRUN
[05:01:53] [99/459] RPPC
[05:01:54] [100/459] PAYD
[05:01:55] [101/459] SVVT
[05:01:56] [102/459] RNCC
[05:01:57] [103/459] PCRC
[05:01:57] 🔄 Identity reset
[05:01:57] 🔄 Identity rotated (every 10 requests)
[05:01:58] [104/459] PMRM
[05:01:59] [105/459] CCRP
[05:02:00] [106/459] INCR
[05:02:01] [107/459] ZTMP
[05:02:02] [108/459] MCNR
[05:02:03] [109/459] INRP
[05:02:04] [110/459] STRC
[05:02:05] [111/459] RATI
[05:02:06] [112/459] PBTR
[05:02:07] [113/459] CMHP
[05:02:07] 🔄 Identity reset
[05:02:07] 🔄 Identity rotated (every 10 requests)
[05:02:07] 🔄 Retry 1/5 for CMHP in 3.0s
[05:02:07] 🔄 Identity reset
[05:02:10] 🧠 New identity created
[05:02:11] [114/459] ZECJ
[05:02:12] [115/459] CCCB
[05:02:12] [116/459] BWCB
[05:02:13] [117/459] CCAT
[05:02:14] [118/459] KGCM
[05:02:15] [119/459] INPT
[05:02:16] [120/459] FNCO
[05:02:17] [121/459] SRMJ
[05:02:17] [122/459] PFSC
[05:02:18] 🔄 Identity reset
[05:02:18] 🔄 Identity rotated (every 10 requests)
[05:02:18] [123/459] PBMC
[05:02:19] [124/459] KARP
[05:02:20] [125/459] KOVI
[05:02:21] [126/459] ACXL
[05:02:22] [127/459] GKCC
[05:02:24] [128/459] ASCC
[05:02:24] [129/459] SETC
[05:02:26] [130/459] KACC
[05:02:27] [131/459] KAVE
[05:02:28] [132/459] CNTC
[05:02:29] 🔄 Identity reset
[05:02:29] 🔄 Identity rotated (every 10 requests)
[05:02:29] [133/459] MEEN
[05:02:30] [134/459] BMRV
[05:02:31] [135/459] SVAM
[05:02:32] [136/459] VTBP
[05:02:33] [137/459] VCKN
[05:02:33] [138/459] SGTK
[05:02:34] [139/459] RCGS
[05:02:35] [140/459] RCCB
[05:02:36] [141/459] RKSR
[05:02:37] [142/459] RKCU
[05:02:38] 🔄 Identity reset
[05:02:38] 🔄 Identity rotated (every 10 requests)
[05:02:38] 🔄 Retry 1/5 for RKCU in 2.3s
[05:02:38] 🔄 Identity reset
[05:02:40] 🧠 New identity created
[05:02:40] [143/459] GIBH
[05:02:41] [144/459] CXBS
[05:02:42] [145/459] GGCB
[05:02:43] [146/459] SCPB
[05:02:44] [147/459] AKTB
[05:02:45] [148/459] SRBU
[05:02:46] [149/459] CSSA
[05:02:47] [150/459] MYAN
[05:02:48] [151/459] EXCA
[05:02:48] 🔄 Identity reset
[05:02:48] 🔄 Identity rotated (every 10 requests)
[05:02:49] [152/459] CKSA
[05:02:49] [153/459] JTNM
[05:02:50] [154/459] CXKT
[05:02:51] [155/459] NCLM
[05:02:52] [156/459] JAAD
[05:02:53] [157/459] RDCR
[05:02:54] [158/459] MEER
[05:02:55] [159/459] SIBT
[05:02:56] [160/459] PVVB
[05:02:56] [161/459] FNPN
[05:02:57] 🔄 Identity reset
[05:02:57] 🔄 Identity rotated (every 10 requests)
[05:02:57] 🔄 Retry 1/5 for FNPN in 2.4s
[05:02:57] 🔄 Identity reset
[05:02:59] 🧠 New identity created
[05:02:59] 🔄 Retry 2/5 for FNPN in 4.9s
[05:02:59] 🔄 Identity reset
[05:03:04] 🧠 New identity created
[05:03:05] [162/459] CRPX
[05:03:05] [163/459] STET
[05:03:06] [164/459] METE
[05:03:07] [165/459] BJML
[05:03:08] [166/459] MAVT
[05:03:09] [167/459] MSRM
[05:03:10] [168/459] TJMP
[05:03:11] [169/459] MHCK
[05:03:11] 🔄 Identity reset
[05:03:11] 🔄 Identity rotated (every 10 requests)
[05:03:12] [170/459] SVGP
[05:03:13] [171/459] KRRC
[05:03:14] [172/459] IMCH
[05:03:14] [173/459] CMCS
[05:03:16] [174/459] SGND
[05:03:16] [175/459] RNAT
[05:03:17] [176/459] PRTN
[05:03:18] [177/459] MPTN
[05:03:19] [178/459] ARCC
[05:03:20] [179/459] NTTE
[05:03:21] 🔄 Identity reset
[05:03:21] 🔄 Identity rotated (every 10 requests)
[05:03:21] [180/459] ABND
[05:03:22] [181/459] KCSN
[05:03:23] [182/459] KCSA
[05:03:24] [183/459] DCKT
[05:03:25] [184/459] MBBR
[05:03:25] [185/459] RAMU
[05:03:27] [186/459] RACW
[05:03:28] [187/459] MCHP
[05:03:30] [188/459] TMHM
[05:03:30] [189/459] STXH
[05:03:31] 🔄 Identity reset
[05:03:31] 🔄 Identity rotated (every 10 requests)
[05:03:32] [190/459] AGSG
[05:03:33] [191/459] SIRA
[05:03:34] [192/459] RCAN
[05:03:35] [193/459] CWTB
[05:03:35] [194/459] VTYM
[05:03:36] [195/459] RRPP
[05:03:37] [196/459] ASMR
[05:03:38] [197/459] RONO
[05:03:39] [198/459] MEMR
[05:03:40] [199/459] CTMR
[05:03:41] 🔄 Identity reset
[05:03:41] 🔄 Identity rotated (every 10 requests)
[05:03:41] [200/459] PMTT
[05:03:42] [201/459] PSLX
[05:03:43] [202/459] IPPL
[05:03:44] [203/459] MMSG
[05:03:45] [204/459] INEL
[05:03:46] [205/459] COAC
[05:03:47] [206/459] WVLK
[05:03:47] [207/459] PPXL
[05:03:48] [208/459] PSML
[05:03:49] [209/459] FNLK
[05:03:50] 🔄 Identity reset
[05:03:50] 🔄 Identity rotated (every 10 requests)
[05:03:50] [210/459] ILUM
[05:03:51] [211/459] ILCM
[05:03:52] [212/459] MSNL
[05:03:53] [213/459] VINB
[05:03:54] [214/459] SALW
[05:03:55] [215/459] PRTB
[05:03:56] [216/459] NCIL
[05:03:57] [217/459] PSUL
[05:03:58] [218/459] SCLK
[05:03:59] [219/459] ADDC
[05:03:59] 🔄 Identity reset
[05:03:59] 🔄 Identity rotated (every 10 requests)
[05:04:00] [220/459] OACL
[05:04:01] [221/459] OOCF
[05:04:02] [222/459] GPMF
[05:04:03] [223/459] SSDG
[05:04:03] [224/459] SKRS
[05:04:05] [225/459] NTTP
[05:04:06] [226/459] SLTP
[05:04:07] [227/459] JTLC
[05:04:08] [228/459] POON
[05:04:09] [229/459] CCPC
[05:04:09] 🔄 Identity reset
[05:04:09] 🔄 Identity rotated (every 10 requests)
[05:04:09] 🔄 Retry 1/5 for CCPC in 2.5s
[05:04:09] 🔄 Identity reset
[05:04:12] 🧠 New identity created
[05:04:12] 🔄 Retry 2/5 for CCPC in 4.5s
[05:04:12] 🔄 Identity reset
[05:04:16] 🧠 New identity created
[05:04:17] [230/459] DCKC
[05:04:18] [231/459] CPRT
[05:04:19] [232/459] EYHZ
[05:04:20] [233/459] ARBL
[05:04:21] [234/459] SBTB
[05:04:22] [235/459] MMCK
[05:04:23] [236/459] PLMR
[05:04:24] [237/459] BIJH
[05:04:24] 🔄 Identity reset
[05:04:24] 🔄 Identity rotated (every 10 requests)
[05:04:25] [238/459] SDRT
[05:04:26] [239/459] PRDC
[05:04:27] [240/459] OMJA
[05:04:27] [241/459] VKCR
[05:04:28] [242/459] ATRT
[05:04:29] [243/459] WVRP
[05:04:30] [244/459] MVRP
[05:04:31] [245/459] FCAX
[05:04:32] [246/459] CTLC
[05:04:33] [247/459] JCHB
[05:04:34] 🔄 Identity reset
[05:04:34] 🔄 Identity rotated (every 10 requests)
[05:04:34] [248/459] SELP
[05:04:35] [249/459] VCPG
[05:04:36] [250/459] ASCX
[05:04:37] [251/459] EOCS
[05:04:38] [252/459] RCPH
[05:04:39] [253/459] RJTM
[05:04:40] [254/459] SGMD
[05:04:41] [255/459] SVJT
[05:04:42] [256/459] SPPO
[05:04:43] [257/459] MNRL
[05:04:43] 🔄 Identity reset
[05:04:43] 🔄 Identity rotated (every 10 requests)
[05:04:43] 🔄 Retry 1/5 for MNRL in 2.2s
[05:04:43] 🔄 Identity reset
[05:04:45] 🧠 New identity created
[05:04:46] [258/459] KNOX
[05:04:46] [259/459] GIER
[05:04:47] [260/459] PJMS
[05:04:48] [261/459] UNSP
[05:04:49] [262/459] JETP
[05:04:50] [263/459] VTWA
[05:04:51] [264/459] SCJI
[05:04:52] [265/459] CBZZ
[05:04:53] [266/459] SDCJ
[05:04:54] 🔄 Identity reset
[05:04:54] 🔄 Identity rotated (every 10 requests)
[05:04:54] [267/459] RRCC
[05:04:55] [268/459] VNKG
[05:04:56] [269/459] LKTO
[05:04:57] [270/459] PJRM
[05:04:58] [271/459] NVRM
[05:04:59] [272/459] SJCS
[05:05:00] [273/459] VIGK
[05:05:01] [274/459] ANST
[05:05:01] [275/459] JTTS
[05:05:02] [276/459] NTST
[05:05:03] 🔄 Identity reset
[05:05:03] 🔄 Identity rotated (every 10 requests)
[05:05:04] [277/459] PREB
[05:05:05] [278/459] TSCZ
[05:05:06] [279/459] CDCM
[05:05:07] [280/459] ELYE
[05:05:08] [281/459] INBS
[05:05:09] [282/459] SMGC
[05:05:10] [283/459] UTMP
[05:05:11] [284/459] INTA
[05:05:12] [285/459] OMPT
[05:05:13] [286/459] SCIR
[05:05:13] 🔄 Identity reset
[05:05:13] 🔄 Identity rotated (every 10 requests)
[05:05:13] [287/459] GCKJ
[05:05:14] [288/459] INOG
[05:05:15] [289/459] SMGB
[05:05:16] [290/459] MCSG
[05:05:17] [291/459] STKG
[05:05:18] [292/459] TTKG
[05:05:19] [293/459] SRTR
[05:05:20] [294/459] ETTR
[05:05:21] [295/459] GGGZ
[05:05:22] [296/459] IPGM
[05:05:23] 🔄 Identity reset
[05:05:23] 🔄 Identity rotated (every 10 requests)
[05:05:23] 🔄 Retry 1/5 for IPGM in 2.9s
[05:05:23] 🔄 Identity reset
[05:05:25] 🧠 New identity created
[05:05:26] [297/459] FCDH
[05:05:27] [298/459] DESB
[05:05:28] [299/459] VNTP
[05:05:29] [300/459] ANNT
[05:05:30] [301/459] SLTI
[05:05:31] [302/459] MAJU
[05:05:32] [303/459] JCXP
[05:05:32] [304/459] HARK
[05:05:34] [305/459] JPCJ
[05:05:35] 🔄 Identity reset
[05:05:35] 🔄 Identity rotated (every 10 requests)
[05:05:35] [306/459] RXBD
[05:05:36] [307/459] PTKJ
[05:05:38] [308/459] CMTU
[05:05:39] [309/459] SWOR
[05:05:39] [310/459] JMEX
[05:05:40] [311/459] DTPT
[05:05:41] [312/459] VGMM
[05:05:42] [313/459] VCSG
[05:05:43] [314/459] CVCG
[05:05:44] [315/459] TNTT
[05:05:45] 🔄 Identity reset
[05:05:45] 🔄 Identity rotated (every 10 requests)
[05:05:46] [316/459] SHRM
[05:05:47] [317/459] CGKD
[05:05:48] [318/459] EKCM
[05:05:49] [319/459] SDCX
[05:05:49] [320/459] SBTE
[05:05:50] [321/459] STKJ
[05:05:51] [322/459] TPCE
[05:05:52] [323/459] JTNP
[05:05:53] [324/459] LPCH
[05:05:54] [325/459] CPUO
[05:05:54] 🔄 Identity reset
[05:05:54] 🔄 Identity rotated (every 10 requests)
[05:05:55] [326/459] APSU
[05:05:56] [327/459] RTHC
[05:05:57] [328/459] PTBU
[05:05:58] [329/459] CUCC
[05:05:59] [330/459] CPSA
[05:06:00] [331/459] SUAY
[05:06:01] [332/459] AYAA
[05:06:01] [333/459] MUCH
[05:06:02] [334/459] PCIN
[05:06:03] [335/459] JRRM
[05:06:04] 🔄 Identity reset
[05:06:04] 🔄 Identity rotated (every 10 requests)
[05:06:04] 🔄 Retry 1/5 for JRRM in 2.8s
[05:06:04] 🔄 Identity reset
[05:06:07] 🧠 New identity created
[05:06:07] 🔄 Retry 2/5 for JRRM in 4.5s
[05:06:07] 🔄 Identity reset
[05:06:11] 🧠 New identity created
[05:06:11] 🔄 Retry 3/5 for JRRM in 8.7s
[05:06:11] 🔄 Identity reset
[05:06:20] 🧠 New identity created
[05:06:20] [336/459] KATS
[05:06:21] [337/459] MHFF
[05:06:22] [338/459] ESYM
[05:06:23] [339/459] STYV
[05:06:25] [340/459] SDKG
[05:06:26] [341/459] SMTI
[05:06:27] [342/459] NYCS
[05:06:28] 🔄 Identity reset
[05:06:28] 🔄 Identity rotated (every 10 requests)
[05:06:28] [343/459] MTBG
[05:06:30] [344/459] RHCA
[05:06:31] [345/459] PCKH
[05:06:32] [346/459] ARCR
[05:06:33] [347/459] NCMB
[05:06:34] [348/459] SHYC
[05:06:35] [349/459] LACK
[05:06:36] [350/459] MTCM
[05:06:37] [351/459] RRBN
[05:06:38] [352/459] MYDC
[05:06:39] 🔄 Identity reset
[05:06:39] 🔄 Identity rotated (every 10 requests)
[05:06:39] [353/459] STCS
[05:06:40] [354/459] CONN
[05:06:41] [355/459] SIPS
[05:06:42] [356/459] SMMX
[05:06:43] [357/459] SCBY
[05:06:43] [358/459] SUAP
[05:06:44] [359/459] RSMK
[05:06:46] [360/459] STKP
[05:06:47] [361/459] CIPC
[05:06:48] [362/459] KKCI
[05:06:49] 🔄 Identity reset
[05:06:49] 🔄 Identity rotated (every 10 requests)
[05:06:49] 🔄 Retry 1/5 for KKCI in 2.4s
[05:06:49] 🔄 Identity reset
[05:06:51] 🧠 New identity created
[05:06:51] [363/459] CTNK
[05:06:52] [364/459] MMTZ
[05:06:54] [365/459] DCCO
[05:06:54] [366/459] VNMN
[05:06:55] [367/459] RLCN
[05:06:56] [368/459] CMMS
[05:06:57] [369/459] AYOU
[05:06:58] [370/459] SSCN
[05:06:59] [371/459] SMXN
[05:06:59] 🔄 Identity reset
[05:06:59] 🔄 Identity rotated (every 10 requests)
[05:07:00] [372/459] ASSK
[05:07:01] [373/459] VCKM
[05:07:01] [374/459] PCPH
[05:07:02] [375/459] PADM
[05:07:03] [376/459] IESA
[05:07:04] [377/459] VCSP
[05:07:05] [378/459] AEST
[05:07:06] [379/459] VTNR
[05:07:07] [380/459] GTTA
[05:07:08] [381/459] CMMM
[05:07:09] 🔄 Identity reset
[05:07:09] 🔄 Identity rotated (every 10 requests)
[05:07:09] [382/459] AHKT
[05:07:10] [383/459] SIJI
[05:07:11] [384/459] VCEI
[05:07:12] [385/459] SAKR
[05:07:13] [386/459] VSMT
[05:07:14] [387/459] SSCT
[05:07:15] [388/459] USTR
[05:07:16] [389/459] MTKT
[05:07:17] [390/459] TGMP
[05:07:18] [391/459] SIVC
[05:07:19] 🔄 Identity reset
[05:07:19] 🔄 Identity rotated (every 10 requests)
[05:07:19] 🔄 Retry 1/5 for SIVC in 2.1s
[05:07:19] 🔄 Identity reset
[05:07:21] 🧠 New identity created
[05:07:21] [392/459] KICT
[05:07:22] [393/459] DAMD
[05:07:24] [394/459] CNPT
[05:07:25] [395/459] RVTT
[05:07:26] [396/459] SNCM
[05:07:27] [397/459] GHTE
[05:07:28] [398/459] PPAM
[05:07:28] [399/459] PVAA
[05:07:30] [400/459] CPAO
[05:07:31] 🔄 Identity reset
[05:07:31] 🔄 Identity rotated (every 10 requests)
[05:07:31] [401/459] HAMD
[05:07:32] [402/459] RCCA
[05:07:33] [403/459] MPCH
[05:07:34] [404/459] ARED
[05:07:35] [405/459] RRCV
[05:07:36] [406/459] MTRB
[05:07:37] [407/459] CKUA
[05:07:38] [408/459] ABMP
[05:07:39] [409/459] RCWA
[05:07:40] [410/459] CGAR
[05:07:40] 🔄 Identity reset
[05:07:40] 🔄 Identity rotated (every 10 requests)
[05:07:40] 🔄 Retry 1/5 for CGAR in 2.3s
[05:07:40] 🔄 Identity reset
[05:07:42] 🧠 New identity created
[05:07:43] [411/459] METH
[05:07:44] [412/459] WAGA
[05:07:45] [413/459] MCMA
[05:07:45] [414/459] CSMP
[05:07:46] [415/459] RCNK
[05:07:48] [416/459] PSTM
[05:07:50] [417/459] CSEP
[05:07:51] [418/459] AMGD
[05:07:51] [419/459] CSTE
[05:07:52] 🔄 Identity reset
[05:07:52] 🔄 Identity rotated (every 10 requests)
[05:07:52] [420/459] CONS
[05:07:53] [421/459] APPX
[05:07:54] [422/459] MABC
[05:07:55] [423/459] CXST
[05:07:56] [424/459] MATN
[05:07:57] [425/459] MACZ
[05:07:58] [426/459] MASA
[05:07:58] [427/459] MBSX
[05:07:59] [428/459] CSST
[05:08:00] [429/459] APCL
[05:08:01] 🔄 Identity reset
[05:08:01] 🔄 Identity rotated (every 10 requests)
[05:08:01] 🔄 Retry 1/5 for APCL in 2.9s
[05:08:01] 🔄 Identity reset
[05:08:04] 🧠 New identity created
[05:08:04] 🔄 Retry 2/5 for APCL in 4.7s
[05:08:04] 🔄 Identity reset
[05:08:08] 🧠 New identity created
[05:08:09] [430/459] CGOS
[05:08:09] [431/459] CPEC
[05:08:10] [432/459] MCCP
[05:08:11] [433/459] BSSO
[05:08:12] [434/459] SJKA
[05:08:13] [435/459] CGBO
[05:08:14] [436/459] MVSK
[05:08:15] [437/459] HVCA
[05:08:16] 🔄 Identity reset
[05:08:16] 🔄 Identity rotated (every 10 requests)
[05:08:16] [438/459] NAMD
[05:08:17] [439/459] DEVI
[05:08:18] [440/459] SCSV
[05:08:19] [441/459] PSMA
[05:08:20] [442/459] CLDJ
[05:08:21] [443/459] NMAD
[05:08:22] [444/459] CGMO
[05:08:23] [445/459] MCNA
[05:08:23] [446/459] OCBN
[05:08:24] [447/459] CPEM
[05:08:25] 🔄 Identity reset
[05:08:25] 🔄 Identity rotated (every 10 requests)
[05:08:25] [448/459] CPSM
[05:08:26] [449/459] RCAD
[05:08:27] [450/459] CPMU
[05:08:28] [451/459] DICD
[05:08:29] [452/459] CHOE
[05:08:30] [453/459] PDJM
[05:08:31] [454/459] SSTU
[05:08:32] [455/459] VNRN
[05:08:33] [456/459] PVLG
[05:08:34] [457/459] SWBL
[05:08:35] 🔄 Identity reset
[05:08:35] 🔄 Identity rotated (every 10 requests)
[05:08:35] 🔄 Retry 1/5 for SWBL in 2.9s
[05:08:35] 🔄 Identity reset
[05:08:38] 🧠 New identity created
[05:08:38] 🔄 Retry 2/5 for SWBL in 4.5s
[05:08:38] 🔄 Identity reset
[05:08:42] 🧠 New identity created
[05:08:43] [458/459] SCAB
[05:08:43] [459/459] RDDA
[05:08:45] 🧹 Deduping shows
[05:08:45] ✅ DONE | Shows=30 | Movies=6
[12:25:44] 🚀 SCRIPT STARTED (enhanced anti‑detection)
[12:25:44] [1/459] MCCZ
[12:25:44] 🧠 New identity created
[12:25:45] 🔄 Retry 1/5 for MCCZ in 2.9s
[12:25:45] 🔄 Identity reset
[12:25:47] 🧠 New identity created
[12:25:48] [2/459] FRPU
[12:25:49] [3/459] SKSI
[12:25:49] [4/459] SSCK
[12:25:50] [5/459] SRDC
[12:25:52] [6/459] RSCZ
[12:25:53] [7/459] PRVT
[12:25:53] [8/459] GAGJ
[12:25:54] [9/459] SMHG
[12:25:55] 🔄 Identity reset
[12:25:55] 🔄 Identity rotated (every 10 requests)
[12:25:55] [10/459] JTST
[12:25:56] [11/459] MYTH
[12:25:57] [12/459] JPCC
[12:25:58] [13/459] ACDC
[12:25:59] [14/459] SVFP
[12:26:00] [15/459] SFCM
[12:26:01] [16/459] RUPK
[12:26:03] [17/459] NTCR
[12:26:03] [18/459] RTCH
[12:26:04] [19/459] SCMH
[12:26:05] 🔄 Identity reset
[12:26:05] 🔄 Identity rotated (every 10 requests)
[12:26:05] [20/459] SVYM
[12:26:06] [21/459] SPYM
[12:26:07] [22/459] SMMF
[12:26:08] [23/459] CLLB
[12:26:08] [24/459] FMCB
[12:26:09] [25/459] BBTC
[12:26:10] [26/459] NTHS
[12:26:11] [27/459] PKKJ
[12:26:12] [28/459] MTJA
[12:26:12] [29/459] PMSJ
[12:26:13] 🔄 Identity reset
[12:26:13] 🔄 Identity rotated (every 10 requests)
[12:26:13] [30/459] JMJU
[12:26:14] [31/459] SRAD
[12:26:15] [32/459] MJMC
[12:26:16] [33/459] DFRM
[12:26:17] [34/459] PMRS
[12:26:18] [35/459] RKPP
[12:26:20] [36/459] BMBK
[12:26:22] [37/459] NEWS
[12:26:23] [38/459] SALB
[12:26:24] [39/459] SCPW
[12:26:25] 🔄 Identity reset
[12:26:25] 🔄 Identity rotated (every 10 requests)
[12:26:25] [40/459] RAYL
[12:26:26] [41/459] CMGJ
[12:26:27] [42/459] JRCR
[12:26:27] [43/459] SRTB
[12:26:28] [44/459] ETPB
[12:26:30] [45/459] MXBN
[12:26:31] [46/459] TOPE
[12:26:32] [47/459] SNLJ
[12:26:33] [48/459] CDDP
[12:26:34] [49/459] APCX
[12:26:34] 🔄 Identity reset
[12:26:34] 🔄 Identity rotated (every 10 requests)
[12:26:34] [50/459] TALP
[12:26:35] [51/459] RRMP
[12:26:37] [52/459] MAHB
[12:26:38] [53/459] MTKR
[12:26:39] [54/459] KSKL
[12:26:39] [55/459] RJLT
[12:26:40] [56/459] ATAS
[12:26:41] [57/459] AMHR
[12:26:42] [58/459] RSRM
[12:26:43] [59/459] GCAT
[12:26:44] 🔄 Identity reset
[12:26:44] 🔄 Identity rotated (every 10 requests)
[12:26:44] [60/459] SMML
[12:26:45] [61/459] ACCD
[12:26:46] [62/459] VYDA
[12:26:48] [63/459] MSKT
[12:26:49] [64/459] AVDM
[12:26:49] [65/459] ASMH
[12:26:50] [66/459] VTMB
[12:26:51] [67/459] WVMB
[12:26:52] [68/459] PPMN
[12:26:52] [69/459] MTMD
[12:26:53] 🔄 Identity reset
[12:26:53] 🔄 Identity rotated (every 10 requests)
[12:26:53] [70/459] SMMO
[12:26:54] [71/459] DLPB
[12:26:55] [72/459] AKMD
[12:26:56] [73/459] SHRR
[12:26:57] [74/459] ASCO
[12:26:58] [75/459] CZVX
[12:26:59] [76/459] GCBB
[12:27:00] [77/459] ATBM
[12:27:01] [78/459] TCGM
[12:27:01] [79/459] UMSE
[12:27:02] 🔄 Identity reset
[12:27:02] 🔄 Identity rotated (every 10 requests)
[12:27:02] [80/459] NKCL
[12:27:03] [81/459] BTLR
[12:27:04] [82/459] GOCL
[12:27:04] [83/459] MIRN
[12:27:05] [84/459] THEC
[12:27:06] [85/459] SPPB
[12:27:07] [86/459] PMMM
[12:27:08] [87/459] GGMC
[12:27:09] [88/459] AVSR
[12:27:10] [89/459] RDMH
[12:27:11] 🔄 Identity reset
[12:27:11] 🔄 Identity rotated (every 10 requests)
[12:27:11] [90/459] JSRS
[12:27:13] [91/459] VKGP
[12:27:13] [92/459] ACRT
[12:27:14] [93/459] GCBA
[12:27:15] [94/459] GTCP
[12:27:16] [95/459] AKFC
[12:27:16] [96/459] INCS
[12:27:17] [97/459] SMCK
[12:27:18] [98/459] BRUN
[12:27:19] [99/459] RPPC
[12:27:19] 🔄 Identity reset
[12:27:19] 🔄 Identity rotated (every 10 requests)
[12:27:20] [100/459] PAYD
[12:27:21] [101/459] SVVT
[12:27:22] [102/459] RNCC
[12:27:23] [103/459] PCRC
[12:27:24] [104/459] PMRM
[12:27:24] [105/459] CCRP
[12:27:25] [106/459] INCR
[12:27:26] [107/459] ZTMP
[12:27:27] [108/459] MCNR
[12:27:28] [109/459] INRP
[12:27:28] 🔄 Identity reset
[12:27:28] 🔄 Identity rotated (every 10 requests)
[12:27:29] [110/459] STRC
[12:27:30] [111/459] RATI
[12:27:31] [112/459] PBTR
[12:27:32] [113/459] CMHP
[12:27:32] [114/459] ZECJ
[12:27:33] [115/459] CCCB
[12:27:34] [116/459] BWCB
[12:27:35] [117/459] CCAT
[12:27:36] [118/459] KGCM
[12:27:37] [119/459] INPT
[12:27:37] 🔄 Identity reset
[12:27:37] 🔄 Identity rotated (every 10 requests)
[12:27:37] [120/459] FNCO
[12:27:38] [121/459] SRMJ
[12:27:39] [122/459] PFSC
[12:27:40] [123/459] PBMC
[12:27:41] [124/459] KARP
[12:27:41] [125/459] KOVI
[12:27:42] [126/459] ACXL
[12:27:43] [127/459] GKCC
[12:27:44] [128/459] ASCC
[12:27:45] [129/459] SETC
[12:27:45] 🔄 Identity reset
[12:27:45] 🔄 Identity rotated (every 10 requests)
[12:27:45] 🔄 Retry 1/5 for SETC in 2.9s
[12:27:45] 🔄 Identity reset
[12:27:48] 🧠 New identity created
[12:27:48] 🔄 Retry 2/5 for SETC in 4.4s
[12:27:48] 🔄 Identity reset
[12:27:53] 🧠 New identity created
[12:27:53] [130/459] KACC
[12:27:54] [131/459] KAVE
[12:27:55] [132/459] CNTC
[12:27:55] [133/459] MEEN
[12:27:56] [134/459] BMRV
[12:27:57] [135/459] SVAM
[12:27:58] [136/459] VTBP
[12:27:59] [137/459] VCKN
[12:28:00] 🔄 Identity reset
[12:28:00] 🔄 Identity rotated (every 10 requests)
[12:28:00] 🔄 Retry 1/5 for VCKN in 2.0s
[12:28:00] 🔄 Identity reset
[12:28:02] 🧠 New identity created
[12:28:02] 🔄 Retry 2/5 for VCKN in 4.8s
[12:28:02] 🔄 Identity reset
[12:28:07] 🧠 New identity created
[12:28:07] [138/459] SGTK
[12:28:08] [139/459] RCGS
[12:28:09] [140/459] RCCB
[12:28:10] [141/459] RKSR
[12:28:11] [142/459] RKCU
[12:28:12] [143/459] GIBH
[12:28:12] [144/459] CXBS
[12:28:14] [145/459] GGCB
[12:28:15] 🔄 Identity reset
[12:28:15] 🔄 Identity rotated (every 10 requests)
[12:28:15] [146/459] SCPB
[12:28:16] [147/459] AKTB
[12:28:17] [148/459] SRBU
[12:28:18] [149/459] CSSA
[12:28:19] [150/459] MYAN
[12:28:20] [151/459] EXCA
[12:28:21] [152/459] CKSA
[12:28:22] [153/459] JTNM
[12:28:23] [154/459] CXKT
[12:28:24] [155/459] NCLM
[12:28:24] 🔄 Identity reset
[12:28:24] 🔄 Identity rotated (every 10 requests)
[12:28:24] 🔄 Retry 1/5 for NCLM in 2.2s
[12:28:24] 🔄 Identity reset
[12:28:27] 🧠 New identity created
[12:28:27] [156/459] JAAD
[12:28:28] [157/459] RDCR
[12:28:29] [158/459] MEER
[12:28:29] [159/459] SIBT
[12:28:30] [160/459] PVVB
[12:28:31] [161/459] FNPN
[12:28:32] [162/459] CRPX
[12:28:33] [163/459] STET
[12:28:34] [164/459] METE
[12:28:34] 🔄 Identity reset
[12:28:34] 🔄 Identity rotated (every 10 requests)
[12:28:34] [165/459] BJML
[12:28:35] [166/459] MAVT
[12:28:36] [167/459] MSRM
[12:28:37] [168/459] TJMP
[12:28:38] [169/459] MHCK
[12:28:39] [170/459] SVGP
[12:28:39] [171/459] KRRC
[12:28:40] [172/459] IMCH
[12:28:41] [173/459] CMCS
[12:28:42] [174/459] SGND
[12:28:42] 🔄 Identity reset
[12:28:42] 🔄 Identity rotated (every 10 requests)
[12:28:43] [175/459] RNAT
[12:28:44] [176/459] PRTN
[12:28:45] [177/459] MPTN
[12:28:46] [178/459] ARCC
[12:28:47] [179/459] NTTE
[12:28:48] [180/459] ABND
[12:28:48] [181/459] KCSN
[12:28:49] [182/459] KCSA
[12:28:50] [183/459] DCKT
[12:28:51] [184/459] MBBR
[12:28:51] 🔄 Identity reset
[12:28:51] 🔄 Identity rotated (every 10 requests)
[12:28:52] [185/459] RAMU
[12:28:53] [186/459] RACW
[12:28:54] [187/459] MCHP
[12:28:54] [188/459] TMHM
[12:28:55] [189/459] STXH
[12:28:56] [190/459] AGSG
[12:28:57] [191/459] SIRA
[12:28:58] [192/459] RCAN
[12:28:59] [193/459] CWTB
[12:29:00] [194/459] VTYM
[12:29:01] 🔄 Identity reset
[12:29:01] 🔄 Identity rotated (every 10 requests)
[12:29:01] [195/459] RRPP
[12:29:02] [196/459] ASMR
[12:29:03] [197/459] RONO
[12:29:04] [198/459] MEMR
[12:29:05] [199/459] CTMR
[12:29:05] [200/459] PMTT
[12:29:06] [201/459] PSLX
[12:29:07] [202/459] IPPL
[12:29:08] [203/459] MMSG
[12:29:09] [204/459] INEL
[12:29:09] 🔄 Identity reset
[12:29:09] 🔄 Identity rotated (every 10 requests)
[12:29:09] 🔄 Retry 1/5 for INEL in 3.0s
[12:29:09] 🔄 Identity reset
[12:29:12] 🧠 New identity created
[12:29:13] [205/459] COAC
[12:29:14] [206/459] WVLK
[12:29:15] [207/459] PPXL
[12:29:15] [208/459] PSML
[12:29:16] [209/459] FNLK
[12:29:17] [210/459] ILUM
[12:29:18] [211/459] ILCM
[12:29:19] [212/459] MSNL
[12:29:20] [213/459] VINB
[12:29:20] 🔄 Identity reset
[12:29:20] 🔄 Identity rotated (every 10 requests)
[12:29:20] 🔄 Retry 1/5 for VINB in 2.4s
[12:29:20] 🔄 Identity reset
[12:29:23] 🧠 New identity created
[12:29:23] [214/459] SALW
[12:29:24] [215/459] PRTB
[12:29:24] [216/459] NCIL
[12:29:25] [217/459] PSUL
[12:29:26] [218/459] SCLK
[12:29:27] [219/459] ADDC
[12:29:28] [220/459] OACL
[12:29:29] [221/459] OOCF
[12:29:30] [222/459] GPMF
[12:29:31] 🔄 Identity reset
[12:29:31] 🔄 Identity rotated (every 10 requests)
[12:29:31] [223/459] SSDG
[12:29:32] [224/459] SKRS
[12:29:33] [225/459] NTTP
[12:29:34] [226/459] SLTP
[12:29:35] [227/459] JTLC
[12:29:36] [228/459] POON
[12:29:37] [229/459] CCPC
[12:29:38] [230/459] DCKC
[12:29:40] [231/459] CPRT
[12:29:41] [232/459] EYHZ
[12:29:41] 🔄 Identity reset
[12:29:41] 🔄 Identity rotated (every 10 requests)
[12:29:42] [233/459] ARBL
[12:29:43] [234/459] SBTB
[12:29:43] [235/459] MMCK
[12:29:44] [236/459] PLMR
[12:29:45] [237/459] BIJH
[12:29:46] [238/459] SDRT
[12:29:47] [239/459] PRDC
[12:29:48] [240/459] OMJA
[12:29:49] [241/459] VKCR
[12:29:49] [242/459] ATRT
[12:29:50] 🔄 Identity reset
[12:29:50] 🔄 Identity rotated (every 10 requests)
[12:29:50] [243/459] WVRP
[12:29:51] [244/459] MVRP
[12:29:52] [245/459] FCAX
[12:29:53] [246/459] CTLC
[12:29:54] [247/459] JCHB
[12:29:55] [248/459] SELP
[12:29:55] [249/459] VCPG
[12:29:56] [250/459] ASCX
[12:29:57] [251/459] EOCS
[12:29:58] [252/459] RCPH
[12:29:59] 🔄 Identity reset
[12:29:59] 🔄 Identity rotated (every 10 requests)
[12:29:59] [253/459] RJTM
[12:30:00] [254/459] SGMD
[12:30:00] [255/459] SVJT
[12:30:01] [256/459] SPPO
[12:30:02] [257/459] MNRL
[12:30:03] [258/459] KNOX
[12:30:04] [259/459] GIER
[12:30:05] [260/459] PJMS
[12:30:06] [261/459] UNSP
[12:30:06] [262/459] JETP
[12:30:07] 🔄 Identity reset
[12:30:07] 🔄 Identity rotated (every 10 requests)
[12:30:08] [263/459] VTWA
[12:30:09] [264/459] SCJI
[12:30:10] [265/459] CBZZ
[12:30:11] [266/459] SDCJ
[12:30:11] [267/459] RRCC
[12:30:12] [268/459] VNKG
[12:30:13] [269/459] LKTO
[12:30:14] [270/459] PJRM
[12:30:15] [271/459] NVRM
[12:30:16] [272/459] SJCS
[12:30:16] 🔄 Identity reset
[12:30:16] 🔄 Identity rotated (every 10 requests)
[12:30:17] [273/459] VIGK
[12:30:17] [274/459] ANST
[12:30:18] [275/459] JTTS
[12:30:19] [276/459] NTST
[12:30:20] [277/459] PREB
[12:30:21] [278/459] TSCZ
[12:30:22] [279/459] CDCM
[12:30:22] [280/459] ELYE
[12:30:23] [281/459] INBS
[12:30:24] [282/459] SMGC
[12:30:25] 🔄 Identity reset
[12:30:25] 🔄 Identity rotated (every 10 requests)
[12:30:25] [283/459] UTMP
[12:30:27] [284/459] INTA
[12:30:28] [285/459] OMPT
[12:30:29] [286/459] SCIR
[12:30:29] [287/459] GCKJ
[12:30:31] [288/459] INOG
[12:30:32] [289/459] SMGB
[12:30:32] [290/459] MCSG
[12:30:33] [291/459] STKG
[12:30:34] [292/459] TTKG
[12:30:34] 🔄 Identity reset
[12:30:34] 🔄 Identity rotated (every 10 requests)
[12:30:35] [293/459] SRTR
[12:30:35] [294/459] ETTR
[12:30:36] [295/459] GGGZ
[12:30:37] [296/459] IPGM
[12:30:38] [297/459] FCDH
[12:30:39] [298/459] DESB
[12:30:40] [299/459] VNTP
[12:30:41] [300/459] ANNT
[12:30:42] [301/459] SLTI
[12:30:43] [302/459] MAJU
[12:30:43] 🔄 Identity reset
[12:30:43] 🔄 Identity rotated (every 10 requests)
[12:30:43] 🔄 Retry 1/5 for MAJU in 2.9s
[12:30:43] 🔄 Identity reset
[12:30:46] 🧠 New identity created
[12:30:47] [303/459] JCXP
[12:30:47] [304/459] HARK
[12:30:48] [305/459] JPCJ
[12:30:49] [306/459] RXBD
[12:30:50] [307/459] PTKJ
[12:30:51] [308/459] CMTU
[12:30:52] [309/459] SWOR
[12:30:53] [310/459] JMEX
[12:30:54] [311/459] DTPT
[12:30:54] 🔄 Identity reset
[12:30:54] 🔄 Identity rotated (every 10 requests)
[12:30:54] [312/459] VGMM
[12:30:55] [313/459] VCSG
[12:30:56] [314/459] CVCG
[12:30:57] [315/459] TNTT
[12:30:58] [316/459] SHRM
[12:30:58] [317/459] CGKD
[12:30:59] [318/459] EKCM
[12:31:00] [319/459] SDCX
[12:31:01] [320/459] SBTE
[12:31:02] [321/459] STKJ
[12:31:02] 🔄 Identity reset
[12:31:02] 🔄 Identity rotated (every 10 requests)
[12:31:03] [322/459] TPCE
[12:31:04] [323/459] JTNP
[12:31:04] [324/459] LPCH
[12:31:05] [325/459] CPUO
[12:31:06] [326/459] APSU
[12:31:07] [327/459] RTHC
[12:31:08] [328/459] PTBU
[12:31:09] [329/459] CUCC
[12:31:10] [330/459] CPSA
[12:31:10] [331/459] SUAY
[12:31:11] 🔄 Identity reset
[12:31:11] 🔄 Identity rotated (every 10 requests)
[12:31:11] [332/459] AYAA
[12:31:12] [333/459] MUCH
[12:31:13] [334/459] PCIN
[12:31:14] [335/459] JRRM
[12:31:15] [336/459] KATS
[12:31:16] [337/459] MHFF
[12:31:17] [338/459] ESYM
[12:31:18] [339/459] STYV
[12:31:19] [340/459] SDKG
[12:31:20] [341/459] SMTI
[12:31:21] 🔄 Identity reset
[12:31:21] 🔄 Identity rotated (every 10 requests)
[12:31:21] [342/459] NYCS
[12:31:22] [343/459] MTBG
[12:31:22] [344/459] RHCA
[12:31:23] [345/459] PCKH
[12:31:25] [346/459] ARCR
[12:31:26] [347/459] NCMB
[12:31:26] [348/459] SHYC
[12:31:27] [349/459] LACK
[12:31:28] [350/459] MTCM
[12:31:29] [351/459] RRBN
[12:31:29] 🔄 Identity reset
[12:31:29] 🔄 Identity rotated (every 10 requests)
[12:31:31] [352/459] MYDC
[12:31:31] [353/459] STCS
[12:31:32] [354/459] CONN
[12:31:33] [355/459] SIPS
[12:31:34] [356/459] SMMX
[12:31:35] [357/459] SCBY
[12:31:36] [358/459] SUAP
[12:31:37] [359/459] RSMK
[12:31:39] [360/459] STKP
[12:31:40] [361/459] CIPC
[12:31:40] 🔄 Identity reset
[12:31:40] 🔄 Identity rotated (every 10 requests)
[12:31:41] [362/459] KKCI
[12:31:42] [363/459] CTNK
[12:31:44] [364/459] MMTZ
[12:31:44] [365/459] DCCO
[12:31:46] [366/459] VNMN
[12:31:47] [367/459] RLCN
[12:31:48] [368/459] CMMS
[12:31:48] [369/459] AYOU
[12:31:49] [370/459] SSCN
[12:31:50] [371/459] SMXN
[12:31:50] 🔄 Identity reset
[12:31:50] 🔄 Identity rotated (every 10 requests)
[12:31:51] [372/459] ASSK
[12:31:52] [373/459] VCKM
[12:31:52] [374/459] PCPH
[12:31:53] [375/459] PADM
[12:31:54] [376/459] IESA
[12:31:55] [377/459] VCSP
[12:31:56] [378/459] AEST
[12:31:57] [379/459] VTNR
[12:31:57] [380/459] GTTA
[12:31:59] [381/459] CMMM
[12:31:59] 🔄 Identity reset
[12:31:59] 🔄 Identity rotated (every 10 requests)
[12:32:00] [382/459] AHKT
[12:32:01] [383/459] SIJI
[12:32:02] [384/459] VCEI
[12:32:03] [385/459] SAKR
[12:32:03] [386/459] VSMT
[12:32:04] [387/459] SSCT
[12:32:05] [388/459] USTR
[12:32:06] [389/459] MTKT
[12:32:07] [390/459] TGMP
[12:32:08] [391/459] SIVC
[12:32:09] 🔄 Identity reset
[12:32:09] 🔄 Identity rotated (every 10 requests)
[12:32:09] 🔄 Retry 1/5 for SIVC in 2.6s
[12:32:09] 🔄 Identity reset
[12:32:11] 🧠 New identity created
[12:32:12] [392/459] KICT
[12:32:12] [393/459] DAMD
[12:32:13] [394/459] CNPT
[12:32:14] [395/459] RVTT
[12:32:15] [396/459] SNCM
[12:32:16] [397/459] GHTE
[12:32:17] [398/459] PPAM
[12:32:18] [399/459] PVAA
[12:32:19] [400/459] CPAO
[12:32:20] 🔄 Identity reset
[12:32:20] 🔄 Identity rotated (every 10 requests)
[12:32:20] [401/459] HAMD
[12:32:21] [402/459] RCCA
[12:32:22] [403/459] MPCH
[12:32:24] [404/459] ARED
[12:32:24] [405/459] RRCV
[12:32:25] [406/459] MTRB
[12:32:26] [407/459] CKUA
[12:32:27] [408/459] ABMP
[12:32:28] [409/459] RCWA
[12:32:29] [410/459] CGAR
[12:32:30] 🔄 Identity reset
[12:32:30] 🔄 Identity rotated (every 10 requests)
[12:32:30] [411/459] METH
[12:32:32] [412/459] WAGA
[12:32:33] [413/459] MCMA
[12:32:34] [414/459] CSMP
[12:32:35] [415/459] RCNK
[12:32:36] [416/459] PSTM
[12:32:37] [417/459] CSEP
[12:32:38] [418/459] AMGD
[12:32:39] [419/459] CSTE
[12:32:40] [420/459] CONS
[12:32:40] 🔄 Identity reset
[12:32:40] 🔄 Identity rotated (every 10 requests)
[12:32:40] 🔄 Retry 1/5 for CONS in 3.0s
[12:32:40] 🔄 Identity reset
[12:32:44] 🧠 New identity created
[12:32:44] 🔄 Retry 2/5 for CONS in 4.7s
[12:32:44] 🔄 Identity reset
[12:32:48] 🧠 New identity created
[12:32:48] 🔄 Retry 3/5 for CONS in 8.6s
[12:32:48] 🔄 Identity reset
[12:32:57] 🧠 New identity created
[12:32:57] 🔄 Retry 4/5 for CONS in 16.6s
[12:32:57] 🔄 Identity reset
[12:33:14] 🧠 New identity created
[12:33:14] [421/459] APPX
[12:33:15] [422/459] MABC
[12:33:15] [423/459] CXST
[12:33:16] [424/459] MATN
[12:33:17] [425/459] MACZ
[12:33:18] [426/459] MASA
[12:33:19] 🔄 Identity reset
[12:33:19] 🔄 Identity rotated (every 10 requests)
[12:33:19] [427/459] MBSX
[12:33:20] [428/459] CSST
[12:33:21] [429/459] APCL
[12:33:21] [430/459] CGOS
[12:33:22] [431/459] CPEC
[12:33:23] [432/459] MCCP
[12:33:24] [433/459] BSSO
[12:33:25] [434/459] SJKA
[12:33:26] [435/459] CGBO
[12:33:27] [436/459] MVSK
[12:33:27] 🔄 Identity reset
[12:33:27] 🔄 Identity rotated (every 10 requests)
[12:33:28] [437/459] HVCA
[12:33:28] [438/459] NAMD
[12:33:29] [439/459] DEVI
[12:33:30] [440/459] SCSV
[12:33:31] [441/459] PSMA
[12:33:32] [442/459] CLDJ
[12:33:33] [443/459] NMAD
[12:33:34] [444/459] CGMO
[12:33:35] [445/459] MCNA
[12:33:36] [446/459] OCBN
[12:33:37] 🔄 Identity reset
[12:33:37] 🔄 Identity rotated (every 10 requests)
[12:33:37] [447/459] CPEM
[12:33:38] [448/459] CPSM
[12:33:39] [449/459] RCAD
[12:33:40] [450/459] CPMU
[12:33:41] [451/459] DICD
[12:33:41] [452/459] CHOE
[12:33:42] [453/459] PDJM
[12:33:43] [454/459] SSTU
[12:33:44] [455/459] VNRN
[12:33:44] [456/459] PVLG
[12:33:45] 🔄 Identity reset
[12:33:45] 🔄 Identity rotated (every 10 requests)
[12:33:45] [457/459] SWBL
[12:33:46] [458/459] SCAB
[12:33:47] [459/459] RDDA
[12:33:48] 🧹 Deduping shows
[12:33:48] ✅ DONE | Shows=42 | Movies=7
[22:09:50] 🚀 SCRIPT STARTED (enhanced anti‑detection)
[22:09:50] [1/459] MCCZ
[22:09:51] 🧠 New identity created
[22:09:51] 🔄 Retry 1/5 for MCCZ in 2.5s
[22:09:51] 🔄 Identity reset
[22:09:53] 🧠 New identity created
[22:09:54] [2/459] FRPU
[22:09:55] [3/459] SKSI
[22:09:56] [4/459] SSCK
[22:09:57] [5/459] SRDC
[22:09:59] [6/459] RSCZ
[22:09:59] [7/459] PRVT
[22:10:00] [8/459] GAGJ
[22:10:02] [9/459] SMHG
[22:10:03] 🔄 Identity reset
[22:10:03] 🔄 Identity rotated (every 10 requests)
[22:10:03] [10/459] JTST
[22:10:04] [11/459] MYTH
[22:10:05] [12/459] JPCC
[22:10:06] [13/459] ACDC
[22:10:07] [14/459] SVFP
[22:10:08] [15/459] SFCM
[22:10:09] [16/459] RUPK
[22:10:10] [17/459] NTCR
[22:10:11] [18/459] RTCH
[22:10:12] [19/459] SCMH
[22:10:13] 🔄 Identity reset
[22:10:13] 🔄 Identity rotated (every 10 requests)
[22:10:13] [20/459] SVYM
[22:10:14] [21/459] SPYM
[22:10:16] [22/459] SMMF
[22:10:17] [23/459] CLLB
[22:10:18] [24/459] FMCB
[22:10:20] [25/459] BBTC
[22:10:21] [26/459] NTHS
[22:10:22] [27/459] PKKJ
[22:10:23] [28/459] MTJA
[22:10:24] [29/459] PMSJ
[22:10:25] 🔄 Identity reset
[22:10:25] 🔄 Identity rotated (every 10 requests)
[22:10:27] [30/459] JMJU
[22:10:29] [31/459] SRAD
[22:10:30] [32/459] MJMC
[22:10:31] [33/459] DFRM
[22:10:32] [34/459] PMRS
[22:10:33] [35/459] RKPP
[22:10:34] [36/459] BMBK
[22:10:35] [37/459] NEWS
[22:10:36] [38/459] SALB
[22:10:37] [39/459] SCPW
[22:10:38] 🔄 Identity reset
[22:10:38] 🔄 Identity rotated (every 10 requests)
[22:10:38] [40/459] RAYL
[22:10:39] [41/459] CMGJ
[22:10:40] [42/459] JRCR
[22:10:41] [43/459] SRTB
[22:10:42] [44/459] ETPB
[22:10:43] [45/459] MXBN
[22:10:44] [46/459] TOPE
[22:10:45] [47/459] SNLJ
[22:10:46] [48/459] CDDP
[22:10:47] [49/459] APCX
[22:10:48] 🔄 Identity reset
[22:10:48] 🔄 Identity rotated (every 10 requests)
[22:10:48] [50/459] TALP
[22:10:49] [51/459] RRMP
[22:10:51] [52/459] MAHB
[22:10:52] [53/459] MTKR
[22:10:54] [54/459] KSKL
[22:10:55] [55/459] RJLT
[22:10:56] [56/459] ATAS
[22:10:57] [57/459] AMHR
[22:10:58] [58/459] RSRM
[22:10:59] [59/459] GCAT
[22:11:00] 🔄 Identity reset
[22:11:00] 🔄 Identity rotated (every 10 requests)
[22:11:00] [60/459] SMML
[22:11:01] [61/459] ACCD
[22:11:02] [62/459] VYDA
[22:11:04] [63/459] MSKT
[22:11:05] [64/459] AVDM
[22:11:06] [65/459] ASMH
[22:11:07] [66/459] VTMB
[22:11:08] [67/459] WVMB
[22:11:10] [68/459] PPMN
[22:11:12] [69/459] MTMD
[22:11:12] 🔄 Identity reset
[22:11:12] 🔄 Identity rotated (every 10 requests)
[22:11:13] [70/459] SMMO
[22:11:14] [71/459] DLPB
[22:11:15] [72/459] AKMD
[22:11:16] [73/459] SHRR
[22:11:17] [74/459] ASCO
[22:11:18] [75/459] CZVX
[22:11:19] [76/459] GCBB
[22:11:20] [77/459] ATBM
[22:11:21] [78/459] TCGM
[22:11:22] [79/459] UMSE
[22:11:22] 🔄 Identity reset
[22:11:22] 🔄 Identity rotated (every 10 requests)
[22:11:23] [80/459] NKCL
[22:11:23] [81/459] BTLR
[22:11:25] [82/459] GOCL
[22:11:26] [83/459] MIRN
[22:11:27] [84/459] THEC
[22:11:28] [85/459] SPPB
[22:11:29] [86/459] PMMM
[22:11:30] [87/459] GGMC
[22:11:31] [88/459] AVSR
[22:11:32] [89/459] RDMH
[22:11:33] 🔄 Identity reset
[22:11:33] 🔄 Identity rotated (every 10 requests)
[22:11:34] [90/459] JSRS
[22:11:35] [91/459] VKGP
[22:11:36] [92/459] ACRT
[22:11:37] [93/459] GCBA
[22:11:38] [94/459] GTCP
[22:11:39] [95/459] AKFC
[22:11:40] [96/459] INCS
[22:11:42] [97/459] SMCK
[22:11:43] [98/459] BRUN
[22:11:44] [99/459] RPPC
[22:11:45] 🔄 Identity reset
[22:11:45] 🔄 Identity rotated (every 10 requests)
[22:11:45] [100/459] PAYD
[22:11:46] [101/459] SVVT
[22:11:48] [102/459] RNCC
[22:11:49] [103/459] PCRC
[22:11:51] [104/459] PMRM
[22:11:52] [105/459] CCRP
[22:11:53] [106/459] INCR
[22:11:54] [107/459] ZTMP
[22:11:55] [108/459] MCNR
[22:11:56] [109/459] INRP
[22:11:56] 🔄 Identity reset
[22:11:56] 🔄 Identity rotated (every 10 requests)
[22:11:57] [110/459] STRC
[22:11:58] [111/459] RATI
[22:11:59] [112/459] PBTR
[22:12:00] [113/459] CMHP
[22:12:00] [114/459] ZECJ
[22:12:02] [115/459] CCCB
[22:12:03] [116/459] BWCB
[22:12:04] [117/459] CCAT
[22:12:05] [118/459] KGCM
[22:12:06] [119/459] INPT
[22:12:07] 🔄 Identity reset
[22:12:07] 🔄 Identity rotated (every 10 requests)
[22:12:07] 🔄 Retry 1/5 for INPT in 2.5s
[22:12:07] 🔄 Identity reset
[22:12:09] 🧠 New identity created
[22:12:10] [120/459] FNCO
[22:12:11] [121/459] SRMJ
[22:12:12] [122/459] PFSC
[22:12:13] [123/459] PBMC
[22:12:14] [124/459] KARP
[22:12:16] [125/459] KOVI
[22:12:17] [126/459] ACXL
[22:12:18] [127/459] GKCC
[22:12:20] [128/459] ASCC
[22:12:20] 🔄 Identity reset
[22:12:20] 🔄 Identity rotated (every 10 requests)
[22:12:21] [129/459] SETC
[22:12:22] [130/459] KACC
[22:12:23] [131/459] KAVE
[22:12:23] [132/459] CNTC
[22:12:24] [133/459] MEEN
[22:12:26] [134/459] BMRV
[22:12:27] [135/459] SVAM
[22:12:29] [136/459] VTBP
[22:12:30] [137/459] VCKN
[22:12:31] [138/459] SGTK
[22:12:32] 🔄 Identity reset
[22:12:32] 🔄 Identity rotated (every 10 requests)
[22:12:33] [139/459] RCGS
[22:12:34] [140/459] RCCB
[22:12:36] [141/459] RKSR
[22:12:37] [142/459] RKCU
[22:12:38] [143/459] GIBH
[22:12:40] [144/459] CXBS
[22:12:41] [145/459] GGCB
[22:12:42] [146/459] SCPB
[22:12:43] [147/459] AKTB
[22:12:44] [148/459] SRBU
[22:12:45] 🔄 Identity reset
[22:12:45] 🔄 Identity rotated (every 10 requests)
[22:12:45] [149/459] CSSA
[22:12:46] [150/459] MYAN
[22:12:47] [151/459] EXCA
[22:12:50] [152/459] CKSA
[22:12:51] [153/459] JTNM
[22:12:53] [154/459] CXKT
[22:12:54] [155/459] NCLM
[22:12:55] [156/459] JAAD
[22:12:55] [157/459] RDCR
[22:12:56] [158/459] MEER
[22:12:57] 🔄 Identity reset
[22:12:57] 🔄 Identity rotated (every 10 requests)
[22:12:57] [159/459] SIBT
[22:12:59] [160/459] PVVB
[22:13:00] [161/459] FNPN
[22:13:01] [162/459] CRPX
[22:13:02] [163/459] STET
[22:13:03] [164/459] METE
[22:13:03] [165/459] BJML
[22:13:05] [166/459] MAVT
[22:13:06] [167/459] MSRM
[22:13:07] [168/459] TJMP
[22:13:08] 🔄 Identity reset
[22:13:08] 🔄 Identity rotated (every 10 requests)
[22:13:08] 🔄 Retry 1/5 for TJMP in 2.6s
[22:13:08] 🔄 Identity reset
[22:13:10] 🧠 New identity created
[22:13:11] 🔄 Retry 2/5 for TJMP in 4.7s
[22:13:11] 🔄 Identity reset
[22:13:15] 🧠 New identity created
[22:13:16] [169/459] MHCK
[22:13:17] [170/459] SVGP
[22:13:18] [171/459] KRRC
[22:13:19] [172/459] IMCH
[22:13:20] [173/459] CMCS
[22:13:21] [174/459] SGND
[22:13:23] [175/459] RNAT
[22:13:24] [176/459] PRTN
[22:13:25] 🔄 Identity reset
[22:13:25] 🔄 Identity rotated (every 10 requests)
[22:13:25] [177/459] MPTN
[22:13:26] [178/459] ARCC
[22:13:27] [179/459] NTTE
[22:13:28] [180/459] ABND
[22:13:29] [181/459] KCSN
[22:13:30] [182/459] KCSA
[22:13:34] [183/459] DCKT
[22:13:35] [184/459] MBBR
[22:13:36] [185/459] RAMU
[22:13:37] [186/459] RACW
[22:13:38] 🔄 Identity reset
[22:13:38] 🔄 Identity rotated (every 10 requests)
[22:13:38] 🔄 Retry 1/5 for RACW in 2.0s
[22:13:38] 🔄 Identity reset
[22:13:40] 🧠 New identity created
[22:13:40] 🔄 Retry 2/5 for RACW in 4.7s
[22:13:40] 🔄 Identity reset
[22:13:44] 🧠 New identity created
[22:13:46] [187/459] MCHP
[22:13:47] [188/459] TMHM
[22:13:48] [189/459] STXH
[22:13:49] [190/459] AGSG
[22:13:50] [191/459] SIRA
[22:13:52] [192/459] RCAN
[22:13:53] [193/459] CWTB
[22:13:54] [194/459] VTYM
[22:13:55] 🔄 Identity reset
[22:13:55] 🔄 Identity rotated (every 10 requests)
[22:13:55] 🔄 Retry 1/5 for VTYM in 2.2s
[22:13:55] 🔄 Identity reset
[22:13:57] 🧠 New identity created
[22:13:57] [195/459] RRPP
[22:13:59] [196/459] ASMR
[22:14:01] [197/459] RONO
[22:14:02] [198/459] MEMR
[22:14:05] [199/459] CTMR
[22:14:06] [200/459] PMTT
[22:14:08] [201/459] PSLX
[22:14:09] [202/459] IPPL
[22:14:10] [203/459] MMSG
[22:14:10] 🔄 Identity reset
[22:14:10] 🔄 Identity rotated (every 10 requests)
[22:14:13] [204/459] INEL
[22:14:14] [205/459] COAC
[22:14:15] [206/459] WVLK
[22:14:16] [207/459] PPXL
[22:14:17] [208/459] PSML
[22:14:18] [209/459] FNLK
[22:14:20] [210/459] ILUM
[22:14:21] [211/459] ILCM
[22:14:22] [212/459] MSNL
[22:14:23] [213/459] VINB
[22:14:23] 🔄 Identity reset
[22:14:23] 🔄 Identity rotated (every 10 requests)
[22:14:24] [214/459] SALW
[22:14:25] [215/459] PRTB
[22:14:26] [216/459] NCIL
[22:14:27] [217/459] PSUL
[22:14:28] [218/459] SCLK
[22:14:30] [219/459] ADDC
[22:14:31] [220/459] OACL
[22:14:32] [221/459] OOCF
[22:14:33] [222/459] GPMF
[22:14:34] [223/459] SSDG
[22:14:35] 🔄 Identity reset
[22:14:35] 🔄 Identity rotated (every 10 requests)
[22:14:36] [224/459] SKRS
[22:14:37] [225/459] NTTP
[22:14:38] [226/459] SLTP
[22:14:39] [227/459] JTLC
[22:14:40] [228/459] POON
[22:14:41] [229/459] CCPC
[22:14:42] [230/459] DCKC
[22:14:44] [231/459] CPRT
[22:14:45] [232/459] EYHZ
[22:14:46] [233/459] ARBL
[22:14:47] 🔄 Identity reset
[22:14:47] 🔄 Identity rotated (every 10 requests)
[22:14:47] 🔄 Retry 1/5 for ARBL in 2.0s
[22:14:47] 🔄 Identity reset
[22:14:49] 🧠 New identity created
[22:14:49] [234/459] SBTB
[22:14:50] [235/459] MMCK
[22:14:51] [236/459] PLMR
[22:14:52] [237/459] BIJH
[22:14:53] [238/459] SDRT
[22:14:54] [239/459] PRDC
[22:14:55] [240/459] OMJA
[22:14:56] [241/459] VKCR
[22:14:57] [242/459] ATRT
[22:14:58] 🔄 Identity reset
[22:14:58] 🔄 Identity rotated (every 10 requests)
[22:14:58] [243/459] WVRP
[22:14:59] [244/459] MVRP
[22:15:00] [245/459] FCAX
[22:15:01] [246/459] CTLC
[22:15:03] [247/459] JCHB
[22:15:04] [248/459] SELP
[22:15:05] [249/459] VCPG
[22:15:07] [250/459] ASCX
[22:15:08] [251/459] EOCS
[22:15:09] [252/459] RCPH
[22:15:09] 🔄 Identity reset
[22:15:09] 🔄 Identity rotated (every 10 requests)
[22:15:10] 🔄 Retry 1/5 for RCPH in 2.5s
[22:15:10] 🔄 Identity reset
[22:15:12] 🧠 New identity created
[22:15:14] [253/459] RJTM
[22:15:15] [254/459] SGMD
[22:15:16] [255/459] SVJT
[22:15:17] [256/459] SPPO
[22:15:18] [257/459] MNRL
[22:15:19] [258/459] KNOX
[22:15:20] [259/459] GIER
[22:15:21] [260/459] PJMS
[22:15:22] [261/459] UNSP
[22:15:23] 🔄 Identity reset
[22:15:23] 🔄 Identity rotated (every 10 requests)
[22:15:23] [262/459] JETP
[22:15:25] [263/459] VTWA
[22:15:26] [264/459] SCJI
[22:15:27] [265/459] CBZZ
[22:15:28] [266/459] SDCJ
[22:15:29] [267/459] RRCC
[22:15:29] [268/459] VNKG
[22:15:30] [269/459] LKTO
[22:15:31] [270/459] PJRM
[22:15:33] [271/459] NVRM
[22:15:34] 🔄 Identity reset
[22:15:34] 🔄 Identity rotated (every 10 requests)
[22:15:34] 🔄 Retry 1/5 for NVRM in 2.9s
[22:15:34] 🔄 Identity reset
[22:15:37] 🧠 New identity created
[22:15:37] [272/459] SJCS
[22:15:38] [273/459] VIGK
[22:15:39] [274/459] ANST
[22:15:40] [275/459] JTTS
[22:15:41] [276/459] NTST
[22:15:42] [277/459] PREB
[22:15:43] [278/459] TSCZ
[22:15:44] [279/459] CDCM
[22:15:45] [280/459] ELYE
[22:15:46] 🔄 Identity reset
[22:15:46] 🔄 Identity rotated (every 10 requests)
[22:15:46] [281/459] INBS
[22:15:47] [282/459] SMGC
[22:15:48] [283/459] UTMP
[22:15:49] [284/459] INTA
[22:15:50] [285/459] OMPT
[22:15:51] [286/459] SCIR
[22:15:52] [287/459] GCKJ
[22:15:53] [288/459] INOG
[22:15:55] [289/459] SMGB
[22:15:56] [290/459] MCSG
[22:15:57] 🔄 Identity reset
[22:15:57] 🔄 Identity rotated (every 10 requests)
[22:15:57] 🔄 Retry 1/5 for MCSG in 2.5s
[22:15:57] 🔄 Identity reset
[22:16:00] 🧠 New identity created
[22:16:00] [291/459] STKG
[22:16:01] [292/459] TTKG
[22:16:02] [293/459] SRTR
[22:16:03] [294/459] ETTR
[22:16:04] [295/459] GGGZ
[22:16:05] [296/459] IPGM
[22:16:07] [297/459] FCDH
[22:16:13] [298/459] DESB
[22:16:14] [299/459] VNTP
[22:16:15] 🔄 Identity reset
[22:16:15] 🔄 Identity rotated (every 10 requests)
[22:16:15] [300/459] ANNT
[22:16:17] [301/459] SLTI
[22:16:18] [302/459] MAJU
[22:16:18] [303/459] JCXP
[22:16:20] [304/459] HARK
[22:16:20] [305/459] JPCJ
[22:16:22] [306/459] RXBD
[22:16:23] [307/459] PTKJ
[22:16:24] [308/459] CMTU
[22:16:25] [309/459] SWOR
[22:16:26] 🔄 Identity reset
[22:16:26] 🔄 Identity rotated (every 10 requests)
[22:16:26] [310/459] JMEX
[22:16:27] [311/459] DTPT
[22:16:28] [312/459] VGMM
[22:16:29] [313/459] VCSG
[22:16:30] [314/459] CVCG
[22:16:31] [315/459] TNTT
[22:16:32] [316/459] SHRM
[22:16:33] [317/459] CGKD
[22:16:36] [318/459] EKCM
[22:16:37] [319/459] SDCX
[22:16:37] 🔄 Identity reset
[22:16:37] 🔄 Identity rotated (every 10 requests)
[22:16:38] [320/459] SBTE
[22:16:39] [321/459] STKJ
[22:16:40] [322/459] TPCE
[22:16:41] [323/459] JTNP
[22:16:43] [324/459] LPCH
[22:16:44] [325/459] CPUO
[22:16:45] [326/459] APSU
[22:16:46] [327/459] RTHC
[22:16:47] [328/459] PTBU
[22:16:48] [329/459] CUCC
[22:16:48] 🔄 Identity reset
[22:16:48] 🔄 Identity rotated (every 10 requests)
[22:16:49] [330/459] CPSA
[22:16:50] [331/459] SUAY
[22:16:51] [332/459] AYAA
[22:16:52] [333/459] MUCH
[22:16:52] [334/459] PCIN
[22:16:53] [335/459] JRRM
[22:16:54] [336/459] KATS
[22:16:56] [337/459] MHFF
[22:16:57] [338/459] ESYM
[22:16:58] [339/459] STYV
[22:16:58] 🔄 Identity reset
[22:16:58] 🔄 Identity rotated (every 10 requests)
[22:16:59] [340/459] SDKG
[22:17:00] [341/459] SMTI
[22:17:03] [342/459] NYCS
[22:17:04] [343/459] MTBG
[22:17:04] [344/459] RHCA
[22:17:05] [345/459] PCKH
[22:17:06] [346/459] ARCR
[22:17:08] [347/459] NCMB
[22:17:09] [348/459] SHYC
[22:17:10] [349/459] LACK
[22:17:11] 🔄 Identity reset
[22:17:11] 🔄 Identity rotated (every 10 requests)
[22:17:11] [350/459] MTCM
[22:17:12] [351/459] RRBN
[22:17:13] [352/459] MYDC
[22:17:14] [353/459] STCS
[22:17:15] [354/459] CONN
[22:17:16] [355/459] SIPS
[22:17:17] [356/459] SMMX
[22:17:18] [357/459] SCBY
[22:17:19] [358/459] SUAP
[22:17:20] [359/459] RSMK
[22:17:20] 🔄 Identity reset
[22:17:20] 🔄 Identity rotated (every 10 requests)
[22:17:21] [360/459] STKP
[22:17:22] [361/459] CIPC
[22:17:23] [362/459] KKCI
[22:17:24] [363/459] CTNK
[22:17:25] [364/459] MMTZ
[22:17:26] [365/459] DCCO
[22:17:27] [366/459] VNMN
[22:17:28] [367/459] RLCN
[22:17:29] [368/459] CMMS
[22:17:30] [369/459] AYOU
[22:17:31] 🔄 Identity reset
[22:17:31] 🔄 Identity rotated (every 10 requests)
[22:17:31] 🔄 Retry 1/5 for AYOU in 2.9s
[22:17:31] 🔄 Identity reset
[22:17:34] 🧠 New identity created
[22:17:34] [370/459] SSCN
[22:17:35] [371/459] SMXN
[22:17:36] [372/459] ASSK
[22:17:37] [373/459] VCKM
[22:17:38] [374/459] PCPH
[22:17:39] [375/459] PADM
[22:17:40] [376/459] IESA
[22:17:41] [377/459] VCSP
[22:17:42] [378/459] AEST
[22:17:42] 🔄 Identity reset
[22:17:42] 🔄 Identity rotated (every 10 requests)
[22:17:43] [379/459] VTNR
[22:17:44] [380/459] GTTA
[22:17:44] [381/459] CMMM
[22:17:45] [382/459] AHKT
[22:17:46] [383/459] SIJI
[22:17:47] [384/459] VCEI
[22:17:48] [385/459] SAKR
[22:17:49] [386/459] VSMT
[22:17:51] [387/459] SSCT
[22:17:52] [388/459] USTR
[22:17:52] 🔄 Identity reset
[22:17:52] 🔄 Identity rotated (every 10 requests)
[22:17:53] [389/459] MTKT
[22:17:54] [390/459] TGMP
[22:17:55] [391/459] SIVC
[22:17:56] [392/459] KICT
[22:17:57] [393/459] DAMD
[22:17:58] [394/459] CNPT
[22:18:00] [395/459] RVTT
[22:18:01] [396/459] SNCM
[22:18:02] [397/459] GHTE
[22:18:03] [398/459] PPAM
[22:18:03] 🔄 Identity reset
[22:18:03] 🔄 Identity rotated (every 10 requests)
[22:18:04] [399/459] PVAA
[22:18:05] [400/459] CPAO
[22:18:06] [401/459] HAMD
[22:18:07] [402/459] RCCA
[22:18:08] [403/459] MPCH
[22:18:09] [404/459] ARED
[22:18:10] [405/459] RRCV
[22:18:11] [406/459] MTRB
[22:18:12] [407/459] CKUA
[22:18:13] [408/459] ABMP
[22:18:14] 🔄 Identity reset
[22:18:14] 🔄 Identity rotated (every 10 requests)
[22:18:14] 🔄 Retry 1/5 for ABMP in 2.5s
[22:18:14] 🔄 Identity reset
[22:18:16] 🧠 New identity created
[22:18:17] [409/459] RCWA
[22:18:18] [410/459] CGAR
[22:18:19] [411/459] METH
[22:18:20] [412/459] WAGA
[22:18:22] [413/459] MCMA
[22:18:24] [414/459] CSMP
[22:18:25] [415/459] RCNK
[22:18:25] [416/459] PSTM
[22:18:26] [417/459] CSEP
[22:18:27] 🔄 Identity reset
[22:18:27] 🔄 Identity rotated (every 10 requests)
[22:18:27] 🔄 Retry 1/5 for CSEP in 2.1s
[22:18:27] 🔄 Identity reset
[22:18:29] 🧠 New identity created
[22:18:30] [418/459] AMGD
[22:18:30] [419/459] CSTE
[22:18:31] [420/459] CONS
[22:18:32] [421/459] APPX
[22:18:33] [422/459] MABC
[22:18:34] [423/459] CXST
[22:18:35] [424/459] MATN
[22:18:37] [425/459] MACZ
[22:18:38] [426/459] MASA
[22:18:39] 🔄 Identity reset
[22:18:39] 🔄 Identity rotated (every 10 requests)
[22:18:39] [427/459] MBSX
[22:18:40] [428/459] CSST
[22:18:42] [429/459] APCL
[22:18:43] [430/459] CGOS
[22:18:44] [431/459] CPEC
[22:18:45] [432/459] MCCP
[22:18:46] [433/459] BSSO
[22:18:47] [434/459] SJKA
[22:18:48] [435/459] CGBO
[22:18:49] [436/459] MVSK
[22:18:50] 🔄 Identity reset
[22:18:50] 🔄 Identity rotated (every 10 requests)
[22:18:51] [437/459] HVCA
[22:18:52] [438/459] NAMD
[22:18:53] [439/459] DEVI
[22:18:54] [440/459] SCSV
[22:18:55] [441/459] PSMA
[22:18:58] [442/459] CLDJ
[22:18:59] [443/459] NMAD
[22:19:00] [444/459] CGMO
[22:19:01] [445/459] MCNA
[22:19:02] [446/459] OCBN
[22:19:02] 🔄 Identity reset
[22:19:02] 🔄 Identity rotated (every 10 requests)
[22:19:03] [447/459] CPEM
[22:19:04] [448/459] CPSM
[22:19:05] [449/459] RCAD
[22:19:06] [450/459] CPMU
[22:19:07] [451/459] DICD
[22:19:08] [452/459] CHOE
[22:19:09] [453/459] PDJM
[22:19:10] [454/459] SSTU
[22:19:11] [455/459] VNRN
[22:19:12] [456/459] PVLG
[22:19:12] 🔄 Identity reset
[22:19:12] 🔄 Identity rotated (every 10 requests)
[22:19:13] [457/459] SWBL
[22:19:14] [458/459] SCAB
[22:19:15] [459/459] RDDA
[22:19:16] 🧹 Deduping shows
[22:19:16] ✅ DONE | Shows=66 | Movies=9
[07:13:02] 🚀 SCRIPT STARTED (enhanced anti‑detection)
[07:13:02] [1/459] MCCZ
[07:13:03] 🧠 New identity created
[07:13:03] [2/459] FRPU
[07:13:04] [3/459] SKSI
[07:13:04] [4/459] SSCK
[07:13:05] [5/459] SRDC
[07:13:06] [6/459] RSCZ
[07:13:06] [7/459] PRVT
[07:13:07] [8/459] GAGJ
[07:13:08] [9/459] SMHG
[07:13:09] [10/459] JTST
[07:13:10] 🔄 Identity reset
[07:13:10] 🔄 Identity rotated (every 10 requests)
[07:13:10] [11/459] MYTH
[07:13:11] [12/459] JPCC
[07:13:12] [13/459] ACDC
[07:13:13] [14/459] SVFP
[07:13:13] [15/459] SFCM
[07:13:14] [16/459] RUPK
[07:13:15] [17/459] NTCR
[07:13:16] [18/459] RTCH
[07:13:16] [19/459] SCMH
[07:13:17] [20/459] SVYM
[07:13:18] 🔄 Identity reset
[07:13:18] 🔄 Identity rotated (every 10 requests)
[07:13:18] 🔄 Retry 1/5 for SVYM in 2.9s
[07:13:18] 🔄 Identity reset
[07:13:21] 🧠 New identity created
[07:13:21] [21/459] SPYM
[07:13:22] [22/459] SMMF
[07:13:23] [23/459] CLLB
[07:13:24] [24/459] FMCB
[07:13:24] [25/459] BBTC
[07:13:26] [26/459] NTHS
[07:13:26] [27/459] PKKJ
[07:13:27] [28/459] MTJA
[07:13:28] [29/459] PMSJ
[07:13:29] 🔄 Identity reset
[07:13:29] 🔄 Identity rotated (every 10 requests)
[07:13:29] 🔄 Retry 1/5 for PMSJ in 2.5s
[07:13:29] 🔄 Identity reset
[07:13:31] 🧠 New identity created
[07:13:31] 🔄 Retry 2/5 for PMSJ in 4.3s
[07:13:31] 🔄 Identity reset
[07:13:36] 🧠 New identity created
[07:13:36] 🔄 Retry 3/5 for PMSJ in 9.0s
[07:13:36] 🔄 Identity reset
[07:13:45] 🧠 New identity created
[07:13:45] [30/459] JMJU
[07:13:46] [31/459] SRAD
[07:13:46] [32/459] MJMC
[07:13:47] [33/459] DFRM
[07:13:49] [34/459] PMRS
[07:13:50] [35/459] RKPP
[07:13:51] [36/459] BMBK
[07:13:51] 🔄 Identity reset
[07:13:51] 🔄 Identity rotated (every 10 requests)
[07:13:52] 🔄 Retry 1/5 for BMBK in 2.8s
[07:13:52] 🔄 Identity reset
[07:13:54] 🧠 New identity created
[07:13:54] [37/459] NEWS
[07:13:55] [38/459] SALB
[07:13:56] [39/459] SCPW
[07:13:57] [40/459] RAYL
[07:13:58] [41/459] CMGJ
[07:13:58] [42/459] JRCR
[07:13:59] [43/459] SRTB
[07:14:00] [44/459] ETPB
[07:14:00] [45/459] MXBN
[07:14:01] 🔄 Identity reset
[07:14:01] 🔄 Identity rotated (every 10 requests)
[07:14:02] [46/459] TOPE
[07:14:03] [47/459] SNLJ
[07:14:04] [48/459] CDDP
[07:14:05] [49/459] APCX
[07:14:05] [50/459] TALP
[07:14:06] [51/459] RRMP
[07:14:07] [52/459] MAHB
[07:14:08] [53/459] MTKR
[07:14:10] [54/459] KSKL
[07:14:10] [55/459] RJLT
[07:14:11] 🔄 Identity reset
[07:14:11] 🔄 Identity rotated (every 10 requests)
[07:14:11] [56/459] ATAS
[07:14:12] [57/459] AMHR
[07:14:13] [58/459] RSRM
[07:14:14] [59/459] GCAT
[07:14:15] [60/459] SMML
[07:14:16] [61/459] ACCD
[07:14:17] [62/459] VYDA
[07:14:18] [63/459] MSKT
[07:14:19] [64/459] AVDM
[07:14:20] [65/459] ASMH
[07:14:21] 🔄 Identity reset
[07:14:21] 🔄 Identity rotated (every 10 requests)
[07:14:21] 🔄 Retry 1/5 for ASMH in 2.9s
[07:14:21] 🔄 Identity reset
[07:14:24] 🧠 New identity created
[07:14:24] [66/459] VTMB
[07:14:25] [67/459] WVMB
[07:14:26] [68/459] PPMN
[07:14:26] [69/459] MTMD
[07:14:27] [70/459] SMMO
[07:14:28] [71/459] DLPB
[07:14:28] [72/459] AKMD
[07:14:29] [73/459] SHRR
[07:14:30] [74/459] ASCO
[07:14:31] 🔄 Identity reset
[07:14:31] 🔄 Identity rotated (every 10 requests)
[07:14:31] [75/459] CZVX
[07:14:32] [76/459] GCBB
[07:14:33] [77/459] ATBM
[07:14:34] [78/459] TCGM
[07:14:34] [79/459] UMSE
[07:14:35] [80/459] NKCL
[07:14:36] [81/459] BTLR
[07:14:37] [82/459] GOCL
[07:14:38] [83/459] MIRN
[07:14:38] [84/459] THEC
[07:14:39] 🔄 Identity reset
[07:14:39] 🔄 Identity rotated (every 10 requests)
[07:14:39] [85/459] SPPB
[07:14:40] [86/459] PMMM
[07:14:41] [87/459] GGMC
[07:14:41] [88/459] AVSR
[07:14:42] [89/459] RDMH
[07:14:43] [90/459] JSRS
[07:14:44] [91/459] VKGP
[07:14:44] [92/459] ACRT
[07:14:45] [93/459] GCBA
[07:14:46] [94/459] GTCP
[07:14:46] 🔄 Identity reset
[07:14:46] 🔄 Identity rotated (every 10 requests)
[07:14:46] 🔄 Retry 1/5 for GTCP in 2.5s
[07:14:46] 🔄 Identity reset
[07:14:49] 🧠 New identity created
[07:14:49] 🔄 Retry 2/5 for GTCP in 4.1s
[07:14:49] 🔄 Identity reset
[07:14:53] 🧠 New identity created
[07:14:53] 🔄 Retry 3/5 for GTCP in 8.7s
[07:14:53] 🔄 Identity reset
[07:15:02] 🧠 New identity created
[07:15:02] [95/459] AKFC
[07:15:03] [96/459] INCS
[07:15:04] [97/459] SMCK
[07:15:05] [98/459] BRUN
[07:15:06] [99/459] RPPC
[07:15:07] [100/459] PAYD
[07:15:07] [101/459] SVVT
[07:15:08] 🔄 Identity reset
[07:15:08] 🔄 Identity rotated (every 10 requests)
[07:15:08] 🔄 Retry 1/5 for SVVT in 2.9s
[07:15:08] 🔄 Identity reset
[07:15:11] 🧠 New identity created
[07:15:11] 🔄 Retry 2/5 for SVVT in 4.5s
[07:15:11] 🔄 Identity reset
[07:15:15] 🧠 New identity created
[07:15:15] 🔄 Retry 3/5 for SVVT in 8.9s
[07:15:15] 🔄 Identity reset
[07:15:24] 🧠 New identity created
[07:15:25] [102/459] RNCC
[07:15:25] [103/459] PCRC
[07:15:26] [104/459] PMRM
[07:15:27] [105/459] CCRP
[07:15:27] [106/459] INCR
[07:15:28] [107/459] ZTMP
[07:15:29] [108/459] MCNR
[07:15:29] 🔄 Identity reset
[07:15:29] 🔄 Identity rotated (every 10 requests)
[07:15:30] [109/459] INRP
[07:15:30] [110/459] STRC
[07:15:31] [111/459] RATI
[07:15:32] [112/459] PBTR
[07:15:33] [113/459] CMHP
[07:15:34] [114/459] ZECJ
[07:15:34] [115/459] CCCB
[07:15:35] [116/459] BWCB
[07:15:36] [117/459] CCAT
[07:15:37] [118/459] KGCM
[07:15:38] 🔄 Identity reset
[07:15:38] 🔄 Identity rotated (every 10 requests)
[07:15:38] 🔄 Retry 1/5 for KGCM in 2.9s
[07:15:38] 🔄 Identity reset
[07:15:41] 🧠 New identity created
[07:15:41] [119/459] INPT
[07:15:42] [120/459] FNCO
[07:15:42] [121/459] SRMJ
[07:15:43] [122/459] PFSC
[07:15:44] [123/459] PBMC
[07:15:45] [124/459] KARP
[07:15:45] [125/459] KOVI
[07:15:46] [126/459] ACXL
[07:15:47] [127/459] GKCC
[07:15:48] 🔄 Identity reset
[07:15:48] 🔄 Identity rotated (every 10 requests)
[07:15:48] [128/459] ASCC
[07:15:49] [129/459] SETC
[07:15:50] [130/459] KACC
[07:15:50] [131/459] KAVE
[07:15:51] [132/459] CNTC
[07:15:52] [133/459] MEEN
[07:15:53] [134/459] BMRV
[07:15:54] [135/459] SVAM
[07:15:55] [136/459] VTBP
[07:15:55] [137/459] VCKN
[07:15:56] 🔄 Identity reset
[07:15:56] 🔄 Identity rotated (every 10 requests)
[07:15:56] [138/459] SGTK
[07:15:57] [139/459] RCGS
[07:15:58] [140/459] RCCB
[07:15:58] [141/459] RKSR
[07:15:59] [142/459] RKCU
[07:16:00] [143/459] GIBH
[07:16:01] [144/459] CXBS
[07:16:02] [145/459] GGCB
[07:16:02] [146/459] SCPB
[07:16:03] [147/459] AKTB
[07:16:03] 🔄 Identity reset
[07:16:03] 🔄 Identity rotated (every 10 requests)
[07:16:03] [148/459] SRBU
[07:16:04] [149/459] CSSA
[07:16:06] [150/459] MYAN
[07:16:06] [151/459] EXCA
[07:16:07] [152/459] CKSA
[07:16:08] [153/459] JTNM
[07:16:09] [154/459] CXKT
[07:16:10] [155/459] NCLM
[07:16:11] [156/459] JAAD
[07:16:12] [157/459] RDCR
[07:16:12] 🔄 Identity reset
[07:16:12] 🔄 Identity rotated (every 10 requests)
[07:16:13] [158/459] MEER
[07:16:13] [159/459] SIBT
[07:16:14] [160/459] PVVB
[07:16:15] [161/459] FNPN
[07:16:16] [162/459] CRPX
[07:16:16] [163/459] STET
[07:16:17] [164/459] METE
[07:16:18] [165/459] BJML
[07:16:19] [166/459] MAVT
[07:16:19] [167/459] MSRM
[07:16:20] 🔄 Identity reset
[07:16:20] 🔄 Identity rotated (every 10 requests)
[07:16:20] [168/459] TJMP
[07:16:21] [169/459] MHCK
[07:16:22] [170/459] SVGP
[07:16:23] [171/459] KRRC
[07:16:23] [172/459] IMCH
[07:16:24] [173/459] CMCS
[07:16:25] [174/459] SGND
[07:16:26] [175/459] RNAT
[07:16:26] [176/459] PRTN
[07:16:27] [177/459] MPTN
[07:16:28] 🔄 Identity reset
[07:16:28] 🔄 Identity rotated (every 10 requests)
[07:16:28] [178/459] ARCC
[07:16:28] [179/459] NTTE
[07:16:29] [180/459] ABND
[07:16:30] [181/459] KCSN
[07:16:31] [182/459] KCSA
[07:16:32] [183/459] DCKT
[07:16:33] [184/459] MBBR
[07:16:34] [185/459] RAMU
[07:16:35] [186/459] RACW
[07:16:36] [187/459] MCHP
[07:16:36] 🔄 Identity reset
[07:16:36] 🔄 Identity rotated (every 10 requests)
[07:16:37] [188/459] TMHM
[07:16:37] [189/459] STXH
[07:16:38] [190/459] AGSG
[07:16:39] [191/459] SIRA
[07:16:40] [192/459] RCAN
[07:16:41] [193/459] CWTB
[07:16:42] [194/459] VTYM
[07:16:43] [195/459] RRPP
[07:16:44] [196/459] ASMR
[07:16:45] [197/459] RONO
[07:16:46] 🔄 Identity reset
[07:16:46] 🔄 Identity rotated (every 10 requests)
[07:16:46] 🔄 Retry 1/5 for RONO in 2.0s
[07:16:46] 🔄 Identity reset
[07:16:48] 🧠 New identity created
[07:16:48] [198/459] MEMR
[07:16:49] [199/459] CTMR
[07:16:50] [200/459] PMTT
[07:16:51] [201/459] PSLX
[07:16:51] [202/459] IPPL
[07:16:52] [203/459] MMSG
[07:16:53] [204/459] INEL
[07:16:53] [205/459] COAC
[07:16:54] [206/459] WVLK
[07:16:55] 🔄 Identity reset
[07:16:55] 🔄 Identity rotated (every 10 requests)
[07:16:55] [207/459] PPXL
[07:16:56] [208/459] PSML
[07:16:57] [209/459] FNLK
[07:16:58] [210/459] ILUM
[07:16:58] [211/459] ILCM
[07:16:59] [212/459] MSNL
[07:17:00] [213/459] VINB
[07:17:00] [214/459] SALW
[07:17:01] [215/459] PRTB
[07:17:02] [216/459] NCIL
[07:17:03] 🔄 Identity reset
[07:17:03] 🔄 Identity rotated (every 10 requests)
[07:17:03] [217/459] PSUL
[07:17:04] [218/459] SCLK
[07:17:04] [219/459] ADDC
[07:17:05] [220/459] OACL
[07:17:06] [221/459] OOCF
[07:17:07] [222/459] GPMF
[07:17:07] [223/459] SSDG
[07:17:08] [224/459] SKRS
[07:17:09] [225/459] NTTP
[07:17:10] [226/459] SLTP
[07:17:10] 🔄 Identity reset
[07:17:10] 🔄 Identity rotated (every 10 requests)
[07:17:11] [227/459] JTLC
[07:17:11] [228/459] POON
[07:17:12] [229/459] CCPC
[07:17:13] [230/459] DCKC
[07:17:14] [231/459] CPRT
[07:17:14] [232/459] EYHZ
[07:17:15] [233/459] ARBL
[07:17:16] [234/459] SBTB
[07:17:16] [235/459] MMCK
[07:17:17] [236/459] PLMR
[07:17:18] 🔄 Identity reset
[07:17:18] 🔄 Identity rotated (every 10 requests)
[07:17:18] [237/459] BIJH
[07:17:19] [238/459] SDRT
[07:17:20] [239/459] PRDC
[07:17:20] [240/459] OMJA
[07:17:21] [241/459] VKCR
[07:17:22] [242/459] ATRT
[07:17:23] [243/459] WVRP
[07:17:24] [244/459] MVRP
[07:17:24] [245/459] FCAX
[07:17:25] [246/459] CTLC
[07:17:26] 🔄 Identity reset
[07:17:26] 🔄 Identity rotated (every 10 requests)
[07:17:26] [247/459] JCHB
[07:17:27] [248/459] SELP
[07:17:27] [249/459] VCPG
[07:17:28] [250/459] ASCX
[07:17:30] [251/459] EOCS
[07:17:31] [252/459] RCPH
[07:17:31] [253/459] RJTM
[07:17:32] [254/459] SGMD
[07:17:33] [255/459] SVJT
[07:17:33] [256/459] SPPO
[07:17:34] 🔄 Identity reset
[07:17:34] 🔄 Identity rotated (every 10 requests)
[07:17:34] [257/459] MNRL
[07:17:35] [258/459] KNOX
[07:17:36] [259/459] GIER
[07:17:37] [260/459] PJMS
[07:17:38] [261/459] UNSP
[07:17:38] [262/459] JETP
[07:17:39] [263/459] VTWA
[07:17:40] [264/459] SCJI
[07:17:41] [265/459] CBZZ
[07:17:42] [266/459] SDCJ
[07:17:42] 🔄 Identity reset
[07:17:42] 🔄 Identity rotated (every 10 requests)
[07:17:42] [267/459] RRCC
[07:17:43] [268/459] VNKG
[07:17:44] [269/459] LKTO
[07:17:45] [270/459] PJRM
[07:17:45] [271/459] NVRM
[07:17:46] [272/459] SJCS
[07:17:47] [273/459] VIGK
[07:17:48] [274/459] ANST
[07:17:48] [275/459] JTTS
[07:17:49] [276/459] NTST
[07:17:50] 🔄 Identity reset
[07:17:50] 🔄 Identity rotated (every 10 requests)
[07:17:50] [277/459] PREB
[07:17:52] [278/459] TSCZ
[07:17:53] [279/459] CDCM
[07:17:53] [280/459] ELYE
[07:17:54] [281/459] INBS
[07:17:55] [282/459] SMGC
[07:17:56] [283/459] UTMP
[07:17:57] [284/459] INTA
[07:17:58] [285/459] OMPT
[07:17:59] [286/459] SCIR
[07:17:59] 🔄 Identity reset
[07:17:59] 🔄 Identity rotated (every 10 requests)
[07:18:00] [287/459] GCKJ
[07:18:00] [288/459] INOG
[07:18:01] [289/459] SMGB
[07:18:02] [290/459] MCSG
[07:18:03] [291/459] STKG
[07:18:03] [292/459] TTKG
[07:18:04] [293/459] SRTR
[07:18:05] [294/459] ETTR
[07:18:06] [295/459] GGGZ
[07:18:07] [296/459] IPGM
[07:18:07] 🔄 Identity reset
[07:18:07] 🔄 Identity rotated (every 10 requests)
[07:18:08] [297/459] FCDH
[07:18:08] [298/459] DESB
[07:18:09] [299/459] VNTP
[07:18:09] [300/459] ANNT
[07:18:10] [301/459] SLTI
[07:18:11] [302/459] MAJU
[07:18:12] [303/459] JCXP
[07:18:13] [304/459] HARK
[07:18:13] [305/459] JPCJ
[07:18:14] [306/459] RXBD
[07:18:15] 🔄 Identity reset
[07:18:15] 🔄 Identity rotated (every 10 requests)
[07:18:15] [307/459] PTKJ
[07:18:16] [308/459] CMTU
[07:18:16] [309/459] SWOR
[07:18:17] [310/459] JMEX
[07:18:18] [311/459] DTPT
[07:18:18] [312/459] VGMM
[07:18:19] [313/459] VCSG
[07:18:20] [314/459] CVCG
[07:18:21] [315/459] TNTT
[07:18:21] [316/459] SHRM
[07:18:22] 🔄 Identity reset
[07:18:22] 🔄 Identity rotated (every 10 requests)
[07:18:22] [317/459] CGKD
[07:18:23] [318/459] EKCM
[07:18:24] [319/459] SDCX
[07:18:24] [320/459] SBTE
[07:18:25] [321/459] STKJ
[07:18:26] [322/459] TPCE
[07:18:27] [323/459] JTNP
[07:18:27] [324/459] LPCH
[07:18:28] [325/459] CPUO
[07:18:29] [326/459] APSU
[07:18:30] 🔄 Identity reset
[07:18:30] 🔄 Identity rotated (every 10 requests)
[07:18:30] [327/459] RTHC
[07:18:31] [328/459] PTBU
[07:18:32] [329/459] CUCC
[07:18:33] [330/459] CPSA
[07:18:34] [331/459] SUAY
[07:18:35] [332/459] AYAA
[07:18:36] [333/459] MUCH
[07:18:37] [334/459] PCIN
[07:18:38] [335/459] JRRM
[07:18:39] [336/459] KATS
[07:18:39] 🔄 Identity reset
[07:18:39] 🔄 Identity rotated (every 10 requests)
[07:18:39] [337/459] MHFF
[07:18:40] [338/459] ESYM
[07:18:41] [339/459] STYV
[07:18:42] [340/459] SDKG
[07:18:42] [341/459] SMTI
[07:18:43] [342/459] NYCS
[07:18:44] [343/459] MTBG
[07:18:45] [344/459] RHCA
[07:18:46] [345/459] PCKH
[07:18:47] [346/459] ARCR
[07:18:47] 🔄 Identity reset
[07:18:47] 🔄 Identity rotated (every 10 requests)
[07:18:48] [347/459] NCMB
[07:18:48] [348/459] SHYC
[07:18:49] [349/459] LACK
[07:18:50] [350/459] MTCM
[07:18:51] [351/459] RRBN
[07:18:52] [352/459] MYDC
[07:18:53] [353/459] STCS
[07:18:53] [354/459] CONN
[07:18:54] [355/459] SIPS
[07:18:55] [356/459] SMMX
[07:18:55] 🔄 Identity reset
[07:18:55] 🔄 Identity rotated (every 10 requests)
[07:18:55] [357/459] SCBY
[07:18:56] [358/459] SUAP
[07:18:57] [359/459] RSMK
[07:18:57] [360/459] STKP
[07:18:58] [361/459] CIPC
[07:18:59] [362/459] KKCI
[07:19:00] [363/459] CTNK
[07:19:01] [364/459] MMTZ
[07:19:02] [365/459] DCCO
[07:19:03] [366/459] VNMN
[07:19:04] 🔄 Identity reset
[07:19:04] 🔄 Identity rotated (every 10 requests)
[07:19:04] 🔄 Retry 1/5 for VNMN in 2.7s
[07:19:04] 🔄 Identity reset
[07:19:06] 🧠 New identity created
[07:19:07] [367/459] RLCN
[07:19:07] [368/459] CMMS
[07:19:08] [369/459] AYOU
[07:19:09] [370/459] SSCN
[07:19:10] [371/459] SMXN
[07:19:10] [372/459] ASSK
[07:19:11] [373/459] VCKM
[07:19:12] [374/459] PCPH
[07:19:13] [375/459] PADM
[07:19:13] 🔄 Identity reset
[07:19:13] 🔄 Identity rotated (every 10 requests)
[07:19:13] 🔄 Retry 1/5 for PADM in 2.2s
[07:19:13] 🔄 Identity reset
[07:19:15] 🧠 New identity created
[07:19:15] [376/459] IESA
[07:19:16] [377/459] VCSP
[07:19:17] [378/459] AEST
[07:19:17] [379/459] VTNR
[07:19:18] [380/459] GTTA
[07:19:19] [381/459] CMMM
[07:19:20] [382/459] AHKT
[07:19:20] [383/459] SIJI
[07:19:21] [384/459] VCEI
[07:19:22] 🔄 Identity reset
[07:19:22] 🔄 Identity rotated (every 10 requests)
[07:19:22] [385/459] SAKR
[07:19:23] [386/459] VSMT
[07:19:24] [387/459] SSCT
[07:19:24] [388/459] USTR
[07:19:25] [389/459] MTKT
[07:19:26] [390/459] TGMP
[07:19:27] [391/459] SIVC
[07:19:27] [392/459] KICT
[07:19:28] [393/459] DAMD
[07:19:29] [394/459] CNPT
[07:19:30] 🔄 Identity reset
[07:19:30] 🔄 Identity rotated (every 10 requests)
[07:19:30] 🔄 Retry 1/5 for CNPT in 2.6s
[07:19:30] 🔄 Identity reset
[07:19:32] 🧠 New identity created
[07:19:33] [395/459] RVTT
[07:19:33] [396/459] SNCM
[07:19:34] [397/459] GHTE
[07:19:35] [398/459] PPAM
[07:19:36] [399/459] PVAA
[07:19:37] [400/459] CPAO
[07:19:39] [401/459] HAMD
[07:19:40] [402/459] RCCA
[07:19:41] [403/459] MPCH
[07:19:41] 🔄 Identity reset
[07:19:41] 🔄 Identity rotated (every 10 requests)
[07:19:41] [404/459] ARED
[07:19:42] [405/459] RRCV
[07:19:43] [406/459] MTRB
[07:19:44] [407/459] CKUA
[07:19:45] [408/459] ABMP
[07:19:45] [409/459] RCWA
[07:19:47] [410/459] CGAR
[07:19:48] [411/459] METH
[07:19:49] [412/459] WAGA
[07:19:49] [413/459] MCMA
[07:19:50] 🔄 Identity reset
[07:19:50] 🔄 Identity rotated (every 10 requests)
[07:19:50] 🔄 Retry 1/5 for MCMA in 2.8s
[07:19:50] 🔄 Identity reset
[07:19:53] 🧠 New identity created
[07:19:53] [414/459] CSMP
[07:19:54] [415/459] RCNK
[07:19:55] [416/459] PSTM
[07:19:55] [417/459] CSEP
[07:19:56] [418/459] AMGD
[07:19:58] [419/459] CSTE
[07:19:58] [420/459] CONS
[07:19:59] [421/459] APPX
[07:20:00] [422/459] MABC
[07:20:00] 🔄 Identity reset
[07:20:00] 🔄 Identity rotated (every 10 requests)
[07:20:00] [423/459] CXST
[07:20:01] [424/459] MATN
[07:20:02] [425/459] MACZ
[07:20:03] [426/459] MASA
[07:20:04] [427/459] MBSX
[07:20:04] [428/459] CSST
[07:20:05] [429/459] APCL
[07:20:06] [430/459] CGOS
[07:20:07] [431/459] CPEC
[07:20:07] [432/459] MCCP
[07:20:08] 🔄 Identity reset
[07:20:08] 🔄 Identity rotated (every 10 requests)
[07:20:08] [433/459] BSSO
[07:20:09] [434/459] SJKA
[07:20:10] [435/459] CGBO
[07:20:11] [436/459] MVSK
[07:20:12] [437/459] HVCA
[07:20:13] [438/459] NAMD
[07:20:14] [439/459] DEVI
[07:20:15] [440/459] SCSV
[07:20:15] [441/459] PSMA
[07:20:16] [442/459] CLDJ
[07:20:16] 🔄 Identity reset
[07:20:16] 🔄 Identity rotated (every 10 requests)
[07:20:17] [443/459] NMAD
[07:20:18] [444/459] CGMO
[07:20:18] [445/459] MCNA
[07:20:19] [446/459] OCBN
[07:20:20] [447/459] CPEM
[07:20:20] [448/459] CPSM
[07:20:21] [449/459] RCAD
[07:20:23] [450/459] CPMU
[07:20:24] [451/459] DICD
[07:20:24] [452/459] CHOE
[07:20:25] 🔄 Identity reset
[07:20:25] 🔄 Identity rotated (every 10 requests)
[07:20:25] 🔄 Retry 1/5 for CHOE in 2.9s
[07:20:25] 🔄 Identity reset
[07:20:28] 🧠 New identity created
[07:20:29] [453/459] PDJM
[07:20:31] [454/459] SSTU
[07:20:32] [455/459] VNRN
[07:20:33] [456/459] PVLG
[07:20:34] [457/459] SWBL
[07:20:34] [458/459] SCAB
[07:20:35] [459/459] RDDA
[07:20:36] 🧹 Deduping shows
[07:20:36] ✅ DONE | Shows=111 | Movies=11
