[10:21:46] 🚀 SCRIPT STARTED (enhanced anti‑detection)
[10:21:46] [1/326] BSAT
[10:21:46] 🧠 New identity created
[10:21:47] [2/326] RSSM
[10:21:48] [3/326] GCTA
[10:21:49] [4/326] TOPN
[10:21:50] [5/326] MCUS
[10:21:51] [6/326] SHRL
[10:21:52] [7/326] UPTP
[10:21:53] [8/326] TMMP
[10:21:54] [9/326] DNRP
[10:21:55] [10/326] SRLT
[10:21:55] 🔄 Identity reset
[10:21:55] 🔄 Identity rotated (every 10 requests)
[10:21:56] [11/326] RCNS
[10:21:57] [12/326] DCBH
[10:21:58] [13/326] NAGJ
[10:21:58] [14/326] JVRC
[10:21:59] [15/326] KRJG
[10:22:00] [16/326] SRTJ
[10:22:01] [17/326] CMXM
[10:22:02] [18/326] STMI
[10:22:03] [19/326] SLST
[10:22:04] [20/326] DTCN
[10:22:05] 🔄 Identity reset
[10:22:05] 🔄 Identity rotated (every 10 requests)
[10:22:05] [21/326] STYN
[10:22:06] [22/326] SZVR
[10:22:07] [23/326] SRKO
[10:22:08] [24/326] JTGT
[10:22:09] [25/326] SVFD
[10:22:09] [26/326] SISD
[10:22:11] [27/326] ABDD
[10:22:12] [28/326] DRCA
[10:22:13] [29/326] AVCS
[10:22:14] [30/326] MVKH
[10:22:15] 🔄 Identity reset
[10:22:15] 🔄 Identity rotated (every 10 requests)
[10:22:15] 🔄 Retry 1/5 for MVKH in 2.8s
[10:22:15] 🔄 Identity reset
[10:22:18] 🧠 New identity created
[10:22:18] [31/326] ACPR
[10:22:19] [32/326] STIP
[10:22:20] [33/326] MTRA
[10:22:21] [34/326] RMKH
[10:22:22] [35/326] NKRL
[10:22:23] [36/326] PCWN
[10:22:24] [37/326] BLMT
[10:22:25] [38/326] GDPG
[10:22:26] [39/326] SRMX
[10:22:27] 🔄 Identity reset
[10:22:27] 🔄 Identity rotated (every 10 requests)
[10:22:28] [40/326] JACP
[10:22:30] [41/326] CPSH
[10:22:31] [42/326] MCCD
[10:22:32] [43/326] ECGH
[10:22:33] [44/326] MKCK
[10:22:34] [45/326] SRMM
[10:22:35] [46/326] SKYR
[10:22:36] [47/326] PCKC
[10:22:37] [48/326] JCMA
[10:22:38] [49/326] BSMP
[10:22:38] 🔄 Identity reset
[10:22:38] 🔄 Identity rotated (every 10 requests)
[10:22:39] [50/326] VSPA
[10:22:40] [51/326] DJYA
[10:22:41] [52/326] DIMP
[10:22:42] [53/326] FXDR
[10:22:43] [54/326] SSRC
[10:22:44] [55/326] STHP
[10:22:45] [56/326] CPPD
[10:22:46] [57/326] FCLK
[10:22:48] [58/326] SCPP
[10:22:49] [59/326] DCMJ
[10:22:49] 🔄 Identity reset
[10:22:49] 🔄 Identity rotated (every 10 requests)
[10:22:49] 🔄 Retry 1/5 for DCMJ in 3.0s
[10:22:49] 🔄 Identity reset
[10:22:52] 🧠 New identity created
[10:22:53] [60/326] RCCR
[10:22:54] [61/326] INMT
[10:22:55] [62/326] LXTK
[10:22:56] [63/326] SRYK
[10:22:57] [64/326] SGDK
[10:22:57] [65/326] PPKA
[10:22:58] [66/326] SPKA
[10:22:59] [67/326] CGHH
[10:23:00] [68/326] DCJN
[10:23:01] 🔄 Identity reset
[10:23:01] 🔄 Identity rotated (every 10 requests)
[10:23:01] [69/326] SRKV
[10:23:02] [70/326] SAJC
[10:23:03] [71/326] SUSR
[10:23:04] [72/326] STYG
[10:23:05] [73/326] NTKP
[10:23:06] [74/326] AKTG
[10:23:07] [75/326] CGCM
[10:23:08] [76/326] TULC
[10:23:09] [77/326] NYYZ
[10:23:10] [78/326] NYBW
[10:23:10] 🔄 Identity reset
[10:23:10] 🔄 Identity rotated (every 10 requests)
[10:23:11] [79/326] MACB
[10:23:11] [80/326] SLVT
[10:23:12] [81/326] SANA
[10:23:13] [82/326] ACMR
[10:23:14] [83/326] CPKN
[10:23:15] [84/326] DLGK
[10:23:16] [85/326] CWCK
[10:23:17] [86/326] FDDH
[10:23:18] [87/326] MMMD
[10:23:19] [88/326] CMEH
[10:23:20] 🔄 Identity reset
[10:23:20] 🔄 Identity rotated (every 10 requests)
[10:23:20] [89/326] GGGV
[10:23:21] [90/326] SPJL
[10:23:22] [91/326] RCCD
[10:23:23] [92/326] STTZ
[10:23:25] [93/326] BTCF
[10:23:26] [94/326] TSTZ
[10:23:27] [95/326] IPMM
[10:23:27] [96/326] PMPW
[10:23:28] [97/326] PCMZ
[10:23:29] [98/326] ESEM
[10:23:30] 🔄 Identity reset
[10:23:30] 🔄 Identity rotated (every 10 requests)
[10:23:30] 🔄 Retry 1/5 for ESEM in 2.3s
[10:23:30] 🔄 Identity reset
[10:23:32] 🧠 New identity created
[10:23:33] [99/326] PIPO
[10:23:34] [100/326] MATK
[10:23:35] [101/326] PGHM
[10:23:36] [102/326] CTSR
[10:23:37] [103/326] CYKR
[10:23:38] [104/326] MSCM
[10:23:39] [105/326] RFNP
[10:23:40] [106/326] PDCP
[10:23:41] [107/326] NPSE
[10:23:41] 🔄 Identity reset
[10:23:41] 🔄 Identity rotated (every 10 requests)
[10:23:41] 🔄 Retry 1/5 for NPSE in 2.6s
[10:23:41] 🔄 Identity reset
[10:23:44] 🧠 New identity created
[10:23:44] 🔄 Retry 2/5 for NPSE in 4.0s
[10:23:44] 🔄 Identity reset
[10:23:48] 🧠 New identity created
[10:23:48] 🔄 Retry 3/5 for NPSE in 8.4s
[10:23:48] 🔄 Identity reset
[10:23:57] 🧠 New identity created
[10:23:57] [108/326] MKML
[10:23:58] [109/326] FTDP
[10:24:00] [110/326] MMXA
[10:24:01] [111/326] CEPO
[10:24:02] [112/326] CMVP
[10:24:03] [113/326] SGTH
[10:24:04] [114/326] SAYN
[10:24:05] 🔄 Identity reset
[10:24:05] 🔄 Identity rotated (every 10 requests)
[10:24:05] 🔄 Retry 1/5 for SAYN in 2.1s
[10:24:05] 🔄 Identity reset
[10:24:07] 🧠 New identity created
[10:24:07] [115/326] URVS
[10:24:08] [116/326] VJTN
[10:24:09] [117/326] BBYK
[10:24:10] [118/326] SHBO
[10:24:11] [119/326] VCMR
[10:24:12] [120/326] MACT
[10:24:13] [121/326] JMNP
[10:24:14] [122/326] VICS
[10:24:16] [123/326] VCDA
[10:24:16] 🔄 Identity reset
[10:24:16] 🔄 Identity rotated (every 10 requests)
[10:24:17] [124/326] GCMM
[10:24:18] [125/326] INVS
[10:24:19] [126/326] SCGM
[10:24:20] [127/326] PCDA
[10:24:21] [128/326] KDCT
[10:24:22] [129/326] JACS
[10:24:23] [130/326] GMMC
[10:24:24] [131/326] AICM
[10:24:25] [132/326] TJCM
[10:24:26] [133/326] RMTI
[10:24:26] 🔄 Identity reset
[10:24:26] 🔄 Identity rotated (every 10 requests)
[10:24:27] [134/326] SHAC
[10:24:28] [135/326] APJC
[10:24:28] [136/326] GCTG
[10:24:29] [137/326] SSMC
[10:24:30] [138/326] THRM
[10:24:31] [139/326] RBCT
[10:24:33] [140/326] DIKT
[10:24:34] [141/326] MIDL
[10:24:35] [142/326] VCSN
[10:24:36] [143/326] SKTG
[10:24:36] 🔄 Identity reset
[10:24:36] 🔄 Identity rotated (every 10 requests)
[10:24:37] [144/326] SMWC
[10:24:38] [145/326] MNKH
[10:24:39] [146/326] PIAT
[10:24:40] [147/326] LTTP
[10:24:41] [148/326] PTPU
[10:24:41] [149/326] ACMG
[10:24:42] [150/326] SHMM
[10:24:43] [151/326] MCMN
[10:24:44] [152/326] GLDC
[10:24:45] [153/326] HOUT
[10:24:46] 🔄 Identity reset
[10:24:46] 🔄 Identity rotated (every 10 requests)
[10:24:46] [154/326] SVRP
[10:24:47] [155/326] PVDN
[10:24:48] [156/326] SCPY
[10:24:49] [157/326] DTPY
[10:24:50] [158/326] GKCS
[10:24:51] [159/326] NCAM
[10:24:52] [160/326] BSRM
[10:24:53] [161/326] RCLC
[10:24:55] [162/326] SKKD
[10:24:56] [163/326] ACHU
[10:24:57] 🔄 Identity reset
[10:24:57] 🔄 Identity rotated (every 10 requests)
[10:24:57] [164/326] RSCF
[10:24:58] [165/326] IMSH
[10:24:59] [166/326] MACX
[10:25:00] [167/326] HMMW
[10:25:01] [168/326] JTCP
[10:25:02] [169/326] SREN
[10:25:03] [170/326] PJRR
[10:25:04] [171/326] INAC
[10:25:05] [172/326] BMCA
[10:25:06] [173/326] SHCB
[10:25:06] 🔄 Identity reset
[10:25:06] 🔄 Identity rotated (every 10 requests)
[10:25:06] 🔄 Retry 1/5 for SHCB in 2.7s
[10:25:06] 🔄 Identity reset
[10:25:09] 🧠 New identity created
[10:25:09] [174/326] GABA
[10:25:10] [175/326] SBCT
[10:25:11] [176/326] GCMA
[10:25:12] [177/326] MYTK
[10:25:13] [178/326] INZS
[10:25:14] [179/326] RMIK
[10:25:15] [180/326] NYCH
[10:25:16] [181/326] RAVE
[10:25:17] [182/326] PSXM
[10:25:18] 🔄 Identity reset
[10:25:18] 🔄 Identity rotated (every 10 requests)
[10:25:18] [183/326] MCGP
[10:25:19] [184/326] PDDK
[10:25:20] [185/326] SPCK
[10:25:22] [186/326] MCRL
[10:25:23] [187/326] MHKT
[10:25:24] [188/326] ANRR
[10:25:24] [189/326] SAPK
[10:25:25] [190/326] NCUK
[10:25:26] [191/326] JUGA
[10:25:27] [192/326] DBSC
[10:25:28] 🔄 Identity reset
[10:25:28] 🔄 Identity rotated (every 10 requests)
[10:25:28] [193/326] LALK
[10:25:29] [194/326] GUCK
[10:25:30] [195/326] STSG
[10:25:31] [196/326] PPPZ
[10:25:31] [197/326] CNCY
[10:25:32] [198/326] MTAR
[10:25:33] [199/326] VNKD
[10:25:34] [200/326] KMAJ
[10:25:35] [201/326] ACXK
[10:25:37] [202/326] UTKC
[10:25:37] 🔄 Identity reset
[10:25:37] 🔄 Identity rotated (every 10 requests)
[10:25:37] 🔄 Retry 1/5 for UTKC in 2.2s
[10:25:37] 🔄 Identity reset
[10:25:40] 🧠 New identity created
[10:25:40] 🔄 Retry 2/5 for UTKC in 4.6s
[10:25:40] 🔄 Identity reset
[10:25:44] 🧠 New identity created
[10:25:44] 🔄 Retry 3/5 for UTKC in 8.9s
[10:25:44] 🔄 Identity reset
[10:25:53] 🧠 New identity created
[10:25:53] 🔄 Retry 4/5 for UTKC in 16.7s
[10:25:53] 🔄 Identity reset
[10:26:10] 🧠 New identity created
[10:26:10] [203/326] PBLK
[10:26:11] [204/326] ACBX
[10:26:12] [205/326] PTGM
[10:26:13] [206/326] BTDA
[10:26:14] [207/326] PJMB
[10:26:15] [208/326] TPDA
[10:26:15] 🔄 Identity reset
[10:26:15] 🔄 Identity rotated (every 10 requests)
[10:26:16] 🔄 Retry 1/5 for TPDA in 2.2s
[10:26:16] 🔄 Identity reset
[10:26:18] 🧠 New identity created
[10:26:18] 🔄 Retry 2/5 for TPDA in 4.7s
[10:26:18] 🔄 Identity reset
[10:26:23] 🧠 New identity created
[10:26:23] [209/326] AMOE
[10:26:24] [210/326] PRHT
[10:26:25] [211/326] PRTA
[10:26:26] [212/326] STAM
[10:26:27] [213/326] MSAA
[10:26:28] [214/326] SDLU
[10:26:29] [215/326] RCHH
[10:26:30] [216/326] KANT
[10:26:31] 🔄 Identity reset
[10:26:31] 🔄 Identity rotated (every 10 requests)
[10:26:31] [217/326] FCRT
[10:26:32] [218/326] DNKM
[10:26:34] [219/326] RYCP
[10:26:35] [220/326] MYRP
[10:26:36] [221/326] PPAK
[10:26:37] [222/326] NVPK
[10:26:37] [223/326] PRMC
[10:26:39] [224/326] JBCS
[10:26:40] [225/326] GXCK
[10:26:41] [226/326] USKO
[10:26:42] 🔄 Identity reset
[10:26:42] 🔄 Identity rotated (every 10 requests)
[10:26:42] [227/326] GTEM
[10:26:43] [228/326] SMBU
[10:26:44] [229/326] VETC
[10:26:45] [230/326] LCDA
[10:26:46] [231/326] MTVT
[10:26:47] [232/326] PYCP
[10:26:48] [233/326] PNSC
[10:26:49] [234/326] PPCC
[10:26:50] [235/326] TGRT
[10:26:51] [236/326] JYOT
[10:26:51] 🔄 Identity reset
[10:26:51] 🔄 Identity rotated (every 10 requests)
[10:26:52] [237/326] SRCZ
[10:26:53] [238/326] SJTE
[10:26:54] [239/326] DESC
[10:26:55] [240/326] JHVN
[10:26:56] [241/326] IPSG
[10:26:57] [242/326] IPCM
[10:26:57] [243/326] PDRS
[10:26:59] [244/326] ANCV
[10:27:00] [245/326] CMVV
[10:27:01] [246/326] SHYP
[10:27:02] 🔄 Identity reset
[10:27:02] 🔄 Identity rotated (every 10 requests)
[10:27:02] [247/326] DNCS
[10:27:04] [248/326] GAJK
[10:27:04] [249/326] AKTN
[10:27:05] [250/326] KAYA
[10:27:06] [251/326] SBRC
[10:27:07] [252/326] CHTP
[10:27:08] [253/326] SHRT
[10:27:09] [254/326] BCKU
[10:27:10] [255/326] FCPS
[10:27:11] [256/326] ARDD
[10:27:11] 🔄 Identity reset
[10:27:11] 🔄 Identity rotated (every 10 requests)
[10:27:11] 🔄 Retry 1/5 for ARDD in 2.7s
[10:27:11] 🔄 Identity reset
[10:27:14] 🧠 New identity created
[10:27:14] 🔄 Retry 2/5 for ARDD in 4.7s
[10:27:14] 🔄 Identity reset
[10:27:19] 🧠 New identity created
[10:27:19] [257/326] CPCM
[10:27:20] [258/326] CGSM
[10:27:21] [259/326] PSMP
[10:27:22] [260/326] SDAL
[10:27:24] [261/326] RTNB
[10:27:25] [262/326] LMCR
[10:27:26] [263/326] CIMA
[10:27:26] [264/326] RNAS
[10:27:27] 🔄 Identity reset
[10:27:27] 🔄 Identity rotated (every 10 requests)
[10:27:27] [265/326] LITH
[10:27:28] [266/326] PBOX
[10:27:29] [267/326] FRTS
[10:27:30] [268/326] RKIC
[10:27:31] [269/326] PTAI
[10:27:32] [270/326] GCIC
[10:27:33] [271/326] FNAS
[10:27:34] [272/326] SCAR
[10:27:35] [273/326] MTCA
[10:27:36] [274/326] SCTS
[10:27:36] 🔄 Identity reset
[10:27:36] 🔄 Identity rotated (every 10 requests)
[10:27:37] [275/326] SYCS
[10:27:38] [276/326] RDMS
[10:27:39] [277/326] KAMP
[10:27:40] [278/326] ERSD
[10:27:40] [279/326] MJMJ
[10:27:41] [280/326] SRCJ
[10:27:42] [281/326] SCXE
[10:27:43] [282/326] SVFR
[10:27:44] [283/326] BHCS
[10:27:46] [284/326] IMCC
[10:27:46] 🔄 Identity reset
[10:27:46] 🔄 Identity rotated (every 10 requests)
[10:27:47] [285/326] PCBO
[10:27:48] [286/326] PRVN
[10:27:49] [287/326] AUPM
[10:27:50] [288/326] INBW
[10:27:51] [289/326] SVCW
[10:27:51] [290/326] RKCF
[10:27:52] [291/326] UVBH
[10:27:53] [292/326] DNCY
[10:27:54] [293/326] ABCN
[10:27:55] [294/326] PRUR
[10:27:56] 🔄 Identity reset
[10:27:56] 🔄 Identity rotated (every 10 requests)
[10:27:56] [295/326] PFMR
[10:27:57] [296/326] RKCN
[10:27:58] [297/326] CFEA
[10:28:00] [298/326] SDBG
[10:28:01] [299/326] SNAR
[10:28:02] [300/326] YISI
[10:28:03] [301/326] JCFF
[10:28:04] [302/326] VTRK
[10:28:05] [303/326] PCLZ
[10:28:06] [304/326] DIMY
[10:28:07] 🔄 Identity reset
[10:28:07] 🔄 Identity rotated (every 10 requests)
[10:28:07] [305/326] BBTS
[10:28:09] [306/326] GATH
[10:28:10] [307/326] GTMN
[10:28:10] [308/326] VTMH
[10:28:11] [309/326] CCKP
[10:28:12] [310/326] GPKA
[10:28:13] [311/326] MHCL
[10:28:14] [312/326] ATCL
[10:28:15] [313/326] SBCK
[10:28:16] [314/326] AMMR
[10:28:17] 🔄 Identity reset
[10:28:17] 🔄 Identity rotated (every 10 requests)
[10:28:17] [315/326] MADC
[10:28:19] [316/326] TMMA
[10:28:20] [317/326] CACC
[10:28:22] [318/326] CHAL
[10:28:23] [319/326] DURG
[10:28:23] [320/326] GMKU
[10:28:25] [321/326] GECA
[10:28:25] [322/326] KYRR
[10:28:27] [323/326] KSDE
[10:28:28] [324/326] LMCI
[10:28:29] 🔄 Identity reset
[10:28:29] 🔄 Identity rotated (every 10 requests)
[10:28:29] [325/326] NKCP
[10:28:31] [326/326] BGTC
[10:28:32] 🧹 Deduping shows
[10:28:32] ✅ DONE | Shows=13 | Movies=3
[04:59:50] 🚀 SCRIPT STARTED (enhanced anti‑detection)
[04:59:50] [1/326] BSAT
[04:59:50] 🧠 New identity created
[04:59:51] [2/326] RSSM
[04:59:52] [3/326] GCTA
[04:59:53] [4/326] TOPN
[04:59:54] [5/326] MCUS
[04:59:56] [6/326] SHRL
[04:59:56] [7/326] UPTP
[04:59:57] [8/326] TMMP
[04:59:58] [9/326] DNRP
[04:59:59] [10/326] SRLT
[05:00:00] 🔄 Identity reset
[05:00:00] 🔄 Identity rotated (every 10 requests)
[05:00:01] [11/326] RCNS
[05:00:02] [12/326] DCBH
[05:00:03] [13/326] NAGJ
[05:00:04] [14/326] JVRC
[05:00:05] [15/326] KRJG
[05:00:06] [16/326] SRTJ
[05:00:07] [17/326] CMXM
[05:00:08] [18/326] STMI
[05:00:09] [19/326] SLST
[05:00:10] [20/326] DTCN
[05:00:10] 🔄 Identity reset
[05:00:10] 🔄 Identity rotated (every 10 requests)
[05:00:12] [21/326] STYN
[05:00:13] [22/326] SZVR
[05:00:13] [23/326] SRKO
[05:00:14] [24/326] JTGT
[05:00:15] [25/326] SVFD
[05:00:16] [26/326] SISD
[05:00:17] [27/326] ABDD
[05:00:18] [28/326] DRCA
[05:00:19] [29/326] AVCS
[05:00:20] [30/326] MVKH
[05:00:21] 🔄 Identity reset
[05:00:21] 🔄 Identity rotated (every 10 requests)
[05:00:21] 🔄 Retry 1/5 for MVKH in 2.3s
[05:00:21] 🔄 Identity reset
[05:00:23] 🧠 New identity created
[05:00:24] [31/326] ACPR
[05:00:24] [32/326] STIP
[05:00:25] [33/326] MTRA
[05:00:26] [34/326] RMKH
[05:00:27] [35/326] NKRL
[05:00:28] [36/326] PCWN
[05:00:29] [37/326] BLMT
[05:00:30] [38/326] GDPG
[05:00:31] [39/326] SRMX
[05:00:32] 🔄 Identity reset
[05:00:32] 🔄 Identity rotated (every 10 requests)
[05:00:32] 🔄 Retry 1/5 for SRMX in 2.8s
[05:00:32] 🔄 Identity reset
[05:00:35] 🧠 New identity created
[05:00:35] 🔄 Retry 2/5 for SRMX in 4.7s
[05:00:35] 🔄 Identity reset
[05:00:39] 🧠 New identity created
[05:00:39] 🔄 Retry 3/5 for SRMX in 8.3s
[05:00:39] 🔄 Identity reset
[05:00:48] 🧠 New identity created
[05:00:48] [40/326] JACP
[05:00:49] [41/326] CPSH
[05:00:50] [42/326] MCCD
[05:00:51] [43/326] ECGH
[05:00:52] [44/326] MKCK
[05:00:54] [45/326] SRMM
[05:00:55] [46/326] SKYR
[05:00:55] 🔄 Identity reset
[05:00:55] 🔄 Identity rotated (every 10 requests)
[05:00:56] [47/326] PCKC
[05:00:57] [48/326] JCMA
[05:00:58] [49/326] BSMP
[05:00:59] [50/326] VSPA
[05:01:00] [51/326] DJYA
[05:01:01] [52/326] DIMP
[05:01:02] [53/326] FXDR
[05:01:03] [54/326] SSRC
[05:01:04] [55/326] STHP
[05:01:06] [56/326] CPPD
[05:01:07] 🔄 Identity reset
[05:01:07] 🔄 Identity rotated (every 10 requests)
[05:01:07] [57/326] FCLK
[05:01:08] [58/326] SCPP
[05:01:09] [59/326] DCMJ
[05:01:10] [60/326] RCCR
[05:01:12] [61/326] INMT
[05:01:12] [62/326] LXTK
[05:01:13] [63/326] SRYK
[05:01:14] [64/326] SGDK
[05:01:15] [65/326] PPKA
[05:01:16] [66/326] SPKA
[05:01:17] 🔄 Identity reset
[05:01:17] 🔄 Identity rotated (every 10 requests)
[05:01:17] [67/326] CGHH
[05:01:18] [68/326] DCJN
[05:01:20] [69/326] SRKV
[05:01:21] [70/326] SAJC
[05:01:21] [71/326] SUSR
[05:01:23] [72/326] STYG
[05:01:24] [73/326] NTKP
[05:01:25] [74/326] AKTG
[05:01:26] [75/326] CGCM
[05:01:26] [76/326] TULC
[05:01:27] 🔄 Identity reset
[05:01:27] 🔄 Identity rotated (every 10 requests)
[05:01:27] [77/326] NYYZ
[05:01:28] [78/326] NYBW
[05:01:30] [79/326] MACB
[05:01:31] [80/326] SLVT
[05:01:32] [81/326] SANA
[05:01:33] [82/326] ACMR
[05:01:34] [83/326] CPKN
[05:01:35] [84/326] DLGK
[05:01:36] [85/326] CWCK
[05:01:37] [86/326] FDDH
[05:01:37] 🔄 Identity reset
[05:01:37] 🔄 Identity rotated (every 10 requests)
[05:01:38] [87/326] MMMD
[05:01:39] [88/326] CMEH
[05:01:40] [89/326] GGGV
[05:01:40] [90/326] SPJL
[05:01:41] [91/326] RCCD
[05:01:42] [92/326] STTZ
[05:01:43] [93/326] BTCF
[05:01:44] [94/326] TSTZ
[05:01:45] [95/326] IPMM
[05:01:46] [96/326] PMPW
[05:01:47] 🔄 Identity reset
[05:01:47] 🔄 Identity rotated (every 10 requests)
[05:01:47] 🔄 Retry 1/5 for PMPW in 2.4s
[05:01:47] 🔄 Identity reset
[05:01:49] 🧠 New identity created
[05:01:49] 🔄 Retry 2/5 for PMPW in 4.4s
[05:01:49] 🔄 Identity reset
[05:01:54] 🧠 New identity created
[05:01:55] [97/326] PCMZ
[05:01:56] [98/326] ESEM
[05:01:57] [99/326] PIPO
[05:01:58] [100/326] MATK
[05:01:59] [101/326] PGHM
[05:02:00] [102/326] CTSR
[05:02:01] [103/326] CYKR
[05:02:02] [104/326] MSCM
[05:02:02] 🔄 Identity reset
[05:02:02] 🔄 Identity rotated (every 10 requests)
[05:02:02] [105/326] RFNP
[05:02:03] [106/326] PDCP
[05:02:04] [107/326] NPSE
[05:02:05] [108/326] MKML
[05:02:06] [109/326] FTDP
[05:02:07] [110/326] MMXA
[05:02:08] [111/326] CEPO
[05:02:09] [112/326] CMVP
[05:02:10] [113/326] SGTH
[05:02:11] [114/326] SAYN
[05:02:12] 🔄 Identity reset
[05:02:12] 🔄 Identity rotated (every 10 requests)
[05:02:12] 🔄 Retry 1/5 for SAYN in 2.9s
[05:02:12] 🔄 Identity reset
[05:02:15] 🧠 New identity created
[05:02:15] [115/326] URVS
[05:02:16] [116/326] VJTN
[05:02:17] [117/326] BBYK
[05:02:18] [118/326] SHBO
[05:02:19] [119/326] VCMR
[05:02:21] [120/326] MACT
[05:02:22] [121/326] JMNP
[05:02:23] [122/326] VICS
[05:02:24] [123/326] VCDA
[05:02:24] 🔄 Identity reset
[05:02:24] 🔄 Identity rotated (every 10 requests)
[05:02:24] 🔄 Retry 1/5 for VCDA in 2.0s
[05:02:24] 🔄 Identity reset
[05:02:26] 🧠 New identity created
[05:02:27] 🔄 Retry 2/5 for VCDA in 4.6s
[05:02:27] 🔄 Identity reset
[05:02:31] 🧠 New identity created
[05:02:32] [124/326] GCMM
[05:02:33] [125/326] INVS
[05:02:34] [126/326] SCGM
[05:02:35] [127/326] PCDA
[05:02:36] [128/326] KDCT
[05:02:37] [129/326] JACS
[05:02:37] [130/326] GMMC
[05:02:38] [131/326] AICM
[05:02:39] 🔄 Identity reset
[05:02:39] 🔄 Identity rotated (every 10 requests)
[05:02:40] [132/326] TJCM
[05:02:41] [133/326] RMTI
[05:02:42] [134/326] SHAC
[05:02:43] [135/326] APJC
[05:02:44] [136/326] GCTG
[05:02:44] [137/326] SSMC
[05:02:45] [138/326] THRM
[05:02:46] [139/326] RBCT
[05:02:48] [140/326] DIKT
[05:02:49] [141/326] MIDL
[05:02:50] 🔄 Identity reset
[05:02:50] 🔄 Identity rotated (every 10 requests)
[05:02:50] [142/326] VCSN
[05:02:51] [143/326] SKTG
[05:02:52] [144/326] SMWC
[05:02:53] [145/326] MNKH
[05:02:54] [146/326] PIAT
[05:02:55] [147/326] LTTP
[05:02:56] [148/326] PTPU
[05:02:57] [149/326] ACMG
[05:02:58] [150/326] SHMM
[05:02:59] [151/326] MCMN
[05:03:00] 🔄 Identity reset
[05:03:00] 🔄 Identity rotated (every 10 requests)
[05:03:00] [152/326] GLDC
[05:03:02] [153/326] HOUT
[05:03:03] [154/326] SVRP
[05:03:04] [155/326] PVDN
[05:03:05] [156/326] SCPY
[05:03:07] [157/326] DTPY
[05:03:08] [158/326] GKCS
[05:03:08] [159/326] NCAM
[05:03:09] [160/326] BSRM
[05:03:10] [161/326] RCLC
[05:03:11] 🔄 Identity reset
[05:03:11] 🔄 Identity rotated (every 10 requests)
[05:03:11] [162/326] SKKD
[05:03:12] [163/326] ACHU
[05:03:14] [164/326] RSCF
[05:03:15] [165/326] IMSH
[05:03:16] [166/326] MACX
[05:03:17] [167/326] HMMW
[05:03:18] [168/326] JTCP
[05:03:18] [169/326] SREN
[05:03:19] [170/326] PJRR
[05:03:20] [171/326] INAC
[05:03:21] 🔄 Identity reset
[05:03:21] 🔄 Identity rotated (every 10 requests)
[05:03:21] 🔄 Retry 1/5 for INAC in 2.7s
[05:03:21] 🔄 Identity reset
[05:03:23] 🧠 New identity created
[05:03:24] 🔄 Retry 2/5 for INAC in 4.5s
[05:03:24] 🔄 Identity reset
[05:03:28] 🧠 New identity created
[05:03:28] 🔄 Retry 3/5 for INAC in 8.7s
[05:03:28] 🔄 Identity reset
[05:03:37] 🧠 New identity created
[05:03:37] [172/326] BMCA
[05:03:38] [173/326] SHCB
[05:03:40] [174/326] GABA
[05:03:41] [175/326] SBCT
[05:03:41] [176/326] GCMA
[05:03:42] [177/326] MYTK
[05:03:43] [178/326] INZS
[05:03:44] 🔄 Identity reset
[05:03:44] 🔄 Identity rotated (every 10 requests)
[05:03:44] [179/326] RMIK
[05:03:45] [180/326] NYCH
[05:03:46] [181/326] RAVE
[05:03:47] [182/326] PSXM
[05:03:49] [183/326] MCGP
[05:03:53] [184/326] PDDK
[05:03:54] [185/326] SPCK
[05:03:55] [186/326] MCRL
[05:03:56] [187/326] MHKT
[05:03:57] [188/326] ANRR
[05:03:58] 🔄 Identity reset
[05:03:58] 🔄 Identity rotated (every 10 requests)
[05:03:58] [189/326] SAPK
[05:04:00] [190/326] NCUK
[05:04:01] [191/326] JUGA
[05:04:02] [192/326] DBSC
[05:04:03] [193/326] LALK
[05:04:04] [194/326] GUCK
[05:04:05] [195/326] STSG
[05:04:06] [196/326] PPPZ
[05:04:06] [197/326] CNCY
[05:04:07] [198/326] MTAR
[05:04:08] 🔄 Identity reset
[05:04:08] 🔄 Identity rotated (every 10 requests)
[05:04:08] [199/326] VNKD
[05:04:09] [200/326] KMAJ
[05:04:10] [201/326] ACXK
[05:04:11] [202/326] UTKC
[05:04:12] [203/326] PBLK
[05:04:13] [204/326] ACBX
[05:04:14] [205/326] PTGM
[05:04:15] [206/326] BTDA
[05:04:16] [207/326] PJMB
[05:04:17] [208/326] TPDA
[05:04:18] 🔄 Identity reset
[05:04:18] 🔄 Identity rotated (every 10 requests)
[05:04:18] [209/326] AMOE
[05:04:19] [210/326] PRHT
[05:04:20] [211/326] PRTA
[05:04:22] [212/326] STAM
[05:04:22] [213/326] MSAA
[05:04:23] [214/326] SDLU
[05:04:24] [215/326] RCHH
[05:04:25] [216/326] KANT
[05:04:26] [217/326] FCRT
[05:04:27] [218/326] DNKM
[05:04:28] 🔄 Identity reset
[05:04:28] 🔄 Identity rotated (every 10 requests)
[05:04:28] [219/326] RYCP
[05:04:30] [220/326] MYRP
[05:04:31] [221/326] PPAK
[05:04:32] [222/326] NVPK
[05:04:33] [223/326] PRMC
[05:04:34] [224/326] JBCS
[05:04:36] [225/326] GXCK
[05:04:37] [226/326] USKO
[05:04:38] [227/326] GTEM
[05:04:39] [228/326] SMBU
[05:04:40] 🔄 Identity reset
[05:04:40] 🔄 Identity rotated (every 10 requests)
[05:04:40] 🔄 Retry 1/5 for SMBU in 2.2s
[05:04:40] 🔄 Identity reset
[05:04:42] 🧠 New identity created
[05:04:42] [229/326] VETC
[05:04:43] [230/326] LCDA
[05:04:44] [231/326] MTVT
[05:04:45] [232/326] PYCP
[05:04:46] [233/326] PNSC
[05:04:47] [234/326] PPCC
[05:04:48] [235/326] TGRT
[05:04:49] [236/326] JYOT
[05:04:50] [237/326] SRCZ
[05:04:51] 🔄 Identity reset
[05:04:51] 🔄 Identity rotated (every 10 requests)
[05:04:51] [238/326] SJTE
[05:04:52] [239/326] DESC
[05:04:53] [240/326] JHVN
[05:04:55] [241/326] IPSG
[05:04:56] [242/326] IPCM
[05:04:57] [243/326] PDRS
[05:04:58] [244/326] ANCV
[05:04:59] [245/326] CMVV
[05:05:00] [246/326] SHYP
[05:05:02] [247/326] DNCS
[05:05:02] 🔄 Identity reset
[05:05:02] 🔄 Identity rotated (every 10 requests)
[05:05:03] [248/326] GAJK
[05:05:04] [249/326] AKTN
[05:05:05] [250/326] KAYA
[05:05:05] [251/326] SBRC
[05:05:06] [252/326] CHTP
[05:05:07] [253/326] SHRT
[05:05:08] [254/326] BCKU
[05:05:09] [255/326] FCPS
[05:05:10] [256/326] ARDD
[05:05:11] [257/326] CPCM
[05:05:11] 🔄 Identity reset
[05:05:11] 🔄 Identity rotated (every 10 requests)
[05:05:12] [258/326] CGSM
[05:05:13] [259/326] PSMP
[05:05:14] [260/326] SDAL
[05:05:15] [261/326] RTNB
[05:05:16] [262/326] LMCR
[05:05:17] [263/326] CIMA
[05:05:18] [264/326] RNAS
[05:05:20] [265/326] LITH
[05:05:21] [266/326] PBOX
[05:05:22] [267/326] FRTS
[05:05:22] 🔄 Identity reset
[05:05:22] 🔄 Identity rotated (every 10 requests)
[05:05:23] [268/326] RKIC
[05:05:24] [269/326] PTAI
[05:05:25] [270/326] GCIC
[05:05:27] [271/326] FNAS
[05:05:28] [272/326] SCAR
[05:05:29] [273/326] MTCA
[05:05:30] [274/326] SCTS
[05:05:31] [275/326] SYCS
[05:05:32] [276/326] RDMS
[05:05:33] [277/326] KAMP
[05:05:33] 🔄 Identity reset
[05:05:34] 🔄 Identity rotated (every 10 requests)
[05:05:34] 🔄 Retry 1/5 for KAMP in 2.2s
[05:05:34] 🔄 Identity reset
[05:05:36] 🧠 New identity created
[05:05:36] [278/326] ERSD
[05:05:37] [279/326] MJMJ
[05:05:38] [280/326] SRCJ
[05:05:39] [281/326] SCXE
[05:05:40] [282/326] SVFR
[05:05:41] [283/326] BHCS
[05:05:42] [284/326] IMCC
[05:05:43] [285/326] PCBO
[05:05:44] [286/326] PRVN
[05:05:45] 🔄 Identity reset
[05:05:45] 🔄 Identity rotated (every 10 requests)
[05:05:45] [287/326] AUPM
[05:05:47] [288/326] INBW
[05:05:48] [289/326] SVCW
[05:05:48] [290/326] RKCF
[05:05:50] [291/326] UVBH
[05:05:51] [292/326] DNCY
[05:05:52] [293/326] ABCN
[05:05:53] [294/326] PRUR
[05:05:54] [295/326] PFMR
[05:05:55] [296/326] RKCN
[05:05:55] 🔄 Identity reset
[05:05:55] 🔄 Identity rotated (every 10 requests)
[05:05:57] [297/326] CFEA
[05:05:58] [298/326] SDBG
[05:05:59] [299/326] SNAR
[05:05:59] [300/326] YISI
[05:06:00] [301/326] JCFF
[05:06:01] [302/326] VTRK
[05:06:02] [303/326] PCLZ
[05:06:03] [304/326] DIMY
[05:06:04] [305/326] BBTS
[05:06:05] [306/326] GATH
[05:06:06] 🔄 Identity reset
[05:06:06] 🔄 Identity rotated (every 10 requests)
[05:06:06] [307/326] GTMN
[05:06:07] [308/326] VTMH
[05:06:09] [309/326] CCKP
[05:06:10] [310/326] GPKA
[05:06:11] [311/326] MHCL
[05:06:12] [312/326] ATCL
[05:06:13] [313/326] SBCK
[05:06:13] [314/326] AMMR
[05:06:15] [315/326] MADC
[05:06:16] [316/326] TMMA
[05:06:17] 🔄 Identity reset
[05:06:17] 🔄 Identity rotated (every 10 requests)
[05:06:17] [317/326] CACC
[05:06:18] [318/326] CHAL
[05:06:19] [319/326] DURG
[05:06:20] [320/326] GMKU
[05:06:21] [321/326] GECA
[05:06:22] [322/326] KYRR
[05:06:23] [323/326] KSDE
[05:06:25] [324/326] LMCI
[05:06:26] [325/326] NKCP
[05:06:27] [326/326] BGTC
[05:06:27] 🔄 Identity reset
[05:06:27] 🔄 Identity rotated (every 10 requests)
[05:06:28] 🧹 Deduping shows
[05:06:28] ✅ DONE | Shows=13 | Movies=3
[12:25:49] 🚀 SCRIPT STARTED (enhanced anti‑detection)
[12:25:49] [1/326] BSAT
[12:25:49] 🧠 New identity created
[12:25:50] 🔄 Retry 1/5 for BSAT in 2.9s
[12:25:50] 🔄 Identity reset
[12:25:52] 🧠 New identity created
[12:25:53] [2/326] RSSM
[12:25:54] [3/326] GCTA
[12:25:55] [4/326] TOPN
[12:25:56] [5/326] MCUS
[12:25:57] [6/326] SHRL
[12:25:58] [7/326] UPTP
[12:25:58] [8/326] TMMP
[12:25:59] [9/326] DNRP
[12:26:00] 🔄 Identity reset
[12:26:00] 🔄 Identity rotated (every 10 requests)
[12:26:00] [10/326] SRLT
[12:26:01] [11/326] RCNS
[12:26:02] [12/326] DCBH
[12:26:03] [13/326] NAGJ
[12:26:04] [14/326] JVRC
[12:26:04] [15/326] KRJG
[12:26:05] [16/326] SRTJ
[12:26:06] [17/326] CMXM
[12:26:07] [18/326] STMI
[12:26:08] [19/326] SLST
[12:26:09] 🔄 Identity reset
[12:26:09] 🔄 Identity rotated (every 10 requests)
[12:26:09] [20/326] DTCN
[12:26:10] [21/326] STYN
[12:26:12] [22/326] SZVR
[12:26:13] [23/326] SRKO
[12:26:14] [24/326] JTGT
[12:26:15] [25/326] SVFD
[12:26:16] [26/326] SISD
[12:26:17] [27/326] ABDD
[12:26:17] [28/326] DRCA
[12:26:18] [29/326] AVCS
[12:26:19] 🔄 Identity reset
[12:26:19] 🔄 Identity rotated (every 10 requests)
[12:26:19] [30/326] MVKH
[12:26:20] [31/326] ACPR
[12:26:21] [32/326] STIP
[12:26:22] [33/326] MTRA
[12:26:23] [34/326] RMKH
[12:26:23] [35/326] NKRL
[12:26:24] [36/326] PCWN
[12:26:25] [37/326] BLMT
[12:26:26] [38/326] GDPG
[12:26:27] [39/326] SRMX
[12:26:27] 🔄 Identity reset
[12:26:27] 🔄 Identity rotated (every 10 requests)
[12:26:28] 🔄 Retry 1/5 for SRMX in 2.8s
[12:26:28] 🔄 Identity reset
[12:26:30] 🧠 New identity created
[12:26:31] [40/326] JACP
[12:26:32] [41/326] CPSH
[12:26:32] [42/326] MCCD
[12:26:33] [43/326] ECGH
[12:26:34] [44/326] MKCK
[12:26:35] [45/326] SRMM
[12:26:36] [46/326] SKYR
[12:26:37] [47/326] PCKC
[12:26:38] [48/326] JCMA
[12:26:39] 🔄 Identity reset
[12:26:39] 🔄 Identity rotated (every 10 requests)
[12:26:39] [49/326] BSMP
[12:26:40] [50/326] VSPA
[12:26:41] [51/326] DJYA
[12:26:41] [52/326] DIMP
[12:26:42] [53/326] FXDR
[12:26:43] [54/326] SSRC
[12:26:44] [55/326] STHP
[12:26:45] [56/326] CPPD
[12:26:47] [57/326] FCLK
[12:26:48] [58/326] SCPP
[12:26:48] 🔄 Identity reset
[12:26:48] 🔄 Identity rotated (every 10 requests)
[12:26:49] [59/326] DCMJ
[12:26:49] [60/326] RCCR
[12:26:50] [61/326] INMT
[12:26:51] [62/326] LXTK
[12:26:52] [63/326] SRYK
[12:26:53] [64/326] SGDK
[12:26:54] [65/326] PPKA
[12:26:54] [66/326] SPKA
[12:26:55] [67/326] CGHH
[12:26:56] [68/326] DCJN
[12:26:57] 🔄 Identity reset
[12:26:57] 🔄 Identity rotated (every 10 requests)
[12:26:57] [69/326] SRKV
[12:26:58] [70/326] SAJC
[12:26:59] [71/326] SUSR
[12:27:00] [72/326] STYG
[12:27:00] [73/326] NTKP
[12:27:01] [74/326] AKTG
[12:27:02] [75/326] CGCM
[12:27:03] [76/326] TULC
[12:27:04] [77/326] NYYZ
[12:27:05] [78/326] NYBW
[12:27:05] 🔄 Identity reset
[12:27:05] 🔄 Identity rotated (every 10 requests)
[12:27:06] [79/326] MACB
[12:27:06] [80/326] SLVT
[12:27:07] [81/326] SANA
[12:27:08] [82/326] ACMR
[12:27:09] [83/326] CPKN
[12:27:10] [84/326] DLGK
[12:27:11] [85/326] CWCK
[12:27:12] [86/326] FDDH
[12:27:13] [87/326] MMMD
[12:27:14] [88/326] CMEH
[12:27:14] 🔄 Identity reset
[12:27:15] 🔄 Identity rotated (every 10 requests)
[12:27:15] 🔄 Retry 1/5 for CMEH in 2.8s
[12:27:15] 🔄 Identity reset
[12:27:17] 🧠 New identity created
[12:27:17] 🔄 Retry 2/5 for CMEH in 4.9s
[12:27:17] 🔄 Identity reset
[12:27:22] 🧠 New identity created
[12:27:23] [89/326] GGGV
[12:27:24] [90/326] SPJL
[12:27:24] [91/326] RCCD
[12:27:25] [92/326] STTZ
[12:27:26] [93/326] BTCF
[12:27:27] [94/326] TSTZ
[12:27:28] [95/326] IPMM
[12:27:29] [96/326] PMPW
[12:27:29] 🔄 Identity reset
[12:27:29] 🔄 Identity rotated (every 10 requests)
[12:27:29] [97/326] PCMZ
[12:27:30] [98/326] ESEM
[12:27:31] [99/326] PIPO
[12:27:32] [100/326] MATK
[12:27:33] [101/326] PGHM
[12:27:34] [102/326] CTSR
[12:27:34] [103/326] CYKR
[12:27:35] [104/326] MSCM
[12:27:36] [105/326] RFNP
[12:27:37] [106/326] PDCP
[12:27:38] 🔄 Identity reset
[12:27:38] 🔄 Identity rotated (every 10 requests)
[12:27:38] [107/326] NPSE
[12:27:39] [108/326] MKML
[12:27:40] [109/326] FTDP
[12:27:41] [110/326] MMXA
[12:27:42] [111/326] CEPO
[12:27:43] [112/326] CMVP
[12:27:44] [113/326] SGTH
[12:27:45] [114/326] SAYN
[12:27:46] [115/326] URVS
[12:27:47] [116/326] VJTN
[12:27:47] 🔄 Identity reset
[12:27:47] 🔄 Identity rotated (every 10 requests)
[12:27:48] [117/326] BBYK
[12:27:48] [118/326] SHBO
[12:27:49] [119/326] VCMR
[12:27:50] [120/326] MACT
[12:27:51] [121/326] JMNP
[12:27:52] [122/326] VICS
[12:27:53] [123/326] VCDA
[12:27:54] [124/326] GCMM
[12:27:55] [125/326] INVS
[12:27:56] [126/326] SCGM
[12:27:56] 🔄 Identity reset
[12:27:56] 🔄 Identity rotated (every 10 requests)
[12:27:57] [127/326] PCDA
[12:27:58] [128/326] KDCT
[12:27:58] [129/326] JACS
[12:27:59] [130/326] GMMC
[12:28:00] [131/326] AICM
[12:28:01] [132/326] TJCM
[12:28:02] [133/326] RMTI
[12:28:03] [134/326] SHAC
[12:28:04] [135/326] APJC
[12:28:05] [136/326] GCTG
[12:28:05] 🔄 Identity reset
[12:28:05] 🔄 Identity rotated (every 10 requests)
[12:28:06] 🔄 Retry 1/5 for GCTG in 2.9s
[12:28:06] 🔄 Identity reset
[12:28:08] 🧠 New identity created
[12:28:09] [137/326] SSMC
[12:28:10] [138/326] THRM
[12:28:10] [139/326] RBCT
[12:28:11] [140/326] DIKT
[12:28:12] [141/326] MIDL
[12:28:13] [142/326] VCSN
[12:28:13] [143/326] SKTG
[12:28:14] [144/326] SMWC
[12:28:15] [145/326] MNKH
[12:28:16] 🔄 Identity reset
[12:28:16] 🔄 Identity rotated (every 10 requests)
[12:28:16] 🔄 Retry 1/5 for MNKH in 2.7s
[12:28:16] 🔄 Identity reset
[12:28:19] 🧠 New identity created
[12:28:19] [146/326] PIAT
[12:28:20] [147/326] LTTP
[12:28:20] [148/326] PTPU
[12:28:21] [149/326] ACMG
[12:28:22] [150/326] SHMM
[12:28:23] [151/326] MCMN
[12:28:24] [152/326] GLDC
[12:28:25] [153/326] HOUT
[12:28:26] [154/326] SVRP
[12:28:26] 🔄 Identity reset
[12:28:26] 🔄 Identity rotated (every 10 requests)
[12:28:26] 🔄 Retry 1/5 for SVRP in 2.8s
[12:28:26] 🔄 Identity reset
[12:28:29] 🧠 New identity created
[12:28:29] [155/326] PVDN
[12:28:31] [156/326] SCPY
[12:28:32] [157/326] DTPY
[12:28:33] [158/326] GKCS
[12:28:33] [159/326] NCAM
[12:28:34] [160/326] BSRM
[12:28:35] [161/326] RCLC
[12:28:36] [162/326] SKKD
[12:28:37] [163/326] ACHU
[12:28:37] 🔄 Identity reset
[12:28:37] 🔄 Identity rotated (every 10 requests)
[12:28:38] [164/326] RSCF
[12:28:38] [165/326] IMSH
[12:28:39] [166/326] MACX
[12:28:40] [167/326] HMMW
[12:28:41] [168/326] JTCP
[12:28:42] [169/326] SREN
[12:28:43] [170/326] PJRR
[12:28:43] [171/326] INAC
[12:28:44] [172/326] BMCA
[12:28:45] [173/326] SHCB
[12:28:46] 🔄 Identity reset
[12:28:46] 🔄 Identity rotated (every 10 requests)
[12:28:46] [174/326] GABA
[12:28:47] [175/326] SBCT
[12:28:48] [176/326] GCMA
[12:28:49] [177/326] MYTK
[12:28:50] [178/326] INZS
[12:28:50] [179/326] RMIK
[12:28:51] [180/326] NYCH
[12:28:52] [181/326] RAVE
[12:28:53] [182/326] PSXM
[12:28:54] [183/326] MCGP
[12:28:55] 🔄 Identity reset
[12:28:55] 🔄 Identity rotated (every 10 requests)
[12:28:55] 🔄 Retry 1/5 for MCGP in 2.1s
[12:28:55] 🔄 Identity reset
[12:28:57] 🧠 New identity created
[12:28:58] [184/326] PDDK
[12:28:59] [185/326] SPCK
[12:29:00] [186/326] MCRL
[12:29:01] [187/326] MHKT
[12:29:02] [188/326] ANRR
[12:29:02] [189/326] SAPK
[12:29:03] [190/326] NCUK
[12:29:05] [191/326] JUGA
[12:29:06] [192/326] DBSC
[12:29:06] 🔄 Identity reset
[12:29:06] 🔄 Identity rotated (every 10 requests)
[12:29:07] [193/326] LALK
[12:29:07] [194/326] GUCK
[12:29:08] [195/326] STSG
[12:29:09] [196/326] PPPZ
[12:29:10] [197/326] CNCY
[12:29:11] [198/326] MTAR
[12:29:11] [199/326] VNKD
[12:29:12] [200/326] KMAJ
[12:29:13] [201/326] ACXK
[12:29:14] [202/326] UTKC
[12:29:15] 🔄 Identity reset
[12:29:15] 🔄 Identity rotated (every 10 requests)
[12:29:15] [203/326] PBLK
[12:29:16] [204/326] ACBX
[12:29:17] [205/326] PTGM
[12:29:17] [206/326] BTDA
[12:29:18] [207/326] PJMB
[12:29:19] [208/326] TPDA
[12:29:20] [209/326] AMOE
[12:29:22] [210/326] PRHT
[12:29:24] [211/326] PRTA
[12:29:25] [212/326] STAM
[12:29:25] 🔄 Identity reset
[12:29:25] 🔄 Identity rotated (every 10 requests)
[12:29:26] [213/326] MSAA
[12:29:27] [214/326] SDLU
[12:29:28] [215/326] RCHH
[12:29:29] [216/326] KANT
[12:29:29] [217/326] FCRT
[12:29:30] [218/326] DNKM
[12:29:31] [219/326] RYCP
[12:29:32] [220/326] MYRP
[12:29:33] [221/326] PPAK
[12:29:34] [222/326] NVPK
[12:29:34] 🔄 Identity reset
[12:29:34] 🔄 Identity rotated (every 10 requests)
[12:29:34] 🔄 Retry 1/5 for NVPK in 2.6s
[12:29:34] 🔄 Identity reset
[12:29:37] 🧠 New identity created
[12:29:37] 🔄 Retry 2/5 for NVPK in 4.4s
[12:29:37] 🔄 Identity reset
[12:29:41] 🧠 New identity created
[12:29:41] [223/326] PRMC
[12:29:42] [224/326] JBCS
[12:29:44] [225/326] GXCK
[12:29:45] [226/326] USKO
[12:29:45] [227/326] GTEM
[12:29:46] [228/326] SMBU
[12:29:47] [229/326] VETC
[12:29:48] [230/326] LCDA
[12:29:49] 🔄 Identity reset
[12:29:49] 🔄 Identity rotated (every 10 requests)
[12:29:49] [231/326] MTVT
[12:29:50] [232/326] PYCP
[12:29:51] [233/326] PNSC
[12:29:51] [234/326] PPCC
[12:29:52] [235/326] TGRT
[12:29:53] [236/326] JYOT
[12:29:54] [237/326] SRCZ
[12:29:55] [238/326] SJTE
[12:29:56] [239/326] DESC
[12:29:56] [240/326] JHVN
[12:29:57] 🔄 Identity reset
[12:29:57] 🔄 Identity rotated (every 10 requests)
[12:29:57] 🔄 Retry 1/5 for JHVN in 2.5s
[12:29:57] 🔄 Identity reset
[12:29:59] 🧠 New identity created
[12:30:00] 🔄 Retry 2/5 for JHVN in 4.6s
[12:30:00] 🔄 Identity reset
[12:30:04] 🧠 New identity created
[12:30:04] [241/326] IPSG
[12:30:05] [242/326] IPCM
[12:30:06] [243/326] PDRS
[12:30:07] [244/326] ANCV
[12:30:08] [245/326] CMVV
[12:30:09] [246/326] SHYP
[12:30:10] [247/326] DNCS
[12:30:10] [248/326] GAJK
[12:30:11] 🔄 Identity reset
[12:30:11] 🔄 Identity rotated (every 10 requests)
[12:30:11] [249/326] AKTN
[12:30:12] [250/326] KAYA
[12:30:13] [251/326] SBRC
[12:30:13] [252/326] CHTP
[12:30:14] [253/326] SHRT
[12:30:15] [254/326] BCKU
[12:30:16] [255/326] FCPS
[12:30:17] [256/326] ARDD
[12:30:18] [257/326] CPCM
[12:30:19] [258/326] CGSM
[12:30:19] 🔄 Identity reset
[12:30:19] 🔄 Identity rotated (every 10 requests)
[12:30:20] [259/326] PSMP
[12:30:21] [260/326] SDAL
[12:30:22] [261/326] RTNB
[12:30:22] [262/326] LMCR
[12:30:23] [263/326] CIMA
[12:30:24] [264/326] RNAS
[12:30:25] [265/326] LITH
[12:30:26] [266/326] PBOX
[12:30:27] [267/326] FRTS
[12:30:29] [268/326] RKIC
[12:30:29] 🔄 Identity reset
[12:30:30] 🔄 Identity rotated (every 10 requests)
[12:30:30] [269/326] PTAI
[12:30:31] [270/326] GCIC
[12:30:32] [271/326] FNAS
[12:30:32] [272/326] SCAR
[12:30:34] [273/326] MTCA
[12:30:35] [274/326] SCTS
[12:30:35] [275/326] SYCS
[12:30:36] [276/326] RDMS
[12:30:37] [277/326] KAMP
[12:30:38] [278/326] ERSD
[12:30:38] 🔄 Identity reset
[12:30:38] 🔄 Identity rotated (every 10 requests)
[12:30:39] [279/326] MJMJ
[12:30:40] [280/326] SRCJ
[12:30:41] [281/326] SCXE
[12:30:42] [282/326] SVFR
[12:30:42] [283/326] BHCS
[12:30:43] [284/326] IMCC
[12:30:44] [285/326] PCBO
[12:30:45] [286/326] PRVN
[12:30:46] [287/326] AUPM
[12:30:47] [288/326] INBW
[12:30:47] 🔄 Identity reset
[12:30:47] 🔄 Identity rotated (every 10 requests)
[12:30:48] [289/326] SVCW
[12:30:49] [290/326] RKCF
[12:30:50] [291/326] UVBH
[12:30:50] [292/326] DNCY
[12:30:51] [293/326] ABCN
[12:30:52] [294/326] PRUR
[12:30:53] [295/326] PFMR
[12:30:54] [296/326] RKCN
[12:30:55] [297/326] CFEA
[12:30:55] [298/326] SDBG
[12:30:56] 🔄 Identity reset
[12:30:56] 🔄 Identity rotated (every 10 requests)
[12:30:56] [299/326] SNAR
[12:30:57] [300/326] YISI
[12:30:58] [301/326] JCFF
[12:30:59] [302/326] VTRK
[12:31:00] [303/326] PCLZ
[12:31:01] [304/326] DIMY
[12:31:02] [305/326] BBTS
[12:31:03] [306/326] GATH
[12:31:04] [307/326] GTMN
[12:31:05] [308/326] VTMH
[12:31:05] 🔄 Identity reset
[12:31:05] 🔄 Identity rotated (every 10 requests)
[12:31:05] [309/326] CCKP
[12:31:06] [310/326] GPKA
[12:31:07] [311/326] MHCL
[12:31:08] [312/326] ATCL
[12:31:09] [313/326] SBCK
[12:31:10] [314/326] AMMR
[12:31:10] [315/326] MADC
[12:31:11] [316/326] TMMA
[12:31:12] [317/326] CACC
[12:31:13] [318/326] CHAL
[12:31:14] 🔄 Identity reset
[12:31:14] 🔄 Identity rotated (every 10 requests)
[12:31:14] [319/326] DURG
[12:31:15] [320/326] GMKU
[12:31:15] [321/326] GECA
[12:31:16] [322/326] KYRR
[12:31:17] [323/326] KSDE
[12:31:18] [324/326] LMCI
[12:31:19] [325/326] NKCP
[12:31:20] [326/326] BGTC
[12:31:20] 🧹 Deduping shows
[12:31:20] ✅ DONE | Shows=31 | Movies=4
[22:09:42] 🚀 SCRIPT STARTED (enhanced anti‑detection)
[22:09:42] [1/326] BSAT
[22:09:43] 🧠 New identity created
[22:09:43] [2/326] RSSM
[22:09:44] [3/326] GCTA
[22:09:45] [4/326] TOPN
[22:09:46] [5/326] MCUS
[22:09:47] [6/326] SHRL
[22:09:48] [7/326] UPTP
[22:09:49] [8/326] TMMP
[22:09:50] [9/326] DNRP
[22:09:52] [10/326] SRLT
[22:09:53] 🔄 Identity reset
[22:09:53] 🔄 Identity rotated (every 10 requests)
[22:09:54] [11/326] RCNS
[22:09:55] [12/326] DCBH
[22:09:56] [13/326] NAGJ
[22:09:56] [14/326] JVRC
[22:09:57] [15/326] KRJG
[22:09:58] [16/326] SRTJ
[22:09:59] [17/326] CMXM
[22:10:00] [18/326] STMI
[22:10:01] [19/326] SLST
[22:10:02] [20/326] DTCN
[22:10:02] 🔄 Identity reset
[22:10:02] 🔄 Identity rotated (every 10 requests)
[22:10:02] 🔄 Retry 1/5 for DTCN in 2.5s
[22:10:02] 🔄 Identity reset
[22:10:05] 🧠 New identity created
[22:10:06] [21/326] STYN
[22:10:07] [22/326] SZVR
[22:10:08] [23/326] SRKO
[22:10:09] [24/326] JTGT
[22:10:10] [25/326] SVFD
[22:10:11] [26/326] SISD
[22:10:12] [27/326] ABDD
[22:10:14] [28/326] DRCA
[22:10:15] [29/326] AVCS
[22:10:15] 🔄 Identity reset
[22:10:15] 🔄 Identity rotated (every 10 requests)
[22:10:16] [30/326] MVKH
[22:10:17] [31/326] ACPR
[22:10:18] [32/326] STIP
[22:10:19] [33/326] MTRA
[22:10:21] [34/326] RMKH
[22:10:22] [35/326] NKRL
[22:10:23] [36/326] PCWN
[22:10:24] [37/326] BLMT
[22:10:25] [38/326] GDPG
[22:10:26] [39/326] SRMX
[22:10:27] 🔄 Identity reset
[22:10:27] 🔄 Identity rotated (every 10 requests)
[22:10:27] [40/326] JACP
[22:10:28] [41/326] CPSH
[22:10:29] [42/326] MCCD
[22:10:30] [43/326] ECGH
[22:10:31] [44/326] MKCK
[22:10:32] [45/326] SRMM
[22:10:33] [46/326] SKYR
[22:10:34] [47/326] PCKC
[22:10:35] [48/326] JCMA
[22:10:36] [49/326] BSMP
[22:10:37] 🔄 Identity reset
[22:10:37] 🔄 Identity rotated (every 10 requests)
[22:10:37] [50/326] VSPA
[22:10:39] [51/326] DJYA
[22:10:40] [52/326] DIMP
[22:10:41] [53/326] FXDR
[22:10:42] [54/326] SSRC
[22:10:43] [55/326] STHP
[22:10:44] [56/326] CPPD
[22:10:46] [57/326] FCLK
[22:10:47] [58/326] SCPP
[22:10:48] [59/326] DCMJ
[22:10:48] 🔄 Identity reset
[22:10:48] 🔄 Identity rotated (every 10 requests)
[22:10:49] [60/326] RCCR
[22:10:50] [61/326] INMT
[22:10:50] [62/326] LXTK
[22:10:52] [63/326] SRYK
[22:10:53] [64/326] SGDK
[22:10:54] [65/326] PPKA
[22:10:55] [66/326] SPKA
[22:10:55] [67/326] CGHH
[22:10:57] [68/326] DCJN
[22:10:58] [69/326] SRKV
[22:10:58] 🔄 Identity reset
[22:10:58] 🔄 Identity rotated (every 10 requests)
[22:10:58] 🔄 Retry 1/5 for SRKV in 2.3s
[22:10:58] 🔄 Identity reset
[22:11:01] 🧠 New identity created
[22:11:01] 🔄 Retry 2/5 for SRKV in 4.5s
[22:11:01] 🔄 Identity reset
[22:11:05] 🧠 New identity created
[22:11:06] [70/326] SAJC
[22:11:07] [71/326] SUSR
[22:11:07] [72/326] STYG
[22:11:08] [73/326] NTKP
[22:11:09] [74/326] AKTG
[22:11:10] [75/326] CGCM
[22:11:11] [76/326] TULC
[22:11:13] [77/326] NYYZ
[22:11:13] 🔄 Identity reset
[22:11:13] 🔄 Identity rotated (every 10 requests)
[22:11:14] [78/326] NYBW
[22:11:16] [79/326] MACB
[22:11:17] [80/326] SLVT
[22:11:18] [81/326] SANA
[22:11:19] [82/326] ACMR
[22:11:20] [83/326] CPKN
[22:11:21] [84/326] DLGK
[22:11:22] [85/326] CWCK
[22:11:23] [86/326] FDDH
[22:11:24] [87/326] MMMD
[22:11:24] 🔄 Identity reset
[22:11:24] 🔄 Identity rotated (every 10 requests)
[22:11:24] 🔄 Retry 1/5 for MMMD in 2.6s
[22:11:24] 🔄 Identity reset
[22:11:27] 🧠 New identity created
[22:11:27] [88/326] CMEH
[22:11:28] [89/326] GGGV
[22:11:30] [90/326] SPJL
[22:11:31] [91/326] RCCD
[22:11:32] [92/326] STTZ
[22:11:33] [93/326] BTCF
[22:11:34] [94/326] TSTZ
[22:11:35] [95/326] IPMM
[22:11:36] [96/326] PMPW
[22:11:36] 🔄 Identity reset
[22:11:36] 🔄 Identity rotated (every 10 requests)
[22:11:37] [97/326] PCMZ
[22:11:38] [98/326] ESEM
[22:11:39] [99/326] PIPO
[22:11:41] [100/326] MATK
[22:11:41] [101/326] PGHM
[22:11:42] [102/326] CTSR
[22:11:43] [103/326] CYKR
[22:11:44] [104/326] MSCM
[22:11:45] [105/326] RFNP
[22:11:46] [106/326] PDCP
[22:11:47] 🔄 Identity reset
[22:11:47] 🔄 Identity rotated (every 10 requests)
[22:11:47] [107/326] NPSE
[22:11:48] [108/326] MKML
[22:11:49] [109/326] FTDP
[22:11:50] [110/326] MMXA
[22:11:51] [111/326] CEPO
[22:11:51] [112/326] CMVP
[22:11:52] [113/326] SGTH
[22:11:53] [114/326] SAYN
[22:11:55] [115/326] URVS
[22:11:56] [116/326] VJTN
[22:11:57] 🔄 Identity reset
[22:11:57] 🔄 Identity rotated (every 10 requests)
[22:11:57] [117/326] BBYK
[22:11:58] [118/326] SHBO
[22:11:59] [119/326] VCMR
[22:12:00] [120/326] MACT
[22:12:01] [121/326] JMNP
[22:12:01] [122/326] VICS
[22:12:02] [123/326] VCDA
[22:12:03] [124/326] GCMM
[22:12:05] [125/326] INVS
[22:12:06] [126/326] SCGM
[22:12:07] 🔄 Identity reset
[22:12:07] 🔄 Identity rotated (every 10 requests)
[22:12:08] [127/326] PCDA
[22:12:08] [128/326] KDCT
[22:12:09] [129/326] JACS
[22:12:12] [130/326] GMMC
[22:12:12] [131/326] AICM
[22:12:13] [132/326] TJCM
[22:12:14] [133/326] RMTI
[22:12:15] [134/326] SHAC
[22:12:16] [135/326] APJC
[22:12:17] [136/326] GCTG
[22:12:18] 🔄 Identity reset
[22:12:18] 🔄 Identity rotated (every 10 requests)
[22:12:18] [137/326] SSMC
[22:12:19] [138/326] THRM
[22:12:20] [139/326] RBCT
[22:12:21] [140/326] DIKT
[22:12:21] [141/326] MIDL
[22:12:22] [142/326] VCSN
[22:12:23] [143/326] SKTG
[22:12:27] [144/326] SMWC
[22:12:28] [145/326] MNKH
[22:12:28] [146/326] PIAT
[22:12:29] 🔄 Identity reset
[22:12:29] 🔄 Identity rotated (every 10 requests)
[22:12:29] 🔄 Retry 1/5 for PIAT in 2.1s
[22:12:29] 🔄 Identity reset
[22:12:31] 🧠 New identity created
[22:12:31] 🔄 Retry 2/5 for PIAT in 4.4s
[22:12:31] 🔄 Identity reset
[22:12:35] 🧠 New identity created
[22:12:36] [147/326] LTTP
[22:12:37] [148/326] PTPU
[22:12:39] [149/326] ACMG
[22:12:39] [150/326] SHMM
[22:12:41] [151/326] MCMN
[22:12:42] [152/326] GLDC
[22:12:43] [153/326] HOUT
[22:12:44] [154/326] SVRP
[22:12:44] 🔄 Identity reset
[22:12:44] 🔄 Identity rotated (every 10 requests)
[22:12:44] 🔄 Retry 1/5 for SVRP in 2.0s
[22:12:44] 🔄 Identity reset
[22:12:46] 🧠 New identity created
[22:12:47] 🔄 Retry 2/5 for SVRP in 4.2s
[22:12:47] 🔄 Identity reset
[22:12:51] 🧠 New identity created
[22:12:51] [155/326] PVDN
[22:12:52] [156/326] SCPY
[22:12:54] [157/326] DTPY
[22:12:56] [158/326] GKCS
[22:12:57] [159/326] NCAM
[22:12:58] [160/326] BSRM
[22:13:00] [161/326] RCLC
[22:13:00] [162/326] SKKD
[22:13:01] 🔄 Identity reset
[22:13:01] 🔄 Identity rotated (every 10 requests)
[22:13:01] [163/326] ACHU
[22:13:02] [164/326] RSCF
[22:13:03] [165/326] IMSH
[22:13:04] [166/326] MACX
[22:13:05] [167/326] HMMW
[22:13:06] [168/326] JTCP
[22:13:07] [169/326] SREN
[22:13:08] [170/326] PJRR
[22:13:09] [171/326] INAC
[22:13:10] [172/326] BMCA
[22:13:10] 🔄 Identity reset
[22:13:10] 🔄 Identity rotated (every 10 requests)
[22:13:10] 🔄 Retry 1/5 for BMCA in 2.6s
[22:13:10] 🔄 Identity reset
[22:13:13] 🧠 New identity created
[22:13:13] [173/326] SHCB
[22:13:14] [174/326] GABA
[22:13:15] [175/326] SBCT
[22:13:16] [176/326] GCMA
[22:13:17] [177/326] MYTK
[22:13:18] [178/326] INZS
[22:13:19] [179/326] RMIK
[22:13:20] [180/326] NYCH
[22:13:21] [181/326] RAVE
[22:13:22] 🔄 Identity reset
[22:13:22] 🔄 Identity rotated (every 10 requests)
[22:13:22] [182/326] PSXM
[22:13:23] [183/326] MCGP
[22:13:24] [184/326] PDDK
[22:13:25] [185/326] SPCK
[22:13:26] [186/326] MCRL
[22:13:27] [187/326] MHKT
[22:13:27] [188/326] ANRR
[22:13:28] [189/326] SAPK
[22:13:30] [190/326] NCUK
[22:13:31] [191/326] JUGA
[22:13:31] 🔄 Identity reset
[22:13:31] 🔄 Identity rotated (every 10 requests)
[22:13:32] [192/326] DBSC
[22:13:32] [193/326] LALK
[22:13:34] [194/326] GUCK
[22:13:34] [195/326] STSG
[22:13:35] [196/326] PPPZ
[22:13:36] [197/326] CNCY
[22:13:38] [198/326] MTAR
[22:13:38] [199/326] VNKD
[22:13:39] [200/326] KMAJ
[22:13:40] [201/326] ACXK
[22:13:41] 🔄 Identity reset
[22:13:41] 🔄 Identity rotated (every 10 requests)
[22:13:41] [202/326] UTKC
[22:13:42] [203/326] PBLK
[22:13:43] [204/326] ACBX
[22:13:45] [205/326] PTGM
[22:13:46] [206/326] BTDA
[22:13:47] [207/326] PJMB
[22:13:48] [208/326] TPDA
[22:13:49] [209/326] AMOE
[22:13:51] [210/326] PRHT
[22:13:52] [211/326] PRTA
[22:13:53] 🔄 Identity reset
[22:13:53] 🔄 Identity rotated (every 10 requests)
[22:13:53] [212/326] STAM
[22:13:54] [213/326] MSAA
[22:13:55] [214/326] SDLU
[22:13:56] [215/326] RCHH
[22:13:57] [216/326] KANT
[22:13:58] [217/326] FCRT
[22:13:59] [218/326] DNKM
[22:14:00] [219/326] RYCP
[22:14:01] [220/326] MYRP
[22:14:02] [221/326] PPAK
[22:14:03] 🔄 Identity reset
[22:14:03] 🔄 Identity rotated (every 10 requests)
[22:14:03] 🔄 Retry 1/5 for PPAK in 2.3s
[22:14:03] 🔄 Identity reset
[22:14:06] 🧠 New identity created
[22:14:06] [222/326] NVPK
[22:14:07] [223/326] PRMC
[22:14:08] [224/326] JBCS
[22:14:09] [225/326] GXCK
[22:14:09] [226/326] USKO
[22:14:10] [227/326] GTEM
[22:14:12] [228/326] SMBU
[22:14:13] [229/326] VETC
[22:14:14] [230/326] LCDA
[22:14:14] 🔄 Identity reset
[22:14:14] 🔄 Identity rotated (every 10 requests)
[22:14:15] [231/326] MTVT
[22:14:16] [232/326] PYCP
[22:14:17] [233/326] PNSC
[22:14:17] [234/326] PPCC
[22:14:18] [235/326] TGRT
[22:14:19] [236/326] JYOT
[22:14:20] [237/326] SRCZ
[22:14:22] [238/326] SJTE
[22:14:23] [239/326] DESC
[22:14:23] [240/326] JHVN
[22:14:24] 🔄 Identity reset
[22:14:24] 🔄 Identity rotated (every 10 requests)
[22:14:24] 🔄 Retry 1/5 for JHVN in 2.2s
[22:14:24] 🔄 Identity reset
[22:14:26] 🧠 New identity created
[22:14:27] [241/326] IPSG
[22:14:28] [242/326] IPCM
[22:14:28] [243/326] PDRS
[22:14:29] [244/326] ANCV
[22:14:30] [245/326] CMVV
[22:14:31] [246/326] SHYP
[22:14:32] [247/326] DNCS
[22:14:34] [248/326] GAJK
[22:14:35] [249/326] AKTN
[22:14:36] 🔄 Identity reset
[22:14:36] 🔄 Identity rotated (every 10 requests)
[22:14:37] [250/326] KAYA
[22:14:37] [251/326] SBRC
[22:14:38] [252/326] CHTP
[22:14:39] [253/326] SHRT
[22:14:40] [254/326] BCKU
[22:14:41] [255/326] FCPS
[22:14:42] [256/326] ARDD
[22:14:44] [257/326] CPCM
[22:14:45] [258/326] CGSM
[22:14:46] [259/326] PSMP
[22:14:46] 🔄 Identity reset
[22:14:46] 🔄 Identity rotated (every 10 requests)
[22:14:47] [260/326] SDAL
[22:14:48] [261/326] RTNB
[22:14:49] [262/326] LMCR
[22:14:50] [263/326] CIMA
[22:14:51] [264/326] RNAS
[22:14:52] [265/326] LITH
[22:14:54] [266/326] PBOX
[22:14:55] [267/326] FRTS
[22:14:56] [268/326] RKIC
[22:14:57] [269/326] PTAI
[22:14:57] 🔄 Identity reset
[22:14:57] 🔄 Identity rotated (every 10 requests)
[22:14:57] [270/326] GCIC
[22:14:58] [271/326] FNAS
[22:14:59] [272/326] SCAR
[22:15:02] [273/326] MTCA
[22:15:03] [274/326] SCTS
[22:15:05] [275/326] SYCS
[22:15:06] [276/326] RDMS
[22:15:06] [277/326] KAMP
[22:15:07] [278/326] ERSD
[22:15:08] [279/326] MJMJ
[22:15:09] 🔄 Identity reset
[22:15:09] 🔄 Identity rotated (every 10 requests)
[22:15:10] [280/326] SRCJ
[22:15:11] [281/326] SCXE
[22:15:12] [282/326] SVFR
[22:15:14] [283/326] BHCS
[22:15:15] [284/326] IMCC
[22:15:16] [285/326] PCBO
[22:15:17] [286/326] PRVN
[22:15:18] [287/326] AUPM
[22:15:19] [288/326] INBW
[22:15:20] [289/326] SVCW
[22:15:20] 🔄 Identity reset
[22:15:20] 🔄 Identity rotated (every 10 requests)
[22:15:21] [290/326] RKCF
[22:15:22] [291/326] UVBH
[22:15:23] [292/326] DNCY
[22:15:24] [293/326] ABCN
[22:15:25] [294/326] PRUR
[22:15:26] [295/326] PFMR
[22:15:27] [296/326] RKCN
[22:15:28] [297/326] CFEA
[22:15:29] [298/326] SDBG
[22:15:30] [299/326] SNAR
[22:15:31] 🔄 Identity reset
[22:15:31] 🔄 Identity rotated (every 10 requests)
[22:15:31] [300/326] YISI
[22:15:32] [301/326] JCFF
[22:15:33] [302/326] VTRK
[22:15:34] [303/326] PCLZ
[22:15:34] [304/326] DIMY
[22:15:35] [305/326] BBTS
[22:15:37] [306/326] GATH
[22:15:38] [307/326] GTMN
[22:15:39] [308/326] VTMH
[22:15:41] [309/326] CCKP
[22:15:42] 🔄 Identity reset
[22:15:42] 🔄 Identity rotated (every 10 requests)
[22:15:42] [310/326] GPKA
[22:15:43] [311/326] MHCL
[22:15:44] [312/326] ATCL
[22:15:45] [313/326] SBCK
[22:15:46] [314/326] AMMR
[22:15:47] [315/326] MADC
[22:15:48] [316/326] TMMA
[22:15:49] [317/326] CACC
[22:15:49] [318/326] CHAL
[22:15:50] [319/326] DURG
[22:15:51] 🔄 Identity reset
[22:15:51] 🔄 Identity rotated (every 10 requests)
[22:15:51] [320/326] GMKU
[22:15:52] [321/326] GECA
[22:15:54] [322/326] KYRR
[22:15:55] [323/326] KSDE
[22:15:56] [324/326] LMCI
[22:15:57] [325/326] NKCP
[22:15:58] [326/326] BGTC
[22:15:59] 🧹 Deduping shows
[22:15:59] ✅ DONE | Shows=148 | Movies=21
[07:12:54] 🚀 SCRIPT STARTED (enhanced anti‑detection)
[07:12:54] [1/326] BSAT
[07:12:55] 🧠 New identity created
[07:12:55] 🔄 Retry 1/5 for BSAT in 2.7s
[07:12:55] 🔄 Identity reset
[07:12:57] 🧠 New identity created
[07:12:58] [2/326] RSSM
[07:12:58] [3/326] GCTA
[07:12:59] [4/326] TOPN
[07:13:00] [5/326] MCUS
[07:13:01] [6/326] SHRL
[07:13:01] [7/326] UPTP
[07:13:02] [8/326] TMMP
[07:13:03] [9/326] DNRP
[07:13:04] 🔄 Identity reset
[07:13:04] 🔄 Identity rotated (every 10 requests)
[07:13:04] [10/326] SRLT
[07:13:05] [11/326] RCNS
[07:13:05] [12/326] DCBH
[07:13:06] [13/326] NAGJ
[07:13:07] [14/326] JVRC
[07:13:08] [15/326] KRJG
[07:13:08] [16/326] SRTJ
[07:13:09] [17/326] CMXM
[07:13:10] [18/326] STMI
[07:13:11] [19/326] SLST
[07:13:12] 🔄 Identity reset
[07:13:12] 🔄 Identity rotated (every 10 requests)
[07:13:12] [20/326] DTCN
[07:13:13] [21/326] STYN
[07:13:14] [22/326] SZVR
[07:13:14] [23/326] SRKO
[07:13:15] [24/326] JTGT
[07:13:16] [25/326] SVFD
[07:13:17] [26/326] SISD
[07:13:18] [27/326] ABDD
[07:13:19] [28/326] DRCA
[07:13:19] [29/326] AVCS
[07:13:20] 🔄 Identity reset
[07:13:20] 🔄 Identity rotated (every 10 requests)
[07:13:20] [30/326] MVKH
[07:13:22] [31/326] ACPR
[07:13:23] [32/326] STIP
[07:13:24] [33/326] MTRA
[07:13:25] [34/326] RMKH
[07:13:26] [35/326] NKRL
[07:13:26] [36/326] PCWN
[07:13:27] [37/326] BLMT
[07:13:28] [38/326] GDPG
[07:13:29] [39/326] SRMX
[07:13:30] 🔄 Identity reset
[07:13:30] 🔄 Identity rotated (every 10 requests)
[07:13:30] [40/326] JACP
[07:13:31] [41/326] CPSH
[07:13:32] [42/326] MCCD
[07:13:32] [43/326] ECGH
[07:13:33] [44/326] MKCK
[07:13:34] [45/326] SRMM
[07:13:35] [46/326] SKYR
[07:13:35] [47/326] PCKC
[07:13:36] [48/326] JCMA
[07:13:37] [49/326] BSMP
[07:13:38] 🔄 Identity reset
[07:13:38] 🔄 Identity rotated (every 10 requests)
[07:13:38] 🔄 Retry 1/5 for BSMP in 2.3s
[07:13:38] 🔄 Identity reset
[07:13:40] 🧠 New identity created
[07:13:40] [50/326] VSPA
[07:13:42] [51/326] DJYA
[07:13:42] [52/326] DIMP
[07:13:43] [53/326] FXDR
[07:13:44] [54/326] SSRC
[07:13:45] [55/326] STHP
[07:13:45] [56/326] CPPD
[07:13:46] [57/326] FCLK
[07:13:47] [58/326] SCPP
[07:13:48] 🔄 Identity reset
[07:13:48] 🔄 Identity rotated (every 10 requests)
[07:13:48] [59/326] DCMJ
[07:13:49] [60/326] RCCR
[07:13:50] [61/326] INMT
[07:13:50] [62/326] LXTK
[07:13:51] [63/326] SRYK
[07:13:52] [64/326] SGDK
[07:13:52] [65/326] PPKA
[07:13:53] [66/326] SPKA
[07:13:54] [67/326] CGHH
[07:13:55] [68/326] DCJN
[07:13:55] 🔄 Identity reset
[07:13:55] 🔄 Identity rotated (every 10 requests)
[07:13:56] [69/326] SRKV
[07:13:57] [70/326] SAJC
[07:13:58] [71/326] SUSR
[07:13:59] [72/326] STYG
[07:13:59] [73/326] NTKP
[07:14:01] [74/326] AKTG
[07:14:02] [75/326] CGCM
[07:14:03] [76/326] TULC
[07:14:03] [77/326] NYYZ
[07:14:04] [78/326] NYBW
[07:14:05] 🔄 Identity reset
[07:14:05] 🔄 Identity rotated (every 10 requests)
[07:14:05] [79/326] MACB
[07:14:06] [80/326] SLVT
[07:14:07] [81/326] SANA
[07:14:07] [82/326] ACMR
[07:14:08] [83/326] CPKN
[07:14:09] [84/326] DLGK
[07:14:09] [85/326] CWCK
[07:14:10] [86/326] FDDH
[07:14:11] [87/326] MMMD
[07:14:11] [88/326] CMEH
[07:14:12] 🔄 Identity reset
[07:14:12] 🔄 Identity rotated (every 10 requests)
[07:14:12] [89/326] GGGV
[07:14:13] [90/326] SPJL
[07:14:14] [91/326] RCCD
[07:14:15] [92/326] STTZ
[07:14:16] [93/326] BTCF
[07:14:17] [94/326] TSTZ
[07:14:17] [95/326] IPMM
[07:14:19] [96/326] PMPW
[07:14:20] [97/326] PCMZ
[07:14:20] [98/326] ESEM
[07:14:21] 🔄 Identity reset
[07:14:21] 🔄 Identity rotated (every 10 requests)
[07:14:21] 🔄 Retry 1/5 for ESEM in 2.7s
[07:14:21] 🔄 Identity reset
[07:14:24] 🧠 New identity created
[07:14:24] [99/326] PIPO
[07:14:25] [100/326] MATK
[07:14:25] [101/326] PGHM
[07:14:26] [102/326] CTSR
[07:14:27] [103/326] CYKR
[07:14:28] [104/326] MSCM
[07:14:29] [105/326] RFNP
[07:14:30] [106/326] PDCP
[07:14:30] [107/326] NPSE
[07:14:31] 🔄 Identity reset
[07:14:31] 🔄 Identity rotated (every 10 requests)
[07:14:31] [108/326] MKML
[07:14:32] [109/326] FTDP
[07:14:33] [110/326] MMXA
[07:14:34] [111/326] CEPO
[07:14:35] [112/326] CMVP
[07:14:36] [113/326] SGTH
[07:14:37] [114/326] SAYN
[07:14:37] [115/326] URVS
[07:14:38] [116/326] VJTN
[07:14:40] [117/326] BBYK
[07:14:40] 🔄 Identity reset
[07:14:40] 🔄 Identity rotated (every 10 requests)
[07:14:40] 🔄 Retry 1/5 for BBYK in 2.8s
[07:14:40] 🔄 Identity reset
[07:14:43] 🧠 New identity created
[07:14:44] [118/326] SHBO
[07:14:44] [119/326] VCMR
[07:14:45] [120/326] MACT
[07:14:46] [121/326] JMNP
[07:14:47] [122/326] VICS
[07:14:47] [123/326] VCDA
[07:14:48] [124/326] GCMM
[07:14:49] [125/326] INVS
[07:14:50] [126/326] SCGM
[07:14:50] 🔄 Identity reset
[07:14:50] 🔄 Identity rotated (every 10 requests)
[07:14:51] [127/326] PCDA
[07:14:51] [128/326] KDCT
[07:14:53] [129/326] JACS
[07:14:54] [130/326] GMMC
[07:14:54] [131/326] AICM
[07:14:55] [132/326] TJCM
[07:14:56] [133/326] RMTI
[07:14:57] [134/326] SHAC
[07:14:57] [135/326] APJC
[07:14:58] [136/326] GCTG
[07:14:58] 🔄 Identity reset
[07:14:58] 🔄 Identity rotated (every 10 requests)
[07:14:58] [137/326] SSMC
[07:14:59] [138/326] THRM
[07:15:00] [139/326] RBCT
[07:15:01] [140/326] DIKT
[07:15:02] [141/326] MIDL
[07:15:03] [142/326] VCSN
[07:15:04] [143/326] SKTG
[07:15:04] [144/326] SMWC
[07:15:05] [145/326] MNKH
[07:15:05] [146/326] PIAT
[07:15:06] 🔄 Identity reset
[07:15:06] 🔄 Identity rotated (every 10 requests)
[07:15:06] [147/326] LTTP
[07:15:07] [148/326] PTPU
[07:15:08] [149/326] ACMG
[07:15:08] [150/326] SHMM
[07:15:09] [151/326] MCMN
[07:15:10] [152/326] GLDC
[07:15:11] [153/326] HOUT
[07:15:12] [154/326] SVRP
[07:15:13] [155/326] PVDN
[07:15:14] [156/326] SCPY
[07:15:14] 🔄 Identity reset
[07:15:14] 🔄 Identity rotated (every 10 requests)
[07:15:15] [157/326] DTPY
[07:15:15] [158/326] GKCS
[07:15:16] [159/326] NCAM
[07:15:17] [160/326] BSRM
[07:15:18] [161/326] RCLC
[07:15:19] [162/326] SKKD
[07:15:20] [163/326] ACHU
[07:15:20] [164/326] RSCF
[07:15:21] [165/326] IMSH
[07:15:22] [166/326] MACX
[07:15:22] 🔄 Identity reset
[07:15:22] 🔄 Identity rotated (every 10 requests)
[07:15:22] 🔄 Retry 1/5 for MACX in 2.4s
[07:15:22] 🔄 Identity reset
[07:15:25] 🧠 New identity created
[07:15:25] [167/326] HMMW
[07:15:26] [168/326] JTCP
[07:15:27] [169/326] SREN
[07:15:27] [170/326] PJRR
[07:15:28] [171/326] INAC
[07:15:29] [172/326] BMCA
[07:15:30] [173/326] SHCB
[07:15:31] [174/326] GABA
[07:15:32] [175/326] SBCT
[07:15:32] 🔄 Identity reset
[07:15:32] 🔄 Identity rotated (every 10 requests)
[07:15:32] 🔄 Retry 1/5 for SBCT in 2.6s
[07:15:32] 🔄 Identity reset
[07:15:35] 🧠 New identity created
[07:15:35] 🔄 Retry 2/5 for SBCT in 4.2s
[07:15:35] 🔄 Identity reset
[07:15:39] 🧠 New identity created
[07:15:39] [176/326] GCMA
[07:15:40] [177/326] MYTK
[07:15:41] [178/326] INZS
[07:15:41] [179/326] RMIK
[07:15:42] [180/326] NYCH
[07:15:43] [181/326] RAVE
[07:15:44] [182/326] PSXM
[07:15:45] [183/326] MCGP
[07:15:45] 🔄 Identity reset
[07:15:45] 🔄 Identity rotated (every 10 requests)
[07:15:45] [184/326] PDDK
[07:15:46] [185/326] SPCK
[07:15:47] [186/326] MCRL
[07:15:48] [187/326] MHKT
[07:15:49] [188/326] ANRR
[07:15:50] [189/326] SAPK
[07:15:51] [190/326] NCUK
[07:15:51] [191/326] JUGA
[07:15:52] [192/326] DBSC
[07:15:53] [193/326] LALK
[07:15:53] 🔄 Identity reset
[07:15:53] 🔄 Identity rotated (every 10 requests)
[07:15:53] 🔄 Retry 1/5 for LALK in 2.4s
[07:15:53] 🔄 Identity reset
[07:15:56] 🧠 New identity created
[07:15:56] [194/326] GUCK
[07:15:57] [195/326] STSG
[07:15:58] [196/326] PPPZ
[07:15:59] [197/326] CNCY
[07:16:00] [198/326] MTAR
[07:16:00] [199/326] VNKD
[07:16:01] [200/326] KMAJ
[07:16:03] [201/326] ACXK
[07:16:04] [202/326] UTKC
[07:16:04] 🔄 Identity reset
[07:16:05] 🔄 Identity rotated (every 10 requests)
[07:16:05] [203/326] PBLK
[07:16:05] [204/326] ACBX
[07:16:06] [205/326] PTGM
[07:16:07] [206/326] BTDA
[07:16:08] [207/326] PJMB
[07:16:09] [208/326] TPDA
[07:16:10] [209/326] AMOE
[07:16:10] [210/326] PRHT
[07:16:12] [211/326] PRTA
[07:16:12] [212/326] STAM
[07:16:13] 🔄 Identity reset
[07:16:13] 🔄 Identity rotated (every 10 requests)
[07:16:13] 🔄 Retry 1/5 for STAM in 2.1s
[07:16:13] 🔄 Identity reset
[07:16:15] 🧠 New identity created
[07:16:15] [213/326] MSAA
[07:16:16] [214/326] SDLU
[07:16:18] [215/326] RCHH
[07:16:19] [216/326] KANT
[07:16:19] [217/326] FCRT
[07:16:20] [218/326] DNKM
[07:16:21] [219/326] RYCP
[07:16:22] [220/326] MYRP
[07:16:22] [221/326] PPAK
[07:16:23] 🔄 Identity reset
[07:16:23] 🔄 Identity rotated (every 10 requests)
[07:16:23] 🔄 Retry 1/5 for PPAK in 2.1s
[07:16:23] 🔄 Identity reset
[07:16:25] 🧠 New identity created
[07:16:25] [222/326] NVPK
[07:16:26] [223/326] PRMC
[07:16:26] [224/326] JBCS
[07:16:27] [225/326] GXCK
[07:16:27] [226/326] USKO
[07:16:28] [227/326] GTEM
[07:16:29] [228/326] SMBU
[07:16:29] [229/326] VETC
[07:16:30] [230/326] LCDA
[07:16:31] 🔄 Identity reset
[07:16:31] 🔄 Identity rotated (every 10 requests)
[07:16:31] [231/326] MTVT
[07:16:33] [232/326] PYCP
[07:16:33] [233/326] PNSC
[07:16:34] [234/326] PPCC
[07:16:34] [235/326] TGRT
[07:16:35] [236/326] JYOT
[07:16:37] [237/326] SRCZ
[07:16:38] [238/326] SJTE
[07:16:38] [239/326] DESC
[07:16:39] [240/326] JHVN
[07:16:40] 🔄 Identity reset
[07:16:40] 🔄 Identity rotated (every 10 requests)
[07:16:40] [241/326] IPSG
[07:16:41] [242/326] IPCM
[07:16:41] [243/326] PDRS
[07:16:42] [244/326] ANCV
[07:16:43] [245/326] CMVV
[07:16:43] [246/326] SHYP
[07:16:44] [247/326] DNCS
[07:16:45] [248/326] GAJK
[07:16:46] [249/326] AKTN
[07:16:47] [250/326] KAYA
[07:16:47] 🔄 Identity reset
[07:16:47] 🔄 Identity rotated (every 10 requests)
[07:16:47] [251/326] SBRC
[07:16:48] [252/326] CHTP
[07:16:49] [253/326] SHRT
[07:16:50] [254/326] BCKU
[07:16:51] [255/326] FCPS
[07:16:51] [256/326] ARDD
[07:16:52] [257/326] CPCM
[07:16:53] [258/326] CGSM
[07:16:53] [259/326] PSMP
[07:16:55] [260/326] SDAL
[07:16:55] 🔄 Identity reset
[07:16:55] 🔄 Identity rotated (every 10 requests)
[07:16:56] [261/326] RTNB
[07:16:57] [262/326] LMCR
[07:16:58] [263/326] CIMA
[07:16:59] [264/326] RNAS
[07:16:59] [265/326] LITH
[07:17:00] [266/326] PBOX
[07:17:01] [267/326] FRTS
[07:17:02] [268/326] RKIC
[07:17:03] [269/326] PTAI
[07:17:04] [270/326] GCIC
[07:17:04] 🔄 Identity reset
[07:17:04] 🔄 Identity rotated (every 10 requests)
[07:17:04] [271/326] FNAS
[07:17:05] [272/326] SCAR
[07:17:06] [273/326] MTCA
[07:17:07] [274/326] SCTS
[07:17:07] [275/326] SYCS
[07:17:08] [276/326] RDMS
[07:17:09] [277/326] KAMP
[07:17:09] [278/326] ERSD
[07:17:10] [279/326] MJMJ
[07:17:11] [280/326] SRCJ
[07:17:11] 🔄 Identity reset
[07:17:11] 🔄 Identity rotated (every 10 requests)
[07:17:11] 🔄 Retry 1/5 for SRCJ in 2.9s
[07:17:11] 🔄 Identity reset
[07:17:14] 🧠 New identity created
[07:17:15] [281/326] SCXE
[07:17:16] [282/326] SVFR
[07:17:16] [283/326] BHCS
[07:17:17] [284/326] IMCC
[07:17:18] [285/326] PCBO
[07:17:20] [286/326] PRVN
[07:17:20] [287/326] AUPM
[07:17:21] [288/326] INBW
[07:17:22] [289/326] SVCW
[07:17:22] 🔄 Identity reset
[07:17:22] 🔄 Identity rotated (every 10 requests)
[07:17:23] [290/326] RKCF
[07:17:23] [291/326] UVBH
[07:17:24] [292/326] DNCY
[07:17:25] [293/326] ABCN
[07:17:26] [294/326] PRUR
[07:17:26] [295/326] PFMR
[07:17:27] [296/326] RKCN
[07:17:28] [297/326] CFEA
[07:17:29] [298/326] SDBG
[07:17:30] [299/326] SNAR
[07:17:31] 🔄 Identity reset
[07:17:31] 🔄 Identity rotated (every 10 requests)
[07:17:31] [300/326] YISI
[07:17:32] [301/326] JCFF
[07:17:33] [302/326] VTRK
[07:17:34] [303/326] PCLZ
[07:17:35] [304/326] DIMY
[07:17:36] [305/326] BBTS
[07:17:37] [306/326] GATH
[07:17:37] [307/326] GTMN
[07:17:38] [308/326] VTMH
[07:17:39] [309/326] CCKP
[07:17:40] 🔄 Identity reset
[07:17:40] 🔄 Identity rotated (every 10 requests)
[07:17:40] [310/326] GPKA
[07:17:41] [311/326] MHCL
[07:17:42] [312/326] ATCL
[07:17:43] [313/326] SBCK
[07:17:43] [314/326] AMMR
[07:17:44] [315/326] MADC
[07:17:45] [316/326] TMMA
[07:17:45] [317/326] CACC
[07:17:46] [318/326] CHAL
[07:17:46] [319/326] DURG
[07:17:47] 🔄 Identity reset
[07:17:47] 🔄 Identity rotated (every 10 requests)
[07:17:48] [320/326] GMKU
[07:17:49] [321/326] GECA
[07:17:50] [322/326] KYRR
[07:17:50] [323/326] KSDE
[07:17:51] [324/326] LMCI
[07:17:52] [325/326] NKCP
[07:17:53] [326/326] BGTC
[07:17:54] 🧹 Deduping shows
[07:17:54] ✅ DONE | Shows=159 | Movies=21
