[15:45:37] 🚀 BMS DAILY TRACKER STARTED (enhanced anti‑detection)
[15:45:37] [1/456] FNDB
[15:45:38] 🧠 New identity created
[15:45:38] 🔄 Retry 1/5 for FNDB in 2.2s
[15:45:38] 🔄 Identity reset
[15:45:40] 🧠 New identity created
[15:45:41] [2/456] AMBH
[15:45:42] [3/456] PRHN
[15:45:43] [4/456] ACPM
[15:45:44] [5/456] PVFS
[15:45:45] [6/456] AACN
[15:45:46] [7/456] ACAS
[15:45:47] [8/456] CTNR
[15:45:47] [9/456] MMAH
[15:45:48] 🔄 Identity reset
[15:45:48] 🔄 Identity rotated (every 10 requests)
[15:45:48] [10/456] CPMH
[15:45:49] [11/456] IGMH
[15:45:50] [12/456] ABCS
[15:45:51] [13/456] CMMA
[15:45:52] [14/456] GPRH
[15:45:53] [15/456] PNNG
[15:45:54] [16/456] AMCA
[15:45:55] [17/456] ISTN
[15:45:56] [18/456] PIIC
[15:45:56] [19/456] AHMH
[15:45:57] 🔄 Identity reset
[15:45:57] 🔄 Identity rotated (every 10 requests)
[15:45:57] [20/456] ASHN
[15:45:58] [21/456] INHY
[15:45:59] [22/456] SRMO
[15:46:00] [23/456] PIMH
[15:46:01] [24/456] PVTS
[15:46:01] [25/456] MMCA
[15:46:02] [26/456] AKYJ
[15:46:03] [27/456] BRKH
[15:46:04] [28/456] MAHM
[15:46:05] [29/456] CPHY
[15:46:06] 🔄 Identity reset
[15:46:06] 🔄 Identity rotated (every 10 requests)
[15:46:07] [30/456] PVTP
[15:46:07] [31/456] SMMR
[15:46:08] [32/456] PVHM
[15:46:09] [33/456] SNDY
[15:46:10] [34/456] GOKU
[15:46:11] [35/456] ACEV
[15:46:12] [36/456] PVUM
[15:46:13] [37/456] VSWA
[15:46:14] [38/456] IPRS
[15:46:15] [39/456] BKMV
[15:46:15] 🔄 Identity reset
[15:46:15] 🔄 Identity rotated (every 10 requests)
[15:46:15] 🔄 Retry 1/5 for BKMV in 2.7s
[15:46:15] 🔄 Identity reset
[15:46:18] 🧠 New identity created
[15:46:19] [40/456] PVYH
[15:46:20] [41/456] INKM
[15:46:21] [42/456] ARJU
[15:46:22] [43/456] JJPP
[15:46:23] [44/456] SSRM
[15:46:24] [45/456] HMHD
[15:46:24] [46/456] SNKH
[15:46:25] [47/456] ACHI
[15:46:26] [48/456] MRAA
[15:46:27] 🔄 Identity reset
[15:46:27] 🔄 Identity rotated (every 10 requests)
[15:46:27] [49/456] INMH
[15:46:28] [50/456] ARMH
[15:46:29] [51/456] DVRR
[15:46:30] [52/456] SUDA
[15:46:31] [53/456] MCSS
[15:46:32] [54/456] VRKC
[15:46:33] [55/456] PRCX
[15:46:34] [56/456] ASJY
[15:46:35] [57/456] MTHY
[15:46:36] [58/456] SRCM
[15:46:37] 🔄 Identity reset
[15:46:37] 🔄 Identity rotated (every 10 requests)
[15:46:37] 🔄 Retry 1/5 for SRCM in 2.4s
[15:46:37] 🔄 Identity reset
[15:46:40] 🧠 New identity created
[15:46:41] [59/456] TVHY
[15:46:42] [60/456] STHD
[15:46:42] [61/456] CPCL
[15:46:43] [62/456] PSMJ
[15:46:44] [63/456] MRGT
[15:46:45] [64/456] ARYH
[15:46:46] [65/456] VTRB
[15:46:47] [66/456] SCHC
[15:46:48] [67/456] MRRG
[15:46:49] 🔄 Identity reset
[15:46:49] 🔄 Identity rotated (every 10 requests)
[15:46:49] 🔄 Retry 1/5 for MRRG in 2.3s
[15:46:49] 🔄 Identity reset
[15:46:51] 🧠 New identity created
[15:46:51] [68/456] SPCB
[15:46:52] [69/456] AMCM
[15:46:53] [70/456] IVNM
[15:46:54] [71/456] TRHY
[15:46:55] [72/456] PTTH
[15:46:56] [73/456] RKMH
[15:46:57] [74/456] PRCS
[15:46:57] [75/456] VAJA
[15:46:58] [76/456] BJNG
[15:46:59] 🔄 Identity reset
[15:46:59] 🔄 Identity rotated (every 10 requests)
[15:46:59] [77/456] SCVM
[15:47:00] [78/456] GNHB
[15:47:01] [79/456] TLUR
[15:47:02] [80/456] UKCC
[15:47:02] [81/456] SRKR
[15:47:03] [82/456] RMKN
[15:47:04] [83/456] SLRT
[15:47:05] [84/456] LKMT
[15:47:07] [85/456] SSRJ
[15:47:08] [86/456] SPHT
[15:47:08] 🔄 Identity reset
[15:47:08] 🔄 Identity rotated (every 10 requests)
[15:47:08] 🔄 Retry 1/5 for SPHT in 2.3s
[15:47:08] 🔄 Identity reset
[15:47:11] 🧠 New identity created
[15:47:11] [87/456] ANTT
[15:47:12] [88/456] SRCH
[15:47:13] [89/456] SRCA
[15:47:14] [90/456] ARTH
[15:47:14] [91/456] MCBH
[15:47:15] [92/456] SNIB
[15:47:16] [93/456] SART
[15:47:17] [94/456] SKTA
[15:47:18] [95/456] YAKT
[15:47:19] 🔄 Identity reset
[15:47:19] 🔄 Identity rotated (every 10 requests)
[15:47:19] [96/456] MLCK
[15:47:20] [97/456] ANTS
[15:47:21] [98/456] DGCA
[15:47:22] [99/456] SGMP
[15:47:23] [100/456] ASWN
[15:47:24] [101/456] KFVU
[15:47:25] [102/456] POOR
[15:47:25] [103/456] GKDN
[15:47:26] [104/456] EOSE
[15:47:27] [105/456] GTTT
[15:47:28] 🔄 Identity reset
[15:47:28] 🔄 Identity rotated (every 10 requests)
[15:47:28] [106/456] ARRO
[15:47:29] [107/456] CMMK
[15:47:30] [108/456] MSCN
[15:47:31] [109/456] GDKH
[15:47:32] [110/456] DLMT
[15:47:33] [111/456] PVMF
[15:47:33] [112/456] CPCK
[15:47:34] [113/456] VMHE
[15:47:35] [114/456] PVLC
[15:47:36] [115/456] PCVB
[15:47:37] 🔄 Identity reset
[15:47:37] 🔄 Identity rotated (every 10 requests)
[15:47:37] [116/456] SNYK
[15:47:38] [117/456] KTEK
[15:47:39] [118/456] PCNM
[15:47:40] [119/456] NTTR
[15:47:41] [120/456] CPSK
[15:47:42] [121/456] JMMA
[15:47:44] [122/456] GCFK
[15:47:45] [123/456] MYCA
[15:47:46] [124/456] KSNP
[15:47:47] [125/456] PMCE
[15:47:47] 🔄 Identity reset
[15:47:47] 🔄 Identity rotated (every 10 requests)
[15:47:48] [126/456] SCKI
[15:47:49] [127/456] FSMA
[15:47:49] [128/456] CETA
[15:47:50] [129/456] MCIK
[15:47:51] [130/456] MYCR
[15:47:52] [131/456] EVMP
[15:47:53] [132/456] SSGT
[15:47:54] [133/456] KCTK
[15:47:55] [134/456] ZTKC
[15:47:56] [135/456] MMTA
[15:47:57] 🔄 Identity reset
[15:47:57] 🔄 Identity rotated (every 10 requests)
[15:47:57] [136/456] MAJT
[15:47:58] [137/456] ACPK
[15:47:59] [138/456] JMAX
[15:48:00] [139/456] SETK
[15:48:01] [140/456] CAIS
[15:48:02] [141/456] AGCD
[15:48:02] [142/456] URCL
[15:48:03] [143/456] VTDS
[15:48:04] [144/456] JCNM
[15:48:05] [145/456] KCAM
[15:48:06] 🔄 Identity reset
[15:48:06] 🔄 Identity rotated (every 10 requests)
[15:48:06] [146/456] ADCU
[15:48:07] [147/456] GXYN
[15:48:08] [148/456] SMJG
[15:48:09] [149/456] EYCJ
[15:48:10] [150/456] CCEJ
[15:48:10] [151/456] MARS
[15:48:11] [152/456] CPVJ
[15:48:12] [153/456] INVP
[15:48:13] [154/456] CPOV
[15:48:15] [155/456] VIJK
[15:48:15] 🔄 Identity reset
[15:48:15] 🔄 Identity rotated (every 10 requests)
[15:48:15] 🔄 Retry 1/5 for VIJK in 2.4s
[15:48:15] 🔄 Identity reset
[15:48:18] 🧠 New identity created
[15:48:18] 🔄 Retry 2/5 for VIJK in 4.0s
[15:48:18] 🔄 Identity reset
[15:48:22] 🧠 New identity created
[15:48:22] 🔄 Retry 3/5 for VIJK in 8.0s
[15:48:22] 🔄 Identity reset
[15:48:30] 🧠 New identity created
[15:48:30] [156/456] LAIM
[15:48:31] [157/456] STHV
[15:48:32] [158/456] SVLJ
[15:48:33] [159/456] ATVJ
[15:48:34] [160/456] JTSC
[15:48:34] [161/456] RMTV
[15:48:35] [162/456] MGGG
[15:48:36] 🔄 Identity reset
[15:48:36] 🔄 Identity rotated (every 10 requests)
[15:48:37] [163/456] SWTH
[15:48:38] [164/456] INVJ
[15:48:39] [165/456] PRSV
[15:48:40] [166/456] JATV
[15:48:40] [167/456] RCVD
[15:48:41] [168/456] BDMA
[15:48:42] [169/456] BLJI
[15:48:43] [170/456] SWOT
[15:48:44] [171/456] SWRN
[15:48:45] [172/456] TVRA
[15:48:46] 🔄 Identity reset
[15:48:46] 🔄 Identity rotated (every 10 requests)
[15:48:46] [173/456] NVRN
[15:48:47] [174/456] SIKC
[15:48:48] [175/456] VAKR
[15:48:49] [176/456] SYLN
[15:48:50] [177/456] KLJL
[15:48:51] [178/456] LKMY
[15:48:52] [179/456] VSLY
[15:48:53] [180/456] CIKO
[15:48:54] [181/456] GPBG
[15:48:55] [182/456] CECM
[15:48:55] 🔄 Identity reset
[15:48:56] 🔄 Identity rotated (every 10 requests)
[15:48:56] [183/456] SLKB
[15:48:57] [184/456] MTBO
[15:48:57] [185/456] SSHB
[15:48:58] [186/456] VPCS
[15:48:59] [187/456] RCSR
[15:49:00] [188/456] RJRM
[15:49:01] [189/456] KPPB
[15:49:02] [190/456] SEDC
[15:49:03] [191/456] SCAI
[15:49:04] [192/456] RMTR
[15:49:04] 🔄 Identity reset
[15:49:04] 🔄 Identity rotated (every 10 requests)
[15:49:05] [193/456] ASST
[15:49:06] [194/456] GCAK
[15:49:06] [195/456] ANNK
[15:49:07] [196/456] KDDF
[15:49:08] [197/456] NRDP
[15:49:09] [198/456] PLAK
[15:49:10] [199/456] GCMC
[15:49:11] [200/456] ALPY
[15:49:12] [201/456] SICE
[15:49:13] [202/456] SISR
[15:49:13] 🔄 Identity reset
[15:49:13] 🔄 Identity rotated (every 10 requests)
[15:49:14] [203/456] SRPZ
[15:49:15] [204/456] SRSW
[15:49:16] [205/456] SUYA
[15:49:17] [206/456] AMMT
[15:49:18] [207/456] BHCU
[15:49:19] [208/456] KLPA
[15:49:19] [209/456] NVKH
[15:49:20] [210/456] JMRC
[15:49:21] [211/456] KTTT
[15:49:22] [212/456] MAGH
[15:49:23] 🔄 Identity reset
[15:49:23] 🔄 Identity rotated (every 10 requests)
[15:49:23] [213/456] MMMX
[15:49:24] [214/456] SALJ
[15:49:25] [215/456] GTJA
[15:49:26] [216/456] MAHT
[15:49:27] [217/456] SSNN
[15:49:28] [218/456] ARRP
[15:49:28] [219/456] ATNS
[15:49:29] [220/456] SKDT
[15:49:30] [221/456] ACAT
[15:49:31] [222/456] APRC
[15:49:31] 🔄 Identity reset
[15:49:31] 🔄 Identity rotated (every 10 requests)
[15:49:31] 🔄 Retry 1/5 for APRC in 2.9s
[15:49:31] 🔄 Identity reset
[15:49:34] 🧠 New identity created
[15:49:35] [223/456] SWAG
[15:49:35] [224/456] SDPT
[15:49:36] [225/456] STPS
[15:49:38] [226/456] WWCZ
[15:49:38] [227/456] LLCH
[15:49:39] [228/456] MZHA
[15:49:40] [229/456] CRJG
[15:49:41] [230/456] JGTK
[15:49:42] [231/456] KCSR
[15:49:43] 🔄 Identity reset
[15:49:43] 🔄 Identity rotated (every 10 requests)
[15:49:43] 🔄 Retry 1/5 for KCSR in 2.1s
[15:49:43] 🔄 Identity reset
[15:49:45] 🧠 New identity created
[15:49:45] 🔄 Retry 2/5 for KCSR in 4.3s
[15:49:45] 🔄 Identity reset
[15:49:50] 🧠 New identity created
[15:49:50] [232/456] CHTL
[15:49:51] [233/456] EDSR
[15:49:52] [234/456] CSWO
[15:49:53] [235/456] CPVM
[15:49:54] [236/456] MXBY
[15:49:55] [237/456] FMMA
[15:49:56] [238/456] POVI
[15:49:57] [239/456] MTHB
[15:49:57] 🔄 Identity reset
[15:49:57] 🔄 Identity rotated (every 10 requests)
[15:49:58] [240/456] INRC
[15:49:59] [241/456] PIPP
[15:49:59] [242/456] BMXC
[15:50:00] [243/456] PCMM
[15:50:01] [244/456] PMKM
[15:50:02] [245/456] GATY
[15:50:03] [246/456] IMCM
[15:50:04] [247/456] POPE
[15:50:05] [248/456] MTCR
[15:50:06] [249/456] PVAE
[15:50:07] 🔄 Identity reset
[15:50:07] 🔄 Identity rotated (every 10 requests)
[15:50:07] 🔄 Retry 1/5 for PVAE in 3.0s
[15:50:07] 🔄 Identity reset
[15:50:10] 🧠 New identity created
[15:50:10] [250/456] PVMI
[15:50:11] [251/456] CPNM
[15:50:12] [252/456] FMRL
[15:50:13] [253/456] MCIW
[15:50:14] [254/456] MXBO
[15:50:15] [255/456] FMKY
[15:50:16] [256/456] FMDA
[15:50:17] [257/456] THAB
[15:50:18] [258/456] PRCW
[15:50:19] 🔄 Identity reset
[15:50:19] 🔄 Identity rotated (every 10 requests)
[15:50:19] [259/456] PITI
[15:50:20] [260/456] MCFF
[15:50:21] [261/456] PDDV
[15:50:22] [262/456] MCRM
[15:50:23] [263/456] KKMB
[15:50:25] [264/456] INKO
[15:50:25] [265/456] PLXP
[15:50:26] [266/456] MMHA
[15:50:27] [267/456] FMVS
[15:50:28] [268/456] POLM
[15:50:29] 🔄 Identity reset
[15:50:29] 🔄 Identity rotated (every 10 requests)
[15:50:30] [269/456] STER
[15:50:31] [270/456] PVWJ
[15:50:32] [271/456] IMJW
[15:50:32] [272/456] FNAN
[15:50:33] [273/456] CAGL
[15:50:34] [274/456] IPBG
[15:50:35] [275/456] SMFV
[15:50:36] [276/456] MMMR
[15:50:37] [277/456] MMWM
[15:50:38] [278/456] FNCM
[15:50:38] 🔄 Identity reset
[15:50:38] 🔄 Identity rotated (every 10 requests)
[15:50:39] [279/456] MDVA
[15:50:40] [280/456] MMET
[15:50:41] [281/456] MIDO
[15:50:41] [282/456] INNP
[15:50:43] [283/456] MIFU
[15:50:44] [284/456] MMSZ
[15:50:45] [285/456] BMXA
[15:50:45] [286/456] MCAA
[15:50:46] [287/456] SCVP
[15:50:47] [288/456] PLUS
[15:50:48] 🔄 Identity reset
[15:50:48] 🔄 Identity rotated (every 10 requests)
[15:50:49] [289/456] MUCK
[15:50:50] [290/456] MTMA
[15:50:51] [291/456] HPVR
[15:50:52] [292/456] PMPK
[15:50:52] [293/456] MAJB
[15:50:53] [294/456] CTRR
[15:50:55] [295/456] MCTG
[15:50:55] [296/456] MACE
[15:50:56] [297/456] AAAS
[15:50:57] [298/456] CPVV
[15:50:58] 🔄 Identity reset
[15:50:58] 🔄 Identity rotated (every 10 requests)
[15:50:58] [299/456] RCHG
[15:50:59] [300/456] MCNE
[15:51:00] [301/456] EMNC
[15:51:01] [302/456] MCAN
[15:51:02] [303/456] TCDM
[15:51:03] [304/456] IRGT
[15:51:04] [305/456] GCMG
[15:51:05] [306/456] MXSN
[15:51:06] [307/456] MXCK
[15:51:07] [308/456] MCRC
[15:51:07] 🔄 Identity reset
[15:51:07] 🔄 Identity rotated (every 10 requests)
[15:51:07] [309/456] RSMI
[15:51:08] [310/456] WAML
[15:51:09] [311/456] MTSC
[15:51:10] [312/456] FMDR
[15:51:11] [313/456] LEPV
[15:51:12] [314/456] MTGD
[15:51:13] [315/456] IMOB
[15:51:14] [316/456] CLMM
[15:51:14] [317/456] PZCD
[15:51:15] [318/456] GOCS
[15:51:16] 🔄 Identity reset
[15:51:16] 🔄 Identity rotated (every 10 requests)
[15:51:16] [319/456] KCMA
[15:51:17] [320/456] CCMP
[15:51:18] [321/456] MTSU
[15:51:19] [322/456] SNGL
[15:51:21] [323/456] MMMC
[15:51:22] [324/456] MMAA
[15:51:23] [325/456] GCDM
[15:51:24] [326/456] KTMV
[15:51:25] [327/456] AETE
[15:51:25] [328/456] OMCS
[15:51:26] 🔄 Identity reset
[15:51:26] 🔄 Identity rotated (every 10 requests)
[15:51:26] [329/456] GDCD
[15:51:28] [330/456] NYMD
[15:51:29] [331/456] RNCV
[15:51:30] [332/456] KKMT
[15:51:30] [333/456] GDTH
[15:51:31] [334/456] KMMV
[15:51:32] [335/456] NHCG
[15:51:33] [336/456] PJDW
[15:51:34] [337/456] MMCV
[15:51:35] [338/456] FQSA
[15:51:35] 🔄 Identity reset
[15:51:35] 🔄 Identity rotated (every 10 requests)
[15:51:35] 🔄 Retry 1/5 for FQSA in 2.6s
[15:51:35] 🔄 Identity reset
[15:51:38] 🧠 New identity created
[15:51:38] [339/456] KURL
[15:51:39] [340/456] NNNX
[15:51:40] [341/456] AMAU
[15:51:41] [342/456] VVVM
[15:51:41] [343/456] VECU
[15:51:42] [344/456] WCVR
[15:51:43] [345/456] MTGG
[15:51:44] [346/456] SGTG
[15:51:45] [347/456] MNTG
[15:51:45] 🔄 Identity reset
[15:51:45] 🔄 Identity rotated (every 10 requests)
[15:51:46] [348/456] JDDG
[15:51:47] [349/456] MBTK
[15:51:48] [350/456] SGCD
[15:51:48] [351/456] MCTC
[15:51:50] [352/456] JTPC
[15:51:51] [353/456] SDKT
[15:51:52] [354/456] KRCC
[15:51:53] [355/456] RMMD
[15:51:54] [356/456] AAME
[15:51:55] [357/456] TMWC
[15:51:55] 🔄 Identity reset
[15:51:55] 🔄 Identity rotated (every 10 requests)
[15:51:56] [358/456] NRWY
[15:51:57] [359/456] CITD
[15:51:58] [360/456] VERD
[15:51:58] [361/456] MKSK
[15:51:59] [362/456] STSM
[15:52:01] [363/456] MJDG
[15:52:02] [364/456] RKPM
[15:52:03] [365/456] SSCE
[15:52:04] [366/456] VMAE
[15:52:05] [367/456] SBRU
[15:52:05] 🔄 Identity reset
[15:52:05] 🔄 Identity rotated (every 10 requests)
[15:52:06] [368/456] AMBC
[15:52:07] [369/456] AMLU
[15:52:07] [370/456] INVZ
[15:52:08] [371/456] LGTV
[15:52:09] [372/456] SVAD
[15:52:10] [373/456] SMSA
[15:52:11] [374/456] SPCZ
[15:52:12] [375/456] GTCX
[15:52:12] [376/456] SCSL
[15:52:13] [377/456] SAHU
[15:52:14] 🔄 Identity reset
[15:52:14] 🔄 Identity rotated (every 10 requests)
[15:52:15] [378/456] NCDA
[15:52:16] [379/456] SCCG
[15:52:17] [380/456] VKTL
[15:52:18] [381/456] PUUJ
[15:52:19] [382/456] STEJ
[15:52:20] [383/456] RJAL
[15:52:21] [384/456] ACJC
[15:52:22] [385/456] ARVB
[15:52:22] [386/456] AUBB
[15:52:23] [387/456] GDBR
[15:52:24] 🔄 Identity reset
[15:52:24] 🔄 Identity rotated (every 10 requests)
[15:52:24] [388/456] PVND
[15:52:25] [389/456] BGRJ
[15:52:26] [390/456] RJMM
[15:52:26] [391/456] MCSA
[15:52:27] [392/456] BODA
[15:52:29] [393/456] JAGG
[15:52:29] [394/456] SCGA
[15:52:31] [395/456] LRCM
[15:52:31] [396/456] CPCN
[15:52:32] [397/456] SSTF
[15:52:33] 🔄 Identity reset
[15:52:33] 🔄 Identity rotated (every 10 requests)
[15:52:33] 🔄 Retry 1/5 for SSTF in 2.5s
[15:52:33] 🔄 Identity reset
[15:52:35] 🧠 New identity created
[15:52:36] [398/456] SRXP
[15:52:37] [399/456] CNFX
[15:52:38] [400/456] ANDI
[15:52:39] [401/456] SYEW
[15:52:40] [402/456] RCRE
[15:52:40] [403/456] SCRW
[15:52:41] [404/456] MBKR
[15:52:42] [405/456] ASNT
[15:52:44] [406/456] JTMT
[15:52:45] 🔄 Identity reset
[15:52:45] 🔄 Identity rotated (every 10 requests)
[15:52:45] [407/456] SHAY
[15:52:46] [408/456] VRTH
[15:52:46] [409/456] SPTI
[15:52:48] [410/456] DPTD
[15:52:49] [411/456] TGSN
[15:52:50] [412/456] RCWV
[15:52:51] [413/456] OCUR
[15:52:52] [414/456] KSTC
[15:52:52] [415/456] SANI
[15:52:53] [416/456] MLCA
[15:52:54] 🔄 Identity reset
[15:52:54] 🔄 Identity rotated (every 10 requests)
[15:52:54] 🔄 Retry 1/5 for MLCA in 2.1s
[15:52:54] 🔄 Identity reset
[15:52:56] 🧠 New identity created
[15:52:56] [417/456] EGCA
[15:52:57] [418/456] SYSN
[15:52:58] [419/456] PKTA
[15:52:59] [420/456] PRCC
[15:53:00] [421/456] KSTR
[15:53:01] [422/456] SNTP
[15:53:02] [423/456] RCHA
[15:53:03] [424/456] SEEA
[15:53:04] [425/456] ALAT
[15:53:04] 🔄 Identity reset
[15:53:04] 🔄 Identity rotated (every 10 requests)
[15:53:05] [426/456] AATV
[15:53:06] [427/456] RJTE
[15:53:07] [428/456] AAPP
[15:53:08] [429/456] PMMH
[15:53:09] [430/456] INRJ
[15:53:10] [431/456] SARB
[15:53:10] [432/456] PCJL
[15:53:11] [433/456] PFJJ
[15:53:13] [434/456] GRDC
[15:53:14] [435/456] BCBA
[15:53:14] 🔄 Identity reset
[15:53:15] 🔄 Identity rotated (every 10 requests)
[15:53:15] [436/456] VIXL
[15:53:16] [437/456] CSTL
[15:53:17] [438/456] MTDK
[15:53:17] [439/456] TDAC
[15:53:18] [440/456] GTDN
[15:53:19] [441/456] TTDE
[15:53:20] [442/456] ASTS
[15:53:21] [443/456] CPNS
[15:53:22] [444/456] PVVW
[15:53:23] [445/456] USEB
[15:53:23] 🔄 Identity reset
[15:53:23] 🔄 Identity rotated (every 10 requests)
[15:53:24] [446/456] DTYN
[15:53:24] [447/456] PVLE
[15:53:25] [448/456] CIPS
[15:53:26] [449/456] PAEG
[15:53:27] [450/456] PTCW
[15:53:28] [451/456] G3SR
[15:53:29] [452/456] PGND
[15:53:30] [453/456] INVM
[15:53:31] [454/456] SPIA
[15:53:31] [455/456] PCSN
[15:53:32] 🔄 Identity reset
[15:53:32] 🔄 Identity rotated (every 10 requests)
[15:53:32] [456/456] PPGV
[15:53:33] ✅ DONE | Shows=3675 | Movies=75
[16:07:52] 🚀 BMS DAILY TRACKER STARTED (enhanced anti‑detection)
[16:07:52] [1/456] FNDB
[16:07:53] 🧠 New identity created
[16:07:54] [2/456] AMBH
[16:07:54] [3/456] PRHN
[16:07:55] [4/456] ACPM
[16:07:56] [5/456] PVFS
[16:07:57] [6/456] AACN
[16:07:59] [7/456] ACAS
[16:08:00] [8/456] CTNR
[16:08:01] [9/456] MMAH
[16:08:02] [10/456] CPMH
[16:08:03] 🔄 Identity reset
[16:08:03] 🔄 Identity rotated (every 10 requests)
[16:08:03] 🔄 Retry 1/5 for CPMH in 2.6s
[16:08:03] 🔄 Identity reset
[16:08:06] 🧠 New identity created
[16:08:06] [11/456] IGMH
[16:08:07] [12/456] ABCS
[16:08:09] [13/456] CMMA
[16:08:09] [14/456] GPRH
[16:08:10] [15/456] PNNG
[16:08:11] [16/456] AMCA
[16:08:12] [17/456] ISTN
[16:08:14] [18/456] PIIC
[16:08:14] [19/456] AHMH
[16:08:15] 🔄 Identity reset
[16:08:15] 🔄 Identity rotated (every 10 requests)
[16:08:15] [20/456] ASHN
[16:08:17] [21/456] INHY
[16:08:18] [22/456] SRMO
[16:08:18] [23/456] PIMH
[16:08:19] [24/456] PVTS
[16:08:20] [25/456] MMCA
[16:08:21] [26/456] AKYJ
[16:08:22] [27/456] BRKH
[16:08:22] [28/456] MAHM
[16:08:23] [29/456] CPHY
[16:08:24] 🔄 Identity reset
[16:08:24] 🔄 Identity rotated (every 10 requests)
[16:08:24] [30/456] PVTP
[16:08:25] [31/456] SMMR
[16:08:26] [32/456] PVHM
[16:08:26] [33/456] SNDY
[16:08:27] [34/456] GOKU
[16:08:28] [35/456] ACEV
[16:08:29] [36/456] PVUM
[16:08:29] [37/456] VSWA
[16:08:30] [38/456] IPRS
[16:08:31] [39/456] BKMV
[16:08:32] 🔄 Identity reset
[16:08:32] 🔄 Identity rotated (every 10 requests)
[16:08:32] [40/456] PVYH
[16:08:33] [41/456] INKM
[16:08:34] [42/456] ARJU
[16:08:35] [43/456] JJPP
[16:08:36] [44/456] SSRM
[16:08:36] [45/456] HMHD
[16:08:37] [46/456] SNKH
[16:08:38] [47/456] ACHI
[16:08:39] [48/456] MRAA
[16:08:40] [49/456] INMH
[16:08:40] 🔄 Identity reset
[16:08:41] 🔄 Identity rotated (every 10 requests)
[16:08:41] [50/456] ARMH
[16:08:42] [51/456] DVRR
[16:08:42] [52/456] SUDA
[16:08:43] [53/456] MCSS
[16:08:44] [54/456] VRKC
[16:08:45] [55/456] PRCX
[16:08:46] [56/456] ASJY
[16:08:48] [57/456] MTHY
[16:08:48] [58/456] SRCM
[16:08:49] [59/456] TVHY
[16:08:50] 🔄 Identity reset
[16:08:50] 🔄 Identity rotated (every 10 requests)
[16:08:50] [60/456] STHD
[16:08:51] [61/456] CPCL
[16:08:52] [62/456] PSMJ
[16:08:53] [63/456] MRGT
[16:08:54] [64/456] ARYH
[16:08:55] [65/456] VTRB
[16:08:55] [66/456] SCHC
[16:08:57] [67/456] MRRG
[16:08:58] [68/456] SPCB
[16:08:59] [69/456] AMCM
[16:09:00] 🔄 Identity reset
[16:09:00] 🔄 Identity rotated (every 10 requests)
[16:09:00] [70/456] IVNM
[16:09:01] [71/456] TRHY
[16:09:01] [72/456] PTTH
[16:09:02] [73/456] RKMH
[16:09:04] [74/456] PRCS
[16:09:05] [75/456] VAJA
[16:09:06] [76/456] BJNG
[16:09:06] [77/456] SCVM
[16:09:07] [78/456] GNHB
[16:09:08] [79/456] TLUR
[16:09:09] 🔄 Identity reset
[16:09:09] 🔄 Identity rotated (every 10 requests)
[16:09:09] 🔄 Retry 1/5 for TLUR in 2.0s
[16:09:09] 🔄 Identity reset
[16:09:11] 🧠 New identity created
[16:09:11] [80/456] UKCC
[16:09:12] [81/456] SRKR
[16:09:13] [82/456] RMKN
[16:09:14] [83/456] SLRT
[16:09:15] [84/456] LKMT
[16:09:16] [85/456] SSRJ
[16:09:17] [86/456] SPHT
[16:09:18] [87/456] ANTT
[16:09:19] [88/456] SRCH
[16:09:19] 🔄 Identity reset
[16:09:19] 🔄 Identity rotated (every 10 requests)
[16:09:19] 🔄 Retry 1/5 for SRCH in 2.1s
[16:09:19] 🔄 Identity reset
[16:09:21] 🧠 New identity created
[16:09:21] 🔄 Retry 2/5 for SRCH in 4.1s
[16:09:21] 🔄 Identity reset
[16:09:26] 🧠 New identity created
[16:09:26] [89/456] SRCA
[16:09:27] [90/456] ARTH
[16:09:27] [91/456] MCBH
[16:09:28] [92/456] SNIB
[16:09:29] [93/456] SART
[16:09:30] [94/456] SKTA
[16:09:31] [95/456] YAKT
[16:09:31] [96/456] MLCK
[16:09:32] 🔄 Identity reset
[16:09:32] 🔄 Identity rotated (every 10 requests)
[16:09:32] [97/456] ANTS
[16:09:33] [98/456] DGCA
[16:09:34] [99/456] SGMP
[16:09:35] [100/456] ASWN
[16:09:36] [101/456] KFVU
[16:09:37] [102/456] POOR
[16:09:37] [103/456] GKDN
[16:09:38] [104/456] EOSE
[16:09:39] [105/456] GTTT
[16:09:40] [106/456] ARRO
[16:09:41] 🔄 Identity reset
[16:09:41] 🔄 Identity rotated (every 10 requests)
[16:09:41] [107/456] CMMK
[16:09:42] [108/456] MSCN
[16:09:43] [109/456] GDKH
[16:09:44] [110/456] DLMT
[16:09:45] [111/456] PVMF
[16:09:45] [112/456] CPCK
[16:09:46] [113/456] VMHE
[16:09:47] [114/456] PVLC
[16:09:48] [115/456] PCVB
[16:09:50] [116/456] SNYK
[16:09:50] 🔄 Identity reset
[16:09:50] 🔄 Identity rotated (every 10 requests)
[16:09:50] 🔄 Retry 1/5 for SNYK in 2.9s
[16:09:50] 🔄 Identity reset
[16:09:53] 🧠 New identity created
[16:09:54] [117/456] KTEK
[16:09:54] [118/456] PCNM
[16:09:55] [119/456] NTTR
[16:09:56] [120/456] CPSK
[16:09:57] [121/456] JMMA
[16:09:58] [122/456] GCFK
[16:09:59] [123/456] MYCA
[16:10:00] [124/456] KSNP
[16:10:00] [125/456] PMCE
[16:10:01] 🔄 Identity reset
[16:10:01] 🔄 Identity rotated (every 10 requests)
[16:10:01] 🔄 Retry 1/5 for PMCE in 2.2s
[16:10:01] 🔄 Identity reset
[16:10:03] 🧠 New identity created
[16:10:04] [126/456] SCKI
[16:10:04] [127/456] FSMA
[16:10:05] [128/456] CETA
[16:10:06] [129/456] MCIK
[16:10:07] [130/456] MYCR
[16:10:08] [131/456] EVMP
[16:10:09] [132/456] SSGT
[16:10:09] [133/456] KCTK
[16:10:10] [134/456] ZTKC
[16:10:11] 🔄 Identity reset
[16:10:11] 🔄 Identity rotated (every 10 requests)
[16:10:12] [135/456] MMTA
[16:10:13] [136/456] MAJT
[16:10:14] [137/456] ACPK
[16:10:15] [138/456] JMAX
[16:10:16] [139/456] SETK
[16:10:18] [140/456] CAIS
[16:10:18] [141/456] AGCD
[16:10:19] [142/456] URCL
[16:10:20] [143/456] VTDS
[16:10:21] [144/456] JCNM
[16:10:21] 🔄 Identity reset
[16:10:21] 🔄 Identity rotated (every 10 requests)
[16:10:22] [145/456] KCAM
[16:10:23] [146/456] ADCU
[16:10:24] [147/456] GXYN
[16:10:25] [148/456] SMJG
[16:10:26] [149/456] EYCJ
[16:10:27] [150/456] CCEJ
[16:10:28] [151/456] MARS
[16:10:29] [152/456] CPVJ
[16:10:30] [153/456] INVP
[16:10:31] [154/456] CPOV
[16:10:32] 🔄 Identity reset
[16:10:32] 🔄 Identity rotated (every 10 requests)
[16:10:32] 🔄 Retry 1/5 for CPOV in 2.6s
[16:10:32] 🔄 Identity reset
[16:10:34] 🧠 New identity created
[16:10:35] [155/456] VIJK
[16:10:36] [156/456] LAIM
[16:10:37] [157/456] STHV
[16:10:37] [158/456] SVLJ
[16:10:39] [159/456] ATVJ
[16:10:40] [160/456] JTSC
[16:10:41] [161/456] RMTV
[16:10:41] [162/456] MGGG
[16:10:42] [163/456] SWTH
[16:10:43] 🔄 Identity reset
[16:10:43] 🔄 Identity rotated (every 10 requests)
[16:10:43] 🔄 Retry 1/5 for SWTH in 2.9s
[16:10:43] 🔄 Identity reset
[16:10:46] 🧠 New identity created
[16:10:46] 🔄 Retry 2/5 for SWTH in 4.5s
[16:10:46] 🔄 Identity reset
[16:10:50] 🧠 New identity created
[16:10:51] [164/456] INVJ
[16:10:52] [165/456] PRSV
[16:10:53] [166/456] JATV
[16:10:54] [167/456] RCVD
[16:10:55] [168/456] BDMA
[16:10:56] [169/456] BLJI
[16:10:57] [170/456] SWOT
[16:10:57] [171/456] SWRN
[16:10:58] 🔄 Identity reset
[16:10:58] 🔄 Identity rotated (every 10 requests)
[16:10:58] [172/456] TVRA
[16:11:00] [173/456] NVRN
[16:11:01] [174/456] SIKC
[16:11:01] [175/456] VAKR
[16:11:02] [176/456] SYLN
[16:11:03] [177/456] KLJL
[16:11:04] [178/456] LKMY
[16:11:05] [179/456] VSLY
[16:11:06] [180/456] CIKO
[16:11:07] [181/456] GPBG
[16:11:08] 🔄 Identity reset
[16:11:08] 🔄 Identity rotated (every 10 requests)
[16:11:08] [182/456] CECM
[16:11:09] [183/456] SLKB
[16:11:10] [184/456] MTBO
[16:11:10] [185/456] SSHB
[16:11:11] [186/456] VPCS
[16:11:12] [187/456] RCSR
[16:11:13] [188/456] RJRM
[16:11:14] [189/456] KPPB
[16:11:15] [190/456] SEDC
[16:11:15] [191/456] SCAI
[16:11:16] 🔄 Identity reset
[16:11:16] 🔄 Identity rotated (every 10 requests)
[16:11:16] [192/456] RMTR
[16:11:17] [193/456] ASST
[16:11:18] [194/456] GCAK
[16:11:20] [195/456] ANNK
[16:11:21] [196/456] KDDF
[16:11:22] [197/456] NRDP
[16:11:22] [198/456] PLAK
[16:11:23] [199/456] GCMC
[16:11:24] [200/456] ALPY
[16:11:25] [201/456] SICE
[16:11:26] 🔄 Identity reset
[16:11:26] 🔄 Identity rotated (every 10 requests)
[16:11:26] [202/456] SISR
[16:11:27] [203/456] SRPZ
[16:11:28] [204/456] SRSW
[16:11:29] [205/456] SUYA
[16:11:30] [206/456] AMMT
[16:11:31] [207/456] BHCU
[16:11:31] [208/456] KLPA
[16:11:33] [209/456] NVKH
[16:11:34] [210/456] JMRC
[16:11:34] [211/456] KTTT
[16:11:35] 🔄 Identity reset
[16:11:35] 🔄 Identity rotated (every 10 requests)
[16:11:35] [212/456] MAGH
[16:11:36] [213/456] MMMX
[16:11:37] [214/456] SALJ
[16:11:38] [215/456] GTJA
[16:11:39] [216/456] MAHT
[16:11:39] [217/456] SSNN
[16:11:40] [218/456] ARRP
[16:11:41] [219/456] ATNS
[16:11:42] [220/456] SKDT
[16:11:43] [221/456] ACAT
[16:11:44] 🔄 Identity reset
[16:11:44] 🔄 Identity rotated (every 10 requests)
[16:11:44] [222/456] APRC
[16:11:45] [223/456] SWAG
[16:11:45] [224/456] SDPT
[16:11:46] [225/456] STPS
[16:11:47] [226/456] WWCZ
[16:11:49] [227/456] LLCH
[16:11:50] [228/456] MZHA
[16:11:51] [229/456] CRJG
[16:11:52] [230/456] JGTK
[16:11:53] [231/456] KCSR
[16:11:54] 🔄 Identity reset
[16:11:54] 🔄 Identity rotated (every 10 requests)
[16:11:54] [232/456] CHTL
[16:11:55] [233/456] EDSR
[16:11:56] [234/456] CSWO
[16:11:57] [235/456] CPVM
[16:11:59] [236/456] MXBY
[16:12:00] [237/456] FMMA
[16:12:00] [238/456] POVI
[16:12:01] [239/456] MTHB
[16:12:02] [240/456] INRC
[16:12:03] [241/456] PIPP
[16:12:03] 🔄 Identity reset
[16:12:04] 🔄 Identity rotated (every 10 requests)
[16:12:04] [242/456] BMXC
[16:12:05] [243/456] PCMM
[16:12:06] [244/456] PMKM
[16:12:06] [245/456] GATY
[16:12:07] [246/456] IMCM
[16:12:08] [247/456] POPE
[16:12:09] [248/456] MTCR
[16:12:10] [249/456] PVAE
[16:12:11] [250/456] PVMI
[16:12:12] [251/456] CPNM
[16:12:13] 🔄 Identity reset
[16:12:13] 🔄 Identity rotated (every 10 requests)
[16:12:13] [252/456] FMRL
[16:12:14] [253/456] MCIW
[16:12:14] [254/456] MXBO
[16:12:15] [255/456] FMKY
[16:12:16] [256/456] FMDA
[16:12:17] [257/456] THAB
[16:12:18] [258/456] PRCW
[16:12:19] [259/456] PITI
[16:12:21] [260/456] MCFF
[16:12:22] [261/456] PDDV
[16:12:22] 🔄 Identity reset
[16:12:22] 🔄 Identity rotated (every 10 requests)
[16:12:22] 🔄 Retry 1/5 for PDDV in 2.1s
[16:12:22] 🔄 Identity reset
[16:12:24] 🧠 New identity created
[16:12:25] [262/456] MCRM
[16:12:25] [263/456] KKMB
[16:12:26] [264/456] INKO
[16:12:27] [265/456] PLXP
[16:12:28] [266/456] MMHA
[16:12:29] [267/456] FMVS
[16:12:30] [268/456] POLM
[16:12:31] [269/456] STER
[16:12:32] [270/456] PVWJ
[16:12:32] 🔄 Identity reset
[16:12:33] 🔄 Identity rotated (every 10 requests)
[16:12:33] [271/456] IMJW
[16:12:34] [272/456] FNAN
[16:12:35] [273/456] CAGL
[16:12:36] [274/456] IPBG
[16:12:37] [275/456] SMFV
[16:12:38] [276/456] MMMR
[16:12:39] [277/456] MMWM
[16:12:40] [278/456] FNCM
[16:12:41] [279/456] MDVA
[16:12:42] [280/456] MMET
[16:12:42] 🔄 Identity reset
[16:12:42] 🔄 Identity rotated (every 10 requests)
[16:12:43] [281/456] MIDO
[16:12:44] [282/456] INNP
[16:12:45] [283/456] MIFU
[16:12:45] [284/456] MMSZ
[16:12:46] [285/456] BMXA
[16:12:47] [286/456] MCAA
[16:12:48] [287/456] SCVP
[16:12:49] [288/456] PLUS
[16:12:50] [289/456] MUCK
[16:12:50] [290/456] MTMA
[16:12:51] 🔄 Identity reset
[16:12:51] 🔄 Identity rotated (every 10 requests)
[16:12:51] [291/456] HPVR
[16:12:52] [292/456] PMPK
[16:12:53] [293/456] MAJB
[16:12:54] [294/456] CTRR
[16:12:54] [295/456] MCTG
[16:12:55] [296/456] MACE
[16:12:56] [297/456] AAAS
[16:12:57] [298/456] CPVV
[16:12:58] [299/456] RCHG
[16:12:59] [300/456] MCNE
[16:12:59] 🔄 Identity reset
[16:12:59] 🔄 Identity rotated (every 10 requests)
[16:12:59] [301/456] EMNC
[16:13:00] [302/456] MCAN
[16:13:01] [303/456] TCDM
[16:13:02] [304/456] IRGT
[16:13:03] [305/456] GCMG
[16:13:04] [306/456] MXSN
[16:13:05] [307/456] MXCK
[16:13:05] [308/456] MCRC
[16:13:06] [309/456] RSMI
[16:13:07] [310/456] WAML
[16:13:08] 🔄 Identity reset
[16:13:08] 🔄 Identity rotated (every 10 requests)
[16:13:08] [311/456] MTSC
[16:13:09] [312/456] FMDR
[16:13:10] [313/456] LEPV
[16:13:11] [314/456] MTGD
[16:13:12] [315/456] IMOB
[16:13:13] [316/456] CLMM
[16:13:13] [317/456] PZCD
[16:13:14] [318/456] GOCS
[16:13:15] [319/456] KCMA
[16:13:16] [320/456] CCMP
[16:13:16] 🔄 Identity reset
[16:13:16] 🔄 Identity rotated (every 10 requests)
[16:13:17] [321/456] MTSU
[16:13:18] [322/456] SNGL
[16:13:19] [323/456] MMMC
[16:13:20] [324/456] MMAA
[16:13:21] [325/456] GCDM
[16:13:22] [326/456] KTMV
[16:13:23] [327/456] AETE
[16:13:24] [328/456] OMCS
[16:13:24] [329/456] GDCD
[16:13:25] [330/456] NYMD
[16:13:26] 🔄 Identity reset
[16:13:26] 🔄 Identity rotated (every 10 requests)
[16:13:26] [331/456] RNCV
[16:13:27] [332/456] KKMT
[16:13:28] [333/456] GDTH
[16:13:29] [334/456] KMMV
[16:13:29] [335/456] NHCG
[16:13:30] [336/456] PJDW
[16:13:31] [337/456] MMCV
[16:13:32] [338/456] FQSA
[16:13:33] [339/456] KURL
[16:13:34] [340/456] NNNX
[16:13:34] 🔄 Identity reset
[16:13:34] 🔄 Identity rotated (every 10 requests)
[16:13:35] [341/456] AMAU
[16:13:35] [342/456] VVVM
[16:13:36] [343/456] VECU
[16:13:37] [344/456] WCVR
[16:13:38] [345/456] MTGG
[16:13:39] [346/456] SGTG
[16:13:40] [347/456] MNTG
[16:13:40] [348/456] JDDG
[16:13:41] [349/456] MBTK
[16:13:42] [350/456] SGCD
[16:13:42] 🔄 Identity reset
[16:13:42] 🔄 Identity rotated (every 10 requests)
[16:13:43] [351/456] MCTC
[16:13:43] [352/456] JTPC
[16:13:44] [353/456] SDKT
[16:13:45] [354/456] KRCC
[16:13:46] [355/456] RMMD
[16:13:47] [356/456] AAME
[16:13:48] [357/456] TMWC
[16:13:49] [358/456] NRWY
[16:13:49] [359/456] CITD
[16:13:51] [360/456] VERD
[16:13:51] 🔄 Identity reset
[16:13:52] 🔄 Identity rotated (every 10 requests)
[16:13:52] [361/456] MKSK
[16:13:53] [362/456] STSM
[16:13:53] [363/456] MJDG
[16:13:55] [364/456] RKPM
[16:13:56] [365/456] SSCE
[16:13:57] [366/456] VMAE
[16:13:58] [367/456] SBRU
[16:13:58] [368/456] AMBC
[16:13:59] [369/456] AMLU
[16:14:00] [370/456] INVZ
[16:14:01] 🔄 Identity reset
[16:14:01] 🔄 Identity rotated (every 10 requests)
[16:14:01] [371/456] LGTV
[16:14:02] [372/456] SVAD
[16:14:03] [373/456] SMSA
[16:14:04] [374/456] SPCZ
[16:14:05] [375/456] GTCX
[16:14:06] [376/456] SCSL
[16:14:07] [377/456] SAHU
[16:14:07] [378/456] NCDA
[16:14:08] [379/456] SCCG
[16:14:09] [380/456] VKTL
[16:14:10] 🔄 Identity reset
[16:14:10] 🔄 Identity rotated (every 10 requests)
[16:14:11] [381/456] PUUJ
[16:14:12] [382/456] STEJ
[16:14:13] [383/456] RJAL
[16:14:14] [384/456] ACJC
[16:14:14] [385/456] ARVB
[16:14:15] [386/456] AUBB
[16:14:16] [387/456] GDBR
[16:14:17] [388/456] PVND
[16:14:18] [389/456] BGRJ
[16:14:19] [390/456] RJMM
[16:14:20] 🔄 Identity reset
[16:14:20] 🔄 Identity rotated (every 10 requests)
[16:14:20] [391/456] MCSA
[16:14:21] [392/456] BODA
[16:14:22] [393/456] JAGG
[16:14:22] [394/456] SCGA
[16:14:24] [395/456] LRCM
[16:14:25] [396/456] CPCN
[16:14:26] [397/456] SSTF
[16:14:27] [398/456] SRXP
[16:14:27] [399/456] CNFX
[16:14:28] [400/456] ANDI
[16:14:29] 🔄 Identity reset
[16:14:29] 🔄 Identity rotated (every 10 requests)
[16:14:29] [401/456] SYEW
[16:14:30] [402/456] RCRE
[16:14:31] [403/456] SCRW
[16:14:32] [404/456] MBKR
[16:14:33] [405/456] ASNT
[16:14:34] [406/456] JTMT
[16:14:35] [407/456] SHAY
[16:14:35] [408/456] VRTH
[16:14:36] [409/456] SPTI
[16:14:37] [410/456] DPTD
[16:14:38] 🔄 Identity reset
[16:14:38] 🔄 Identity rotated (every 10 requests)
[16:14:38] [411/456] TGSN
[16:14:39] [412/456] RCWV
[16:14:40] [413/456] OCUR
[16:14:41] [414/456] KSTC
[16:14:41] [415/456] SANI
[16:14:42] [416/456] MLCA
[16:14:44] [417/456] EGCA
[16:14:45] [418/456] SYSN
[16:14:46] [419/456] PKTA
[16:14:47] [420/456] PRCC
[16:14:47] 🔄 Identity reset
[16:14:47] 🔄 Identity rotated (every 10 requests)
[16:14:48] [421/456] KSTR
[16:14:49] [422/456] SNTP
[16:14:50] [423/456] RCHA
[16:14:50] [424/456] SEEA
[16:14:52] [425/456] ALAT
[16:14:53] [426/456] AATV
[16:14:54] [427/456] RJTE
[16:14:55] [428/456] AAPP
[16:14:56] [429/456] PMMH
[16:14:56] [430/456] INRJ
[16:14:57] 🔄 Identity reset
[16:14:57] 🔄 Identity rotated (every 10 requests)
[16:14:57] [431/456] SARB
[16:14:58] [432/456] PCJL
[16:14:59] [433/456] PFJJ
[16:15:01] [434/456] GRDC
[16:15:02] [435/456] BCBA
[16:15:03] [436/456] VIXL
[16:15:03] [437/456] CSTL
[16:15:04] [438/456] MTDK
[16:15:05] [439/456] TDAC
[16:15:06] [440/456] GTDN
[16:15:06] 🔄 Identity reset
[16:15:06] 🔄 Identity rotated (every 10 requests)
[16:15:07] [441/456] TTDE
[16:15:08] [442/456] ASTS
[16:15:09] [443/456] CPNS
[16:15:10] [444/456] PVVW
[16:15:11] [445/456] USEB
[16:15:11] [446/456] DTYN
[16:15:13] [447/456] PVLE
[16:15:14] [448/456] CIPS
[16:15:15] [449/456] PAEG
[16:15:16] [450/456] PTCW
[16:15:17] 🔄 Identity reset
[16:15:17] 🔄 Identity rotated (every 10 requests)
[16:15:17] [451/456] G3SR
[16:15:18] [452/456] PGND
[16:15:19] [453/456] INVM
[16:15:20] [454/456] SPIA
[16:15:20] [455/456] PCSN
[16:15:21] [456/456] PPGV
[16:15:22] ✅ DONE | Shows=3849 | Movies=75
