[16:07:53] 🚀 BMS DAILY TRACKER STARTED (enhanced anti‑detection)
[16:07:53] [1/322] CDCA
[16:07:53] 🧠 New identity created
[16:07:54] [2/322] VBCZ
[16:07:55] [3/322] MSDR
[16:07:56] [4/322] ACPV
[16:07:56] [5/322] PVHB
[16:07:57] [6/322] RCNH
[16:07:58] [7/322] IOMH
[16:07:58] [8/322] ILKS
[16:07:59] [9/322] AMSN
[16:08:00] [10/322] ANTP
[16:08:00] 🔄 Identity reset
[16:08:00] 🔄 Identity rotated (every 10 requests)
[16:08:00] [11/322] SSEK
[16:08:01] [12/322] PICP
[16:08:02] [13/322] SICO
[16:08:02] [14/322] SISP
[16:08:03] [15/322] SCPI
[16:08:04] [16/322] CRPR
[16:08:04] [17/322] DCTW
[16:08:05] [18/322] DCSP
[16:08:06] [19/322] KRPM
[16:08:06] [20/322] THKK
[16:08:07] 🔄 Identity reset
[16:08:07] 🔄 Identity rotated (every 10 requests)
[16:08:07] [21/322] SNMY
[16:08:08] [22/322] AKCC
[16:08:08] [23/322] PCAT
[16:08:09] [24/322] RFGO
[16:08:10] [25/322] GGCS
[16:08:10] [26/322] ACKR
[16:08:11] [27/322] STDO
[16:08:12] [28/322] ACKB
[16:08:12] [29/322] ALUC
[16:08:13] [30/322] MNSR
[16:08:14] 🔄 Identity reset
[16:08:14] 🔄 Identity rotated (every 10 requests)
[16:08:14] [31/322] CSSL
[16:08:15] [32/322] BGGM
[16:08:16] [33/322] MANT
[16:08:16] [34/322] SOOY
[16:08:17] [35/322] VPPK
[16:08:18] [36/322] MYHJ
[16:08:19] [37/322] KSCK
[16:08:20] [38/322] KATK
[16:08:21] [39/322] RTRT
[16:08:22] [40/322] SSTT
[16:08:23] 🔄 Identity reset
[16:08:23] 🔄 Identity rotated (every 10 requests)
[16:08:23] [41/322] SSTV
[16:08:24] [42/322] LACM
[16:08:25] [43/322] SGMG
[16:08:26] [44/322] KACX
[16:08:26] [45/322] GVCP
[16:08:27] [46/322] CSNC
[16:08:28] [47/322] SXCB
[16:08:29] [48/322] BAHS
[16:08:30] [49/322] PCBI
[16:08:31] [50/322] PSSM
[16:08:31] 🔄 Identity reset
[16:08:31] 🔄 Identity rotated (every 10 requests)
[16:08:32] [51/322] RCOK
[16:08:32] [52/322] SCPF
[16:08:33] [53/322] SSAS
[16:08:35] [54/322] EVMM
[16:08:36] [55/322] SYCB
[16:08:37] [56/322] GCKI
[16:08:38] [57/322] IAET
[16:08:39] [58/322] DDTD
[16:08:39] [59/322] GMDH
[16:08:40] [60/322] STLE
[16:08:41] 🔄 Identity reset
[16:08:41] 🔄 Identity rotated (every 10 requests)
[16:08:41] [61/322] JTRA
[16:08:42] [62/322] RPPA
[16:08:43] [63/322] ARUT
[16:08:44] [64/322] JTVM
[16:08:45] [65/322] SWRH
[16:08:46] [66/322] DCPC
[16:08:47] [67/322] RAPR
[16:08:48] [68/322] GCRT
[16:08:49] [69/322] ATUN
[16:08:50] [70/322] LTRM
[16:08:50] 🔄 Identity reset
[16:08:50] 🔄 Identity rotated (every 10 requests)
[16:08:50] [71/322] TASR
[16:08:51] [72/322] RLLC
[16:08:52] [73/322] MABI
[16:08:53] [74/322] SVHB
[16:08:54] [75/322] NVTB
[16:08:55] [76/322] KCKG
[16:08:56] [77/322] SSRN
[16:08:57] [78/322] VDDC
[16:08:57] [79/322] GKTK
[16:08:58] [80/322] YFSN
[16:08:59] 🔄 Identity reset
[16:08:59] 🔄 Identity rotated (every 10 requests)
[16:08:59] [81/322] GCSG
[16:09:00] [82/322] ESSM
[16:09:00] [83/322] KRIH
[16:09:01] [84/322] GCDS
[16:09:02] [85/322] CCSH
[16:09:03] [86/322] ACSK
[16:09:04] [87/322] APRK
[16:09:05] [88/322] ADKM
[16:09:05] [89/322] SRDM
[16:09:06] [90/322] SJMY
[16:09:07] 🔄 Identity reset
[16:09:07] 🔄 Identity rotated (every 10 requests)
[16:09:07] [91/322] PGGC
[16:09:08] [92/322] INGM
[16:09:09] [93/322] LSCB
[16:09:10] [94/322] STAD
[16:09:11] [95/322] MCCR
[16:09:12] [96/322] ABCC
[16:09:12] [97/322] RKCC
[16:09:14] [98/322] RTCR
[16:09:15] [99/322] GGBC
[16:09:16] [100/322] GCSD
[16:09:16] 🔄 Identity reset
[16:09:16] 🔄 Identity rotated (every 10 requests)
[16:09:17] [101/322] LPTY
[16:09:17] [102/322] MCFD
[16:09:18] [103/322] HENN
[16:09:19] [104/322] SMKU
[16:09:21] [105/322] TNZC
[16:09:22] [106/322] DRCD
[16:09:22] [107/322] DLCD
[16:09:23] [108/322] RCDA
[16:09:24] [109/322] COSM
[16:09:25] [110/322] MCMJ
[16:09:26] 🔄 Identity reset
[16:09:26] 🔄 Identity rotated (every 10 requests)
[16:09:26] [111/322] CSTR
[16:09:27] [112/322] CVDK
[16:09:28] [113/322] INRR
[16:09:29] [114/322] RJRT
[16:09:30] [115/322] IRMR
[16:09:31] [116/322] SRCF
[16:09:32] [117/322] GRCR
[16:09:33] [118/322] SURC
[16:09:34] [119/322] NMNH
[16:09:35] [120/322] SVBL
[16:09:36] 🔄 Identity reset
[16:09:36] 🔄 Identity rotated (every 10 requests)
[16:09:36] [121/322] KACI
[16:09:37] [122/322] TDGO
[16:09:38] [123/322] KTBR
[16:09:39] [124/322] PMAD
[16:09:39] [125/322] CCPN
[16:09:40] [126/322] SBTK
[16:09:41] [127/322] LMDK
[16:09:42] [128/322] PGDA
[16:09:43] [129/322] SRML
[16:09:43] [130/322] EVCK
[16:09:44] 🔄 Identity reset
[16:09:44] 🔄 Identity rotated (every 10 requests)
[16:09:44] 🔄 Retry 1/5 for EVCK in 2.7s
[16:09:44] 🔄 Identity reset
[16:09:47] 🧠 New identity created
[16:09:47] 🔄 Retry 2/5 for EVCK in 4.0s
[16:09:47] 🔄 Identity reset
[16:09:51] 🧠 New identity created
[16:09:51] [131/322] RTTK
[16:09:52] [132/322] SRTU
[16:09:53] [133/322] VRSA
[16:09:54] [134/322] VARS
[16:09:54] [135/322] DSCZ
[16:09:55] [136/322] GAGA
[16:09:56] [137/322] SARV
[16:09:57] [138/322] SEEG
[16:09:57] 🔄 Identity reset
[16:09:57] 🔄 Identity rotated (every 10 requests)
[16:09:58] [139/322] GLCA
[16:09:59] [140/322] APAS
[16:09:59] [141/322] VCIA
[16:10:00] [142/322] SJTA
[16:10:01] [143/322] SABM
[16:10:02] [144/322] PPAG
[16:10:03] [145/322] RVCA
[16:10:04] [146/322] CCIA
[16:10:05] [147/322] HTAG
[16:10:06] [148/322] SMBI
[16:10:07] 🔄 Identity reset
[16:10:07] 🔄 Identity rotated (every 10 requests)
[16:10:07] [149/322] MCJR
[16:10:08] [150/322] CCJR
[16:10:09] [151/322] SINF
[16:10:10] [152/322] CPLX
[16:10:11] [153/322] KKTJ
[16:10:12] [154/322] GDBW
[16:10:13] [155/322] CSUB
[16:10:13] [156/322] DABA
[16:10:14] [157/322] TITR
[16:10:15] [158/322] NYCR
[16:10:16] 🔄 Identity reset
[16:10:16] 🔄 Identity rotated (every 10 requests)
[16:10:16] [159/322] RTRY
[16:10:17] [160/322] JTJL
[16:10:18] [161/322] SJCP
[16:10:19] [162/322] KCCA
[16:10:19] [163/322] MLPG
[16:10:20] [164/322] VRCK
[16:10:21] [165/322] SRIN
[16:10:22] [166/322] CXMK
[16:10:23] [167/322] SKAD
[16:10:24] [168/322] AVTR
[16:10:25] 🔄 Identity reset
[16:10:25] 🔄 Identity rotated (every 10 requests)
[16:10:25] [169/322] PTAJ
[16:10:26] [170/322] SCNK
[16:10:27] [171/322] STTI
[16:10:28] [172/322] KACR
[16:10:28] [173/322] SSDX
[16:10:29] [174/322] VRTJ
[16:10:30] [175/322] RAJD
[16:10:31] [176/322] SCIP
[16:10:32] [177/322] RJSL
[16:10:33] [178/322] ARRS
[16:10:34] 🔄 Identity reset
[16:10:34] 🔄 Identity rotated (every 10 requests)
[16:10:34] [179/322] ASMS
[16:10:36] [180/322] RDTS
[16:10:37] [181/322] DVMY
[16:10:37] [182/322] RASA
[16:10:38] [183/322] INOM
[16:10:39] [184/322] SPRS
[16:10:40] [185/322] SGCS
[16:10:41] [186/322] SALM
[16:10:42] [187/322] PKHC
[16:10:43] [188/322] RCSV
[16:10:43] 🔄 Identity reset
[16:10:43] 🔄 Identity rotated (every 10 requests)
[16:10:43] [189/322] CPKC
[16:10:44] [190/322] AACD
[16:10:45] [191/322] GGCV
[16:10:46] [192/322] SMKD
[16:10:47] [193/322] NBCH
[16:10:48] [194/322] AMCB
[16:10:49] [195/322] OPCN
[16:10:51] [196/322] DCIN
[16:10:52] [197/322] INGW
[16:10:52] [198/322] PKKW
[16:10:53] 🔄 Identity reset
[16:10:53] 🔄 Identity rotated (every 10 requests)
[16:10:53] [199/322] FNGW
[16:10:54] [200/322] GCGD
[16:10:55] [201/322] MSTW
[16:10:56] [202/322] KCCG
[16:10:57] [203/322] MRSS
[16:10:58] [204/322] CLCF
[16:10:59] [205/322] EETS
[16:10:59] [206/322] AATR
[16:11:00] [207/322] CMMN
[16:11:02] [208/322] SCCJ
[16:11:03] 🔄 Identity reset
[16:11:03] 🔄 Identity rotated (every 10 requests)
[16:11:03] 🔄 Retry 1/5 for SCCJ in 2.4s
[16:11:03] 🔄 Identity reset
[16:11:05] 🧠 New identity created
[16:11:05] [209/322] CDTK
[16:11:06] [210/322] AICP
[16:11:07] [211/322] FNBP
[16:11:08] [212/322] CBPB
[16:11:09] [213/322] CPAS
[16:11:10] [214/322] MAPM
[16:11:10] [215/322] PASD
[16:11:11] [216/322] JCMN
[16:11:12] [217/322] MALB
[16:11:13] 🔄 Identity reset
[16:11:13] 🔄 Identity rotated (every 10 requests)
[16:11:13] 🔄 Retry 1/5 for MALB in 2.2s
[16:11:13] 🔄 Identity reset
[16:11:15] 🧠 New identity created
[16:11:15] [218/322] SACG
[16:11:16] [219/322] DDRX
[16:11:17] [220/322] DDXB
[16:11:18] [221/322] RAMC
[16:11:18] [222/322] SANC
[16:11:20] [223/322] BCBP
[16:11:21] [224/322] ALPC
[16:11:21] [225/322] RBAC
[16:11:23] [226/322] RAJL
[16:11:23] 🔄 Identity reset
[16:11:23] 🔄 Identity rotated (every 10 requests)
[16:11:24] [227/322] MPDX
[16:11:25] [228/322] MUSC
[16:11:26] [229/322] VKMK
[16:11:26] [230/322] SKCG
[16:11:27] [231/322] ANCN
[16:11:28] [232/322] MMCJ
[16:11:29] [233/322] DCAK
[16:11:30] [234/322] SCKG
[16:11:31] [235/322] LMCK
[16:11:32] [236/322] CKKX
[16:11:32] 🔄 Identity reset
[16:11:32] 🔄 Identity rotated (every 10 requests)
[16:11:32] 🔄 Retry 1/5 for CKKX in 2.4s
[16:11:32] 🔄 Identity reset
[16:11:35] 🧠 New identity created
[16:11:35] [237/322] ANKU
[16:11:36] [238/322] CSMD
[16:11:37] [239/322] MKMP
[16:11:37] [240/322] SVBG
[16:11:38] [241/322] ROOP
[16:11:39] [242/322] GDMT
[16:11:40] [243/322] FPPF
[16:11:41] [244/322] SFUU
[16:11:42] [245/322] ANCB
[16:11:42] 🔄 Identity reset
[16:11:42] 🔄 Identity rotated (every 10 requests)
[16:11:43] [246/322] SMMC
[16:11:44] [247/322] UGKT
[16:11:45] [248/322] JVRM
[16:11:45] [249/322] BATG
[16:11:46] [250/322] RATE
[16:11:47] [251/322] SKME
[16:11:48] [252/322] LMTP
[16:11:49] [253/322] TCBD
[16:11:50] [254/322] ESBD
[16:11:51] [255/322] GDCU
[16:11:51] 🔄 Identity reset
[16:11:51] 🔄 Identity rotated (every 10 requests)
[16:11:52] [256/322] SNKT
[16:11:52] [257/322] SRNK
[16:11:53] [258/322] SMED
[16:11:54] [259/322] CSQS
[16:11:56] [260/322] ALCS
[16:11:57] [261/322] KCKN
[16:11:57] [262/322] VCCL
[16:11:58] [263/322] MCDA
[16:11:59] [264/322] SHMI
[16:12:00] [265/322] SKHA
[16:12:01] 🔄 Identity reset
[16:12:01] 🔄 Identity rotated (every 10 requests)
[16:12:01] [266/322] SVFK
[16:12:02] [267/322] INVB
[16:12:03] [268/322] MELD
[16:12:03] [269/322] JTYS
[16:12:04] [270/322] INCM
[16:12:05] [271/322] MCDV
[16:12:06] [272/322] KSGK
[16:12:06] [273/322] ICMG
[16:12:07] [274/322] CSCV
[16:12:08] [275/322] STMD
[16:12:09] 🔄 Identity reset
[16:12:09] 🔄 Identity rotated (every 10 requests)
[16:12:09] [276/322] STTR
[16:12:10] [277/322] INVC
[16:12:11] [278/322] JTBL
[16:12:12] [279/322] SRVV
[16:12:13] [280/322] MAVC
[16:12:14] [281/322] SRPP
[16:12:14] [282/322] JGDM
[16:12:15] [283/322] MBSJ
[16:12:16] [284/322] SSLL
[16:12:17] [285/322] SLKP
[16:12:17] 🔄 Identity reset
[16:12:17] 🔄 Identity rotated (every 10 requests)
[16:12:17] 🔄 Retry 1/5 for SLKP in 2.2s
[16:12:17] 🔄 Identity reset
[16:12:20] 🧠 New identity created
[16:12:20] [286/322] NSRV
[16:12:21] [287/322] UTDV
[16:12:22] [288/322] KICM
[16:12:23] [289/322] KCMD
[16:12:23] [290/322] TTPP
[16:12:24] [291/322] KMPV
[16:12:25] [292/322] SKTV
[16:12:26] [293/322] STCV
[16:12:27] [294/322] SRDA
[16:12:27] 🔄 Identity reset
[16:12:28] 🔄 Identity rotated (every 10 requests)
[16:12:28] [295/322] JTSX
[16:12:29] [296/322] STBV
[16:12:30] [297/322] APVZ
[16:12:31] [298/322] GSTV
[16:12:32] [299/322] NMVS
[16:12:32] [300/322] SKRT
[16:12:33] [301/322] RMDV
[16:12:34] [302/322] RATG
[16:12:35] [303/322] SJYV
[16:12:36] [304/322] NDGP
[16:12:36] 🔄 Identity reset
[16:12:36] 🔄 Identity rotated (every 10 requests)
[16:12:37] [305/322] SNDG
[16:12:38] [306/322] INSR
[16:12:39] [307/322] INSO
[16:12:40] [308/322] CCSI
[16:12:40] [309/322] RASM
[16:12:41] [310/322] NEWC
[16:12:42] [311/322] VSHL
[16:12:43] [312/322] BISW
[16:12:44] [313/322] GCNG
[16:12:45] [314/322] CWSC
[16:12:45] 🔄 Identity reset
[16:12:45] 🔄 Identity rotated (every 10 requests)
[16:12:46] [315/322] SKAN
[16:12:47] [316/322] CCOA
[16:12:48] [317/322] MCAJ
[16:12:49] [318/322] ACDE
[16:12:50] [319/322] AACM
[16:12:50] [320/322] JJCK
[16:12:51] [321/322] RCMO
[16:12:52] [322/322] GDAW
[16:12:53] ✅ DONE | Shows=1682 | Movies=47
