[15:46:00] 🚀 BMS DAILY TRACKER STARTED (enhanced anti‑detection)
[15:46:00] [1/459] MCCZ
[15:46:01] 🧠 New identity created
[15:46:01] [2/459] FRPU
[15:46:02] [3/459] SKSI
[15:46:03] [4/459] SSCK
[15:46:04] [5/459] SRDC
[15:46:05] [6/459] RSCZ
[15:46:06] [7/459] PRVT
[15:46:07] [8/459] GAGJ
[15:46:08] [9/459] SMHG
[15:46:09] [10/459] JTST
[15:46:09] 🔄 Identity reset
[15:46:09] 🔄 Identity rotated (every 10 requests)
[15:46:10] [11/459] MYTH
[15:46:11] [12/459] JPCC
[15:46:12] [13/459] ACDC
[15:46:13] [14/459] SVFP
[15:46:14] [15/459] SFCM
[15:46:16] [16/459] RUPK
[15:46:17] [17/459] NTCR
[15:46:18] [18/459] RTCH
[15:46:19] [19/459] SCMH
[15:46:19] [20/459] SVYM
[15:46:20] 🔄 Identity reset
[15:46:20] 🔄 Identity rotated (every 10 requests)
[15:46:20] 🔄 Retry 1/5 for SVYM in 3.0s
[15:46:20] 🔄 Identity reset
[15:46:23] 🧠 New identity created
[15:46:23] [21/459] SPYM
[15:46:24] [22/459] SMMF
[15:46:25] [23/459] CLLB
[15:46:26] [24/459] FMCB
[15:46:27] [25/459] BBTC
[15:46:28] [26/459] NTHS
[15:46:29] [27/459] PKKJ
[15:46:30] [28/459] MTJA
[15:46:31] [29/459] PMSJ
[15:46:31] 🔄 Identity reset
[15:46:31] 🔄 Identity rotated (every 10 requests)
[15:46:31] 🔄 Retry 1/5 for PMSJ in 3.0s
[15:46:31] 🔄 Identity reset
[15:46:34] 🧠 New identity created
[15:46:35] [30/459] JMJU
[15:46:36] [31/459] SRAD
[15:46:37] [32/459] MJMC
[15:46:38] [33/459] DFRM
[15:46:39] [34/459] PMRS
[15:46:40] [35/459] RKPP
[15:46:40] [36/459] BMBK
[15:46:41] [37/459] NEWS
[15:46:42] [38/459] SALB
[15:46:43] 🔄 Identity reset
[15:46:43] 🔄 Identity rotated (every 10 requests)
[15:46:43] [39/459] SCPW
[15:46:44] [40/459] RAYL
[15:46:45] [41/459] CMGJ
[15:46:46] [42/459] JRCR
[15:46:47] [43/459] SRTB
[15:46:47] [44/459] ETPB
[15:46:48] [45/459] MXBN
[15:46:49] [46/459] TOPE
[15:46:51] [47/459] SNLJ
[15:46:51] [48/459] CDDP
[15:46:52] 🔄 Identity reset
[15:46:52] 🔄 Identity rotated (every 10 requests)
[15:46:52] 🔄 Retry 1/5 for CDDP in 2.7s
[15:46:52] 🔄 Identity reset
[15:46:55] 🧠 New identity created
[15:46:55] [49/459] APCX
[15:46:56] [50/459] TALP
[15:46:57] [51/459] RRMP
[15:46:58] [52/459] MAHB
[15:46:59] [53/459] MTKR
[15:47:00] [54/459] KSKL
[15:47:01] [55/459] RJLT
[15:47:01] [56/459] ATAS
[15:47:02] [57/459] AMHR
[15:47:03] 🔄 Identity reset
[15:47:03] 🔄 Identity rotated (every 10 requests)
[15:47:03] [58/459] RSRM
[15:47:04] [59/459] GCAT
[15:47:05] [60/459] SMML
[15:47:07] [61/459] ACCD
[15:47:07] [62/459] VYDA
[15:47:08] [63/459] MSKT
[15:47:09] [64/459] AVDM
[15:47:10] [65/459] ASMH
[15:47:11] [66/459] VTMB
[15:47:12] [67/459] WVMB
[15:47:13] 🔄 Identity reset
[15:47:13] 🔄 Identity rotated (every 10 requests)
[15:47:13] 🔄 Retry 1/5 for WVMB in 2.0s
[15:47:13] 🔄 Identity reset
[15:47:15] 🧠 New identity created
[15:47:15] [68/459] PPMN
[15:47:16] [69/459] MTMD
[15:47:17] [70/459] SMMO
[15:47:18] [71/459] DLPB
[15:47:19] [72/459] AKMD
[15:47:20] [73/459] SHRR
[15:47:20] [74/459] ASCO
[15:47:22] [75/459] CZVX
[15:47:23] [76/459] GCBB
[15:47:23] 🔄 Identity reset
[15:47:23] 🔄 Identity rotated (every 10 requests)
[15:47:23] 🔄 Retry 1/5 for GCBB in 2.3s
[15:47:23] 🔄 Identity reset
[15:47:26] 🧠 New identity created
[15:47:26] [77/459] ATBM
[15:47:27] [78/459] TCGM
[15:47:28] [79/459] UMSE
[15:47:28] [80/459] NKCL
[15:47:29] [81/459] BTLR
[15:47:30] [82/459] GOCL
[15:47:31] [83/459] MIRN
[15:47:32] [84/459] THEC
[15:47:33] [85/459] SPPB
[15:47:34] 🔄 Identity reset
[15:47:34] 🔄 Identity rotated (every 10 requests)
[15:47:34] 🔄 Retry 1/5 for SPPB in 2.1s
[15:47:34] 🔄 Identity reset
[15:47:36] 🧠 New identity created
[15:47:36] 🔄 Retry 2/5 for SPPB in 5.0s
[15:47:36] 🔄 Identity reset
[15:47:41] 🧠 New identity created
[15:47:41] [86/459] PMMM
[15:47:42] [87/459] GGMC
[15:47:43] [88/459] AVSR
[15:47:44] [89/459] RDMH
[15:47:45] [90/459] JSRS
[15:47:46] [91/459] VKGP
[15:47:47] [92/459] ACRT
[15:47:48] [93/459] GCBA
[15:47:48] 🔄 Identity reset
[15:47:48] 🔄 Identity rotated (every 10 requests)
[15:47:48] 🔄 Retry 1/5 for GCBA in 2.5s
[15:47:48] 🔄 Identity reset
[15:47:51] 🧠 New identity created
[15:47:51] 🔄 Retry 2/5 for GCBA in 4.1s
[15:47:51] 🔄 Identity reset
[15:47:55] 🧠 New identity created
[15:47:55] [94/459] GTCP
[15:47:56] [95/459] AKFC
[15:47:57] [96/459] INCS
[15:47:58] [97/459] SMCK
[15:47:59] [98/459] BRUN
[15:47:59] [99/459] RPPC
[15:48:00] [100/459] PAYD
[15:48:01] [101/459] SVVT
[15:48:02] 🔄 Identity reset
[15:48:02] 🔄 Identity rotated (every 10 requests)
[15:48:02] [102/459] RNCC
[15:48:03] [103/459] PCRC
[15:48:04] [104/459] PMRM
[15:48:04] [105/459] CCRP
[15:48:05] [106/459] INCR
[15:48:06] [107/459] ZTMP
[15:48:07] [108/459] MCNR
[15:48:08] [109/459] INRP
[15:48:09] [110/459] STRC
[15:48:10] [111/459] RATI
[15:48:10] 🔄 Identity reset
[15:48:10] 🔄 Identity rotated (every 10 requests)
[15:48:10] 🔄 Retry 1/5 for RATI in 2.6s
[15:48:10] 🔄 Identity reset
[15:48:13] 🧠 New identity created
[15:48:13] [112/459] PBTR
[15:48:14] [113/459] CMHP
[15:48:15] [114/459] ZECJ
[15:48:16] [115/459] CCCB
[15:48:16] [116/459] BWCB
[15:48:18] [117/459] CCAT
[15:48:19] [118/459] KGCM
[15:48:20] [119/459] INPT
[15:48:21] [120/459] FNCO
[15:48:21] 🔄 Identity reset
[15:48:21] 🔄 Identity rotated (every 10 requests)
[15:48:21] 🔄 Retry 1/5 for FNCO in 2.7s
[15:48:21] 🔄 Identity reset
[15:48:24] 🧠 New identity created
[15:48:24] [121/459] SRMJ
[15:48:25] [122/459] PFSC
[15:48:26] [123/459] PBMC
[15:48:27] [124/459] KARP
[15:48:28] [125/459] KOVI
[15:48:29] [126/459] ACXL
[15:48:30] [127/459] GKCC
[15:48:31] [128/459] ASCC
[15:48:32] [129/459] SETC
[15:48:32] 🔄 Identity reset
[15:48:32] 🔄 Identity rotated (every 10 requests)
[15:48:33] [130/459] KACC
[15:48:34] [131/459] KAVE
[15:48:35] [132/459] CNTC
[15:48:37] [133/459] MEEN
[15:48:38] [134/459] BMRV
[15:48:39] [135/459] SVAM
[15:48:40] [136/459] VTBP
[15:48:40] [137/459] VCKN
[15:48:41] [138/459] SGTK
[15:48:42] [139/459] RCGS
[15:48:43] 🔄 Identity reset
[15:48:43] 🔄 Identity rotated (every 10 requests)
[15:48:43] 🔄 Retry 1/5 for RCGS in 2.1s
[15:48:43] 🔄 Identity reset
[15:48:45] 🧠 New identity created
[15:48:45] [140/459] RCCB
[15:48:46] [141/459] RKSR
[15:48:47] [142/459] RKCU
[15:48:48] [143/459] GIBH
[15:48:49] [144/459] CXBS
[15:48:50] [145/459] GGCB
[15:48:51] [146/459] SCPB
[15:48:52] [147/459] AKTB
[15:48:52] [148/459] SRBU
[15:48:53] 🔄 Identity reset
[15:48:53] 🔄 Identity rotated (every 10 requests)
[15:48:53] [149/459] CSSA
[15:48:54] [150/459] MYAN
[15:48:55] [151/459] EXCA
[15:48:56] [152/459] CKSA
[15:48:57] [153/459] JTNM
[15:48:58] [154/459] CXKT
[15:48:59] [155/459] NCLM
[15:49:00] [156/459] JAAD
[15:49:02] [157/459] RDCR
[15:49:03] [158/459] MEER
[15:49:03] 🔄 Identity reset
[15:49:03] 🔄 Identity rotated (every 10 requests)
[15:49:03] 🔄 Retry 1/5 for MEER in 2.0s
[15:49:03] 🔄 Identity reset
[15:49:05] 🧠 New identity created
[15:49:05] [159/459] SIBT
[15:49:06] [160/459] PVVB
[15:49:08] [161/459] FNPN
[15:49:09] [162/459] CRPX
[15:49:09] [163/459] STET
[15:49:11] [164/459] METE
[15:49:12] [165/459] BJML
[15:49:13] [166/459] MAVT
[15:49:14] [167/459] MSRM
[15:49:15] 🔄 Identity reset
[15:49:15] 🔄 Identity rotated (every 10 requests)
[15:49:15] [168/459] TJMP
[15:49:16] [169/459] MHCK
[15:49:17] [170/459] SVGP
[15:49:18] [171/459] KRRC
[15:49:19] [172/459] IMCH
[15:49:21] [173/459] CMCS
[15:49:22] [174/459] SGND
[15:49:23] [175/459] RNAT
[15:49:24] [176/459] PRTN
[15:49:25] [177/459] MPTN
[15:49:25] 🔄 Identity reset
[15:49:25] 🔄 Identity rotated (every 10 requests)
[15:49:26] [178/459] ARCC
[15:49:27] [179/459] NTTE
[15:49:28] [180/459] ABND
[15:49:28] [181/459] KCSN
[15:49:29] [182/459] KCSA
[15:49:30] [183/459] DCKT
[15:49:31] [184/459] MBBR
[15:49:33] [185/459] RAMU
[15:49:34] [186/459] RACW
[15:49:35] [187/459] MCHP
[15:49:36] 🔄 Identity reset
[15:49:36] 🔄 Identity rotated (every 10 requests)
[15:49:36] [188/459] TMHM
[15:49:37] [189/459] STXH
[15:49:38] [190/459] AGSG
[15:49:39] [191/459] SIRA
[15:49:40] [192/459] RCAN
[15:49:41] [193/459] CWTB
[15:49:42] [194/459] VTYM
[15:49:43] [195/459] RRPP
[15:49:44] [196/459] ASMR
[15:49:45] [197/459] RONO
[15:49:45] 🔄 Identity reset
[15:49:45] 🔄 Identity rotated (every 10 requests)
[15:49:46] [198/459] MEMR
[15:49:47] [199/459] CTMR
[15:49:47] [200/459] PMTT
[15:49:48] [201/459] PSLX
[15:49:50] [202/459] IPPL
[15:49:50] [203/459] MMSG
[15:49:52] [204/459] INEL
[15:49:53] [205/459] COAC
[15:49:54] [206/459] WVLK
[15:49:55] [207/459] PPXL
[15:49:56] 🔄 Identity reset
[15:49:56] 🔄 Identity rotated (every 10 requests)
[15:49:56] 🔄 Retry 1/5 for PPXL in 2.7s
[15:49:56] 🔄 Identity reset
[15:49:59] 🧠 New identity created
[15:49:59] [208/459] PSML
[15:50:00] [209/459] FNLK
[15:50:01] [210/459] ILUM
[15:50:02] [211/459] ILCM
[15:50:03] [212/459] MSNL
[15:50:04] [213/459] VINB
[15:50:05] [214/459] SALW
[15:50:06] [215/459] PRTB
[15:50:07] [216/459] NCIL
[15:50:08] 🔄 Identity reset
[15:50:08] 🔄 Identity rotated (every 10 requests)
[15:50:08] [217/459] PSUL
[15:50:09] [218/459] SCLK
[15:50:10] [219/459] ADDC
[15:50:11] [220/459] OACL
[15:50:12] [221/459] OOCF
[15:50:13] [222/459] GPMF
[15:50:14] [223/459] SSDG
[15:50:15] [224/459] SKRS
[15:50:16] [225/459] NTTP
[15:50:17] [226/459] SLTP
[15:50:17] 🔄 Identity reset
[15:50:17] 🔄 Identity rotated (every 10 requests)
[15:50:17] 🔄 Retry 1/5 for SLTP in 2.6s
[15:50:17] 🔄 Identity reset
[15:50:20] 🧠 New identity created
[15:50:20] 🔄 Retry 2/5 for SLTP in 4.4s
[15:50:20] 🔄 Identity reset
[15:50:24] 🧠 New identity created
[15:50:25] [227/459] JTLC
[15:50:26] [228/459] POON
[15:50:26] [229/459] CCPC
[15:50:27] [230/459] DCKC
[15:50:28] [231/459] CPRT
[15:50:30] [232/459] EYHZ
[15:50:30] [233/459] ARBL
[15:50:32] [234/459] SBTB
[15:50:33] 🔄 Identity reset
[15:50:33] 🔄 Identity rotated (every 10 requests)
[15:50:33] [235/459] MMCK
[15:50:34] [236/459] PLMR
[15:50:35] [237/459] BIJH
[15:50:36] [238/459] SDRT
[15:50:36] [239/459] PRDC
[15:50:37] [240/459] OMJA
[15:50:38] [241/459] VKCR
[15:50:39] [242/459] ATRT
[15:50:40] [243/459] WVRP
[15:50:41] [244/459] MVRP
[15:50:42] 🔄 Identity reset
[15:50:42] 🔄 Identity rotated (every 10 requests)
[15:50:42] [245/459] FCAX
[15:50:43] [246/459] CTLC
[15:50:44] [247/459] JCHB
[15:50:45] [248/459] SELP
[15:50:45] [249/459] VCPG
[15:50:47] [250/459] ASCX
[15:50:48] [251/459] EOCS
[15:50:49] [252/459] RCPH
[15:50:49] [253/459] RJTM
[15:50:50] [254/459] SGMD
[15:50:51] 🔄 Identity reset
[15:50:51] 🔄 Identity rotated (every 10 requests)
[15:50:51] [255/459] SVJT
[15:50:52] [256/459] SPPO
[15:50:54] [257/459] MNRL
[15:50:54] [258/459] KNOX
[15:50:55] [259/459] GIER
[15:50:56] [260/459] PJMS
[15:50:57] [261/459] UNSP
[15:50:58] [262/459] JETP
[15:50:59] [263/459] VTWA
[15:50:59] [264/459] SCJI
[15:51:00] 🔄 Identity reset
[15:51:00] 🔄 Identity rotated (every 10 requests)
[15:51:00] 🔄 Retry 1/5 for SCJI in 2.3s
[15:51:00] 🔄 Identity reset
[15:51:02] 🧠 New identity created
[15:51:03] [265/459] CBZZ
[15:51:04] [266/459] SDCJ
[15:51:05] [267/459] RRCC
[15:51:06] [268/459] VNKG
[15:51:07] [269/459] LKTO
[15:51:08] [270/459] PJRM
[15:51:09] [271/459] NVRM
[15:51:10] [272/459] SJCS
[15:51:11] [273/459] VIGK
[15:51:12] 🔄 Identity reset
[15:51:12] 🔄 Identity rotated (every 10 requests)
[15:51:12] [274/459] ANST
[15:51:14] [275/459] JTTS
[15:51:14] [276/459] NTST
[15:51:15] [277/459] PREB
[15:51:16] [278/459] TSCZ
[15:51:17] [279/459] CDCM
[15:51:18] [280/459] ELYE
[15:51:19] [281/459] INBS
[15:51:20] [282/459] SMGC
[15:51:21] [283/459] UTMP
[15:51:22] 🔄 Identity reset
[15:51:22] 🔄 Identity rotated (every 10 requests)
[15:51:23] [284/459] INTA
[15:51:24] [285/459] OMPT
[15:51:25] [286/459] SCIR
[15:51:25] [287/459] GCKJ
[15:51:27] [288/459] INOG
[15:51:28] [289/459] SMGB
[15:51:29] [290/459] MCSG
[15:51:30] [291/459] STKG
[15:51:31] [292/459] TTKG
[15:51:32] [293/459] SRTR
[15:51:33] 🔄 Identity reset
[15:51:33] 🔄 Identity rotated (every 10 requests)
[15:51:33] [294/459] ETTR
[15:51:34] [295/459] GGGZ
[15:51:35] [296/459] IPGM
[15:51:36] [297/459] FCDH
[15:51:37] [298/459] DESB
[15:51:38] [299/459] VNTP
[15:51:39] [300/459] ANNT
[15:51:39] [301/459] SLTI
[15:51:40] [302/459] MAJU
[15:51:41] [303/459] JCXP
[15:51:42] 🔄 Identity reset
[15:51:42] 🔄 Identity rotated (every 10 requests)
[15:51:42] [304/459] HARK
[15:51:43] [305/459] JPCJ
[15:51:44] [306/459] RXBD
[15:51:45] [307/459] PTKJ
[15:51:45] [308/459] CMTU
[15:51:46] [309/459] SWOR
[15:51:47] [310/459] JMEX
[15:51:49] [311/459] DTPT
[15:51:49] [312/459] VGMM
[15:51:50] [313/459] VCSG
[15:51:51] 🔄 Identity reset
[15:51:51] 🔄 Identity rotated (every 10 requests)
[15:51:51] [314/459] CVCG
[15:51:52] [315/459] TNTT
[15:51:53] [316/459] SHRM
[15:51:54] [317/459] CGKD
[15:51:55] [318/459] EKCM
[15:51:55] [319/459] SDCX
[15:51:56] [320/459] SBTE
[15:51:57] [321/459] STKJ
[15:51:58] [322/459] TPCE
[15:51:59] [323/459] JTNP
[15:52:00] 🔄 Identity reset
[15:52:00] 🔄 Identity rotated (every 10 requests)
[15:52:00] [324/459] LPCH
[15:52:01] [325/459] CPUO
[15:52:02] [326/459] APSU
[15:52:02] [327/459] RTHC
[15:52:03] [328/459] PTBU
[15:52:04] [329/459] CUCC
[15:52:05] [330/459] CPSA
[15:52:06] [331/459] SUAY
[15:52:06] [332/459] AYAA
[15:52:07] [333/459] MUCH
[15:52:08] 🔄 Identity reset
[15:52:08] 🔄 Identity rotated (every 10 requests)
[15:52:08] [334/459] PCIN
[15:52:09] [335/459] JRRM
[15:52:10] [336/459] KATS
[15:52:11] [337/459] MHFF
[15:52:11] [338/459] ESYM
[15:52:12] [339/459] STYV
[15:52:13] [340/459] SDKG
[15:52:14] [341/459] SMTI
[15:52:15] [342/459] NYCS
[15:52:16] [343/459] MTBG
[15:52:17] 🔄 Identity reset
[15:52:17] 🔄 Identity rotated (every 10 requests)
[15:52:17] [344/459] RHCA
[15:52:18] [345/459] PCKH
[15:52:18] [346/459] ARCR
[15:52:19] [347/459] NCMB
[15:52:20] [348/459] SHYC
[15:52:21] [349/459] LACK
[15:52:22] [350/459] MTCM
[15:52:23] [351/459] RRBN
[15:52:23] [352/459] MYDC
[15:52:24] [353/459] STCS
[15:52:25] 🔄 Identity reset
[15:52:25] 🔄 Identity rotated (every 10 requests)
[15:52:25] [354/459] CONN
[15:52:26] [355/459] SIPS
[15:52:27] [356/459] SMMX
[15:52:28] [357/459] SCBY
[15:52:29] [358/459] SUAP
[15:52:30] [359/459] RSMK
[15:52:31] [360/459] STKP
[15:52:32] [361/459] CIPC
[15:52:33] [362/459] KKCI
[15:52:34] [363/459] CTNK
[15:52:34] 🔄 Identity reset
[15:52:34] 🔄 Identity rotated (every 10 requests)
[15:52:34] [364/459] MMTZ
[15:52:35] [365/459] DCCO
[15:52:36] [366/459] VNMN
[15:52:37] [367/459] RLCN
[15:52:39] [368/459] CMMS
[15:52:40] [369/459] AYOU
[15:52:41] [370/459] SSCN
[15:52:42] [371/459] SMXN
[15:52:42] [372/459] ASSK
[15:52:43] [373/459] VCKM
[15:52:44] 🔄 Identity reset
[15:52:44] 🔄 Identity rotated (every 10 requests)
[15:52:45] [374/459] PCPH
[15:52:46] [375/459] PADM
[15:52:47] [376/459] IESA
[15:52:48] [377/459] VCSP
[15:52:49] [378/459] AEST
[15:52:50] [379/459] VTNR
[15:52:51] [380/459] GTTA
[15:52:51] [381/459] CMMM
[15:52:52] [382/459] AHKT
[15:52:53] [383/459] SIJI
[15:52:54] 🔄 Identity reset
[15:52:54] 🔄 Identity rotated (every 10 requests)
[15:52:54] [384/459] VCEI
[15:52:55] [385/459] SAKR
[15:52:56] [386/459] VSMT
[15:52:57] [387/459] SSCT
[15:52:58] [388/459] USTR
[15:52:59] [389/459] MTKT
[15:53:00] [390/459] TGMP
[15:53:01] [391/459] SIVC
[15:53:03] [392/459] KICT
[15:53:04] [393/459] DAMD
[15:53:04] 🔄 Identity reset
[15:53:04] 🔄 Identity rotated (every 10 requests)
[15:53:05] [394/459] CNPT
[15:53:06] [395/459] RVTT
[15:53:07] [396/459] SNCM
[15:53:07] [397/459] GHTE
[15:53:08] [398/459] PPAM
[15:53:09] [399/459] PVAA
[15:53:10] [400/459] CPAO
[15:53:10] [401/459] HAMD
[15:53:11] [402/459] RCCA
[15:53:13] [403/459] MPCH
[15:53:13] 🔄 Identity reset
[15:53:13] 🔄 Identity rotated (every 10 requests)
[15:53:14] [404/459] ARED
[15:53:15] [405/459] RRCV
[15:53:16] [406/459] MTRB
[15:53:17] [407/459] CKUA
[15:53:18] [408/459] ABMP
[15:53:19] [409/459] RCWA
[15:53:19] [410/459] CGAR
[15:53:20] [411/459] METH
[15:53:21] [412/459] WAGA
[15:53:22] [413/459] MCMA
[15:53:23] 🔄 Identity reset
[15:53:23] 🔄 Identity rotated (every 10 requests)
[15:53:23] [414/459] CSMP
[15:53:24] [415/459] RCNK
[15:53:25] [416/459] PSTM
[15:53:26] [417/459] CSEP
[15:53:27] [418/459] AMGD
[15:53:28] [419/459] CSTE
[15:53:29] [420/459] CONS
[15:53:30] [421/459] APPX
[15:53:31] [422/459] MABC
[15:53:32] [423/459] CXST
[15:53:32] 🔄 Identity reset
[15:53:33] 🔄 Identity rotated (every 10 requests)
[15:53:33] [424/459] MATN
[15:53:34] [425/459] MACZ
[15:53:35] [426/459] MASA
[15:53:35] [427/459] MBSX
[15:53:36] [428/459] CSST
[15:53:37] [429/459] APCL
[15:53:38] [430/459] CGOS
[15:53:39] [431/459] CPEC
[15:53:40] [432/459] MCCP
[15:53:41] [433/459] BSSO
[15:53:42] 🔄 Identity reset
[15:53:42] 🔄 Identity rotated (every 10 requests)
[15:53:42] [434/459] SJKA
[15:53:43] [435/459] CGBO
[15:53:44] [436/459] MVSK
[15:53:45] [437/459] HVCA
[15:53:46] [438/459] NAMD
[15:53:47] [439/459] DEVI
[15:53:48] [440/459] SCSV
[15:53:49] [441/459] PSMA
[15:53:50] [442/459] CLDJ
[15:53:51] [443/459] NMAD
[15:53:51] 🔄 Identity reset
[15:53:51] 🔄 Identity rotated (every 10 requests)
[15:53:52] [444/459] CGMO
[15:53:53] [445/459] MCNA
[15:53:54] [446/459] OCBN
[15:53:55] [447/459] CPEM
[15:53:56] [448/459] CPSM
[15:53:57] [449/459] RCAD
[15:53:57] [450/459] CPMU
[15:53:58] [451/459] DICD
[15:53:59] [452/459] CHOE
[15:54:00] [453/459] PDJM
[15:54:01] 🔄 Identity reset
[15:54:01] 🔄 Identity rotated (every 10 requests)
[15:54:01] [454/459] SSTU
[15:54:02] [455/459] VNRN
[15:54:03] [456/459] PVLG
[15:54:04] [457/459] SWBL
[15:54:05] [458/459] SCAB
[15:54:06] [459/459] RDDA
[15:54:07] ✅ DONE | Shows=3009 | Movies=66
[16:08:04] 🚀 BMS DAILY TRACKER STARTED (enhanced anti‑detection)
[16:08:04] [1/459] MCCZ
[16:08:05] 🧠 New identity created
[16:08:05] [2/459] FRPU
[16:08:06] [3/459] SKSI
[16:08:07] [4/459] SSCK
[16:08:09] [5/459] SRDC
[16:08:10] [6/459] RSCZ
[16:08:11] [7/459] PRVT
[16:08:12] [8/459] GAGJ
[16:08:13] [9/459] SMHG
[16:08:13] [10/459] JTST
[16:08:14] 🔄 Identity reset
[16:08:14] 🔄 Identity rotated (every 10 requests)
[16:08:14] [11/459] MYTH
[16:08:15] [12/459] JPCC
[16:08:16] [13/459] ACDC
[16:08:17] [14/459] SVFP
[16:08:18] [15/459] SFCM
[16:08:19] [16/459] RUPK
[16:08:19] [17/459] NTCR
[16:08:20] [18/459] RTCH
[16:08:21] [19/459] SCMH
[16:08:22] [20/459] SVYM
[16:08:22] 🔄 Identity reset
[16:08:22] 🔄 Identity rotated (every 10 requests)
[16:08:22] [21/459] SPYM
[16:08:23] [22/459] SMMF
[16:08:24] [23/459] CLLB
[16:08:25] [24/459] FMCB
[16:08:26] [25/459] BBTC
[16:08:27] [26/459] NTHS
[16:08:28] [27/459] PKKJ
[16:08:29] [28/459] MTJA
[16:08:30] [29/459] PMSJ
[16:08:30] [30/459] JMJU
[16:08:31] 🔄 Identity reset
[16:08:31] 🔄 Identity rotated (every 10 requests)
[16:08:31] [31/459] SRAD
[16:08:32] [32/459] MJMC
[16:08:33] [33/459] DFRM
[16:08:34] [34/459] PMRS
[16:08:35] [35/459] RKPP
[16:08:36] [36/459] BMBK
[16:08:37] [37/459] NEWS
[16:08:37] [38/459] SALB
[16:08:38] [39/459] SCPW
[16:08:39] [40/459] RAYL
[16:08:40] 🔄 Identity reset
[16:08:40] 🔄 Identity rotated (every 10 requests)
[16:08:40] [41/459] CMGJ
[16:08:41] [42/459] JRCR
[16:08:41] [43/459] SRTB
[16:08:42] [44/459] ETPB
[16:08:43] [45/459] MXBN
[16:08:44] [46/459] TOPE
[16:08:45] [47/459] SNLJ
[16:08:46] [48/459] CDDP
[16:08:46] [49/459] APCX
[16:08:47] [50/459] TALP
[16:08:48] 🔄 Identity reset
[16:08:48] 🔄 Identity rotated (every 10 requests)
[16:08:48] [51/459] RRMP
[16:08:49] [52/459] MAHB
[16:08:50] [53/459] MTKR
[16:08:51] [54/459] KSKL
[16:08:52] [55/459] RJLT
[16:08:53] [56/459] ATAS
[16:08:54] [57/459] AMHR
[16:08:55] [58/459] RSRM
[16:08:56] [59/459] GCAT
[16:08:57] [60/459] SMML
[16:08:57] 🔄 Identity reset
[16:08:57] 🔄 Identity rotated (every 10 requests)
[16:08:58] [61/459] ACCD
[16:08:58] [62/459] VYDA
[16:08:59] [63/459] MSKT
[16:09:00] [64/459] AVDM
[16:09:01] [65/459] ASMH
[16:09:02] [66/459] VTMB
[16:09:03] [67/459] WVMB
[16:09:04] [68/459] PPMN
[16:09:04] [69/459] MTMD
[16:09:05] [70/459] SMMO
[16:09:06] 🔄 Identity reset
[16:09:06] 🔄 Identity rotated (every 10 requests)
[16:09:06] [71/459] DLPB
[16:09:08] [72/459] AKMD
[16:09:09] [73/459] SHRR
[16:09:09] [74/459] ASCO
[16:09:10] [75/459] CZVX
[16:09:12] [76/459] GCBB
[16:09:12] [77/459] ATBM
[16:09:13] [78/459] TCGM
[16:09:14] [79/459] UMSE
[16:09:15] [80/459] NKCL
[16:09:15] 🔄 Identity reset
[16:09:15] 🔄 Identity rotated (every 10 requests)
[16:09:16] [81/459] BTLR
[16:09:17] [82/459] GOCL
[16:09:17] [83/459] MIRN
[16:09:18] [84/459] THEC
[16:09:19] [85/459] SPPB
[16:09:20] [86/459] PMMM
[16:09:21] [87/459] GGMC
[16:09:21] [88/459] AVSR
[16:09:22] [89/459] RDMH
[16:09:23] [90/459] JSRS
[16:09:24] 🔄 Identity reset
[16:09:24] 🔄 Identity rotated (every 10 requests)
[16:09:25] [91/459] VKGP
[16:09:26] [92/459] ACRT
[16:09:27] [93/459] GCBA
[16:09:27] [94/459] GTCP
[16:09:28] [95/459] AKFC
[16:09:29] [96/459] INCS
[16:09:30] [97/459] SMCK
[16:09:31] [98/459] BRUN
[16:09:31] [99/459] RPPC
[16:09:32] [100/459] PAYD
[16:09:33] 🔄 Identity reset
[16:09:33] 🔄 Identity rotated (every 10 requests)
[16:09:33] [101/459] SVVT
[16:09:34] [102/459] RNCC
[16:09:35] [103/459] PCRC
[16:09:36] [104/459] PMRM
[16:09:37] [105/459] CCRP
[16:09:38] [106/459] INCR
[16:09:39] [107/459] ZTMP
[16:09:39] [108/459] MCNR
[16:09:40] [109/459] INRP
[16:09:41] [110/459] STRC
[16:09:42] 🔄 Identity reset
[16:09:42] 🔄 Identity rotated (every 10 requests)
[16:09:42] [111/459] RATI
[16:09:43] [112/459] PBTR
[16:09:44] [113/459] CMHP
[16:09:45] [114/459] ZECJ
[16:09:46] [115/459] CCCB
[16:09:47] [116/459] BWCB
[16:09:47] [117/459] CCAT
[16:09:48] [118/459] KGCM
[16:09:49] [119/459] INPT
[16:09:50] [120/459] FNCO
[16:09:51] 🔄 Identity reset
[16:09:51] 🔄 Identity rotated (every 10 requests)
[16:09:51] [121/459] SRMJ
[16:09:52] [122/459] PFSC
[16:09:53] [123/459] PBMC
[16:09:53] [124/459] KARP
[16:09:54] [125/459] KOVI
[16:09:55] [126/459] ACXL
[16:09:56] [127/459] GKCC
[16:09:57] [128/459] ASCC
[16:09:59] [129/459] SETC
[16:09:59] [130/459] KACC
[16:10:00] 🔄 Identity reset
[16:10:00] 🔄 Identity rotated (every 10 requests)
[16:10:00] [131/459] KAVE
[16:10:01] [132/459] CNTC
[16:10:02] [133/459] MEEN
[16:10:03] [134/459] BMRV
[16:10:04] [135/459] SVAM
[16:10:04] [136/459] VTBP
[16:10:05] [137/459] VCKN
[16:10:06] [138/459] SGTK
[16:10:07] [139/459] RCGS
[16:10:08] [140/459] RCCB
[16:10:08] 🔄 Identity reset
[16:10:08] 🔄 Identity rotated (every 10 requests)
[16:10:09] [141/459] RKSR
[16:10:10] [142/459] RKCU
[16:10:11] [143/459] GIBH
[16:10:11] [144/459] CXBS
[16:10:12] [145/459] GGCB
[16:10:13] [146/459] SCPB
[16:10:14] [147/459] AKTB
[16:10:15] [148/459] SRBU
[16:10:15] [149/459] CSSA
[16:10:16] [150/459] MYAN
[16:10:17] 🔄 Identity reset
[16:10:17] 🔄 Identity rotated (every 10 requests)
[16:10:17] [151/459] EXCA
[16:10:19] [152/459] CKSA
[16:10:20] [153/459] JTNM
[16:10:21] [154/459] CXKT
[16:10:22] [155/459] NCLM
[16:10:22] [156/459] JAAD
[16:10:23] [157/459] RDCR
[16:10:24] [158/459] MEER
[16:10:25] [159/459] SIBT
[16:10:26] [160/459] PVVB
[16:10:26] 🔄 Identity reset
[16:10:26] 🔄 Identity rotated (every 10 requests)
[16:10:27] [161/459] FNPN
[16:10:27] [162/459] CRPX
[16:10:28] [163/459] STET
[16:10:29] [164/459] METE
[16:10:30] [165/459] BJML
[16:10:32] [166/459] MAVT
[16:10:32] [167/459] MSRM
[16:10:33] [168/459] TJMP
[16:10:34] [169/459] MHCK
[16:10:35] [170/459] SVGP
[16:10:36] 🔄 Identity reset
[16:10:36] 🔄 Identity rotated (every 10 requests)
[16:10:36] [171/459] KRRC
[16:10:37] [172/459] IMCH
[16:10:38] [173/459] CMCS
[16:10:39] [174/459] SGND
[16:10:40] [175/459] RNAT
[16:10:41] [176/459] PRTN
[16:10:42] [177/459] MPTN
[16:10:43] [178/459] ARCC
[16:10:43] [179/459] NTTE
[16:10:44] [180/459] ABND
[16:10:45] 🔄 Identity reset
[16:10:45] 🔄 Identity rotated (every 10 requests)
[16:10:45] [181/459] KCSN
[16:10:46] [182/459] KCSA
[16:10:47] [183/459] DCKT
[16:10:48] [184/459] MBBR
[16:10:48] [185/459] RAMU
[16:10:49] [186/459] RACW
[16:10:50] [187/459] MCHP
[16:10:51] [188/459] TMHM
[16:10:52] [189/459] STXH
[16:10:53] [190/459] AGSG
[16:10:53] 🔄 Identity reset
[16:10:53] 🔄 Identity rotated (every 10 requests)
[16:10:54] [191/459] SIRA
[16:10:54] [192/459] RCAN
[16:10:55] [193/459] CWTB
[16:10:56] [194/459] VTYM
[16:10:57] [195/459] RRPP
[16:10:58] [196/459] ASMR
[16:10:59] [197/459] RONO
[16:11:00] [198/459] MEMR
[16:11:01] [199/459] CTMR
[16:11:02] [200/459] PMTT
[16:11:02] 🔄 Identity reset
[16:11:02] 🔄 Identity rotated (every 10 requests)
[16:11:02] [201/459] PSLX
[16:11:03] [202/459] IPPL
[16:11:04] [203/459] MMSG
[16:11:05] [204/459] INEL
[16:11:06] [205/459] COAC
[16:11:07] [206/459] WVLK
[16:11:08] [207/459] PPXL
[16:11:08] [208/459] PSML
[16:11:09] [209/459] FNLK
[16:11:10] [210/459] ILUM
[16:11:11] 🔄 Identity reset
[16:11:11] 🔄 Identity rotated (every 10 requests)
[16:11:11] [211/459] ILCM
[16:11:12] [212/459] MSNL
[16:11:14] [213/459] VINB
[16:11:15] [214/459] SALW
[16:11:16] [215/459] PRTB
[16:11:17] [216/459] NCIL
[16:11:18] [217/459] PSUL
[16:11:19] [218/459] SCLK
[16:11:20] [219/459] ADDC
[16:11:21] [220/459] OACL
[16:11:21] 🔄 Identity reset
[16:11:21] 🔄 Identity rotated (every 10 requests)
[16:11:21] [221/459] OOCF
[16:11:22] [222/459] GPMF
[16:11:23] [223/459] SSDG
[16:11:24] [224/459] SKRS
[16:11:24] [225/459] NTTP
[16:11:25] [226/459] SLTP
[16:11:26] [227/459] JTLC
[16:11:27] [228/459] POON
[16:11:28] [229/459] CCPC
[16:11:28] [230/459] DCKC
[16:11:29] 🔄 Identity reset
[16:11:29] 🔄 Identity rotated (every 10 requests)
[16:11:29] [231/459] CPRT
[16:11:30] [232/459] EYHZ
[16:11:31] [233/459] ARBL
[16:11:32] [234/459] SBTB
[16:11:33] [235/459] MMCK
[16:11:34] [236/459] PLMR
[16:11:35] [237/459] BIJH
[16:11:36] [238/459] SDRT
[16:11:37] [239/459] PRDC
[16:11:38] [240/459] OMJA
[16:11:39] 🔄 Identity reset
[16:11:39] 🔄 Identity rotated (every 10 requests)
[16:11:39] [241/459] VKCR
[16:11:40] [242/459] ATRT
[16:11:41] [243/459] WVRP
[16:11:42] [244/459] MVRP
[16:11:42] [245/459] FCAX
[16:11:43] [246/459] CTLC
[16:11:44] [247/459] JCHB
[16:11:45] [248/459] SELP
[16:11:46] [249/459] VCPG
[16:11:46] [250/459] ASCX
[16:11:47] 🔄 Identity reset
[16:11:47] 🔄 Identity rotated (every 10 requests)
[16:11:47] [251/459] EOCS
[16:11:48] [252/459] RCPH
[16:11:49] [253/459] RJTM
[16:11:50] [254/459] SGMD
[16:11:51] [255/459] SVJT
[16:11:52] [256/459] SPPO
[16:11:53] [257/459] MNRL
[16:11:54] [258/459] KNOX
[16:11:54] [259/459] GIER
[16:11:55] [260/459] PJMS
[16:11:56] 🔄 Identity reset
[16:11:56] 🔄 Identity rotated (every 10 requests)
[16:11:56] [261/459] UNSP
[16:11:57] [262/459] JETP
[16:11:58] [263/459] VTWA
[16:11:59] [264/459] SCJI
[16:12:00] [265/459] CBZZ
[16:12:01] [266/459] SDCJ
[16:12:02] [267/459] RRCC
[16:12:03] [268/459] VNKG
[16:12:03] [269/459] LKTO
[16:12:04] [270/459] PJRM
[16:12:05] 🔄 Identity reset
[16:12:05] 🔄 Identity rotated (every 10 requests)
[16:12:05] [271/459] NVRM
[16:12:06] [272/459] SJCS
[16:12:07] [273/459] VIGK
[16:12:09] [274/459] ANST
[16:12:10] [275/459] JTTS
[16:12:11] [276/459] NTST
[16:12:12] [277/459] PREB
[16:12:13] [278/459] TSCZ
[16:12:14] [279/459] CDCM
[16:12:16] [280/459] ELYE
[16:12:16] 🔄 Identity reset
[16:12:16] 🔄 Identity rotated (every 10 requests)
[16:12:17] [281/459] INBS
[16:12:18] [282/459] SMGC
[16:12:19] [283/459] UTMP
[16:12:19] [284/459] INTA
[16:12:20] [285/459] OMPT
[16:12:22] [286/459] SCIR
[16:12:23] [287/459] GCKJ
[16:12:24] [288/459] INOG
[16:12:25] [289/459] SMGB
[16:12:26] [290/459] MCSG
[16:12:27] 🔄 Identity reset
[16:12:27] 🔄 Identity rotated (every 10 requests)
[16:12:27] [291/459] STKG
[16:12:28] [292/459] TTKG
[16:12:28] [293/459] SRTR
[16:12:30] [294/459] ETTR
[16:12:31] [295/459] GGGZ
[16:12:32] [296/459] IPGM
[16:12:33] [297/459] FCDH
[16:12:34] [298/459] DESB
[16:12:35] [299/459] VNTP
[16:12:35] [300/459] ANNT
[16:12:36] 🔄 Identity reset
[16:12:36] 🔄 Identity rotated (every 10 requests)
[16:12:36] [301/459] SLTI
[16:12:37] [302/459] MAJU
[16:12:38] [303/459] JCXP
[16:12:39] [304/459] HARK
[16:12:40] [305/459] JPCJ
[16:12:41] [306/459] RXBD
[16:12:41] [307/459] PTKJ
[16:12:42] [308/459] CMTU
[16:12:43] [309/459] SWOR
[16:12:44] [310/459] JMEX
[16:12:44] 🔄 Identity reset
[16:12:45] 🔄 Identity rotated (every 10 requests)
[16:12:45] [311/459] DTPT
[16:12:46] [312/459] VGMM
[16:12:47] [313/459] VCSG
[16:12:48] [314/459] CVCG
[16:12:48] [315/459] TNTT
[16:12:49] [316/459] SHRM
[16:12:50] [317/459] CGKD
[16:12:51] [318/459] EKCM
[16:12:52] [319/459] SDCX
[16:12:53] [320/459] SBTE
[16:12:54] 🔄 Identity reset
[16:12:54] 🔄 Identity rotated (every 10 requests)
[16:12:54] [321/459] STKJ
[16:12:55] [322/459] TPCE
[16:12:56] [323/459] JTNP
[16:12:56] [324/459] LPCH
[16:12:57] [325/459] CPUO
[16:12:58] [326/459] APSU
[16:12:59] [327/459] RTHC
[16:13:00] [328/459] PTBU
[16:13:01] [329/459] CUCC
[16:13:01] [330/459] CPSA
[16:13:02] 🔄 Identity reset
[16:13:02] 🔄 Identity rotated (every 10 requests)
[16:13:02] [331/459] SUAY
[16:13:03] [332/459] AYAA
[16:13:04] [333/459] MUCH
[16:13:05] [334/459] PCIN
[16:13:06] [335/459] JRRM
[16:13:07] [336/459] KATS
[16:13:08] [337/459] MHFF
[16:13:09] [338/459] ESYM
[16:13:10] [339/459] STYV
[16:13:11] [340/459] SDKG
[16:13:11] 🔄 Identity reset
[16:13:11] 🔄 Identity rotated (every 10 requests)
[16:13:11] [341/459] SMTI
[16:13:12] [342/459] NYCS
[16:13:14] [343/459] MTBG
[16:13:15] [344/459] RHCA
[16:13:15] [345/459] PCKH
[16:13:16] [346/459] ARCR
[16:13:17] [347/459] NCMB
[16:13:18] [348/459] SHYC
[16:13:19] [349/459] LACK
[16:13:20] [350/459] MTCM
[16:13:20] 🔄 Identity reset
[16:13:20] 🔄 Identity rotated (every 10 requests)
[16:13:20] [351/459] RRBN
[16:13:21] [352/459] MYDC
[16:13:22] [353/459] STCS
[16:13:23] [354/459] CONN
[16:13:24] [355/459] SIPS
[16:13:24] [356/459] SMMX
[16:13:25] [357/459] SCBY
[16:13:27] [358/459] SUAP
[16:13:28] [359/459] RSMK
[16:13:29] [360/459] STKP
[16:13:29] 🔄 Identity reset
[16:13:29] 🔄 Identity rotated (every 10 requests)
[16:13:30] [361/459] CIPC
[16:13:31] [362/459] KKCI
[16:13:32] [363/459] CTNK
[16:13:32] [364/459] MMTZ
[16:13:33] [365/459] DCCO
[16:13:34] [366/459] VNMN
[16:13:35] [367/459] RLCN
[16:13:36] [368/459] CMMS
[16:13:37] [369/459] AYOU
[16:13:37] [370/459] SSCN
[16:13:38] 🔄 Identity reset
[16:13:38] 🔄 Identity rotated (every 10 requests)
[16:13:38] [371/459] SMXN
[16:13:39] [372/459] ASSK
[16:13:40] [373/459] VCKM
[16:13:41] [374/459] PCPH
[16:13:42] [375/459] PADM
[16:13:43] [376/459] IESA
[16:13:43] [377/459] VCSP
[16:13:44] [378/459] AEST
[16:13:45] [379/459] VTNR
[16:13:46] [380/459] GTTA
[16:13:46] 🔄 Identity reset
[16:13:46] 🔄 Identity rotated (every 10 requests)
[16:13:47] [381/459] CMMM
[16:13:48] [382/459] AHKT
[16:13:49] [383/459] SIJI
[16:13:49] [384/459] VCEI
[16:13:50] [385/459] SAKR
[16:13:51] [386/459] VSMT
[16:13:52] [387/459] SSCT
[16:13:53] [388/459] USTR
[16:13:54] [389/459] MTKT
[16:13:55] [390/459] TGMP
[16:13:55] 🔄 Identity reset
[16:13:55] 🔄 Identity rotated (every 10 requests)
[16:13:56] [391/459] SIVC
[16:13:56] [392/459] KICT
[16:13:57] [393/459] DAMD
[16:13:58] [394/459] CNPT
[16:14:00] [395/459] RVTT
[16:14:00] [396/459] SNCM
[16:14:01] [397/459] GHTE
[16:14:02] [398/459] PPAM
[16:14:03] [399/459] PVAA
[16:14:04] [400/459] CPAO
[16:14:04] 🔄 Identity reset
[16:14:04] 🔄 Identity rotated (every 10 requests)
[16:14:05] [401/459] HAMD
[16:14:06] [402/459] RCCA
[16:14:06] [403/459] MPCH
[16:14:07] [404/459] ARED
[16:14:08] [405/459] RRCV
[16:14:09] [406/459] MTRB
[16:14:10] [407/459] CKUA
[16:14:11] [408/459] ABMP
[16:14:12] [409/459] RCWA
[16:14:12] [410/459] CGAR
[16:14:13] 🔄 Identity reset
[16:14:13] 🔄 Identity rotated (every 10 requests)
[16:14:14] [411/459] METH
[16:14:15] [412/459] WAGA
[16:14:16] [413/459] MCMA
[16:14:16] [414/459] CSMP
[16:14:17] [415/459] RCNK
[16:14:18] [416/459] PSTM
[16:14:19] [417/459] CSEP
[16:14:20] [418/459] AMGD
[16:14:20] [419/459] CSTE
[16:14:21] [420/459] CONS
[16:14:22] 🔄 Identity reset
[16:14:22] 🔄 Identity rotated (every 10 requests)
[16:14:22] [421/459] APPX
[16:14:23] [422/459] MABC
[16:14:24] [423/459] CXST
[16:14:25] [424/459] MATN
[16:14:26] [425/459] MACZ
[16:14:27] [426/459] MASA
[16:14:28] [427/459] MBSX
[16:14:29] [428/459] CSST
[16:14:30] [429/459] APCL
[16:14:31] [430/459] CGOS
[16:14:31] 🔄 Identity reset
[16:14:32] 🔄 Identity rotated (every 10 requests)
[16:14:32] [431/459] CPEC
[16:14:33] [432/459] MCCP
[16:14:34] [433/459] BSSO
[16:14:35] [434/459] SJKA
[16:14:36] [435/459] CGBO
[16:14:37] [436/459] MVSK
[16:14:37] [437/459] HVCA
[16:14:39] [438/459] NAMD
[16:14:40] [439/459] DEVI
[16:14:41] [440/459] SCSV
[16:14:41] 🔄 Identity reset
[16:14:41] 🔄 Identity rotated (every 10 requests)
[16:14:42] [441/459] PSMA
[16:14:43] [442/459] CLDJ
[16:14:44] [443/459] NMAD
[16:14:45] [444/459] CGMO
[16:14:46] [445/459] MCNA
[16:14:46] [446/459] OCBN
[16:14:47] [447/459] CPEM
[16:14:48] [448/459] CPSM
[16:14:49] [449/459] RCAD
[16:14:50] [450/459] CPMU
[16:14:50] 🔄 Identity reset
[16:14:50] 🔄 Identity rotated (every 10 requests)
[16:14:51] [451/459] DICD
[16:14:52] [452/459] CHOE
[16:14:52] [453/459] PDJM
[16:14:53] [454/459] SSTU
[16:14:54] [455/459] VNRN
[16:14:55] [456/459] PVLG
[16:14:56] [457/459] SWBL
[16:14:57] [458/459] SCAB
[16:14:58] [459/459] RDDA
[16:14:59] ✅ DONE | Shows=3106 | Movies=66
[16:35:20] 🚀 BMS DAILY TRACKER STARTED (enhanced anti‑detection)
[16:35:20] [1/459] MCCZ
[16:35:21] 🧠 New identity created
[16:35:21] [2/459] FRPU
[16:35:22] [3/459] SKSI
[16:35:23] [4/459] SSCK
[16:35:25] [5/459] SRDC
[16:35:25] [6/459] RSCZ
[16:35:26] [7/459] PRVT
[16:35:27] [8/459] GAGJ
[16:35:28] [9/459] SMHG
[16:35:29] [10/459] JTST
[16:35:29] 🔄 Identity reset
[16:35:29] 🔄 Identity rotated (every 10 requests)
[16:35:29] 🔄 Retry 1/5 for JTST in 2.9s
[16:35:29] 🔄 Identity reset
[16:35:32] 🧠 New identity created
[16:35:32] [11/459] MYTH
[16:35:34] [12/459] JPCC
[16:35:35] [13/459] ACDC
[16:35:35] [14/459] SVFP
[16:35:36] [15/459] SFCM
[16:35:37] [16/459] RUPK
[16:35:37] [17/459] NTCR
[16:35:38] [18/459] RTCH
[16:35:39] [19/459] SCMH
[16:35:39] 🔄 Identity reset
[16:35:39] 🔄 Identity rotated (every 10 requests)
[16:35:40] [20/459] SVYM
[16:35:40] [21/459] SPYM
[16:35:41] [22/459] SMMF
[16:35:42] [23/459] CLLB
[16:35:43] [24/459] FMCB
[16:35:43] [25/459] BBTC
[16:35:44] [26/459] NTHS
[16:35:45] [27/459] PKKJ
[16:35:45] [28/459] MTJA
[16:35:46] [29/459] PMSJ
[16:35:47] 🔄 Identity reset
[16:35:47] 🔄 Identity rotated (every 10 requests)
[16:35:48] [30/459] JMJU
[16:35:48] [31/459] SRAD
[16:35:49] [32/459] MJMC
[16:35:50] [33/459] DFRM
[16:35:51] [34/459] PMRS
[16:35:52] [35/459] RKPP
[16:35:52] [36/459] BMBK
[16:35:53] [37/459] NEWS
[16:35:54] [38/459] SALB
[16:35:54] [39/459] SCPW
[16:35:55] 🔄 Identity reset
[16:35:55] 🔄 Identity rotated (every 10 requests)
[16:35:55] [40/459] RAYL
[16:35:56] [41/459] CMGJ
[16:35:57] [42/459] JRCR
[16:35:57] [43/459] SRTB
[16:35:58] [44/459] ETPB
[16:35:59] [45/459] MXBN
[16:36:00] [46/459] TOPE
[16:36:01] [47/459] SNLJ
[16:36:02] [48/459] CDDP
[16:36:02] [49/459] APCX
[16:36:03] 🔄 Identity reset
[16:36:03] 🔄 Identity rotated (every 10 requests)
[16:36:03] [50/459] TALP
[16:36:04] [51/459] RRMP
[16:36:04] [52/459] MAHB
[16:36:05] [53/459] MTKR
[16:36:06] [54/459] KSKL
[16:36:06] [55/459] RJLT
[16:36:07] [56/459] ATAS
[16:36:08] [57/459] AMHR
[16:36:08] [58/459] RSRM
[16:36:09] [59/459] GCAT
[16:36:10] 🔄 Identity reset
[16:36:10] 🔄 Identity rotated (every 10 requests)
[16:36:10] [60/459] SMML
[16:36:11] [61/459] ACCD
[16:36:12] [62/459] VYDA
[16:36:12] [63/459] MSKT
[16:36:13] [64/459] AVDM
[16:36:14] [65/459] ASMH
[16:36:14] [66/459] VTMB
[16:36:15] [67/459] WVMB
[16:36:16] [68/459] PPMN
[16:36:17] [69/459] MTMD
[16:36:18] 🔄 Identity reset
[16:36:18] 🔄 Identity rotated (every 10 requests)
[16:36:19] [70/459] SMMO
[16:36:20] [71/459] DLPB
[16:36:20] [72/459] AKMD
[16:36:21] [73/459] SHRR
[16:36:22] [74/459] ASCO
[16:36:23] [75/459] CZVX
[16:36:23] [76/459] GCBB
[16:36:24] [77/459] ATBM
[16:36:24] [78/459] TCGM
[16:36:25] [79/459] UMSE
[16:36:26] 🔄 Identity reset
[16:36:26] 🔄 Identity rotated (every 10 requests)
[16:36:26] [80/459] NKCL
[16:36:27] [81/459] BTLR
[16:36:28] [82/459] GOCL
[16:36:28] [83/459] MIRN
[16:36:29] [84/459] THEC
[16:36:30] [85/459] SPPB
[16:36:31] [86/459] PMMM
[16:36:31] [87/459] GGMC
[16:36:32] [88/459] AVSR
[16:36:33] [89/459] RDMH
[16:36:33] 🔄 Identity reset
[16:36:33] 🔄 Identity rotated (every 10 requests)
[16:36:33] [90/459] JSRS
[16:36:34] [91/459] VKGP
[16:36:35] [92/459] ACRT
[16:36:36] [93/459] GCBA
[16:36:36] [94/459] GTCP
[16:36:37] [95/459] AKFC
[16:36:38] [96/459] INCS
[16:36:38] [97/459] SMCK
[16:36:39] [98/459] BRUN
[16:36:40] [99/459] RPPC
[16:36:40] 🔄 Identity reset
[16:36:40] 🔄 Identity rotated (every 10 requests)
[16:36:40] 🔄 Retry 1/5 for RPPC in 3.0s
[16:36:40] 🔄 Identity reset
[16:36:43] 🧠 New identity created
[16:36:43] 🔄 Retry 2/5 for RPPC in 5.0s
[16:36:43] 🔄 Identity reset
[16:36:48] 🧠 New identity created
[16:36:48] 🔄 Retry 3/5 for RPPC in 8.2s
[16:36:48] 🔄 Identity reset
[16:36:57] 🧠 New identity created
[16:36:57] [100/459] PAYD
[16:36:57] [101/459] SVVT
[16:36:58] [102/459] RNCC
[16:37:00] [103/459] PCRC
[16:37:00] [104/459] PMRM
[16:37:01] [105/459] CCRP
[16:37:02] [106/459] INCR
[16:37:02] 🔄 Identity reset
[16:37:02] 🔄 Identity rotated (every 10 requests)
[16:37:03] [107/459] ZTMP
[16:37:03] [108/459] MCNR
[16:37:04] [109/459] INRP
[16:37:04] [110/459] STRC
[16:37:05] [111/459] RATI
[16:37:06] [112/459] PBTR
[16:37:07] [113/459] CMHP
[16:37:07] [114/459] ZECJ
[16:37:08] [115/459] CCCB
[16:37:09] [116/459] BWCB
[16:37:09] 🔄 Identity reset
[16:37:09] 🔄 Identity rotated (every 10 requests)
[16:37:09] 🔄 Retry 1/5 for BWCB in 2.7s
[16:37:09] 🔄 Identity reset
[16:37:12] 🧠 New identity created
[16:37:12] [117/459] CCAT
[16:37:13] [118/459] KGCM
[16:37:13] [119/459] INPT
[16:37:14] [120/459] FNCO
[16:37:14] [121/459] SRMJ
[16:37:15] [122/459] PFSC
[16:37:16] [123/459] PBMC
[16:37:17] [124/459] KARP
[16:37:17] [125/459] KOVI
[16:37:18] 🔄 Identity reset
[16:37:18] 🔄 Identity rotated (every 10 requests)
[16:37:18] [126/459] ACXL
[16:37:19] [127/459] GKCC
[16:37:20] [128/459] ASCC
[16:37:21] [129/459] SETC
[16:37:21] [130/459] KACC
[16:37:22] [131/459] KAVE
[16:37:23] [132/459] CNTC
[16:37:23] [133/459] MEEN
[16:37:24] [134/459] BMRV
[16:37:25] [135/459] SVAM
[16:37:25] 🔄 Identity reset
[16:37:26] 🔄 Identity rotated (every 10 requests)
[16:37:26] [136/459] VTBP
[16:37:27] [137/459] VCKN
[16:37:27] [138/459] SGTK
[16:37:28] [139/459] RCGS
[16:37:29] [140/459] RCCB
[16:37:30] [141/459] RKSR
[16:37:31] [142/459] RKCU
[16:37:32] [143/459] GIBH
[16:37:32] [144/459] CXBS
[16:37:33] [145/459] GGCB
[16:37:34] 🔄 Identity reset
[16:37:34] 🔄 Identity rotated (every 10 requests)
[16:37:34] 🔄 Retry 1/5 for GGCB in 2.6s
[16:37:34] 🔄 Identity reset
[16:37:36] 🧠 New identity created
[16:37:36] 🔄 Retry 2/5 for GGCB in 4.6s
[16:37:36] 🔄 Identity reset
[16:37:41] 🧠 New identity created
[16:37:41] [146/459] SCPB
[16:37:42] [147/459] AKTB
[16:37:43] [148/459] SRBU
[16:37:43] [149/459] CSSA
[16:37:44] [150/459] MYAN
[16:37:45] [151/459] EXCA
[16:37:45] [152/459] CKSA
[16:37:46] [153/459] JTNM
[16:37:47] 🔄 Identity reset
[16:37:47] 🔄 Identity rotated (every 10 requests)
[16:37:47] [154/459] CXKT
[16:37:47] [155/459] NCLM
[16:37:48] [156/459] JAAD
[16:37:49] [157/459] RDCR
[16:37:50] [158/459] MEER
[16:37:50] [159/459] SIBT
[16:37:51] [160/459] PVVB
[16:37:52] [161/459] FNPN
[16:37:53] [162/459] CRPX
[16:37:53] [163/459] STET
[16:37:54] 🔄 Identity reset
[16:37:54] 🔄 Identity rotated (every 10 requests)
[16:37:54] [164/459] METE
[16:37:55] [165/459] BJML
[16:37:55] [166/459] MAVT
[16:37:56] [167/459] MSRM
[16:37:57] [168/459] TJMP
[16:37:58] [169/459] MHCK
[16:37:58] [170/459] SVGP
[16:37:59] [171/459] KRRC
[16:38:00] [172/459] IMCH
[16:38:00] [173/459] CMCS
[16:38:01] 🔄 Identity reset
[16:38:01] 🔄 Identity rotated (every 10 requests)
[16:38:01] [174/459] SGND
[16:38:02] [175/459] RNAT
[16:38:03] [176/459] PRTN
[16:38:04] [177/459] MPTN
[16:38:04] [178/459] ARCC
[16:38:05] [179/459] NTTE
[16:38:06] [180/459] ABND
[16:38:06] [181/459] KCSN
[16:38:07] [182/459] KCSA
[16:38:08] [183/459] DCKT
[16:38:08] 🔄 Identity reset
[16:38:08] 🔄 Identity rotated (every 10 requests)
[16:38:09] [184/459] MBBR
[16:38:09] [185/459] RAMU
[16:38:10] [186/459] RACW
[16:38:10] [187/459] MCHP
[16:38:11] [188/459] TMHM
[16:38:12] [189/459] STXH
[16:38:13] [190/459] AGSG
[16:38:13] [191/459] SIRA
[16:38:14] [192/459] RCAN
[16:38:15] [193/459] CWTB
[16:38:15] 🔄 Identity reset
[16:38:15] 🔄 Identity rotated (every 10 requests)
[16:38:15] [194/459] VTYM
[16:38:16] [195/459] RRPP
[16:38:17] [196/459] ASMR
[16:38:17] [197/459] RONO
[16:38:18] [198/459] MEMR
[16:38:19] [199/459] CTMR
[16:38:19] [200/459] PMTT
[16:38:20] [201/459] PSLX
[16:38:21] [202/459] IPPL
[16:38:21] [203/459] MMSG
[16:38:22] 🔄 Identity reset
[16:38:22] 🔄 Identity rotated (every 10 requests)
[16:38:22] [204/459] INEL
[16:38:23] [205/459] COAC
[16:38:23] [206/459] WVLK
[16:38:24] [207/459] PPXL
[16:38:25] [208/459] PSML
[16:38:25] [209/459] FNLK
[16:38:26] [210/459] ILUM
[16:38:26] [211/459] ILCM
[16:38:27] [212/459] MSNL
[16:38:28] [213/459] VINB
[16:38:28] 🔄 Identity reset
[16:38:28] 🔄 Identity rotated (every 10 requests)
[16:38:29] [214/459] SALW
[16:38:30] [215/459] PRTB
[16:38:31] [216/459] NCIL
[16:38:31] [217/459] PSUL
[16:38:32] [218/459] SCLK
[16:38:33] [219/459] ADDC
[16:38:33] [220/459] OACL
[16:38:34] [221/459] OOCF
[16:38:35] [222/459] GPMF
[16:38:35] [223/459] SSDG
[16:38:36] 🔄 Identity reset
[16:38:36] 🔄 Identity rotated (every 10 requests)
[16:38:36] [224/459] SKRS
[16:38:37] [225/459] NTTP
[16:38:38] [226/459] SLTP
[16:38:39] [227/459] JTLC
[16:38:40] [228/459] POON
[16:38:40] [229/459] CCPC
[16:38:41] [230/459] DCKC
[16:38:42] [231/459] CPRT
[16:38:42] [232/459] EYHZ
[16:38:43] [233/459] ARBL
[16:38:43] 🔄 Identity reset
[16:38:44] 🔄 Identity rotated (every 10 requests)
[16:38:44] [234/459] SBTB
[16:38:44] [235/459] MMCK
[16:38:45] [236/459] PLMR
[16:38:46] [237/459] BIJH
[16:38:46] [238/459] SDRT
[16:38:47] [239/459] PRDC
[16:38:48] [240/459] OMJA
[16:38:48] [241/459] VKCR
[16:38:49] [242/459] ATRT
[16:38:50] [243/459] WVRP
[16:38:50] 🔄 Identity reset
[16:38:50] 🔄 Identity rotated (every 10 requests)
[16:38:51] [244/459] MVRP
[16:38:51] [245/459] FCAX
[16:38:52] [246/459] CTLC
[16:38:53] [247/459] JCHB
[16:38:53] [248/459] SELP
[16:38:54] [249/459] VCPG
[16:38:55] [250/459] ASCX
[16:38:55] [251/459] EOCS
[16:38:56] [252/459] RCPH
[16:38:57] [253/459] RJTM
[16:38:57] 🔄 Identity reset
[16:38:57] 🔄 Identity rotated (every 10 requests)
[16:38:57] [254/459] SGMD
[16:38:58] [255/459] SVJT
[16:38:58] [256/459] SPPO
[16:38:59] [257/459] MNRL
[16:39:00] [258/459] KNOX
[16:39:01] [259/459] GIER
[16:39:01] [260/459] PJMS
[16:39:02] [261/459] UNSP
[16:39:03] [262/459] JETP
[16:39:04] [263/459] VTWA
[16:39:05] 🔄 Identity reset
[16:39:05] 🔄 Identity rotated (every 10 requests)
[16:39:05] [264/459] SCJI
[16:39:05] [265/459] CBZZ
[16:39:06] [266/459] SDCJ
[16:39:07] [267/459] RRCC
[16:39:08] [268/459] VNKG
[16:39:08] [269/459] LKTO
[16:39:09] [270/459] PJRM
[16:39:10] [271/459] NVRM
[16:39:10] [272/459] SJCS
[16:39:11] [273/459] VIGK
[16:39:12] 🔄 Identity reset
[16:39:12] 🔄 Identity rotated (every 10 requests)
[16:39:12] [274/459] ANST
[16:39:13] [275/459] JTTS
[16:39:13] [276/459] NTST
[16:39:14] [277/459] PREB
[16:39:14] [278/459] TSCZ
[16:39:15] [279/459] CDCM
[16:39:16] [280/459] ELYE
[16:39:17] [281/459] INBS
[16:39:17] [282/459] SMGC
[16:39:18] [283/459] UTMP
[16:39:18] 🔄 Identity reset
[16:39:18] 🔄 Identity rotated (every 10 requests)
[16:39:19] [284/459] INTA
[16:39:19] [285/459] OMPT
[16:39:20] [286/459] SCIR
[16:39:21] [287/459] GCKJ
[16:39:21] [288/459] INOG
[16:39:22] [289/459] SMGB
[16:39:23] [290/459] MCSG
[16:39:23] [291/459] STKG
[16:39:24] [292/459] TTKG
[16:39:25] [293/459] SRTR
[16:39:25] 🔄 Identity reset
[16:39:25] 🔄 Identity rotated (every 10 requests)
[16:39:25] [294/459] ETTR
[16:39:26] [295/459] GGGZ
[16:39:26] [296/459] IPGM
[16:39:27] [297/459] FCDH
[16:39:28] [298/459] DESB
[16:39:29] [299/459] VNTP
[16:39:29] [300/459] ANNT
[16:39:30] [301/459] SLTI
[16:39:31] [302/459] MAJU
[16:39:31] [303/459] JCXP
[16:39:32] 🔄 Identity reset
[16:39:32] 🔄 Identity rotated (every 10 requests)
[16:39:32] [304/459] HARK
[16:39:33] [305/459] JPCJ
[16:39:33] [306/459] RXBD
[16:39:34] [307/459] PTKJ
[16:39:35] [308/459] CMTU
[16:39:35] [309/459] SWOR
[16:39:36] [310/459] JMEX
[16:39:36] [311/459] DTPT
[16:39:37] [312/459] VGMM
[16:39:38] [313/459] VCSG
[16:39:38] 🔄 Identity reset
[16:39:38] 🔄 Identity rotated (every 10 requests)
[16:39:38] [314/459] CVCG
[16:39:39] [315/459] TNTT
[16:39:40] [316/459] SHRM
[16:39:40] [317/459] CGKD
[16:39:41] [318/459] EKCM
[16:39:42] [319/459] SDCX
[16:39:42] [320/459] SBTE
[16:39:43] [321/459] STKJ
[16:39:43] [322/459] TPCE
[16:39:44] [323/459] JTNP
[16:39:45] 🔄 Identity reset
[16:39:45] 🔄 Identity rotated (every 10 requests)
[16:39:45] [324/459] LPCH
[16:39:46] [325/459] CPUO
[16:39:46] [326/459] APSU
[16:39:47] [327/459] RTHC
[16:39:48] [328/459] PTBU
[16:39:48] [329/459] CUCC
[16:39:49] [330/459] CPSA
[16:39:49] [331/459] SUAY
[16:39:50] [332/459] AYAA
[16:39:50] [333/459] MUCH
[16:39:51] 🔄 Identity reset
[16:39:51] 🔄 Identity rotated (every 10 requests)
[16:39:51] [334/459] PCIN
[16:39:52] [335/459] JRRM
[16:39:52] [336/459] KATS
[16:39:53] [337/459] MHFF
[16:39:54] [338/459] ESYM
[16:39:54] [339/459] STYV
[16:39:55] [340/459] SDKG
[16:39:56] [341/459] SMTI
[16:39:56] [342/459] NYCS
[16:39:57] [343/459] MTBG
[16:39:58] 🔄 Identity reset
[16:39:58] 🔄 Identity rotated (every 10 requests)
[16:39:58] [344/459] RHCA
[16:39:59] [345/459] PCKH
[16:40:00] [346/459] ARCR
[16:40:00] [347/459] NCMB
[16:40:01] [348/459] SHYC
[16:40:02] [349/459] LACK
[16:40:02] [350/459] MTCM
[16:40:03] [351/459] RRBN
[16:40:03] [352/459] MYDC
[16:40:04] [353/459] STCS
[16:40:05] 🔄 Identity reset
[16:40:05] 🔄 Identity rotated (every 10 requests)
[16:40:05] [354/459] CONN
[16:40:05] [355/459] SIPS
[16:40:06] [356/459] SMMX
[16:40:07] [357/459] SCBY
[16:40:07] [358/459] SUAP
[16:40:08] [359/459] RSMK
[16:40:09] [360/459] STKP
[16:40:09] [361/459] CIPC
[16:40:10] [362/459] KKCI
[16:40:11] [363/459] CTNK
[16:40:11] 🔄 Identity reset
[16:40:11] 🔄 Identity rotated (every 10 requests)
[16:40:11] 🔄 Retry 1/5 for CTNK in 2.7s
[16:40:11] 🔄 Identity reset
[16:40:14] 🧠 New identity created
[16:40:14] [364/459] MMTZ
[16:40:15] [365/459] DCCO
[16:40:15] [366/459] VNMN
[16:40:16] [367/459] RLCN
[16:40:17] [368/459] CMMS
[16:40:17] [369/459] AYOU
[16:40:18] [370/459] SSCN
[16:40:19] [371/459] SMXN
[16:40:20] [372/459] ASSK
[16:40:20] 🔄 Identity reset
[16:40:20] 🔄 Identity rotated (every 10 requests)
[16:40:20] [373/459] VCKM
[16:40:21] [374/459] PCPH
[16:40:22] [375/459] PADM
[16:40:22] [376/459] IESA
[16:40:23] [377/459] VCSP
[16:40:24] [378/459] AEST
[16:40:24] [379/459] VTNR
[16:40:25] [380/459] GTTA
[16:40:25] [381/459] CMMM
[16:40:26] [382/459] AHKT
[16:40:26] 🔄 Identity reset
[16:40:26] 🔄 Identity rotated (every 10 requests)
[16:40:26] 🔄 Retry 1/5 for AHKT in 2.6s
[16:40:26] 🔄 Identity reset
[16:40:29] 🧠 New identity created
[16:40:29] [383/459] SIJI
[16:40:30] [384/459] VCEI
[16:40:30] [385/459] SAKR
[16:40:31] [386/459] VSMT
[16:40:32] [387/459] SSCT
[16:40:32] [388/459] USTR
[16:40:33] [389/459] MTKT
[16:40:34] [390/459] TGMP
[16:40:34] [391/459] SIVC
[16:40:35] 🔄 Identity reset
[16:40:35] 🔄 Identity rotated (every 10 requests)
[16:40:35] 🔄 Retry 1/5 for SIVC in 2.6s
[16:40:35] 🔄 Identity reset
[16:40:37] 🧠 New identity created
[16:40:37] 🔄 Retry 2/5 for SIVC in 4.4s
[16:40:37] 🔄 Identity reset
[16:40:42] 🧠 New identity created
[16:40:42] [392/459] KICT
[16:40:43] [393/459] DAMD
[16:40:43] [394/459] CNPT
[16:40:44] [395/459] RVTT
[16:40:45] [396/459] SNCM
[16:40:45] [397/459] GHTE
[16:40:46] [398/459] PPAM
[16:40:47] [399/459] PVAA
[16:40:47] 🔄 Identity reset
[16:40:47] 🔄 Identity rotated (every 10 requests)
[16:40:47] [400/459] CPAO
[16:40:48] [401/459] HAMD
[16:40:49] [402/459] RCCA
[16:40:49] [403/459] MPCH
[16:40:50] [404/459] ARED
[16:40:50] [405/459] RRCV
[16:40:51] [406/459] MTRB
[16:40:52] [407/459] CKUA
[16:40:52] [408/459] ABMP
[16:40:53] [409/459] RCWA
[16:40:54] 🔄 Identity reset
[16:40:54] 🔄 Identity rotated (every 10 requests)
[16:40:54] [410/459] CGAR
[16:40:54] [411/459] METH
[16:40:55] [412/459] WAGA
[16:40:56] [413/459] MCMA
[16:40:56] [414/459] CSMP
[16:40:57] [415/459] RCNK
[16:40:58] [416/459] PSTM
[16:40:58] [417/459] CSEP
[16:40:59] [418/459] AMGD
[16:40:59] [419/459] CSTE
[16:41:00] 🔄 Identity reset
[16:41:00] 🔄 Identity rotated (every 10 requests)
[16:41:00] [420/459] CONS
[16:41:01] [421/459] APPX
[16:41:01] [422/459] MABC
[16:41:02] [423/459] CXST
[16:41:03] [424/459] MATN
[16:41:03] [425/459] MACZ
[16:41:04] [426/459] MASA
[16:41:05] [427/459] MBSX
[16:41:06] [428/459] CSST
[16:41:06] [429/459] APCL
[16:41:07] 🔄 Identity reset
[16:41:07] 🔄 Identity rotated (every 10 requests)
[16:41:07] [430/459] CGOS
[16:41:07] [431/459] CPEC
[16:41:08] [432/459] MCCP
[16:41:09] [433/459] BSSO
[16:41:09] [434/459] SJKA
[16:41:10] [435/459] CGBO
[16:41:10] [436/459] MVSK
[16:41:11] [437/459] HVCA
[16:41:12] [438/459] NAMD
[16:41:12] [439/459] DEVI
[16:41:13] 🔄 Identity reset
[16:41:13] 🔄 Identity rotated (every 10 requests)
[16:41:13] [440/459] SCSV
[16:41:14] [441/459] PSMA
[16:41:14] [442/459] CLDJ
[16:41:15] [443/459] NMAD
[16:41:16] [444/459] CGMO
[16:41:16] [445/459] MCNA
[16:41:17] [446/459] OCBN
[16:41:17] [447/459] CPEM
[16:41:18] [448/459] CPSM
[16:41:19] [449/459] RCAD
[16:41:19] 🔄 Identity reset
[16:41:19] 🔄 Identity rotated (every 10 requests)
[16:41:19] [450/459] CPMU
[16:41:20] [451/459] DICD
[16:41:21] [452/459] CHOE
[16:41:22] [453/459] PDJM
[16:41:22] [454/459] SSTU
[16:41:23] [455/459] VNRN
[16:41:23] [456/459] PVLG
[16:41:24] [457/459] SWBL
[16:41:25] [458/459] SCAB
[16:41:25] [459/459] RDDA
[16:41:26] 🔄 Identity reset
[16:41:26] 🔄 Identity rotated (every 10 requests)
[16:41:26] ✅ DONE | Shows=3231 | Movies=67
