[15:45:26] 🚀 BMS DAILY TRACKER STARTED (enhanced anti‑detection)
[15:45:26] [1/445] TGMR
[15:45:26] 🧠 New identity created
[15:45:27] [2/445] CXKR
[15:45:28] [3/445] SROP
[15:45:29] [4/445] GTSV
[15:45:30] [5/445] SNTY
[15:45:30] [6/445] SMYY
[15:45:31] [7/445] CNCS
[15:45:32] [8/445] CSTM
[15:45:33] [9/445] NUCD
[15:45:34] [10/445] SHCZ
[15:45:35] 🔄 Identity reset
[15:45:35] 🔄 Identity rotated (every 10 requests)
[15:45:35] 🔄 Retry 1/5 for SHCZ in 3.0s
[15:45:35] 🔄 Identity reset
[15:45:38] 🧠 New identity created
[15:45:38] [11/445] NJCT
[15:45:39] [12/445] COPC
[15:45:40] [13/445] STVV
[15:45:41] [14/445] SKRN
[15:45:41] [15/445] APPZ
[15:45:42] [16/445] YMGN
[15:45:43] [17/445] SVTU
[15:45:44] [18/445] GTAD
[15:45:45] [19/445] PSUS
[15:45:45] 🔄 Identity reset
[15:45:45] 🔄 Identity rotated (every 10 requests)
[15:45:46] 🔄 Retry 1/5 for PSUS in 2.8s
[15:45:46] 🔄 Identity reset
[15:45:48] 🧠 New identity created
[15:45:49] [20/445] SMCD
[15:45:50] [21/445] CMCM
[15:45:51] [22/445] SYCT
[15:45:51] [23/445] STLY
[15:45:52] [24/445] CMHU
[15:45:53] [25/445] CMSA
[15:45:55] [26/445] CLCU
[15:45:56] [27/445] PPNT
[15:45:57] [28/445] JTAB
[15:45:57] 🔄 Identity reset
[15:45:57] 🔄 Identity rotated (every 10 requests)
[15:45:58] [29/445] BUUC
[15:45:59] [30/445] BSVK
[15:45:59] [31/445] VVVQ
[15:46:00] [32/445] TKMU
[15:46:01] [33/445] ESYL
[15:46:03] [34/445] ACHP
[15:46:03] [35/445] BTKD
[15:46:04] [36/445] DESA
[15:46:05] [37/445] GBCT
[15:46:06] [38/445] BLLD
[15:46:07] 🔄 Identity reset
[15:46:07] 🔄 Identity rotated (every 10 requests)
[15:46:07] [39/445] SKNT
[15:46:08] [40/445] SSTE
[15:46:09] [41/445] VJMR
[15:46:09] [42/445] NTPU
[15:46:10] [43/445] RDKN
[15:46:11] [44/445] ADGC
[15:46:12] [45/445] VRBP
[15:46:13] [46/445] NMNA
[15:46:14] [47/445] CMMX
[15:46:15] [48/445] PTKO
[15:46:15] 🔄 Identity reset
[15:46:15] 🔄 Identity rotated (every 10 requests)
[15:46:16] [49/445] RBML
[15:46:16] [50/445] SAIC
[15:46:17] [51/445] SVTJ
[15:46:19] [52/445] MRTE
[15:46:20] [53/445] RBTP
[15:46:21] [54/445] NLPS
[15:46:22] [55/445] GTNA
[15:46:23] [56/445] DGGC
[15:46:23] [57/445] SMCR
[15:46:24] [58/445] SCGD
[15:46:25] 🔄 Identity reset
[15:46:25] 🔄 Identity rotated (every 10 requests)
[15:46:25] 🔄 Retry 1/5 for SCGD in 2.4s
[15:46:25] 🔄 Identity reset
[15:46:27] 🧠 New identity created
[15:46:28] [59/445] SRRJ
[15:46:29] [60/445] CNRY
[15:46:30] [61/445] KTDI
[15:46:31] [62/445] SNJL
[15:46:32] [63/445] RKMD
[15:46:33] [64/445] SMDC
[15:46:34] [65/445] TADG
[15:46:35] [66/445] MCGS
[15:46:36] [67/445] PETK
[15:46:36] 🔄 Identity reset
[15:46:36] 🔄 Identity rotated (every 10 requests)
[15:46:36] 🔄 Retry 1/5 for PETK in 2.1s
[15:46:36] 🔄 Identity reset
[15:46:38] 🧠 New identity created
[15:46:38] 🔄 Retry 2/5 for PETK in 4.9s
[15:46:38] 🔄 Identity reset
[15:46:43] 🧠 New identity created
[15:46:43] 🔄 Retry 3/5 for PETK in 8.7s
[15:46:43] 🔄 Identity reset
[15:46:52] 🧠 New identity created
[15:46:52] 🔄 Retry 4/5 for PETK in 16.6s
[15:46:52] 🔄 Identity reset
[15:47:09] 🧠 New identity created
[15:47:09] [68/445] CHAG
[15:47:10] [69/445] KSTL
[15:47:11] [70/445] AADS
[15:47:12] [71/445] NTHZ
[15:47:13] [72/445] HCKI
[15:47:14] [73/445] SSEF
[15:47:15] 🔄 Identity reset
[15:47:15] 🔄 Identity rotated (every 10 requests)
[15:47:15] 🔄 Retry 1/5 for SSEF in 2.7s
[15:47:15] 🔄 Identity reset
[15:47:18] 🧠 New identity created
[15:47:18] [74/445] MCGX
[15:47:19] [75/445] ERRA
[15:47:21] [76/445] SDTW
[15:47:22] [77/445] RMPK
[15:47:23] [78/445] PTHK
[15:47:24] [79/445] PXCS
[15:47:24] [80/445] SVLU
[15:47:25] [81/445] STAH
[15:47:26] [82/445] JRGF
[15:47:27] 🔄 Identity reset
[15:47:27] 🔄 Identity rotated (every 10 requests)
[15:47:27] 🔄 Retry 1/5 for JRGF in 2.0s
[15:47:27] 🔄 Identity reset
[15:47:29] 🧠 New identity created
[15:47:29] 🔄 Retry 2/5 for JRGF in 5.0s
[15:47:29] 🔄 Identity reset
[15:47:34] 🧠 New identity created
[15:47:34] 🔄 Retry 3/5 for JRGF in 8.5s
[15:47:34] 🔄 Identity reset
[15:47:42] 🧠 New identity created
[15:47:43] [83/445] CDOK
[15:47:43] [84/445] CMSG
[15:47:45] [85/445] APTD
[15:47:45] [86/445] KMPG
[15:47:47] [87/445] MUTJ
[15:47:48] [88/445] VCCI
[15:47:49] [89/445] URBE
[15:47:49] 🔄 Identity reset
[15:47:49] 🔄 Identity rotated (every 10 requests)
[15:47:50] [90/445] TCTS
[15:47:51] [91/445] STSN
[15:47:51] [92/445] AKCH
[15:47:52] [93/445] APSC
[15:47:53] [94/445] VLTB
[15:47:54] [95/445] SANU
[15:47:55] [96/445] AXAM
[15:47:56] [97/445] MGMG
[15:47:57] [98/445] HTBY
[15:47:58] [99/445] MMZS
[15:47:58] 🔄 Identity reset
[15:47:58] 🔄 Identity rotated (every 10 requests)
[15:47:58] 🔄 Retry 1/5 for MMZS in 2.9s
[15:47:58] 🔄 Identity reset
[15:48:01] 🧠 New identity created
[15:48:01] 🔄 Retry 2/5 for MMZS in 4.2s
[15:48:01] 🔄 Identity reset
[15:48:06] 🧠 New identity created
[15:48:06] [100/445] SUDR
[15:48:07] [101/445] CCAD
[15:48:08] [102/445] SKKC
[15:48:09] [103/445] RMCD
[15:48:09] [104/445] SBCQ
[15:48:10] [105/445] DCCT
[15:48:11] [106/445] VTKP
[15:48:13] [107/445] MLAM
[15:48:14] 🔄 Identity reset
[15:48:14] 🔄 Identity rotated (every 10 requests)
[15:48:14] 🔄 Retry 1/5 for MLAM in 3.0s
[15:48:14] 🔄 Identity reset
[15:48:17] 🧠 New identity created
[15:48:17] [108/445] SAVT
[15:48:18] [109/445] GEPL
[15:48:19] [110/445] AMCD
[15:48:20] [111/445] CCXR
[15:48:21] [112/445] GRNG
[15:48:22] [113/445] EBCA
[15:48:22] [114/445] CNVG
[15:48:23] [115/445] MWSS
[15:48:24] [116/445] VBOR
[15:48:25] 🔄 Identity reset
[15:48:25] 🔄 Identity rotated (every 10 requests)
[15:48:25] [117/445] NEEB
[15:48:26] [118/445] SUTH
[15:48:27] [119/445] ANDB
[15:48:28] [120/445] MMXS
[15:48:29] [121/445] CNPD
[15:48:30] [122/445] SDCE
[15:48:31] [123/445] DHCB
[15:48:32] [124/445] ODEN
[15:48:33] [125/445] TNTC
[15:48:34] [126/445] VBKM
[15:48:34] 🔄 Identity reset
[15:48:34] 🔄 Identity rotated (every 10 requests)
[15:48:34] 🔄 Retry 1/5 for VBKM in 2.7s
[15:48:34] 🔄 Identity reset
[15:48:37] 🧠 New identity created
[15:48:38] [127/445] RZYM
[15:48:39] [128/445] JEMC
[15:48:40] [129/445] CMAU
[15:48:40] [130/445] SIVP
[15:48:41] [131/445] ATAG
[15:48:42] [132/445] CHTM
[15:48:43] [133/445] AAEE
[15:48:44] [134/445] IWPM
[15:48:45] [135/445] KCMW
[15:48:45] 🔄 Identity reset
[15:48:45] 🔄 Identity rotated (every 10 requests)
[15:48:46] [136/445] MCTD
[15:48:47] [137/445] SPWR
[15:48:48] [138/445] SDPO
[15:48:49] [139/445] PCSK
[15:48:50] [140/445] ACHV
[15:48:51] [141/445] SVLA
[15:48:52] [142/445] PICT
[15:48:52] [143/445] BXDR
[15:48:53] [144/445] SPWA
[15:48:54] [145/445] MCKO
[15:48:55] 🔄 Identity reset
[15:48:55] 🔄 Identity rotated (every 10 requests)
[15:48:55] [146/445] RTHK
[15:48:56] [147/445] CCMF
[15:48:57] [148/445] MRGB
[15:48:58] [149/445] CPLC
[15:48:59] [150/445] RACD
[15:49:00] [151/445] ATKT
[15:49:01] [152/445] SARN
[15:49:01] [153/445] KKUI
[15:49:02] [154/445] RGCM
[15:49:03] [155/445] BRVP
[15:49:04] 🔄 Identity reset
[15:49:04] 🔄 Identity rotated (every 10 requests)
[15:49:04] [156/445] HRSR
[15:49:05] [157/445] GKGM
[15:49:06] [158/445] TTCD
[15:49:07] [159/445] PTTI
[15:49:07] [160/445] MPTT
[15:49:08] [161/445] CVTT
[15:49:10] [162/445] PCXD
[15:49:12] [163/445] GCDC
[15:49:12] [164/445] CCCF
[15:49:13] [165/445] MRAD
[15:49:14] 🔄 Identity reset
[15:49:14] 🔄 Identity rotated (every 10 requests)
[15:49:14] [166/445] CPLK
[15:49:15] [167/445] SATB
[15:49:16] [168/445] SNVG
[15:49:17] [169/445] JMBA
[15:49:18] [170/445] TEJA
[15:49:19] [171/445] STYO
[15:49:19] [172/445] JTBP
[15:49:20] [173/445] KRGD
[15:49:22] [174/445] SLJJ
[15:49:23] [175/445] SPTJ
[15:49:24] 🔄 Identity reset
[15:49:24] 🔄 Identity rotated (every 10 requests)
[15:49:24] [176/445] SWJG
[15:49:25] [177/445] LKRT
[15:49:26] [178/445] KCKA
[15:49:27] [179/445] SNCR
[15:49:28] [180/445] SMKL
[15:49:29] [181/445] GCFA
[15:49:30] [182/445] DDCK
[15:49:30] [183/445] NCHJ
[15:49:31] [184/445] RDMA
[15:49:32] [185/445] SVSV
[15:49:33] 🔄 Identity reset
[15:49:33] 🔄 Identity rotated (every 10 requests)
[15:49:33] [186/445] SCJG
[15:49:34] [187/445] VKLP
[15:49:35] [188/445] NWCC
[15:49:35] [189/445] VKNS
[15:49:36] [190/445] SDDP
[15:49:37] [191/445] ACSI
[15:49:38] [192/445] SATG
[15:49:40] [193/445] SCMW
[15:49:41] [194/445] LKTK
[15:49:42] [195/445] VCKV
[15:49:43] 🔄 Identity reset
[15:49:43] 🔄 Identity rotated (every 10 requests)
[15:49:43] [196/445] KKPE
[15:49:44] [197/445] KIGH
[15:49:45] [198/445] SRPM
[15:49:46] [199/445] SCAH
[15:49:47] [200/445] MUTA
[15:49:48] [201/445] SEPU
[15:49:49] [202/445] INOA
[15:49:50] [203/445] BASK
[15:49:50] [204/445] NECB
[15:49:51] [205/445] GTTG
[15:49:52] 🔄 Identity reset
[15:49:52] 🔄 Identity rotated (every 10 requests)
[15:49:53] [206/445] ASSA
[15:49:54] [207/445] ANCL
[15:49:55] [208/445] GCTI
[15:49:57] [209/445] RCTS
[15:49:58] [210/445] ACNL
[15:49:59] [211/445] MYCT
[15:49:59] [212/445] NMHT
[15:50:00] [213/445] MDIT
[15:50:02] [214/445] LATG
[15:50:03] [215/445] SMTY
[15:50:03] 🔄 Identity reset
[15:50:03] 🔄 Identity rotated (every 10 requests)
[15:50:03] 🔄 Retry 1/5 for SMTY in 2.2s
[15:50:03] 🔄 Identity reset
[15:50:06] 🧠 New identity created
[15:50:06] [216/445] CVCT
[15:50:08] [217/445] RAMB
[15:50:08] [218/445] TGMS
[15:50:10] [219/445] BHEL
[15:50:11] [220/445] SHCT
[15:50:13] [221/445] SVCT
[15:50:14] [222/445] MRIY
[15:50:15] [223/445] SARO
[15:50:16] [224/445] STCT
[15:50:17] 🔄 Identity reset
[15:50:17] 🔄 Identity rotated (every 10 requests)
[15:50:17] 🔄 Retry 1/5 for STCT in 2.8s
[15:50:17] 🔄 Identity reset
[15:50:19] 🧠 New identity created
[15:50:20] [225/445] JKKC
[15:50:20] [226/445] PLTT
[15:50:21] [227/445] SRNT
[15:50:22] [228/445] YAST
[15:50:23] [229/445] PERL
[15:50:24] [230/445] CICM
[15:50:25] [231/445] MMTR
[15:50:26] [232/445] ABTK
[15:50:27] [233/445] ATYY
[15:50:27] 🔄 Identity reset
[15:50:27] 🔄 Identity rotated (every 10 requests)
[15:50:27] [234/445] ASTK
[15:50:28] [235/445] VVCK
[15:50:29] [236/445] ATKY
[15:50:30] [237/445] GWEK
[15:50:31] [238/445] SVFH
[15:50:32] [239/445] SLTA
[15:50:32] [240/445] AASH
[15:50:33] [241/445] ACXB
[15:50:34] [242/445] SMTX
[15:50:35] [243/445] AZDH
[15:50:35] 🔄 Identity reset
[15:50:35] 🔄 Identity rotated (every 10 requests)
[15:50:36] 🔄 Retry 1/5 for AZDH in 2.6s
[15:50:36] 🔄 Identity reset
[15:50:38] 🧠 New identity created
[15:50:38] 🔄 Retry 2/5 for AZDH in 4.8s
[15:50:38] 🔄 Identity reset
[15:50:43] 🧠 New identity created
[15:50:43] [244/445] CMMH
[15:50:44] [245/445] SCSZ
[15:50:45] [246/445] SCKP
[15:50:46] [247/445] NXTM
[15:50:47] [248/445] NWCS
[15:50:48] [249/445] CXMH
[15:50:49] [250/445] PCMA
[15:50:49] [251/445] SGCM
[15:50:50] 🔄 Identity reset
[15:50:50] 🔄 Identity rotated (every 10 requests)
[15:50:50] [252/445] SDTU
[15:50:51] [253/445] MMVI
[15:50:52] [254/445] JKCM
[15:50:53] [255/445] VCMM
[15:50:54] [256/445] SYEE
[15:50:55] [257/445] VASD
[15:50:56] [258/445] BDRB
[15:50:57] [259/445] LASM
[15:50:57] [260/445] DCRL
[15:50:58] [261/445] DVPM
[15:50:59] 🔄 Identity reset
[15:50:59] 🔄 Identity rotated (every 10 requests)
[15:51:00] [262/445] SBMJ
[15:51:01] [263/445] CBMU
[15:51:02] [264/445] IUBS
[15:51:03] [265/445] INAP
[15:51:04] [266/445] SRRC
[15:51:05] [267/445] SAGR
[15:51:06] [268/445] CPMJ
[15:51:07] [269/445] ATJL
[15:51:08] [270/445] NNTD
[15:51:09] [271/445] JHCJ
[15:51:09] 🔄 Identity reset
[15:51:09] 🔄 Identity rotated (every 10 requests)
[15:51:09] [272/445] CMMP
[15:51:10] [273/445] RSDR
[15:51:11] [274/445] AMTI
[15:51:12] [275/445] NYSG
[15:51:13] [276/445] AVSG
[15:51:14] [277/445] SYTP
[15:51:14] [278/445] LARC
[15:51:15] [279/445] RJTP
[15:51:16] [280/445] LAKC
[15:51:17] [281/445] MCXE
[15:51:18] 🔄 Identity reset
[15:51:18] 🔄 Identity rotated (every 10 requests)
[15:51:18] [282/445] CCZC
[15:51:19] [283/445] AVCH
[15:51:20] [284/445] CMBE
[15:51:20] [285/445] MRRC
[15:51:21] [286/445] PCPY
[15:51:22] [287/445] SRMH
[15:51:24] [288/445] SVGS
[15:51:25] [289/445] PCSE
[15:51:26] [290/445] SVFT
[15:51:26] [291/445] TNZP
[15:51:27] 🔄 Identity reset
[15:51:27] 🔄 Identity rotated (every 10 requests)
[15:51:28] [292/445] ICTP
[15:51:29] [293/445] ACTZ
[15:51:30] [294/445] GTUR
[15:51:31] [295/445] MAFC
[15:51:32] [296/445] MINL
[15:51:33] [297/445] MRCL
[15:51:34] [298/445] RCRP
[15:51:35] [299/445] RFFG
[15:51:36] [300/445] RMAS
[15:51:37] [301/445] INVR
[15:51:38] 🔄 Identity reset
[15:51:38] 🔄 Identity rotated (every 10 requests)
[15:51:39] [302/445] RMAR
[15:51:40] [303/445] CNIS
[15:51:41] [304/445] RHRJ
[15:51:42] [305/445] INXR
[15:51:43] [306/445] VALT
[15:51:44] [307/445] LCSH
[15:51:45] [308/445] CMVS
[15:51:45] [309/445] CNMS
[15:51:46] [310/445] ROOG
[15:51:48] [311/445] ISRM
[15:51:49] 🔄 Identity reset
[15:51:49] 🔄 Identity rotated (every 10 requests)
[15:51:49] 🔄 Retry 1/5 for ISRM in 3.0s
[15:51:49] 🔄 Identity reset
[15:51:52] 🧠 New identity created
[15:51:53] [312/445] RCRM
[15:51:53] [313/445] ACJA
[15:51:54] [314/445] RCVS
[15:51:55] [315/445] CPUS
[15:51:56] [316/445] TGCS
[15:51:57] [317/445] RKCJ
[15:51:58] [318/445] MKSB
[15:51:59] [319/445] TCSJ
[15:51:59] [320/445] RMGP
[15:52:00] 🔄 Identity reset
[15:52:00] 🔄 Identity rotated (every 10 requests)
[15:52:00] 🔄 Retry 1/5 for RMGP in 2.6s
[15:52:00] 🔄 Identity reset
[15:52:03] 🧠 New identity created
[15:52:03] [321/445] CLLP
[15:52:04] [322/445] RCMV
[15:52:05] [323/445] CCKS
[15:52:05] [324/445] RSRP
[15:52:07] [325/445] APLP
[15:52:08] [326/445] CNVS
[15:52:09] [327/445] RMVY
[15:52:10] [328/445] PGBD
[15:52:11] [329/445] KLMS
[15:52:12] 🔄 Identity reset
[15:52:12] 🔄 Identity rotated (every 10 requests)
[15:52:12] [330/445] RUST
[15:52:14] [331/445] MASM
[15:52:15] [332/445] BACS
[15:52:15] [333/445] BWST
[15:52:16] [334/445] RRFH
[15:52:17] [335/445] SJTM
[15:52:18] [336/445] BEMR
[15:52:19] [337/445] MCGR
[15:52:20] [338/445] SDSK
[15:52:21] [339/445] VBOL
[15:52:21] 🔄 Identity reset
[15:52:21] 🔄 Identity rotated (every 10 requests)
[15:52:22] [340/445] RMGM
[15:52:22] [341/445] NOPL
[15:52:23] [342/445] MKJK
[15:52:24] [343/445] CVRN
[15:52:25] [344/445] MMEN
[15:52:26] [345/445] AMNG
[15:52:27] [346/445] INTM
[15:52:29] [347/445] SLCZ
[15:52:30] [348/445] AMJN
[15:52:31] [349/445] ACJN
[15:52:31] 🔄 Identity reset
[15:52:31] 🔄 Identity rotated (every 10 requests)
[15:52:31] 🔄 Retry 1/5 for ACJN in 2.4s
[15:52:31] 🔄 Identity reset
[15:52:34] 🧠 New identity created
[15:52:34] [350/445] AMKN
[15:52:35] [351/445] BTCN
[15:52:36] [352/445] AMBT
[15:52:37] [353/445] PACN
[15:52:37] [354/445] LCNS
[15:52:38] [355/445] PPKC
[15:52:39] [356/445] JYYN
[15:52:40] [357/445] JTNR
[15:52:41] [358/445] GTEE
[15:52:41] 🔄 Identity reset
[15:52:42] 🔄 Identity rotated (every 10 requests)
[15:52:42] [359/445] SRNM
[15:52:43] [360/445] SDTC
[15:52:44] [361/445] VPCA
[15:52:45] [362/445] VLRA
[15:52:46] [363/445] SHKR
[15:52:46] [364/445] SBKD
[15:52:47] [365/445] SAAD
[15:52:48] [366/445] JTGN
[15:52:49] [367/445] SLAM
[15:52:50] [368/445] VTPM
[15:52:51] 🔄 Identity reset
[15:52:51] 🔄 Identity rotated (every 10 requests)
[15:52:51] 🔄 Retry 1/5 for VTPM in 2.1s
[15:52:51] 🔄 Identity reset
[15:52:53] 🧠 New identity created
[15:52:54] [369/445] ANPT
[15:52:55] [370/445] PUNB
[15:52:55] [371/445] CPKT
[15:52:56] [372/445] CNWE
[15:52:58] [373/445] ECPP
[15:52:59] [374/445] CPAR
[15:53:00] [375/445] ESBW
[15:53:01] [376/445] PKPU
[15:53:02] [377/445] CPRP
[15:53:03] 🔄 Identity reset
[15:53:03] 🔄 Identity rotated (every 10 requests)
[15:53:03] [378/445] RAHU
[15:53:04] [379/445] RHMN
[15:53:06] [380/445] FMJP
[15:53:07] [381/445] CTMP
[15:53:08] [382/445] INPN
[15:53:10] [383/445] STTG
[15:53:11] [384/445] CTRD
[15:53:12] [385/445] PUVB
[15:53:13] [386/445] ESVP
[15:53:14] [387/445] CPFT
[15:53:14] 🔄 Identity reset
[15:53:14] 🔄 Identity rotated (every 10 requests)
[15:53:14] [388/445] LCPC
[15:53:15] [389/445] VBCT
[15:53:16] [390/445] FSCW
[15:53:18] [391/445] VCMP
[15:53:18] [392/445] ASHC
[15:53:19] [393/445] VLCX
[15:53:20] [394/445] SHEV
[15:53:21] [395/445] APCO
[15:53:22] [396/445] SILC
[15:53:22] [397/445] SNMR
[15:53:23] 🔄 Identity reset
[15:53:23] 🔄 Identity rotated (every 10 requests)
[15:53:23] [398/445] KYBO
[15:53:24] [399/445] SATK
[15:53:26] [400/445] SSCS
[15:53:26] [401/445] CLSB
[15:53:27] [402/445] KMJR
[15:53:28] [403/445] FSCK
[15:53:29] [404/445] NNKA
[15:53:30] [405/445] CLMK
[15:53:31] [406/445] DMPZ
[15:53:32] [407/445] INQM
[15:53:33] 🔄 Identity reset
[15:53:33] 🔄 Identity rotated (every 10 requests)
[15:53:33] [408/445] CAML
[15:53:34] [409/445] INRK
[15:53:35] [410/445] IMKN
[15:53:35] [411/445] SVNR
[15:53:36] [412/445] INSL
[15:53:37] [413/445] MSMA
[15:53:38] [414/445] MCKK
[15:53:39] [415/445] FCHP
[15:53:40] [416/445] SFCR
[15:53:41] [417/445] NACK
[15:53:41] 🔄 Identity reset
[15:53:41] 🔄 Identity rotated (every 10 requests)
[15:53:42] [418/445] PVAK
[15:53:43] [419/445] INER
[15:53:43] [420/445] RDBK
[15:53:44] [421/445] SVFN
[15:53:45] [422/445] IFRM
[15:53:46] [423/445] ATCK
[15:53:47] [424/445] ASKO
[15:53:48] [425/445] STKT
[15:53:49] [426/445] SVFB
[15:53:49] [427/445] INKS
[15:53:50] 🔄 Identity reset
[15:53:50] 🔄 Identity rotated (every 10 requests)
[15:53:51] [428/445] PCRA
[15:53:51] [429/445] ATJA
[15:53:52] [430/445] IMJN
[15:53:53] [431/445] INHD
[15:53:54] [432/445] BARA
[15:53:55] [433/445] MCSL
[15:53:56] [434/445] RTOY
[15:53:57] [435/445] MENO
[15:53:57] [436/445] PUDM
[15:53:58] [437/445] PRCN
[15:53:59] 🔄 Identity reset
[15:53:59] 🔄 Identity rotated (every 10 requests)
[15:53:59] [438/445] JMJR
[15:54:00] [439/445] SSGK
[15:54:01] [440/445] SSRL
[15:54:02] [441/445] JYKL
[15:54:03] [442/445] ACNB
[15:54:05] [443/445] SONP
[15:54:06] [444/445] EMCI
[15:54:06] [445/445] MRJH
[15:54:07] ✅ DONE | Shows=2770 | Movies=66
