[15:46:48] 🚀 BMS DAILY TRACKER STARTED (enhanced anti‑detection)
[15:46:48] [1/459] NECA
[15:46:49] 🧠 New identity created
[15:46:49] [2/459] BJLC
[15:46:50] [3/459] BASU
[15:46:51] [4/459] RUPI
[15:46:52] [5/459] LCBK
[15:46:53] [6/459] PMAC
[15:46:54] [7/459] AMLC
[15:46:55] [8/459] LICL
[15:46:56] [9/459] UDMM
[15:46:57] [10/459] STBZ
[15:46:57] 🔄 Identity reset
[15:46:57] 🔄 Identity rotated (every 10 requests)
[15:46:58] [11/459] UUBT
[15:46:59] [12/459] SJKC
[15:47:00] [13/459] TUAL
[15:47:01] [14/459] MRSE
[15:47:02] [15/459] RMRK
[15:47:03] [16/459] TTKP
[15:47:04] [17/459] KTKO
[15:47:05] [18/459] SDBK
[15:47:05] [19/459] MCPR
[15:47:06] [20/459] CHTI
[15:47:07] 🔄 Identity reset
[15:47:07] 🔄 Identity rotated (every 10 requests)
[15:47:07] [21/459] GCCP
[15:47:08] [22/459] SRMY
[15:47:09] [23/459] NYST
[15:47:10] [24/459] NYAG
[15:47:12] [25/459] SBMT
[15:47:13] [26/459] INGA
[15:47:14] [27/459] WSIC
[15:47:14] [28/459] SCSS
[15:47:15] [29/459] COPG
[15:47:16] [30/459] RCGR
[15:47:16] 🔄 Identity reset
[15:47:16] 🔄 Identity rotated (every 10 requests)
[15:47:17] [31/459] TCZA
[15:47:18] [32/459] CNLP
[15:47:18] [33/459] CLKN
[15:47:19] [34/459] LHDF
[15:47:20] [35/459] ELKC
[15:47:21] [36/459] VCEM
[15:47:22] [37/459] SSZA
[15:47:23] [38/459] KRMT
[15:47:23] [39/459] LCMV
[15:47:24] [40/459] AYCZ
[15:47:25] 🔄 Identity reset
[15:47:25] 🔄 Identity rotated (every 10 requests)
[15:47:25] [41/459] CUMS
[15:47:26] [42/459] BOCK
[15:47:27] [43/459] PNMR
[15:47:28] [44/459] PJCP
[15:47:29] [45/459] JDDD
[15:47:30] [46/459] STMS
[15:47:31] [47/459] FLMB
[15:47:32] [48/459] PKCM
[15:47:33] [49/459] SPPR
[15:47:34] [50/459] EYLH
[15:47:35] 🔄 Identity reset
[15:47:35] 🔄 Identity rotated (every 10 requests)
[15:47:35] [51/459] RJCC
[15:47:37] [52/459] MMPS
[15:47:37] [53/459] SHMX
[15:47:38] [54/459] CCNL
[15:47:39] [55/459] RCNV
[15:47:40] [56/459] MAAG
[15:47:41] [57/459] LXCM
[15:47:42] [58/459] RCNI
[15:47:43] [59/459] SNNI
[15:47:45] [60/459] LALC
[15:47:46] 🔄 Identity reset
[15:47:46] 🔄 Identity rotated (every 10 requests)
[15:47:46] [61/459] SOCN
[15:47:47] [62/459] JHTP
[15:47:48] [63/459] PITP
[15:47:49] [64/459] CCKW
[15:47:50] [65/459] MCMC
[15:47:50] [66/459] DEES
[15:47:51] [67/459] SABT
[15:47:52] [68/459] VSPP
[15:47:53] [69/459] ABCT
[15:47:54] [70/459] JVTB
[15:47:54] 🔄 Identity reset
[15:47:54] 🔄 Identity rotated (every 10 requests)
[15:47:55] [71/459] VCBD
[15:47:56] [72/459] RMGG
[15:47:57] [73/459] RNMH
[15:47:57] [74/459] SPGL
[15:47:58] [75/459] JTTR
[15:48:00] [76/459] SICS
[15:48:01] [77/459] SRMI
[15:48:02] [78/459] SSIJ
[15:48:02] [79/459] KFMT
[15:48:03] [80/459] VBIT
[15:48:04] 🔄 Identity reset
[15:48:04] 🔄 Identity rotated (every 10 requests)
[15:48:04] [81/459] JKCT
[15:48:05] [82/459] GCGP
[15:48:06] [83/459] GDCS
[15:48:07] [84/459] TRBA
[15:48:07] [85/459] QUST
[15:48:08] [86/459] VSHM
[15:48:09] [87/459] SDCP
[15:48:10] [88/459] SNVS
[15:48:11] [89/459] NYTO
[15:48:12] [90/459] URWC
[15:48:12] 🔄 Identity reset
[15:48:12] 🔄 Identity rotated (every 10 requests)
[15:48:12] 🔄 Retry 1/5 for URWC in 2.5s
[15:48:12] 🔄 Identity reset
[15:48:15] 🧠 New identity created
[15:48:15] 🔄 Retry 2/5 for URWC in 4.6s
[15:48:15] 🔄 Identity reset
[15:48:20] 🧠 New identity created
[15:48:20] 🔄 Retry 3/5 for URWC in 9.0s
[15:48:20] 🔄 Identity reset
[15:48:29] 🧠 New identity created
[15:48:29] [91/459] GTWH
[15:48:31] [92/459] PFCM
[15:48:32] [93/459] KRTA
[15:48:32] [94/459] AXMC
[15:48:33] [95/459] EVMC
[15:48:34] [96/459] HGSM
[15:48:36] [97/459] ACVM
[15:48:37] 🔄 Identity reset
[15:48:37] 🔄 Identity rotated (every 10 requests)
[15:48:37] 🔄 Retry 1/5 for ACVM in 2.1s
[15:48:37] 🔄 Identity reset
[15:48:39] 🧠 New identity created
[15:48:39] [98/459] PSKL
[15:48:40] [99/459] RDMP
[15:48:41] [100/459] RHGH
[15:48:42] [101/459] OMCM
[15:48:43] [102/459] DCCP
[15:48:44] [103/459] MCPB
[15:48:45] [104/459] ALCI
[15:48:46] [105/459] BLMX
[15:48:46] [106/459] BTMV
[15:48:47] 🔄 Identity reset
[15:48:47] 🔄 Identity rotated (every 10 requests)
[15:48:48] [107/459] FVPN
[15:48:48] [108/459] CMAR
[15:48:49] [109/459] CEIM
[15:48:50] [110/459] CMVA
[15:48:51] [111/459] CPIV
[15:48:52] [112/459] CNPE
[15:48:53] [113/459] COLV
[15:48:54] [114/459] DNNV
[15:48:55] [115/459] HCAD
[15:48:56] [116/459] TAKA
[15:48:56] 🔄 Identity reset
[15:48:56] 🔄 Identity rotated (every 10 requests)
[15:48:56] 🔄 Retry 1/5 for TAKA in 2.4s
[15:48:56] 🔄 Identity reset
[15:48:59] 🧠 New identity created
[15:48:59] [117/459] INVD
[15:49:00] [118/459] IRMM
[15:49:01] [119/459] INSE
[15:49:02] [120/459] MRSW
[15:49:02] [121/459] MCVD
[15:49:03] [122/459] MCSO
[15:49:04] [123/459] PEVM
[15:49:05] [124/459] PVNL
[15:49:06] [125/459] PTCV
[15:49:06] 🔄 Identity reset
[15:49:06] 🔄 Identity rotated (every 10 requests)
[15:49:06] 🔄 Retry 1/5 for PTCV in 2.0s
[15:49:06] 🔄 Identity reset
[15:49:08] 🧠 New identity created
[15:49:09] [126/459] PRTC
[15:49:10] [127/459] RCVA
[15:49:11] [128/459] MTBN
[15:49:12] [129/459] LUCP
[15:49:12] [130/459] FMPT
[15:49:13] [131/459] JLSL
[15:49:14] [132/459] SBHA
[15:49:15] [133/459] SHRC
[15:49:16] [134/459] AVPS
[15:49:16] 🔄 Identity reset
[15:49:16] 🔄 Identity rotated (every 10 requests)
[15:49:17] [135/459] STPM
[15:49:17] [136/459] ATRD
[15:49:19] [137/459] VTED
[15:49:20] [138/459] ACAI
[15:49:21] [139/459] SMAE
[15:49:22] [140/459] VMAT
[15:49:23] [141/459] LKCT
[15:49:24] [142/459] JTVK
[15:49:25] [143/459] PRTY
[15:49:26] [144/459] GETT
[15:49:26] 🔄 Identity reset
[15:49:26] 🔄 Identity rotated (every 10 requests)
[15:49:27] [145/459] ESAP
[15:49:28] [146/459] NCPM
[15:49:29] [147/459] PCPA
[15:49:29] [148/459] MMOM
[15:49:30] [149/459] PHUP
[15:49:31] [150/459] CCPI
[15:49:32] [151/459] CNTD
[15:49:33] [152/459] NLJR
[15:49:34] [153/459] SRNG
[15:49:35] [154/459] MHAL
[15:49:35] 🔄 Identity reset
[15:49:35] 🔄 Identity rotated (every 10 requests)
[15:49:36] [155/459] PNSM
[15:49:37] [156/459] DRMY
[15:49:38] [157/459] CCMU
[15:49:38] [158/459] SCMY
[15:49:39] [159/459] PVSY
[15:49:41] [160/459] SDLM
[15:49:42] [161/459] ICCM
[15:49:43] [162/459] PYSU
[15:49:43] [163/459] GATM
[15:49:45] [164/459] WOTM
[15:49:46] 🔄 Identity reset
[15:49:46] 🔄 Identity rotated (every 10 requests)
[15:49:46] [165/459] RKTS
[15:49:47] [166/459] PMTY
[15:49:47] [167/459] LYMS
[15:49:48] [168/459] TGCA
[15:49:49] [169/459] DSTA
[15:49:50] [170/459] CNGE
[15:49:51] [171/459] VSTG
[15:49:52] [172/459] GTCK
[15:49:53] [173/459] TGNT
[15:49:54] [174/459] ASLC
[15:49:54] 🔄 Identity reset
[15:49:54] 🔄 Identity rotated (every 10 requests)
[15:49:55] [175/459] SSST
[15:49:56] [176/459] KBTT
[15:49:56] [177/459] HKCP
[15:49:57] [178/459] SWLC
[15:49:58] [179/459] RTND
[15:49:59] [180/459] PKKT
[15:50:00] [181/459] HSTK
[15:50:00] [182/459] SPTT
[15:50:01] [183/459] IMPM
[15:50:02] [184/459] SCMV
[15:50:02] 🔄 Identity reset
[15:50:02] 🔄 Identity rotated (every 10 requests)
[15:50:02] 🔄 Retry 1/5 for SCMV in 2.2s
[15:50:02] 🔄 Identity reset
[15:50:05] 🧠 New identity created
[15:50:05] [185/459] SPCT
[15:50:06] [186/459] JBCA
[15:50:07] [187/459] ATTR
[15:50:08] [188/459] SPMT
[15:50:09] [189/459] LCTM
[15:50:10] [190/459] SCVL
[15:50:11] [191/459] SCVT
[15:50:12] [192/459] KRIC
[15:50:13] [193/459] CTMG
[15:50:13] 🔄 Identity reset
[15:50:13] 🔄 Identity rotated (every 10 requests)
[15:50:14] [194/459] ACNC
[15:50:14] [195/459] DMCK
[15:50:16] [196/459] KMTV
[15:50:17] [197/459] PFCJ
[15:50:18] [198/459] VNMD
[15:50:19] [199/459] VPCZ
[15:50:20] [200/459] SRYR
[15:50:20] [201/459] SYTR
[15:50:21] [202/459] GATR
[15:50:22] [203/459] URTR
[15:50:23] 🔄 Identity reset
[15:50:23] 🔄 Identity rotated (every 10 requests)
[15:50:23] [204/459] MKSM
[15:50:24] [205/459] VSMH
[15:50:26] [206/459] SKRJ
[15:50:26] [207/459] SSJR
[15:50:27] [208/459] SVSM
[15:50:28] [209/459] RUCM
[15:50:29] [210/459] PRKN
[15:50:31] [211/459] RROH
[15:50:31] [212/459] SCTN
[15:50:32] [213/459] RTDM
[15:50:33] 🔄 Identity reset
[15:50:33] 🔄 Identity rotated (every 10 requests)
[15:50:33] 🔄 Retry 1/5 for RTDM in 2.8s
[15:50:33] 🔄 Identity reset
[15:50:36] 🧠 New identity created
[15:50:36] [214/459] ASRM
[15:50:37] [215/459] SKMD
[15:50:38] [216/459] SUTD
[15:50:39] [217/459] SADM
[15:50:40] [218/459] WCNR
[15:50:41] [219/459] CNED
[15:50:41] [220/459] MPDB
[15:50:42] [221/459] KTBH
[15:50:44] [222/459] IDRM
[15:50:45] 🔄 Identity reset
[15:50:45] 🔄 Identity rotated (every 10 requests)
[15:50:45] [223/459] PJJT
[15:50:46] [224/459] PFCV
[15:50:47] [225/459] AACT
[15:50:48] [226/459] AAAD
[15:50:49] [227/459] ANES
[15:50:50] [228/459] MNCA
[15:50:50] [229/459] RMGU
[15:50:51] [230/459] DLCN
[15:50:52] [231/459] LJWT
[15:50:53] [232/459] MCBG
[15:50:54] 🔄 Identity reset
[15:50:54] 🔄 Identity rotated (every 10 requests)
[15:50:54] 🔄 Retry 1/5 for MCBG in 3.0s
[15:50:54] 🔄 Identity reset
[15:50:57] 🧠 New identity created
[15:50:57] [233/459] MYBG
[15:50:58] [234/459] GCCA
[15:50:59] [235/459] GCGA
[15:51:00] [236/459] ECGN
[15:51:01] [237/459] PRAB
[15:51:02] [238/459] PNMP
[15:51:02] [239/459] GCPT
[15:51:03] [240/459] ROYN
[15:51:04] [241/459] VATM
[15:51:05] 🔄 Identity reset
[15:51:05] 🔄 Identity rotated (every 10 requests)
[15:51:06] [242/459] KSNT
[15:51:06] [243/459] ACTC
[15:51:08] [244/459] PLTD
[15:51:09] [245/459] SKMK
[15:51:11] [246/459] CMTT
[15:51:12] [247/459] SMXP
[15:51:12] [248/459] SCMX
[15:51:13] [249/459] ACXN
[15:51:14] [250/459] ASWT
[15:51:15] [251/459] VVVL
[15:51:16] 🔄 Identity reset
[15:51:16] 🔄 Identity rotated (every 10 requests)
[15:51:16] [252/459] NAGO
[15:51:17] [253/459] SNCN
[15:51:18] [254/459] MCKP
[15:51:19] [255/459] SAMO
[15:51:20] [256/459] JBTV
[15:51:21] [257/459] DCVV
[15:51:21] [258/459] KMSV
[15:51:22] [259/459] KDCN
[15:51:23] [260/459] CNCP
[15:51:24] [261/459] HAMC
[15:51:24] 🔄 Identity reset
[15:51:24] 🔄 Identity rotated (every 10 requests)
[15:51:25] [262/459] CCVZ
[15:51:26] [263/459] NCCK
[15:51:27] [264/459] MCHR
[15:51:28] [265/459] SCHT
[15:51:29] [266/459] ESSH
[15:51:30] [267/459] CUJC
[15:51:31] [268/459] PECP
[15:51:32] [269/459] PMMI
[15:51:33] [270/459] PCCH
[15:51:34] [271/459] PRPM
[15:51:34] 🔄 Identity reset
[15:51:34] 🔄 Identity rotated (every 10 requests)
[15:51:34] 🔄 Retry 1/5 for PRPM in 2.0s
[15:51:34] 🔄 Identity reset
[15:51:36] 🧠 New identity created
[15:51:36] 🔄 Retry 2/5 for PRPM in 4.2s
[15:51:36] 🔄 Identity reset
[15:51:40] 🧠 New identity created
[15:51:41] [272/459] PVKL
[15:51:42] [273/459] CBSM
[15:51:42] [274/459] PVCZ
[15:51:44] [275/459] PCVV
[15:51:45] [276/459] CTMJ
[15:51:46] [277/459] RCPS
[15:51:47] [278/459] PCIT
[15:51:48] [279/459] FNCH
[15:51:48] 🔄 Identity reset
[15:51:48] 🔄 Identity rotated (every 10 requests)
[15:51:49] [280/459] INZD
[15:51:50] [281/459] INPC
[15:51:51] [282/459] LCZP
[15:51:51] [283/459] SMCB
[15:51:52] [284/459] PTSB
[15:51:54] [285/459] TPSI
[15:51:55] [286/459] KHMJ
[15:51:56] [287/459] RCCJ
[15:51:57] [288/459] NCJA
[15:51:58] [289/459] NCJN
[15:51:58] 🔄 Identity reset
[15:51:58] 🔄 Identity rotated (every 10 requests)
[15:51:59] [290/459] BTDP
[15:51:59] [291/459] PADY
[15:52:00] [292/459] NYBH
[15:52:01] [293/459] MTBR
[15:52:02] [294/459] KRBC
[15:52:03] [295/459] DKTI
[15:52:04] [296/459] ANAN
[15:52:05] [297/459] INBP
[15:52:06] [298/459] PATB
[15:52:07] [299/459] RGNT
[15:52:08] 🔄 Identity reset
[15:52:08] 🔄 Identity rotated (every 10 requests)
[15:52:08] 🔄 Retry 1/5 for RGNT in 2.2s
[15:52:08] 🔄 Identity reset
[15:52:10] 🧠 New identity created
[15:52:10] [300/459] CGPM
[15:52:11] [301/459] INTN
[15:52:12] [302/459] MCMP
[15:52:14] [303/459] ASRG
[15:52:15] [304/459] CXJD
[15:52:16] [305/459] SPCP
[15:52:17] [306/459] CSTP
[15:52:18] [307/459] PKVC
[15:52:19] [308/459] ESCP
[15:52:20] 🔄 Identity reset
[15:52:20] 🔄 Identity rotated (every 10 requests)
[15:52:20] [309/459] CAEP
[15:52:21] [310/459] CCSP
[15:52:22] [311/459] KTPC
[15:52:23] [312/459] DACA
[15:52:24] [313/459] NVKY
[15:52:25] [314/459] PTIN
[15:52:26] [315/459] SCIN
[15:52:27] [316/459] MCTY
[15:52:27] [317/459] PCMX
[15:52:28] [318/459] INIC
[15:52:29] 🔄 Identity reset
[15:52:29] 🔄 Identity rotated (every 10 requests)
[15:52:29] [319/459] MMZM
[15:52:30] [320/459] SSLP
[15:52:31] [321/459] DTDT
[15:52:32] [322/459] FFCX
[15:52:33] [323/459] RCMM
[15:52:34] [324/459] KYID
[15:52:35] [325/459] CSCI
[15:52:36] [326/459] FCMC
[15:52:38] [327/459] MMXI
[15:52:39] [328/459] ASTC
[15:52:40] 🔄 Identity reset
[15:52:40] 🔄 Identity rotated (every 10 requests)
[15:52:40] 🔄 Retry 1/5 for ASTC in 2.9s
[15:52:40] 🔄 Identity reset
[15:52:43] 🧠 New identity created
[15:52:43] [329/459] CMRA
[15:52:44] [330/459] DICI
[15:52:45] [331/459] KDIN
[15:52:45] [332/459] PRFI
[15:52:46] [333/459] SVFC
[15:52:47] [334/459] UCPL
[15:52:48] [335/459] COOC
[15:52:49] [336/459] SCAL
[15:52:50] [337/459] SVFF
[15:52:50] 🔄 Identity reset
[15:52:50] 🔄 Identity rotated (every 10 requests)
[15:52:51] 🔄 Retry 1/5 for SVFF in 2.0s
[15:52:51] 🔄 Identity reset
[15:52:53] 🧠 New identity created
[15:52:53] [338/459] VCMG
[15:52:54] [339/459] UUCT
[15:52:55] [340/459] GCSE
[15:52:56] [341/459] SUSC
[15:52:57] [342/459] MISC
[15:52:58] [343/459] RMBL
[15:52:58] [344/459] CMXN
[15:52:59] [345/459] PVBK
[15:53:00] [346/459] HHCG
[15:53:01] 🔄 Identity reset
[15:53:01] 🔄 Identity rotated (every 10 requests)
[15:53:01] [347/459] SCAG
[15:53:02] [348/459] CNPR
[15:53:03] [349/459] CSER
[15:53:03] [350/459] HLWD
[15:53:04] [351/459] BOLY
[15:53:05] [352/459] SSPG
[15:53:06] [353/459] MUPX
[15:53:08] [354/459] HAMR
[15:53:09] [355/459] SDNC
[15:53:10] [356/459] RTEN
[15:53:10] 🔄 Identity reset
[15:53:10] 🔄 Identity rotated (every 10 requests)
[15:53:10] [357/459] SDTD
[15:53:11] [358/459] KAWS
[15:53:12] [359/459] CMZX
[15:53:13] [360/459] DCDD
[15:53:14] [361/459] ALSN
[15:53:15] [362/459] IMXS
[15:53:16] [363/459] PVFF
[15:53:17] [364/459] PVOO
[15:53:18] [365/459] CFBS
[15:53:19] [366/459] PVER
[15:53:19] 🔄 Identity reset
[15:53:19] 🔄 Identity rotated (every 10 requests)
[15:53:20] [367/459] PPNX
[15:53:21] [368/459] CNRM
[15:53:21] [369/459] PVWW
[15:53:22] [370/459] INMB
[15:53:23] [371/459] CPJR
[15:53:24] [372/459] INRZ
[15:53:25] [373/459] PMSR
[15:53:26] [374/459] GPGM
[15:53:27] [375/459] PGWB
[15:53:28] [376/459] PMBR
[15:53:28] 🔄 Identity reset
[15:53:28] 🔄 Identity rotated (every 10 requests)
[15:53:28] 🔄 Retry 1/5 for PMBR in 2.5s
[15:53:28] 🔄 Identity reset
[15:53:31] 🧠 New identity created
[15:53:31] [377/459] GPAM
[15:53:32] [378/459] INBC
[15:53:33] [379/459] PZVK
[15:53:34] [380/459] CPEB
[15:53:34] [381/459] FMLB
[15:53:35] [382/459] INBG
[15:53:36] [383/459] GPBR
[15:53:37] [384/459] PAAS
[15:53:38] [385/459] VTBR
[15:53:38] 🔄 Identity reset
[15:53:38] 🔄 Identity rotated (every 10 requests)
[15:53:39] 🔄 Retry 1/5 for VTBR in 2.9s
[15:53:39] 🔄 Identity reset
[15:53:41] 🧠 New identity created
[15:53:42] [386/459] GPMY
[15:53:43] [387/459] GYBU
[15:53:43] [388/459] INBJ
[15:53:44] [389/459] LKTH
[15:53:46] [390/459] NSBR
[15:53:47] [391/459] PDRD
[15:53:48] [392/459] VRBL
[15:53:49] [393/459] VTGB
[15:53:50] [394/459] VTSK
[15:53:50] 🔄 Identity reset
[15:53:50] 🔄 Identity rotated (every 10 requests)
[15:53:51] [395/459] BKDV
[15:53:52] [396/459] SVTB
[15:53:53] [397/459] MLDT
[15:53:54] [398/459] NRBL
[15:53:55] [399/459] SLTR
[15:53:56] [400/459] VNKA
[15:53:57] [401/459] TDCA
[15:53:57] [402/459] INBM
[15:53:58] [403/459] SSNR
[15:54:00] [404/459] BHAC
[15:54:01] 🔄 Identity reset
[15:54:01] 🔄 Identity rotated (every 10 requests)
[15:54:01] [405/459] SDSD
[15:54:02] [406/459] SAMP
[15:54:03] [407/459] RATK
[15:54:04] [408/459] KCBI
[15:54:04] [409/459] URBL
[15:54:05] [410/459] MKBG
[15:54:06] [411/459] ASTB
[15:54:07] [412/459] VBWT
[15:54:09] [413/459] GPSM
[15:54:10] [414/459] ROON
[15:54:10] 🔄 Identity reset
[15:54:10] 🔄 Identity rotated (every 10 requests)
[15:54:11] [415/459] CHTH
[15:54:11] [416/459] SSPA
[15:54:12] [417/459] ANBL
[15:54:13] [418/459] VTBE
[15:54:15] [419/459] SVKT
[15:54:15] [420/459] SVYK
[15:54:16] [421/459] PTBK
[15:54:17] [422/459] RKTB
[15:54:18] [423/459] BALT
[15:54:19] [424/459] STSV
[15:54:19] 🔄 Identity reset
[15:54:19] 🔄 Identity rotated (every 10 requests)
[15:54:20] [425/459] VCCB
[15:54:21] [426/459] SLTB
[15:54:22] [427/459] SBCR
[15:54:24] [428/459] VDCS
[15:54:25] [429/459] MDKI
[15:54:26] [430/459] SMRN
[15:54:26] [431/459] PTBC
[15:54:27] [432/459] RADI
[15:54:28] [433/459] ADCR
[15:54:29] [434/459] SDCS
[15:54:30] 🔄 Identity reset
[15:54:30] 🔄 Identity rotated (every 10 requests)
[15:54:30] [435/459] SRPJ
[15:54:31] [436/459] ARTS
[15:54:32] [437/459] SRHK
[15:54:33] [438/459] SPAY
[15:54:34] [439/459] GPTB
[15:54:35] [440/459] SNNN
[15:54:36] [441/459] BALJ
[15:54:37] [442/459] TRIG
[15:54:38] [443/459] GTYT
[15:54:39] [444/459] ATGN
[15:54:40] 🔄 Identity reset
[15:54:40] 🔄 Identity rotated (every 10 requests)
[15:54:40] 🔄 Retry 1/5 for ATGN in 2.8s
[15:54:40] 🔄 Identity reset
[15:54:42] 🧠 New identity created
[15:54:43] [445/459] ANTE
[15:54:44] [446/459] BDCG
[15:54:45] [447/459] VECI
[15:54:45] [448/459] SCPR
[15:54:46] [449/459] RTEA
[15:54:47] [450/459] JSAI
[15:54:48] [451/459] VJTP
[15:54:50] [452/459] GNDS
[15:54:51] [453/459] PAXA
[15:54:51] 🔄 Identity reset
[15:54:51] 🔄 Identity rotated (every 10 requests)
[15:54:52] [454/459] CGGM
[15:54:52] [455/459] ACKZ
[15:54:53] [456/459] EMCC
[15:54:54] [457/459] KLSK
[15:54:55] [458/459] AVCK
[15:54:56] [459/459] JTCK
[15:54:57] ✅ DONE | Shows=3516 | Movies=66
