[15:48:20] 🚀 BMS DAILY TRACKER STARTED (enhanced anti‑detection)
[15:48:20] [1/458] MBDC
[15:48:21] 🧠 New identity created
[15:48:21] 🔄 Retry 1/5 for MBDC in 2.0s
[15:48:21] 🔄 Identity reset
[15:48:23] 🧠 New identity created
[15:48:23] [2/458] CHKM
[15:48:24] [3/458] JTKZ
[15:48:25] [4/458] CMCT
[15:48:26] [5/458] ASHO
[15:48:27] [6/458] ECDG
[15:48:28] [7/458] SPAT
[15:48:29] [8/458] HILC
[15:48:30] [9/458] SPPH
[15:48:31] 🔄 Identity reset
[15:48:31] 🔄 Identity rotated (every 10 requests)
[15:48:31] 🔄 Retry 1/5 for SPPH in 2.9s
[15:48:31] 🔄 Identity reset
[15:48:34] 🧠 New identity created
[15:48:34] 🔄 Retry 2/5 for SPPH in 4.2s
[15:48:34] 🔄 Identity reset
[15:48:38] 🧠 New identity created
[15:48:38] [10/458] SBHN
[15:48:39] [11/458] RRCA
[15:48:40] [12/458] APAA
[15:48:41] [13/458] RAME
[15:48:42] [14/458] TMMS
[15:48:43] [15/458] BATK
[15:48:44] [16/458] LKOP
[15:48:45] [17/458] AMTT
[15:48:46] 🔄 Identity reset
[15:48:46] 🔄 Identity rotated (every 10 requests)
[15:48:47] [18/458] PTGK
[15:48:47] [19/458] ANRS
[15:48:48] [20/458] VWBW
[15:48:49] [21/458] SVFG
[15:48:50] [22/458] STAT
[15:48:51] [23/458] GDCV
[15:48:52] [24/458] VEBI
[15:48:53] [25/458] VDSS
[15:48:54] [26/458] NTHV
[15:48:55] [27/458] AOCH
[15:48:56] 🔄 Identity reset
[15:48:56] 🔄 Identity rotated (every 10 requests)
[15:48:56] 🔄 Retry 1/5 for AOCH in 2.2s
[15:48:56] 🔄 Identity reset
[15:48:58] 🧠 New identity created
[15:48:58] 🔄 Retry 2/5 for AOCH in 4.9s
[15:48:58] 🔄 Identity reset
[15:49:03] 🧠 New identity created
[15:49:03] [28/458] KASR
[15:49:04] [29/458] AYCS
[15:49:05] [30/458] SHAI
[15:49:06] [31/458] SKPE
[15:49:07] [32/458] SBTA
[15:49:08] [33/458] RTTD
[15:49:08] [34/458] CCJD
[15:49:09] [35/458] RSJJ
[15:49:10] 🔄 Identity reset
[15:49:10] 🔄 Identity rotated (every 10 requests)
[15:49:10] 🔄 Retry 1/5 for RSJJ in 2.8s
[15:49:10] 🔄 Identity reset
[15:49:13] 🧠 New identity created
[15:49:13] [36/458] RKND
[15:49:14] [37/458] SVTX
[15:49:15] [38/458] BAKM
[15:49:16] [39/458] SVDC
[15:49:17] [40/458] MNCV
[15:49:18] [41/458] SJGC
[15:49:19] [42/458] MTPK
[15:49:20] [43/458] GATP
[15:49:22] [44/458] ABTS
[15:49:22] 🔄 Identity reset
[15:49:22] 🔄 Identity rotated (every 10 requests)
[15:49:22] 🔄 Retry 1/5 for ABTS in 2.4s
[15:49:22] 🔄 Identity reset
[15:49:25] 🧠 New identity created
[15:49:25] 🔄 Retry 2/5 for ABTS in 4.0s
[15:49:25] 🔄 Identity reset
[15:49:29] 🧠 New identity created
[15:49:29] [45/458] ABDE
[15:49:30] [46/458] RCNM
[15:49:32] [47/458] KTHV
[15:49:33] [48/458] MDGJ
[15:49:34] [49/458] SMLM
[15:49:35] [50/458] JTMA
[15:49:36] [51/458] ACKP
[15:49:36] [52/458] SRTA
[15:49:37] 🔄 Identity reset
[15:49:37] 🔄 Identity rotated (every 10 requests)
[15:49:38] [53/458] STAY
[15:49:38] [54/458] MAVO
[15:49:40] [55/458] APTS
[15:49:41] [56/458] OMEA
[15:49:42] [57/458] TTFD
[15:49:43] [58/458] MJCU
[15:49:44] [59/458] CXTE
[15:49:45] [60/458] CTPX
[15:49:46] [61/458] ASSL
[15:49:47] [62/458] CMVB
[15:49:48] 🔄 Identity reset
[15:49:48] 🔄 Identity rotated (every 10 requests)
[15:49:48] 🔄 Retry 1/5 for CMVB in 2.6s
[15:49:48] 🔄 Identity reset
[15:49:51] 🧠 New identity created
[15:49:51] [63/458] VPUR
[15:49:52] [64/458] JJDA
[15:49:53] [65/458] INBL
[15:49:55] [66/458] BIKB
[15:49:56] [67/458] NTBB
[15:49:57] [68/458] GLOB
[15:49:58] [69/458] SNTB
[15:49:59] [70/458] CHGV
[15:50:00] [71/458] SSBZ
[15:50:00] 🔄 Identity reset
[15:50:00] 🔄 Identity rotated (every 10 requests)
[15:50:01] [72/458] PRDB
[15:50:01] [73/458] ISMT
[15:50:02] [74/458] MCSD
[15:50:03] [75/458] JBTT
[15:50:04] [76/458] GEKR
[15:50:05] [77/458] PVUN
[15:50:06] [78/458] NRTB
[15:50:07] [79/458] PRAA
[15:50:08] [80/458] PCBL
[15:50:09] [81/458] PTCM
[15:50:10] 🔄 Identity reset
[15:50:10] 🔄 Identity rotated (every 10 requests)
[15:50:10] 🔄 Retry 1/5 for PTCM in 2.8s
[15:50:10] 🔄 Identity reset
[15:50:13] 🧠 New identity created
[15:50:13] [82/458] KHNN
[15:50:14] [83/458] OMJE
[15:50:16] [84/458] STGN
[15:50:16] [85/458] RPMS
[15:50:17] [86/458] NWAD
[15:50:18] [87/458] BLCK
[15:50:20] [88/458] SVAA
[15:50:21] [89/458] URVM
[15:50:22] [90/458] ANTM
[15:50:22] 🔄 Identity reset
[15:50:22] 🔄 Identity rotated (every 10 requests)
[15:50:23] [91/458] VJYM
[15:50:24] [92/458] MAZZ
[15:50:24] [93/458] CSHM
[15:50:26] [94/458] WGMH
[15:50:27] [95/458] SALN
[15:50:28] [96/458] BRTP
[15:50:29] [97/458] SVTA
[15:50:30] [98/458] SBTP
[15:50:31] [99/458] VLSS
[15:50:32] [100/458] SRJA
[15:50:33] 🔄 Identity reset
[15:50:33] 🔄 Identity rotated (every 10 requests)
[15:50:33] [101/458] ANCG
[15:50:34] [102/458] CGGC
[15:50:35] [103/458] CRJA
[15:50:36] [104/458] USCR
[15:50:37] [105/458] MMEF
[15:50:38] [106/458] JCRJ
[15:50:39] [107/458] ADCM
[15:50:40] [108/458] BMYK
[15:50:41] [109/458] KICS
[15:50:42] [110/458] MBBT
[15:50:43] 🔄 Identity reset
[15:50:43] 🔄 Identity rotated (every 10 requests)
[15:50:43] [111/458] MACK
[15:50:44] [112/458] CLDR
[15:50:45] [113/458] JYCR
[15:50:46] [114/458] DCRP
[15:50:47] [115/458] RAHT
[15:50:47] [116/458] CSSM
[15:50:48] [117/458] ATPK
[15:50:49] [118/458] KLRT
[15:50:50] [119/458] SRDD
[15:50:51] [120/458] CKMC
[15:50:51] 🔄 Identity reset
[15:50:51] 🔄 Identity rotated (every 10 requests)
[15:50:52] [121/458] KRVM
[15:50:53] [122/458] AKCP
[15:50:54] [123/458] CNCV
[15:50:55] [124/458] PACT
[15:50:56] [125/458] NATP
[15:50:57] [126/458] PCPK
[15:50:58] [127/458] SMHO
[15:50:58] [128/458] CWTK
[15:50:59] [129/458] RVKZ
[15:51:00] [130/458] ASPD
[15:51:01] 🔄 Identity reset
[15:51:01] 🔄 Identity rotated (every 10 requests)
[15:51:01] [131/458] VTKZ
[15:51:02] [132/458] LCSO
[15:51:03] [133/458] PRDY
[15:51:04] [134/458] RCAP
[15:51:05] [135/458] RGAR
[15:51:06] [136/458] RCAC
[15:51:07] [137/458] PMOD
[15:51:08] [138/458] PVCN
[15:51:09] [139/458] SCRZ
[15:51:10] [140/458] PVPC
[15:51:10] 🔄 Identity reset
[15:51:10] 🔄 Identity rotated (every 10 requests)
[15:51:11] [141/458] STID
[15:51:13] [142/458] NEDD
[15:51:14] [143/458] BNBA
[15:51:15] [144/458] NTCD
[15:51:16] [145/458] OCDE
[15:51:17] [146/458] CCDU
[15:51:18] [147/458] CRXH
[15:51:19] [148/458] VLVT
[15:51:20] [149/458] CICI
[15:51:21] [150/458] SUCB
[15:51:21] 🔄 Identity reset
[15:51:21] 🔄 Identity rotated (every 10 requests)
[15:51:21] 🔄 Retry 1/5 for SUCB in 2.9s
[15:51:21] 🔄 Identity reset
[15:51:24] 🧠 New identity created
[15:51:25] [151/458] TCBP
[15:51:26] [152/458] SCCY
[15:51:27] [153/458] LXCY
[15:51:28] [154/458] NCMD
[15:51:29] [155/458] PHCS
[15:51:30] [156/458] DUXR
[15:51:31] [157/458] VNKS
[15:51:32] [158/458] SEDP
[15:51:33] [159/458] SVEN
[15:51:34] 🔄 Identity reset
[15:51:34] 🔄 Identity rotated (every 10 requests)
[15:51:34] 🔄 Retry 1/5 for SVEN in 2.6s
[15:51:34] 🔄 Identity reset
[15:51:37] 🧠 New identity created
[15:51:37] [160/458] SRKM
[15:51:38] [161/458] JTLT
[15:51:39] [162/458] SVSS
[15:51:40] [163/458] AMDE
[15:51:41] [164/458] WVRN
[15:51:42] [165/458] ISMG
[15:51:43] [166/458] WVKS
[15:51:45] [167/458] USCG
[15:51:46] [168/458] IOTG
[15:51:47] 🔄 Identity reset
[15:51:47] 🔄 Identity rotated (every 10 requests)
[15:51:47] [169/458] RRJM
[15:51:48] [170/458] EDMP
[15:51:49] [171/458] SCGZ
[15:51:50] [172/458] GMGX
[15:51:51] [173/458] OMTP
[15:51:52] [174/458] MITD
[15:51:53] [175/458] SMMD
[15:51:54] [176/458] STML
[15:51:55] [177/458] MCFS
[15:51:56] [178/458] FPKA
[15:51:57] 🔄 Identity reset
[15:51:57] 🔄 Identity rotated (every 10 requests)
[15:51:57] [179/458] OMLR
[15:51:58] [180/458] KKSC
[15:52:00] [181/458] RVMA
[15:52:01] [182/458] SCLL
[15:52:02] [183/458] SCDK
[15:52:03] [184/458] SXMI
[15:52:03] [185/458] SHDN
[15:52:04] [186/458] PAAD
[15:52:05] [187/458] UUCB
[15:52:06] [188/458] JHOL
[15:52:07] 🔄 Identity reset
[15:52:07] 🔄 Identity rotated (every 10 requests)
[15:52:07] [189/458] SGWT
[15:52:08] [190/458] SRII
[15:52:09] [191/458] SGCK
[15:52:10] [192/458] SVVB
[15:52:11] [193/458] DMHA
[15:52:12] [194/458] PPNL
[15:52:13] [195/458] CPNL
[15:52:14] [196/458] WVLD
[15:52:15] [197/458] PSLV
[15:52:17] [198/458] VTTL
[15:52:17] 🔄 Identity reset
[15:52:17] 🔄 Identity rotated (every 10 requests)
[15:52:18] [199/458] NPAD
[15:52:19] [200/458] PVCS
[15:52:20] [201/458] MCHL
[15:52:21] [202/458] PPLL
[15:52:22] [203/458] MALO
[15:52:23] [204/458] SWBH
[15:52:25] [205/458] PUGB
[15:52:26] [206/458] INBB
[15:52:27] [207/458] INNS
[15:52:28] [208/458] MCPT
[15:52:28] 🔄 Identity reset
[15:52:28] 🔄 Identity rotated (every 10 requests)
[15:52:29] [209/458] SCMI
[15:52:30] [210/458] OCON
[15:52:31] [211/458] SCSM
[15:52:32] [212/458] RJVN
[15:52:33] [213/458] AMDK
[15:52:34] [214/458] ISMR
[15:52:35] [215/458] SMTD
[15:52:37] [216/458] VTDD
[15:52:38] [217/458] PDDZ
[15:52:39] [218/458] PCCK
[15:52:39] 🔄 Identity reset
[15:52:39] 🔄 Identity rotated (every 10 requests)
[15:52:40] [219/458] INAM
[15:52:41] [220/458] FNKT
[15:52:42] [221/458] GDKA
[15:52:43] [222/458] MAYU
[15:52:43] [223/458] TCGU
[15:52:44] [224/458] KDCA
[15:52:45] [225/458] DOMY
[15:52:46] [226/458] PDDD
[15:52:47] [227/458] BJTS
[15:52:48] [228/458] VTCA
[15:52:49] 🔄 Identity reset
[15:52:49] 🔄 Identity rotated (every 10 requests)
[15:52:49] 🔄 Retry 1/5 for VTCA in 2.9s
[15:52:49] 🔄 Identity reset
[15:52:52] 🧠 New identity created
[15:52:52] [229/458] SBTM
[15:52:53] [230/458] SEET
[15:52:54] [231/458] SSTJ
[15:52:55] [232/458] SVNT
[15:52:56] [233/458] PPPR
[15:52:57] [234/458] PVYS
[15:52:58] [235/458] IOSE
[15:52:59] [236/458] ACTV
[15:53:00] [237/458] APVE
[15:53:00] 🔄 Identity reset
[15:53:00] 🔄 Identity rotated (every 10 requests)
[15:53:00] 🔄 Retry 1/5 for APVE in 2.9s
[15:53:00] 🔄 Identity reset
[15:53:03] 🧠 New identity created
[15:53:04] [238/458] TCCL
[15:53:05] [239/458] SCMO
[15:53:06] [240/458] SAUM
[15:53:07] [241/458] KCJS
[15:53:08] [242/458] NJCJ
[15:53:09] [243/458] NECF
[15:53:10] [244/458] CCGW
[15:53:11] [245/458] CCMG
[15:53:12] [246/458] NYRG
[15:53:13] 🔄 Identity reset
[15:53:13] 🔄 Identity rotated (every 10 requests)
[15:53:13] 🔄 Retry 1/5 for NYRG in 2.2s
[15:53:13] 🔄 Identity reset
[15:53:15] 🧠 New identity created
[15:53:15] [247/458] NCSQ
[15:53:16] [248/458] GRCG
[15:53:17] [249/458] CCBT
[15:53:18] [250/458] ACGA
[15:53:19] [251/458] INAG
[15:53:20] [252/458] FUCG
[15:53:21] [253/458] AICF
[15:53:22] [254/458] GRGA
[15:53:23] [255/458] GDCN
[15:53:23] 🔄 Identity reset
[15:53:23] 🔄 Identity rotated (every 10 requests)
[15:53:24] [256/458] RRCG
[15:53:25] [257/458] SDCH
[15:53:26] [258/458] WVJM
[15:53:27] [259/458] JCCZ
[15:53:28] [260/458] CNCL
[15:53:28] [261/458] TMLV
[15:53:30] [262/458] MEMB
[15:53:30] [263/458] SGTD
[15:53:32] [264/458] CONX
[15:53:32] [265/458] CCMH
[15:53:33] 🔄 Identity reset
[15:53:33] 🔄 Identity rotated (every 10 requests)
[15:53:33] [266/458] ACMC
[15:53:34] [267/458] DTPD
[15:53:35] [268/458] POJA
[15:53:36] [269/458] FNBH
[15:53:37] [270/458] CGCB
[15:53:38] [271/458] RACN
[15:53:39] [272/458] JTSM
[15:53:40] [273/458] SCDN
[15:53:41] [274/458] AACK
[15:53:42] [275/458] RMCE
[15:53:43] 🔄 Identity reset
[15:53:43] 🔄 Identity rotated (every 10 requests)
[15:53:44] [276/458] BSGB
[15:53:45] [277/458] MRCB
[15:53:46] [278/458] SRVR
[15:53:47] [279/458] VTKK
[15:53:48] [280/458] AMST
[15:53:49] [281/458] APCY
[15:53:50] [282/458] LMHO
[15:53:50] [283/458] MTZH
[15:53:51] [284/458] AMZB
[15:53:52] [285/458] SUVT
[15:53:53] 🔄 Identity reset
[15:53:53] 🔄 Identity rotated (every 10 requests)
[15:53:53] 🔄 Retry 1/5 for SUVT in 3.0s
[15:53:53] 🔄 Identity reset
[15:53:56] 🧠 New identity created
[15:53:56] [286/458] RCIP
[15:53:57] [287/458] KESR
[15:53:58] [288/458] SNKC
[15:53:59] [289/458] SCED
[15:54:00] [290/458] DVCA
[15:54:01] [291/458] VCDT
[15:54:02] [292/458] RRDI
[15:54:03] [293/458] DFCH
[15:54:04] [294/458] INSC
[15:54:05] 🔄 Identity reset
[15:54:05] 🔄 Identity rotated (every 10 requests)
[15:54:05] 🔄 Retry 1/5 for INSC in 2.3s
[15:54:05] 🔄 Identity reset
[15:54:07] 🧠 New identity created
[15:54:08] [295/458] RGTR
[15:54:09] [296/458] FMOT
[15:54:10] [297/458] SCPM
[15:54:11] [298/458] GCDT
[15:54:11] [299/458] BRKT
[15:54:12] [300/458] DEMP
[15:54:13] [301/458] SRLC
[15:54:14] [302/458] KSTT
[15:54:15] [303/458] SMMT
[15:54:16] 🔄 Identity reset
[15:54:16] 🔄 Identity rotated (every 10 requests)
[15:54:16] 🔄 Retry 1/5 for SMMT in 2.5s
[15:54:16] 🔄 Identity reset
[15:54:18] 🧠 New identity created
[15:54:19] [304/458] SILM
[15:54:20] [305/458] JCVM
[15:54:21] [306/458] KCSV
[15:54:22] [307/458] MHLK
[15:54:23] [308/458] SLVL
[15:54:23] [309/458] RJKP
[15:54:24] [310/458] BBPC
[15:54:25] [311/458] MXCB
[15:54:26] [312/458] TCPK
[15:54:27] 🔄 Identity reset
[15:54:27] 🔄 Identity rotated (every 10 requests)
[15:54:27] 🔄 Retry 1/5 for TCPK in 2.3s
[15:54:27] 🔄 Identity reset
[15:54:29] 🧠 New identity created
[15:54:30] [313/458] RTBR
[15:54:31] [314/458] GAUT
[15:54:32] [315/458] DVCF
[15:54:33] [316/458] JTSB
[15:54:34] [317/458] SBLS
[15:54:35] [318/458] UDAY
[15:54:36] [319/458] PTNP
[15:54:37] [320/458] DMKT
[15:54:38] [321/458] NTDT
[15:54:39] 🔄 Identity reset
[15:54:39] 🔄 Identity rotated (every 10 requests)
[15:54:39] 🔄 Retry 1/5 for NTDT in 2.2s
[15:54:39] 🔄 Identity reset
[15:54:41] 🧠 New identity created
[15:54:42] [322/458] SHDJ
[15:54:43] [323/458] OTNC
[15:54:44] [324/458] RNTW
[15:54:45] [325/458] GCMI
[15:54:45] [326/458] CRCM
[15:54:46] [327/458] NNCZ
[15:54:48] [328/458] OEMO
[15:54:49] [329/458] PVJM
[15:54:50] [330/458] CPJI
[15:54:50] 🔄 Identity reset
[15:54:50] 🔄 Identity rotated (every 10 requests)
[15:54:51] [331/458] RMCJ
[15:54:53] [332/458] CNWJ
[15:54:53] [333/458] EPJM
[15:54:55] [334/458] FNJJ
[15:54:56] [335/458] GCMJ
[15:54:57] [336/458] INPS
[15:54:58] [337/458] BICJ
[15:54:59] [338/458] ISTJ
[15:55:00] [339/458] INJC
[15:55:01] [340/458] GLXJ
[15:55:02] 🔄 Identity reset
[15:55:02] 🔄 Identity rotated (every 10 requests)
[15:55:02] [341/458] INEM
[15:55:03] [342/458] JTMN
[15:55:04] [343/458] FRCJ
[15:55:05] [344/458] DDJP
[15:55:06] [345/458] INJV
[15:55:07] [346/458] GOLC
[15:55:08] [347/458] KOCI
[15:55:09] [348/458] FSTD
[15:55:09] [349/458] PACJ
[15:55:10] [350/458] GMCN
[15:55:11] 🔄 Identity reset
[15:55:11] 🔄 Identity rotated (every 10 requests)
[15:55:11] 🔄 Retry 1/5 for GMCN in 2.1s
[15:55:11] 🔄 Identity reset
[15:55:13] 🧠 New identity created
[15:55:14] [351/458] MMDJ
[15:55:15] [352/458] GODH
[15:55:15] [353/458] SKYN
[15:55:16] [354/458] NCTH
[15:55:17] [355/458] SKVZ
[15:55:18] [356/458] SVML
[15:55:19] [357/458] ACVZ
[15:55:20] [358/458] SURA
[15:55:21] [359/458] RTRB
[15:55:21] 🔄 Identity reset
[15:55:22] 🔄 Identity rotated (every 10 requests)
[15:55:22] [360/458] LLCT
[15:55:23] [361/458] ATTS
[15:55:24] [362/458] JYCM
[15:55:25] [363/458] CTKR
[15:55:26] [364/458] LCKR
[15:55:26] [365/458] NYCV
[15:55:27] [366/458] NYOH
[15:55:28] [367/458] NOVX
[15:55:29] [368/458] MRGK
[15:55:31] [369/458] MOON
[15:55:31] 🔄 Identity reset
[15:55:31] 🔄 Identity rotated (every 10 requests)
[15:55:32] [370/458] SBUC
[15:55:33] [371/458] GSVA
[15:55:34] [372/458] VIAK
[15:55:35] [373/458] SMVZ
[15:55:37] [374/458] MATE
[15:55:38] [375/458] RDCN
[15:55:38] [376/458] ASBL
[15:55:39] [377/458] ASVS
[15:55:40] [378/458] ASSR
[15:55:41] [379/458] SSKN
[15:55:42] 🔄 Identity reset
[15:55:42] 🔄 Identity rotated (every 10 requests)
[15:55:42] [380/458] DRPV
[15:55:43] [381/458] MRHT
[15:55:44] [382/458] BSCN
[15:55:45] [383/458] RKNX
[15:55:46] [384/458] MSMC
[15:55:47] [385/458] MSCJ
[15:55:48] [386/458] BTBJ
[15:55:49] [387/458] MJCC
[15:55:50] [388/458] IOMM
[15:55:51] [389/458] ADGR
[15:55:52] 🔄 Identity reset
[15:55:52] 🔄 Identity rotated (every 10 requests)
[15:55:52] [390/458] MYCP
[15:55:53] [391/458] IGCM
[15:55:54] [392/458] PGRK
[15:55:55] [393/458] VPGO
[15:55:56] [394/458] KOMS
[15:55:58] [395/458] URGG
[15:55:59] [396/458] GOST
[15:56:00] [397/458] LACT
[15:56:01] [398/458] BWCM
[15:56:02] [399/458] NCCW
[15:56:02] 🔄 Identity reset
[15:56:02] 🔄 Identity rotated (every 10 requests)
[15:56:02] 🔄 Retry 1/5 for NCCW in 2.1s
[15:56:02] 🔄 Identity reset
[15:56:04] 🧠 New identity created
[15:56:06] [400/458] SKYC
[15:56:07] [401/458] CCPM
[15:56:08] [402/458] VCBT
[15:56:09] [403/458] SDKR
[15:56:09] [404/458] CTYB
[15:56:10] [405/458] SHCX
[15:56:11] [406/458] RCUN
[15:56:12] [407/458] CNRA
[15:56:13] [408/458] RFCA
[15:56:14] 🔄 Identity reset
[15:56:14] 🔄 Identity rotated (every 10 requests)
[15:56:14] [409/458] RDCU
[15:56:15] [410/458] SARK
[15:56:16] [411/458] SPPP
[15:56:17] [412/458] ADMB
[15:56:18] [413/458] JYOE
[15:56:19] [414/458] SRMD
[15:56:20] [415/458] RJDH
[15:56:20] [416/458] SSTD
[15:56:21] [417/458] AACV
[15:56:22] [418/458] PPVD
[15:56:23] 🔄 Identity reset
[15:56:23] 🔄 Identity rotated (every 10 requests)
[15:56:23] [419/458] STCP
[15:56:24] [420/458] ANLS
[15:56:25] [421/458] BIJO
[15:56:26] [422/458] AVAB
[15:56:27] [423/458] SPMD
[15:56:28] [424/458] SVJL
[15:56:29] [425/458] SDDJ
[15:56:30] [426/458] SLTU
[15:56:31] [427/458] SAKA
[15:56:32] [428/458] PMAM
[15:56:33] 🔄 Identity reset
[15:56:33] 🔄 Identity rotated (every 10 requests)
[15:56:33] [429/458] FNAM
[15:56:34] [430/458] ACAM
[15:56:35] [431/458] SCMM
[15:56:36] [432/458] PMAK
[15:56:37] [433/458] NYSA
[15:56:38] [434/458] FCPA
[15:56:39] [435/458] GDAN
[15:56:40] [436/458] RSCA
[15:56:41] [437/458] DMAN
[15:56:42] [438/458] DZCM
[15:56:42] 🔄 Identity reset
[15:56:42] 🔄 Identity rotated (every 10 requests)
[15:56:43] [439/458] NSGL
[15:56:44] [440/458] CCPP
[15:56:45] [441/458] PSMG
[15:56:46] [442/458] GSER
[15:56:47] [443/458] FCCT
[15:56:48] [444/458] FCTB
[15:56:49] [445/458] LCNK
[15:56:50] [446/458] SKTY
[15:56:51] [447/458] INAA
[15:56:52] [448/458] RCWN
[15:56:53] 🔄 Identity reset
[15:56:53] 🔄 Identity rotated (every 10 requests)
[15:56:53] [449/458] VAIS
[15:56:54] [450/458] CVMN
[15:56:55] [451/458] INTS
[15:56:56] [452/458] FRGS
[15:56:57] [453/458] DTCK
[15:56:58] [454/458] MCMH
[15:56:58] [455/458] ECRR
[15:56:59] [456/458] RLLP
[15:57:00] [457/458] CCSN
[15:57:01] [458/458] CCBA
[15:57:02] 🔄 Identity reset
[15:57:02] 🔄 Identity rotated (every 10 requests)
[15:57:02] ✅ DONE | Shows=2722 | Movies=52
