[16:07:55] 🚀 BMS DAILY TRACKER STARTED (enhanced anti‑detection)
[16:07:55] [1/326] BSAT
[16:07:56] 🧠 New identity created
[16:07:56] [2/326] RSSM
[16:07:57] [3/326] GCTA
[16:07:58] [4/326] TOPN
[16:07:59] [5/326] MCUS
[16:07:59] [6/326] SHRL
[16:08:01] [7/326] UPTP
[16:08:01] [8/326] TMMP
[16:08:02] [9/326] DNRP
[16:08:03] [10/326] SRLT
[16:08:04] 🔄 Identity reset
[16:08:04] 🔄 Identity rotated (every 10 requests)
[16:08:04] 🔄 Retry 1/5 for SRLT in 2.1s
[16:08:04] 🔄 Identity reset
[16:08:06] 🧠 New identity created
[16:08:06] [11/326] RCNS
[16:08:07] [12/326] DCBH
[16:08:08] [13/326] NAGJ
[16:08:09] [14/326] JVRC
[16:08:11] [15/326] KRJG
[16:08:12] [16/326] SRTJ
[16:08:13] [17/326] CMXM
[16:08:13] [18/326] STMI
[16:08:14] [19/326] SLST
[16:08:15] 🔄 Identity reset
[16:08:15] 🔄 Identity rotated (every 10 requests)
[16:08:15] 🔄 Retry 1/5 for SLST in 2.8s
[16:08:15] 🔄 Identity reset
[16:08:18] 🧠 New identity created
[16:08:18] [20/326] DTCN
[16:08:19] [21/326] STYN
[16:08:20] [22/326] SZVR
[16:08:21] [23/326] SRKO
[16:08:22] [24/326] JTGT
[16:08:23] [25/326] SVFD
[16:08:24] [26/326] SISD
[16:08:25] [27/326] ABDD
[16:08:26] [28/326] DRCA
[16:08:26] 🔄 Identity reset
[16:08:26] 🔄 Identity rotated (every 10 requests)
[16:08:26] 🔄 Retry 1/5 for DRCA in 2.1s
[16:08:26] 🔄 Identity reset
[16:08:28] 🧠 New identity created
[16:08:29] [29/326] AVCS
[16:08:30] [30/326] MVKH
[16:08:31] [31/326] ACPR
[16:08:32] [32/326] STIP
[16:08:32] [33/326] MTRA
[16:08:33] [34/326] RMKH
[16:08:34] [35/326] NKRL
[16:08:35] [36/326] PCWN
[16:08:36] [37/326] BLMT
[16:08:37] 🔄 Identity reset
[16:08:37] 🔄 Identity rotated (every 10 requests)
[16:08:37] [38/326] GDPG
[16:08:38] [39/326] SRMX
[16:08:39] [40/326] JACP
[16:08:40] [41/326] CPSH
[16:08:40] [42/326] MCCD
[16:08:41] [43/326] ECGH
[16:08:42] [44/326] MKCK
[16:08:43] [45/326] SRMM
[16:08:44] [46/326] SKYR
[16:08:45] [47/326] PCKC
[16:08:45] 🔄 Identity reset
[16:08:45] 🔄 Identity rotated (every 10 requests)
[16:08:45] 🔄 Retry 1/5 for PCKC in 2.3s
[16:08:45] 🔄 Identity reset
[16:08:48] 🧠 New identity created
[16:08:48] [48/326] JCMA
[16:08:49] [49/326] BSMP
[16:08:50] [50/326] VSPA
[16:08:51] [51/326] DJYA
[16:08:52] [52/326] DIMP
[16:08:53] [53/326] FXDR
[16:08:54] [54/326] SSRC
[16:08:55] [55/326] STHP
[16:08:56] [56/326] CPPD
[16:08:57] 🔄 Identity reset
[16:08:57] 🔄 Identity rotated (every 10 requests)
[16:08:57] 🔄 Retry 1/5 for CPPD in 2.4s
[16:08:57] 🔄 Identity reset
[16:08:59] 🧠 New identity created
[16:08:59] [57/326] FCLK
[16:09:00] [58/326] SCPP
[16:09:01] [59/326] DCMJ
[16:09:02] [60/326] RCCR
[16:09:03] [61/326] INMT
[16:09:04] [62/326] LXTK
[16:09:05] [63/326] SRYK
[16:09:06] [64/326] SGDK
[16:09:06] [65/326] PPKA
[16:09:07] 🔄 Identity reset
[16:09:07] 🔄 Identity rotated (every 10 requests)
[16:09:08] [66/326] SPKA
[16:09:09] [67/326] CGHH
[16:09:10] [68/326] DCJN
[16:09:11] [69/326] SRKV
[16:09:13] [70/326] SAJC
[16:09:14] [71/326] SUSR
[16:09:15] [72/326] STYG
[16:09:16] [73/326] NTKP
[16:09:17] [74/326] AKTG
[16:09:17] [75/326] CGCM
[16:09:18] 🔄 Identity reset
[16:09:18] 🔄 Identity rotated (every 10 requests)
[16:09:18] [76/326] TULC
[16:09:19] [77/326] NYYZ
[16:09:20] [78/326] NYBW
[16:09:21] [79/326] MACB
[16:09:22] [80/326] SLVT
[16:09:23] [81/326] SANA
[16:09:23] [82/326] ACMR
[16:09:24] [83/326] CPKN
[16:09:25] [84/326] DLGK
[16:09:26] [85/326] CWCK
[16:09:26] 🔄 Identity reset
[16:09:26] 🔄 Identity rotated (every 10 requests)
[16:09:26] 🔄 Retry 1/5 for CWCK in 2.4s
[16:09:26] 🔄 Identity reset
[16:09:29] 🧠 New identity created
[16:09:29] 🔄 Retry 2/5 for CWCK in 4.9s
[16:09:29] 🔄 Identity reset
[16:09:34] 🧠 New identity created
[16:09:34] [86/326] FDDH
[16:09:35] [87/326] MMMD
[16:09:36] [88/326] CMEH
[16:09:37] [89/326] GGGV
[16:09:38] [90/326] SPJL
[16:09:39] [91/326] RCCD
[16:09:39] [92/326] STTZ
[16:09:41] [93/326] BTCF
[16:09:41] 🔄 Identity reset
[16:09:41] 🔄 Identity rotated (every 10 requests)
[16:09:42] [94/326] TSTZ
[16:09:42] [95/326] IPMM
[16:09:43] [96/326] PMPW
[16:09:45] [97/326] PCMZ
[16:09:46] [98/326] ESEM
[16:09:47] [99/326] PIPO
[16:09:48] [100/326] MATK
[16:09:49] [101/326] PGHM
[16:09:50] [102/326] CTSR
[16:09:51] [103/326] CYKR
[16:09:51] 🔄 Identity reset
[16:09:51] 🔄 Identity rotated (every 10 requests)
[16:09:51] 🔄 Retry 1/5 for CYKR in 2.9s
[16:09:51] 🔄 Identity reset
[16:09:54] 🧠 New identity created
[16:09:55] [104/326] MSCM
[16:09:55] [105/326] RFNP
[16:09:56] [106/326] PDCP
[16:09:58] [107/326] NPSE
[16:09:59] [108/326] MKML
[16:10:00] [109/326] FTDP
[16:10:01] [110/326] MMXA
[16:10:02] [111/326] CEPO
[16:10:02] [112/326] CMVP
[16:10:03] 🔄 Identity reset
[16:10:03] 🔄 Identity rotated (every 10 requests)
[16:10:04] [113/326] SGTH
[16:10:05] [114/326] SAYN
[16:10:05] [115/326] URVS
[16:10:06] [116/326] VJTN
[16:10:07] [117/326] BBYK
[16:10:08] [118/326] SHBO
[16:10:09] [119/326] VCMR
[16:10:10] [120/326] MACT
[16:10:11] [121/326] JMNP
[16:10:11] [122/326] VICS
[16:10:12] 🔄 Identity reset
[16:10:12] 🔄 Identity rotated (every 10 requests)
[16:10:12] [123/326] VCDA
[16:10:13] [124/326] GCMM
[16:10:14] [125/326] INVS
[16:10:15] [126/326] SCGM
[16:10:16] [127/326] PCDA
[16:10:16] [128/326] KDCT
[16:10:17] [129/326] JACS
[16:10:18] [130/326] GMMC
[16:10:20] [131/326] AICM
[16:10:21] [132/326] TJCM
[16:10:21] 🔄 Identity reset
[16:10:21] 🔄 Identity rotated (every 10 requests)
[16:10:22] [133/326] RMTI
[16:10:22] [134/326] SHAC
[16:10:23] [135/326] APJC
[16:10:24] [136/326] GCTG
[16:10:25] [137/326] SSMC
[16:10:26] [138/326] THRM
[16:10:27] [139/326] RBCT
[16:10:28] [140/326] DIKT
[16:10:29] [141/326] MIDL
[16:10:30] [142/326] VCSN
[16:10:30] 🔄 Identity reset
[16:10:30] 🔄 Identity rotated (every 10 requests)
[16:10:31] [143/326] SKTG
[16:10:32] [144/326] SMWC
[16:10:32] [145/326] MNKH
[16:10:33] [146/326] PIAT
[16:10:34] [147/326] LTTP
[16:10:35] [148/326] PTPU
[16:10:36] [149/326] ACMG
[16:10:37] [150/326] SHMM
[16:10:38] [151/326] MCMN
[16:10:39] [152/326] GLDC
[16:10:40] 🔄 Identity reset
[16:10:40] 🔄 Identity rotated (every 10 requests)
[16:10:40] [153/326] HOUT
[16:10:41] [154/326] SVRP
[16:10:42] [155/326] PVDN
[16:10:42] [156/326] SCPY
[16:10:43] [157/326] DTPY
[16:10:44] [158/326] GKCS
[16:10:45] [159/326] NCAM
[16:10:46] [160/326] BSRM
[16:10:47] [161/326] RCLC
[16:10:48] [162/326] SKKD
[16:10:49] 🔄 Identity reset
[16:10:49] 🔄 Identity rotated (every 10 requests)
[16:10:49] [163/326] ACHU
[16:10:50] [164/326] RSCF
[16:10:51] [165/326] IMSH
[16:10:52] [166/326] MACX
[16:10:53] [167/326] HMMW
[16:10:54] [168/326] JTCP
[16:10:55] [169/326] SREN
[16:10:56] [170/326] PJRR
[16:10:57] [171/326] INAC
[16:10:58] [172/326] BMCA
[16:10:58] 🔄 Identity reset
[16:10:58] 🔄 Identity rotated (every 10 requests)
[16:10:59] [173/326] SHCB
[16:10:59] [174/326] GABA
[16:11:00] [175/326] SBCT
[16:11:01] [176/326] GCMA
[16:11:02] [177/326] MYTK
[16:11:03] [178/326] INZS
[16:11:04] [179/326] RMIK
[16:11:04] [180/326] NYCH
[16:11:06] [181/326] RAVE
[16:11:07] [182/326] PSXM
[16:11:07] 🔄 Identity reset
[16:11:07] 🔄 Identity rotated (every 10 requests)
[16:11:08] [183/326] MCGP
[16:11:09] [184/326] PDDK
[16:11:10] [185/326] SPCK
[16:11:10] [186/326] MCRL
[16:11:11] [187/326] MHKT
[16:11:12] [188/326] ANRR
[16:11:13] [189/326] SAPK
[16:11:14] [190/326] NCUK
[16:11:15] [191/326] JUGA
[16:11:16] [192/326] DBSC
[16:11:16] 🔄 Identity reset
[16:11:16] 🔄 Identity rotated (every 10 requests)
[16:11:17] [193/326] LALK
[16:11:18] [194/326] GUCK
[16:11:19] [195/326] STSG
[16:11:19] [196/326] PPPZ
[16:11:20] [197/326] CNCY
[16:11:21] [198/326] MTAR
[16:11:22] [199/326] VNKD
[16:11:23] [200/326] KMAJ
[16:11:24] [201/326] ACXK
[16:11:25] [202/326] UTKC
[16:11:26] 🔄 Identity reset
[16:11:26] 🔄 Identity rotated (every 10 requests)
[16:11:26] [203/326] PBLK
[16:11:27] [204/326] ACBX
[16:11:28] [205/326] PTGM
[16:11:28] [206/326] BTDA
[16:11:29] [207/326] PJMB
[16:11:30] [208/326] TPDA
[16:11:31] [209/326] AMOE
[16:11:33] [210/326] PRHT
[16:11:33] [211/326] PRTA
[16:11:34] [212/326] STAM
[16:11:35] 🔄 Identity reset
[16:11:35] 🔄 Identity rotated (every 10 requests)
[16:11:35] [213/326] MSAA
[16:11:36] [214/326] SDLU
[16:11:37] [215/326] RCHH
[16:11:38] [216/326] KANT
[16:11:39] [217/326] FCRT
[16:11:39] [218/326] DNKM
[16:11:40] [219/326] RYCP
[16:11:41] [220/326] MYRP
[16:11:43] [221/326] PPAK
[16:11:43] [222/326] NVPK
[16:11:44] 🔄 Identity reset
[16:11:44] 🔄 Identity rotated (every 10 requests)
[16:11:44] [223/326] PRMC
[16:11:45] [224/326] JBCS
[16:11:46] [225/326] GXCK
[16:11:47] [226/326] USKO
[16:11:48] [227/326] GTEM
[16:11:49] [228/326] SMBU
[16:11:50] [229/326] VETC
[16:11:51] [230/326] LCDA
[16:11:52] [231/326] MTVT
[16:11:53] [232/326] PYCP
[16:11:53] 🔄 Identity reset
[16:11:53] 🔄 Identity rotated (every 10 requests)
[16:11:54] [233/326] PNSC
[16:11:55] [234/326] PPCC
[16:11:56] [235/326] TGRT
[16:11:57] [236/326] JYOT
[16:11:58] [237/326] SRCZ
[16:11:59] [238/326] SJTE
[16:12:00] [239/326] DESC
[16:12:01] [240/326] JHVN
[16:12:02] [241/326] IPSG
[16:12:02] [242/326] IPCM
[16:12:03] 🔄 Identity reset
[16:12:03] 🔄 Identity rotated (every 10 requests)
[16:12:03] [243/326] PDRS
[16:12:04] [244/326] ANCV
[16:12:05] [245/326] CMVV
[16:12:06] [246/326] SHYP
[16:12:08] [247/326] DNCS
[16:12:08] [248/326] GAJK
[16:12:09] [249/326] AKTN
[16:12:10] [250/326] KAYA
[16:12:11] [251/326] SBRC
[16:12:12] [252/326] CHTP
[16:12:13] 🔄 Identity reset
[16:12:13] 🔄 Identity rotated (every 10 requests)
[16:12:13] 🔄 Retry 1/5 for CHTP in 2.9s
[16:12:13] 🔄 Identity reset
[16:12:16] 🧠 New identity created
[16:12:16] [253/326] SHRT
[16:12:17] [254/326] BCKU
[16:12:18] [255/326] FCPS
[16:12:19] [256/326] ARDD
[16:12:20] [257/326] CPCM
[16:12:21] [258/326] CGSM
[16:12:22] [259/326] PSMP
[16:12:22] [260/326] SDAL
[16:12:23] [261/326] RTNB
[16:12:24] 🔄 Identity reset
[16:12:24] 🔄 Identity rotated (every 10 requests)
[16:12:24] [262/326] LMCR
[16:12:25] [263/326] CIMA
[16:12:26] [264/326] RNAS
[16:12:27] [265/326] LITH
[16:12:28] [266/326] PBOX
[16:12:29] [267/326] FRTS
[16:12:30] [268/326] RKIC
[16:12:31] [269/326] PTAI
[16:12:32] [270/326] GCIC
[16:12:33] [271/326] FNAS
[16:12:33] 🔄 Identity reset
[16:12:33] 🔄 Identity rotated (every 10 requests)
[16:12:33] [272/326] SCAR
[16:12:34] [273/326] MTCA
[16:12:35] [274/326] SCTS
[16:12:36] [275/326] SYCS
[16:12:37] [276/326] RDMS
[16:12:38] [277/326] KAMP
[16:12:39] [278/326] ERSD
[16:12:40] [279/326] MJMJ
[16:12:41] [280/326] SRCJ
[16:12:42] [281/326] SCXE
[16:12:43] 🔄 Identity reset
[16:12:43] 🔄 Identity rotated (every 10 requests)
[16:12:43] [282/326] SVFR
[16:12:44] [283/326] BHCS
[16:12:46] [284/326] IMCC
[16:12:46] [285/326] PCBO
[16:12:47] [286/326] PRVN
[16:12:49] [287/326] AUPM
[16:12:50] [288/326] INBW
[16:12:51] [289/326] SVCW
[16:12:53] [290/326] RKCF
[16:12:54] [291/326] UVBH
[16:12:54] 🔄 Identity reset
[16:12:54] 🔄 Identity rotated (every 10 requests)
[16:12:55] [292/326] DNCY
[16:12:55] [293/326] ABCN
[16:12:56] [294/326] PRUR
[16:12:57] [295/326] PFMR
[16:12:58] [296/326] RKCN
[16:12:59] [297/326] CFEA
[16:13:00] [298/326] SDBG
[16:13:01] [299/326] SNAR
[16:13:02] [300/326] YISI
[16:13:03] [301/326] JCFF
[16:13:03] 🔄 Identity reset
[16:13:03] 🔄 Identity rotated (every 10 requests)
[16:13:04] [302/326] VTRK
[16:13:05] [303/326] PCLZ
[16:13:06] [304/326] DIMY
[16:13:07] [305/326] BBTS
[16:13:08] [306/326] GATH
[16:13:09] [307/326] GTMN
[16:13:10] [308/326] VTMH
[16:13:11] [309/326] CCKP
[16:13:11] [310/326] GPKA
[16:13:12] [311/326] MHCL
[16:13:13] 🔄 Identity reset
[16:13:13] 🔄 Identity rotated (every 10 requests)
[16:13:13] 🔄 Retry 1/5 for MHCL in 2.3s
[16:13:13] 🔄 Identity reset
[16:13:15] 🧠 New identity created
[16:13:16] [312/326] ATCL
[16:13:17] [313/326] SBCK
[16:13:17] [314/326] AMMR
[16:13:18] [315/326] MADC
[16:13:19] [316/326] TMMA
[16:13:20] [317/326] CACC
[16:13:21] [318/326] CHAL
[16:13:22] [319/326] DURG
[16:13:22] [320/326] GMKU
[16:13:23] 🔄 Identity reset
[16:13:23] 🔄 Identity rotated (every 10 requests)
[16:13:23] [321/326] GECA
[16:13:24] [322/326] KYRR
[16:13:25] [323/326] KSDE
[16:13:26] [324/326] LMCI
[16:13:27] [325/326] NKCP
[16:13:28] [326/326] BGTC
[16:13:29] ✅ DONE | Shows=1979 | Movies=56
