[15:45:56] 🚀 BMS DAILY TRACKER STARTED (enhanced anti‑detection)
[15:45:56] [1/455] MXGN
[15:45:57] 🧠 New identity created
[15:45:57] [2/455] PGGM
[15:45:58] [3/455] IPMJ
[15:45:59] [4/455] M2PP
[15:46:00] [5/455] PMMS
[15:46:01] [6/455] SCJN
[15:46:01] [7/455] CPUM
[15:46:02] [8/455] SCND
[15:46:03] [9/455] INWM
[15:46:04] [10/455] DVDC
[15:46:04] 🔄 Identity reset
[15:46:05] 🔄 Identity rotated (every 10 requests)
[15:46:05] [11/455] WVND
[15:46:06] [12/455] LBDL
[15:46:07] [13/455] CRGM
[15:46:08] [14/455] PVKS
[15:46:09] [15/455] PBLL
[15:46:10] [16/455] FNLN
[15:46:11] [17/455] PPDA
[15:46:12] [18/455] SCPT
[15:46:13] [19/455] IAJS
[15:46:13] [20/455] MMZG
[15:46:14] 🔄 Identity reset
[15:46:14] 🔄 Identity rotated (every 10 requests)
[15:46:14] [21/455] MCTI
[15:46:15] [22/455] PPMF
[15:46:16] [23/455] FNSD
[15:46:17] [24/455] M2RH
[15:46:18] [25/455] CPGV
[15:46:19] [26/455] PECD
[15:46:20] [27/455] CTEE
[15:46:20] [28/455] IOMG
[15:46:21] [29/455] CIJA
[15:46:23] [30/455] NYCG
[15:46:23] 🔄 Identity reset
[15:46:23] 🔄 Identity rotated (every 10 requests)
[15:46:23] 🔄 Retry 1/5 for NYCG in 2.8s
[15:46:23] 🔄 Identity reset
[15:46:26] 🧠 New identity created
[15:46:26] [31/455] CEST
[15:46:27] [32/455] WVRG
[15:46:28] [33/455] DPDC
[15:46:30] [34/455] PDIV
[15:46:30] [35/455] MTPP
[15:46:31] [36/455] MHNU
[15:46:32] [37/455] WUPG
[15:46:33] [38/455] USCO
[15:46:34] [39/455] INFR
[15:46:35] 🔄 Identity reset
[15:46:35] 🔄 Identity rotated (every 10 requests)
[15:46:35] 🔄 Retry 1/5 for INFR in 2.0s
[15:46:35] 🔄 Identity reset
[15:46:37] 🧠 New identity created
[15:46:37] [40/455] PVPD
[15:46:38] [41/455] RONC
[15:46:39] [42/455] IOCP
[15:46:40] [43/455] EMPS
[15:46:41] [44/455] PNAD
[15:46:41] [45/455] VVGZ
[15:46:42] [46/455] MDDC
[15:46:43] [47/455] MMAP
[15:46:44] [48/455] GPDC
[15:46:45] 🔄 Identity reset
[15:46:45] 🔄 Identity rotated (every 10 requests)
[15:46:45] [49/455] PVPU
[15:46:46] [50/455] DCMV
[15:46:47] [51/455] PCCF
[15:46:48] [52/455] MCEF
[15:46:49] [53/455] INRD
[15:46:49] [54/455] CCPZ
[15:46:50] [55/455] BCWG
[15:46:51] [56/455] PMGU
[15:46:52] [57/455] MCVM
[15:46:53] [58/455] MCDE
[15:46:54] 🔄 Identity reset
[15:46:54] 🔄 Identity rotated (every 10 requests)
[15:46:54] [59/455] IEFM
[15:46:55] [60/455] MXCS
[15:46:56] [61/455] RNMT
[15:46:57] [62/455] PSDD
[15:46:58] [63/455] PETA
[15:46:59] [64/455] IZOP
[15:47:00] [65/455] PDEI
[15:47:01] [66/455] MTND
[15:47:01] [67/455] PCPL
[15:47:02] [68/455] LSCM
[15:47:03] 🔄 Identity reset
[15:47:03] 🔄 Identity rotated (every 10 requests)
[15:47:03] 🔄 Retry 1/5 for LSCM in 2.3s
[15:47:03] 🔄 Identity reset
[15:47:05] 🧠 New identity created
[15:47:05] [69/455] BTFD
[15:47:06] [70/455] MERM
[15:47:07] [71/455] PVMS
[15:47:08] [72/455] CIGK
[15:47:09] [73/455] INSG
[15:47:10] [74/455] IDEN
[15:47:11] [75/455] MCGN
[15:47:12] [76/455] IGAM
[15:47:13] [77/455] SLCU
[15:47:13] 🔄 Identity reset
[15:47:13] 🔄 Identity rotated (every 10 requests)
[15:47:13] [78/455] MIMU
[15:47:14] [79/455] QLAC
[15:47:15] [80/455] MENL
[15:47:16] [81/455] SCUR
[15:47:16] [82/455] MDGD
[15:47:17] [83/455] LSRS
[15:47:19] [84/455] KMLG
[15:47:19] [85/455] MKLJ
[15:47:20] [86/455] IBYG
[15:47:21] [87/455] ISML
[15:47:22] 🔄 Identity reset
[15:47:22] 🔄 Identity rotated (every 10 requests)
[15:47:22] [88/455] MJMM
[15:47:23] [89/455] RCGD
[15:47:24] [90/455] MMOC
[15:47:25] [91/455] RRCO
[15:47:25] [92/455] MEDM
[15:47:26] [93/455] MCAZ
[15:47:27] [94/455] STWA
[15:47:28] [95/455] PFFG
[15:47:29] [96/455] GAGC
[15:47:30] [97/455] PMPM
[15:47:31] 🔄 Identity reset
[15:47:31] 🔄 Identity rotated (every 10 requests)
[15:47:31] [98/455] HVCD
[15:47:32] [99/455] AKRF
[15:47:33] [100/455] AKRC
[15:47:34] [101/455] MIDA
[15:47:35] [102/455] MAGX
[15:47:36] [103/455] ESOS
[15:47:37] [104/455] BBCL
[15:47:38] [105/455] LYAS
[15:47:39] [106/455] NRMS
[15:47:40] [107/455] BHUC
[15:47:40] 🔄 Identity reset
[15:47:40] 🔄 Identity rotated (every 10 requests)
[15:47:41] [108/455] SRIC
[15:47:42] [109/455] PDME
[15:47:43] [110/455] MJCS
[15:47:44] [111/455] NRAA
[15:47:45] [112/455] VATA
[15:47:46] [113/455] MNKC
[15:47:46] [114/455] DHCL
[15:47:47] [115/455] JCPC
[15:47:48] [116/455] CTML
[15:47:49] [117/455] RMMR
[15:47:49] 🔄 Identity reset
[15:47:49] 🔄 Identity rotated (every 10 requests)
[15:47:50] [118/455] STTL
[15:47:51] [119/455] CNPS
[15:47:52] [120/455] ACKL
[15:47:52] [121/455] SCAU
[15:47:53] [122/455] RMIA
[15:47:54] [123/455] MANU
[15:47:55] [124/455] ARDC
[15:47:56] [125/455] GLDA
[15:47:57] [126/455] KVSW
[15:47:58] [127/455] CGCA
[15:47:58] 🔄 Identity reset
[15:47:58] 🔄 Identity rotated (every 10 requests)
[15:47:59] [128/455] CMLO
[15:48:00] [129/455] CECB
[15:48:01] [130/455] RCPN
[15:48:02] [131/455] ASMW
[15:48:02] [132/455] PWLM
[15:48:03] [133/455] ASGM
[15:48:04] [134/455] ACWH
[15:48:05] [135/455] AAPW
[15:48:06] [136/455] RTWA
[15:48:07] [137/455] RAMW
[15:48:08] 🔄 Identity reset
[15:48:08] 🔄 Identity rotated (every 10 requests)
[15:48:08] [138/455] VKTR
[15:48:09] [139/455] SMBH
[15:48:10] [140/455] BVDR
[15:48:11] [141/455] MRTP
[15:48:12] [142/455] BLBR
[15:48:13] [143/455] LPIN
[15:48:13] [144/455] SNPC
[15:48:14] [145/455] PDCB
[15:48:15] [146/455] DYPK
[15:48:16] [147/455] INMK
[15:48:17] 🔄 Identity reset
[15:48:17] 🔄 Identity rotated (every 10 requests)
[15:48:17] [148/455] PDCK
[15:48:18] [149/455] PCKR
[15:48:19] [150/455] SHUA
[15:48:20] [151/455] SCVK
[15:48:21] [152/455] STPA
[15:48:21] [153/455] WVHD
[15:48:22] [154/455] MRCH
[15:48:23] [155/455] MCNP
[15:48:25] [156/455] RCAG
[15:48:25] [157/455] JTSN
[15:48:26] 🔄 Identity reset
[15:48:26] 🔄 Identity rotated (every 10 requests)
[15:48:26] 🔄 Retry 1/5 for JTSN in 2.5s
[15:48:26] 🔄 Identity reset
[15:48:29] 🧠 New identity created
[15:48:30] [158/455] AANS
[15:48:31] [159/455] GDDR
[15:48:31] [160/455] SRER
[15:48:32] [161/455] JKMA
[15:48:33] [162/455] ARAN
[15:48:34] [163/455] ALCT
[15:48:35] [164/455] CCTA
[15:48:36] [165/455] CNCT
[15:48:37] [166/455] NZBL
[15:48:37] 🔄 Identity reset
[15:48:37] 🔄 Identity rotated (every 10 requests)
[15:48:38] [167/455] SRRA
[15:48:38] [168/455] SVPW
[15:48:39] [169/455] SRTW
[15:48:40] [170/455] XMTD
[15:48:41] [171/455] SCCZ
[15:48:42] [172/455] PBCR
[15:48:42] [173/455] RTSC
[15:48:43] [174/455] TLSV
[15:48:44] [175/455] RMTK
[15:48:45] [176/455] SRAT
[15:48:46] 🔄 Identity reset
[15:48:46] 🔄 Identity rotated (every 10 requests)
[15:48:46] [177/455] GCYC
[15:48:47] [178/455] HCAJ
[15:48:48] [179/455] LCXA
[15:48:49] [180/455] BINT
[15:48:49] [181/455] IXIM
[15:48:51] [182/455] MBCR
[15:48:52] [183/455] BMCJ
[15:48:53] [184/455] NICJ
[15:48:54] [185/455] SCAJ
[15:48:55] [186/455] CMXS
[15:48:56] 🔄 Identity reset
[15:48:56] 🔄 Identity rotated (every 10 requests)
[15:48:56] [187/455] MMSR
[15:48:57] [188/455] PRKT
[15:48:58] [189/455] LPTH
[15:48:59] [190/455] SARP
[15:49:00] [191/455] MNPP
[15:49:01] [192/455] PRLR
[15:49:02] [193/455] RCMW
[15:49:03] [194/455] FCMG
[15:49:04] [195/455] RTNK
[15:49:05] [196/455] LRCP
[15:49:05] 🔄 Identity reset
[15:49:05] 🔄 Identity rotated (every 10 requests)
[15:49:06] [197/455] DBJR
[15:49:07] [198/455] CACN
[15:49:08] [199/455] AMRL
[15:49:10] [200/455] SBBC
[15:49:11] [201/455] VENN
[15:49:12] [202/455] STSS
[15:49:12] [203/455] SMRB
[15:49:13] [204/455] CCMX
[15:49:14] [205/455] KCMR
[15:49:15] [206/455] SALH
[15:49:15] 🔄 Identity reset
[15:49:15] 🔄 Identity rotated (every 10 requests)
[15:49:16] [207/455] CGTT
[15:49:16] [208/455] PMDR
[15:49:17] [209/455] VCPM
[15:49:18] [210/455] RZMX
[15:49:20] [211/455] TMSY
[15:49:20] [212/455] NTMS
[15:49:21] [213/455] VTAG
[15:49:22] [214/455] REMA
[15:49:23] [215/455] NXCC
[15:49:24] [216/455] SKYM
[15:49:24] 🔄 Identity reset
[15:49:24] 🔄 Identity rotated (every 10 requests)
[15:49:25] [217/455] CCMO
[15:49:26] [218/455] DMXM
[15:49:26] [219/455] SPPM
[15:49:27] [220/455] PTKL
[15:49:28] [221/455] SLVO
[15:49:29] [222/455] VASL
[15:49:30] [223/455] CBCM
[15:49:31] [224/455] STMA
[15:49:32] [225/455] LASK
[15:49:33] [226/455] VITE
[15:49:34] 🔄 Identity reset
[15:49:34] 🔄 Identity rotated (every 10 requests)
[15:49:34] [227/455] AAST
[15:49:35] [228/455] JTPT
[15:49:36] [229/455] RRSH
[15:49:37] [230/455] CINL
[15:49:38] [231/455] MCSR
[15:49:39] [232/455] SBCF
[15:49:39] [233/455] GCDU
[15:49:40] [234/455] PSPR
[15:49:41] [235/455] IMMO
[15:49:42] [236/455] CLGM
[15:49:43] 🔄 Identity reset
[15:49:43] 🔄 Identity rotated (every 10 requests)
[15:49:43] [237/455] PBMM
[15:49:44] [238/455] CEHR
[15:49:45] [239/455] CPOE
[15:49:46] [240/455] PGFD
[15:49:47] [241/455] PSLC
[15:49:48] [242/455] MSMD
[15:49:49] [243/455] FMFB
[15:49:50] [244/455] RKCL
[15:49:50] [245/455] PMMC
[15:49:51] [246/455] SKMM
[15:49:52] 🔄 Identity reset
[15:49:52] 🔄 Identity rotated (every 10 requests)
[15:49:52] [247/455] VOIB
[15:49:53] [248/455] KINO
[15:49:54] [249/455] VCTP
[15:49:54] [250/455] PDWR
[15:49:55] [251/455] SAED
[15:49:56] [252/455] SRRT
[15:49:57] [253/455] CVLG
[15:49:58] [254/455] SNGN
[15:49:59] [255/455] SIDA
[15:50:00] [256/455] IMCB
[15:50:00] 🔄 Identity reset
[15:50:00] 🔄 Identity rotated (every 10 requests)
[15:50:01] [257/455] SMHP
[15:50:02] [258/455] GDTY
[15:50:03] [259/455] VYCH
[15:50:03] [260/455] PDYA
[15:50:04] [261/455] RKDO
[15:50:05] [262/455] VECG
[15:50:06] [263/455] NFGD
[15:50:07] [264/455] SNDC
[15:50:08] [265/455] SDJH
[15:50:09] [266/455] HASV
[15:50:09] 🔄 Identity reset
[15:50:09] 🔄 Identity rotated (every 10 requests)
[15:50:10] [267/455] PTYK
[15:50:10] [268/455] MUTB
[15:50:11] [269/455] AMRT
[15:50:12] [270/455] VACD
[15:50:13] [271/455] SKDD
[15:50:14] [272/455] STGR
[15:50:15] [273/455] GDAK
[15:50:16] [274/455] SKHK
[15:50:17] [275/455] SLND
[15:50:18] [276/455] APAP
[15:50:18] 🔄 Identity reset
[15:50:18] 🔄 Identity rotated (every 10 requests)
[15:50:19] [277/455] AYYA
[15:50:20] [278/455] VCCZ
[15:50:20] [279/455] MEML
[15:50:21] [280/455] MAOU
[15:50:22] [281/455] ESND
[15:50:23] [282/455] PTBZ
[15:50:24] [283/455] LBCN
[15:50:25] [284/455] PAWA
[15:50:26] [285/455] ZEIC
[15:50:27] [286/455] CGMM
[15:50:27] 🔄 Identity reset
[15:50:27] 🔄 Identity rotated (every 10 requests)
[15:50:28] [287/455] PJPM
[15:50:29] [288/455] ECMR
[15:50:29] [289/455] SHMZ
[15:50:30] [290/455] STCA
[15:50:31] [291/455] VDRC
[15:50:32] [292/455] SEEM
[15:50:33] [293/455] MKNS
[15:50:33] [294/455] KPPP
[15:50:34] [295/455] CCML
[15:50:35] [296/455] CIBA
[15:50:36] 🔄 Identity reset
[15:50:36] 🔄 Identity rotated (every 10 requests)
[15:50:37] [297/455] NACS
[15:50:38] [298/455] CTMK
[15:50:38] [299/455] CTCT
[15:50:39] [300/455] MCSN
[15:50:40] [301/455] MAXX
[15:50:41] [302/455] MECB
[15:50:41] [303/455] NTBY
[15:50:42] [304/455] UTBI
[15:50:43] [305/455] RADK
[15:50:44] [306/455] STBY
[15:50:45] 🔄 Identity reset
[15:50:45] 🔄 Identity rotated (every 10 requests)
[15:50:46] [307/455] GTBY
[15:50:47] [308/455] RRMB
[15:50:48] [309/455] ABRN
[15:50:49] [310/455] GTSG
[15:50:50] [311/455] GBTG
[15:50:51] [312/455] SBGS
[15:50:52] [313/455] KBPM
[15:50:53] [314/455] SMHT
[15:50:54] [315/455] VTDM
[15:50:54] [316/455] ASCT
[15:50:55] 🔄 Identity reset
[15:50:55] 🔄 Identity rotated (every 10 requests)
[15:50:56] [317/455] AWCT
[15:50:57] [318/455] DCCU
[15:50:57] [319/455] PSCE
[15:50:58] [320/455] KSNY
[15:51:00] [321/455] ACID
[15:51:01] [322/455] LVCD
[15:51:01] [323/455] KSSB
[15:51:02] [324/455] SWTD
[15:51:03] [325/455] RBMR
[15:51:04] [326/455] SCBC
[15:51:05] 🔄 Identity reset
[15:51:05] 🔄 Identity rotated (every 10 requests)
[15:51:05] 🔄 Retry 1/5 for SCBC in 2.4s
[15:51:05] 🔄 Identity reset
[15:51:07] 🧠 New identity created
[15:51:07] [327/455] RKME
[15:51:08] [328/455] GALX
[15:51:09] [329/455] GCCH
[15:51:10] [330/455] RATR
[15:51:11] [331/455] GTGA
[15:51:12] [332/455] LTTR
[15:51:13] [333/455] TTAA
[15:51:13] [334/455] TVHP
[15:51:14] [335/455] KVCS
[15:51:15] 🔄 Identity reset
[15:51:15] 🔄 Identity rotated (every 10 requests)
[15:51:15] [336/455] CBMC
[15:51:16] [337/455] MAYJ
[15:51:17] [338/455] INPR
[15:51:18] [339/455] RSSC
[15:51:19] [340/455] PCAN
[15:51:21] [341/455] PVHR
[15:51:22] [342/455] AGSM
[15:51:23] [343/455] PVES
[15:51:23] [344/455] INTO
[15:51:24] [345/455] ACON
[15:51:25] 🔄 Identity reset
[15:51:25] 🔄 Identity rotated (every 10 requests)
[15:51:25] [346/455] PVPZ
[15:51:26] [347/455] PVHC
[15:51:27] [348/455] KSTK
[15:51:29] [349/455] PVSR
[15:51:30] [350/455] ACTN
[15:51:30] [351/455] FMCN
[15:51:31] [352/455] PABC
[15:51:32] [353/455] SUTC
[15:51:33] [354/455] PGMV
[15:51:34] [355/455] GKCP
[15:51:35] 🔄 Identity reset
[15:51:35] 🔄 Identity rotated (every 10 requests)
[15:51:35] [356/455] INCH
[15:51:36] [357/455] MLMT
[15:51:37] [358/455] SSCC
[15:51:38] [359/455] SLMP
[15:51:38] [360/455] VVTN
[15:51:39] [361/455] SBTR
[15:51:40] [362/455] PGRA
[15:51:41] [363/455] PBRM
[15:51:42] [364/455] GCRP
[15:51:43] [365/455] MCSK
[15:51:44] 🔄 Identity reset
[15:51:44] 🔄 Identity rotated (every 10 requests)
[15:51:44] [366/455] NLTC
[15:51:45] [367/455] MTLM
[15:51:46] [368/455] VECT
[15:51:47] [369/455] KMRM
[15:51:47] [370/455] RACM
[15:51:48] [371/455] WSTC
[15:51:49] [372/455] PVTJ
[15:51:50] [373/455] MMKC
[15:51:51] [374/455] SVWT
[15:51:52] [375/455] JOTG
[15:51:52] 🔄 Identity reset
[15:51:52] 🔄 Identity rotated (every 10 requests)
[15:51:52] [376/455] VCDK
[15:51:53] [377/455] ANAC
[15:51:54] [378/455] GRTC
[15:51:55] [379/455] JTPL
[15:51:56] [380/455] VRCP
[15:51:57] [381/455] REMC
[15:51:58] [382/455] ATMG
[15:51:59] [383/455] GAHC
[15:52:00] [384/455] JTMV
[15:52:00] [385/455] OMTT
[15:52:01] 🔄 Identity reset
[15:52:01] 🔄 Identity rotated (every 10 requests)
[15:52:01] [386/455] GKKC
[15:52:02] [387/455] BBPO
[15:52:03] [388/455] ZCBB
[15:52:05] [389/455] DCGO
[15:52:06] [390/455] STOP
[15:52:07] [391/455] BSPC
[15:52:08] [392/455] SOND
[15:52:09] [393/455] GCKG
[15:52:10] [394/455] PCDB
[15:52:11] [395/455] PGRC
[15:52:11] 🔄 Identity reset
[15:52:11] 🔄 Identity rotated (every 10 requests)
[15:52:12] [396/455] CSCT
[15:52:13] [397/455] STDA
[15:52:14] [398/455] JAYD
[15:52:15] [399/455] PPPD
[15:52:16] [400/455] KRTT
[15:52:17] [401/455] PTDT
[15:52:19] [402/455] TRSV
[15:52:20] [403/455] VELR
[15:52:21] [404/455] STDT
[15:52:21] [405/455] SATT
[15:52:22] 🔄 Identity reset
[15:52:22] 🔄 Identity rotated (every 10 requests)
[15:52:22] [406/455] KCPM
[15:52:23] [407/455] MFCP
[15:52:24] [408/455] AXMP
[15:52:25] [409/455] LTVB
[15:52:26] [410/455] APST
[15:52:26] [411/455] DTVP
[15:52:27] [412/455] AAVB
[15:52:28] [413/455] PMBL
[15:52:29] [414/455] STKC
[15:52:30] [415/455] KKMA
[15:52:31] 🔄 Identity reset
[15:52:31] 🔄 Identity rotated (every 10 requests)
[15:52:31] 🔄 Retry 1/5 for KKMA in 2.8s
[15:52:31] 🔄 Identity reset
[15:52:34] 🧠 New identity created
[15:52:34] [416/455] NMXS
[15:52:35] [417/455] DECX
[15:52:36] [418/455] MAPJ
[15:52:37] [419/455] SMLK
[15:52:38] [420/455] PMPU
[15:52:38] [421/455] AFST
[15:52:39] [422/455] SRSY
[15:52:40] [423/455] RMKT
[15:52:41] [424/455] RAJX
[15:52:42] 🔄 Identity reset
[15:52:42] 🔄 Identity rotated (every 10 requests)
[15:52:42] [425/455] UVCD
[15:52:44] [426/455] LISA
[15:52:45] [427/455] LMSR
[15:52:46] [428/455] PMCA
[15:52:46] [429/455] INPO
[15:52:47] [430/455] INGO
[15:52:48] [431/455] HFSQ
[15:52:49] [432/455] INMG
[15:52:50] [433/455] NYCP
[15:52:51] [434/455] HFSV
[15:52:52] 🔄 Identity reset
[15:52:52] 🔄 Identity rotated (every 10 requests)
[15:52:52] [435/455] MMZP
[15:52:53] [436/455] KSES
[15:52:54] [437/455] HFSA
[15:52:55] [438/455] ACMM
[15:52:56] [439/455] RCKD
[15:52:58] [440/455] BCKR
[15:52:58] [441/455] SFCO
[15:52:59] [442/455] JCCB
[15:53:00] [443/455] BCCR
[15:53:01] [444/455] NWCB
[15:53:02] 🔄 Identity reset
[15:53:02] 🔄 Identity rotated (every 10 requests)
[15:53:02] [445/455] SAMT
[15:53:03] [446/455] TMST
[15:53:04] [447/455] SJCN
[15:53:05] [448/455] MCBS
[15:53:06] [449/455] CMKR
[15:53:07] [450/455] INPM
[15:53:07] [451/455] WVMT
[15:53:08] [452/455] NYSM
[15:53:10] [453/455] RCMA
[15:53:10] [454/455] RECM
[15:53:11] 🔄 Identity reset
[15:53:11] 🔄 Identity rotated (every 10 requests)
[15:53:11] [455/455] CYCM
[15:53:12] ✅ DONE | Shows=3599 | Movies=63
[16:08:51] 🚀 BMS DAILY TRACKER STARTED (enhanced anti‑detection)
[16:08:51] [1/455] MXGN
[16:08:52] 🧠 New identity created
[16:08:52] [2/455] PGGM
[16:08:53] [3/455] IPMJ
[16:08:54] [4/455] M2PP
[16:08:55] [5/455] PMMS
[16:08:56] [6/455] SCJN
[16:08:57] [7/455] CPUM
[16:08:57] [8/455] SCND
[16:08:58] [9/455] INWM
[16:08:59] [10/455] DVDC
[16:09:00] 🔄 Identity reset
[16:09:00] 🔄 Identity rotated (every 10 requests)
[16:09:00] [11/455] WVND
[16:09:01] [12/455] LBDL
[16:09:02] [13/455] CRGM
[16:09:03] [14/455] PVKS
[16:09:04] [15/455] PBLL
[16:09:05] [16/455] FNLN
[16:09:06] [17/455] PPDA
[16:09:07] [18/455] SCPT
[16:09:08] [19/455] IAJS
[16:09:09] [20/455] MMZG
[16:09:09] 🔄 Identity reset
[16:09:09] 🔄 Identity rotated (every 10 requests)
[16:09:10] [21/455] MCTI
[16:09:11] [22/455] PPMF
[16:09:11] [23/455] FNSD
[16:09:12] [24/455] M2RH
[16:09:13] [25/455] CPGV
[16:09:14] [26/455] PECD
[16:09:15] [27/455] CTEE
[16:09:16] [28/455] IOMG
[16:09:17] [29/455] CIJA
[16:09:18] [30/455] NYCG
[16:09:18] 🔄 Identity reset
[16:09:18] 🔄 Identity rotated (every 10 requests)
[16:09:18] 🔄 Retry 1/5 for NYCG in 2.7s
[16:09:18] 🔄 Identity reset
[16:09:21] 🧠 New identity created
[16:09:22] [31/455] CEST
[16:09:22] [32/455] WVRG
[16:09:23] [33/455] DPDC
[16:09:24] [34/455] PDIV
[16:09:25] [35/455] MTPP
[16:09:26] [36/455] MHNU
[16:09:27] [37/455] WUPG
[16:09:28] [38/455] USCO
[16:09:29] [39/455] INFR
[16:09:30] 🔄 Identity reset
[16:09:30] 🔄 Identity rotated (every 10 requests)
[16:09:30] [40/455] PVPD
[16:09:31] [41/455] RONC
[16:09:32] [42/455] IOCP
[16:09:33] [43/455] EMPS
[16:09:34] [44/455] PNAD
[16:09:36] [45/455] VVGZ
[16:09:37] [46/455] MDDC
[16:09:38] [47/455] MMAP
[16:09:38] [48/455] GPDC
[16:09:39] [49/455] PVPU
[16:09:40] 🔄 Identity reset
[16:09:40] 🔄 Identity rotated (every 10 requests)
[16:09:41] [50/455] DCMV
[16:09:42] [51/455] PCCF
[16:09:42] [52/455] MCEF
[16:09:43] [53/455] INRD
[16:09:44] [54/455] CCPZ
[16:09:45] [55/455] BCWG
[16:09:46] [56/455] PMGU
[16:09:47] [57/455] MCVM
[16:09:48] [58/455] MCDE
[16:09:49] [59/455] IEFM
[16:09:49] 🔄 Identity reset
[16:09:49] 🔄 Identity rotated (every 10 requests)
[16:09:50] [60/455] MXCS
[16:09:51] [61/455] RNMT
[16:09:51] [62/455] PSDD
[16:09:52] [63/455] PETA
[16:09:53] [64/455] IZOP
[16:09:55] [65/455] PDEI
[16:09:56] [66/455] MTND
[16:09:56] [67/455] PCPL
[16:09:57] [68/455] LSCM
[16:09:58] [69/455] BTFD
[16:09:59] 🔄 Identity reset
[16:09:59] 🔄 Identity rotated (every 10 requests)
[16:09:59] [70/455] MERM
[16:10:00] [71/455] PVMS
[16:10:01] [72/455] CIGK
[16:10:02] [73/455] INSG
[16:10:02] [74/455] IDEN
[16:10:03] [75/455] MCGN
[16:10:04] [76/455] IGAM
[16:10:05] [77/455] SLCU
[16:10:06] [78/455] MIMU
[16:10:07] [79/455] QLAC
[16:10:07] 🔄 Identity reset
[16:10:07] 🔄 Identity rotated (every 10 requests)
[16:10:08] [80/455] MENL
[16:10:09] [81/455] SCUR
[16:10:10] [82/455] MDGD
[16:10:10] [83/455] LSRS
[16:10:11] [84/455] KMLG
[16:10:12] [85/455] MKLJ
[16:10:13] [86/455] IBYG
[16:10:14] [87/455] ISML
[16:10:15] [88/455] MJMM
[16:10:15] [89/455] RCGD
[16:10:16] 🔄 Identity reset
[16:10:16] 🔄 Identity rotated (every 10 requests)
[16:10:16] [90/455] MMOC
[16:10:17] [91/455] RRCO
[16:10:18] [92/455] MEDM
[16:10:19] [93/455] MCAZ
[16:10:20] [94/455] STWA
[16:10:21] [95/455] PFFG
[16:10:22] [96/455] GAGC
[16:10:23] [97/455] PMPM
[16:10:24] [98/455] HVCD
[16:10:24] [99/455] AKRF
[16:10:25] 🔄 Identity reset
[16:10:25] 🔄 Identity rotated (every 10 requests)
[16:10:25] [100/455] AKRC
[16:10:26] [101/455] MIDA
[16:10:27] [102/455] MAGX
[16:10:28] [103/455] ESOS
[16:10:29] [104/455] BBCL
[16:10:30] [105/455] LYAS
[16:10:30] [106/455] NRMS
[16:10:32] [107/455] BHUC
[16:10:33] [108/455] SRIC
[16:10:34] [109/455] PDME
[16:10:34] 🔄 Identity reset
[16:10:34] 🔄 Identity rotated (every 10 requests)
[16:10:35] [110/455] MJCS
[16:10:36] [111/455] NRAA
[16:10:37] [112/455] VATA
[16:10:38] [113/455] MNKC
[16:10:39] [114/455] DHCL
[16:10:40] [115/455] JCPC
[16:10:41] [116/455] CTML
[16:10:42] [117/455] RMMR
[16:10:43] [118/455] STTL
[16:10:45] [119/455] CNPS
[16:10:45] 🔄 Identity reset
[16:10:45] 🔄 Identity rotated (every 10 requests)
[16:10:45] 🔄 Retry 1/5 for CNPS in 2.1s
[16:10:45] 🔄 Identity reset
[16:10:47] 🧠 New identity created
[16:10:48] [120/455] ACKL
[16:10:48] [121/455] SCAU
[16:10:49] [122/455] RMIA
[16:10:50] [123/455] MANU
[16:10:51] [124/455] ARDC
[16:10:52] [125/455] GLDA
[16:10:53] [126/455] KVSW
[16:10:54] [127/455] CGCA
[16:10:55] [128/455] CMLO
[16:10:55] 🔄 Identity reset
[16:10:55] 🔄 Identity rotated (every 10 requests)
[16:10:56] [129/455] CECB
[16:10:56] [130/455] RCPN
[16:10:57] [131/455] ASMW
[16:10:58] [132/455] PWLM
[16:10:59] [133/455] ASGM
[16:11:00] [134/455] ACWH
[16:11:01] [135/455] AAPW
[16:11:02] [136/455] RTWA
[16:11:02] [137/455] RAMW
[16:11:03] [138/455] VKTR
[16:11:04] 🔄 Identity reset
[16:11:04] 🔄 Identity rotated (every 10 requests)
[16:11:04] [139/455] SMBH
[16:11:05] [140/455] BVDR
[16:11:06] [141/455] MRTP
[16:11:07] [142/455] BLBR
[16:11:08] [143/455] LPIN
[16:11:09] [144/455] SNPC
[16:11:10] [145/455] PDCB
[16:11:11] [146/455] DYPK
[16:11:12] [147/455] INMK
[16:11:12] [148/455] PDCK
[16:11:13] 🔄 Identity reset
[16:11:13] 🔄 Identity rotated (every 10 requests)
[16:11:13] [149/455] PCKR
[16:11:14] [150/455] SHUA
[16:11:16] [151/455] SCVK
[16:11:17] [152/455] STPA
[16:11:18] [153/455] WVHD
[16:11:19] [154/455] MRCH
[16:11:19] [155/455] MCNP
[16:11:20] [156/455] RCAG
[16:11:21] [157/455] JTSN
[16:11:22] [158/455] AANS
[16:11:23] 🔄 Identity reset
[16:11:23] 🔄 Identity rotated (every 10 requests)
[16:11:23] [159/455] GDDR
[16:11:24] [160/455] SRER
[16:11:25] [161/455] JKMA
[16:11:26] [162/455] ARAN
[16:11:27] [163/455] ALCT
[16:11:27] [164/455] CCTA
[16:11:28] [165/455] CNCT
[16:11:29] [166/455] NZBL
[16:11:30] [167/455] SRRA
[16:11:31] [168/455] SVPW
[16:11:32] 🔄 Identity reset
[16:11:32] 🔄 Identity rotated (every 10 requests)
[16:11:32] 🔄 Retry 1/5 for SVPW in 2.5s
[16:11:32] 🔄 Identity reset
[16:11:34] 🧠 New identity created
[16:11:35] [169/455] SRTW
[16:11:36] [170/455] XMTD
[16:11:36] [171/455] SCCZ
[16:11:37] [172/455] PBCR
[16:11:38] [173/455] RTSC
[16:11:39] [174/455] TLSV
[16:11:40] [175/455] RMTK
[16:11:41] [176/455] SRAT
[16:11:42] [177/455] GCYC
[16:11:43] 🔄 Identity reset
[16:11:43] 🔄 Identity rotated (every 10 requests)
[16:11:43] [178/455] HCAJ
[16:11:44] [179/455] LCXA
[16:11:45] [180/455] BINT
[16:11:46] [181/455] IXIM
[16:11:47] [182/455] MBCR
[16:11:48] [183/455] BMCJ
[16:11:49] [184/455] NICJ
[16:11:51] [185/455] SCAJ
[16:11:51] [186/455] CMXS
[16:11:52] [187/455] MMSR
[16:11:53] 🔄 Identity reset
[16:11:53] 🔄 Identity rotated (every 10 requests)
[16:11:53] [188/455] PRKT
[16:11:54] [189/455] LPTH
[16:11:55] [190/455] SARP
[16:11:56] [191/455] MNPP
[16:11:57] [192/455] PRLR
[16:11:58] [193/455] RCMW
[16:11:59] [194/455] FCMG
[16:12:00] [195/455] RTNK
[16:12:01] [196/455] LRCP
[16:12:01] [197/455] DBJR
[16:12:02] 🔄 Identity reset
[16:12:02] 🔄 Identity rotated (every 10 requests)
[16:12:02] [198/455] CACN
[16:12:03] [199/455] AMRL
[16:12:04] [200/455] SBBC
[16:12:05] [201/455] VENN
[16:12:06] [202/455] STSS
[16:12:07] [203/455] SMRB
[16:12:07] [204/455] CCMX
[16:12:09] [205/455] KCMR
[16:12:10] [206/455] SALH
[16:12:10] [207/455] CGTT
[16:12:11] 🔄 Identity reset
[16:12:11] 🔄 Identity rotated (every 10 requests)
[16:12:11] 🔄 Retry 1/5 for CGTT in 2.7s
[16:12:11] 🔄 Identity reset
[16:12:14] 🧠 New identity created
[16:12:14] [208/455] PMDR
[16:12:15] [209/455] VCPM
[16:12:16] [210/455] RZMX
[16:12:17] [211/455] TMSY
[16:12:18] [212/455] NTMS
[16:12:18] [213/455] VTAG
[16:12:19] [214/455] REMA
[16:12:20] [215/455] NXCC
[16:12:21] [216/455] SKYM
[16:12:21] 🔄 Identity reset
[16:12:21] 🔄 Identity rotated (every 10 requests)
[16:12:21] 🔄 Retry 1/5 for SKYM in 2.6s
[16:12:21] 🔄 Identity reset
[16:12:24] 🧠 New identity created
[16:12:24] [217/455] CCMO
[16:12:26] [218/455] DMXM
[16:12:27] [219/455] SPPM
[16:12:28] [220/455] PTKL
[16:12:29] [221/455] SLVO
[16:12:30] [222/455] VASL
[16:12:31] [223/455] CBCM
[16:12:33] [224/455] STMA
[16:12:35] [225/455] LASK
[16:12:35] 🔄 Identity reset
[16:12:35] 🔄 Identity rotated (every 10 requests)
[16:12:36] [226/455] VITE
[16:12:37] [227/455] AAST
[16:12:37] [228/455] JTPT
[16:12:38] [229/455] RRSH
[16:12:39] [230/455] CINL
[16:12:40] [231/455] MCSR
[16:12:41] [232/455] SBCF
[16:12:42] [233/455] GCDU
[16:12:44] [234/455] PSPR
[16:12:45] [235/455] IMMO
[16:12:46] 🔄 Identity reset
[16:12:46] 🔄 Identity rotated (every 10 requests)
[16:12:46] [236/455] CLGM
[16:12:48] [237/455] PBMM
[16:12:48] [238/455] CEHR
[16:12:49] [239/455] CPOE
[16:12:50] [240/455] PGFD
[16:12:51] [241/455] PSLC
[16:12:52] [242/455] MSMD
[16:12:53] [243/455] FMFB
[16:12:54] [244/455] RKCL
[16:12:54] [245/455] PMMC
[16:12:55] 🔄 Identity reset
[16:12:55] 🔄 Identity rotated (every 10 requests)
[16:12:55] [246/455] SKMM
[16:12:56] [247/455] VOIB
[16:12:57] [248/455] KINO
[16:12:58] [249/455] VCTP
[16:12:59] [250/455] PDWR
[16:13:00] [251/455] SAED
[16:13:01] [252/455] SRRT
[16:13:01] [253/455] CVLG
[16:13:02] [254/455] SNGN
[16:13:04] [255/455] SIDA
[16:13:04] 🔄 Identity reset
[16:13:04] 🔄 Identity rotated (every 10 requests)
[16:13:05] [256/455] IMCB
[16:13:06] [257/455] SMHP
[16:13:07] [258/455] GDTY
[16:13:08] [259/455] VYCH
[16:13:09] [260/455] PDYA
[16:13:10] [261/455] RKDO
[16:13:11] [262/455] VECG
[16:13:12] [263/455] NFGD
[16:13:13] [264/455] SNDC
[16:13:14] [265/455] SDJH
[16:13:15] 🔄 Identity reset
[16:13:15] 🔄 Identity rotated (every 10 requests)
[16:13:15] 🔄 Retry 1/5 for SDJH in 2.7s
[16:13:15] 🔄 Identity reset
[16:13:17] 🧠 New identity created
[16:13:18] [266/455] HASV
[16:13:19] [267/455] PTYK
[16:13:20] [268/455] MUTB
[16:13:20] [269/455] AMRT
[16:13:22] [270/455] VACD
[16:13:23] [271/455] SKDD
[16:13:24] [272/455] STGR
[16:13:25] [273/455] GDAK
[16:13:26] [274/455] SKHK
[16:13:26] 🔄 Identity reset
[16:13:26] 🔄 Identity rotated (every 10 requests)
[16:13:27] [275/455] SLND
[16:13:27] [276/455] APAP
[16:13:29] [277/455] AYYA
[16:13:30] [278/455] VCCZ
[16:13:31] [279/455] MEML
[16:13:33] [280/455] MAOU
[16:13:33] [281/455] ESND
[16:13:34] [282/455] PTBZ
[16:13:35] [283/455] LBCN
[16:13:36] [284/455] PAWA
[16:13:37] 🔄 Identity reset
[16:13:37] 🔄 Identity rotated (every 10 requests)
[16:13:37] 🔄 Retry 1/5 for PAWA in 2.5s
[16:13:37] 🔄 Identity reset
[16:13:40] 🧠 New identity created
[16:13:40] [285/455] ZEIC
[16:13:41] [286/455] CGMM
[16:13:41] [287/455] PJPM
[16:13:42] [288/455] ECMR
[16:13:43] [289/455] SHMZ
[16:13:44] [290/455] STCA
[16:13:45] [291/455] VDRC
[16:13:46] [292/455] SEEM
[16:13:47] [293/455] MKNS
[16:13:47] 🔄 Identity reset
[16:13:47] 🔄 Identity rotated (every 10 requests)
[16:13:47] [294/455] KPPP
[16:13:48] [295/455] CCML
[16:13:49] [296/455] CIBA
[16:13:50] [297/455] NACS
[16:13:51] [298/455] CTMK
[16:13:53] [299/455] CTCT
[16:13:53] [300/455] MCSN
[16:13:54] [301/455] MAXX
[16:13:55] [302/455] MECB
[16:13:56] [303/455] NTBY
[16:13:57] 🔄 Identity reset
[16:13:57] 🔄 Identity rotated (every 10 requests)
[16:13:57] [304/455] UTBI
[16:13:58] [305/455] RADK
[16:13:59] [306/455] STBY
[16:13:59] [307/455] GTBY
[16:14:01] [308/455] RRMB
[16:14:01] [309/455] ABRN
[16:14:02] [310/455] GTSG
[16:14:03] [311/455] GBTG
[16:14:04] [312/455] SBGS
[16:14:05] [313/455] KBPM
[16:14:06] 🔄 Identity reset
[16:14:06] 🔄 Identity rotated (every 10 requests)
[16:14:06] 🔄 Retry 1/5 for KBPM in 2.5s
[16:14:06] 🔄 Identity reset
[16:14:08] 🧠 New identity created
[16:14:09] [314/455] SMHT
[16:14:10] [315/455] VTDM
[16:14:10] [316/455] ASCT
[16:14:11] [317/455] AWCT
[16:14:12] [318/455] DCCU
[16:14:13] [319/455] PSCE
[16:14:14] [320/455] KSNY
[16:14:16] [321/455] ACID
[16:14:17] [322/455] LVCD
[16:14:18] 🔄 Identity reset
[16:14:18] 🔄 Identity rotated (every 10 requests)
[16:14:18] [323/455] KSSB
[16:14:19] [324/455] SWTD
[16:14:21] [325/455] RBMR
[16:14:22] [326/455] SCBC
[16:14:22] [327/455] RKME
[16:14:23] [328/455] GALX
[16:14:24] [329/455] GCCH
[16:14:25] [330/455] RATR
[16:14:26] [331/455] GTGA
[16:14:27] [332/455] LTTR
[16:14:27] 🔄 Identity reset
[16:14:27] 🔄 Identity rotated (every 10 requests)
[16:14:28] [333/455] TTAA
[16:14:29] [334/455] TVHP
[16:14:30] [335/455] KVCS
[16:14:31] [336/455] CBMC
[16:14:32] [337/455] MAYJ
[16:14:33] [338/455] INPR
[16:14:35] [339/455] RSSC
[16:14:35] [340/455] PCAN
[16:14:36] [341/455] PVHR
[16:14:37] [342/455] AGSM
[16:14:38] 🔄 Identity reset
[16:14:38] 🔄 Identity rotated (every 10 requests)
[16:14:38] [343/455] PVES
[16:14:39] [344/455] INTO
[16:14:40] [345/455] ACON
[16:14:41] [346/455] PVPZ
[16:14:42] [347/455] PVHC
[16:14:43] [348/455] KSTK
[16:14:44] [349/455] PVSR
[16:14:45] [350/455] ACTN
[16:14:45] [351/455] FMCN
[16:14:46] [352/455] PABC
[16:14:47] 🔄 Identity reset
[16:14:47] 🔄 Identity rotated (every 10 requests)
[16:14:47] [353/455] SUTC
[16:14:48] [354/455] PGMV
[16:14:50] [355/455] GKCP
[16:14:50] [356/455] INCH
[16:14:52] [357/455] MLMT
[16:14:52] [358/455] SSCC
[16:14:53] [359/455] SLMP
[16:14:54] [360/455] VVTN
[16:14:55] [361/455] SBTR
[16:14:56] [362/455] PGRA
[16:14:56] 🔄 Identity reset
[16:14:56] 🔄 Identity rotated (every 10 requests)
[16:14:57] [363/455] PBRM
[16:14:58] [364/455] GCRP
[16:14:59] [365/455] MCSK
[16:15:01] [366/455] NLTC
[16:15:02] [367/455] MTLM
[16:15:03] [368/455] VECT
[16:15:04] [369/455] KMRM
[16:15:05] [370/455] RACM
[16:15:06] [371/455] WSTC
[16:15:07] [372/455] PVTJ
[16:15:07] 🔄 Identity reset
[16:15:07] 🔄 Identity rotated (every 10 requests)
[16:15:07] 🔄 Retry 1/5 for PVTJ in 2.7s
[16:15:07] 🔄 Identity reset
[16:15:10] 🧠 New identity created
[16:15:10] [373/455] MMKC
[16:15:11] [374/455] SVWT
[16:15:13] [375/455] JOTG
[16:15:14] [376/455] VCDK
[16:15:15] [377/455] ANAC
[16:15:16] [378/455] GRTC
[16:15:17] [379/455] JTPL
[16:15:18] [380/455] VRCP
[16:15:19] [381/455] REMC
[16:15:20] 🔄 Identity reset
[16:15:20] 🔄 Identity rotated (every 10 requests)
[16:15:20] [382/455] ATMG
[16:15:21] [383/455] GAHC
[16:15:22] [384/455] JTMV
[16:15:23] [385/455] OMTT
[16:15:24] [386/455] GKKC
[16:15:25] [387/455] BBPO
[16:15:26] [388/455] ZCBB
[16:15:27] [389/455] DCGO
[16:15:28] [390/455] STOP
[16:15:29] [391/455] BSPC
[16:15:29] 🔄 Identity reset
[16:15:29] 🔄 Identity rotated (every 10 requests)
[16:15:30] [392/455] SOND
[16:15:30] [393/455] GCKG
[16:15:31] [394/455] PCDB
[16:15:32] [395/455] PGRC
[16:15:33] [396/455] CSCT
[16:15:34] [397/455] STDA
[16:15:35] [398/455] JAYD
[16:15:36] [399/455] PPPD
[16:15:37] [400/455] KRTT
[16:15:38] [401/455] PTDT
[16:15:38] 🔄 Identity reset
[16:15:38] 🔄 Identity rotated (every 10 requests)
[16:15:38] [402/455] TRSV
[16:15:39] [403/455] VELR
[16:15:40] [404/455] STDT
[16:15:41] [405/455] SATT
[16:15:42] [406/455] KCPM
[16:15:43] [407/455] MFCP
[16:15:44] [408/455] AXMP
[16:15:45] [409/455] LTVB
[16:15:46] [410/455] APST
[16:15:47] [411/455] DTVP
[16:15:48] 🔄 Identity reset
[16:15:48] 🔄 Identity rotated (every 10 requests)
[16:15:48] 🔄 Retry 1/5 for DTVP in 2.1s
[16:15:48] 🔄 Identity reset
[16:15:50] 🧠 New identity created
[16:15:50] [412/455] AAVB
[16:15:52] [413/455] PMBL
[16:15:53] [414/455] STKC
[16:15:54] [415/455] KKMA
[16:15:55] [416/455] NMXS
[16:15:55] [417/455] DECX
[16:15:56] [418/455] MAPJ
[16:15:57] [419/455] SMLK
[16:15:58] [420/455] PMPU
[16:15:58] 🔄 Identity reset
[16:15:58] 🔄 Identity rotated (every 10 requests)
[16:15:59] [421/455] AFST
[16:16:00] [422/455] SRSY
[16:16:01] [423/455] RMKT
[16:16:01] [424/455] RAJX
[16:16:02] [425/455] UVCD
[16:16:03] [426/455] LISA
[16:16:04] [427/455] LMSR
[16:16:05] [428/455] PMCA
[16:16:06] [429/455] INPO
[16:16:07] [430/455] INGO
[16:16:07] 🔄 Identity reset
[16:16:07] 🔄 Identity rotated (every 10 requests)
[16:16:08] [431/455] HFSQ
[16:16:09] [432/455] INMG
[16:16:10] [433/455] NYCP
[16:16:11] [434/455] HFSV
[16:16:11] [435/455] MMZP
[16:16:12] [436/455] KSES
[16:16:13] [437/455] HFSA
[16:16:14] [438/455] ACMM
[16:16:15] [439/455] RCKD
[16:16:16] [440/455] BCKR
[16:16:16] 🔄 Identity reset
[16:16:16] 🔄 Identity rotated (every 10 requests)
[16:16:17] [441/455] SFCO
[16:16:18] [442/455] JCCB
[16:16:19] [443/455] BCCR
[16:16:20] [444/455] NWCB
[16:16:20] [445/455] SAMT
[16:16:21] [446/455] TMST
[16:16:22] [447/455] SJCN
[16:16:23] [448/455] MCBS
[16:16:24] [449/455] CMKR
[16:16:25] [450/455] INPM
[16:16:26] 🔄 Identity reset
[16:16:26] 🔄 Identity rotated (every 10 requests)
[16:16:26] 🔄 Retry 1/5 for INPM in 2.1s
[16:16:26] 🔄 Identity reset
[16:16:28] 🧠 New identity created
[16:16:28] [451/455] WVMT
[16:16:29] [452/455] NYSM
[16:16:30] [453/455] RCMA
[16:16:31] [454/455] RECM
[16:16:33] [455/455] CYCM
[16:16:34] ✅ DONE | Shows=3762 | Movies=64
