[10:14:22] 🚀 SCRIPT STARTED (enhanced anti‑detection)
[10:14:22] [1/459] MCCZ
[10:14:23] 🧠 New identity created
[10:14:24] [2/459] FRPU
[10:14:24] [3/459] SKSI
[10:14:25] [4/459] SSCK
[10:14:26] [5/459] SRDC
[10:14:27] [6/459] RSCZ
[10:14:28] [7/459] PRVT
[10:14:29] [8/459] GAGJ
[10:14:31] [9/459] SMHG
[10:14:31] [10/459] JTST
[10:14:32] 🔄 Identity reset
[10:14:32] 🔄 Identity rotated (every 10 requests)
[10:14:32] [11/459] MYTH
[10:14:33] [12/459] JPCC
[10:14:34] [13/459] ACDC
[10:14:35] [14/459] SVFP
[10:14:36] [15/459] SFCM
[10:14:37] [16/459] RUPK
[10:14:39] [17/459] NTCR
[10:14:40] [18/459] RTCH
[10:14:41] [19/459] SCMH
[10:14:42] [20/459] SVYM
[10:14:43] 🔄 Identity reset
[10:14:43] 🔄 Identity rotated (every 10 requests)
[10:14:43] 🔄 Retry 1/5 for SVYM in 2.4s
[10:14:43] 🔄 Identity reset
[10:14:45] 🧠 New identity created
[10:14:46] [21/459] SPYM
[10:14:46] [22/459] SMMF
[10:14:47] [23/459] CLLB
[10:14:49] [24/459] FMCB
[10:14:50] [25/459] BBTC
[10:14:50] [26/459] NTHS
[10:14:51] [27/459] PKKJ
[10:14:52] [28/459] MTJA
[10:14:53] [29/459] PMSJ
[10:14:54] 🔄 Identity reset
[10:14:54] 🔄 Identity rotated (every 10 requests)
[10:14:54] [30/459] JMJU
[10:14:55] [31/459] SRAD
[10:14:56] [32/459] MJMC
[10:14:56] [33/459] DFRM
[10:14:57] [34/459] PMRS
[10:14:58] [35/459] RKPP
[10:14:59] [36/459] BMBK
[10:15:00] [37/459] NEWS
[10:15:00] [38/459] SALB
[10:15:01] [39/459] SCPW
[10:15:02] 🔄 Identity reset
[10:15:02] 🔄 Identity rotated (every 10 requests)
[10:15:02] 🔄 Retry 1/5 for SCPW in 2.7s
[10:15:02] 🔄 Identity reset
[10:15:05] 🧠 New identity created
[10:15:05] [40/459] RAYL
[10:15:06] [41/459] CMGJ
[10:15:07] [42/459] JRCR
[10:15:07] [43/459] SRTB
[10:15:08] [44/459] ETPB
[10:15:09] [45/459] MXBN
[10:15:10] [46/459] TOPE
[10:15:10] [47/459] SNLJ
[10:15:11] [48/459] CDDP
[10:15:12] 🔄 Identity reset
[10:15:12] 🔄 Identity rotated (every 10 requests)
[10:15:12] 🔄 Retry 1/5 for CDDP in 2.4s
[10:15:12] 🔄 Identity reset
[10:15:14] 🧠 New identity created
[10:15:15] [49/459] APCX
[10:15:16] [50/459] TALP
[10:15:16] [51/459] RRMP
[10:15:17] [52/459] MAHB
[10:15:18] [53/459] MTKR
[10:15:19] [54/459] KSKL
[10:15:20] [55/459] RJLT
[10:15:21] [56/459] ATAS
[10:15:22] [57/459] AMHR
[10:15:22] 🔄 Identity reset
[10:15:22] 🔄 Identity rotated (every 10 requests)
[10:15:22] [58/459] RSRM
[10:15:23] [59/459] GCAT
[10:15:24] [60/459] SMML
[10:15:25] [61/459] ACCD
[10:15:27] [62/459] VYDA
[10:15:27] [63/459] MSKT
[10:15:28] [64/459] AVDM
[10:15:29] [65/459] ASMH
[10:15:30] [66/459] VTMB
[10:15:31] [67/459] WVMB
[10:15:31] 🔄 Identity reset
[10:15:31] 🔄 Identity rotated (every 10 requests)
[10:15:32] [68/459] PPMN
[10:15:32] [69/459] MTMD
[10:15:33] [70/459] SMMO
[10:15:34] [71/459] DLPB
[10:15:35] [72/459] AKMD
[10:15:36] [73/459] SHRR
[10:15:37] [74/459] ASCO
[10:15:37] [75/459] CZVX
[10:15:38] [76/459] GCBB
[10:15:39] [77/459] ATBM
[10:15:40] 🔄 Identity reset
[10:15:40] 🔄 Identity rotated (every 10 requests)
[10:15:41] [78/459] TCGM
[10:15:42] [79/459] UMSE
[10:15:42] [80/459] NKCL
[10:15:43] [81/459] BTLR
[10:15:44] [82/459] GOCL
[10:15:45] [83/459] MIRN
[10:15:46] [84/459] THEC
[10:15:47] [85/459] SPPB
[10:15:48] [86/459] PMMM
[10:15:49] [87/459] GGMC
[10:15:50] 🔄 Identity reset
[10:15:50] 🔄 Identity rotated (every 10 requests)
[10:15:51] [88/459] AVSR
[10:15:52] [89/459] RDMH
[10:15:53] [90/459] JSRS
[10:15:54] [91/459] VKGP
[10:15:55] [92/459] ACRT
[10:15:56] [93/459] GCBA
[10:15:57] [94/459] GTCP
[10:15:57] [95/459] AKFC
[10:15:58] [96/459] INCS
[10:15:59] [97/459] SMCK
[10:16:00] 🔄 Identity reset
[10:16:00] 🔄 Identity rotated (every 10 requests)
[10:16:00] 🔄 Retry 1/5 for SMCK in 2.0s
[10:16:00] 🔄 Identity reset
[10:16:02] 🧠 New identity created
[10:16:02] [98/459] BRUN
[10:16:03] [99/459] RPPC
[10:16:04] [100/459] PAYD
[10:16:05] [101/459] SVVT
[10:16:06] [102/459] RNCC
[10:16:07] [103/459] PCRC
[10:16:08] [104/459] PMRM
[10:16:09] [105/459] CCRP
[10:16:10] [106/459] INCR
[10:16:10] 🔄 Identity reset
[10:16:10] 🔄 Identity rotated (every 10 requests)
[10:16:10] 🔄 Retry 1/5 for INCR in 2.0s
[10:16:10] 🔄 Identity reset
[10:16:12] 🧠 New identity created
[10:16:13] [107/459] ZTMP
[10:16:13] [108/459] MCNR
[10:16:14] [109/459] INRP
[10:16:15] [110/459] STRC
[10:16:17] [111/459] RATI
[10:16:17] [112/459] PBTR
[10:16:18] [113/459] CMHP
[10:16:19] [114/459] ZECJ
[10:16:20] [115/459] CCCB
[10:16:20] 🔄 Identity reset
[10:16:20] 🔄 Identity rotated (every 10 requests)
[10:16:21] [116/459] BWCB
[10:16:21] [117/459] CCAT
[10:16:22] [118/459] KGCM
[10:16:24] [119/459] INPT
[10:16:24] [120/459] FNCO
[10:16:25] [121/459] SRMJ
[10:16:26] [122/459] PFSC
[10:16:27] [123/459] PBMC
[10:16:28] [124/459] KARP
[10:16:29] [125/459] KOVI
[10:16:29] 🔄 Identity reset
[10:16:29] 🔄 Identity rotated (every 10 requests)
[10:16:30] [126/459] ACXL
[10:16:30] [127/459] GKCC
[10:16:31] [128/459] ASCC
[10:16:32] [129/459] SETC
[10:16:34] [130/459] KACC
[10:16:34] [131/459] KAVE
[10:16:36] [132/459] CNTC
[10:16:37] [133/459] MEEN
[10:16:38] [134/459] BMRV
[10:16:39] [135/459] SVAM
[10:16:39] 🔄 Identity reset
[10:16:39] 🔄 Identity rotated (every 10 requests)
[10:16:39] 🔄 Retry 1/5 for SVAM in 3.0s
[10:16:39] 🔄 Identity reset
[10:16:42] 🧠 New identity created
[10:16:43] [136/459] VTBP
[10:16:44] [137/459] VCKN
[10:16:45] [138/459] SGTK
[10:16:46] [139/459] RCGS
[10:16:47] [140/459] RCCB
[10:16:48] [141/459] RKSR
[10:16:49] [142/459] RKCU
[10:16:50] [143/459] GIBH
[10:16:51] [144/459] CXBS
[10:16:52] 🔄 Identity reset
[10:16:52] 🔄 Identity rotated (every 10 requests)
[10:16:52] [145/459] GGCB
[10:16:54] [146/459] SCPB
[10:16:55] [147/459] AKTB
[10:16:55] [148/459] SRBU
[10:16:56] [149/459] CSSA
[10:16:57] [150/459] MYAN
[10:16:58] [151/459] EXCA
[10:16:59] [152/459] CKSA
[10:16:59] [153/459] JTNM
[10:17:00] [154/459] CXKT
[10:17:01] 🔄 Identity reset
[10:17:01] 🔄 Identity rotated (every 10 requests)
[10:17:01] 🔄 Retry 1/5 for CXKT in 2.6s
[10:17:01] 🔄 Identity reset
[10:17:03] 🧠 New identity created
[10:17:03] 🔄 Retry 2/5 for CXKT in 4.1s
[10:17:03] 🔄 Identity reset
[10:17:07] 🧠 New identity created
[10:17:08] [155/459] NCLM
[10:17:08] [156/459] JAAD
[10:17:09] [157/459] RDCR
[10:17:10] [158/459] MEER
[10:17:11] [159/459] SIBT
[10:17:12] [160/459] PVVB
[10:17:13] [161/459] FNPN
[10:17:14] [162/459] CRPX
[10:17:14] 🔄 Identity reset
[10:17:14] 🔄 Identity rotated (every 10 requests)
[10:17:14] [163/459] STET
[10:17:15] [164/459] METE
[10:17:16] [165/459] BJML
[10:17:17] [166/459] MAVT
[10:17:17] [167/459] MSRM
[10:17:18] [168/459] TJMP
[10:17:19] [169/459] MHCK
[10:17:20] [170/459] SVGP
[10:17:21] [171/459] KRRC
[10:17:22] [172/459] IMCH
[10:17:23] 🔄 Identity reset
[10:17:23] 🔄 Identity rotated (every 10 requests)
[10:17:23] 🔄 Retry 1/5 for IMCH in 3.0s
[10:17:23] 🔄 Identity reset
[10:17:26] 🧠 New identity created
[10:17:26] [173/459] CMCS
[10:17:27] [174/459] SGND
[10:17:27] [175/459] RNAT
[10:17:28] [176/459] PRTN
[10:17:29] [177/459] MPTN
[10:17:30] [178/459] ARCC
[10:17:31] [179/459] NTTE
[10:17:32] [180/459] ABND
[10:17:33] [181/459] KCSN
[10:17:33] 🔄 Identity reset
[10:17:33] 🔄 Identity rotated (every 10 requests)
[10:17:33] 🔄 Retry 1/5 for KCSN in 2.5s
[10:17:33] 🔄 Identity reset
[10:17:36] 🧠 New identity created
[10:17:36] [182/459] KCSA
[10:17:37] [183/459] DCKT
[10:17:38] [184/459] MBBR
[10:17:38] [185/459] RAMU
[10:17:39] [186/459] RACW
[10:17:40] [187/459] MCHP
[10:17:42] [188/459] TMHM
[10:17:43] [189/459] STXH
[10:17:44] [190/459] AGSG
[10:17:44] 🔄 Identity reset
[10:17:44] 🔄 Identity rotated (every 10 requests)
[10:17:45] [191/459] SIRA
[10:17:45] [192/459] RCAN
[10:17:46] [193/459] CWTB
[10:17:47] [194/459] VTYM
[10:17:48] [195/459] RRPP
[10:17:49] [196/459] ASMR
[10:17:49] [197/459] RONO
[10:17:50] [198/459] MEMR
[10:17:51] [199/459] CTMR
[10:17:52] [200/459] PMTT
[10:17:52] 🔄 Identity reset
[10:17:52] 🔄 Identity rotated (every 10 requests)
[10:17:52] 🔄 Retry 1/5 for PMTT in 2.6s
[10:17:52] 🔄 Identity reset
[10:17:55] 🧠 New identity created
[10:17:55] [201/459] PSLX
[10:17:56] [202/459] IPPL
[10:17:57] [203/459] MMSG
[10:17:58] [204/459] INEL
[10:17:59] [205/459] COAC
[10:18:00] [206/459] WVLK
[10:18:00] [207/459] PPXL
[10:18:02] [208/459] PSML
[10:18:03] [209/459] FNLK
[10:18:03] 🔄 Identity reset
[10:18:03] 🔄 Identity rotated (every 10 requests)
[10:18:03] 🔄 Retry 1/5 for FNLK in 2.8s
[10:18:03] 🔄 Identity reset
[10:18:06] 🧠 New identity created
[10:18:07] [210/459] ILUM
[10:18:07] [211/459] ILCM
[10:18:08] [212/459] MSNL
[10:18:09] [213/459] VINB
[10:18:10] [214/459] SALW
[10:18:11] [215/459] PRTB
[10:18:12] [216/459] NCIL
[10:18:13] [217/459] PSUL
[10:18:13] [218/459] SCLK
[10:18:14] 🔄 Identity reset
[10:18:14] 🔄 Identity rotated (every 10 requests)
[10:18:14] [219/459] ADDC
[10:18:15] [220/459] OACL
[10:18:16] [221/459] OOCF
[10:18:17] [222/459] GPMF
[10:18:18] [223/459] SSDG
[10:18:19] [224/459] SKRS
[10:18:20] [225/459] NTTP
[10:18:20] [226/459] SLTP
[10:18:21] [227/459] JTLC
[10:18:22] [228/459] POON
[10:18:23] 🔄 Identity reset
[10:18:23] 🔄 Identity rotated (every 10 requests)
[10:18:23] [229/459] CCPC
[10:18:24] [230/459] DCKC
[10:18:25] [231/459] CPRT
[10:18:26] [232/459] EYHZ
[10:18:26] [233/459] ARBL
[10:18:27] [234/459] SBTB
[10:18:28] [235/459] MMCK
[10:18:29] [236/459] PLMR
[10:18:30] [237/459] BIJH
[10:18:31] [238/459] SDRT
[10:18:32] 🔄 Identity reset
[10:18:32] 🔄 Identity rotated (every 10 requests)
[10:18:32] [239/459] PRDC
[10:18:33] [240/459] OMJA
[10:18:34] [241/459] VKCR
[10:18:35] [242/459] ATRT
[10:18:36] [243/459] WVRP
[10:18:37] [244/459] MVRP
[10:18:38] [245/459] FCAX
[10:18:39] [246/459] CTLC
[10:18:39] [247/459] JCHB
[10:18:40] [248/459] SELP
[10:18:41] 🔄 Identity reset
[10:18:41] 🔄 Identity rotated (every 10 requests)
[10:18:41] 🔄 Retry 1/5 for SELP in 2.9s
[10:18:41] 🔄 Identity reset
[10:18:44] 🧠 New identity created
[10:18:44] [249/459] VCPG
[10:18:45] [250/459] ASCX
[10:18:46] [251/459] EOCS
[10:18:47] [252/459] RCPH
[10:18:48] [253/459] RJTM
[10:18:49] [254/459] SGMD
[10:18:50] [255/459] SVJT
[10:18:51] [256/459] SPPO
[10:18:52] [257/459] MNRL
[10:18:53] 🔄 Identity reset
[10:18:53] 🔄 Identity rotated (every 10 requests)
[10:18:53] 🔄 Retry 1/5 for MNRL in 2.4s
[10:18:53] 🔄 Identity reset
[10:18:55] 🧠 New identity created
[10:18:55] [258/459] KNOX
[10:18:56] [259/459] GIER
[10:18:57] [260/459] PJMS
[10:18:58] [261/459] UNSP
[10:18:59] [262/459] JETP
[10:19:00] [263/459] VTWA
[10:19:01] [264/459] SCJI
[10:19:01] [265/459] CBZZ
[10:19:02] [266/459] SDCJ
[10:19:03] 🔄 Identity reset
[10:19:03] 🔄 Identity rotated (every 10 requests)
[10:19:03] 🔄 Retry 1/5 for SDCJ in 2.5s
[10:19:03] 🔄 Identity reset
[10:19:05] 🧠 New identity created
[10:19:06] 🔄 Retry 2/5 for SDCJ in 4.0s
[10:19:06] 🔄 Identity reset
[10:19:10] 🧠 New identity created
[10:19:10] [267/459] RRCC
[10:19:11] [268/459] VNKG
[10:19:12] [269/459] LKTO
[10:19:12] [270/459] PJRM
[10:19:13] [271/459] NVRM
[10:19:14] [272/459] SJCS
[10:19:15] [273/459] VIGK
[10:19:16] [274/459] ANST
[10:19:16] 🔄 Identity reset
[10:19:16] 🔄 Identity rotated (every 10 requests)
[10:19:17] [275/459] JTTS
[10:19:17] [276/459] NTST
[10:19:18] [277/459] PREB
[10:19:19] [278/459] TSCZ
[10:19:20] [279/459] CDCM
[10:19:21] [280/459] ELYE
[10:19:22] [281/459] INBS
[10:19:22] [282/459] SMGC
[10:19:23] [283/459] UTMP
[10:19:24] [284/459] INTA
[10:19:25] 🔄 Identity reset
[10:19:25] 🔄 Identity rotated (every 10 requests)
[10:19:25] [285/459] OMPT
[10:19:26] [286/459] SCIR
[10:19:27] [287/459] GCKJ
[10:19:28] [288/459] INOG
[10:19:29] [289/459] SMGB
[10:19:30] [290/459] MCSG
[10:19:31] [291/459] STKG
[10:19:32] [292/459] TTKG
[10:19:33] [293/459] SRTR
[10:19:34] [294/459] ETTR
[10:19:35] 🔄 Identity reset
[10:19:35] 🔄 Identity rotated (every 10 requests)
[10:19:35] 🔄 Retry 1/5 for ETTR in 2.1s
[10:19:35] 🔄 Identity reset
[10:19:37] 🧠 New identity created
[10:19:37] 🔄 Retry 2/5 for ETTR in 4.7s
[10:19:37] 🔄 Identity reset
[10:19:42] 🧠 New identity created
[10:19:42] [295/459] GGGZ
[10:19:43] [296/459] IPGM
[10:19:44] [297/459] FCDH
[10:19:44] [298/459] DESB
[10:19:45] [299/459] VNTP
[10:19:46] [300/459] ANNT
[10:19:47] [301/459] SLTI
[10:19:48] [302/459] MAJU
[10:19:48] 🔄 Identity reset
[10:19:48] 🔄 Identity rotated (every 10 requests)
[10:19:48] 🔄 Retry 1/5 for MAJU in 2.6s
[10:19:48] 🔄 Identity reset
[10:19:51] 🧠 New identity created
[10:19:51] 🔄 Retry 2/5 for MAJU in 4.2s
[10:19:51] 🔄 Identity reset
[10:19:55] 🧠 New identity created
[10:19:56] [303/459] JCXP
[10:19:56] [304/459] HARK
[10:19:57] [305/459] JPCJ
[10:19:58] [306/459] RXBD
[10:19:59] [307/459] PTKJ
[10:20:02] [308/459] CMTU
[10:20:03] [309/459] SWOR
[10:20:03] [310/459] JMEX
[10:20:04] 🔄 Identity reset
[10:20:04] 🔄 Identity rotated (every 10 requests)
[10:20:04] [311/459] DTPT
[10:20:05] [312/459] VGMM
[10:20:06] [313/459] VCSG
[10:20:07] [314/459] CVCG
[10:20:08] [315/459] TNTT
[10:20:08] [316/459] SHRM
[10:20:09] [317/459] CGKD
[10:20:10] [318/459] EKCM
[10:20:11] [319/459] SDCX
[10:20:12] [320/459] SBTE
[10:20:13] 🔄 Identity reset
[10:20:13] 🔄 Identity rotated (every 10 requests)
[10:20:13] [321/459] STKJ
[10:20:14] [322/459] TPCE
[10:20:15] [323/459] JTNP
[10:20:15] [324/459] LPCH
[10:20:17] [325/459] CPUO
[10:20:18] [326/459] APSU
[10:20:18] [327/459] RTHC
[10:20:19] [328/459] PTBU
[10:20:20] [329/459] CUCC
[10:20:21] [330/459] CPSA
[10:20:22] 🔄 Identity reset
[10:20:22] 🔄 Identity rotated (every 10 requests)
[10:20:22] [331/459] SUAY
[10:20:23] [332/459] AYAA
[10:20:24] [333/459] MUCH
[10:20:25] [334/459] PCIN
[10:20:26] [335/459] JRRM
[10:20:27] [336/459] KATS
[10:20:28] [337/459] MHFF
[10:20:29] [338/459] ESYM
[10:20:29] [339/459] STYV
[10:20:30] [340/459] SDKG
[10:20:31] 🔄 Identity reset
[10:20:31] 🔄 Identity rotated (every 10 requests)
[10:20:31] [341/459] SMTI
[10:20:32] [342/459] NYCS
[10:20:33] [343/459] MTBG
[10:20:34] [344/459] RHCA
[10:20:35] [345/459] PCKH
[10:20:36] [346/459] ARCR
[10:20:37] [347/459] NCMB
[10:20:37] [348/459] SHYC
[10:20:38] [349/459] LACK
[10:20:39] [350/459] MTCM
[10:20:39] 🔄 Identity reset
[10:20:39] 🔄 Identity rotated (every 10 requests)
[10:20:40] [351/459] RRBN
[10:20:40] [352/459] MYDC
[10:20:41] [353/459] STCS
[10:20:42] [354/459] CONN
[10:20:43] [355/459] SIPS
[10:20:44] [356/459] SMMX
[10:20:45] [357/459] SCBY
[10:20:46] [358/459] SUAP
[10:20:47] [359/459] RSMK
[10:20:48] [360/459] STKP
[10:20:49] 🔄 Identity reset
[10:20:49] 🔄 Identity rotated (every 10 requests)
[10:20:49] [361/459] CIPC
[10:20:50] [362/459] KKCI
[10:20:50] [363/459] CTNK
[10:20:51] [364/459] MMTZ
[10:20:52] [365/459] DCCO
[10:20:53] [366/459] VNMN
[10:20:54] [367/459] RLCN
[10:20:55] [368/459] CMMS
[10:20:56] [369/459] AYOU
[10:20:57] [370/459] SSCN
[10:20:58] 🔄 Identity reset
[10:20:58] 🔄 Identity rotated (every 10 requests)
[10:20:58] 🔄 Retry 1/5 for SSCN in 2.3s
[10:20:58] 🔄 Identity reset
[10:21:00] 🧠 New identity created
[10:21:00] [371/459] SMXN
[10:21:01] [372/459] ASSK
[10:21:02] [373/459] VCKM
[10:21:03] [374/459] PCPH
[10:21:04] [375/459] PADM
[10:21:05] [376/459] IESA
[10:21:06] [377/459] VCSP
[10:21:07] [378/459] AEST
[10:21:08] [379/459] VTNR
[10:21:09] 🔄 Identity reset
[10:21:09] 🔄 Identity rotated (every 10 requests)
[10:21:09] 🔄 Retry 1/5 for VTNR in 2.2s
[10:21:09] 🔄 Identity reset
[10:21:11] 🧠 New identity created
[10:21:11] [380/459] GTTA
[10:21:12] [381/459] CMMM
[10:21:13] [382/459] AHKT
[10:21:14] [383/459] SIJI
[10:21:15] [384/459] VCEI
[10:21:16] [385/459] SAKR
[10:21:17] [386/459] VSMT
[10:21:18] [387/459] SSCT
[10:21:18] [388/459] USTR
[10:21:19] 🔄 Identity reset
[10:21:19] 🔄 Identity rotated (every 10 requests)
[10:21:19] [389/459] MTKT
[10:21:20] [390/459] TGMP
[10:21:21] [391/459] SIVC
[10:21:22] [392/459] KICT
[10:21:23] [393/459] DAMD
[10:21:24] [394/459] CNPT
[10:21:25] [395/459] RVTT
[10:21:26] [396/459] SNCM
[10:21:26] [397/459] GHTE
[10:21:27] [398/459] PPAM
[10:21:28] 🔄 Identity reset
[10:21:28] 🔄 Identity rotated (every 10 requests)
[10:21:29] [399/459] PVAA
[10:21:30] [400/459] CPAO
[10:21:31] [401/459] HAMD
[10:21:31] [402/459] RCCA
[10:21:32] [403/459] MPCH
[10:21:33] [404/459] ARED
[10:21:34] [405/459] RRCV
[10:21:35] [406/459] MTRB
[10:21:36] [407/459] CKUA
[10:21:37] [408/459] ABMP
[10:21:38] 🔄 Identity reset
[10:21:38] 🔄 Identity rotated (every 10 requests)
[10:21:39] [409/459] RCWA
[10:21:39] [410/459] CGAR
[10:21:40] [411/459] METH
[10:21:41] [412/459] WAGA
[10:21:42] [413/459] MCMA
[10:21:43] [414/459] CSMP
[10:21:44] [415/459] RCNK
[10:21:45] [416/459] PSTM
[10:21:46] [417/459] CSEP
[10:21:47] [418/459] AMGD
[10:21:47] 🔄 Identity reset
[10:21:48] 🔄 Identity rotated (every 10 requests)
[10:21:48] [419/459] CSTE
[10:21:49] [420/459] CONS
[10:21:50] [421/459] APPX
[10:21:51] [422/459] MABC
[10:21:51] [423/459] CXST
[10:21:52] [424/459] MATN
[10:21:53] [425/459] MACZ
[10:21:54] [426/459] MASA
[10:21:55] [427/459] MBSX
[10:21:56] [428/459] CSST
[10:21:56] 🔄 Identity reset
[10:21:56] 🔄 Identity rotated (every 10 requests)
[10:21:56] [429/459] APCL
[10:21:57] [430/459] CGOS
[10:21:58] [431/459] CPEC
[10:21:59] [432/459] MCCP
[10:22:00] [433/459] BSSO
[10:22:01] [434/459] SJKA
[10:22:01] [435/459] CGBO
[10:22:02] [436/459] MVSK
[10:22:03] [437/459] HVCA
[10:22:04] [438/459] NAMD
[10:22:05] 🔄 Identity reset
[10:22:05] 🔄 Identity rotated (every 10 requests)
[10:22:05] [439/459] DEVI
[10:22:06] [440/459] SCSV
[10:22:06] [441/459] PSMA
[10:22:07] [442/459] CLDJ
[10:22:08] [443/459] NMAD
[10:22:09] [444/459] CGMO
[10:22:10] [445/459] MCNA
[10:22:11] [446/459] OCBN
[10:22:12] [447/459] CPEM
[10:22:12] [448/459] CPSM
[10:22:13] 🔄 Identity reset
[10:22:13] 🔄 Identity rotated (every 10 requests)
[10:22:13] [449/459] RCAD
[10:22:14] [450/459] CPMU
[10:22:15] [451/459] DICD
[10:22:16] [452/459] CHOE
[10:22:17] [453/459] PDJM
[10:22:17] [454/459] SSTU
[10:22:18] [455/459] VNRN
[10:22:19] [456/459] PVLG
[10:22:20] [457/459] SWBL
[10:22:21] [458/459] SCAB
[10:22:22] 🔄 Identity reset
[10:22:22] 🔄 Identity rotated (every 10 requests)
[10:22:22] [459/459] RDDA
[10:22:23] 🧹 Deduping shows
[10:22:23] ✅ DONE | Shows=41 | Movies=7
