[10:14:41] 🚀 SCRIPT STARTED (enhanced anti‑detection)
[10:14:41] [1/322] CDCA
[10:14:41] 🧠 New identity created
[10:14:41] 🔄 Retry 1/5 for CDCA in 2.3s
[10:14:41] 🔄 Identity reset
[10:14:44] 🧠 New identity created
[10:14:44] 🔄 Retry 2/5 for CDCA in 4.4s
[10:14:44] 🔄 Identity reset
[10:14:48] 🧠 New identity created
[10:14:48] 🔄 Retry 3/5 for CDCA in 8.1s
[10:14:48] 🔄 Identity reset
[10:14:56] 🧠 New identity created
[10:14:57] [2/322] VBCZ
[10:14:57] [3/322] MSDR
[10:14:58] [4/322] ACPV
[10:14:59] [5/322] PVHB
[10:15:00] [6/322] RCNH
[10:15:01] [7/322] IOMH
[10:15:02] 🔄 Identity reset
[10:15:02] 🔄 Identity rotated (every 10 requests)
[10:15:02] [8/322] ILKS
[10:15:03] [9/322] AMSN
[10:15:04] [10/322] ANTP
[10:15:05] [11/322] SSEK
[10:15:06] [12/322] PICP
[10:15:07] [13/322] SICO
[10:15:09] [14/322] SISP
[10:15:10] [15/322] SCPI
[10:15:12] [16/322] CRPR
[10:15:12] [17/322] DCTW
[10:15:13] 🔄 Identity reset
[10:15:13] 🔄 Identity rotated (every 10 requests)
[10:15:13] [18/322] DCSP
[10:15:14] [19/322] KRPM
[10:15:15] [20/322] THKK
[10:15:16] [21/322] SNMY
[10:15:17] [22/322] AKCC
[10:15:18] [23/322] PCAT
[10:15:19] [24/322] RFGO
[10:15:20] [25/322] GGCS
[10:15:21] [26/322] ACKR
[10:15:22] [27/322] STDO
[10:15:22] 🔄 Identity reset
[10:15:22] 🔄 Identity rotated (every 10 requests)
[10:15:23] [28/322] ACKB
[10:15:24] [29/322] ALUC
[10:15:24] [30/322] MNSR
[10:15:25] [31/322] CSSL
[10:15:26] [32/322] BGGM
[10:15:27] [33/322] MANT
[10:15:28] [34/322] SOOY
[10:15:29] [35/322] VPPK
[10:15:30] [36/322] MYHJ
[10:15:31] [37/322] KSCK
[10:15:31] 🔄 Identity reset
[10:15:31] 🔄 Identity rotated (every 10 requests)
[10:15:32] [38/322] KATK
[10:15:33] [39/322] RTRT
[10:15:34] [40/322] SSTT
[10:15:35] [41/322] SSTV
[10:15:35] [42/322] LACM
[10:15:36] [43/322] SGMG
[10:15:37] [44/322] KACX
[10:15:38] [45/322] GVCP
[10:15:39] [46/322] CSNC
[10:15:40] [47/322] SXCB
[10:15:41] 🔄 Identity reset
[10:15:41] 🔄 Identity rotated (every 10 requests)
[10:15:41] [48/322] BAHS
[10:15:42] [49/322] PCBI
[10:15:43] [50/322] PSSM
[10:15:43] [51/322] RCOK
[10:15:44] [52/322] SCPF
[10:15:45] [53/322] SSAS
[10:15:46] [54/322] EVMM
[10:15:47] [55/322] SYCB
[10:15:48] [56/322] GCKI
[10:15:49] [57/322] IAET
[10:15:50] 🔄 Identity reset
[10:15:50] 🔄 Identity rotated (every 10 requests)
[10:15:50] [58/322] DDTD
[10:15:51] [59/322] GMDH
[10:15:52] [60/322] STLE
[10:15:53] [61/322] JTRA
[10:15:54] [62/322] RPPA
[10:15:55] [63/322] ARUT
[10:15:56] [64/322] JTVM
[10:15:57] [65/322] SWRH
[10:15:57] [66/322] DCPC
[10:15:59] [67/322] RAPR
[10:15:59] 🔄 Identity reset
[10:15:59] 🔄 Identity rotated (every 10 requests)
[10:16:00] [68/322] GCRT
[10:16:00] [69/322] ATUN
[10:16:01] [70/322] LTRM
[10:16:02] [71/322] TASR
[10:16:03] [72/322] RLLC
[10:16:04] [73/322] MABI
[10:16:05] [74/322] SVHB
[10:16:06] [75/322] NVTB
[10:16:07] [76/322] KCKG
[10:16:08] [77/322] SSRN
[10:16:08] 🔄 Identity reset
[10:16:08] 🔄 Identity rotated (every 10 requests)
[10:16:09] [78/322] VDDC
[10:16:10] [79/322] GKTK
[10:16:10] [80/322] YFSN
[10:16:11] [81/322] GCSG
[10:16:12] [82/322] ESSM
[10:16:13] [83/322] KRIH
[10:16:14] [84/322] GCDS
[10:16:15] [85/322] CCSH
[10:16:16] [86/322] ACSK
[10:16:17] [87/322] APRK
[10:16:17] 🔄 Identity reset
[10:16:17] 🔄 Identity rotated (every 10 requests)
[10:16:18] [88/322] ADKM
[10:16:18] [89/322] SRDM
[10:16:20] [90/322] SJMY
[10:16:21] [91/322] PGGC
[10:16:22] [92/322] INGM
[10:16:23] [93/322] LSCB
[10:16:24] [94/322] STAD
[10:16:26] [95/322] MCCR
[10:16:27] [96/322] ABCC
[10:16:27] [97/322] RKCC
[10:16:28] 🔄 Identity reset
[10:16:28] 🔄 Identity rotated (every 10 requests)
[10:16:28] [98/322] RTCR
[10:16:29] [99/322] GGBC
[10:16:30] [100/322] GCSD
[10:16:31] [101/322] LPTY
[10:16:32] [102/322] MCFD
[10:16:33] [103/322] HENN
[10:16:35] [104/322] SMKU
[10:16:36] [105/322] TNZC
[10:16:37] [106/322] DRCD
[10:16:38] [107/322] DLCD
[10:16:39] 🔄 Identity reset
[10:16:39] 🔄 Identity rotated (every 10 requests)
[10:16:40] [108/322] RCDA
[10:16:41] [109/322] COSM
[10:16:41] [110/322] MCMJ
[10:16:42] [111/322] CSTR
[10:16:43] [112/322] CVDK
[10:16:44] [113/322] INRR
[10:16:45] [114/322] RJRT
[10:16:46] [115/322] IRMR
[10:16:46] [116/322] SRCF
[10:16:47] [117/322] GRCR
[10:16:48] 🔄 Identity reset
[10:16:48] 🔄 Identity rotated (every 10 requests)
[10:16:48] [118/322] SURC
[10:16:49] [119/322] NMNH
[10:16:50] [120/322] SVBL
[10:16:51] [121/322] KACI
[10:16:52] [122/322] TDGO
[10:16:53] [123/322] KTBR
[10:16:54] [124/322] PMAD
[10:16:55] [125/322] CCPN
[10:16:56] [126/322] SBTK
[10:16:56] [127/322] LMDK
[10:16:57] 🔄 Identity reset
[10:16:57] 🔄 Identity rotated (every 10 requests)
[10:16:57] [128/322] PGDA
[10:16:58] [129/322] SRML
[10:16:59] [130/322] EVCK
[10:17:00] [131/322] RTTK
[10:17:01] [132/322] SRTU
[10:17:02] [133/322] VRSA
[10:17:03] [134/322] VARS
[10:17:04] [135/322] DSCZ
[10:17:05] [136/322] GAGA
[10:17:06] [137/322] SARV
[10:17:07] 🔄 Identity reset
[10:17:07] 🔄 Identity rotated (every 10 requests)
[10:17:07] [138/322] SEEG
[10:17:08] [139/322] GLCA
[10:17:09] [140/322] APAS
[10:17:10] [141/322] VCIA
[10:17:11] [142/322] SJTA
[10:17:12] [143/322] SABM
[10:17:13] [144/322] PPAG
[10:17:14] [145/322] RVCA
[10:17:15] [146/322] CCIA
[10:17:16] [147/322] HTAG
[10:17:17] 🔄 Identity reset
[10:17:17] 🔄 Identity rotated (every 10 requests)
[10:17:17] [148/322] SMBI
[10:17:18] [149/322] MCJR
[10:17:19] [150/322] CCJR
[10:17:19] [151/322] SINF
[10:17:20] [152/322] CPLX
[10:17:21] [153/322] KKTJ
[10:17:22] [154/322] GDBW
[10:17:23] [155/322] CSUB
[10:17:24] [156/322] DABA
[10:17:25] [157/322] TITR
[10:17:25] 🔄 Identity reset
[10:17:25] 🔄 Identity rotated (every 10 requests)
[10:17:26] [158/322] NYCR
[10:17:26] [159/322] RTRY
[10:17:27] [160/322] JTJL
[10:17:28] [161/322] SJCP
[10:17:29] [162/322] KCCA
[10:17:30] [163/322] MLPG
[10:17:31] [164/322] VRCK
[10:17:33] [165/322] SRIN
[10:17:34] [166/322] CXMK
[10:17:34] [167/322] SKAD
[10:17:35] 🔄 Identity reset
[10:17:35] 🔄 Identity rotated (every 10 requests)
[10:17:35] [168/322] AVTR
[10:17:36] [169/322] PTAJ
[10:17:37] [170/322] SCNK
[10:17:38] [171/322] STTI
[10:17:39] [172/322] KACR
[10:17:40] [173/322] SSDX
[10:17:41] [174/322] VRTJ
[10:17:41] [175/322] RAJD
[10:17:42] [176/322] SCIP
[10:17:43] [177/322] RJSL
[10:17:44] 🔄 Identity reset
[10:17:44] 🔄 Identity rotated (every 10 requests)
[10:17:44] [178/322] ARRS
[10:17:45] [179/322] ASMS
[10:17:46] [180/322] RDTS
[10:17:46] [181/322] DVMY
[10:17:47] [182/322] RASA
[10:17:48] [183/322] INOM
[10:17:49] [184/322] SPRS
[10:17:50] [185/322] SGCS
[10:17:51] [186/322] SALM
[10:17:52] [187/322] PKHC
[10:17:52] 🔄 Identity reset
[10:17:52] 🔄 Identity rotated (every 10 requests)
[10:17:53] [188/322] RCSV
[10:17:53] [189/322] CPKC
[10:17:54] [190/322] AACD
[10:17:55] [191/322] GGCV
[10:17:56] [192/322] SMKD
[10:17:58] [193/322] NBCH
[10:17:59] [194/322] AMCB
[10:18:00] [195/322] OPCN
[10:18:01] [196/322] DCIN
[10:18:03] [197/322] INGW
[10:18:03] 🔄 Identity reset
[10:18:03] 🔄 Identity rotated (every 10 requests)
[10:18:04] [198/322] PKKW
[10:18:05] [199/322] FNGW
[10:18:06] [200/322] GCGD
[10:18:07] [201/322] MSTW
[10:18:08] [202/322] KCCG
[10:18:09] [203/322] MRSS
[10:18:10] [204/322] CLCF
[10:18:11] [205/322] EETS
[10:18:12] [206/322] AATR
[10:18:13] [207/322] CMMN
[10:18:13] 🔄 Identity reset
[10:18:13] 🔄 Identity rotated (every 10 requests)
[10:18:13] [208/322] SCCJ
[10:18:14] [209/322] CDTK
[10:18:15] [210/322] AICP
[10:18:17] [211/322] FNBP
[10:18:17] [212/322] CBPB
[10:18:18] [213/322] CPAS
[10:18:19] [214/322] MAPM
[10:18:21] [215/322] PASD
[10:18:22] [216/322] JCMN
[10:18:22] [217/322] MALB
[10:18:23] 🔄 Identity reset
[10:18:23] 🔄 Identity rotated (every 10 requests)
[10:18:23] [218/322] SACG
[10:18:24] [219/322] DDRX
[10:18:25] [220/322] DDXB
[10:18:26] [221/322] RAMC
[10:18:27] [222/322] SANC
[10:18:28] [223/322] BCBP
[10:18:29] [224/322] ALPC
[10:18:29] [225/322] RBAC
[10:18:30] [226/322] RAJL
[10:18:31] [227/322] MPDX
[10:18:32] 🔄 Identity reset
[10:18:32] 🔄 Identity rotated (every 10 requests)
[10:18:32] [228/322] MUSC
[10:18:33] [229/322] VKMK
[10:18:34] [230/322] SKCG
[10:18:35] [231/322] ANCN
[10:18:36] [232/322] MMCJ
[10:18:37] [233/322] DCAK
[10:18:38] [234/322] SCKG
[10:18:38] [235/322] LMCK
[10:18:39] [236/322] CKKX
[10:18:40] [237/322] ANKU
[10:18:41] 🔄 Identity reset
[10:18:41] 🔄 Identity rotated (every 10 requests)
[10:18:41] [238/322] CSMD
[10:18:42] [239/322] MKMP
[10:18:43] [240/322] SVBG
[10:18:43] [241/322] ROOP
[10:18:44] [242/322] GDMT
[10:18:45] [243/322] FPPF
[10:18:46] [244/322] SFUU
[10:18:47] [245/322] ANCB
[10:18:48] [246/322] SMMC
[10:18:49] [247/322] UGKT
[10:18:50] 🔄 Identity reset
[10:18:50] 🔄 Identity rotated (every 10 requests)
[10:18:50] [248/322] JVRM
[10:18:51] [249/322] BATG
[10:18:52] [250/322] RATE
[10:18:52] [251/322] SKME
[10:18:53] [252/322] LMTP
[10:18:54] [253/322] TCBD
[10:18:55] [254/322] ESBD
[10:18:56] [255/322] GDCU
[10:18:57] [256/322] SNKT
[10:18:59] [257/322] SRNK
[10:18:59] 🔄 Identity reset
[10:18:59] 🔄 Identity rotated (every 10 requests)
[10:18:59] [258/322] SMED
[10:19:00] [259/322] CSQS
[10:19:01] [260/322] ALCS
[10:19:03] [261/322] KCKN
[10:19:04] [262/322] VCCL
[10:19:05] [263/322] MCDA
[10:19:06] [264/322] SHMI
[10:19:06] [265/322] SKHA
[10:19:07] [266/322] SVFK
[10:19:08] [267/322] INVB
[10:19:09] 🔄 Identity reset
[10:19:09] 🔄 Identity rotated (every 10 requests)
[10:19:09] [268/322] MELD
[10:19:10] [269/322] JTYS
[10:19:11] [270/322] INCM
[10:19:12] [271/322] MCDV
[10:19:13] [272/322] KSGK
[10:19:14] [273/322] ICMG
[10:19:15] [274/322] CSCV
[10:19:17] [275/322] STMD
[10:19:18] [276/322] STTR
[10:19:19] [277/322] INVC
[10:19:19] 🔄 Identity reset
[10:19:19] 🔄 Identity rotated (every 10 requests)
[10:19:19] 🔄 Retry 1/5 for INVC in 2.5s
[10:19:19] 🔄 Identity reset
[10:19:22] 🧠 New identity created
[10:19:22] [278/322] JTBL
[10:19:23] [279/322] SRVV
[10:19:24] [280/322] MAVC
[10:19:25] [281/322] SRPP
[10:19:26] [282/322] JGDM
[10:19:27] [283/322] MBSJ
[10:19:28] [284/322] SSLL
[10:19:29] [285/322] SLKP
[10:19:29] [286/322] NSRV
[10:19:30] 🔄 Identity reset
[10:19:30] 🔄 Identity rotated (every 10 requests)
[10:19:30] 🔄 Retry 1/5 for NSRV in 2.9s
[10:19:30] 🔄 Identity reset
[10:19:33] 🧠 New identity created
[10:19:33] 🔄 Retry 2/5 for NSRV in 5.0s
[10:19:33] 🔄 Identity reset
[10:19:38] 🧠 New identity created
[10:19:38] 🔄 Retry 3/5 for NSRV in 8.1s
[10:19:38] 🔄 Identity reset
[10:19:46] 🧠 New identity created
[10:19:46] [287/322] UTDV
[10:19:48] [288/322] KICM
[10:19:49] [289/322] KCMD
[10:19:50] [290/322] TTPP
[10:19:51] [291/322] KMPV
[10:19:52] [292/322] SKTV
[10:19:53] [293/322] STCV
[10:19:53] 🔄 Identity reset
[10:19:53] 🔄 Identity rotated (every 10 requests)
[10:19:53] [294/322] SRDA
[10:19:54] [295/322] JTSX
[10:19:55] [296/322] STBV
[10:19:56] [297/322] APVZ
[10:19:57] [298/322] GSTV
[10:19:58] [299/322] NMVS
[10:19:59] [300/322] SKRT
[10:20:00] [301/322] RMDV
[10:20:01] [302/322] RATG
[10:20:02] [303/322] SJYV
[10:20:03] 🔄 Identity reset
[10:20:03] 🔄 Identity rotated (every 10 requests)
[10:20:03] [304/322] NDGP
[10:20:04] [305/322] SNDG
[10:20:05] [306/322] INSR
[10:20:06] [307/322] INSO
[10:20:07] [308/322] CCSI
[10:20:08] [309/322] RASM
[10:20:09] [310/322] NEWC
[10:20:09] [311/322] VSHL
[10:20:10] [312/322] BISW
[10:20:11] [313/322] GCNG
[10:20:12] 🔄 Identity reset
[10:20:12] 🔄 Identity rotated (every 10 requests)
[10:20:12] [314/322] CWSC
[10:20:13] [315/322] SKAN
[10:20:13] [316/322] CCOA
[10:20:14] [317/322] MCAJ
[10:20:15] [318/322] ACDE
[10:20:16] [319/322] AACM
[10:20:17] [320/322] JJCK
[10:20:18] [321/322] RCMO
[10:20:19] [322/322] GDAW
[10:20:21] 🧹 Deduping shows
[10:20:21] ✅ DONE | Shows=58 | Movies=8
