[10:14:10] 🚀 SCRIPT STARTED (enhanced anti‑detection)
[10:14:10] [1/326] BSAT
[10:14:11] 🧠 New identity created
[10:14:11] 🔄 Retry 1/5 for BSAT in 2.8s
[10:14:11] 🔄 Identity reset
[10:14:14] 🧠 New identity created
[10:14:14] [2/326] RSSM
[10:14:15] [3/326] GCTA
[10:14:16] [4/326] TOPN
[10:14:17] [5/326] MCUS
[10:14:17] [6/326] SHRL
[10:14:18] [7/326] UPTP
[10:14:19] [8/326] TMMP
[10:14:20] [9/326] DNRP
[10:14:20] 🔄 Identity reset
[10:14:20] 🔄 Identity rotated (every 10 requests)
[10:14:21] [10/326] SRLT
[10:14:21] [11/326] RCNS
[10:14:22] [12/326] DCBH
[10:14:23] [13/326] NAGJ
[10:14:24] [14/326] JVRC
[10:14:25] [15/326] KRJG
[10:14:26] [16/326] SRTJ
[10:14:27] [17/326] CMXM
[10:14:28] [18/326] STMI
[10:14:29] [19/326] SLST
[10:14:29] 🔄 Identity reset
[10:14:29] 🔄 Identity rotated (every 10 requests)
[10:14:30] [20/326] DTCN
[10:14:30] [21/326] STYN
[10:14:31] [22/326] SZVR
[10:14:32] [23/326] SRKO
[10:14:33] [24/326] JTGT
[10:14:34] [25/326] SVFD
[10:14:35] [26/326] SISD
[10:14:35] [27/326] ABDD
[10:14:36] [28/326] DRCA
[10:14:37] [29/326] AVCS
[10:14:38] 🔄 Identity reset
[10:14:38] 🔄 Identity rotated (every 10 requests)
[10:14:39] [30/326] MVKH
[10:14:39] [31/326] ACPR
[10:14:40] [32/326] STIP
[10:14:41] [33/326] MTRA
[10:14:42] [34/326] RMKH
[10:14:43] [35/326] NKRL
[10:14:43] [36/326] PCWN
[10:14:44] [37/326] BLMT
[10:14:45] [38/326] GDPG
[10:14:46] [39/326] SRMX
[10:14:47] 🔄 Identity reset
[10:14:47] 🔄 Identity rotated (every 10 requests)
[10:14:47] [40/326] JACP
[10:14:48] [41/326] CPSH
[10:14:49] [42/326] MCCD
[10:14:50] [43/326] ECGH
[10:14:51] [44/326] MKCK
[10:14:51] [45/326] SRMM
[10:14:53] [46/326] SKYR
[10:14:54] [47/326] PCKC
[10:14:55] [48/326] JCMA
[10:14:56] [49/326] BSMP
[10:14:56] 🔄 Identity reset
[10:14:56] 🔄 Identity rotated (every 10 requests)
[10:14:57] [50/326] VSPA
[10:14:57] [51/326] DJYA
[10:14:58] [52/326] DIMP
[10:14:59] [53/326] FXDR
[10:15:00] [54/326] SSRC
[10:15:01] [55/326] STHP
[10:15:02] [56/326] CPPD
[10:15:03] [57/326] FCLK
[10:15:03] [58/326] SCPP
[10:15:04] [59/326] DCMJ
[10:15:05] 🔄 Identity reset
[10:15:05] 🔄 Identity rotated (every 10 requests)
[10:15:05] [60/326] RCCR
[10:15:06] [61/326] INMT
[10:15:07] [62/326] LXTK
[10:15:08] [63/326] SRYK
[10:15:09] [64/326] SGDK
[10:15:09] [65/326] PPKA
[10:15:10] [66/326] SPKA
[10:15:11] [67/326] CGHH
[10:15:12] [68/326] DCJN
[10:15:13] [69/326] SRKV
[10:15:14] 🔄 Identity reset
[10:15:14] 🔄 Identity rotated (every 10 requests)
[10:15:14] 🔄 Retry 1/5 for SRKV in 2.5s
[10:15:14] 🔄 Identity reset
[10:15:16] 🧠 New identity created
[10:15:17] [70/326] SAJC
[10:15:17] [71/326] SUSR
[10:15:18] [72/326] STYG
[10:15:19] [73/326] NTKP
[10:15:20] [74/326] AKTG
[10:15:21] [75/326] CGCM
[10:15:22] [76/326] TULC
[10:15:23] [77/326] NYYZ
[10:15:24] [78/326] NYBW
[10:15:24] 🔄 Identity reset
[10:15:24] 🔄 Identity rotated (every 10 requests)
[10:15:25] [79/326] MACB
[10:15:26] [80/326] SLVT
[10:15:27] [81/326] SANA
[10:15:28] [82/326] ACMR
[10:15:29] [83/326] CPKN
[10:15:29] [84/326] DLGK
[10:15:30] [85/326] CWCK
[10:15:31] [86/326] FDDH
[10:15:32] [87/326] MMMD
[10:15:33] [88/326] CMEH
[10:15:34] 🔄 Identity reset
[10:15:34] 🔄 Identity rotated (every 10 requests)
[10:15:34] 🔄 Retry 1/5 for CMEH in 2.6s
[10:15:34] 🔄 Identity reset
[10:15:36] 🧠 New identity created
[10:15:36] [89/326] GGGV
[10:15:37] [90/326] SPJL
[10:15:38] [91/326] RCCD
[10:15:40] [92/326] STTZ
[10:15:40] [93/326] BTCF
[10:15:41] [94/326] TSTZ
[10:15:42] [95/326] IPMM
[10:15:43] [96/326] PMPW
[10:15:44] [97/326] PCMZ
[10:15:45] 🔄 Identity reset
[10:15:45] 🔄 Identity rotated (every 10 requests)
[10:15:45] [98/326] ESEM
[10:15:46] [99/326] PIPO
[10:15:48] [100/326] MATK
[10:15:48] [101/326] PGHM
[10:15:49] [102/326] CTSR
[10:15:50] [103/326] CYKR
[10:15:51] [104/326] MSCM
[10:15:52] [105/326] RFNP
[10:15:52] [106/326] PDCP
[10:15:53] [107/326] NPSE
[10:15:54] 🔄 Identity reset
[10:15:54] 🔄 Identity rotated (every 10 requests)
[10:15:54] [108/326] MKML
[10:15:55] [109/326] FTDP
[10:15:56] [110/326] MMXA
[10:15:57] [111/326] CEPO
[10:15:58] [112/326] CMVP
[10:15:58] [113/326] SGTH
[10:15:59] [114/326] SAYN
[10:16:00] [115/326] URVS
[10:16:02] [116/326] VJTN
[10:16:02] [117/326] BBYK
[10:16:03] 🔄 Identity reset
[10:16:03] 🔄 Identity rotated (every 10 requests)
[10:16:03] [118/326] SHBO
[10:16:05] [119/326] VCMR
[10:16:06] [120/326] MACT
[10:16:07] [121/326] JMNP
[10:16:08] [122/326] VICS
[10:16:09] [123/326] VCDA
[10:16:10] [124/326] GCMM
[10:16:11] [125/326] INVS
[10:16:12] [126/326] SCGM
[10:16:13] [127/326] PCDA
[10:16:13] 🔄 Identity reset
[10:16:13] 🔄 Identity rotated (every 10 requests)
[10:16:14] [128/326] KDCT
[10:16:15] [129/326] JACS
[10:16:15] [130/326] GMMC
[10:16:16] [131/326] AICM
[10:16:17] [132/326] TJCM
[10:16:18] [133/326] RMTI
[10:16:19] [134/326] SHAC
[10:16:20] [135/326] APJC
[10:16:21] [136/326] GCTG
[10:16:22] [137/326] SSMC
[10:16:23] 🔄 Identity reset
[10:16:23] 🔄 Identity rotated (every 10 requests)
[10:16:23] [138/326] THRM
[10:16:24] [139/326] RBCT
[10:16:25] [140/326] DIKT
[10:16:26] [141/326] MIDL
[10:16:26] [142/326] VCSN
[10:16:27] [143/326] SKTG
[10:16:28] [144/326] SMWC
[10:16:29] [145/326] MNKH
[10:16:30] [146/326] PIAT
[10:16:31] [147/326] LTTP
[10:16:32] 🔄 Identity reset
[10:16:32] 🔄 Identity rotated (every 10 requests)
[10:16:32] [148/326] PTPU
[10:16:33] [149/326] ACMG
[10:16:34] [150/326] SHMM
[10:16:35] [151/326] MCMN
[10:16:36] [152/326] GLDC
[10:16:37] [153/326] HOUT
[10:16:38] [154/326] SVRP
[10:16:39] [155/326] PVDN
[10:16:40] [156/326] SCPY
[10:16:41] [157/326] DTPY
[10:16:41] 🔄 Identity reset
[10:16:41] 🔄 Identity rotated (every 10 requests)
[10:16:41] 🔄 Retry 1/5 for DTPY in 2.2s
[10:16:41] 🔄 Identity reset
[10:16:44] 🧠 New identity created
[10:16:44] [158/326] GKCS
[10:16:45] [159/326] NCAM
[10:16:46] [160/326] BSRM
[10:16:46] [161/326] RCLC
[10:16:47] [162/326] SKKD
[10:16:48] [163/326] ACHU
[10:16:49] [164/326] RSCF
[10:16:50] [165/326] IMSH
[10:16:51] [166/326] MACX
[10:16:51] 🔄 Identity reset
[10:16:52] 🔄 Identity rotated (every 10 requests)
[10:16:52] 🔄 Retry 1/5 for MACX in 2.6s
[10:16:52] 🔄 Identity reset
[10:16:54] 🧠 New identity created
[10:16:54] [167/326] HMMW
[10:16:55] [168/326] JTCP
[10:16:56] [169/326] SREN
[10:16:57] [170/326] PJRR
[10:16:58] [171/326] INAC
[10:16:59] [172/326] BMCA
[10:17:00] [173/326] SHCB
[10:17:02] [174/326] GABA
[10:17:02] [175/326] SBCT
[10:17:03] 🔄 Identity reset
[10:17:03] 🔄 Identity rotated (every 10 requests)
[10:17:03] [176/326] GCMA
[10:17:04] [177/326] MYTK
[10:17:05] [178/326] INZS
[10:17:06] [179/326] RMIK
[10:17:07] [180/326] NYCH
[10:17:07] [181/326] RAVE
[10:17:08] [182/326] PSXM
[10:17:09] [183/326] MCGP
[10:17:10] [184/326] PDDK
[10:17:11] [185/326] SPCK
[10:17:11] 🔄 Identity reset
[10:17:11] 🔄 Identity rotated (every 10 requests)
[10:17:11] 🔄 Retry 1/5 for SPCK in 3.0s
[10:17:11] 🔄 Identity reset
[10:17:14] 🧠 New identity created
[10:17:15] [186/326] MCRL
[10:17:16] [187/326] MHKT
[10:17:16] [188/326] ANRR
[10:17:17] [189/326] SAPK
[10:17:18] [190/326] NCUK
[10:17:19] [191/326] JUGA
[10:17:21] [192/326] DBSC
[10:17:22] [193/326] LALK
[10:17:23] [194/326] GUCK
[10:17:23] 🔄 Identity reset
[10:17:23] 🔄 Identity rotated (every 10 requests)
[10:17:23] [195/326] STSG
[10:17:24] [196/326] PPPZ
[10:17:25] [197/326] CNCY
[10:17:26] [198/326] MTAR
[10:17:27] [199/326] VNKD
[10:17:28] [200/326] KMAJ
[10:17:29] [201/326] ACXK
[10:17:30] [202/326] UTKC
[10:17:31] [203/326] PBLK
[10:17:32] [204/326] ACBX
[10:17:33] 🔄 Identity reset
[10:17:33] 🔄 Identity rotated (every 10 requests)
[10:17:33] [205/326] PTGM
[10:17:34] [206/326] BTDA
[10:17:35] [207/326] PJMB
[10:17:35] [208/326] TPDA
[10:17:36] [209/326] AMOE
[10:17:37] [210/326] PRHT
[10:17:38] [211/326] PRTA
[10:17:39] [212/326] STAM
[10:17:40] [213/326] MSAA
[10:17:41] [214/326] SDLU
[10:17:41] 🔄 Identity reset
[10:17:41] 🔄 Identity rotated (every 10 requests)
[10:17:42] [215/326] RCHH
[10:17:43] [216/326] KANT
[10:17:44] [217/326] FCRT
[10:17:45] [218/326] DNKM
[10:17:46] [219/326] RYCP
[10:17:47] [220/326] MYRP
[10:17:47] [221/326] PPAK
[10:17:48] [222/326] NVPK
[10:17:49] [223/326] PRMC
[10:17:50] [224/326] JBCS
[10:17:51] 🔄 Identity reset
[10:17:51] 🔄 Identity rotated (every 10 requests)
[10:17:51] [225/326] GXCK
[10:17:52] [226/326] USKO
[10:17:53] [227/326] GTEM
[10:17:54] [228/326] SMBU
[10:17:54] [229/326] VETC
[10:17:55] [230/326] LCDA
[10:17:56] [231/326] MTVT
[10:17:57] [232/326] PYCP
[10:17:57] [233/326] PNSC
[10:17:58] [234/326] PPCC
[10:17:59] 🔄 Identity reset
[10:17:59] 🔄 Identity rotated (every 10 requests)
[10:18:00] [235/326] TGRT
[10:18:01] [236/326] JYOT
[10:18:02] [237/326] SRCZ
[10:18:02] [238/326] SJTE
[10:18:03] [239/326] DESC
[10:18:04] [240/326] JHVN
[10:18:05] [241/326] IPSG
[10:18:06] [242/326] IPCM
[10:18:07] [243/326] PDRS
[10:18:07] [244/326] ANCV
[10:18:08] 🔄 Identity reset
[10:18:08] 🔄 Identity rotated (every 10 requests)
[10:18:08] [245/326] CMVV
[10:18:09] [246/326] SHYP
[10:18:10] [247/326] DNCS
[10:18:11] [248/326] GAJK
[10:18:12] [249/326] AKTN
[10:18:12] [250/326] KAYA
[10:18:13] [251/326] SBRC
[10:18:14] [252/326] CHTP
[10:18:15] [253/326] SHRT
[10:18:16] [254/326] BCKU
[10:18:16] 🔄 Identity reset
[10:18:16] 🔄 Identity rotated (every 10 requests)
[10:18:16] [255/326] FCPS
[10:18:17] [256/326] ARDD
[10:18:18] [257/326] CPCM
[10:18:19] [258/326] CGSM
[10:18:20] [259/326] PSMP
[10:18:21] [260/326] SDAL
[10:18:22] [261/326] RTNB
[10:18:23] [262/326] LMCR
[10:18:24] [263/326] CIMA
[10:18:24] [264/326] RNAS
[10:18:25] 🔄 Identity reset
[10:18:25] 🔄 Identity rotated (every 10 requests)
[10:18:25] [265/326] LITH
[10:18:26] [266/326] PBOX
[10:18:27] [267/326] FRTS
[10:18:28] [268/326] RKIC
[10:18:28] [269/326] PTAI
[10:18:29] [270/326] GCIC
[10:18:30] [271/326] FNAS
[10:18:31] [272/326] SCAR
[10:18:32] [273/326] MTCA
[10:18:33] [274/326] SCTS
[10:18:33] 🔄 Identity reset
[10:18:33] 🔄 Identity rotated (every 10 requests)
[10:18:34] [275/326] SYCS
[10:18:35] [276/326] RDMS
[10:18:36] [277/326] KAMP
[10:18:37] [278/326] ERSD
[10:18:38] [279/326] MJMJ
[10:18:38] [280/326] SRCJ
[10:18:39] [281/326] SCXE
[10:18:40] [282/326] SVFR
[10:18:41] [283/326] BHCS
[10:18:42] [284/326] IMCC
[10:18:43] 🔄 Identity reset
[10:18:43] 🔄 Identity rotated (every 10 requests)
[10:18:43] 🔄 Retry 1/5 for IMCC in 2.5s
[10:18:43] 🔄 Identity reset
[10:18:45] 🧠 New identity created
[10:18:45] [285/326] PCBO
[10:18:46] [286/326] PRVN
[10:18:47] [287/326] AUPM
[10:18:48] [288/326] INBW
[10:18:49] [289/326] SVCW
[10:18:50] [290/326] RKCF
[10:18:51] [291/326] UVBH
[10:18:51] [292/326] DNCY
[10:18:53] [293/326] ABCN
[10:18:54] 🔄 Identity reset
[10:18:54] 🔄 Identity rotated (every 10 requests)
[10:18:54] [294/326] PRUR
[10:18:55] [295/326] PFMR
[10:18:56] [296/326] RKCN
[10:18:57] [297/326] CFEA
[10:18:57] [298/326] SDBG
[10:18:58] [299/326] SNAR
[10:19:00] [300/326] YISI
[10:19:01] [301/326] JCFF
[10:19:02] [302/326] VTRK
[10:19:03] [303/326] PCLZ
[10:19:04] 🔄 Identity reset
[10:19:04] 🔄 Identity rotated (every 10 requests)
[10:19:04] 🔄 Retry 1/5 for PCLZ in 2.2s
[10:19:04] 🔄 Identity reset
[10:19:06] 🧠 New identity created
[10:19:06] 🔄 Retry 2/5 for PCLZ in 4.8s
[10:19:06] 🔄 Identity reset
[10:19:11] 🧠 New identity created
[10:19:12] [304/326] DIMY
[10:19:13] [305/326] BBTS
[10:19:14] [306/326] GATH
[10:19:15] [307/326] GTMN
[10:19:16] [308/326] VTMH
[10:19:17] [309/326] CCKP
[10:19:18] [310/326] GPKA
[10:19:19] [311/326] MHCL
[10:19:19] 🔄 Identity reset
[10:19:19] 🔄 Identity rotated (every 10 requests)
[10:19:20] [312/326] ATCL
[10:19:20] [313/326] SBCK
[10:19:21] [314/326] AMMR
[10:19:22] [315/326] MADC
[10:19:23] [316/326] TMMA
[10:19:24] [317/326] CACC
[10:19:25] [318/326] CHAL
[10:19:25] [319/326] DURG
[10:19:27] [320/326] GMKU
[10:19:28] [321/326] GECA
[10:19:28] 🔄 Identity reset
[10:19:28] 🔄 Identity rotated (every 10 requests)
[10:19:29] [322/326] KYRR
[10:19:30] [323/326] KSDE
[10:19:30] [324/326] LMCI
[10:19:31] [325/326] NKCP
[10:19:32] [326/326] BGTC
[10:19:33] 🧹 Deduping shows
[10:19:33] ✅ DONE | Shows=39 | Movies=5
