[10:12:51] 🚀 SCRIPT STARTED (enhanced anti‑detection)
[10:12:51] [1/456] FNDB
[10:12:51] 🧠 New identity created
[10:12:51] 🔄 Retry 1/5 for FNDB in 2.4s
[10:12:51] 🔄 Identity reset
[10:12:54] 🧠 New identity created
[10:12:54] 🔄 Retry 2/5 for FNDB in 4.4s
[10:12:54] 🔄 Identity reset
[10:12:58] 🧠 New identity created
[10:12:58] 🔄 Retry 3/5 for FNDB in 8.7s
[10:12:58] 🔄 Identity reset
[10:13:07] 🧠 New identity created
[10:13:07] 🔄 Retry 4/5 for FNDB in 16.0s
[10:13:07] 🔄 Identity reset
[10:13:23] 🧠 New identity created
[10:13:23] ❌ FNDB failed after 5 attempts
[10:13:23] 🔄 Identity reset
[10:13:23] ❌ FNDB final failure | RuntimeError | HTTP 403
[10:13:23] [2/456] AMBH
[10:13:24] 🧠 New identity created
[10:13:25] [3/456] PRHN
[10:13:25] [4/456] ACPM
[10:13:26] [5/456] PVFS
[10:13:27] [6/456] AACN
[10:13:28] 🔄 Identity reset
[10:13:28] 🔄 Identity rotated (every 10 requests)
[10:13:28] 🔄 Retry 1/5 for AACN in 2.7s
[10:13:28] 🔄 Identity reset
[10:13:31] 🧠 New identity created
[10:13:31] 🔄 Retry 2/5 for AACN in 4.7s
[10:13:31] 🔄 Identity reset
[10:13:35] 🧠 New identity created
[10:13:36] [7/456] ACAS
[10:13:37] [8/456] CTNR
[10:13:38] [9/456] MMAH
[10:13:39] [10/456] CPMH
[10:13:41] [11/456] IGMH
[10:13:43] [12/456] ABCS
[10:13:44] [13/456] CMMA
[10:13:45] [14/456] GPRH
[10:13:45] 🔄 Identity reset
[10:13:45] 🔄 Identity rotated (every 10 requests)
[10:13:46] [15/456] PNNG
[10:13:48] [16/456] AMCA
[10:13:49] [17/456] ISTN
[10:13:50] [18/456] PIIC
[10:13:51] [19/456] AHMH
[10:13:52] [20/456] ASHN
[10:13:53] [21/456] INHY
[10:13:54] [22/456] SRMO
[10:13:55] [23/456] PIMH
[10:13:56] [24/456] PVTS
[10:13:57] 🔄 Identity reset
[10:13:57] 🔄 Identity rotated (every 10 requests)
[10:13:57] [25/456] MMCA
[10:13:58] [26/456] AKYJ
[10:13:59] [27/456] BRKH
[10:14:00] [28/456] MAHM
[10:14:01] [29/456] CPHY
[10:14:02] [30/456] PVTP
[10:14:03] [31/456] SMMR
[10:14:04] [32/456] PVHM
[10:14:05] [33/456] SNDY
[10:14:06] [34/456] GOKU
[10:14:07] 🔄 Identity reset
[10:14:07] 🔄 Identity rotated (every 10 requests)
[10:14:07] 🔄 Retry 1/5 for GOKU in 2.0s
[10:14:07] 🔄 Identity reset
[10:14:09] 🧠 New identity created
[10:14:09] 🔄 Retry 2/5 for GOKU in 4.9s
[10:14:09] 🔄 Identity reset
[10:14:14] 🧠 New identity created
[10:14:14] [35/456] ACEV
[10:14:15] [36/456] PVUM
[10:14:16] [37/456] VSWA
[10:14:17] [38/456] IPRS
[10:14:18] [39/456] BKMV
[10:14:20] [40/456] PVYH
[10:14:21] [41/456] INKM
[10:14:22] [42/456] ARJU
[10:14:22] 🔄 Identity reset
[10:14:22] 🔄 Identity rotated (every 10 requests)
[10:14:23] [43/456] JJPP
[10:14:24] [44/456] SSRM
[10:14:25] [45/456] HMHD
[10:14:26] [46/456] SNKH
[10:14:27] [47/456] ACHI
[10:14:28] [48/456] MRAA
[10:14:29] [49/456] INMH
[10:14:30] [50/456] ARMH
[10:14:31] [51/456] DVRR
[10:14:32] [52/456] SUDA
[10:14:33] 🔄 Identity reset
[10:14:33] 🔄 Identity rotated (every 10 requests)
[10:14:33] 🔄 Retry 1/5 for SUDA in 2.5s
[10:14:33] 🔄 Identity reset
[10:14:35] 🧠 New identity created
[10:14:37] [53/456] MCSS
[10:14:37] [54/456] VRKC
[10:14:38] [55/456] PRCX
[10:14:40] [56/456] ASJY
[10:14:41] [57/456] MTHY
[10:14:43] [58/456] SRCM
[10:14:44] [59/456] TVHY
[10:14:45] [60/456] STHD
[10:14:45] [61/456] CPCL
[10:14:46] 🔄 Identity reset
[10:14:46] 🔄 Identity rotated (every 10 requests)
[10:14:46] [62/456] PSMJ
[10:14:47] [63/456] MRGT
[10:14:48] [64/456] ARYH
[10:14:49] [65/456] VTRB
[10:14:50] [66/456] SCHC
[10:14:51] [67/456] MRRG
[10:14:52] [68/456] SPCB
[10:14:53] [69/456] AMCM
[10:14:54] [70/456] IVNM
[10:14:56] [71/456] TRHY
[10:14:56] 🔄 Identity reset
[10:14:56] 🔄 Identity rotated (every 10 requests)
[10:14:57] 🔄 Retry 1/5 for TRHY in 2.2s
[10:14:57] 🔄 Identity reset
[10:14:59] 🧠 New identity created
[10:14:59] 🔄 Retry 2/5 for TRHY in 4.0s
[10:14:59] 🔄 Identity reset
[10:15:03] 🧠 New identity created
[10:15:03] 🔄 Retry 3/5 for TRHY in 8.6s
[10:15:03] 🔄 Identity reset
[10:15:12] 🧠 New identity created
[10:15:12] [72/456] PTTH
[10:15:13] [73/456] RKMH
[10:15:14] [74/456] PRCS
[10:15:15] [75/456] VAJA
[10:15:16] [76/456] BJNG
[10:15:16] [77/456] SCVM
[10:15:17] [78/456] GNHB
[10:15:18] 🔄 Identity reset
[10:15:18] 🔄 Identity rotated (every 10 requests)
[10:15:18] [79/456] TLUR
[10:15:19] [80/456] UKCC
[10:15:20] [81/456] SRKR
[10:15:21] [82/456] RMKN
[10:15:22] [83/456] SLRT
[10:15:24] [84/456] LKMT
[10:15:25] [85/456] SSRJ
[10:15:26] [86/456] SPHT
[10:15:27] [87/456] ANTT
[10:15:28] [88/456] SRCH
[10:15:28] 🔄 Identity reset
[10:15:28] 🔄 Identity rotated (every 10 requests)
[10:15:29] [89/456] SRCA
[10:15:30] [90/456] ARTH
[10:15:31] [91/456] MCBH
[10:15:32] [92/456] SNIB
[10:15:33] [93/456] SART
[10:15:34] [94/456] SKTA
[10:15:35] [95/456] YAKT
[10:15:36] [96/456] MLCK
[10:15:37] [97/456] ANTS
[10:15:38] [98/456] DGCA
[10:15:39] 🔄 Identity reset
[10:15:39] 🔄 Identity rotated (every 10 requests)
[10:15:39] [99/456] SGMP
[10:15:40] [100/456] ASWN
[10:15:41] [101/456] KFVU
[10:15:42] [102/456] POOR
[10:15:43] [103/456] GKDN
[10:15:44] [104/456] EOSE
[10:15:45] [105/456] GTTT
[10:15:46] [106/456] ARRO
[10:15:48] [107/456] CMMK
[10:15:48] [108/456] MSCN
[10:15:49] 🔄 Identity reset
[10:15:49] 🔄 Identity rotated (every 10 requests)
[10:15:49] 🔄 Retry 1/5 for MSCN in 2.2s
[10:15:49] 🔄 Identity reset
[10:15:51] 🧠 New identity created
[10:15:52] 🔄 Retry 2/5 for MSCN in 4.9s
[10:15:52] 🔄 Identity reset
[10:15:56] 🧠 New identity created
[10:15:57] [109/456] GDKH
[10:15:58] [110/456] DLMT
[10:15:59] [111/456] PVMF
[10:16:00] [112/456] CPCK
[10:16:01] [113/456] VMHE
[10:16:01] [114/456] PVLC
[10:16:02] [115/456] PCVB
[10:16:03] [116/456] SNYK
[10:16:04] 🔄 Identity reset
[10:16:04] 🔄 Identity rotated (every 10 requests)
[10:16:04] [117/456] KTEK
[10:16:05] [118/456] PCNM
[10:16:06] [119/456] NTTR
[10:16:07] [120/456] CPSK
[10:16:08] [121/456] JMMA
[10:16:09] [122/456] GCFK
[10:16:10] [123/456] MYCA
[10:16:11] [124/456] KSNP
[10:16:12] [125/456] PMCE
[10:16:13] [126/456] SCKI
[10:16:13] 🔄 Identity reset
[10:16:13] 🔄 Identity rotated (every 10 requests)
[10:16:14] 🔄 Retry 1/5 for SCKI in 2.7s
[10:16:14] 🔄 Identity reset
[10:16:16] 🧠 New identity created
[10:16:16] 🔄 Retry 2/5 for SCKI in 4.3s
[10:16:16] 🔄 Identity reset
[10:16:21] 🧠 New identity created
[10:16:21] [127/456] FSMA
[10:16:22] [128/456] CETA
[10:16:23] [129/456] MCIK
[10:16:25] [130/456] MYCR
[10:16:25] [131/456] EVMP
[10:16:26] [132/456] SSGT
[10:16:27] [133/456] KCTK
[10:16:28] [134/456] ZTKC
[10:16:29] 🔄 Identity reset
[10:16:29] 🔄 Identity rotated (every 10 requests)
[10:16:30] [135/456] MMTA
[10:16:31] [136/456] MAJT
[10:16:32] [137/456] ACPK
[10:16:33] [138/456] JMAX
[10:16:34] [139/456] SETK
[10:16:34] [140/456] CAIS
[10:16:35] [141/456] AGCD
[10:16:36] [142/456] URCL
[10:16:38] [143/456] VTDS
[10:16:39] [144/456] JCNM
[10:16:39] 🔄 Identity reset
[10:16:39] 🔄 Identity rotated (every 10 requests)
[10:16:40] [145/456] KCAM
[10:16:41] [146/456] ADCU
[10:16:42] [147/456] GXYN
[10:16:43] [148/456] SMJG
[10:16:44] [149/456] EYCJ
[10:16:45] [150/456] CCEJ
[10:16:46] [151/456] MARS
[10:16:47] [152/456] CPVJ
[10:16:48] [153/456] INVP
[10:16:49] [154/456] CPOV
[10:16:49] 🔄 Identity reset
[10:16:50] 🔄 Identity rotated (every 10 requests)
[10:16:50] 🔄 Retry 1/5 for CPOV in 2.5s
[10:16:50] 🔄 Identity reset
[10:16:52] 🧠 New identity created
[10:16:52] 🔄 Retry 2/5 for CPOV in 4.2s
[10:16:52] 🔄 Identity reset
[10:16:56] 🧠 New identity created
[10:16:57] [155/456] VIJK
[10:16:58] [156/456] LAIM
[10:16:59] [157/456] STHV
[10:17:00] [158/456] SVLJ
[10:17:01] [159/456] ATVJ
[10:17:02] [160/456] JTSC
[10:17:03] [161/456] RMTV
[10:17:04] [162/456] MGGG
[10:17:04] 🔄 Identity reset
[10:17:04] 🔄 Identity rotated (every 10 requests)
[10:17:05] [163/456] SWTH
[10:17:07] [164/456] INVJ
[10:17:08] [165/456] PRSV
[10:17:09] [166/456] JATV
[10:17:10] [167/456] RCVD
[10:17:11] [168/456] BDMA
[10:17:12] [169/456] BLJI
[10:17:12] [170/456] SWOT
[10:17:13] [171/456] SWRN
[10:17:14] [172/456] TVRA
[10:17:15] 🔄 Identity reset
[10:17:15] 🔄 Identity rotated (every 10 requests)
[10:17:15] [173/456] NVRN
[10:17:16] [174/456] SIKC
[10:17:18] [175/456] VAKR
[10:17:19] [176/456] SYLN
[10:17:20] [177/456] KLJL
[10:17:21] [178/456] LKMY
[10:17:22] [179/456] VSLY
[10:17:23] [180/456] CIKO
[10:17:24] [181/456] GPBG
[10:17:24] [182/456] CECM
[10:17:25] 🔄 Identity reset
[10:17:25] 🔄 Identity rotated (every 10 requests)
[10:17:25] 🔄 Retry 1/5 for CECM in 2.2s
[10:17:25] 🔄 Identity reset
[10:17:27] 🧠 New identity created
[10:17:28] [183/456] SLKB
[10:17:29] [184/456] MTBO
[10:17:29] [185/456] SSHB
[10:17:30] [186/456] VPCS
[10:17:31] [187/456] RCSR
[10:17:32] [188/456] RJRM
[10:17:33] [189/456] KPPB
[10:17:34] [190/456] SEDC
[10:17:35] [191/456] SCAI
[10:17:35] 🔄 Identity reset
[10:17:35] 🔄 Identity rotated (every 10 requests)
[10:17:36] [192/456] RMTR
[10:17:37] [193/456] ASST
[10:17:38] [194/456] GCAK
[10:17:39] [195/456] ANNK
[10:17:40] [196/456] KDDF
[10:17:41] [197/456] NRDP
[10:17:42] [198/456] PLAK
[10:17:43] [199/456] GCMC
[10:17:44] [200/456] ALPY
[10:17:44] [201/456] SICE
[10:17:45] 🔄 Identity reset
[10:17:45] 🔄 Identity rotated (every 10 requests)
[10:17:46] [202/456] SISR
[10:17:46] [203/456] SRPZ
[10:17:47] [204/456] SRSW
[10:17:48] [205/456] SUYA
[10:17:49] [206/456] AMMT
[10:17:50] [207/456] BHCU
[10:17:51] [208/456] KLPA
[10:17:52] [209/456] NVKH
[10:17:53] [210/456] JMRC
[10:17:54] [211/456] KTTT
[10:17:54] 🔄 Identity reset
[10:17:54] 🔄 Identity rotated (every 10 requests)
[10:17:55] 🔄 Retry 1/5 for KTTT in 2.4s
[10:17:55] 🔄 Identity reset
[10:17:57] 🧠 New identity created
[10:17:57] 🔄 Retry 2/5 for KTTT in 4.5s
[10:17:57] 🔄 Identity reset
[10:18:02] 🧠 New identity created
[10:18:02] [212/456] MAGH
[10:18:03] [213/456] MMMX
[10:18:04] [214/456] SALJ
[10:18:05] [215/456] GTJA
[10:18:06] [216/456] MAHT
[10:18:07] [217/456] SSNN
[10:18:08] [218/456] ARRP
[10:18:09] [219/456] ATNS
[10:18:10] 🔄 Identity reset
[10:18:10] 🔄 Identity rotated (every 10 requests)
[10:18:10] [220/456] SKDT
[10:18:11] [221/456] ACAT
[10:18:12] [222/456] APRC
[10:18:13] [223/456] SWAG
[10:18:14] [224/456] SDPT
[10:18:15] [225/456] STPS
[10:18:15] [226/456] WWCZ
[10:18:16] [227/456] LLCH
[10:18:17] [228/456] MZHA
[10:18:18] [229/456] CRJG
[10:18:19] 🔄 Identity reset
[10:18:19] 🔄 Identity rotated (every 10 requests)
[10:18:19] 🔄 Retry 1/5 for CRJG in 2.2s
[10:18:19] 🔄 Identity reset
[10:18:22] 🧠 New identity created
[10:18:22] 🔄 Retry 2/5 for CRJG in 4.3s
[10:18:22] 🔄 Identity reset
[10:18:26] 🧠 New identity created
[10:18:26] [230/456] JGTK
[10:18:28] [231/456] KCSR
[10:18:28] [232/456] CHTL
[10:18:29] [233/456] EDSR
[10:18:31] [234/456] CSWO
[10:18:33] [235/456] CPVM
[10:18:33] [236/456] MXBY
[10:18:34] [237/456] FMMA
[10:18:35] 🔄 Identity reset
[10:18:35] 🔄 Identity rotated (every 10 requests)
[10:18:36] [238/456] POVI
[10:18:37] [239/456] MTHB
[10:18:38] [240/456] INRC
[10:18:39] [241/456] PIPP
[10:18:40] [242/456] BMXC
[10:18:41] [243/456] PCMM
[10:18:42] [244/456] PMKM
[10:18:43] [245/456] GATY
[10:18:44] [246/456] IMCM
[10:18:45] [247/456] POPE
[10:18:46] 🔄 Identity reset
[10:18:46] 🔄 Identity rotated (every 10 requests)
[10:18:46] 🔄 Retry 1/5 for POPE in 2.4s
[10:18:46] 🔄 Identity reset
[10:18:48] 🧠 New identity created
[10:18:49] 🔄 Retry 2/5 for POPE in 4.9s
[10:18:49] 🔄 Identity reset
[10:18:53] 🧠 New identity created
[10:18:54] [248/456] MTCR
[10:18:55] [249/456] PVAE
[10:18:56] [250/456] PVMI
[10:18:57] [251/456] CPNM
[10:18:58] [252/456] FMRL
[10:18:59] [253/456] MCIW
[10:19:00] [254/456] MXBO
[10:19:01] [255/456] FMKY
[10:19:01] 🔄 Identity reset
[10:19:01] 🔄 Identity rotated (every 10 requests)
[10:19:01] [256/456] FMDA
[10:19:02] [257/456] THAB
[10:19:03] [258/456] PRCW
[10:19:04] [259/456] PITI
[10:19:05] [260/456] MCFF
[10:19:06] [261/456] PDDV
[10:19:07] [262/456] MCRM
[10:19:08] [263/456] KKMB
[10:19:09] [264/456] INKO
[10:19:10] [265/456] PLXP
[10:19:10] 🔄 Identity reset
[10:19:10] 🔄 Identity rotated (every 10 requests)
[10:19:11] [266/456] MMHA
[10:19:12] [267/456] FMVS
[10:19:13] [268/456] POLM
[10:19:14] [269/456] STER
[10:19:15] [270/456] PVWJ
[10:19:16] [271/456] IMJW
[10:19:17] [272/456] FNAN
[10:19:18] [273/456] CAGL
[10:19:19] [274/456] IPBG
[10:19:20] [275/456] SMFV
[10:19:21] 🔄 Identity reset
[10:19:21] 🔄 Identity rotated (every 10 requests)
[10:19:21] 🔄 Retry 1/5 for SMFV in 3.0s
[10:19:21] 🔄 Identity reset
[10:19:24] 🧠 New identity created
[10:19:25] [276/456] MMMR
[10:19:26] [277/456] MMWM
[10:19:27] [278/456] FNCM
[10:19:27] [279/456] MDVA
[10:19:28] [280/456] MMET
[10:19:29] [281/456] MIDO
[10:19:30] [282/456] INNP
[10:19:31] [283/456] MIFU
[10:19:32] [284/456] MMSZ
[10:19:33] 🔄 Identity reset
[10:19:33] 🔄 Identity rotated (every 10 requests)
[10:19:33] [285/456] BMXA
[10:19:34] [286/456] MCAA
[10:19:35] [287/456] SCVP
[10:19:36] [288/456] PLUS
[10:19:37] [289/456] MUCK
[10:19:38] [290/456] MTMA
[10:19:39] [291/456] HPVR
[10:19:39] [292/456] PMPK
[10:19:41] [293/456] MAJB
[10:19:42] [294/456] CTRR
[10:19:42] 🔄 Identity reset
[10:19:42] 🔄 Identity rotated (every 10 requests)
[10:19:43] [295/456] MCTG
[10:19:43] [296/456] MACE
[10:19:44] [297/456] AAAS
[10:19:45] [298/456] CPVV
[10:19:46] [299/456] RCHG
[10:19:47] [300/456] MCNE
[10:19:48] [301/456] EMNC
[10:19:49] [302/456] MCAN
[10:19:50] [303/456] TCDM
[10:19:51] [304/456] IRGT
[10:19:51] 🔄 Identity reset
[10:19:51] 🔄 Identity rotated (every 10 requests)
[10:19:52] 🔄 Retry 1/5 for IRGT in 2.3s
[10:19:52] 🔄 Identity reset
[10:19:54] 🧠 New identity created
[10:19:54] [305/456] GCMG
[10:19:55] [306/456] MXSN
[10:19:56] [307/456] MXCK
[10:19:57] [308/456] MCRC
[10:19:58] [309/456] RSMI
[10:19:59] [310/456] WAML
[10:20:00] [311/456] MTSC
[10:20:01] [312/456] FMDR
[10:20:02] [313/456] LEPV
[10:20:02] 🔄 Identity reset
[10:20:02] 🔄 Identity rotated (every 10 requests)
[10:20:03] [314/456] MTGD
[10:20:04] [315/456] IMOB
[10:20:05] [316/456] CLMM
[10:20:06] [317/456] PZCD
[10:20:07] [318/456] GOCS
[10:20:08] [319/456] KCMA
[10:20:10] [320/456] CCMP
[10:20:11] [321/456] MTSU
[10:20:12] [322/456] SNGL
[10:20:13] [323/456] MMMC
[10:20:14] 🔄 Identity reset
[10:20:14] 🔄 Identity rotated (every 10 requests)
[10:20:14] [324/456] MMAA
[10:20:15] [325/456] GCDM
[10:20:16] [326/456] KTMV
[10:20:17] [327/456] AETE
[10:20:18] [328/456] OMCS
[10:20:20] [329/456] GDCD
[10:20:21] [330/456] NYMD
[10:20:21] [331/456] RNCV
[10:20:22] [332/456] KKMT
[10:20:23] [333/456] GDTH
[10:20:24] 🔄 Identity reset
[10:20:24] 🔄 Identity rotated (every 10 requests)
[10:20:24] [334/456] KMMV
[10:20:25] [335/456] NHCG
[10:20:26] [336/456] PJDW
[10:20:27] [337/456] MMCV
[10:20:29] [338/456] FQSA
[10:20:30] [339/456] KURL
[10:20:32] [340/456] NNNX
[10:20:33] [341/456] AMAU
[10:20:34] [342/456] VVVM
[10:20:35] [343/456] VECU
[10:20:35] 🔄 Identity reset
[10:20:35] 🔄 Identity rotated (every 10 requests)
[10:20:36] [344/456] WCVR
[10:20:37] [345/456] MTGG
[10:20:38] [346/456] SGTG
[10:20:39] [347/456] MNTG
[10:20:41] [348/456] JDDG
[10:20:42] [349/456] MBTK
[10:20:42] [350/456] SGCD
[10:20:44] [351/456] MCTC
[10:20:45] [352/456] JTPC
[10:20:46] [353/456] SDKT
[10:20:46] 🔄 Identity reset
[10:20:46] 🔄 Identity rotated (every 10 requests)
[10:20:47] [354/456] KRCC
[10:20:47] [355/456] RMMD
[10:20:48] [356/456] AAME
[10:20:49] [357/456] TMWC
[10:20:50] [358/456] NRWY
[10:20:51] [359/456] CITD
[10:20:52] [360/456] VERD
[10:20:53] [361/456] MKSK
[10:20:53] [362/456] STSM
[10:20:54] [363/456] MJDG
[10:20:55] 🔄 Identity reset
[10:20:55] 🔄 Identity rotated (every 10 requests)
[10:20:55] [364/456] RKPM
[10:20:56] [365/456] SSCE
[10:20:57] [366/456] VMAE
[10:20:58] [367/456] SBRU
[10:20:59] [368/456] AMBC
[10:21:00] [369/456] AMLU
[10:21:01] [370/456] INVZ
[10:21:02] [371/456] LGTV
[10:21:02] [372/456] SVAD
[10:21:03] [373/456] SMSA
[10:21:04] 🔄 Identity reset
[10:21:04] 🔄 Identity rotated (every 10 requests)
[10:21:04] 🔄 Retry 1/5 for SMSA in 2.2s
[10:21:04] 🔄 Identity reset
[10:21:06] 🧠 New identity created
[10:21:07] [374/456] SPCZ
[10:21:08] [375/456] GTCX
[10:21:09] [376/456] SCSL
[10:21:10] [377/456] SAHU
[10:21:11] [378/456] NCDA
[10:21:12] [379/456] SCCG
[10:21:13] [380/456] VKTL
[10:21:14] [381/456] PUUJ
[10:21:15] [382/456] STEJ
[10:21:16] 🔄 Identity reset
[10:21:16] 🔄 Identity rotated (every 10 requests)
[10:21:16] [383/456] RJAL
[10:21:17] [384/456] ACJC
[10:21:18] [385/456] ARVB
[10:21:19] [386/456] AUBB
[10:21:20] [387/456] GDBR
[10:21:22] [388/456] PVND
[10:21:22] [389/456] BGRJ
[10:21:23] [390/456] RJMM
[10:21:24] [391/456] MCSA
[10:21:25] [392/456] BODA
[10:21:26] 🔄 Identity reset
[10:21:26] 🔄 Identity rotated (every 10 requests)
[10:21:26] [393/456] JAGG
[10:21:27] [394/456] SCGA
[10:21:28] [395/456] LRCM
[10:21:29] [396/456] CPCN
[10:21:30] [397/456] SSTF
[10:21:31] [398/456] SRXP
[10:21:33] [399/456] CNFX
[10:21:34] [400/456] ANDI
[10:21:34] [401/456] SYEW
[10:21:35] [402/456] RCRE
[10:21:36] 🔄 Identity reset
[10:21:36] 🔄 Identity rotated (every 10 requests)
[10:21:36] [403/456] SCRW
[10:21:37] [404/456] MBKR
[10:21:38] [405/456] ASNT
[10:21:40] [406/456] JTMT
[10:21:41] [407/456] SHAY
[10:21:42] [408/456] VRTH
[10:21:43] [409/456] SPTI
[10:21:44] [410/456] DPTD
[10:21:45] [411/456] TGSN
[10:21:46] [412/456] RCWV
[10:21:47] 🔄 Identity reset
[10:21:47] 🔄 Identity rotated (every 10 requests)
[10:21:47] 🔄 Retry 1/5 for RCWV in 2.4s
[10:21:47] 🔄 Identity reset
[10:21:50] 🧠 New identity created
[10:21:50] 🔄 Retry 2/5 for RCWV in 4.8s
[10:21:50] 🔄 Identity reset
[10:21:54] 🧠 New identity created
[10:21:54] 🔄 Retry 3/5 for RCWV in 8.8s
[10:21:54] 🔄 Identity reset
[10:22:03] 🧠 New identity created
[10:22:04] [413/456] OCUR
[10:22:05] [414/456] KSTC
[10:22:06] [415/456] SANI
[10:22:08] [416/456] MLCA
[10:22:08] [417/456] EGCA
[10:22:10] [418/456] SYSN
[10:22:11] [419/456] PKTA
[10:22:12] 🔄 Identity reset
[10:22:12] 🔄 Identity rotated (every 10 requests)
[10:22:12] 🔄 Retry 1/5 for PKTA in 2.9s
[10:22:12] 🔄 Identity reset
[10:22:15] 🧠 New identity created
[10:22:15] [420/456] PRCC
[10:22:16] [421/456] KSTR
[10:22:18] [422/456] SNTP
[10:22:19] [423/456] RCHA
[10:22:20] [424/456] SEEA
[10:22:21] [425/456] ALAT
[10:22:22] [426/456] AATV
[10:22:23] [427/456] RJTE
[10:22:24] [428/456] AAPP
[10:22:24] 🔄 Identity reset
[10:22:24] 🔄 Identity rotated (every 10 requests)
[10:22:25] [429/456] PMMH
[10:22:26] [430/456] INRJ
[10:22:27] [431/456] SARB
[10:22:28] [432/456] PCJL
[10:22:30] [433/456] PFJJ
[10:22:31] [434/456] GRDC
[10:22:32] [435/456] BCBA
[10:22:33] [436/456] VIXL
[10:22:34] [437/456] CSTL
[10:22:35] [438/456] MTDK
[10:22:36] 🔄 Identity reset
[10:22:36] 🔄 Identity rotated (every 10 requests)
[10:22:36] [439/456] TDAC
[10:22:37] [440/456] GTDN
[10:22:38] [441/456] TTDE
[10:22:40] [442/456] ASTS
[10:22:41] [443/456] CPNS
[10:22:41] [444/456] PVVW
[10:22:42] [445/456] USEB
[10:22:43] [446/456] DTYN
[10:22:44] [447/456] PVLE
[10:22:45] [448/456] CIPS
[10:22:45] 🔄 Identity reset
[10:22:45] 🔄 Identity rotated (every 10 requests)
[10:22:46] 🔄 Retry 1/5 for CIPS in 2.2s
[10:22:46] 🔄 Identity reset
[10:22:48] 🧠 New identity created
[10:22:48] [449/456] PAEG
[10:22:49] [450/456] PTCW
[10:22:50] [451/456] G3SR
[10:22:51] [452/456] PGND
[10:22:52] [453/456] INVM
[10:22:53] [454/456] SPIA
[10:22:54] [455/456] PCSN
[10:22:56] [456/456] PPGV
[10:22:57] 🔁 RETRY ROUND 1 | Remaining: 1
[10:22:57] [RETRY-1] FNDB
[10:22:59] 🔄 Identity reset
[10:22:59] 🔄 Identity rotated (every 10 requests)
[10:23:00] 🧹 Deduping shows
[10:23:00] ✅ DONE | Shows=42 | Movies=9
[04:58:48] 🚀 SCRIPT STARTED (enhanced anti‑detection)
[04:58:48] [1/456] FNDB
[04:58:49] 🧠 New identity created
[04:58:50] [2/456] AMBH
[04:58:51] [3/456] PRHN
[04:58:52] [4/456] ACPM
[04:58:53] [5/456] PVFS
[04:58:53] [6/456] AACN
[04:58:54] [7/456] ACAS
[04:58:55] [8/456] CTNR
[04:58:56] [9/456] MMAH
[04:58:57] [10/456] CPMH
[04:58:58] 🔄 Identity reset
[04:58:58] 🔄 Identity rotated (every 10 requests)
[04:58:58] 🔄 Retry 1/5 for CPMH in 2.1s
[04:58:58] 🔄 Identity reset
[04:59:00] 🧠 New identity created
[04:59:00] [11/456] IGMH
[04:59:01] [12/456] ABCS
[04:59:02] [13/456] CMMA
[04:59:03] [14/456] GPRH
[04:59:03] [15/456] PNNG
[04:59:04] [16/456] AMCA
[04:59:05] [17/456] ISTN
[04:59:06] [18/456] PIIC
[04:59:07] [19/456] AHMH
[04:59:07] 🔄 Identity reset
[04:59:07] 🔄 Identity rotated (every 10 requests)
[04:59:08] [20/456] ASHN
[04:59:09] [21/456] INHY
[04:59:10] [22/456] SRMO
[04:59:11] [23/456] PIMH
[04:59:12] [24/456] PVTS
[04:59:12] [25/456] MMCA
[04:59:13] [26/456] AKYJ
[04:59:14] [27/456] BRKH
[04:59:15] [28/456] MAHM
[04:59:16] [29/456] CPHY
[04:59:17] 🔄 Identity reset
[04:59:17] 🔄 Identity rotated (every 10 requests)
[04:59:17] [30/456] PVTP
[04:59:18] [31/456] SMMR
[04:59:19] [32/456] PVHM
[04:59:19] [33/456] SNDY
[04:59:20] [34/456] GOKU
[04:59:21] [35/456] ACEV
[04:59:22] [36/456] PVUM
[04:59:23] [37/456] VSWA
[04:59:24] [38/456] IPRS
[04:59:25] [39/456] BKMV
[04:59:26] 🔄 Identity reset
[04:59:26] 🔄 Identity rotated (every 10 requests)
[04:59:26] [40/456] PVYH
[04:59:27] [41/456] INKM
[04:59:28] [42/456] ARJU
[04:59:29] [43/456] JJPP
[04:59:29] [44/456] SSRM
[04:59:30] [45/456] HMHD
[04:59:31] [46/456] SNKH
[04:59:32] [47/456] ACHI
[04:59:33] [48/456] MRAA
[04:59:34] [49/456] INMH
[04:59:35] 🔄 Identity reset
[04:59:35] 🔄 Identity rotated (every 10 requests)
[04:59:35] [50/456] ARMH
[04:59:36] [51/456] DVRR
[04:59:37] [52/456] SUDA
[04:59:38] [53/456] MCSS
[04:59:39] [54/456] VRKC
[04:59:39] [55/456] PRCX
[04:59:40] [56/456] ASJY
[04:59:41] [57/456] MTHY
[04:59:42] [58/456] SRCM
[04:59:43] [59/456] TVHY
[04:59:43] 🔄 Identity reset
[04:59:43] 🔄 Identity rotated (every 10 requests)
[04:59:44] [60/456] STHD
[04:59:44] [61/456] CPCL
[04:59:46] [62/456] PSMJ
[04:59:48] [63/456] MRGT
[04:59:49] [64/456] ARYH
[04:59:50] [65/456] VTRB
[04:59:51] [66/456] SCHC
[04:59:52] [67/456] MRRG
[04:59:53] [68/456] SPCB
[04:59:54] [69/456] AMCM
[04:59:55] 🔄 Identity reset
[04:59:55] 🔄 Identity rotated (every 10 requests)
[04:59:55] 🔄 Retry 1/5 for AMCM in 2.2s
[04:59:55] 🔄 Identity reset
[04:59:57] 🧠 New identity created
[04:59:57] [70/456] IVNM
[04:59:58] [71/456] TRHY
[04:59:59] [72/456] PTTH
[05:00:00] [73/456] RKMH
[05:00:01] [74/456] PRCS
[05:00:01] [75/456] VAJA
[05:00:02] [76/456] BJNG
[05:00:03] [77/456] SCVM
[05:00:04] [78/456] GNHB
[05:00:04] 🔄 Identity reset
[05:00:04] 🔄 Identity rotated (every 10 requests)
[05:00:05] [79/456] TLUR
[05:00:05] [80/456] UKCC
[05:00:06] [81/456] SRKR
[05:00:07] [82/456] RMKN
[05:00:08] [83/456] SLRT
[05:00:09] [84/456] LKMT
[05:00:09] [85/456] SSRJ
[05:00:10] [86/456] SPHT
[05:00:11] [87/456] ANTT
[05:00:12] [88/456] SRCH
[05:00:13] 🔄 Identity reset
[05:00:13] 🔄 Identity rotated (every 10 requests)
[05:00:13] [89/456] SRCA
[05:00:14] [90/456] ARTH
[05:00:15] [91/456] MCBH
[05:00:16] [92/456] SNIB
[05:00:17] [93/456] SART
[05:00:18] [94/456] SKTA
[05:00:18] [95/456] YAKT
[05:00:19] [96/456] MLCK
[05:00:20] [97/456] ANTS
[05:00:21] [98/456] DGCA
[05:00:22] 🔄 Identity reset
[05:00:22] 🔄 Identity rotated (every 10 requests)
[05:00:22] 🔄 Retry 1/5 for DGCA in 3.0s
[05:00:22] 🔄 Identity reset
[05:00:25] 🧠 New identity created
[05:00:25] [99/456] SGMP
[05:00:26] [100/456] ASWN
[05:00:27] [101/456] KFVU
[05:00:28] [102/456] POOR
[05:00:29] [103/456] GKDN
[05:00:29] [104/456] EOSE
[05:00:31] [105/456] GTTT
[05:00:32] [106/456] ARRO
[05:00:33] [107/456] CMMK
[05:00:33] 🔄 Identity reset
[05:00:33] 🔄 Identity rotated (every 10 requests)
[05:00:34] [108/456] MSCN
[05:00:34] [109/456] GDKH
[05:00:35] [110/456] DLMT
[05:00:36] [111/456] PVMF
[05:00:37] [112/456] CPCK
[05:00:38] [113/456] VMHE
[05:00:39] [114/456] PVLC
[05:00:40] [115/456] PCVB
[05:00:40] [116/456] SNYK
[05:00:41] [117/456] KTEK
[05:00:42] 🔄 Identity reset
[05:00:42] 🔄 Identity rotated (every 10 requests)
[05:00:42] [118/456] PCNM
[05:00:44] [119/456] NTTR
[05:00:44] [120/456] CPSK
[05:00:46] [121/456] JMMA
[05:00:47] [122/456] GCFK
[05:00:48] [123/456] MYCA
[05:00:49] [124/456] KSNP
[05:00:50] [125/456] PMCE
[05:00:51] [126/456] SCKI
[05:00:52] [127/456] FSMA
[05:00:53] 🔄 Identity reset
[05:00:53] 🔄 Identity rotated (every 10 requests)
[05:00:53] [128/456] CETA
[05:00:54] [129/456] MCIK
[05:00:55] [130/456] MYCR
[05:00:56] [131/456] EVMP
[05:00:56] [132/456] SSGT
[05:00:57] [133/456] KCTK
[05:00:58] [134/456] ZTKC
[05:00:59] [135/456] MMTA
[05:01:00] [136/456] MAJT
[05:01:01] [137/456] ACPK
[05:01:01] 🔄 Identity reset
[05:01:01] 🔄 Identity rotated (every 10 requests)
[05:01:02] [138/456] JMAX
[05:01:02] [139/456] SETK
[05:01:03] [140/456] CAIS
[05:01:04] [141/456] AGCD
[05:01:05] [142/456] URCL
[05:01:06] [143/456] VTDS
[05:01:07] [144/456] JCNM
[05:01:08] [145/456] KCAM
[05:01:09] [146/456] ADCU
[05:01:09] [147/456] GXYN
[05:01:10] 🔄 Identity reset
[05:01:10] 🔄 Identity rotated (every 10 requests)
[05:01:10] [148/456] SMJG
[05:01:11] [149/456] EYCJ
[05:01:12] [150/456] CCEJ
[05:01:13] [151/456] MARS
[05:01:13] [152/456] CPVJ
[05:01:14] [153/456] INVP
[05:01:15] [154/456] CPOV
[05:01:16] [155/456] VIJK
[05:01:17] [156/456] LAIM
[05:01:18] [157/456] STHV
[05:01:18] 🔄 Identity reset
[05:01:18] 🔄 Identity rotated (every 10 requests)
[05:01:18] [158/456] SVLJ
[05:01:19] [159/456] ATVJ
[05:01:20] [160/456] JTSC
[05:01:21] [161/456] RMTV
[05:01:22] [162/456] MGGG
[05:01:23] [163/456] SWTH
[05:01:23] [164/456] INVJ
[05:01:24] [165/456] PRSV
[05:01:25] [166/456] JATV
[05:01:26] [167/456] RCVD
[05:01:26] 🔄 Identity reset
[05:01:26] 🔄 Identity rotated (every 10 requests)
[05:01:27] [168/456] BDMA
[05:01:27] [169/456] BLJI
[05:01:28] [170/456] SWOT
[05:01:29] [171/456] SWRN
[05:01:30] [172/456] TVRA
[05:01:31] [173/456] NVRN
[05:01:32] [174/456] SIKC
[05:01:32] [175/456] VAKR
[05:01:33] [176/456] SYLN
[05:01:34] [177/456] KLJL
[05:01:35] 🔄 Identity reset
[05:01:35] 🔄 Identity rotated (every 10 requests)
[05:01:35] 🔄 Retry 1/5 for KLJL in 2.1s
[05:01:35] 🔄 Identity reset
[05:01:37] 🧠 New identity created
[05:01:37] [178/456] LKMY
[05:01:38] [179/456] VSLY
[05:01:39] [180/456] CIKO
[05:01:40] [181/456] GPBG
[05:01:41] [182/456] CECM
[05:01:42] [183/456] SLKB
[05:01:43] [184/456] MTBO
[05:01:44] [185/456] SSHB
[05:01:45] [186/456] VPCS
[05:01:46] 🔄 Identity reset
[05:01:46] 🔄 Identity rotated (every 10 requests)
[05:01:46] [187/456] RCSR
[05:01:47] [188/456] RJRM
[05:01:48] [189/456] KPPB
[05:01:49] [190/456] SEDC
[05:01:49] [191/456] SCAI
[05:01:50] [192/456] RMTR
[05:01:51] [193/456] ASST
[05:01:52] [194/456] GCAK
[05:01:53] [195/456] ANNK
[05:01:54] [196/456] KDDF
[05:01:54] 🔄 Identity reset
[05:01:54] 🔄 Identity rotated (every 10 requests)
[05:01:55] [197/456] NRDP
[05:01:56] [198/456] PLAK
[05:01:56] [199/456] GCMC
[05:01:57] [200/456] ALPY
[05:01:58] [201/456] SICE
[05:01:59] [202/456] SISR
[05:01:59] [203/456] SRPZ
[05:02:00] [204/456] SRSW
[05:02:01] [205/456] SUYA
[05:02:01] [206/456] AMMT
[05:02:02] 🔄 Identity reset
[05:02:02] 🔄 Identity rotated (every 10 requests)
[05:02:02] [207/456] BHCU
[05:02:03] [208/456] KLPA
[05:02:04] [209/456] NVKH
[05:02:05] [210/456] JMRC
[05:02:06] [211/456] KTTT
[05:02:07] [212/456] MAGH
[05:02:08] [213/456] MMMX
[05:02:08] [214/456] SALJ
[05:02:09] [215/456] GTJA
[05:02:10] [216/456] MAHT
[05:02:11] 🔄 Identity reset
[05:02:11] 🔄 Identity rotated (every 10 requests)
[05:02:11] [217/456] SSNN
[05:02:12] [218/456] ARRP
[05:02:13] [219/456] ATNS
[05:02:14] [220/456] SKDT
[05:02:14] [221/456] ACAT
[05:02:15] [222/456] APRC
[05:02:16] [223/456] SWAG
[05:02:17] [224/456] SDPT
[05:02:18] [225/456] STPS
[05:02:19] [226/456] WWCZ
[05:02:19] 🔄 Identity reset
[05:02:19] 🔄 Identity rotated (every 10 requests)
[05:02:20] [227/456] LLCH
[05:02:20] [228/456] MZHA
[05:02:21] [229/456] CRJG
[05:02:22] [230/456] JGTK
[05:02:23] [231/456] KCSR
[05:02:24] [232/456] CHTL
[05:02:25] [233/456] EDSR
[05:02:26] [234/456] CSWO
[05:02:27] [235/456] CPVM
[05:02:28] [236/456] MXBY
[05:02:29] 🔄 Identity reset
[05:02:29] 🔄 Identity rotated (every 10 requests)
[05:02:29] [237/456] FMMA
[05:02:30] [238/456] POVI
[05:02:31] [239/456] MTHB
[05:02:31] [240/456] INRC
[05:02:32] [241/456] PIPP
[05:02:33] [242/456] BMXC
[05:02:34] [243/456] PCMM
[05:02:35] [244/456] PMKM
[05:02:36] [245/456] GATY
[05:02:36] [246/456] IMCM
[05:02:37] 🔄 Identity reset
[05:02:37] 🔄 Identity rotated (every 10 requests)
[05:02:37] [247/456] POPE
[05:02:38] [248/456] MTCR
[05:02:39] [249/456] PVAE
[05:02:40] [250/456] PVMI
[05:02:41] [251/456] CPNM
[05:02:42] [252/456] FMRL
[05:02:42] [253/456] MCIW
[05:02:43] [254/456] MXBO
[05:02:44] [255/456] FMKY
[05:02:45] [256/456] FMDA
[05:02:45] 🔄 Identity reset
[05:02:45] 🔄 Identity rotated (every 10 requests)
[05:02:46] [257/456] THAB
[05:02:47] [258/456] PRCW
[05:02:48] [259/456] PITI
[05:02:49] [260/456] MCFF
[05:02:50] [261/456] PDDV
[05:02:51] [262/456] MCRM
[05:02:51] [263/456] KKMB
[05:02:52] [264/456] INKO
[05:02:53] [265/456] PLXP
[05:02:54] [266/456] MMHA
[05:02:55] 🔄 Identity reset
[05:02:55] 🔄 Identity rotated (every 10 requests)
[05:02:55] [267/456] FMVS
[05:02:56] [268/456] POLM
[05:02:56] [269/456] STER
[05:02:58] [270/456] PVWJ
[05:02:59] [271/456] IMJW
[05:03:00] [272/456] FNAN
[05:03:01] [273/456] CAGL
[05:03:01] [274/456] IPBG
[05:03:02] [275/456] SMFV
[05:03:03] [276/456] MMMR
[05:03:04] 🔄 Identity reset
[05:03:04] 🔄 Identity rotated (every 10 requests)
[05:03:04] [277/456] MMWM
[05:03:05] [278/456] FNCM
[05:03:06] [279/456] MDVA
[05:03:07] [280/456] MMET
[05:03:08] [281/456] MIDO
[05:03:09] [282/456] INNP
[05:03:10] [283/456] MIFU
[05:03:11] [284/456] MMSZ
[05:03:12] [285/456] BMXA
[05:03:13] [286/456] MCAA
[05:03:13] 🔄 Identity reset
[05:03:13] 🔄 Identity rotated (every 10 requests)
[05:03:13] [287/456] SCVP
[05:03:14] [288/456] PLUS
[05:03:15] [289/456] MUCK
[05:03:16] [290/456] MTMA
[05:03:17] [291/456] HPVR
[05:03:17] [292/456] PMPK
[05:03:18] [293/456] MAJB
[05:03:19] [294/456] CTRR
[05:03:20] [295/456] MCTG
[05:03:21] [296/456] MACE
[05:03:21] 🔄 Identity reset
[05:03:21] 🔄 Identity rotated (every 10 requests)
[05:03:22] [297/456] AAAS
[05:03:23] [298/456] CPVV
[05:03:24] [299/456] RCHG
[05:03:25] [300/456] MCNE
[05:03:26] [301/456] EMNC
[05:03:27] [302/456] MCAN
[05:03:28] [303/456] TCDM
[05:03:29] [304/456] IRGT
[05:03:30] [305/456] GCMG
[05:03:31] [306/456] MXSN
[05:03:32] 🔄 Identity reset
[05:03:32] 🔄 Identity rotated (every 10 requests)
[05:03:32] [307/456] MXCK
[05:03:33] [308/456] MCRC
[05:03:34] [309/456] RSMI
[05:03:35] [310/456] WAML
[05:03:36] [311/456] MTSC
[05:03:37] [312/456] FMDR
[05:03:37] [313/456] LEPV
[05:03:38] [314/456] MTGD
[05:03:39] [315/456] IMOB
[05:03:40] [316/456] CLMM
[05:03:41] 🔄 Identity reset
[05:03:41] 🔄 Identity rotated (every 10 requests)
[05:03:41] [317/456] PZCD
[05:03:42] [318/456] GOCS
[05:03:42] [319/456] KCMA
[05:03:44] [320/456] CCMP
[05:03:45] [321/456] MTSU
[05:03:45] [322/456] SNGL
[05:03:46] [323/456] MMMC
[05:03:47] [324/456] MMAA
[05:03:48] [325/456] GCDM
[05:03:49] [326/456] KTMV
[05:03:49] 🔄 Identity reset
[05:03:49] 🔄 Identity rotated (every 10 requests)
[05:03:49] 🔄 Retry 1/5 for KTMV in 2.8s
[05:03:49] 🔄 Identity reset
[05:03:52] 🧠 New identity created
[05:03:53] [327/456] AETE
[05:03:53] [328/456] OMCS
[05:03:54] [329/456] GDCD
[05:03:55] [330/456] NYMD
[05:03:56] [331/456] RNCV
[05:03:57] [332/456] KKMT
[05:03:57] [333/456] GDTH
[05:03:58] [334/456] KMMV
[05:03:59] [335/456] NHCG
[05:04:00] 🔄 Identity reset
[05:04:00] 🔄 Identity rotated (every 10 requests)
[05:04:00] 🔄 Retry 1/5 for NHCG in 2.4s
[05:04:00] 🔄 Identity reset
[05:04:02] 🧠 New identity created
[05:04:03] [336/456] PJDW
[05:04:03] [337/456] MMCV
[05:04:05] [338/456] FQSA
[05:04:06] [339/456] KURL
[05:04:07] [340/456] NNNX
[05:04:07] [341/456] AMAU
[05:04:08] [342/456] VVVM
[05:04:09] [343/456] VECU
[05:04:10] [344/456] WCVR
[05:04:11] 🔄 Identity reset
[05:04:11] 🔄 Identity rotated (every 10 requests)
[05:04:12] [345/456] MTGG
[05:04:13] [346/456] SGTG
[05:04:14] [347/456] MNTG
[05:04:14] [348/456] JDDG
[05:04:15] [349/456] MBTK
[05:04:16] [350/456] SGCD
[05:04:17] [351/456] MCTC
[05:04:18] [352/456] JTPC
[05:04:19] [353/456] SDKT
[05:04:20] [354/456] KRCC
[05:04:20] 🔄 Identity reset
[05:04:20] 🔄 Identity rotated (every 10 requests)
[05:04:20] 🔄 Retry 1/5 for KRCC in 2.8s
[05:04:20] 🔄 Identity reset
[05:04:23] 🧠 New identity created
[05:04:24] [355/456] RMMD
[05:04:25] [356/456] AAME
[05:04:26] [357/456] TMWC
[05:04:27] [358/456] NRWY
[05:04:28] [359/456] CITD
[05:04:28] [360/456] VERD
[05:04:29] [361/456] MKSK
[05:04:30] [362/456] STSM
[05:04:31] [363/456] MJDG
[05:04:31] 🔄 Identity reset
[05:04:31] 🔄 Identity rotated (every 10 requests)
[05:04:32] [364/456] RKPM
[05:04:33] [365/456] SSCE
[05:04:34] [366/456] VMAE
[05:04:35] [367/456] SBRU
[05:04:36] [368/456] AMBC
[05:04:36] [369/456] AMLU
[05:04:37] [370/456] INVZ
[05:04:38] [371/456] LGTV
[05:04:39] [372/456] SVAD
[05:04:40] [373/456] SMSA
[05:04:41] 🔄 Identity reset
[05:04:41] 🔄 Identity rotated (every 10 requests)
[05:04:41] [374/456] SPCZ
[05:04:42] [375/456] GTCX
[05:04:43] [376/456] SCSL
[05:04:44] [377/456] SAHU
[05:04:45] [378/456] NCDA
[05:04:46] [379/456] SCCG
[05:04:46] [380/456] VKTL
[05:04:47] [381/456] PUUJ
[05:04:48] [382/456] STEJ
[05:04:49] [383/456] RJAL
[05:04:49] 🔄 Identity reset
[05:04:50] 🔄 Identity rotated (every 10 requests)
[05:04:50] [384/456] ACJC
[05:04:51] [385/456] ARVB
[05:04:51] [386/456] AUBB
[05:04:52] [387/456] GDBR
[05:04:53] [388/456] PVND
[05:04:54] [389/456] BGRJ
[05:04:55] [390/456] RJMM
[05:04:56] [391/456] MCSA
[05:04:57] [392/456] BODA
[05:04:58] [393/456] JAGG
[05:04:58] 🔄 Identity reset
[05:04:58] 🔄 Identity rotated (every 10 requests)
[05:04:58] [394/456] SCGA
[05:04:59] [395/456] LRCM
[05:05:01] [396/456] CPCN
[05:05:02] [397/456] SSTF
[05:05:03] [398/456] SRXP
[05:05:03] [399/456] CNFX
[05:05:04] [400/456] ANDI
[05:05:05] [401/456] SYEW
[05:05:06] [402/456] RCRE
[05:05:07] [403/456] SCRW
[05:05:07] 🔄 Identity reset
[05:05:07] 🔄 Identity rotated (every 10 requests)
[05:05:08] [404/456] MBKR
[05:05:09] [405/456] ASNT
[05:05:10] [406/456] JTMT
[05:05:11] [407/456] SHAY
[05:05:12] [408/456] VRTH
[05:05:13] [409/456] SPTI
[05:05:13] [410/456] DPTD
[05:05:14] [411/456] TGSN
[05:05:15] [412/456] RCWV
[05:05:16] [413/456] OCUR
[05:05:17] 🔄 Identity reset
[05:05:17] 🔄 Identity rotated (every 10 requests)
[05:05:17] [414/456] KSTC
[05:05:18] [415/456] SANI
[05:05:19] [416/456] MLCA
[05:05:19] [417/456] EGCA
[05:05:20] [418/456] SYSN
[05:05:21] [419/456] PKTA
[05:05:22] [420/456] PRCC
[05:05:23] [421/456] KSTR
[05:05:24] [422/456] SNTP
[05:05:25] [423/456] RCHA
[05:05:25] 🔄 Identity reset
[05:05:25] 🔄 Identity rotated (every 10 requests)
[05:05:26] [424/456] SEEA
[05:05:27] [425/456] ALAT
[05:05:27] [426/456] AATV
[05:05:28] [427/456] RJTE
[05:05:29] [428/456] AAPP
[05:05:30] [429/456] PMMH
[05:05:31] [430/456] INRJ
[05:05:32] [431/456] SARB
[05:05:32] [432/456] PCJL
[05:05:33] [433/456] PFJJ
[05:05:34] 🔄 Identity reset
[05:05:34] 🔄 Identity rotated (every 10 requests)
[05:05:34] [434/456] GRDC
[05:05:35] [435/456] BCBA
[05:05:36] [436/456] VIXL
[05:05:37] [437/456] CSTL
[05:05:38] [438/456] MTDK
[05:05:39] [439/456] TDAC
[05:05:40] [440/456] GTDN
[05:05:41] [441/456] TTDE
[05:05:42] [442/456] ASTS
[05:05:43] [443/456] CPNS
[05:05:44] 🔄 Identity reset
[05:05:44] 🔄 Identity rotated (every 10 requests)
[05:05:44] [444/456] PVVW
[05:05:46] [445/456] USEB
[05:05:47] [446/456] DTYN
[05:05:47] [447/456] PVLE
[05:05:48] [448/456] CIPS
[05:05:50] [449/456] PAEG
[05:05:50] [450/456] PTCW
[05:05:51] [451/456] G3SR
[05:05:52] [452/456] PGND
[05:05:53] [453/456] INVM
[05:05:53] 🔄 Identity reset
[05:05:53] 🔄 Identity rotated (every 10 requests)
[05:05:54] [454/456] SPIA
[05:05:55] [455/456] PCSN
[05:05:56] [456/456] PPGV
[05:05:57] 🧹 Deduping shows
[05:05:57] ✅ DONE | Shows=308 | Movies=28
[12:25:38] 🚀 SCRIPT STARTED (enhanced anti‑detection)
[12:25:38] [1/456] FNDB
[12:25:39] 🧠 New identity created
[12:25:39] [2/456] AMBH
[12:25:40] [3/456] PRHN
[12:25:41] [4/456] ACPM
[12:25:42] [5/456] PVFS
[12:25:43] [6/456] AACN
[12:25:43] [7/456] ACAS
[12:25:44] [8/456] CTNR
[12:25:46] [9/456] MMAH
[12:25:47] [10/456] CPMH
[12:25:47] 🔄 Identity reset
[12:25:47] 🔄 Identity rotated (every 10 requests)
[12:25:48] [11/456] IGMH
[12:25:49] [12/456] ABCS
[12:25:50] [13/456] CMMA
[12:25:51] [14/456] GPRH
[12:25:52] [15/456] PNNG
[12:25:52] [16/456] AMCA
[12:25:53] [17/456] ISTN
[12:25:54] [18/456] PIIC
[12:25:55] [19/456] AHMH
[12:25:56] [20/456] ASHN
[12:25:57] 🔄 Identity reset
[12:25:57] 🔄 Identity rotated (every 10 requests)
[12:25:57] [21/456] INHY
[12:25:58] [22/456] SRMO
[12:25:59] [23/456] PIMH
[12:26:00] [24/456] PVTS
[12:26:01] [25/456] MMCA
[12:26:02] [26/456] AKYJ
[12:26:03] [27/456] BRKH
[12:26:04] [28/456] MAHM
[12:26:05] [29/456] CPHY
[12:26:06] [30/456] PVTP
[12:26:07] 🔄 Identity reset
[12:26:07] 🔄 Identity rotated (every 10 requests)
[12:26:07] 🔄 Retry 1/5 for PVTP in 2.8s
[12:26:07] 🔄 Identity reset
[12:26:10] 🧠 New identity created
[12:26:10] [31/456] SMMR
[12:26:11] [32/456] PVHM
[12:26:12] [33/456] SNDY
[12:26:13] [34/456] GOKU
[12:26:13] [35/456] ACEV
[12:26:15] [36/456] PVUM
[12:26:16] [37/456] VSWA
[12:26:17] [38/456] IPRS
[12:26:18] [39/456] BKMV
[12:26:18] 🔄 Identity reset
[12:26:18] 🔄 Identity rotated (every 10 requests)
[12:26:19] [40/456] PVYH
[12:26:20] [41/456] INKM
[12:26:21] [42/456] ARJU
[12:26:22] [43/456] JJPP
[12:26:23] [44/456] SSRM
[12:26:24] [45/456] HMHD
[12:26:25] [46/456] SNKH
[12:26:26] [47/456] ACHI
[12:26:27] [48/456] MRAA
[12:26:28] [49/456] INMH
[12:26:28] 🔄 Identity reset
[12:26:28] 🔄 Identity rotated (every 10 requests)
[12:26:28] 🔄 Retry 1/5 for INMH in 3.0s
[12:26:28] 🔄 Identity reset
[12:26:31] 🧠 New identity created
[12:26:32] [50/456] ARMH
[12:26:33] [51/456] DVRR
[12:26:34] [52/456] SUDA
[12:26:35] [53/456] MCSS
[12:26:36] [54/456] VRKC
[12:26:37] [55/456] PRCX
[12:26:37] [56/456] ASJY
[12:26:38] [57/456] MTHY
[12:26:39] [58/456] SRCM
[12:26:40] 🔄 Identity reset
[12:26:40] 🔄 Identity rotated (every 10 requests)
[12:26:40] 🔄 Retry 1/5 for SRCM in 2.7s
[12:26:40] 🔄 Identity reset
[12:26:43] 🧠 New identity created
[12:26:43] 🔄 Retry 2/5 for SRCM in 4.2s
[12:26:43] 🔄 Identity reset
[12:26:47] 🧠 New identity created
[12:26:48] [59/456] TVHY
[12:26:49] [60/456] STHD
[12:26:50] [61/456] CPCL
[12:26:51] [62/456] PSMJ
[12:26:52] [63/456] MRGT
[12:26:53] [64/456] ARYH
[12:26:53] [65/456] VTRB
[12:26:54] [66/456] SCHC
[12:26:55] 🔄 Identity reset
[12:26:55] 🔄 Identity rotated (every 10 requests)
[12:26:55] 🔄 Retry 1/5 for SCHC in 2.1s
[12:26:55] 🔄 Identity reset
[12:26:57] 🧠 New identity created
[12:26:57] 🔄 Retry 2/5 for SCHC in 4.5s
[12:26:57] 🔄 Identity reset
[12:27:01] 🧠 New identity created
[12:27:01] 🔄 Retry 3/5 for SCHC in 8.9s
[12:27:01] 🔄 Identity reset
[12:27:10] 🧠 New identity created
[12:27:11] [67/456] MRRG
[12:27:12] [68/456] SPCB
[12:27:13] [69/456] AMCM
[12:27:14] [70/456] IVNM
[12:27:14] [71/456] TRHY
[12:27:15] [72/456] PTTH
[12:27:16] [73/456] RKMH
[12:27:17] 🔄 Identity reset
[12:27:17] 🔄 Identity rotated (every 10 requests)
[12:27:17] [74/456] PRCS
[12:27:18] [75/456] VAJA
[12:27:20] [76/456] BJNG
[12:27:21] [77/456] SCVM
[12:27:22] [78/456] GNHB
[12:27:22] [79/456] TLUR
[12:27:23] [80/456] UKCC
[12:27:24] [81/456] SRKR
[12:27:25] [82/456] RMKN
[12:27:26] [83/456] SLRT
[12:27:27] 🔄 Identity reset
[12:27:27] 🔄 Identity rotated (every 10 requests)
[12:27:27] 🔄 Retry 1/5 for SLRT in 2.3s
[12:27:27] 🔄 Identity reset
[12:27:29] 🧠 New identity created
[12:27:29] [84/456] LKMT
[12:27:30] [85/456] SSRJ
[12:27:32] [86/456] SPHT
[12:27:33] [87/456] ANTT
[12:27:34] [88/456] SRCH
[12:27:35] [89/456] SRCA
[12:27:35] [90/456] ARTH
[12:27:36] [91/456] MCBH
[12:27:37] [92/456] SNIB
[12:27:38] 🔄 Identity reset
[12:27:38] 🔄 Identity rotated (every 10 requests)
[12:27:39] [93/456] SART
[12:27:40] [94/456] SKTA
[12:27:41] [95/456] YAKT
[12:27:43] [96/456] MLCK
[12:27:44] [97/456] ANTS
[12:27:44] [98/456] DGCA
[12:27:45] [99/456] SGMP
[12:27:46] [100/456] ASWN
[12:27:47] [101/456] KFVU
[12:27:48] [102/456] POOR
[12:27:49] 🔄 Identity reset
[12:27:49] 🔄 Identity rotated (every 10 requests)
[12:27:49] [103/456] GKDN
[12:27:50] [104/456] EOSE
[12:27:51] [105/456] GTTT
[12:27:52] [106/456] ARRO
[12:27:53] [107/456] CMMK
[12:27:54] [108/456] MSCN
[12:27:55] [109/456] GDKH
[12:27:57] [110/456] DLMT
[12:27:58] [111/456] PVMF
[12:27:58] [112/456] CPCK
[12:27:59] 🔄 Identity reset
[12:27:59] 🔄 Identity rotated (every 10 requests)
[12:27:59] [113/456] VMHE
[12:28:00] [114/456] PVLC
[12:28:01] [115/456] PCVB
[12:28:02] [116/456] SNYK
[12:28:03] [117/456] KTEK
[12:28:04] [118/456] PCNM
[12:28:05] [119/456] NTTR
[12:28:06] [120/456] CPSK
[12:28:07] [121/456] JMMA
[12:28:08] [122/456] GCFK
[12:28:08] 🔄 Identity reset
[12:28:08] 🔄 Identity rotated (every 10 requests)
[12:28:08] 🔄 Retry 1/5 for GCFK in 2.7s
[12:28:08] 🔄 Identity reset
[12:28:11] 🧠 New identity created
[12:28:11] [123/456] MYCA
[12:28:13] [124/456] KSNP
[12:28:14] [125/456] PMCE
[12:28:15] [126/456] SCKI
[12:28:16] [127/456] FSMA
[12:28:17] [128/456] CETA
[12:28:18] [129/456] MCIK
[12:28:18] [130/456] MYCR
[12:28:20] [131/456] EVMP
[12:28:21] 🔄 Identity reset
[12:28:21] 🔄 Identity rotated (every 10 requests)
[12:28:21] [132/456] SSGT
[12:28:23] [133/456] KCTK
[12:28:24] [134/456] ZTKC
[12:28:24] [135/456] MMTA
[12:28:26] [136/456] MAJT
[12:28:27] [137/456] ACPK
[12:28:28] [138/456] JMAX
[12:28:29] [139/456] SETK
[12:28:30] [140/456] CAIS
[12:28:30] [141/456] AGCD
[12:28:31] 🔄 Identity reset
[12:28:31] 🔄 Identity rotated (every 10 requests)
[12:28:31] 🔄 Retry 1/5 for AGCD in 2.2s
[12:28:31] 🔄 Identity reset
[12:28:33] 🧠 New identity created
[12:28:33] 🔄 Retry 2/5 for AGCD in 4.2s
[12:28:33] 🔄 Identity reset
[12:28:38] 🧠 New identity created
[12:28:38] [142/456] URCL
[12:28:39] [143/456] VTDS
[12:28:40] [144/456] JCNM
[12:28:41] [145/456] KCAM
[12:28:42] [146/456] ADCU
[12:28:43] [147/456] GXYN
[12:28:44] [148/456] SMJG
[12:28:45] [149/456] EYCJ
[12:28:46] 🔄 Identity reset
[12:28:46] 🔄 Identity rotated (every 10 requests)
[12:28:46] 🔄 Retry 1/5 for EYCJ in 2.5s
[12:28:46] 🔄 Identity reset
[12:28:49] 🧠 New identity created
[12:28:49] [150/456] CCEJ
[12:28:50] [151/456] MARS
[12:28:51] [152/456] CPVJ
[12:28:52] [153/456] INVP
[12:28:53] [154/456] CPOV
[12:28:54] [155/456] VIJK
[12:28:55] [156/456] LAIM
[12:28:56] [157/456] STHV
[12:28:57] [158/456] SVLJ
[12:28:58] 🔄 Identity reset
[12:28:58] 🔄 Identity rotated (every 10 requests)
[12:28:58] 🔄 Retry 1/5 for SVLJ in 2.4s
[12:28:58] 🔄 Identity reset
[12:29:00] 🧠 New identity created
[12:29:00] [159/456] ATVJ
[12:29:01] [160/456] JTSC
[12:29:02] [161/456] RMTV
[12:29:03] [162/456] MGGG
[12:29:04] [163/456] SWTH
[12:29:05] [164/456] INVJ
[12:29:06] [165/456] PRSV
[12:29:07] [166/456] JATV
[12:29:08] [167/456] RCVD
[12:29:09] 🔄 Identity reset
[12:29:09] 🔄 Identity rotated (every 10 requests)
[12:29:09] [168/456] BDMA
[12:29:10] [169/456] BLJI
[12:29:11] [170/456] SWOT
[12:29:12] [171/456] SWRN
[12:29:13] [172/456] TVRA
[12:29:14] [173/456] NVRN
[12:29:15] [174/456] SIKC
[12:29:17] [175/456] VAKR
[12:29:18] [176/456] SYLN
[12:29:19] [177/456] KLJL
[12:29:19] 🔄 Identity reset
[12:29:19] 🔄 Identity rotated (every 10 requests)
[12:29:20] [178/456] LKMY
[12:29:20] [179/456] VSLY
[12:29:22] [180/456] CIKO
[12:29:22] [181/456] GPBG
[12:29:23] [182/456] CECM
[12:29:24] [183/456] SLKB
[12:29:26] [184/456] MTBO
[12:29:27] [185/456] SSHB
[12:29:28] [186/456] VPCS
[12:29:29] [187/456] RCSR
[12:29:30] 🔄 Identity reset
[12:29:30] 🔄 Identity rotated (every 10 requests)
[12:29:30] [188/456] RJRM
[12:29:31] [189/456] KPPB
[12:29:32] [190/456] SEDC
[12:29:33] [191/456] SCAI
[12:29:34] [192/456] RMTR
[12:29:35] [193/456] ASST
[12:29:36] [194/456] GCAK
[12:29:37] [195/456] ANNK
[12:29:38] [196/456] KDDF
[12:29:39] [197/456] NRDP
[12:29:40] 🔄 Identity reset
[12:29:40] 🔄 Identity rotated (every 10 requests)
[12:29:40] [198/456] PLAK
[12:29:41] [199/456] GCMC
[12:29:42] [200/456] ALPY
[12:29:43] [201/456] SICE
[12:29:44] [202/456] SISR
[12:29:45] [203/456] SRPZ
[12:29:45] [204/456] SRSW
[12:29:46] [205/456] SUYA
[12:29:47] [206/456] AMMT
[12:29:48] [207/456] BHCU
[12:29:49] 🔄 Identity reset
[12:29:49] 🔄 Identity rotated (every 10 requests)
[12:29:49] 🔄 Retry 1/5 for BHCU in 2.6s
[12:29:49] 🔄 Identity reset
[12:29:52] 🧠 New identity created
[12:29:52] 🔄 Retry 2/5 for BHCU in 4.9s
[12:29:52] 🔄 Identity reset
[12:29:57] 🧠 New identity created
[12:29:57] [208/456] KLPA
[12:29:58] [209/456] NVKH
[12:29:59] [210/456] JMRC
[12:30:01] [211/456] KTTT
[12:30:01] [212/456] MAGH
[12:30:02] [213/456] MMMX
[12:30:03] [214/456] SALJ
[12:30:04] [215/456] GTJA
[12:30:05] 🔄 Identity reset
[12:30:05] 🔄 Identity rotated (every 10 requests)
[12:30:05] 🔄 Retry 1/5 for GTJA in 2.7s
[12:30:05] 🔄 Identity reset
[12:30:08] 🧠 New identity created
[12:30:08] [216/456] MAHT
[12:30:09] [217/456] SSNN
[12:30:10] [218/456] ARRP
[12:30:11] [219/456] ATNS
[12:30:12] [220/456] SKDT
[12:30:13] [221/456] ACAT
[12:30:14] [222/456] APRC
[12:30:15] [223/456] SWAG
[12:30:17] [224/456] SDPT
[12:30:17] 🔄 Identity reset
[12:30:17] 🔄 Identity rotated (every 10 requests)
[12:30:17] 🔄 Retry 1/5 for SDPT in 2.2s
[12:30:17] 🔄 Identity reset
[12:30:20] 🧠 New identity created
[12:30:20] [225/456] STPS
[12:30:21] [226/456] WWCZ
[12:30:22] [227/456] LLCH
[12:30:23] [228/456] MZHA
[12:30:25] [229/456] CRJG
[12:30:26] [230/456] JGTK
[12:30:26] [231/456] KCSR
[12:30:28] [232/456] CHTL
[12:30:29] [233/456] EDSR
[12:30:30] 🔄 Identity reset
[12:30:30] 🔄 Identity rotated (every 10 requests)
[12:30:30] [234/456] CSWO
[12:30:31] [235/456] CPVM
[12:30:32] [236/456] MXBY
[12:30:33] [237/456] FMMA
[12:30:35] [238/456] POVI
[12:30:36] [239/456] MTHB
[12:30:37] [240/456] INRC
[12:30:38] [241/456] PIPP
[12:30:40] [242/456] BMXC
[12:30:40] [243/456] PCMM
[12:30:41] 🔄 Identity reset
[12:30:41] 🔄 Identity rotated (every 10 requests)
[12:30:41] [244/456] PMKM
[12:30:42] [245/456] GATY
[12:30:43] [246/456] IMCM
[12:30:44] [247/456] POPE
[12:30:45] [248/456] MTCR
[12:30:47] [249/456] PVAE
[12:30:48] [250/456] PVMI
[12:30:50] [251/456] CPNM
[12:30:51] [252/456] FMRL
[12:30:52] [253/456] MCIW
[12:30:52] 🔄 Identity reset
[12:30:52] 🔄 Identity rotated (every 10 requests)
[12:30:53] [254/456] MXBO
[12:30:54] [255/456] FMKY
[12:30:55] [256/456] FMDA
[12:30:55] [257/456] THAB
[12:30:56] [258/456] PRCW
[12:30:57] [259/456] PITI
[12:30:58] [260/456] MCFF
[12:30:59] [261/456] PDDV
[12:31:00] [262/456] MCRM
[12:31:01] [263/456] KKMB
[12:31:02] 🔄 Identity reset
[12:31:02] 🔄 Identity rotated (every 10 requests)
[12:31:03] [264/456] INKO
[12:31:04] [265/456] PLXP
[12:31:05] [266/456] MMHA
[12:31:05] [267/456] FMVS
[12:31:06] [268/456] POLM
[12:31:07] [269/456] STER
[12:31:08] [270/456] PVWJ
[12:31:09] [271/456] IMJW
[12:31:10] [272/456] FNAN
[12:31:11] [273/456] CAGL
[12:31:12] 🔄 Identity reset
[12:31:12] 🔄 Identity rotated (every 10 requests)
[12:31:12] [274/456] IPBG
[12:31:13] [275/456] SMFV
[12:31:14] [276/456] MMMR
[12:31:15] [277/456] MMWM
[12:31:16] [278/456] FNCM
[12:31:17] [279/456] MDVA
[12:31:18] [280/456] MMET
[12:31:19] [281/456] MIDO
[12:31:20] [282/456] INNP
[12:31:20] [283/456] MIFU
[12:31:21] 🔄 Identity reset
[12:31:21] 🔄 Identity rotated (every 10 requests)
[12:31:21] 🔄 Retry 1/5 for MIFU in 2.1s
[12:31:21] 🔄 Identity reset
[12:31:23] 🧠 New identity created
[12:31:24] [284/456] MMSZ
[12:31:25] [285/456] BMXA
[12:31:26] [286/456] MCAA
[12:31:27] [287/456] SCVP
[12:31:28] [288/456] PLUS
[12:31:29] [289/456] MUCK
[12:31:30] [290/456] MTMA
[12:31:31] [291/456] HPVR
[12:31:32] [292/456] PMPK
[12:31:33] 🔄 Identity reset
[12:31:33] 🔄 Identity rotated (every 10 requests)
[12:31:33] [293/456] MAJB
[12:31:34] [294/456] CTRR
[12:31:35] [295/456] MCTG
[12:31:36] [296/456] MACE
[12:31:37] [297/456] AAAS
[12:31:38] [298/456] CPVV
[12:31:39] [299/456] RCHG
[12:31:40] [300/456] MCNE
[12:31:41] [301/456] EMNC
[12:31:43] [302/456] MCAN
[12:31:43] 🔄 Identity reset
[12:31:43] 🔄 Identity rotated (every 10 requests)
[12:31:43] 🔄 Retry 1/5 for MCAN in 2.3s
[12:31:43] 🔄 Identity reset
[12:31:46] 🧠 New identity created
[12:31:46] [303/456] TCDM
[12:31:47] [304/456] IRGT
[12:31:48] [305/456] GCMG
[12:31:49] [306/456] MXSN
[12:31:50] [307/456] MXCK
[12:31:51] [308/456] MCRC
[12:31:52] [309/456] RSMI
[12:31:53] [310/456] WAML
[12:31:54] [311/456] MTSC
[12:31:54] 🔄 Identity reset
[12:31:54] 🔄 Identity rotated (every 10 requests)
[12:31:54] 🔄 Retry 1/5 for MTSC in 2.5s
[12:31:54] 🔄 Identity reset
[12:31:57] 🧠 New identity created
[12:31:57] [312/456] FMDR
[12:31:58] [313/456] LEPV
[12:31:59] [314/456] MTGD
[12:32:00] [315/456] IMOB
[12:32:01] [316/456] CLMM
[12:32:02] [317/456] PZCD
[12:32:02] [318/456] GOCS
[12:32:04] [319/456] KCMA
[12:32:05] [320/456] CCMP
[12:32:06] 🔄 Identity reset
[12:32:06] 🔄 Identity rotated (every 10 requests)
[12:32:06] 🔄 Retry 1/5 for CCMP in 3.0s
[12:32:06] 🔄 Identity reset
[12:32:09] 🧠 New identity created
[12:32:09] 🔄 Retry 2/5 for CCMP in 4.1s
[12:32:09] 🔄 Identity reset
[12:32:13] 🧠 New identity created
[12:32:13] [321/456] MTSU
[12:32:14] [322/456] SNGL
[12:32:15] [323/456] MMMC
[12:32:16] [324/456] MMAA
[12:32:17] [325/456] GCDM
[12:32:18] [326/456] KTMV
[12:32:18] [327/456] AETE
[12:32:19] [328/456] OMCS
[12:32:20] 🔄 Identity reset
[12:32:20] 🔄 Identity rotated (every 10 requests)
[12:32:21] [329/456] GDCD
[12:32:22] [330/456] NYMD
[12:32:23] [331/456] RNCV
[12:32:24] [332/456] KKMT
[12:32:25] [333/456] GDTH
[12:32:25] [334/456] KMMV
[12:32:27] [335/456] NHCG
[12:32:28] [336/456] PJDW
[12:32:29] [337/456] MMCV
[12:32:30] [338/456] FQSA
[12:32:30] 🔄 Identity reset
[12:32:30] 🔄 Identity rotated (every 10 requests)
[12:32:30] [339/456] KURL
[12:32:31] [340/456] NNNX
[12:32:32] [341/456] AMAU
[12:32:33] [342/456] VVVM
[12:32:34] [343/456] VECU
[12:32:35] [344/456] WCVR
[12:32:35] [345/456] MTGG
[12:32:36] [346/456] SGTG
[12:32:37] [347/456] MNTG
[12:32:38] [348/456] JDDG
[12:32:39] 🔄 Identity reset
[12:32:39] 🔄 Identity rotated (every 10 requests)
[12:32:40] [349/456] MBTK
[12:32:41] [350/456] SGCD
[12:32:42] [351/456] MCTC
[12:32:43] [352/456] JTPC
[12:32:43] [353/456] SDKT
[12:32:44] [354/456] KRCC
[12:32:45] [355/456] RMMD
[12:32:46] [356/456] AAME
[12:32:47] [357/456] TMWC
[12:32:48] [358/456] NRWY
[12:32:48] 🔄 Identity reset
[12:32:48] 🔄 Identity rotated (every 10 requests)
[12:32:48] 🔄 Retry 1/5 for NRWY in 2.2s
[12:32:48] 🔄 Identity reset
[12:32:51] 🧠 New identity created
[12:32:51] 🔄 Retry 2/5 for NRWY in 4.5s
[12:32:51] 🔄 Identity reset
[12:32:55] 🧠 New identity created
[12:32:55] 🔄 Retry 3/5 for NRWY in 8.9s
[12:32:55] 🔄 Identity reset
[12:33:04] 🧠 New identity created
[12:33:04] 🔄 Retry 4/5 for NRWY in 16.1s
[12:33:04] 🔄 Identity reset
[12:33:20] 🧠 New identity created
[12:33:21] [359/456] CITD
[12:33:22] [360/456] VERD
[12:33:22] [361/456] MKSK
[12:33:24] [362/456] STSM
[12:33:25] [363/456] MJDG
[12:33:26] [364/456] RKPM
[12:33:26] 🔄 Identity reset
[12:33:26] 🔄 Identity rotated (every 10 requests)
[12:33:27] [365/456] SSCE
[12:33:27] [366/456] VMAE
[12:33:28] [367/456] SBRU
[12:33:29] [368/456] AMBC
[12:33:30] [369/456] AMLU
[12:33:31] [370/456] INVZ
[12:33:32] [371/456] LGTV
[12:33:33] [372/456] SVAD
[12:33:34] [373/456] SMSA
[12:33:35] [374/456] SPCZ
[12:33:36] 🔄 Identity reset
[12:33:36] 🔄 Identity rotated (every 10 requests)
[12:33:36] [375/456] GTCX
[12:33:37] [376/456] SCSL
[12:33:38] [377/456] SAHU
[12:33:39] [378/456] NCDA
[12:33:40] [379/456] SCCG
[12:33:41] [380/456] VKTL
[12:33:42] [381/456] PUUJ
[12:33:43] [382/456] STEJ
[12:33:44] [383/456] RJAL
[12:33:45] [384/456] ACJC
[12:33:45] 🔄 Identity reset
[12:33:45] 🔄 Identity rotated (every 10 requests)
[12:33:46] [385/456] ARVB
[12:33:47] [386/456] AUBB
[12:33:47] [387/456] GDBR
[12:33:48] [388/456] PVND
[12:33:50] [389/456] BGRJ
[12:33:50] [390/456] RJMM
[12:33:51] [391/456] MCSA
[12:33:52] [392/456] BODA
[12:33:53] [393/456] JAGG
[12:33:54] [394/456] SCGA
[12:33:55] 🔄 Identity reset
[12:33:55] 🔄 Identity rotated (every 10 requests)
[12:33:55] 🔄 Retry 1/5 for SCGA in 2.8s
[12:33:55] 🔄 Identity reset
[12:33:58] 🧠 New identity created
[12:33:58] [395/456] LRCM
[12:33:59] [396/456] CPCN
[12:33:59] [397/456] SSTF
[12:34:00] [398/456] SRXP
[12:34:01] [399/456] CNFX
[12:34:02] [400/456] ANDI
[12:34:03] [401/456] SYEW
[12:34:04] [402/456] RCRE
[12:34:05] [403/456] SCRW
[12:34:05] 🔄 Identity reset
[12:34:05] 🔄 Identity rotated (every 10 requests)
[12:34:05] 🔄 Retry 1/5 for SCRW in 2.5s
[12:34:05] 🔄 Identity reset
[12:34:08] 🧠 New identity created
[12:34:08] [404/456] MBKR
[12:34:09] [405/456] ASNT
[12:34:11] [406/456] JTMT
[12:34:12] [407/456] SHAY
[12:34:13] [408/456] VRTH
[12:34:14] [409/456] SPTI
[12:34:15] [410/456] DPTD
[12:34:15] [411/456] TGSN
[12:34:16] [412/456] RCWV
[12:34:17] 🔄 Identity reset
[12:34:17] 🔄 Identity rotated (every 10 requests)
[12:34:17] 🔄 Retry 1/5 for RCWV in 2.3s
[12:34:17] 🔄 Identity reset
[12:34:19] 🧠 New identity created
[12:34:19] 🔄 Retry 2/5 for RCWV in 4.7s
[12:34:19] 🔄 Identity reset
[12:34:24] 🧠 New identity created
[12:34:24] 🔄 Retry 3/5 for RCWV in 8.7s
[12:34:24] 🔄 Identity reset
[12:34:33] 🧠 New identity created
[12:34:33] [413/456] OCUR
[12:34:34] [414/456] KSTC
[12:34:35] [415/456] SANI
[12:34:36] [416/456] MLCA
[12:34:37] [417/456] EGCA
[12:34:38] [418/456] SYSN
[12:34:39] [419/456] PKTA
[12:34:40] 🔄 Identity reset
[12:34:40] 🔄 Identity rotated (every 10 requests)
[12:34:40] [420/456] PRCC
[12:34:41] [421/456] KSTR
[12:34:42] [422/456] SNTP
[12:34:43] [423/456] RCHA
[12:34:44] [424/456] SEEA
[12:34:44] [425/456] ALAT
[12:34:46] [426/456] AATV
[12:34:48] [427/456] RJTE
[12:34:48] [428/456] AAPP
[12:34:50] [429/456] PMMH
[12:34:51] 🔄 Identity reset
[12:34:51] 🔄 Identity rotated (every 10 requests)
[12:34:51] [430/456] INRJ
[12:34:52] [431/456] SARB
[12:34:53] [432/456] PCJL
[12:34:54] [433/456] PFJJ
[12:34:56] [434/456] GRDC
[12:34:57] [435/456] BCBA
[12:34:58] [436/456] VIXL
[12:35:00] [437/456] CSTL
[12:35:01] [438/456] MTDK
[12:35:02] [439/456] TDAC
[12:35:02] 🔄 Identity reset
[12:35:02] 🔄 Identity rotated (every 10 requests)
[12:35:03] [440/456] GTDN
[12:35:04] [441/456] TTDE
[12:35:05] [442/456] ASTS
[12:35:06] [443/456] CPNS
[12:35:06] [444/456] PVVW
[12:35:08] [445/456] USEB
[12:35:09] [446/456] DTYN
[12:35:10] [447/456] PVLE
[12:35:11] [448/456] CIPS
[12:35:12] [449/456] PAEG
[12:35:13] 🔄 Identity reset
[12:35:13] 🔄 Identity rotated (every 10 requests)
[12:35:13] [450/456] PTCW
[12:35:14] [451/456] G3SR
[12:35:16] [452/456] PGND
[12:35:17] [453/456] INVM
[12:35:18] [454/456] SPIA
[12:35:19] [455/456] PCSN
[12:35:20] [456/456] PPGV
[12:35:21] 🧹 Deduping shows
[12:35:21] ✅ DONE | Shows=490 | Movies=33
