[10:12:47] 🚀 SCRIPT STARTED (enhanced anti‑detection)
[10:12:47] [1/322] CDCA
[10:12:48] 🧠 New identity created
[10:12:48] 🔄 Retry 1/5 for CDCA in 2.3s
[10:12:48] 🔄 Identity reset
[10:12:50] 🧠 New identity created
[10:12:50] 🔄 Retry 2/5 for CDCA in 4.5s
[10:12:50] 🔄 Identity reset
[10:12:55] 🧠 New identity created
[10:12:55] 🔄 Retry 3/5 for CDCA in 9.0s
[10:12:55] 🔄 Identity reset
[10:13:04] 🧠 New identity created
[10:13:04] 🔄 Retry 4/5 for CDCA in 16.8s
[10:13:04] 🔄 Identity reset
[10:13:21] 🧠 New identity created
[10:13:21] [2/322] VBCZ
[10:13:22] [3/322] MSDR
[10:13:24] [4/322] ACPV
[10:13:25] [5/322] PVHB
[10:13:26] [6/322] RCNH
[10:13:27] 🔄 Identity reset
[10:13:27] 🔄 Identity rotated (every 10 requests)
[10:13:27] 🔄 Retry 1/5 for RCNH in 2.3s
[10:13:27] 🔄 Identity reset
[10:13:29] 🧠 New identity created
[10:13:29] [7/322] IOMH
[10:13:30] [8/322] ILKS
[10:13:31] [9/322] AMSN
[10:13:32] [10/322] ANTP
[10:13:33] [11/322] SSEK
[10:13:34] [12/322] PICP
[10:13:34] [13/322] SICO
[10:13:35] [14/322] SISP
[10:13:36] [15/322] SCPI
[10:13:37] 🔄 Identity reset
[10:13:37] 🔄 Identity rotated (every 10 requests)
[10:13:37] 🔄 Retry 1/5 for SCPI in 2.2s
[10:13:37] 🔄 Identity reset
[10:13:39] 🧠 New identity created
[10:13:39] 🔄 Retry 2/5 for SCPI in 4.8s
[10:13:39] 🔄 Identity reset
[10:13:44] 🧠 New identity created
[10:13:44] 🔄 Retry 3/5 for SCPI in 8.4s
[10:13:44] 🔄 Identity reset
[10:13:52] 🧠 New identity created
[10:13:53] [16/322] CRPR
[10:13:54] [17/322] DCTW
[10:13:55] [18/322] DCSP
[10:13:55] [19/322] KRPM
[10:13:56] [20/322] THKK
[10:13:57] [21/322] SNMY
[10:13:58] [22/322] AKCC
[10:13:59] 🔄 Identity reset
[10:13:59] 🔄 Identity rotated (every 10 requests)
[10:13:59] [23/322] PCAT
[10:14:01] [24/322] RFGO
[10:14:02] [25/322] GGCS
[10:14:02] [26/322] ACKR
[10:14:03] [27/322] STDO
[10:14:04] [28/322] ACKB
[10:14:05] [29/322] ALUC
[10:14:06] [30/322] MNSR
[10:14:07] [31/322] CSSL
[10:14:08] [32/322] BGGM
[10:14:08] 🔄 Identity reset
[10:14:08] 🔄 Identity rotated (every 10 requests)
[10:14:08] 🔄 Retry 1/5 for BGGM in 2.8s
[10:14:08] 🔄 Identity reset
[10:14:11] 🧠 New identity created
[10:14:11] 🔄 Retry 2/5 for BGGM in 4.1s
[10:14:11] 🔄 Identity reset
[10:14:15] 🧠 New identity created
[10:14:16] [33/322] MANT
[10:14:17] [34/322] SOOY
[10:14:18] [35/322] VPPK
[10:14:19] [36/322] MYHJ
[10:14:20] [37/322] KSCK
[10:14:21] [38/322] KATK
[10:14:21] [39/322] RTRT
[10:14:22] [40/322] SSTT
[10:14:23] 🔄 Identity reset
[10:14:23] 🔄 Identity rotated (every 10 requests)
[10:14:23] 🔄 Retry 1/5 for SSTT in 3.0s
[10:14:23] 🔄 Identity reset
[10:14:26] 🧠 New identity created
[10:14:26] [41/322] SSTV
[10:14:27] [42/322] LACM
[10:14:28] [43/322] SGMG
[10:14:29] [44/322] KACX
[10:14:30] [45/322] GVCP
[10:14:31] [46/322] CSNC
[10:14:33] [47/322] SXCB
[10:14:33] [48/322] BAHS
[10:14:34] [49/322] PCBI
[10:14:35] 🔄 Identity reset
[10:14:35] 🔄 Identity rotated (every 10 requests)
[10:14:35] [50/322] PSSM
[10:14:36] [51/322] RCOK
[10:14:37] [52/322] SCPF
[10:14:38] [53/322] SSAS
[10:14:39] [54/322] EVMM
[10:14:40] [55/322] SYCB
[10:14:41] [56/322] GCKI
[10:14:42] [57/322] IAET
[10:14:43] [58/322] DDTD
[10:14:43] [59/322] GMDH
[10:14:44] 🔄 Identity reset
[10:14:44] 🔄 Identity rotated (every 10 requests)
[10:14:44] 🔄 Retry 1/5 for GMDH in 2.7s
[10:14:44] 🔄 Identity reset
[10:14:47] 🧠 New identity created
[10:14:47] 🔄 Retry 2/5 for GMDH in 4.6s
[10:14:47] 🔄 Identity reset
[10:14:51] 🧠 New identity created
[10:14:51] 🔄 Retry 3/5 for GMDH in 8.1s
[10:14:51] 🔄 Identity reset
[10:14:59] 🧠 New identity created
[10:15:00] [60/322] STLE
[10:15:01] [61/322] JTRA
[10:15:01] [62/322] RPPA
[10:15:02] [63/322] ARUT
[10:15:04] [64/322] JTVM
[10:15:04] [65/322] SWRH
[10:15:05] [66/322] DCPC
[10:15:06] 🔄 Identity reset
[10:15:06] 🔄 Identity rotated (every 10 requests)
[10:15:06] 🔄 Retry 1/5 for DCPC in 2.1s
[10:15:06] 🔄 Identity reset
[10:15:08] 🧠 New identity created
[10:15:08] [67/322] RAPR
[10:15:10] [68/322] GCRT
[10:15:11] [69/322] ATUN
[10:15:12] [70/322] LTRM
[10:15:13] [71/322] TASR
[10:15:13] [72/322] RLLC
[10:15:14] [73/322] MABI
[10:15:16] [74/322] SVHB
[10:15:17] [75/322] NVTB
[10:15:17] 🔄 Identity reset
[10:15:17] 🔄 Identity rotated (every 10 requests)
[10:15:18] [76/322] KCKG
[10:15:19] [77/322] SSRN
[10:15:20] [78/322] VDDC
[10:15:21] [79/322] GKTK
[10:15:21] [80/322] YFSN
[10:15:23] [81/322] GCSG
[10:15:24] [82/322] ESSM
[10:15:25] [83/322] KRIH
[10:15:25] [84/322] GCDS
[10:15:26] [85/322] CCSH
[10:15:27] 🔄 Identity reset
[10:15:27] 🔄 Identity rotated (every 10 requests)
[10:15:27] [86/322] ACSK
[10:15:28] [87/322] APRK
[10:15:29] [88/322] ADKM
[10:15:30] [89/322] SRDM
[10:15:31] [90/322] SJMY
[10:15:32] [91/322] PGGC
[10:15:33] [92/322] INGM
[10:15:34] [93/322] LSCB
[10:15:34] [94/322] STAD
[10:15:35] [95/322] MCCR
[10:15:36] 🔄 Identity reset
[10:15:36] 🔄 Identity rotated (every 10 requests)
[10:15:36] [96/322] ABCC
[10:15:37] [97/322] RKCC
[10:15:38] [98/322] RTCR
[10:15:39] [99/322] GGBC
[10:15:41] [100/322] GCSD
[10:15:41] [101/322] LPTY
[10:15:42] [102/322] MCFD
[10:15:43] [103/322] HENN
[10:15:44] [104/322] SMKU
[10:15:45] [105/322] TNZC
[10:15:45] 🔄 Identity reset
[10:15:45] 🔄 Identity rotated (every 10 requests)
[10:15:46] [106/322] DRCD
[10:15:47] [107/322] DLCD
[10:15:49] [108/322] RCDA
[10:15:50] [109/322] COSM
[10:15:50] [110/322] MCMJ
[10:15:51] [111/322] CSTR
[10:15:52] [112/322] CVDK
[10:15:53] [113/322] INRR
[10:15:54] [114/322] RJRT
[10:15:55] [115/322] IRMR
[10:15:56] 🔄 Identity reset
[10:15:56] 🔄 Identity rotated (every 10 requests)
[10:15:56] 🔄 Retry 1/5 for IRMR in 2.9s
[10:15:56] 🔄 Identity reset
[10:15:59] 🧠 New identity created
[10:15:59] 🔄 Retry 2/5 for IRMR in 4.4s
[10:15:59] 🔄 Identity reset
[10:16:03] 🧠 New identity created
[10:16:03] [116/322] SRCF
[10:16:05] [117/322] GRCR
[10:16:06] [118/322] SURC
[10:16:07] [119/322] NMNH
[10:16:08] [120/322] SVBL
[10:16:09] [121/322] KACI
[10:16:10] [122/322] TDGO
[10:16:11] [123/322] KTBR
[10:16:12] 🔄 Identity reset
[10:16:12] 🔄 Identity rotated (every 10 requests)
[10:16:12] [124/322] PMAD
[10:16:13] [125/322] CCPN
[10:16:14] [126/322] SBTK
[10:16:15] [127/322] LMDK
[10:16:16] [128/322] PGDA
[10:16:17] [129/322] SRML
[10:16:18] [130/322] EVCK
[10:16:19] [131/322] RTTK
[10:16:20] [132/322] SRTU
[10:16:21] [133/322] VRSA
[10:16:21] 🔄 Identity reset
[10:16:21] 🔄 Identity rotated (every 10 requests)
[10:16:22] [134/322] VARS
[10:16:22] [135/322] DSCZ
[10:16:23] [136/322] GAGA
[10:16:24] [137/322] SARV
[10:16:25] [138/322] SEEG
[10:16:26] [139/322] GLCA
[10:16:27] [140/322] APAS
[10:16:28] [141/322] VCIA
[10:16:29] [142/322] SJTA
[10:16:30] [143/322] SABM
[10:16:30] 🔄 Identity reset
[10:16:30] 🔄 Identity rotated (every 10 requests)
[10:16:30] [144/322] PPAG
[10:16:31] [145/322] RVCA
[10:16:32] [146/322] CCIA
[10:16:34] [147/322] HTAG
[10:16:34] [148/322] SMBI
[10:16:35] [149/322] MCJR
[10:16:36] [150/322] CCJR
[10:16:37] [151/322] SINF
[10:16:38] [152/322] CPLX
[10:16:39] [153/322] KKTJ
[10:16:40] 🔄 Identity reset
[10:16:40] 🔄 Identity rotated (every 10 requests)
[10:16:40] [154/322] GDBW
[10:16:41] [155/322] CSUB
[10:16:42] [156/322] DABA
[10:16:43] [157/322] TITR
[10:16:44] [158/322] NYCR
[10:16:45] [159/322] RTRY
[10:16:46] [160/322] JTJL
[10:16:47] [161/322] SJCP
[10:16:47] [162/322] KCCA
[10:16:48] [163/322] MLPG
[10:16:49] 🔄 Identity reset
[10:16:49] 🔄 Identity rotated (every 10 requests)
[10:16:50] [164/322] VRCK
[10:16:51] [165/322] SRIN
[10:16:52] [166/322] CXMK
[10:16:52] [167/322] SKAD
[10:16:53] [168/322] AVTR
[10:16:55] [169/322] PTAJ
[10:16:56] [170/322] SCNK
[10:16:56] [171/322] STTI
[10:16:57] [172/322] KACR
[10:16:58] [173/322] SSDX
[10:16:59] 🔄 Identity reset
[10:16:59] 🔄 Identity rotated (every 10 requests)
[10:16:59] 🔄 Retry 1/5 for SSDX in 2.2s
[10:16:59] 🔄 Identity reset
[10:17:01] 🧠 New identity created
[10:17:01] 🔄 Retry 2/5 for SSDX in 4.7s
[10:17:01] 🔄 Identity reset
[10:17:06] 🧠 New identity created
[10:17:06] 🔄 Retry 3/5 for SSDX in 8.7s
[10:17:06] 🔄 Identity reset
[10:17:14] 🧠 New identity created
[10:17:15] 🔄 Retry 4/5 for SSDX in 16.4s
[10:17:15] 🔄 Identity reset
[10:17:31] 🧠 New identity created
[10:17:31] [174/322] VRTJ
[10:17:32] [175/322] RAJD
[10:17:33] [176/322] SCIP
[10:17:34] [177/322] RJSL
[10:17:36] [178/322] ARRS
[10:17:37] [179/322] ASMS
[10:17:38] 🔄 Identity reset
[10:17:38] 🔄 Identity rotated (every 10 requests)
[10:17:38] 🔄 Retry 1/5 for ASMS in 2.1s
[10:17:38] 🔄 Identity reset
[10:17:40] 🧠 New identity created
[10:17:40] [180/322] RDTS
[10:17:41] [181/322] DVMY
[10:17:42] [182/322] RASA
[10:17:43] [183/322] INOM
[10:17:44] [184/322] SPRS
[10:17:45] [185/322] SGCS
[10:17:46] [186/322] SALM
[10:17:46] [187/322] PKHC
[10:17:47] [188/322] RCSV
[10:17:48] 🔄 Identity reset
[10:17:48] 🔄 Identity rotated (every 10 requests)
[10:17:48] [189/322] CPKC
[10:17:49] [190/322] AACD
[10:17:50] [191/322] GGCV
[10:17:51] [192/322] SMKD
[10:17:52] [193/322] NBCH
[10:17:53] [194/322] AMCB
[10:17:54] [195/322] OPCN
[10:17:55] [196/322] DCIN
[10:17:56] [197/322] INGW
[10:17:56] [198/322] PKKW
[10:17:57] 🔄 Identity reset
[10:17:57] 🔄 Identity rotated (every 10 requests)
[10:17:57] [199/322] FNGW
[10:17:58] [200/322] GCGD
[10:17:59] [201/322] MSTW
[10:18:00] [202/322] KCCG
[10:18:01] [203/322] MRSS
[10:18:02] [204/322] CLCF
[10:18:03] [205/322] EETS
[10:18:04] [206/322] AATR
[10:18:04] [207/322] CMMN
[10:18:05] [208/322] SCCJ
[10:18:06] 🔄 Identity reset
[10:18:06] 🔄 Identity rotated (every 10 requests)
[10:18:06] [209/322] CDTK
[10:18:07] [210/322] AICP
[10:18:08] [211/322] FNBP
[10:18:09] [212/322] CBPB
[10:18:10] [213/322] CPAS
[10:18:11] [214/322] MAPM
[10:18:12] [215/322] PASD
[10:18:13] [216/322] JCMN
[10:18:14] [217/322] MALB
[10:18:15] [218/322] SACG
[10:18:15] 🔄 Identity reset
[10:18:15] 🔄 Identity rotated (every 10 requests)
[10:18:15] 🔄 Retry 1/5 for SACG in 2.5s
[10:18:15] 🔄 Identity reset
[10:18:18] 🧠 New identity created
[10:18:18] 🔄 Retry 2/5 for SACG in 4.9s
[10:18:18] 🔄 Identity reset
[10:18:23] 🧠 New identity created
[10:18:23] 🔄 Retry 3/5 for SACG in 8.7s
[10:18:23] 🔄 Identity reset
[10:18:32] 🧠 New identity created
[10:18:32] 🔄 Retry 4/5 for SACG in 16.7s
[10:18:32] 🔄 Identity reset
[10:18:49] 🧠 New identity created
[10:18:49] ❌ SACG failed after 5 attempts
[10:18:49] 🔄 Identity reset
[10:18:49] ❌ SACG final failure | RuntimeError | HTTP 403
[10:18:49] [219/322] DDRX
[10:18:49] 🧠 New identity created
[10:18:50] [220/322] DDXB
[10:18:51] [221/322] RAMC
[10:18:53] [222/322] SANC
[10:18:53] [223/322] BCBP
[10:18:54] [224/322] ALPC
[10:18:55] 🔄 Identity reset
[10:18:55] 🔄 Identity rotated (every 10 requests)
[10:18:56] [225/322] RBAC
[10:18:57] [226/322] RAJL
[10:18:58] [227/322] MPDX
[10:18:58] [228/322] MUSC
[10:18:59] [229/322] VKMK
[10:19:00] [230/322] SKCG
[10:19:01] [231/322] ANCN
[10:19:02] [232/322] MMCJ
[10:19:03] [233/322] DCAK
[10:19:03] [234/322] SCKG
[10:19:04] 🔄 Identity reset
[10:19:04] 🔄 Identity rotated (every 10 requests)
[10:19:04] 🔄 Retry 1/5 for SCKG in 2.1s
[10:19:04] 🔄 Identity reset
[10:19:06] 🧠 New identity created
[10:19:07] [235/322] LMCK
[10:19:07] [236/322] CKKX
[10:19:08] [237/322] ANKU
[10:19:09] [238/322] CSMD
[10:19:10] [239/322] MKMP
[10:19:11] [240/322] SVBG
[10:19:13] [241/322] ROOP
[10:19:13] [242/322] GDMT
[10:19:14] [243/322] FPPF
[10:19:15] 🔄 Identity reset
[10:19:15] 🔄 Identity rotated (every 10 requests)
[10:19:16] [244/322] SFUU
[10:19:17] [245/322] ANCB
[10:19:18] [246/322] SMMC
[10:19:18] [247/322] UGKT
[10:19:19] [248/322] JVRM
[10:19:20] [249/322] BATG
[10:19:21] [250/322] RATE
[10:19:22] [251/322] SKME
[10:19:23] [252/322] LMTP
[10:19:23] [253/322] TCBD
[10:19:24] 🔄 Identity reset
[10:19:24] 🔄 Identity rotated (every 10 requests)
[10:19:24] [254/322] ESBD
[10:19:26] [255/322] GDCU
[10:19:27] [256/322] SNKT
[10:19:27] [257/322] SRNK
[10:19:28] [258/322] SMED
[10:19:29] [259/322] CSQS
[10:19:30] [260/322] ALCS
[10:19:31] [261/322] KCKN
[10:19:32] [262/322] VCCL
[10:19:33] [263/322] MCDA
[10:19:34] 🔄 Identity reset
[10:19:34] 🔄 Identity rotated (every 10 requests)
[10:19:34] [264/322] SHMI
[10:19:35] [265/322] SKHA
[10:19:36] [266/322] SVFK
[10:19:37] [267/322] INVB
[10:19:37] [268/322] MELD
[10:19:38] [269/322] JTYS
[10:19:39] [270/322] INCM
[10:19:40] [271/322] MCDV
[10:19:41] [272/322] KSGK
[10:19:42] [273/322] ICMG
[10:19:43] 🔄 Identity reset
[10:19:43] 🔄 Identity rotated (every 10 requests)
[10:19:43] 🔄 Retry 1/5 for ICMG in 2.7s
[10:19:43] 🔄 Identity reset
[10:19:45] 🧠 New identity created
[10:19:45] 🔄 Retry 2/5 for ICMG in 4.9s
[10:19:45] 🔄 Identity reset
[10:19:50] 🧠 New identity created
[10:19:51] [274/322] CSCV
[10:19:52] [275/322] STMD
[10:19:53] [276/322] STTR
[10:19:54] [277/322] INVC
[10:19:55] [278/322] JTBL
[10:19:56] [279/322] SRVV
[10:19:57] [280/322] MAVC
[10:19:58] [281/322] SRPP
[10:19:59] 🔄 Identity reset
[10:19:59] 🔄 Identity rotated (every 10 requests)
[10:19:59] [282/322] JGDM
[10:20:00] [283/322] MBSJ
[10:20:01] [284/322] SSLL
[10:20:02] [285/322] SLKP
[10:20:03] [286/322] NSRV
[10:20:04] [287/322] UTDV
[10:20:05] [288/322] KICM
[10:20:06] [289/322] KCMD
[10:20:06] [290/322] TTPP
[10:20:07] [291/322] KMPV
[10:20:08] 🔄 Identity reset
[10:20:08] 🔄 Identity rotated (every 10 requests)
[10:20:08] [292/322] SKTV
[10:20:09] [293/322] STCV
[10:20:10] [294/322] SRDA
[10:20:11] [295/322] JTSX
[10:20:12] [296/322] STBV
[10:20:13] [297/322] APVZ
[10:20:14] [298/322] GSTV
[10:20:14] [299/322] NMVS
[10:20:15] [300/322] SKRT
[10:20:16] [301/322] RMDV
[10:20:17] 🔄 Identity reset
[10:20:17] 🔄 Identity rotated (every 10 requests)
[10:20:17] [302/322] RATG
[10:20:18] [303/322] SJYV
[10:20:19] [304/322] NDGP
[10:20:20] [305/322] SNDG
[10:20:21] [306/322] INSR
[10:20:21] [307/322] INSO
[10:20:22] [308/322] CCSI
[10:20:24] [309/322] RASM
[10:20:25] [310/322] NEWC
[10:20:26] [311/322] VSHL
[10:20:27] 🔄 Identity reset
[10:20:27] 🔄 Identity rotated (every 10 requests)
[10:20:27] [312/322] BISW
[10:20:28] [313/322] GCNG
[10:20:29] [314/322] CWSC
[10:20:30] [315/322] SKAN
[10:20:31] [316/322] CCOA
[10:20:31] [317/322] MCAJ
[10:20:32] [318/322] ACDE
[10:20:33] [319/322] AACM
[10:20:34] [320/322] JJCK
[10:20:35] [321/322] RCMO
[10:20:36] 🔄 Identity reset
[10:20:36] 🔄 Identity rotated (every 10 requests)
[10:20:37] [322/322] GDAW
[10:20:37] 🔁 RETRY ROUND 1 | Remaining: 1
[10:20:37] [RETRY-1] SACG
[10:20:41] 🧹 Deduping shows
[10:20:41] ✅ DONE | Shows=39 | Movies=5
[04:59:03] 🚀 SCRIPT STARTED (enhanced anti‑detection)
[04:59:03] [1/322] CDCA
[04:59:04] 🧠 New identity created
[04:59:04] [2/322] VBCZ
[04:59:05] [3/322] MSDR
[04:59:06] [4/322] ACPV
[04:59:07] [5/322] PVHB
[04:59:08] [6/322] RCNH
[04:59:09] [7/322] IOMH
[04:59:09] [8/322] ILKS
[04:59:10] [9/322] AMSN
[04:59:11] [10/322] ANTP
[04:59:12] 🔄 Identity reset
[04:59:12] 🔄 Identity rotated (every 10 requests)
[04:59:13] [11/322] SSEK
[04:59:14] [12/322] PICP
[04:59:14] [13/322] SICO
[04:59:15] [14/322] SISP
[04:59:16] [15/322] SCPI
[04:59:17] [16/322] CRPR
[04:59:19] [17/322] DCTW
[04:59:20] [18/322] DCSP
[04:59:20] [19/322] KRPM
[04:59:21] [20/322] THKK
[04:59:22] 🔄 Identity reset
[04:59:22] 🔄 Identity rotated (every 10 requests)
[04:59:23] [21/322] SNMY
[04:59:24] [22/322] AKCC
[04:59:25] [23/322] PCAT
[04:59:25] [24/322] RFGO
[04:59:26] [25/322] GGCS
[04:59:27] [26/322] ACKR
[04:59:28] [27/322] STDO
[04:59:29] [28/322] ACKB
[04:59:30] [29/322] ALUC
[04:59:31] [30/322] MNSR
[04:59:31] 🔄 Identity reset
[04:59:31] 🔄 Identity rotated (every 10 requests)
[04:59:31] 🔄 Retry 1/5 for MNSR in 2.4s
[04:59:31] 🔄 Identity reset
[04:59:34] 🧠 New identity created
[04:59:34] [31/322] CSSL
[04:59:35] [32/322] BGGM
[04:59:36] [33/322] MANT
[04:59:37] [34/322] SOOY
[04:59:38] [35/322] VPPK
[04:59:39] [36/322] MYHJ
[04:59:40] [37/322] KSCK
[04:59:41] [38/322] KATK
[04:59:42] [39/322] RTRT
[04:59:43] 🔄 Identity reset
[04:59:43] 🔄 Identity rotated (every 10 requests)
[04:59:43] [40/322] SSTT
[04:59:44] [41/322] SSTV
[04:59:45] [42/322] LACM
[04:59:46] [43/322] SGMG
[04:59:47] [44/322] KACX
[04:59:48] [45/322] GVCP
[04:59:49] [46/322] CSNC
[04:59:50] [47/322] SXCB
[04:59:50] [48/322] BAHS
[04:59:51] [49/322] PCBI
[04:59:52] 🔄 Identity reset
[04:59:52] 🔄 Identity rotated (every 10 requests)
[04:59:52] [50/322] PSSM
[04:59:53] [51/322] RCOK
[04:59:54] [52/322] SCPF
[04:59:55] [53/322] SSAS
[04:59:56] [54/322] EVMM
[04:59:57] [55/322] SYCB
[04:59:57] [56/322] GCKI
[04:59:58] [57/322] IAET
[04:59:59] [58/322] DDTD
[05:00:00] [59/322] GMDH
[05:00:01] 🔄 Identity reset
[05:00:01] 🔄 Identity rotated (every 10 requests)
[05:00:01] [60/322] STLE
[05:00:02] [61/322] JTRA
[05:00:03] [62/322] RPPA
[05:00:04] [63/322] ARUT
[05:00:05] [64/322] JTVM
[05:00:06] [65/322] SWRH
[05:00:07] [66/322] DCPC
[05:00:07] [67/322] RAPR
[05:00:08] [68/322] GCRT
[05:00:09] [69/322] ATUN
[05:00:10] 🔄 Identity reset
[05:00:10] 🔄 Identity rotated (every 10 requests)
[05:00:10] [70/322] LTRM
[05:00:11] [71/322] TASR
[05:00:12] [72/322] RLLC
[05:00:13] [73/322] MABI
[05:00:14] [74/322] SVHB
[05:00:15] [75/322] NVTB
[05:00:16] [76/322] KCKG
[05:00:17] [77/322] SSRN
[05:00:18] [78/322] VDDC
[05:00:18] [79/322] GKTK
[05:00:19] 🔄 Identity reset
[05:00:19] 🔄 Identity rotated (every 10 requests)
[05:00:20] [80/322] YFSN
[05:00:20] [81/322] GCSG
[05:00:21] [82/322] ESSM
[05:00:22] [83/322] KRIH
[05:00:23] [84/322] GCDS
[05:00:24] [85/322] CCSH
[05:00:25] [86/322] ACSK
[05:00:26] [87/322] APRK
[05:00:27] [88/322] ADKM
[05:00:28] [89/322] SRDM
[05:00:28] 🔄 Identity reset
[05:00:28] 🔄 Identity rotated (every 10 requests)
[05:00:29] [90/322] SJMY
[05:00:30] [91/322] PGGC
[05:00:31] [92/322] INGM
[05:00:31] [93/322] LSCB
[05:00:32] [94/322] STAD
[05:00:33] [95/322] MCCR
[05:00:34] [96/322] ABCC
[05:00:35] [97/322] RKCC
[05:00:36] [98/322] RTCR
[05:00:37] [99/322] GGBC
[05:00:37] 🔄 Identity reset
[05:00:37] 🔄 Identity rotated (every 10 requests)
[05:00:38] [100/322] GCSD
[05:00:38] [101/322] LPTY
[05:00:39] [102/322] MCFD
[05:00:40] [103/322] HENN
[05:00:41] [104/322] SMKU
[05:00:42] [105/322] TNZC
[05:00:44] [106/322] DRCD
[05:00:45] [107/322] DLCD
[05:00:47] [108/322] RCDA
[05:00:48] [109/322] COSM
[05:00:48] 🔄 Identity reset
[05:00:48] 🔄 Identity rotated (every 10 requests)
[05:00:48] [110/322] MCMJ
[05:00:49] [111/322] CSTR
[05:00:50] [112/322] CVDK
[05:00:51] [113/322] INRR
[05:00:52] [114/322] RJRT
[05:00:53] [115/322] IRMR
[05:00:54] [116/322] SRCF
[05:00:55] [117/322] GRCR
[05:00:55] [118/322] SURC
[05:00:57] [119/322] NMNH
[05:00:58] 🔄 Identity reset
[05:00:58] 🔄 Identity rotated (every 10 requests)
[05:00:58] [120/322] SVBL
[05:00:59] [121/322] KACI
[05:00:59] [122/322] TDGO
[05:01:00] [123/322] KTBR
[05:01:01] [124/322] PMAD
[05:01:02] [125/322] CCPN
[05:01:03] [126/322] SBTK
[05:01:04] [127/322] LMDK
[05:01:05] [128/322] PGDA
[05:01:05] [129/322] SRML
[05:01:06] 🔄 Identity reset
[05:01:06] 🔄 Identity rotated (every 10 requests)
[05:01:06] [130/322] EVCK
[05:01:07] [131/322] RTTK
[05:01:08] [132/322] SRTU
[05:01:09] [133/322] VRSA
[05:01:10] [134/322] VARS
[05:01:12] [135/322] DSCZ
[05:01:13] [136/322] GAGA
[05:01:13] [137/322] SARV
[05:01:14] [138/322] SEEG
[05:01:15] [139/322] GLCA
[05:01:16] 🔄 Identity reset
[05:01:16] 🔄 Identity rotated (every 10 requests)
[05:01:17] [140/322] APAS
[05:01:18] [141/322] VCIA
[05:01:19] [142/322] SJTA
[05:01:20] [143/322] SABM
[05:01:21] [144/322] PPAG
[05:01:22] [145/322] RVCA
[05:01:22] [146/322] CCIA
[05:01:23] [147/322] HTAG
[05:01:24] [148/322] SMBI
[05:01:25] [149/322] MCJR
[05:01:26] 🔄 Identity reset
[05:01:26] 🔄 Identity rotated (every 10 requests)
[05:01:26] [150/322] CCJR
[05:01:27] [151/322] SINF
[05:01:28] [152/322] CPLX
[05:01:29] [153/322] KKTJ
[05:01:30] [154/322] GDBW
[05:01:30] [155/322] CSUB
[05:01:31] [156/322] DABA
[05:01:32] [157/322] TITR
[05:01:33] [158/322] NYCR
[05:01:34] [159/322] RTRY
[05:01:35] 🔄 Identity reset
[05:01:35] 🔄 Identity rotated (every 10 requests)
[05:01:35] [160/322] JTJL
[05:01:36] [161/322] SJCP
[05:01:37] [162/322] KCCA
[05:01:38] [163/322] MLPG
[05:01:39] [164/322] VRCK
[05:01:40] [165/322] SRIN
[05:01:41] [166/322] CXMK
[05:01:42] [167/322] SKAD
[05:01:43] [168/322] AVTR
[05:01:43] [169/322] PTAJ
[05:01:44] 🔄 Identity reset
[05:01:44] 🔄 Identity rotated (every 10 requests)
[05:01:44] [170/322] SCNK
[05:01:46] [171/322] STTI
[05:01:47] [172/322] KACR
[05:01:48] [173/322] SSDX
[05:01:49] [174/322] VRTJ
[05:01:50] [175/322] RAJD
[05:01:51] [176/322] SCIP
[05:01:52] [177/322] RJSL
[05:01:53] [178/322] ARRS
[05:01:53] [179/322] ASMS
[05:01:54] 🔄 Identity reset
[05:01:54] 🔄 Identity rotated (every 10 requests)
[05:01:54] [180/322] RDTS
[05:01:55] [181/322] DVMY
[05:01:56] [182/322] RASA
[05:01:57] [183/322] INOM
[05:01:58] [184/322] SPRS
[05:01:59] [185/322] SGCS
[05:01:59] [186/322] SALM
[05:02:00] [187/322] PKHC
[05:02:01] [188/322] RCSV
[05:02:02] [189/322] CPKC
[05:02:03] 🔄 Identity reset
[05:02:03] 🔄 Identity rotated (every 10 requests)
[05:02:03] [190/322] AACD
[05:02:04] [191/322] GGCV
[05:02:05] [192/322] SMKD
[05:02:06] [193/322] NBCH
[05:02:07] [194/322] AMCB
[05:02:08] [195/322] OPCN
[05:02:09] [196/322] DCIN
[05:02:10] [197/322] INGW
[05:02:11] [198/322] PKKW
[05:02:12] [199/322] FNGW
[05:02:13] 🔄 Identity reset
[05:02:13] 🔄 Identity rotated (every 10 requests)
[05:02:13] [200/322] GCGD
[05:02:14] [201/322] MSTW
[05:02:15] [202/322] KCCG
[05:02:16] [203/322] MRSS
[05:02:17] [204/322] CLCF
[05:02:18] [205/322] EETS
[05:02:19] [206/322] AATR
[05:02:20] [207/322] CMMN
[05:02:20] [208/322] SCCJ
[05:02:21] [209/322] CDTK
[05:02:22] 🔄 Identity reset
[05:02:22] 🔄 Identity rotated (every 10 requests)
[05:02:22] [210/322] AICP
[05:02:23] [211/322] FNBP
[05:02:24] [212/322] CBPB
[05:02:25] [213/322] CPAS
[05:02:27] [214/322] MAPM
[05:02:27] [215/322] PASD
[05:02:28] [216/322] JCMN
[05:02:29] [217/322] MALB
[05:02:30] [218/322] SACG
[05:02:31] [219/322] DDRX
[05:02:31] 🔄 Identity reset
[05:02:32] 🔄 Identity rotated (every 10 requests)
[05:02:32] [220/322] DDXB
[05:02:33] [221/322] RAMC
[05:02:34] [222/322] SANC
[05:02:34] [223/322] BCBP
[05:02:35] [224/322] ALPC
[05:02:36] [225/322] RBAC
[05:02:38] [226/322] RAJL
[05:02:39] [227/322] MPDX
[05:02:40] [228/322] MUSC
[05:02:41] [229/322] VKMK
[05:02:41] 🔄 Identity reset
[05:02:41] 🔄 Identity rotated (every 10 requests)
[05:02:42] [230/322] SKCG
[05:02:43] [231/322] ANCN
[05:02:43] [232/322] MMCJ
[05:02:44] [233/322] DCAK
[05:02:46] [234/322] SCKG
[05:02:47] [235/322] LMCK
[05:02:48] [236/322] CKKX
[05:02:48] [237/322] ANKU
[05:02:50] [238/322] CSMD
[05:02:51] [239/322] MKMP
[05:02:51] 🔄 Identity reset
[05:02:51] 🔄 Identity rotated (every 10 requests)
[05:02:52] [240/322] SVBG
[05:02:52] [241/322] ROOP
[05:02:54] [242/322] GDMT
[05:02:55] [243/322] FPPF
[05:02:57] [244/322] SFUU
[05:02:58] [245/322] ANCB
[05:02:58] [246/322] SMMC
[05:02:59] [247/322] UGKT
[05:03:00] [248/322] JVRM
[05:03:01] [249/322] BATG
[05:03:02] 🔄 Identity reset
[05:03:02] 🔄 Identity rotated (every 10 requests)
[05:03:02] [250/322] RATE
[05:03:03] [251/322] SKME
[05:03:03] [252/322] LMTP
[05:03:04] [253/322] TCBD
[05:03:05] [254/322] ESBD
[05:03:06] [255/322] GDCU
[05:03:07] [256/322] SNKT
[05:03:08] [257/322] SRNK
[05:03:09] [258/322] SMED
[05:03:09] [259/322] CSQS
[05:03:10] 🔄 Identity reset
[05:03:10] 🔄 Identity rotated (every 10 requests)
[05:03:10] 🔄 Retry 1/5 for CSQS in 2.3s
[05:03:10] 🔄 Identity reset
[05:03:12] 🧠 New identity created
[05:03:13] [260/322] ALCS
[05:03:14] [261/322] KCKN
[05:03:15] [262/322] VCCL
[05:03:16] [263/322] MCDA
[05:03:17] [264/322] SHMI
[05:03:18] [265/322] SKHA
[05:03:19] [266/322] SVFK
[05:03:19] [267/322] INVB
[05:03:20] [268/322] MELD
[05:03:21] 🔄 Identity reset
[05:03:21] 🔄 Identity rotated (every 10 requests)
[05:03:21] [269/322] JTYS
[05:03:22] [270/322] INCM
[05:03:23] [271/322] MCDV
[05:03:24] [272/322] KSGK
[05:03:26] [273/322] ICMG
[05:03:27] [274/322] CSCV
[05:03:28] [275/322] STMD
[05:03:29] [276/322] STTR
[05:03:29] [277/322] INVC
[05:03:31] [278/322] JTBL
[05:03:32] 🔄 Identity reset
[05:03:32] 🔄 Identity rotated (every 10 requests)
[05:03:32] 🔄 Retry 1/5 for JTBL in 2.7s
[05:03:32] 🔄 Identity reset
[05:03:34] 🧠 New identity created
[05:03:35] [279/322] SRVV
[05:03:36] [280/322] MAVC
[05:03:36] [281/322] SRPP
[05:03:37] [282/322] JGDM
[05:03:38] [283/322] MBSJ
[05:03:39] [284/322] SSLL
[05:03:40] [285/322] SLKP
[05:03:41] [286/322] NSRV
[05:03:42] [287/322] UTDV
[05:03:43] 🔄 Identity reset
[05:03:43] 🔄 Identity rotated (every 10 requests)
[05:03:43] [288/322] KICM
[05:03:44] [289/322] KCMD
[05:03:45] [290/322] TTPP
[05:03:46] [291/322] KMPV
[05:03:47] [292/322] SKTV
[05:03:48] [293/322] STCV
[05:03:49] [294/322] SRDA
[05:03:50] [295/322] JTSX
[05:03:51] [296/322] STBV
[05:03:52] [297/322] APVZ
[05:03:52] 🔄 Identity reset
[05:03:52] 🔄 Identity rotated (every 10 requests)
[05:03:53] [298/322] GSTV
[05:03:53] [299/322] NMVS
[05:03:54] [300/322] SKRT
[05:03:56] [301/322] RMDV
[05:03:56] [302/322] RATG
[05:03:57] [303/322] SJYV
[05:03:59] [304/322] NDGP
[05:04:00] [305/322] SNDG
[05:04:00] [306/322] INSR
[05:04:01] [307/322] INSO
[05:04:02] 🔄 Identity reset
[05:04:02] 🔄 Identity rotated (every 10 requests)
[05:04:02] [308/322] CCSI
[05:04:03] [309/322] RASM
[05:04:04] [310/322] NEWC
[05:04:05] [311/322] VSHL
[05:04:06] [312/322] BISW
[05:04:06] [313/322] GCNG
[05:04:08] [314/322] CWSC
[05:04:09] [315/322] SKAN
[05:04:09] [316/322] CCOA
[05:04:10] [317/322] MCAJ
[05:04:11] 🔄 Identity reset
[05:04:11] 🔄 Identity rotated (every 10 requests)
[05:04:11] [318/322] ACDE
[05:04:13] [319/322] AACM
[05:04:14] [320/322] JJCK
[05:04:15] [321/322] RCMO
[05:04:16] [322/322] GDAW
[05:04:16] 🧹 Deduping shows
[05:04:16] ✅ DONE | Shows=263 | Movies=28
[12:26:04] 🚀 SCRIPT STARTED (enhanced anti‑detection)
[12:26:04] [1/322] CDCA
[12:26:05] 🧠 New identity created
[12:26:05] 🔄 Retry 1/5 for CDCA in 2.5s
[12:26:05] 🔄 Identity reset
[12:26:08] 🧠 New identity created
[12:26:08] [2/322] VBCZ
[12:26:09] [3/322] MSDR
[12:26:10] [4/322] ACPV
[12:26:11] [5/322] PVHB
[12:26:12] [6/322] RCNH
[12:26:13] [7/322] IOMH
[12:26:14] [8/322] ILKS
[12:26:15] [9/322] AMSN
[12:26:16] 🔄 Identity reset
[12:26:16] 🔄 Identity rotated (every 10 requests)
[12:26:16] 🔄 Retry 1/5 for AMSN in 2.2s
[12:26:16] 🔄 Identity reset
[12:26:18] 🧠 New identity created
[12:26:19] [10/322] ANTP
[12:26:20] [11/322] SSEK
[12:26:21] [12/322] PICP
[12:26:22] [13/322] SICO
[12:26:23] [14/322] SISP
[12:26:24] [15/322] SCPI
[12:26:25] [16/322] CRPR
[12:26:26] [17/322] DCTW
[12:26:27] [18/322] DCSP
[12:26:27] 🔄 Identity reset
[12:26:27] 🔄 Identity rotated (every 10 requests)
[12:26:27] 🔄 Retry 1/5 for DCSP in 2.7s
[12:26:27] 🔄 Identity reset
[12:26:30] 🧠 New identity created
[12:26:30] 🔄 Retry 2/5 for DCSP in 4.4s
[12:26:30] 🔄 Identity reset
[12:26:34] 🧠 New identity created
[12:26:35] [19/322] KRPM
[12:26:36] [20/322] THKK
[12:26:37] [21/322] SNMY
[12:26:38] [22/322] AKCC
[12:26:39] [23/322] PCAT
[12:26:40] [24/322] RFGO
[12:26:41] [25/322] GGCS
[12:26:41] [26/322] ACKR
[12:26:42] 🔄 Identity reset
[12:26:42] 🔄 Identity rotated (every 10 requests)
[12:26:42] 🔄 Retry 1/5 for ACKR in 3.0s
[12:26:42] 🔄 Identity reset
[12:26:45] 🧠 New identity created
[12:26:46] [27/322] STDO
[12:26:47] [28/322] ACKB
[12:26:48] [29/322] ALUC
[12:26:49] [30/322] MNSR
[12:26:49] [31/322] CSSL
[12:26:50] [32/322] BGGM
[12:26:51] [33/322] MANT
[12:26:52] [34/322] SOOY
[12:26:53] [35/322] VPPK
[12:26:54] 🔄 Identity reset
[12:26:54] 🔄 Identity rotated (every 10 requests)
[12:26:54] 🔄 Retry 1/5 for VPPK in 2.2s
[12:26:54] 🔄 Identity reset
[12:26:56] 🧠 New identity created
[12:26:56] 🔄 Retry 2/5 for VPPK in 4.3s
[12:26:56] 🔄 Identity reset
[12:27:00] 🧠 New identity created
[12:27:01] [36/322] MYHJ
[12:27:02] [37/322] KSCK
[12:27:02] [38/322] KATK
[12:27:03] [39/322] RTRT
[12:27:05] [40/322] SSTT
[12:27:06] [41/322] SSTV
[12:27:07] [42/322] LACM
[12:27:08] [43/322] SGMG
[12:27:09] 🔄 Identity reset
[12:27:09] 🔄 Identity rotated (every 10 requests)
[12:27:09] [44/322] KACX
[12:27:10] [45/322] GVCP
[12:27:11] [46/322] CSNC
[12:27:13] [47/322] SXCB
[12:27:14] [48/322] BAHS
[12:27:15] [49/322] PCBI
[12:27:16] [50/322] PSSM
[12:27:17] [51/322] RCOK
[12:27:19] [52/322] SCPF
[12:27:20] [53/322] SSAS
[12:27:21] 🔄 Identity reset
[12:27:21] 🔄 Identity rotated (every 10 requests)
[12:27:21] 🔄 Retry 1/5 for SSAS in 2.2s
[12:27:21] 🔄 Identity reset
[12:27:23] 🧠 New identity created
[12:27:23] [54/322] EVMM
[12:27:24] [55/322] SYCB
[12:27:25] [56/322] GCKI
[12:27:26] [57/322] IAET
[12:27:27] [58/322] DDTD
[12:27:28] [59/322] GMDH
[12:27:29] [60/322] STLE
[12:27:30] [61/322] JTRA
[12:27:31] [62/322] RPPA
[12:27:32] 🔄 Identity reset
[12:27:32] 🔄 Identity rotated (every 10 requests)
[12:27:32] 🔄 Retry 1/5 for RPPA in 2.0s
[12:27:32] 🔄 Identity reset
[12:27:34] 🧠 New identity created
[12:27:34] [63/322] ARUT
[12:27:36] [64/322] JTVM
[12:27:37] [65/322] SWRH
[12:27:37] [66/322] DCPC
[12:27:39] [67/322] RAPR
[12:27:39] [68/322] GCRT
[12:27:40] [69/322] ATUN
[12:27:41] [70/322] LTRM
[12:27:42] [71/322] TASR
[12:27:43] 🔄 Identity reset
[12:27:43] 🔄 Identity rotated (every 10 requests)
[12:27:43] 🔄 Retry 1/5 for TASR in 2.0s
[12:27:43] 🔄 Identity reset
[12:27:45] 🧠 New identity created
[12:27:45] 🔄 Retry 2/5 for TASR in 4.7s
[12:27:45] 🔄 Identity reset
[12:27:50] 🧠 New identity created
[12:27:50] 🔄 Retry 3/5 for TASR in 8.8s
[12:27:50] 🔄 Identity reset
[12:27:59] 🧠 New identity created
[12:27:59] [72/322] RLLC
[12:28:00] [73/322] MABI
[12:28:02] [74/322] SVHB
[12:28:03] [75/322] NVTB
[12:28:04] [76/322] KCKG
[12:28:05] [77/322] SSRN
[12:28:06] [78/322] VDDC
[12:28:06] 🔄 Identity reset
[12:28:06] 🔄 Identity rotated (every 10 requests)
[12:28:06] [79/322] GKTK
[12:28:08] [80/322] YFSN
[12:28:09] [81/322] GCSG
[12:28:11] [82/322] ESSM
[12:28:13] [83/322] KRIH
[12:28:14] [84/322] GCDS
[12:28:15] [85/322] CCSH
[12:28:17] [86/322] ACSK
[12:28:17] [87/322] APRK
[12:28:19] [88/322] ADKM
[12:28:19] 🔄 Identity reset
[12:28:19] 🔄 Identity rotated (every 10 requests)
[12:28:19] [89/322] SRDM
[12:28:20] [90/322] SJMY
[12:28:21] [91/322] PGGC
[12:28:22] [92/322] INGM
[12:28:24] [93/322] LSCB
[12:28:25] [94/322] STAD
[12:28:26] [95/322] MCCR
[12:28:27] [96/322] ABCC
[12:28:28] [97/322] RKCC
[12:28:29] [98/322] RTCR
[12:28:30] 🔄 Identity reset
[12:28:30] 🔄 Identity rotated (every 10 requests)
[12:28:30] 🔄 Retry 1/5 for RTCR in 2.6s
[12:28:30] 🔄 Identity reset
[12:28:33] 🧠 New identity created
[12:28:33] 🔄 Retry 2/5 for RTCR in 4.5s
[12:28:33] 🔄 Identity reset
[12:28:37] 🧠 New identity created
[12:28:38] [99/322] GGBC
[12:28:39] [100/322] GCSD
[12:28:40] [101/322] LPTY
[12:28:41] [102/322] MCFD
[12:28:42] [103/322] HENN
[12:28:43] [104/322] SMKU
[12:28:44] [105/322] TNZC
[12:28:45] [106/322] DRCD
[12:28:45] 🔄 Identity reset
[12:28:45] 🔄 Identity rotated (every 10 requests)
[12:28:46] [107/322] DLCD
[12:28:47] [108/322] RCDA
[12:28:47] [109/322] COSM
[12:28:48] [110/322] MCMJ
[12:28:50] [111/322] CSTR
[12:28:51] [112/322] CVDK
[12:28:52] [113/322] INRR
[12:28:53] [114/322] RJRT
[12:28:54] [115/322] IRMR
[12:28:55] [116/322] SRCF
[12:28:56] 🔄 Identity reset
[12:28:56] 🔄 Identity rotated (every 10 requests)
[12:28:56] 🔄 Retry 1/5 for SRCF in 2.6s
[12:28:56] 🔄 Identity reset
[12:28:58] 🧠 New identity created
[12:28:59] [117/322] GRCR
[12:29:00] [118/322] SURC
[12:29:00] [119/322] NMNH
[12:29:02] [120/322] SVBL
[12:29:02] [121/322] KACI
[12:29:04] [122/322] TDGO
[12:29:05] [123/322] KTBR
[12:29:06] [124/322] PMAD
[12:29:07] [125/322] CCPN
[12:29:07] 🔄 Identity reset
[12:29:07] 🔄 Identity rotated (every 10 requests)
[12:29:08] [126/322] SBTK
[12:29:08] [127/322] LMDK
[12:29:09] [128/322] PGDA
[12:29:11] [129/322] SRML
[12:29:12] [130/322] EVCK
[12:29:13] [131/322] RTTK
[12:29:14] [132/322] SRTU
[12:29:15] [133/322] VRSA
[12:29:16] [134/322] VARS
[12:29:17] [135/322] DSCZ
[12:29:17] 🔄 Identity reset
[12:29:17] 🔄 Identity rotated (every 10 requests)
[12:29:17] 🔄 Retry 1/5 for DSCZ in 2.4s
[12:29:17] 🔄 Identity reset
[12:29:20] 🧠 New identity created
[12:29:20] 🔄 Retry 2/5 for DSCZ in 4.8s
[12:29:20] 🔄 Identity reset
[12:29:25] 🧠 New identity created
[12:29:25] [136/322] GAGA
[12:29:26] [137/322] SARV
[12:29:27] [138/322] SEEG
[12:29:28] [139/322] GLCA
[12:29:28] [140/322] APAS
[12:29:29] [141/322] VCIA
[12:29:30] [142/322] SJTA
[12:29:31] [143/322] SABM
[12:29:32] 🔄 Identity reset
[12:29:32] 🔄 Identity rotated (every 10 requests)
[12:29:32] [144/322] PPAG
[12:29:33] [145/322] RVCA
[12:29:34] [146/322] CCIA
[12:29:35] [147/322] HTAG
[12:29:36] [148/322] SMBI
[12:29:37] [149/322] MCJR
[12:29:38] [150/322] CCJR
[12:29:39] [151/322] SINF
[12:29:40] [152/322] CPLX
[12:29:41] [153/322] KKTJ
[12:29:41] 🔄 Identity reset
[12:29:41] 🔄 Identity rotated (every 10 requests)
[12:29:41] 🔄 Retry 1/5 for KKTJ in 2.1s
[12:29:41] 🔄 Identity reset
[12:29:44] 🧠 New identity created
[12:29:44] [154/322] GDBW
[12:29:45] [155/322] CSUB
[12:29:46] [156/322] DABA
[12:29:47] [157/322] TITR
[12:29:48] [158/322] NYCR
[12:29:49] [159/322] RTRY
[12:29:50] [160/322] JTJL
[12:29:51] [161/322] SJCP
[12:29:52] [162/322] KCCA
[12:29:53] 🔄 Identity reset
[12:29:53] 🔄 Identity rotated (every 10 requests)
[12:29:53] [163/322] MLPG
[12:29:54] [164/322] VRCK
[12:29:55] [165/322] SRIN
[12:29:56] [166/322] CXMK
[12:29:57] [167/322] SKAD
[12:29:58] [168/322] AVTR
[12:29:58] [169/322] PTAJ
[12:29:59] [170/322] SCNK
[12:30:00] [171/322] STTI
[12:30:02] [172/322] KACR
[12:30:02] 🔄 Identity reset
[12:30:02] 🔄 Identity rotated (every 10 requests)
[12:30:03] [173/322] SSDX
[12:30:04] [174/322] VRTJ
[12:30:04] [175/322] RAJD
[12:30:05] [176/322] SCIP
[12:30:06] [177/322] RJSL
[12:30:07] [178/322] ARRS
[12:30:08] [179/322] ASMS
[12:30:09] [180/322] RDTS
[12:30:10] [181/322] DVMY
[12:30:11] [182/322] RASA
[12:30:12] 🔄 Identity reset
[12:30:12] 🔄 Identity rotated (every 10 requests)
[12:30:12] [183/322] INOM
[12:30:13] [184/322] SPRS
[12:30:14] [185/322] SGCS
[12:30:15] [186/322] SALM
[12:30:16] [187/322] PKHC
[12:30:17] [188/322] RCSV
[12:30:19] [189/322] CPKC
[12:30:20] [190/322] AACD
[12:30:21] [191/322] GGCV
[12:30:22] [192/322] SMKD
[12:30:22] 🔄 Identity reset
[12:30:22] 🔄 Identity rotated (every 10 requests)
[12:30:22] 🔄 Retry 1/5 for SMKD in 2.5s
[12:30:22] 🔄 Identity reset
[12:30:25] 🧠 New identity created
[12:30:25] 🔄 Retry 2/5 for SMKD in 4.4s
[12:30:25] 🔄 Identity reset
[12:30:29] 🧠 New identity created
[12:30:30] [193/322] NBCH
[12:30:31] [194/322] AMCB
[12:30:32] [195/322] OPCN
[12:30:33] [196/322] DCIN
[12:30:34] [197/322] INGW
[12:30:35] [198/322] PKKW
[12:30:37] [199/322] FNGW
[12:30:38] [200/322] GCGD
[12:30:38] 🔄 Identity reset
[12:30:38] 🔄 Identity rotated (every 10 requests)
[12:30:39] [201/322] MSTW
[12:30:39] [202/322] KCCG
[12:30:40] [203/322] MRSS
[12:30:42] [204/322] CLCF
[12:30:42] [205/322] EETS
[12:30:43] [206/322] AATR
[12:30:44] [207/322] CMMN
[12:30:45] [208/322] SCCJ
[12:30:46] [209/322] CDTK
[12:30:47] [210/322] AICP
[12:30:48] 🔄 Identity reset
[12:30:48] 🔄 Identity rotated (every 10 requests)
[12:30:48] [211/322] FNBP
[12:30:49] [212/322] CBPB
[12:30:50] [213/322] CPAS
[12:30:51] [214/322] MAPM
[12:30:52] [215/322] PASD
[12:30:54] [216/322] JCMN
[12:30:54] [217/322] MALB
[12:30:55] [218/322] SACG
[12:30:56] [219/322] DDRX
[12:30:57] [220/322] DDXB
[12:30:58] 🔄 Identity reset
[12:30:58] 🔄 Identity rotated (every 10 requests)
[12:30:58] [221/322] RAMC
[12:30:59] [222/322] SANC
[12:31:00] [223/322] BCBP
[12:31:02] [224/322] ALPC
[12:31:03] [225/322] RBAC
[12:31:04] [226/322] RAJL
[12:31:05] [227/322] MPDX
[12:31:06] [228/322] MUSC
[12:31:07] [229/322] VKMK
[12:31:08] [230/322] SKCG
[12:31:09] 🔄 Identity reset
[12:31:09] 🔄 Identity rotated (every 10 requests)
[12:31:09] 🔄 Retry 1/5 for SKCG in 2.6s
[12:31:09] 🔄 Identity reset
[12:31:12] 🧠 New identity created
[12:31:12] [231/322] ANCN
[12:31:13] [232/322] MMCJ
[12:31:14] [233/322] DCAK
[12:31:15] [234/322] SCKG
[12:31:16] [235/322] LMCK
[12:31:17] [236/322] CKKX
[12:31:18] [237/322] ANKU
[12:31:19] [238/322] CSMD
[12:31:20] [239/322] MKMP
[12:31:20] 🔄 Identity reset
[12:31:20] 🔄 Identity rotated (every 10 requests)
[12:31:21] [240/322] SVBG
[12:31:22] [241/322] ROOP
[12:31:23] [242/322] GDMT
[12:31:24] [243/322] FPPF
[12:31:25] [244/322] SFUU
[12:31:26] [245/322] ANCB
[12:31:27] [246/322] SMMC
[12:31:27] [247/322] UGKT
[12:31:28] [248/322] JVRM
[12:31:29] [249/322] BATG
[12:31:30] 🔄 Identity reset
[12:31:30] 🔄 Identity rotated (every 10 requests)
[12:31:31] [250/322] RATE
[12:31:32] [251/322] SKME
[12:31:33] [252/322] LMTP
[12:31:34] [253/322] TCBD
[12:31:35] [254/322] ESBD
[12:31:37] [255/322] GDCU
[12:31:37] [256/322] SNKT
[12:31:39] [257/322] SRNK
[12:31:39] [258/322] SMED
[12:31:40] [259/322] CSQS
[12:31:41] 🔄 Identity reset
[12:31:41] 🔄 Identity rotated (every 10 requests)
[12:31:41] 🔄 Retry 1/5 for CSQS in 2.7s
[12:31:41] 🔄 Identity reset
[12:31:44] 🧠 New identity created
[12:31:44] [260/322] ALCS
[12:31:45] [261/322] KCKN
[12:31:46] [262/322] VCCL
[12:31:47] [263/322] MCDA
[12:31:48] [264/322] SHMI
[12:31:49] [265/322] SKHA
[12:31:50] [266/322] SVFK
[12:31:51] [267/322] INVB
[12:31:52] [268/322] MELD
[12:31:53] 🔄 Identity reset
[12:31:53] 🔄 Identity rotated (every 10 requests)
[12:31:53] [269/322] JTYS
[12:31:54] [270/322] INCM
[12:31:55] [271/322] MCDV
[12:31:56] [272/322] KSGK
[12:31:57] [273/322] ICMG
[12:31:58] [274/322] CSCV
[12:31:59] [275/322] STMD
[12:32:00] [276/322] STTR
[12:32:01] [277/322] INVC
[12:32:02] [278/322] JTBL
[12:32:02] 🔄 Identity reset
[12:32:02] 🔄 Identity rotated (every 10 requests)
[12:32:02] 🔄 Retry 1/5 for JTBL in 2.8s
[12:32:02] 🔄 Identity reset
[12:32:05] 🧠 New identity created
[12:32:05] 🔄 Retry 2/5 for JTBL in 4.6s
[12:32:05] 🔄 Identity reset
[12:32:10] 🧠 New identity created
[12:32:10] 🔄 Retry 3/5 for JTBL in 8.7s
[12:32:10] 🔄 Identity reset
[12:32:19] 🧠 New identity created
[12:32:19] [279/322] SRVV
[12:32:20] [280/322] MAVC
[12:32:21] [281/322] SRPP
[12:32:22] [282/322] JGDM
[12:32:23] [283/322] MBSJ
[12:32:24] [284/322] SSLL
[12:32:25] [285/322] SLKP
[12:32:25] 🔄 Identity reset
[12:32:25] 🔄 Identity rotated (every 10 requests)
[12:32:26] [286/322] NSRV
[12:32:27] [287/322] UTDV
[12:32:28] [288/322] KICM
[12:32:29] [289/322] KCMD
[12:32:30] [290/322] TTPP
[12:32:31] [291/322] KMPV
[12:32:32] [292/322] SKTV
[12:32:33] [293/322] STCV
[12:32:34] [294/322] SRDA
[12:32:35] [295/322] JTSX
[12:32:35] 🔄 Identity reset
[12:32:35] 🔄 Identity rotated (every 10 requests)
[12:32:36] [296/322] STBV
[12:32:37] [297/322] APVZ
[12:32:38] [298/322] GSTV
[12:32:39] [299/322] NMVS
[12:32:40] [300/322] SKRT
[12:32:41] [301/322] RMDV
[12:32:42] [302/322] RATG
[12:32:44] [303/322] SJYV
[12:32:45] [304/322] NDGP
[12:32:47] [305/322] SNDG
[12:32:48] 🔄 Identity reset
[12:32:48] 🔄 Identity rotated (every 10 requests)
[12:32:48] 🔄 Retry 1/5 for SNDG in 3.0s
[12:32:48] 🔄 Identity reset
[12:32:51] 🧠 New identity created
[12:32:51] [306/322] INSR
[12:32:52] [307/322] INSO
[12:32:54] [308/322] CCSI
[12:32:55] [309/322] RASM
[12:32:56] [310/322] NEWC
[12:32:57] [311/322] VSHL
[12:32:59] [312/322] BISW
[12:33:00] [313/322] GCNG
[12:33:01] [314/322] CWSC
[12:33:02] 🔄 Identity reset
[12:33:02] 🔄 Identity rotated (every 10 requests)
[12:33:03] [315/322] SKAN
[12:33:04] [316/322] CCOA
[12:33:05] [317/322] MCAJ
[12:33:06] [318/322] ACDE
[12:33:06] [319/322] AACM
[12:33:07] [320/322] JJCK
[12:33:08] [321/322] RCMO
[12:33:09] [322/322] GDAW
[12:33:10] 🧹 Deduping shows
[12:33:10] ✅ DONE | Shows=286 | Movies=28
