[10:12:44] 🚀 SCRIPT STARTED (enhanced anti‑detection)
[10:12:44] [1/326] BSAT
[10:12:44] 🧠 New identity created
[10:12:45] [2/326] RSSM
[10:12:45] [3/326] GCTA
[10:12:46] [4/326] TOPN
[10:12:47] [5/326] MCUS
[10:12:49] [6/326] SHRL
[10:12:50] [7/326] UPTP
[10:12:51] [8/326] TMMP
[10:12:52] [9/326] DNRP
[10:12:53] [10/326] SRLT
[10:12:53] 🔄 Identity reset
[10:12:53] 🔄 Identity rotated (every 10 requests)
[10:12:54] [11/326] RCNS
[10:12:55] [12/326] DCBH
[10:12:56] [13/326] NAGJ
[10:12:57] [14/326] JVRC
[10:12:59] [15/326] KRJG
[10:13:00] [16/326] SRTJ
[10:13:01] [17/326] CMXM
[10:13:02] [18/326] STMI
[10:13:03] [19/326] SLST
[10:13:04] [20/326] DTCN
[10:13:04] 🔄 Identity reset
[10:13:04] 🔄 Identity rotated (every 10 requests)
[10:13:05] [21/326] STYN
[10:13:05] [22/326] SZVR
[10:13:07] [23/326] SRKO
[10:13:08] [24/326] JTGT
[10:13:10] [25/326] SVFD
[10:13:10] [26/326] SISD
[10:13:11] [27/326] ABDD
[10:13:13] [28/326] DRCA
[10:13:14] [29/326] AVCS
[10:13:15] [30/326] MVKH
[10:13:15] 🔄 Identity reset
[10:13:15] 🔄 Identity rotated (every 10 requests)
[10:13:16] [31/326] ACPR
[10:13:17] [32/326] STIP
[10:13:18] [33/326] MTRA
[10:13:19] [34/326] RMKH
[10:13:20] [35/326] NKRL
[10:13:21] [36/326] PCWN
[10:13:22] [37/326] BLMT
[10:13:23] [38/326] GDPG
[10:13:24] [39/326] SRMX
[10:13:25] [40/326] JACP
[10:13:25] 🔄 Identity reset
[10:13:25] 🔄 Identity rotated (every 10 requests)
[10:13:26] [41/326] CPSH
[10:13:27] [42/326] MCCD
[10:13:28] [43/326] ECGH
[10:13:29] [44/326] MKCK
[10:13:30] [45/326] SRMM
[10:13:31] [46/326] SKYR
[10:13:32] [47/326] PCKC
[10:13:33] [48/326] JCMA
[10:13:34] [49/326] BSMP
[10:13:35] [50/326] VSPA
[10:13:35] 🔄 Identity reset
[10:13:35] 🔄 Identity rotated (every 10 requests)
[10:13:36] [51/326] DJYA
[10:13:37] [52/326] DIMP
[10:13:38] [53/326] FXDR
[10:13:39] [54/326] SSRC
[10:13:40] [55/326] STHP
[10:13:41] [56/326] CPPD
[10:13:42] [57/326] FCLK
[10:13:43] [58/326] SCPP
[10:13:44] [59/326] DCMJ
[10:13:45] [60/326] RCCR
[10:13:46] 🔄 Identity reset
[10:13:46] 🔄 Identity rotated (every 10 requests)
[10:13:46] 🔄 Retry 1/5 for RCCR in 2.3s
[10:13:46] 🔄 Identity reset
[10:13:48] 🧠 New identity created
[10:13:48] 🔄 Retry 2/5 for RCCR in 4.0s
[10:13:48] 🔄 Identity reset
[10:13:52] 🧠 New identity created
[10:13:53] [61/326] INMT
[10:13:54] [62/326] LXTK
[10:13:55] [63/326] SRYK
[10:13:56] [64/326] SGDK
[10:13:57] [65/326] PPKA
[10:13:58] [66/326] SPKA
[10:13:59] [67/326] CGHH
[10:14:00] [68/326] DCJN
[10:14:01] 🔄 Identity reset
[10:14:01] 🔄 Identity rotated (every 10 requests)
[10:14:01] 🔄 Retry 1/5 for DCJN in 2.4s
[10:14:01] 🔄 Identity reset
[10:14:03] 🧠 New identity created
[10:14:04] [69/326] SRKV
[10:14:05] [70/326] SAJC
[10:14:05] [71/326] SUSR
[10:14:06] [72/326] STYG
[10:14:07] [73/326] NTKP
[10:14:08] [74/326] AKTG
[10:14:13] [75/326] CGCM
[10:14:17] [76/326] TULC
[10:14:18] [77/326] NYYZ
[10:14:18] 🔄 Identity reset
[10:14:19] 🔄 Identity rotated (every 10 requests)
[10:14:19] 🔄 Retry 1/5 for NYYZ in 2.2s
[10:14:19] 🔄 Identity reset
[10:14:21] 🧠 New identity created
[10:14:21] 🔄 Retry 2/5 for NYYZ in 4.5s
[10:14:21] 🔄 Identity reset
[10:14:25] 🧠 New identity created
[10:14:26] [78/326] NYBW
[10:14:27] [79/326] MACB
[10:14:28] [80/326] SLVT
[10:14:28] [81/326] SANA
[10:14:29] [82/326] ACMR
[10:14:31] [83/326] CPKN
[10:14:33] [84/326] DLGK
[10:14:33] [85/326] CWCK
[10:14:34] 🔄 Identity reset
[10:14:34] 🔄 Identity rotated (every 10 requests)
[10:14:34] 🔄 Retry 1/5 for CWCK in 2.5s
[10:14:34] 🔄 Identity reset
[10:14:37] 🧠 New identity created
[10:14:37] [86/326] FDDH
[10:14:38] [87/326] MMMD
[10:14:39] [88/326] CMEH
[10:14:40] [89/326] GGGV
[10:14:41] [90/326] SPJL
[10:14:41] [91/326] RCCD
[10:14:42] [92/326] STTZ
[10:14:43] [93/326] BTCF
[10:14:44] [94/326] TSTZ
[10:14:45] 🔄 Identity reset
[10:14:45] 🔄 Identity rotated (every 10 requests)
[10:14:45] 🔄 Retry 1/5 for TSTZ in 2.3s
[10:14:45] 🔄 Identity reset
[10:14:47] 🧠 New identity created
[10:14:48] [95/326] IPMM
[10:14:48] [96/326] PMPW
[10:14:49] [97/326] PCMZ
[10:14:50] [98/326] ESEM
[10:14:51] [99/326] PIPO
[10:14:52] [100/326] MATK
[10:14:54] [101/326] PGHM
[10:14:55] [102/326] CTSR
[10:14:56] [103/326] CYKR
[10:14:57] 🔄 Identity reset
[10:14:57] 🔄 Identity rotated (every 10 requests)
[10:14:57] 🔄 Retry 1/5 for CYKR in 2.8s
[10:14:57] 🔄 Identity reset
[10:14:59] 🧠 New identity created
[10:15:00] 🔄 Retry 2/5 for CYKR in 4.5s
[10:15:00] 🔄 Identity reset
[10:15:04] 🧠 New identity created
[10:15:04] [104/326] MSCM
[10:15:05] [105/326] RFNP
[10:15:06] [106/326] PDCP
[10:15:07] [107/326] NPSE
[10:15:08] [108/326] MKML
[10:15:09] [109/326] FTDP
[10:15:10] [110/326] MMXA
[10:15:11] [111/326] CEPO
[10:15:11] 🔄 Identity reset
[10:15:11] 🔄 Identity rotated (every 10 requests)
[10:15:11] 🔄 Retry 1/5 for CEPO in 2.1s
[10:15:11] 🔄 Identity reset
[10:15:14] 🧠 New identity created
[10:15:14] [112/326] CMVP
[10:15:15] [113/326] SGTH
[10:15:17] [114/326] SAYN
[10:15:18] [115/326] URVS
[10:15:19] [116/326] VJTN
[10:15:20] [117/326] BBYK
[10:15:21] [118/326] SHBO
[10:15:22] [119/326] VCMR
[10:15:23] [120/326] MACT
[10:15:24] 🔄 Identity reset
[10:15:24] 🔄 Identity rotated (every 10 requests)
[10:15:24] [121/326] JMNP
[10:15:25] [122/326] VICS
[10:15:26] [123/326] VCDA
[10:15:28] [124/326] GCMM
[10:15:29] [125/326] INVS
[10:15:30] [126/326] SCGM
[10:15:30] [127/326] PCDA
[10:15:31] [128/326] KDCT
[10:15:32] [129/326] JACS
[10:15:33] [130/326] GMMC
[10:15:34] 🔄 Identity reset
[10:15:34] 🔄 Identity rotated (every 10 requests)
[10:15:34] [131/326] AICM
[10:15:35] [132/326] TJCM
[10:15:36] [133/326] RMTI
[10:15:37] [134/326] SHAC
[10:15:38] [135/326] APJC
[10:15:38] [136/326] GCTG
[10:15:39] [137/326] SSMC
[10:15:40] [138/326] THRM
[10:15:42] [139/326] RBCT
[10:15:43] [140/326] DIKT
[10:15:43] 🔄 Identity reset
[10:15:43] 🔄 Identity rotated (every 10 requests)
[10:15:43] 🔄 Retry 1/5 for DIKT in 2.6s
[10:15:43] 🔄 Identity reset
[10:15:46] 🧠 New identity created
[10:15:46] 🔄 Retry 2/5 for DIKT in 4.3s
[10:15:46] 🔄 Identity reset
[10:15:50] 🧠 New identity created
[10:15:50] 🔄 Retry 3/5 for DIKT in 8.8s
[10:15:50] 🔄 Identity reset
[10:15:59] 🧠 New identity created
[10:16:00] [141/326] MIDL
[10:16:00] [142/326] VCSN
[10:16:01] [143/326] SKTG
[10:16:02] [144/326] SMWC
[10:16:03] [145/326] MNKH
[10:16:05] [146/326] PIAT
[10:16:06] [147/326] LTTP
[10:16:07] 🔄 Identity reset
[10:16:07] 🔄 Identity rotated (every 10 requests)
[10:16:07] [148/326] PTPU
[10:16:08] [149/326] ACMG
[10:16:09] [150/326] SHMM
[10:16:09] [151/326] MCMN
[10:16:10] [152/326] GLDC
[10:16:12] [153/326] HOUT
[10:16:13] [154/326] SVRP
[10:16:13] [155/326] PVDN
[10:16:14] [156/326] SCPY
[10:16:16] [157/326] DTPY
[10:16:17] 🔄 Identity reset
[10:16:17] 🔄 Identity rotated (every 10 requests)
[10:16:17] [158/326] GKCS
[10:16:18] [159/326] NCAM
[10:16:19] [160/326] BSRM
[10:16:20] [161/326] RCLC
[10:16:21] [162/326] SKKD
[10:16:22] [163/326] ACHU
[10:16:23] [164/326] RSCF
[10:16:23] [165/326] IMSH
[10:16:24] [166/326] MACX
[10:16:25] [167/326] HMMW
[10:16:26] 🔄 Identity reset
[10:16:26] 🔄 Identity rotated (every 10 requests)
[10:16:26] 🔄 Retry 1/5 for HMMW in 2.7s
[10:16:26] 🔄 Identity reset
[10:16:28] 🧠 New identity created
[10:16:29] [168/326] JTCP
[10:16:30] [169/326] SREN
[10:16:31] [170/326] PJRR
[10:16:32] [171/326] INAC
[10:16:32] [172/326] BMCA
[10:16:33] [173/326] SHCB
[10:16:34] [174/326] GABA
[10:16:35] [175/326] SBCT
[10:16:36] [176/326] GCMA
[10:16:37] 🔄 Identity reset
[10:16:37] 🔄 Identity rotated (every 10 requests)
[10:16:37] [177/326] MYTK
[10:16:38] [178/326] INZS
[10:16:39] [179/326] RMIK
[10:16:40] [180/326] NYCH
[10:16:41] [181/326] RAVE
[10:16:42] [182/326] PSXM
[10:16:43] [183/326] MCGP
[10:16:44] [184/326] PDDK
[10:16:45] [185/326] SPCK
[10:16:46] [186/326] MCRL
[10:16:46] 🔄 Identity reset
[10:16:46] 🔄 Identity rotated (every 10 requests)
[10:16:46] [187/326] MHKT
[10:16:47] [188/326] ANRR
[10:16:48] [189/326] SAPK
[10:16:49] [190/326] NCUK
[10:16:50] [191/326] JUGA
[10:16:51] [192/326] DBSC
[10:16:53] [193/326] LALK
[10:16:53] [194/326] GUCK
[10:16:54] [195/326] STSG
[10:16:55] [196/326] PPPZ
[10:16:56] 🔄 Identity reset
[10:16:56] 🔄 Identity rotated (every 10 requests)
[10:16:56] [197/326] CNCY
[10:16:57] [198/326] MTAR
[10:16:58] [199/326] VNKD
[10:16:59] [200/326] KMAJ
[10:17:00] [201/326] ACXK
[10:17:00] [202/326] UTKC
[10:17:01] [203/326] PBLK
[10:17:02] [204/326] ACBX
[10:17:03] [205/326] PTGM
[10:17:05] [206/326] BTDA
[10:17:05] 🔄 Identity reset
[10:17:06] 🔄 Identity rotated (every 10 requests)
[10:17:06] [207/326] PJMB
[10:17:07] [208/326] TPDA
[10:17:09] [209/326] AMOE
[10:17:10] [210/326] PRHT
[10:17:11] [211/326] PRTA
[10:17:12] [212/326] STAM
[10:17:13] [213/326] MSAA
[10:17:14] [214/326] SDLU
[10:17:15] [215/326] RCHH
[10:17:16] [216/326] KANT
[10:17:17] 🔄 Identity reset
[10:17:17] 🔄 Identity rotated (every 10 requests)
[10:17:17] [217/326] FCRT
[10:17:18] [218/326] DNKM
[10:17:19] [219/326] RYCP
[10:17:20] [220/326] MYRP
[10:17:21] [221/326] PPAK
[10:17:22] [222/326] NVPK
[10:17:24] [223/326] PRMC
[10:17:25] [224/326] JBCS
[10:17:26] [225/326] GXCK
[10:17:27] [226/326] USKO
[10:17:27] 🔄 Identity reset
[10:17:27] 🔄 Identity rotated (every 10 requests)
[10:17:28] [227/326] GTEM
[10:17:29] [228/326] SMBU
[10:17:30] [229/326] VETC
[10:17:31] [230/326] LCDA
[10:17:32] [231/326] MTVT
[10:17:33] [232/326] PYCP
[10:17:34] [233/326] PNSC
[10:17:35] [234/326] PPCC
[10:17:36] [235/326] TGRT
[10:17:37] [236/326] JYOT
[10:17:38] 🔄 Identity reset
[10:17:38] 🔄 Identity rotated (every 10 requests)
[10:17:38] [237/326] SRCZ
[10:17:39] [238/326] SJTE
[10:17:40] [239/326] DESC
[10:17:41] [240/326] JHVN
[10:17:42] [241/326] IPSG
[10:17:43] [242/326] IPCM
[10:17:45] [243/326] PDRS
[10:17:46] [244/326] ANCV
[10:17:47] [245/326] CMVV
[10:17:47] [246/326] SHYP
[10:17:48] 🔄 Identity reset
[10:17:48] 🔄 Identity rotated (every 10 requests)
[10:17:48] [247/326] DNCS
[10:17:49] [248/326] GAJK
[10:17:50] [249/326] AKTN
[10:17:51] [250/326] KAYA
[10:17:52] [251/326] SBRC
[10:17:53] [252/326] CHTP
[10:17:54] [253/326] SHRT
[10:17:55] [254/326] BCKU
[10:17:56] [255/326] FCPS
[10:17:57] [256/326] ARDD
[10:17:58] 🔄 Identity reset
[10:17:58] 🔄 Identity rotated (every 10 requests)
[10:17:59] [257/326] CPCM
[10:18:00] [258/326] CGSM
[10:18:01] [259/326] PSMP
[10:18:02] [260/326] SDAL
[10:18:03] [261/326] RTNB
[10:18:04] [262/326] LMCR
[10:18:04] [263/326] CIMA
[10:18:05] [264/326] RNAS
[10:18:06] [265/326] LITH
[10:18:07] [266/326] PBOX
[10:18:08] 🔄 Identity reset
[10:18:08] 🔄 Identity rotated (every 10 requests)
[10:18:08] [267/326] FRTS
[10:18:09] [268/326] RKIC
[10:18:10] [269/326] PTAI
[10:18:11] [270/326] GCIC
[10:18:12] [271/326] FNAS
[10:18:13] [272/326] SCAR
[10:18:14] [273/326] MTCA
[10:18:15] [274/326] SCTS
[10:18:16] [275/326] SYCS
[10:18:17] [276/326] RDMS
[10:18:17] 🔄 Identity reset
[10:18:17] 🔄 Identity rotated (every 10 requests)
[10:18:17] 🔄 Retry 1/5 for RDMS in 2.3s
[10:18:17] 🔄 Identity reset
[10:18:19] 🧠 New identity created
[10:18:20] [277/326] KAMP
[10:18:21] [278/326] ERSD
[10:18:22] [279/326] MJMJ
[10:18:23] [280/326] SRCJ
[10:18:24] [281/326] SCXE
[10:18:25] [282/326] SVFR
[10:18:26] [283/326] BHCS
[10:18:27] [284/326] IMCC
[10:18:28] [285/326] PCBO
[10:18:29] 🔄 Identity reset
[10:18:29] 🔄 Identity rotated (every 10 requests)
[10:18:29] [286/326] PRVN
[10:18:30] [287/326] AUPM
[10:18:31] [288/326] INBW
[10:18:32] [289/326] SVCW
[10:18:33] [290/326] RKCF
[10:18:34] [291/326] UVBH
[10:18:35] [292/326] DNCY
[10:18:36] [293/326] ABCN
[10:18:37] [294/326] PRUR
[10:18:38] [295/326] PFMR
[10:18:38] 🔄 Identity reset
[10:18:38] 🔄 Identity rotated (every 10 requests)
[10:18:39] [296/326] RKCN
[10:18:39] [297/326] CFEA
[10:18:41] [298/326] SDBG
[10:18:42] [299/326] SNAR
[10:18:43] [300/326] YISI
[10:18:44] [301/326] JCFF
[10:18:45] [302/326] VTRK
[10:18:46] [303/326] PCLZ
[10:18:47] [304/326] DIMY
[10:18:48] [305/326] BBTS
[10:18:48] 🔄 Identity reset
[10:18:48] 🔄 Identity rotated (every 10 requests)
[10:18:48] 🔄 Retry 1/5 for BBTS in 2.8s
[10:18:48] 🔄 Identity reset
[10:18:51] 🧠 New identity created
[10:18:52] [306/326] GATH
[10:18:53] [307/326] GTMN
[10:18:54] [308/326] VTMH
[10:18:55] [309/326] CCKP
[10:18:56] [310/326] GPKA
[10:18:57] [311/326] MHCL
[10:18:57] [312/326] ATCL
[10:18:58] [313/326] SBCK
[10:18:59] [314/326] AMMR
[10:19:00] 🔄 Identity reset
[10:19:00] 🔄 Identity rotated (every 10 requests)
[10:19:00] [315/326] MADC
[10:19:01] [316/326] TMMA
[10:19:02] [317/326] CACC
[10:19:04] [318/326] CHAL
[10:19:05] [319/326] DURG
[10:19:06] [320/326] GMKU
[10:19:07] [321/326] GECA
[10:19:09] [322/326] KYRR
[10:19:10] [323/326] KSDE
[10:19:10] [324/326] LMCI
[10:19:11] 🔄 Identity reset
[10:19:11] 🔄 Identity rotated (every 10 requests)
[10:19:11] [325/326] NKCP
[10:19:13] [326/326] BGTC
[10:19:14] 🧹 Deduping shows
[10:19:14] ✅ DONE | Shows=15 | Movies=3
[04:58:32] 🚀 SCRIPT STARTED (enhanced anti‑detection)
[04:58:32] [1/326] BSAT
[04:58:32] 🧠 New identity created
[04:58:32] 🔄 Retry 1/5 for BSAT in 2.3s
[04:58:32] 🔄 Identity reset
[04:58:35] 🧠 New identity created
[04:58:35] [2/326] RSSM
[04:58:36] [3/326] GCTA
[04:58:38] [4/326] TOPN
[04:58:39] [5/326] MCUS
[04:58:39] [6/326] SHRL
[04:58:40] [7/326] UPTP
[04:58:41] [8/326] TMMP
[04:58:42] [9/326] DNRP
[04:58:43] 🔄 Identity reset
[04:58:43] 🔄 Identity rotated (every 10 requests)
[04:58:43] [10/326] SRLT
[04:58:44] [11/326] RCNS
[04:58:45] [12/326] DCBH
[04:58:46] [13/326] NAGJ
[04:58:47] [14/326] JVRC
[04:58:47] [15/326] KRJG
[04:58:48] [16/326] SRTJ
[04:58:49] [17/326] CMXM
[04:58:51] [18/326] STMI
[04:58:52] [19/326] SLST
[04:58:52] 🔄 Identity reset
[04:58:52] 🔄 Identity rotated (every 10 requests)
[04:58:53] [20/326] DTCN
[04:58:54] [21/326] STYN
[04:58:55] [22/326] SZVR
[04:58:55] [23/326] SRKO
[04:58:56] [24/326] JTGT
[04:58:57] [25/326] SVFD
[04:58:59] [26/326] SISD
[04:59:00] [27/326] ABDD
[04:59:01] [28/326] DRCA
[04:59:03] [29/326] AVCS
[04:59:03] 🔄 Identity reset
[04:59:03] 🔄 Identity rotated (every 10 requests)
[04:59:03] 🔄 Retry 1/5 for AVCS in 2.8s
[04:59:03] 🔄 Identity reset
[04:59:06] 🧠 New identity created
[04:59:06] 🔄 Retry 2/5 for AVCS in 4.9s
[04:59:06] 🔄 Identity reset
[04:59:11] 🧠 New identity created
[04:59:11] [30/326] MVKH
[04:59:12] [31/326] ACPR
[04:59:13] [32/326] STIP
[04:59:14] [33/326] MTRA
[04:59:15] [34/326] RMKH
[04:59:16] [35/326] NKRL
[04:59:17] [36/326] PCWN
[04:59:18] [37/326] BLMT
[04:59:19] 🔄 Identity reset
[04:59:19] 🔄 Identity rotated (every 10 requests)
[04:59:19] [38/326] GDPG
[04:59:20] [39/326] SRMX
[04:59:21] [40/326] JACP
[04:59:21] [41/326] CPSH
[04:59:22] [42/326] MCCD
[04:59:24] [43/326] ECGH
[04:59:25] [44/326] MKCK
[04:59:26] [45/326] SRMM
[04:59:27] [46/326] SKYR
[04:59:28] [47/326] PCKC
[04:59:28] 🔄 Identity reset
[04:59:28] 🔄 Identity rotated (every 10 requests)
[04:59:28] 🔄 Retry 1/5 for PCKC in 2.8s
[04:59:28] 🔄 Identity reset
[04:59:31] 🧠 New identity created
[04:59:31] [48/326] JCMA
[04:59:32] [49/326] BSMP
[04:59:33] [50/326] VSPA
[04:59:34] [51/326] DJYA
[04:59:35] [52/326] DIMP
[04:59:36] [53/326] FXDR
[04:59:37] [54/326] SSRC
[04:59:38] [55/326] STHP
[04:59:39] [56/326] CPPD
[04:59:39] 🔄 Identity reset
[04:59:39] 🔄 Identity rotated (every 10 requests)
[04:59:40] 🔄 Retry 1/5 for CPPD in 3.0s
[04:59:40] 🔄 Identity reset
[04:59:42] 🧠 New identity created
[04:59:43] 🔄 Retry 2/5 for CPPD in 4.7s
[04:59:43] 🔄 Identity reset
[04:59:47] 🧠 New identity created
[04:59:47] 🔄 Retry 3/5 for CPPD in 8.8s
[04:59:47] 🔄 Identity reset
[04:59:56] 🧠 New identity created
[04:59:56] [57/326] FCLK
[04:59:57] [58/326] SCPP
[04:59:58] [59/326] DCMJ
[04:59:59] [60/326] RCCR
[05:00:00] [61/326] INMT
[05:00:01] [62/326] LXTK
[05:00:01] [63/326] SRYK
[05:00:02] 🔄 Identity reset
[05:00:02] 🔄 Identity rotated (every 10 requests)
[05:00:02] 🔄 Retry 1/5 for SRYK in 2.6s
[05:00:02] 🔄 Identity reset
[05:00:05] 🧠 New identity created
[05:00:05] [64/326] SGDK
[05:00:06] [65/326] PPKA
[05:00:07] [66/326] SPKA
[05:00:08] [67/326] CGHH
[05:00:09] [68/326] DCJN
[05:00:10] [69/326] SRKV
[05:00:12] [70/326] SAJC
[05:00:13] [71/326] SUSR
[05:00:14] [72/326] STYG
[05:00:14] 🔄 Identity reset
[05:00:14] 🔄 Identity rotated (every 10 requests)
[05:00:14] 🔄 Retry 1/5 for STYG in 2.4s
[05:00:14] 🔄 Identity reset
[05:00:17] 🧠 New identity created
[05:00:17] [73/326] NTKP
[05:00:18] [74/326] AKTG
[05:00:19] [75/326] CGCM
[05:00:20] [76/326] TULC
[05:00:21] [77/326] NYYZ
[05:00:22] [78/326] NYBW
[05:00:23] [79/326] MACB
[05:00:24] [80/326] SLVT
[05:00:25] [81/326] SANA
[05:00:26] 🔄 Identity reset
[05:00:26] 🔄 Identity rotated (every 10 requests)
[05:00:26] [82/326] ACMR
[05:00:27] [83/326] CPKN
[05:00:28] [84/326] DLGK
[05:00:29] [85/326] CWCK
[05:00:30] [86/326] FDDH
[05:00:31] [87/326] MMMD
[05:00:32] [88/326] CMEH
[05:00:33] [89/326] GGGV
[05:00:35] [90/326] SPJL
[05:00:35] [91/326] RCCD
[05:00:36] 🔄 Identity reset
[05:00:36] 🔄 Identity rotated (every 10 requests)
[05:00:36] [92/326] STTZ
[05:00:37] [93/326] BTCF
[05:00:38] [94/326] TSTZ
[05:00:39] [95/326] IPMM
[05:00:40] [96/326] PMPW
[05:00:41] [97/326] PCMZ
[05:00:42] [98/326] ESEM
[05:00:43] [99/326] PIPO
[05:00:44] [100/326] MATK
[05:00:45] [101/326] PGHM
[05:00:45] 🔄 Identity reset
[05:00:45] 🔄 Identity rotated (every 10 requests)
[05:00:45] 🔄 Retry 1/5 for PGHM in 2.4s
[05:00:45] 🔄 Identity reset
[05:00:48] 🧠 New identity created
[05:00:48] [102/326] CTSR
[05:00:49] [103/326] CYKR
[05:00:49] [104/326] MSCM
[05:00:51] [105/326] RFNP
[05:00:52] [106/326] PDCP
[05:00:52] [107/326] NPSE
[05:00:53] [108/326] MKML
[05:00:54] [109/326] FTDP
[05:00:55] [110/326] MMXA
[05:00:56] 🔄 Identity reset
[05:00:56] 🔄 Identity rotated (every 10 requests)
[05:00:57] [111/326] CEPO
[05:00:57] [112/326] CMVP
[05:00:58] [113/326] SGTH
[05:00:59] [114/326] SAYN
[05:01:00] [115/326] URVS
[05:01:01] [116/326] VJTN
[05:01:02] [117/326] BBYK
[05:01:03] [118/326] SHBO
[05:01:04] [119/326] VCMR
[05:01:05] [120/326] MACT
[05:01:05] 🔄 Identity reset
[05:01:05] 🔄 Identity rotated (every 10 requests)
[05:01:05] 🔄 Retry 1/5 for MACT in 2.9s
[05:01:05] 🔄 Identity reset
[05:01:08] 🧠 New identity created
[05:01:09] [121/326] JMNP
[05:01:09] [122/326] VICS
[05:01:10] [123/326] VCDA
[05:01:11] [124/326] GCMM
[05:01:12] [125/326] INVS
[05:01:13] [126/326] SCGM
[05:01:14] [127/326] PCDA
[05:01:15] [128/326] KDCT
[05:01:16] [129/326] JACS
[05:01:16] 🔄 Identity reset
[05:01:16] 🔄 Identity rotated (every 10 requests)
[05:01:17] [130/326] GMMC
[05:01:18] [131/326] AICM
[05:01:19] [132/326] TJCM
[05:01:20] [133/326] RMTI
[05:01:21] [134/326] SHAC
[05:01:22] [135/326] APJC
[05:01:22] [136/326] GCTG
[05:01:23] [137/326] SSMC
[05:01:24] [138/326] THRM
[05:01:25] [139/326] RBCT
[05:01:25] 🔄 Identity reset
[05:01:25] 🔄 Identity rotated (every 10 requests)
[05:01:26] 🔄 Retry 1/5 for RBCT in 2.7s
[05:01:26] 🔄 Identity reset
[05:01:28] 🧠 New identity created
[05:01:28] 🔄 Retry 2/5 for RBCT in 4.6s
[05:01:28] 🔄 Identity reset
[05:01:33] 🧠 New identity created
[05:01:34] [140/326] DIKT
[05:01:35] [141/326] MIDL
[05:01:37] [142/326] VCSN
[05:01:38] [143/326] SKTG
[05:01:39] [144/326] SMWC
[05:01:40] [145/326] MNKH
[05:01:41] [146/326] PIAT
[05:01:42] [147/326] LTTP
[05:01:42] 🔄 Identity reset
[05:01:42] 🔄 Identity rotated (every 10 requests)
[05:01:43] [148/326] PTPU
[05:01:44] [149/326] ACMG
[05:01:45] [150/326] SHMM
[05:01:46] [151/326] MCMN
[05:01:48] [152/326] GLDC
[05:01:48] [153/326] HOUT
[05:01:50] [154/326] SVRP
[05:01:51] [155/326] PVDN
[05:01:52] [156/326] SCPY
[05:01:53] [157/326] DTPY
[05:01:54] 🔄 Identity reset
[05:01:54] 🔄 Identity rotated (every 10 requests)
[05:01:54] 🔄 Retry 1/5 for DTPY in 2.3s
[05:01:54] 🔄 Identity reset
[05:01:56] 🧠 New identity created
[05:01:56] 🔄 Retry 2/5 for DTPY in 4.5s
[05:01:56] 🔄 Identity reset
[05:02:01] 🧠 New identity created
[05:02:01] 🔄 Retry 3/5 for DTPY in 8.6s
[05:02:01] 🔄 Identity reset
[05:02:09] 🧠 New identity created
[05:02:10] [158/326] GKCS
[05:02:11] [159/326] NCAM
[05:02:11] [160/326] BSRM
[05:02:12] [161/326] RCLC
[05:02:13] [162/326] SKKD
[05:02:14] [163/326] ACHU
[05:02:15] [164/326] RSCF
[05:02:15] 🔄 Identity reset
[05:02:15] 🔄 Identity rotated (every 10 requests)
[05:02:16] [165/326] IMSH
[05:02:16] [166/326] MACX
[05:02:17] [167/326] HMMW
[05:02:18] [168/326] JTCP
[05:02:19] [169/326] SREN
[05:02:20] [170/326] PJRR
[05:02:22] [171/326] INAC
[05:02:22] [172/326] BMCA
[05:02:24] [173/326] SHCB
[05:02:25] [174/326] GABA
[05:02:26] 🔄 Identity reset
[05:02:26] 🔄 Identity rotated (every 10 requests)
[05:02:26] [175/326] SBCT
[05:02:27] [176/326] GCMA
[05:02:28] [177/326] MYTK
[05:02:29] [178/326] INZS
[05:02:30] [179/326] RMIK
[05:02:31] [180/326] NYCH
[05:02:32] [181/326] RAVE
[05:02:33] [182/326] PSXM
[05:02:34] [183/326] MCGP
[05:02:35] [184/326] PDDK
[05:02:36] 🔄 Identity reset
[05:02:36] 🔄 Identity rotated (every 10 requests)
[05:02:36] 🔄 Retry 1/5 for PDDK in 2.9s
[05:02:36] 🔄 Identity reset
[05:02:38] 🧠 New identity created
[05:02:39] [185/326] SPCK
[05:02:40] [186/326] MCRL
[05:02:41] [187/326] MHKT
[05:02:42] [188/326] ANRR
[05:02:43] [189/326] SAPK
[05:02:44] [190/326] NCUK
[05:02:44] [191/326] JUGA
[05:02:45] [192/326] DBSC
[05:02:46] [193/326] LALK
[05:02:47] 🔄 Identity reset
[05:02:47] 🔄 Identity rotated (every 10 requests)
[05:02:47] [194/326] GUCK
[05:02:48] [195/326] STSG
[05:02:49] [196/326] PPPZ
[05:02:50] [197/326] CNCY
[05:02:51] [198/326] MTAR
[05:02:51] [199/326] VNKD
[05:02:52] [200/326] KMAJ
[05:02:53] [201/326] ACXK
[05:02:54] [202/326] UTKC
[05:02:55] [203/326] PBLK
[05:02:56] 🔄 Identity reset
[05:02:56] 🔄 Identity rotated (every 10 requests)
[05:02:56] 🔄 Retry 1/5 for PBLK in 2.8s
[05:02:56] 🔄 Identity reset
[05:02:59] 🧠 New identity created
[05:02:59] [204/326] ACBX
[05:03:00] [205/326] PTGM
[05:03:01] [206/326] BTDA
[05:03:02] [207/326] PJMB
[05:03:03] [208/326] TPDA
[05:03:04] [209/326] AMOE
[05:03:05] [210/326] PRHT
[05:03:06] [211/326] PRTA
[05:03:07] [212/326] STAM
[05:03:07] 🔄 Identity reset
[05:03:07] 🔄 Identity rotated (every 10 requests)
[05:03:08] [213/326] MSAA
[05:03:09] [214/326] SDLU
[05:03:09] [215/326] RCHH
[05:03:10] [216/326] KANT
[05:03:11] [217/326] FCRT
[05:03:12] [218/326] DNKM
[05:03:13] [219/326] RYCP
[05:03:14] [220/326] MYRP
[05:03:15] [221/326] PPAK
[05:03:16] [222/326] NVPK
[05:03:17] 🔄 Identity reset
[05:03:17] 🔄 Identity rotated (every 10 requests)
[05:03:17] [223/326] PRMC
[05:03:18] [224/326] JBCS
[05:03:19] [225/326] GXCK
[05:03:20] [226/326] USKO
[05:03:21] [227/326] GTEM
[05:03:22] [228/326] SMBU
[05:03:23] [229/326] VETC
[05:03:24] [230/326] LCDA
[05:03:25] [231/326] MTVT
[05:03:26] [232/326] PYCP
[05:03:27] 🔄 Identity reset
[05:03:27] 🔄 Identity rotated (every 10 requests)
[05:03:27] [233/326] PNSC
[05:03:28] [234/326] PPCC
[05:03:29] [235/326] TGRT
[05:03:30] [236/326] JYOT
[05:03:31] [237/326] SRCZ
[05:03:32] [238/326] SJTE
[05:03:33] [239/326] DESC
[05:03:33] [240/326] JHVN
[05:03:34] [241/326] IPSG
[05:03:35] [242/326] IPCM
[05:03:36] 🔄 Identity reset
[05:03:36] 🔄 Identity rotated (every 10 requests)
[05:03:36] [243/326] PDRS
[05:03:37] [244/326] ANCV
[05:03:39] [245/326] CMVV
[05:03:40] [246/326] SHYP
[05:03:41] [247/326] DNCS
[05:03:41] [248/326] GAJK
[05:03:42] [249/326] AKTN
[05:03:43] [250/326] KAYA
[05:03:45] [251/326] SBRC
[05:03:46] [252/326] CHTP
[05:03:47] 🔄 Identity reset
[05:03:47] 🔄 Identity rotated (every 10 requests)
[05:03:47] [253/326] SHRT
[05:03:48] [254/326] BCKU
[05:03:49] [255/326] FCPS
[05:03:50] [256/326] ARDD
[05:03:51] [257/326] CPCM
[05:03:52] [258/326] CGSM
[05:03:53] [259/326] PSMP
[05:03:53] [260/326] SDAL
[05:03:55] [261/326] RTNB
[05:03:56] [262/326] LMCR
[05:03:56] 🔄 Identity reset
[05:03:57] 🔄 Identity rotated (every 10 requests)
[05:03:57] [263/326] CIMA
[05:03:58] [264/326] RNAS
[05:03:59] [265/326] LITH
[05:03:59] [266/326] PBOX
[05:04:00] [267/326] FRTS
[05:04:01] [268/326] RKIC
[05:04:02] [269/326] PTAI
[05:04:03] [270/326] GCIC
[05:04:04] [271/326] FNAS
[05:04:05] [272/326] SCAR
[05:04:06] 🔄 Identity reset
[05:04:06] 🔄 Identity rotated (every 10 requests)
[05:04:06] 🔄 Retry 1/5 for SCAR in 2.2s
[05:04:06] 🔄 Identity reset
[05:04:08] 🧠 New identity created
[05:04:08] 🔄 Retry 2/5 for SCAR in 4.9s
[05:04:08] 🔄 Identity reset
[05:04:13] 🧠 New identity created
[05:04:14] [273/326] MTCA
[05:04:15] [274/326] SCTS
[05:04:16] [275/326] SYCS
[05:04:16] [276/326] RDMS
[05:04:18] [277/326] KAMP
[05:04:19] [278/326] ERSD
[05:04:20] [279/326] MJMJ
[05:04:21] [280/326] SRCJ
[05:04:21] 🔄 Identity reset
[05:04:21] 🔄 Identity rotated (every 10 requests)
[05:04:22] [281/326] SCXE
[05:04:23] [282/326] SVFR
[05:04:24] [283/326] BHCS
[05:04:25] [284/326] IMCC
[05:04:25] [285/326] PCBO
[05:04:27] [286/326] PRVN
[05:04:28] [287/326] AUPM
[05:04:29] [288/326] INBW
[05:04:30] [289/326] SVCW
[05:04:31] [290/326] RKCF
[05:04:31] 🔄 Identity reset
[05:04:31] 🔄 Identity rotated (every 10 requests)
[05:04:31] 🔄 Retry 1/5 for RKCF in 2.4s
[05:04:31] 🔄 Identity reset
[05:04:34] 🧠 New identity created
[05:04:34] [291/326] UVBH
[05:04:35] [292/326] DNCY
[05:04:36] [293/326] ABCN
[05:04:37] [294/326] PRUR
[05:04:38] [295/326] PFMR
[05:04:39] [296/326] RKCN
[05:04:40] [297/326] CFEA
[05:04:40] [298/326] SDBG
[05:04:41] [299/326] SNAR
[05:04:42] 🔄 Identity reset
[05:04:42] 🔄 Identity rotated (every 10 requests)
[05:04:42] 🔄 Retry 1/5 for SNAR in 2.9s
[05:04:42] 🔄 Identity reset
[05:04:45] 🧠 New identity created
[05:04:45] [300/326] YISI
[05:04:46] [301/326] JCFF
[05:04:47] [302/326] VTRK
[05:04:48] [303/326] PCLZ
[05:04:49] [304/326] DIMY
[05:04:49] [305/326] BBTS
[05:04:50] [306/326] GATH
[05:04:51] [307/326] GTMN
[05:04:52] [308/326] VTMH
[05:04:53] 🔄 Identity reset
[05:04:53] 🔄 Identity rotated (every 10 requests)
[05:04:53] 🔄 Retry 1/5 for VTMH in 2.9s
[05:04:53] 🔄 Identity reset
[05:04:56] 🧠 New identity created
[05:04:56] 🔄 Retry 2/5 for VTMH in 4.8s
[05:04:56] 🔄 Identity reset
[05:05:01] 🧠 New identity created
[05:05:01] [309/326] CCKP
[05:05:02] [310/326] GPKA
[05:05:03] [311/326] MHCL
[05:05:04] [312/326] ATCL
[05:05:05] [313/326] SBCK
[05:05:06] [314/326] AMMR
[05:05:07] [315/326] MADC
[05:05:07] [316/326] TMMA
[05:05:08] 🔄 Identity reset
[05:05:08] 🔄 Identity rotated (every 10 requests)
[05:05:08] [317/326] CACC
[05:05:10] [318/326] CHAL
[05:05:10] [319/326] DURG
[05:05:11] [320/326] GMKU
[05:05:12] [321/326] GECA
[05:05:13] [322/326] KYRR
[05:05:14] [323/326] KSDE
[05:05:15] [324/326] LMCI
[05:05:15] [325/326] NKCP
[05:05:16] [326/326] BGTC
[05:05:17] 🔄 Identity reset
[05:05:17] 🔄 Identity rotated (every 10 requests)
[05:05:18] 🧹 Deduping shows
[05:05:18] ✅ DONE | Shows=157 | Movies=20
[12:25:51] 🚀 SCRIPT STARTED (enhanced anti‑detection)
[12:25:51] [1/326] BSAT
[12:25:52] 🧠 New identity created
[12:25:52] [2/326] RSSM
[12:25:53] [3/326] GCTA
[12:25:54] [4/326] TOPN
[12:25:55] [5/326] MCUS
[12:25:56] [6/326] SHRL
[12:25:57] [7/326] UPTP
[12:25:58] [8/326] TMMP
[12:25:59] [9/326] DNRP
[12:26:00] [10/326] SRLT
[12:26:00] 🔄 Identity reset
[12:26:01] 🔄 Identity rotated (every 10 requests)
[12:26:01] [11/326] RCNS
[12:26:02] [12/326] DCBH
[12:26:03] [13/326] NAGJ
[12:26:04] [14/326] JVRC
[12:26:05] [15/326] KRJG
[12:26:06] [16/326] SRTJ
[12:26:07] [17/326] CMXM
[12:26:07] [18/326] STMI
[12:26:08] [19/326] SLST
[12:26:09] [20/326] DTCN
[12:26:10] 🔄 Identity reset
[12:26:10] 🔄 Identity rotated (every 10 requests)
[12:26:10] [21/326] STYN
[12:26:11] [22/326] SZVR
[12:26:12] [23/326] SRKO
[12:26:13] [24/326] JTGT
[12:26:14] [25/326] SVFD
[12:26:15] [26/326] SISD
[12:26:16] [27/326] ABDD
[12:26:17] [28/326] DRCA
[12:26:18] [29/326] AVCS
[12:26:18] [30/326] MVKH
[12:26:19] 🔄 Identity reset
[12:26:19] 🔄 Identity rotated (every 10 requests)
[12:26:20] [31/326] ACPR
[12:26:21] [32/326] STIP
[12:26:21] [33/326] MTRA
[12:26:22] [34/326] RMKH
[12:26:23] [35/326] NKRL
[12:26:24] [36/326] PCWN
[12:26:25] [37/326] BLMT
[12:26:26] [38/326] GDPG
[12:26:28] [39/326] SRMX
[12:26:29] [40/326] JACP
[12:26:29] 🔄 Identity reset
[12:26:29] 🔄 Identity rotated (every 10 requests)
[12:26:30] [41/326] CPSH
[12:26:32] [42/326] MCCD
[12:26:32] [43/326] ECGH
[12:26:33] [44/326] MKCK
[12:26:34] [45/326] SRMM
[12:26:35] [46/326] SKYR
[12:26:36] [47/326] PCKC
[12:26:38] [48/326] JCMA
[12:26:39] [49/326] BSMP
[12:26:40] [50/326] VSPA
[12:26:40] 🔄 Identity reset
[12:26:40] 🔄 Identity rotated (every 10 requests)
[12:26:41] [51/326] DJYA
[12:26:42] [52/326] DIMP
[12:26:43] [53/326] FXDR
[12:26:44] [54/326] SSRC
[12:26:45] [55/326] STHP
[12:26:45] [56/326] CPPD
[12:26:46] [57/326] FCLK
[12:26:47] [58/326] SCPP
[12:26:48] [59/326] DCMJ
[12:26:50] [60/326] RCCR
[12:26:51] 🔄 Identity reset
[12:26:51] 🔄 Identity rotated (every 10 requests)
[12:26:51] 🔄 Retry 1/5 for RCCR in 2.3s
[12:26:51] 🔄 Identity reset
[12:26:53] 🧠 New identity created
[12:26:53] [61/326] INMT
[12:26:54] [62/326] LXTK
[12:26:55] [63/326] SRYK
[12:26:57] [64/326] SGDK
[12:26:57] [65/326] PPKA
[12:26:58] [66/326] SPKA
[12:26:59] [67/326] CGHH
[12:27:00] [68/326] DCJN
[12:27:01] [69/326] SRKV
[12:27:02] 🔄 Identity reset
[12:27:02] 🔄 Identity rotated (every 10 requests)
[12:27:02] [70/326] SAJC
[12:27:03] [71/326] SUSR
[12:27:04] [72/326] STYG
[12:27:05] [73/326] NTKP
[12:27:06] [74/326] AKTG
[12:27:07] [75/326] CGCM
[12:27:08] [76/326] TULC
[12:27:09] [77/326] NYYZ
[12:27:10] [78/326] NYBW
[12:27:11] [79/326] MACB
[12:27:11] 🔄 Identity reset
[12:27:11] 🔄 Identity rotated (every 10 requests)
[12:27:12] [80/326] SLVT
[12:27:12] [81/326] SANA
[12:27:13] [82/326] ACMR
[12:27:15] [83/326] CPKN
[12:27:16] [84/326] DLGK
[12:27:17] [85/326] CWCK
[12:27:18] [86/326] FDDH
[12:27:19] [87/326] MMMD
[12:27:20] [88/326] CMEH
[12:27:21] [89/326] GGGV
[12:27:21] 🔄 Identity reset
[12:27:21] 🔄 Identity rotated (every 10 requests)
[12:27:21] [90/326] SPJL
[12:27:22] [91/326] RCCD
[12:27:23] [92/326] STTZ
[12:27:24] [93/326] BTCF
[12:27:25] [94/326] TSTZ
[12:27:26] [95/326] IPMM
[12:27:27] [96/326] PMPW
[12:27:28] [97/326] PCMZ
[12:27:29] [98/326] ESEM
[12:27:30] [99/326] PIPO
[12:27:30] 🔄 Identity reset
[12:27:30] 🔄 Identity rotated (every 10 requests)
[12:27:31] [100/326] MATK
[12:27:32] [101/326] PGHM
[12:27:32] [102/326] CTSR
[12:27:33] [103/326] CYKR
[12:27:34] [104/326] MSCM
[12:27:35] [105/326] RFNP
[12:27:36] [106/326] PDCP
[12:27:37] [107/326] NPSE
[12:27:38] [108/326] MKML
[12:27:39] [109/326] FTDP
[12:27:39] 🔄 Identity reset
[12:27:39] 🔄 Identity rotated (every 10 requests)
[12:27:39] 🔄 Retry 1/5 for FTDP in 2.3s
[12:27:39] 🔄 Identity reset
[12:27:42] 🧠 New identity created
[12:27:43] [110/326] MMXA
[12:27:44] [111/326] CEPO
[12:27:45] [112/326] CMVP
[12:27:46] [113/326] SGTH
[12:27:47] [114/326] SAYN
[12:27:48] [115/326] URVS
[12:27:49] [116/326] VJTN
[12:27:50] [117/326] BBYK
[12:27:51] [118/326] SHBO
[12:27:51] 🔄 Identity reset
[12:27:51] 🔄 Identity rotated (every 10 requests)
[12:27:52] [119/326] VCMR
[12:27:53] [120/326] MACT
[12:27:54] [121/326] JMNP
[12:27:55] [122/326] VICS
[12:27:56] [123/326] VCDA
[12:27:57] [124/326] GCMM
[12:27:58] [125/326] INVS
[12:27:59] [126/326] SCGM
[12:28:00] [127/326] PCDA
[12:28:01] [128/326] KDCT
[12:28:02] 🔄 Identity reset
[12:28:02] 🔄 Identity rotated (every 10 requests)
[12:28:02] [129/326] JACS
[12:28:03] [130/326] GMMC
[12:28:04] [131/326] AICM
[12:28:05] [132/326] TJCM
[12:28:06] [133/326] RMTI
[12:28:07] [134/326] SHAC
[12:28:08] [135/326] APJC
[12:28:08] [136/326] GCTG
[12:28:09] [137/326] SSMC
[12:28:10] [138/326] THRM
[12:28:11] 🔄 Identity reset
[12:28:11] 🔄 Identity rotated (every 10 requests)
[12:28:11] [139/326] RBCT
[12:28:12] [140/326] DIKT
[12:28:14] [141/326] MIDL
[12:28:14] [142/326] VCSN
[12:28:15] [143/326] SKTG
[12:28:16] [144/326] SMWC
[12:28:17] [145/326] MNKH
[12:28:18] [146/326] PIAT
[12:28:19] [147/326] LTTP
[12:28:20] [148/326] PTPU
[12:28:20] 🔄 Identity reset
[12:28:20] 🔄 Identity rotated (every 10 requests)
[12:28:21] [149/326] ACMG
[12:28:22] [150/326] SHMM
[12:28:23] [151/326] MCMN
[12:28:23] [152/326] GLDC
[12:28:24] [153/326] HOUT
[12:28:25] [154/326] SVRP
[12:28:26] [155/326] PVDN
[12:28:27] [156/326] SCPY
[12:28:28] [157/326] DTPY
[12:28:29] [158/326] GKCS
[12:28:30] 🔄 Identity reset
[12:28:30] 🔄 Identity rotated (every 10 requests)
[12:28:30] 🔄 Retry 1/5 for GKCS in 2.9s
[12:28:30] 🔄 Identity reset
[12:28:33] 🧠 New identity created
[12:28:33] [159/326] NCAM
[12:28:35] [160/326] BSRM
[12:28:35] [161/326] RCLC
[12:28:36] [162/326] SKKD
[12:28:38] [163/326] ACHU
[12:28:39] [164/326] RSCF
[12:28:39] [165/326] IMSH
[12:28:40] [166/326] MACX
[12:28:41] [167/326] HMMW
[12:28:42] 🔄 Identity reset
[12:28:42] 🔄 Identity rotated (every 10 requests)
[12:28:42] [168/326] JTCP
[12:28:43] [169/326] SREN
[12:28:44] [170/326] PJRR
[12:28:45] [171/326] INAC
[12:28:46] [172/326] BMCA
[12:28:47] [173/326] SHCB
[12:28:48] [174/326] GABA
[12:28:49] [175/326] SBCT
[12:28:50] [176/326] GCMA
[12:28:51] [177/326] MYTK
[12:28:52] 🔄 Identity reset
[12:28:52] 🔄 Identity rotated (every 10 requests)
[12:28:52] [178/326] INZS
[12:28:54] [179/326] RMIK
[12:28:55] [180/326] NYCH
[12:28:55] [181/326] RAVE
[12:28:56] [182/326] PSXM
[12:28:58] [183/326] MCGP
[12:28:58] [184/326] PDDK
[12:28:59] [185/326] SPCK
[12:29:00] [186/326] MCRL
[12:29:01] [187/326] MHKT
[12:29:02] 🔄 Identity reset
[12:29:02] 🔄 Identity rotated (every 10 requests)
[12:29:02] 🔄 Retry 1/5 for MHKT in 2.4s
[12:29:02] 🔄 Identity reset
[12:29:04] 🧠 New identity created
[12:29:05] [188/326] ANRR
[12:29:06] [189/326] SAPK
[12:29:07] [190/326] NCUK
[12:29:08] [191/326] JUGA
[12:29:09] [192/326] DBSC
[12:29:09] [193/326] LALK
[12:29:10] [194/326] GUCK
[12:29:11] [195/326] STSG
[12:29:12] [196/326] PPPZ
[12:29:13] 🔄 Identity reset
[12:29:13] 🔄 Identity rotated (every 10 requests)
[12:29:13] [197/326] CNCY
[12:29:14] [198/326] MTAR
[12:29:15] [199/326] VNKD
[12:29:15] [200/326] KMAJ
[12:29:16] [201/326] ACXK
[12:29:17] [202/326] UTKC
[12:29:18] [203/326] PBLK
[12:29:19] [204/326] ACBX
[12:29:20] [205/326] PTGM
[12:29:22] [206/326] BTDA
[12:29:22] 🔄 Identity reset
[12:29:22] 🔄 Identity rotated (every 10 requests)
[12:29:22] [207/326] PJMB
[12:29:23] [208/326] TPDA
[12:29:24] [209/326] AMOE
[12:29:25] [210/326] PRHT
[12:29:26] [211/326] PRTA
[12:29:27] [212/326] STAM
[12:29:28] [213/326] MSAA
[12:29:29] [214/326] SDLU
[12:29:30] [215/326] RCHH
[12:29:31] [216/326] KANT
[12:29:31] 🔄 Identity reset
[12:29:31] 🔄 Identity rotated (every 10 requests)
[12:29:32] [217/326] FCRT
[12:29:33] [218/326] DNKM
[12:29:34] [219/326] RYCP
[12:29:35] [220/326] MYRP
[12:29:36] [221/326] PPAK
[12:29:37] [222/326] NVPK
[12:29:37] [223/326] PRMC
[12:29:38] [224/326] JBCS
[12:29:39] [225/326] GXCK
[12:29:40] [226/326] USKO
[12:29:41] 🔄 Identity reset
[12:29:41] 🔄 Identity rotated (every 10 requests)
[12:29:41] 🔄 Retry 1/5 for USKO in 2.8s
[12:29:41] 🔄 Identity reset
[12:29:44] 🧠 New identity created
[12:29:44] [227/326] GTEM
[12:29:45] [228/326] SMBU
[12:29:46] [229/326] VETC
[12:29:47] [230/326] LCDA
[12:29:48] [231/326] MTVT
[12:29:49] [232/326] PYCP
[12:29:50] [233/326] PNSC
[12:29:51] [234/326] PPCC
[12:29:52] [235/326] TGRT
[12:29:53] 🔄 Identity reset
[12:29:53] 🔄 Identity rotated (every 10 requests)
[12:29:53] [236/326] JYOT
[12:29:54] [237/326] SRCZ
[12:29:55] [238/326] SJTE
[12:29:56] [239/326] DESC
[12:29:57] [240/326] JHVN
[12:29:58] [241/326] IPSG
[12:29:59] [242/326] IPCM
[12:30:00] [243/326] PDRS
[12:30:01] [244/326] ANCV
[12:30:02] [245/326] CMVV
[12:30:02] 🔄 Identity reset
[12:30:02] 🔄 Identity rotated (every 10 requests)
[12:30:03] 🔄 Retry 1/5 for CMVV in 2.4s
[12:30:03] 🔄 Identity reset
[12:30:05] 🧠 New identity created
[12:30:05] [246/326] SHYP
[12:30:06] [247/326] DNCS
[12:30:07] [248/326] GAJK
[12:30:08] [249/326] AKTN
[12:30:10] [250/326] KAYA
[12:30:11] [251/326] SBRC
[12:30:12] [252/326] CHTP
[12:30:13] [253/326] SHRT
[12:30:14] [254/326] BCKU
[12:30:14] 🔄 Identity reset
[12:30:14] 🔄 Identity rotated (every 10 requests)
[12:30:15] [255/326] FCPS
[12:30:16] [256/326] ARDD
[12:30:17] [257/326] CPCM
[12:30:18] [258/326] CGSM
[12:30:19] [259/326] PSMP
[12:30:20] [260/326] SDAL
[12:30:21] [261/326] RTNB
[12:30:22] [262/326] LMCR
[12:30:23] [263/326] CIMA
[12:30:24] [264/326] RNAS
[12:30:24] 🔄 Identity reset
[12:30:24] 🔄 Identity rotated (every 10 requests)
[12:30:24] 🔄 Retry 1/5 for RNAS in 2.4s
[12:30:24] 🔄 Identity reset
[12:30:27] 🧠 New identity created
[12:30:27] 🔄 Retry 2/5 for RNAS in 4.7s
[12:30:27] 🔄 Identity reset
[12:30:32] 🧠 New identity created
[12:30:32] [265/326] LITH
[12:30:33] [266/326] PBOX
[12:30:35] [267/326] FRTS
[12:30:36] [268/326] RKIC
[12:30:38] [269/326] PTAI
[12:30:39] [270/326] GCIC
[12:30:40] [271/326] FNAS
[12:30:41] [272/326] SCAR
[12:30:41] 🔄 Identity reset
[12:30:41] 🔄 Identity rotated (every 10 requests)
[12:30:42] [273/326] MTCA
[12:30:43] [274/326] SCTS
[12:30:44] [275/326] SYCS
[12:30:45] [276/326] RDMS
[12:30:46] [277/326] KAMP
[12:30:47] [278/326] ERSD
[12:30:48] [279/326] MJMJ
[12:30:49] [280/326] SRCJ
[12:30:50] [281/326] SCXE
[12:30:51] [282/326] SVFR
[12:30:52] 🔄 Identity reset
[12:30:52] 🔄 Identity rotated (every 10 requests)
[12:30:52] [283/326] BHCS
[12:30:53] [284/326] IMCC
[12:30:54] [285/326] PCBO
[12:30:55] [286/326] PRVN
[12:30:55] [287/326] AUPM
[12:30:56] [288/326] INBW
[12:30:57] [289/326] SVCW
[12:30:58] [290/326] RKCF
[12:30:59] [291/326] UVBH
[12:31:00] [292/326] DNCY
[12:31:01] 🔄 Identity reset
[12:31:01] 🔄 Identity rotated (every 10 requests)
[12:31:01] [293/326] ABCN
[12:31:02] [294/326] PRUR
[12:31:03] [295/326] PFMR
[12:31:04] [296/326] RKCN
[12:31:05] [297/326] CFEA
[12:31:05] [298/326] SDBG
[12:31:06] [299/326] SNAR
[12:31:07] [300/326] YISI
[12:31:08] [301/326] JCFF
[12:31:09] [302/326] VTRK
[12:31:10] 🔄 Identity reset
[12:31:10] 🔄 Identity rotated (every 10 requests)
[12:31:10] 🔄 Retry 1/5 for VTRK in 2.4s
[12:31:10] 🔄 Identity reset
[12:31:12] 🧠 New identity created
[12:31:13] [303/326] PCLZ
[12:31:13] [304/326] DIMY
[12:31:14] [305/326] BBTS
[12:31:15] [306/326] GATH
[12:31:16] [307/326] GTMN
[12:31:17] [308/326] VTMH
[12:31:18] [309/326] CCKP
[12:31:19] [310/326] GPKA
[12:31:20] [311/326] MHCL
[12:31:20] 🔄 Identity reset
[12:31:20] 🔄 Identity rotated (every 10 requests)
[12:31:21] [312/326] ATCL
[12:31:22] [313/326] SBCK
[12:31:23] [314/326] AMMR
[12:31:24] [315/326] MADC
[12:31:25] [316/326] TMMA
[12:31:27] [317/326] CACC
[12:31:28] [318/326] CHAL
[12:31:29] [319/326] DURG
[12:31:30] [320/326] GMKU
[12:31:31] [321/326] GECA
[12:31:32] 🔄 Identity reset
[12:31:32] 🔄 Identity rotated (every 10 requests)
[12:31:32] [322/326] KYRR
[12:31:33] [323/326] KSDE
[12:31:34] [324/326] LMCI
[12:31:35] [325/326] NKCP
[12:31:36] [326/326] BGTC
[12:31:37] 🧹 Deduping shows
[12:31:37] ✅ DONE | Shows=232 | Movies=28
