[10:12:43] 🚀 SCRIPT STARTED (enhanced anti‑detection)
[10:12:43] [1/445] TGMR
[10:12:44] 🧠 New identity created
[10:12:45] [2/445] CXKR
[10:12:46] [3/445] SROP
[10:12:47] [4/445] GTSV
[10:12:48] [5/445] SNTY
[10:12:49] [6/445] SMYY
[10:12:50] [7/445] CNCS
[10:12:51] [8/445] CSTM
[10:12:52] [9/445] NUCD
[10:12:52] [10/445] SHCZ
[10:12:53] 🔄 Identity reset
[10:12:53] 🔄 Identity rotated (every 10 requests)
[10:12:53] [11/445] NJCT
[10:12:54] [12/445] COPC
[10:12:55] [13/445] STVV
[10:12:56] [14/445] SKRN
[10:12:57] [15/445] APPZ
[10:12:58] [16/445] YMGN
[10:12:58] [17/445] SVTU
[10:12:59] [18/445] GTAD
[10:13:00] [19/445] PSUS
[10:13:02] [20/445] SMCD
[10:13:02] 🔄 Identity reset
[10:13:02] 🔄 Identity rotated (every 10 requests)
[10:13:02] [21/445] CMCM
[10:13:03] [22/445] SYCT
[10:13:04] [23/445] STLY
[10:13:05] [24/445] CMHU
[10:13:06] [25/445] CMSA
[10:13:06] [26/445] CLCU
[10:13:07] [27/445] PPNT
[10:13:12] [28/445] JTAB
[10:13:13] [29/445] BUUC
[10:13:13] [30/445] BSVK
[10:13:14] 🔄 Identity reset
[10:13:14] 🔄 Identity rotated (every 10 requests)
[10:13:14] [31/445] VVVQ
[10:13:15] [32/445] TKMU
[10:13:16] [33/445] ESYL
[10:13:17] [34/445] ACHP
[10:13:17] [35/445] BTKD
[10:13:18] [36/445] DESA
[10:13:19] [37/445] GBCT
[10:13:20] [38/445] BLLD
[10:13:21] [39/445] SKNT
[10:13:22] [40/445] SSTE
[10:13:22] 🔄 Identity reset
[10:13:22] 🔄 Identity rotated (every 10 requests)
[10:13:23] [41/445] VJMR
[10:13:24] [42/445] NTPU
[10:13:24] [43/445] RDKN
[10:13:25] [44/445] ADGC
[10:13:26] [45/445] VRBP
[10:13:27] [46/445] NMNA
[10:13:29] [47/445] CMMX
[10:13:29] [48/445] PTKO
[10:13:30] [49/445] RBML
[10:13:31] [50/445] SAIC
[10:13:32] 🔄 Identity reset
[10:13:32] 🔄 Identity rotated (every 10 requests)
[10:13:32] [51/445] SVTJ
[10:13:33] [52/445] MRTE
[10:13:34] [53/445] RBTP
[10:13:35] [54/445] NLPS
[10:13:36] [55/445] GTNA
[10:13:37] [56/445] DGGC
[10:13:38] [57/445] SMCR
[10:13:39] [58/445] SCGD
[10:13:39] [59/445] SRRJ
[10:13:40] [60/445] CNRY
[10:13:41] 🔄 Identity reset
[10:13:41] 🔄 Identity rotated (every 10 requests)
[10:13:41] [61/445] KTDI
[10:13:42] [62/445] SNJL
[10:13:43] [63/445] RKMD
[10:13:44] [64/445] SMDC
[10:13:45] [65/445] TADG
[10:13:46] [66/445] MCGS
[10:13:47] [67/445] PETK
[10:13:48] [68/445] CHAG
[10:13:49] [69/445] KSTL
[10:13:50] [70/445] AADS
[10:13:51] 🔄 Identity reset
[10:13:51] 🔄 Identity rotated (every 10 requests)
[10:13:51] [71/445] NTHZ
[10:13:52] [72/445] HCKI
[10:13:52] [73/445] SSEF
[10:13:53] [74/445] MCGX
[10:13:54] [75/445] ERRA
[10:13:55] [76/445] SDTW
[10:13:56] [77/445] RMPK
[10:13:57] [78/445] PTHK
[10:13:58] [79/445] PXCS
[10:13:59] [80/445] SVLU
[10:14:00] 🔄 Identity reset
[10:14:00] 🔄 Identity rotated (every 10 requests)
[10:14:00] [81/445] STAH
[10:14:01] [82/445] JRGF
[10:14:02] [83/445] CDOK
[10:14:03] [84/445] CMSG
[10:14:04] [85/445] APTD
[10:14:05] [86/445] KMPG
[10:14:05] [87/445] MUTJ
[10:14:06] [88/445] VCCI
[10:14:07] [89/445] URBE
[10:14:08] [90/445] TCTS
[10:14:08] 🔄 Identity reset
[10:14:08] 🔄 Identity rotated (every 10 requests)
[10:14:08] [91/445] STSN
[10:14:09] [92/445] AKCH
[10:14:10] [93/445] APSC
[10:14:11] [94/445] VLTB
[10:14:12] [95/445] SANU
[10:14:13] [96/445] AXAM
[10:14:13] [97/445] MGMG
[10:14:15] [98/445] HTBY
[10:14:16] [99/445] MMZS
[10:14:17] [100/445] SUDR
[10:14:17] 🔄 Identity reset
[10:14:17] 🔄 Identity rotated (every 10 requests)
[10:14:17] [101/445] CCAD
[10:14:18] [102/445] SKKC
[10:14:19] [103/445] RMCD
[10:14:20] [104/445] SBCQ
[10:14:21] [105/445] DCCT
[10:14:22] [106/445] VTKP
[10:14:22] [107/445] MLAM
[10:14:23] [108/445] SAVT
[10:14:24] [109/445] GEPL
[10:14:25] [110/445] AMCD
[10:14:26] 🔄 Identity reset
[10:14:26] 🔄 Identity rotated (every 10 requests)
[10:14:27] [111/445] CCXR
[10:14:28] [112/445] GRNG
[10:14:29] [113/445] EBCA
[10:14:30] [114/445] CNVG
[10:14:30] [115/445] MWSS
[10:14:31] [116/445] VBOR
[10:14:32] [117/445] NEEB
[10:14:34] [118/445] SUTH
[10:14:34] [119/445] ANDB
[10:14:35] [120/445] MMXS
[10:14:36] 🔄 Identity reset
[10:14:36] 🔄 Identity rotated (every 10 requests)
[10:14:36] [121/445] CNPD
[10:14:37] [122/445] SDCE
[10:14:38] [123/445] DHCB
[10:14:39] [124/445] ODEN
[10:14:40] [125/445] TNTC
[10:14:40] [126/445] VBKM
[10:14:41] [127/445] RZYM
[10:14:42] [128/445] JEMC
[10:14:43] [129/445] CMAU
[10:14:44] [130/445] SIVP
[10:14:45] 🔄 Identity reset
[10:14:45] 🔄 Identity rotated (every 10 requests)
[10:14:45] [131/445] ATAG
[10:14:46] [132/445] CHTM
[10:14:47] [133/445] AAEE
[10:14:47] [134/445] IWPM
[10:14:48] [135/445] KCMW
[10:14:49] [136/445] MCTD
[10:14:50] [137/445] SPWR
[10:14:51] [138/445] SDPO
[10:14:52] [139/445] PCSK
[10:14:53] [140/445] ACHV
[10:14:53] 🔄 Identity reset
[10:14:53] 🔄 Identity rotated (every 10 requests)
[10:14:53] [141/445] SVLA
[10:14:54] [142/445] PICT
[10:14:55] [143/445] BXDR
[10:14:56] [144/445] SPWA
[10:14:57] [145/445] MCKO
[10:14:58] [146/445] RTHK
[10:14:58] [147/445] CCMF
[10:14:59] [148/445] MRGB
[10:15:00] [149/445] CPLC
[10:15:01] [150/445] RACD
[10:15:02] 🔄 Identity reset
[10:15:02] 🔄 Identity rotated (every 10 requests)
[10:15:02] 🔄 Retry 1/5 for RACD in 2.7s
[10:15:02] 🔄 Identity reset
[10:15:04] 🧠 New identity created
[10:15:05] [151/445] ATKT
[10:15:05] [152/445] SARN
[10:15:06] [153/445] KKUI
[10:15:07] [154/445] RGCM
[10:15:08] [155/445] BRVP
[10:15:09] [156/445] HRSR
[10:15:10] [157/445] GKGM
[10:15:11] [158/445] TTCD
[10:15:12] [159/445] PTTI
[10:15:12] 🔄 Identity reset
[10:15:12] 🔄 Identity rotated (every 10 requests)
[10:15:12] [160/445] MPTT
[10:15:13] [161/445] CVTT
[10:15:14] [162/445] PCXD
[10:15:15] [163/445] GCDC
[10:15:16] [164/445] CCCF
[10:15:17] [165/445] MRAD
[10:15:17] [166/445] CPLK
[10:15:18] [167/445] SATB
[10:15:19] [168/445] SNVG
[10:15:20] [169/445] JMBA
[10:15:21] 🔄 Identity reset
[10:15:21] 🔄 Identity rotated (every 10 requests)
[10:15:21] [170/445] TEJA
[10:15:22] [171/445] STYO
[10:15:23] [172/445] JTBP
[10:15:24] [173/445] KRGD
[10:15:24] [174/445] SLJJ
[10:15:25] [175/445] SPTJ
[10:15:26] [176/445] SWJG
[10:15:27] [177/445] LKRT
[10:15:28] [178/445] KCKA
[10:15:29] [179/445] SNCR
[10:15:29] 🔄 Identity reset
[10:15:29] 🔄 Identity rotated (every 10 requests)
[10:15:29] [180/445] SMKL
[10:15:30] [181/445] GCFA
[10:15:31] [182/445] DDCK
[10:15:32] [183/445] NCHJ
[10:15:33] [184/445] RDMA
[10:15:34] [185/445] SVSV
[10:15:34] [186/445] SCJG
[10:15:36] [187/445] VKLP
[10:15:37] [188/445] NWCC
[10:15:38] [189/445] VKNS
[10:15:38] 🔄 Identity reset
[10:15:38] 🔄 Identity rotated (every 10 requests)
[10:15:38] 🔄 Retry 1/5 for VKNS in 2.6s
[10:15:38] 🔄 Identity reset
[10:15:41] 🧠 New identity created
[10:15:41] [190/445] SDDP
[10:15:42] [191/445] ACSI
[10:15:43] [192/445] SATG
[10:15:44] [193/445] SCMW
[10:15:45] [194/445] LKTK
[10:15:46] [195/445] VCKV
[10:15:47] [196/445] KKPE
[10:15:48] [197/445] KIGH
[10:15:49] [198/445] SRPM
[10:15:49] 🔄 Identity reset
[10:15:49] 🔄 Identity rotated (every 10 requests)
[10:15:50] [199/445] SCAH
[10:15:50] [200/445] MUTA
[10:15:51] [201/445] SEPU
[10:15:52] [202/445] INOA
[10:15:53] [203/445] BASK
[10:15:54] [204/445] NECB
[10:15:55] [205/445] GTTG
[10:15:56] [206/445] ASSA
[10:15:56] [207/445] ANCL
[10:15:57] [208/445] GCTI
[10:15:58] 🔄 Identity reset
[10:15:58] 🔄 Identity rotated (every 10 requests)
[10:15:58] [209/445] RCTS
[10:15:59] [210/445] ACNL
[10:16:00] [211/445] MYCT
[10:16:01] [212/445] NMHT
[10:16:01] [213/445] MDIT
[10:16:03] [214/445] LATG
[10:16:04] [215/445] SMTY
[10:16:05] [216/445] CVCT
[10:16:06] [217/445] RAMB
[10:16:07] [218/445] TGMS
[10:16:08] 🔄 Identity reset
[10:16:08] 🔄 Identity rotated (every 10 requests)
[10:16:08] [219/445] BHEL
[10:16:09] [220/445] SHCT
[10:16:09] [221/445] SVCT
[10:16:10] [222/445] MRIY
[10:16:11] [223/445] SARO
[10:16:12] [224/445] STCT
[10:16:13] [225/445] JKKC
[10:16:14] [226/445] PLTT
[10:16:15] [227/445] SRNT
[10:16:15] [228/445] YAST
[10:16:16] 🔄 Identity reset
[10:16:16] 🔄 Identity rotated (every 10 requests)
[10:16:16] [229/445] PERL
[10:16:17] [230/445] CICM
[10:16:19] [231/445] MMTR
[10:16:20] [232/445] ABTK
[10:16:21] [233/445] ATYY
[10:16:21] [234/445] ASTK
[10:16:22] [235/445] VVCK
[10:16:23] [236/445] ATKY
[10:16:24] [237/445] GWEK
[10:16:25] [238/445] SVFH
[10:16:25] 🔄 Identity reset
[10:16:25] 🔄 Identity rotated (every 10 requests)
[10:16:26] [239/445] SLTA
[10:16:26] [240/445] AASH
[10:16:27] [241/445] ACXB
[10:16:28] [242/445] SMTX
[10:16:30] [243/445] AZDH
[10:16:31] [244/445] CMMH
[10:16:32] [245/445] SCSZ
[10:16:33] [246/445] SCKP
[10:16:34] [247/445] NXTM
[10:16:34] [248/445] NWCS
[10:16:35] 🔄 Identity reset
[10:16:35] 🔄 Identity rotated (every 10 requests)
[10:16:35] [249/445] CXMH
[10:16:36] [250/445] PCMA
[10:16:37] [251/445] SGCM
[10:16:38] [252/445] SDTU
[10:16:39] [253/445] MMVI
[10:16:39] [254/445] JKCM
[10:16:40] [255/445] VCMM
[10:16:41] [256/445] SYEE
[10:16:42] [257/445] VASD
[10:16:42] [258/445] BDRB
[10:16:43] 🔄 Identity reset
[10:16:43] 🔄 Identity rotated (every 10 requests)
[10:16:43] 🔄 Retry 1/5 for BDRB in 2.8s
[10:16:43] 🔄 Identity reset
[10:16:46] 🧠 New identity created
[10:16:46] [259/445] LASM
[10:16:47] [260/445] DCRL
[10:16:48] [261/445] DVPM
[10:16:49] [262/445] SBMJ
[10:16:50] [263/445] CBMU
[10:16:51] [264/445] IUBS
[10:16:51] [265/445] INAP
[10:16:52] [266/445] SRRC
[10:16:53] [267/445] SAGR
[10:16:54] 🔄 Identity reset
[10:16:54] 🔄 Identity rotated (every 10 requests)
[10:16:55] [268/445] CPMJ
[10:16:56] [269/445] ATJL
[10:16:56] [270/445] NNTD
[10:16:57] [271/445] JHCJ
[10:16:58] [272/445] CMMP
[10:16:59] [273/445] RSDR
[10:17:00] [274/445] AMTI
[10:17:01] [275/445] NYSG
[10:17:02] [276/445] AVSG
[10:17:03] [277/445] SYTP
[10:17:03] 🔄 Identity reset
[10:17:03] 🔄 Identity rotated (every 10 requests)
[10:17:03] 🔄 Retry 1/5 for SYTP in 2.7s
[10:17:03] 🔄 Identity reset
[10:17:06] 🧠 New identity created
[10:17:06] [278/445] LARC
[10:17:07] [279/445] RJTP
[10:17:08] [280/445] LAKC
[10:17:09] [281/445] MCXE
[10:17:10] [282/445] CCZC
[10:17:11] [283/445] AVCH
[10:17:12] [284/445] CMBE
[10:17:13] [285/445] MRRC
[10:17:14] [286/445] PCPY
[10:17:14] 🔄 Identity reset
[10:17:14] 🔄 Identity rotated (every 10 requests)
[10:17:15] [287/445] SRMH
[10:17:16] [288/445] SVGS
[10:17:16] [289/445] PCSE
[10:17:17] [290/445] SVFT
[10:17:18] [291/445] TNZP
[10:17:19] [292/445] ICTP
[10:17:20] [293/445] ACTZ
[10:17:21] [294/445] GTUR
[10:17:22] [295/445] MAFC
[10:17:23] [296/445] MINL
[10:17:23] 🔄 Identity reset
[10:17:23] 🔄 Identity rotated (every 10 requests)
[10:17:24] [297/445] MRCL
[10:17:24] [298/445] RCRP
[10:17:25] [299/445] RFFG
[10:17:26] [300/445] RMAS
[10:17:27] [301/445] INVR
[10:17:28] [302/445] RMAR
[10:17:29] [303/445] CNIS
[10:17:29] [304/445] RHRJ
[10:17:30] [305/445] INXR
[10:17:31] [306/445] VALT
[10:17:31] 🔄 Identity reset
[10:17:31] 🔄 Identity rotated (every 10 requests)
[10:17:32] [307/445] LCSH
[10:17:33] [308/445] CMVS
[10:17:34] [309/445] CNMS
[10:17:34] [310/445] ROOG
[10:17:35] [311/445] ISRM
[10:17:36] [312/445] RCRM
[10:17:37] [313/445] ACJA
[10:17:38] [314/445] RCVS
[10:17:39] [315/445] CPUS
[10:17:40] [316/445] TGCS
[10:17:40] 🔄 Identity reset
[10:17:40] 🔄 Identity rotated (every 10 requests)
[10:17:40] 🔄 Retry 1/5 for TGCS in 3.0s
[10:17:40] 🔄 Identity reset
[10:17:43] 🧠 New identity created
[10:17:44] [317/445] RKCJ
[10:17:45] [318/445] MKSB
[10:17:46] [319/445] TCSJ
[10:17:47] [320/445] RMGP
[10:17:48] [321/445] CLLP
[10:17:49] [322/445] RCMV
[10:17:50] [323/445] CCKS
[10:17:50] [324/445] RSRP
[10:17:51] [325/445] APLP
[10:17:52] 🔄 Identity reset
[10:17:52] 🔄 Identity rotated (every 10 requests)
[10:17:52] [326/445] CNVS
[10:17:53] [327/445] RMVY
[10:17:54] [328/445] PGBD
[10:17:55] [329/445] KLMS
[10:17:56] [330/445] RUST
[10:17:57] [331/445] MASM
[10:17:58] [332/445] BACS
[10:17:59] [333/445] BWST
[10:17:59] [334/445] RRFH
[10:18:00] [335/445] SJTM
[10:18:01] 🔄 Identity reset
[10:18:01] 🔄 Identity rotated (every 10 requests)
[10:18:01] [336/445] BEMR
[10:18:02] [337/445] MCGR
[10:18:03] [338/445] SDSK
[10:18:03] [339/445] VBOL
[10:18:04] [340/445] RMGM
[10:18:05] [341/445] NOPL
[10:18:06] [342/445] MKJK
[10:18:07] [343/445] CVRN
[10:18:08] [344/445] MMEN
[10:18:08] [345/445] AMNG
[10:18:09] 🔄 Identity reset
[10:18:09] 🔄 Identity rotated (every 10 requests)
[10:18:09] [346/445] INTM
[10:18:10] [347/445] SLCZ
[10:18:11] [348/445] AMJN
[10:18:12] [349/445] ACJN
[10:18:13] [350/445] AMKN
[10:18:14] [351/445] BTCN
[10:18:15] [352/445] AMBT
[10:18:15] [353/445] PACN
[10:18:16] [354/445] LCNS
[10:18:17] [355/445] PPKC
[10:18:17] 🔄 Identity reset
[10:18:17] 🔄 Identity rotated (every 10 requests)
[10:18:18] [356/445] JYYN
[10:18:19] [357/445] JTNR
[10:18:19] [358/445] GTEE
[10:18:20] [359/445] SRNM
[10:18:21] [360/445] SDTC
[10:18:22] [361/445] VPCA
[10:18:23] [362/445] VLRA
[10:18:24] [363/445] SHKR
[10:18:25] [364/445] SBKD
[10:18:26] [365/445] SAAD
[10:18:26] 🔄 Identity reset
[10:18:26] 🔄 Identity rotated (every 10 requests)
[10:18:27] [366/445] JTGN
[10:18:27] [367/445] SLAM
[10:18:28] [368/445] VTPM
[10:18:29] [369/445] ANPT
[10:18:30] [370/445] PUNB
[10:18:31] [371/445] CPKT
[10:18:32] [372/445] CNWE
[10:18:32] [373/445] ECPP
[10:18:33] [374/445] CPAR
[10:18:34] [375/445] ESBW
[10:18:35] 🔄 Identity reset
[10:18:35] 🔄 Identity rotated (every 10 requests)
[10:18:35] 🔄 Retry 1/5 for ESBW in 3.0s
[10:18:35] 🔄 Identity reset
[10:18:38] 🧠 New identity created
[10:18:38] [376/445] PKPU
[10:18:39] [377/445] CPRP
[10:18:40] [378/445] RAHU
[10:18:41] [379/445] RHMN
[10:18:42] [380/445] FMJP
[10:18:43] [381/445] CTMP
[10:18:44] [382/445] INPN
[10:18:45] [383/445] STTG
[10:18:45] [384/445] CTRD
[10:18:46] 🔄 Identity reset
[10:18:46] 🔄 Identity rotated (every 10 requests)
[10:18:46] [385/445] PUVB
[10:18:47] [386/445] ESVP
[10:18:48] [387/445] CPFT
[10:18:48] [388/445] LCPC
[10:18:49] [389/445] VBCT
[10:18:50] [390/445] FSCW
[10:18:51] [391/445] VCMP
[10:18:52] [392/445] ASHC
[10:18:53] [393/445] VLCX
[10:18:53] [394/445] SHEV
[10:18:54] 🔄 Identity reset
[10:18:54] 🔄 Identity rotated (every 10 requests)
[10:18:54] [395/445] APCO
[10:18:55] [396/445] SILC
[10:18:56] [397/445] SNMR
[10:18:57] [398/445] KYBO
[10:18:58] [399/445] SATK
[10:18:59] [400/445] SSCS
[10:19:00] [401/445] CLSB
[10:19:01] [402/445] KMJR
[10:19:02] [403/445] FSCK
[10:19:03] [404/445] NNKA
[10:19:03] 🔄 Identity reset
[10:19:03] 🔄 Identity rotated (every 10 requests)
[10:19:04] [405/445] CLMK
[10:19:05] [406/445] DMPZ
[10:19:05] [407/445] INQM
[10:19:06] [408/445] CAML
[10:19:07] [409/445] INRK
[10:19:08] [410/445] IMKN
[10:19:09] [411/445] SVNR
[10:19:10] [412/445] INSL
[10:19:11] [413/445] MSMA
[10:19:12] [414/445] MCKK
[10:19:13] 🔄 Identity reset
[10:19:13] 🔄 Identity rotated (every 10 requests)
[10:19:13] [415/445] FCHP
[10:19:14] [416/445] SFCR
[10:19:16] [417/445] NACK
[10:19:16] [418/445] PVAK
[10:19:17] [419/445] INER
[10:19:18] [420/445] RDBK
[10:19:19] [421/445] SVFN
[10:19:20] [422/445] IFRM
[10:19:21] [423/445] ATCK
[10:19:22] [424/445] ASKO
[10:19:23] 🔄 Identity reset
[10:19:23] 🔄 Identity rotated (every 10 requests)
[10:19:24] [425/445] STKT
[10:19:24] [426/445] SVFB
[10:19:25] [427/445] INKS
[10:19:26] [428/445] PCRA
[10:19:27] [429/445] ATJA
[10:19:27] [430/445] IMJN
[10:19:28] [431/445] INHD
[10:19:29] [432/445] BARA
[10:19:30] [433/445] MCSL
[10:19:31] [434/445] RTOY
[10:19:31] 🔄 Identity reset
[10:19:31] 🔄 Identity rotated (every 10 requests)
[10:19:31] [435/445] MENO
[10:19:32] [436/445] PUDM
[10:19:33] [437/445] PRCN
[10:19:34] [438/445] JMJR
[10:19:35] [439/445] SSGK
[10:19:36] [440/445] SSRL
[10:19:37] [441/445] JYKL
[10:19:38] [442/445] ACNB
[10:19:39] [443/445] SONP
[10:19:40] [444/445] EMCI
[10:19:40] 🔄 Identity reset
[10:19:40] 🔄 Identity rotated (every 10 requests)
[10:19:40] 🔄 Retry 1/5 for EMCI in 2.2s
[10:19:40] 🔄 Identity reset
[10:19:42] 🧠 New identity created
[10:19:43] [445/445] MRJH
[10:19:44] 🧹 Deduping shows
[10:19:44] ✅ DONE | Shows=20 | Movies=2
[04:58:57] 🚀 SCRIPT STARTED (enhanced anti‑detection)
[04:58:57] [1/445] TGMR
[04:58:57] 🧠 New identity created
[04:58:58] [2/445] CXKR
[04:58:59] [3/445] SROP
[04:59:00] [4/445] GTSV
[04:59:00] [5/445] SNTY
[04:59:01] [6/445] SMYY
[04:59:02] [7/445] CNCS
[04:59:03] [8/445] CSTM
[04:59:04] [9/445] NUCD
[04:59:04] [10/445] SHCZ
[04:59:05] 🔄 Identity reset
[04:59:05] 🔄 Identity rotated (every 10 requests)
[04:59:06] [11/445] NJCT
[04:59:07] [12/445] COPC
[04:59:08] [13/445] STVV
[04:59:09] [14/445] SKRN
[04:59:10] [15/445] APPZ
[04:59:11] [16/445] YMGN
[04:59:12] [17/445] SVTU
[04:59:14] [18/445] GTAD
[04:59:14] [19/445] PSUS
[04:59:15] [20/445] SMCD
[04:59:16] 🔄 Identity reset
[04:59:16] 🔄 Identity rotated (every 10 requests)
[04:59:16] [21/445] CMCM
[04:59:17] [22/445] SYCT
[04:59:18] [23/445] STLY
[04:59:19] [24/445] CMHU
[04:59:20] [25/445] CMSA
[04:59:21] [26/445] CLCU
[04:59:22] [27/445] PPNT
[04:59:22] [28/445] JTAB
[04:59:23] [29/445] BUUC
[04:59:24] [30/445] BSVK
[04:59:25] 🔄 Identity reset
[04:59:25] 🔄 Identity rotated (every 10 requests)
[04:59:25] [31/445] VVVQ
[04:59:26] [32/445] TKMU
[04:59:27] [33/445] ESYL
[04:59:28] [34/445] ACHP
[04:59:29] [35/445] BTKD
[04:59:30] [36/445] DESA
[04:59:30] [37/445] GBCT
[04:59:31] [38/445] BLLD
[04:59:32] [39/445] SKNT
[04:59:34] [40/445] SSTE
[04:59:34] 🔄 Identity reset
[04:59:34] 🔄 Identity rotated (every 10 requests)
[04:59:35] [41/445] VJMR
[04:59:36] [42/445] NTPU
[04:59:37] [43/445] RDKN
[04:59:38] [44/445] ADGC
[04:59:39] [45/445] VRBP
[04:59:40] [46/445] NMNA
[04:59:40] [47/445] CMMX
[04:59:42] [48/445] PTKO
[04:59:43] [49/445] RBML
[04:59:44] [50/445] SAIC
[04:59:44] 🔄 Identity reset
[04:59:44] 🔄 Identity rotated (every 10 requests)
[04:59:45] [51/445] SVTJ
[04:59:46] [52/445] MRTE
[04:59:46] [53/445] RBTP
[04:59:47] [54/445] NLPS
[04:59:48] [55/445] GTNA
[04:59:49] [56/445] DGGC
[04:59:50] [57/445] SMCR
[04:59:51] [58/445] SCGD
[04:59:51] [59/445] SRRJ
[04:59:52] [60/445] CNRY
[04:59:53] 🔄 Identity reset
[04:59:53] 🔄 Identity rotated (every 10 requests)
[04:59:54] [61/445] KTDI
[04:59:55] [62/445] SNJL
[04:59:55] [63/445] RKMD
[04:59:56] [64/445] SMDC
[04:59:58] [65/445] TADG
[04:59:58] [66/445] MCGS
[04:59:59] [67/445] PETK
[05:00:00] [68/445] CHAG
[05:00:01] [69/445] KSTL
[05:00:02] [70/445] AADS
[05:00:02] 🔄 Identity reset
[05:00:02] 🔄 Identity rotated (every 10 requests)
[05:00:03] [71/445] NTHZ
[05:00:04] [72/445] HCKI
[05:00:04] [73/445] SSEF
[05:00:05] [74/445] MCGX
[05:00:07] [75/445] ERRA
[05:00:08] [76/445] SDTW
[05:00:09] [77/445] RMPK
[05:00:10] [78/445] PTHK
[05:00:11] [79/445] PXCS
[05:00:12] [80/445] SVLU
[05:00:13] 🔄 Identity reset
[05:00:13] 🔄 Identity rotated (every 10 requests)
[05:00:14] [81/445] STAH
[05:00:15] [82/445] JRGF
[05:00:15] [83/445] CDOK
[05:00:16] [84/445] CMSG
[05:00:17] [85/445] APTD
[05:00:18] [86/445] KMPG
[05:00:20] [87/445] MUTJ
[05:00:21] [88/445] VCCI
[05:00:22] [89/445] URBE
[05:00:23] [90/445] TCTS
[05:00:23] 🔄 Identity reset
[05:00:23] 🔄 Identity rotated (every 10 requests)
[05:00:23] [91/445] STSN
[05:00:25] [92/445] AKCH
[05:00:26] [93/445] APSC
[05:00:27] [94/445] VLTB
[05:00:28] [95/445] SANU
[05:00:29] [96/445] AXAM
[05:00:30] [97/445] MGMG
[05:00:31] [98/445] HTBY
[05:00:32] [99/445] MMZS
[05:00:34] [100/445] SUDR
[05:00:35] 🔄 Identity reset
[05:00:35] 🔄 Identity rotated (every 10 requests)
[05:00:35] 🔄 Retry 1/5 for SUDR in 2.4s
[05:00:35] 🔄 Identity reset
[05:00:37] 🧠 New identity created
[05:00:38] [101/445] CCAD
[05:00:39] [102/445] SKKC
[05:00:39] [103/445] RMCD
[05:00:40] [104/445] SBCQ
[05:00:41] [105/445] DCCT
[05:00:42] [106/445] VTKP
[05:00:43] [107/445] MLAM
[05:00:44] [108/445] SAVT
[05:00:45] [109/445] GEPL
[05:00:45] 🔄 Identity reset
[05:00:45] 🔄 Identity rotated (every 10 requests)
[05:00:46] [110/445] AMCD
[05:00:46] [111/445] CCXR
[05:00:47] [112/445] GRNG
[05:00:48] [113/445] EBCA
[05:00:49] [114/445] CNVG
[05:00:50] [115/445] MWSS
[05:00:51] [116/445] VBOR
[05:00:52] [117/445] NEEB
[05:00:53] [118/445] SUTH
[05:00:54] [119/445] ANDB
[05:00:55] 🔄 Identity reset
[05:00:55] 🔄 Identity rotated (every 10 requests)
[05:00:55] [120/445] MMXS
[05:00:56] [121/445] CNPD
[05:00:57] [122/445] SDCE
[05:00:58] [123/445] DHCB
[05:00:59] [124/445] ODEN
[05:00:59] [125/445] TNTC
[05:01:00] [126/445] VBKM
[05:01:01] [127/445] RZYM
[05:01:02] [128/445] JEMC
[05:01:03] [129/445] CMAU
[05:01:04] 🔄 Identity reset
[05:01:04] 🔄 Identity rotated (every 10 requests)
[05:01:04] [130/445] SIVP
[05:01:05] [131/445] ATAG
[05:01:06] [132/445] CHTM
[05:01:08] [133/445] AAEE
[05:01:09] [134/445] IWPM
[05:01:10] [135/445] KCMW
[05:01:11] [136/445] MCTD
[05:01:12] [137/445] SPWR
[05:01:13] [138/445] SDPO
[05:01:14] [139/445] PCSK
[05:01:14] 🔄 Identity reset
[05:01:14] 🔄 Identity rotated (every 10 requests)
[05:01:15] [140/445] ACHV
[05:01:16] [141/445] SVLA
[05:01:17] [142/445] PICT
[05:01:18] [143/445] BXDR
[05:01:19] [144/445] SPWA
[05:01:20] [145/445] MCKO
[05:01:21] [146/445] RTHK
[05:01:22] [147/445] CCMF
[05:01:23] [148/445] MRGB
[05:01:23] [149/445] CPLC
[05:01:24] 🔄 Identity reset
[05:01:24] 🔄 Identity rotated (every 10 requests)
[05:01:24] 🔄 Retry 1/5 for CPLC in 2.7s
[05:01:24] 🔄 Identity reset
[05:01:27] 🧠 New identity created
[05:01:27] [150/445] RACD
[05:01:28] [151/445] ATKT
[05:01:29] [152/445] SARN
[05:01:30] [153/445] KKUI
[05:01:30] [154/445] RGCM
[05:01:31] [155/445] BRVP
[05:01:32] [156/445] HRSR
[05:01:33] [157/445] GKGM
[05:01:34] [158/445] TTCD
[05:01:34] 🔄 Identity reset
[05:01:34] 🔄 Identity rotated (every 10 requests)
[05:01:35] [159/445] PTTI
[05:01:36] [160/445] MPTT
[05:01:37] [161/445] CVTT
[05:01:38] [162/445] PCXD
[05:01:38] [163/445] GCDC
[05:01:39] [164/445] CCCF
[05:01:40] [165/445] MRAD
[05:01:41] [166/445] CPLK
[05:01:43] [167/445] SATB
[05:01:44] [168/445] SNVG
[05:01:44] 🔄 Identity reset
[05:01:44] 🔄 Identity rotated (every 10 requests)
[05:01:44] [169/445] JMBA
[05:01:45] [170/445] TEJA
[05:01:46] [171/445] STYO
[05:01:47] [172/445] JTBP
[05:01:48] [173/445] KRGD
[05:01:50] [174/445] SLJJ
[05:01:51] [175/445] SPTJ
[05:01:52] [176/445] SWJG
[05:01:53] [177/445] LKRT
[05:01:53] [178/445] KCKA
[05:01:54] 🔄 Identity reset
[05:01:54] 🔄 Identity rotated (every 10 requests)
[05:01:54] [179/445] SNCR
[05:01:56] [180/445] SMKL
[05:01:57] [181/445] GCFA
[05:01:58] [182/445] DDCK
[05:01:59] [183/445] NCHJ
[05:01:59] [184/445] RDMA
[05:02:00] [185/445] SVSV
[05:02:01] [186/445] SCJG
[05:02:02] [187/445] VKLP
[05:02:03] [188/445] NWCC
[05:02:04] 🔄 Identity reset
[05:02:04] 🔄 Identity rotated (every 10 requests)
[05:02:04] [189/445] VKNS
[05:02:05] [190/445] SDDP
[05:02:06] [191/445] ACSI
[05:02:06] [192/445] SATG
[05:02:07] [193/445] SCMW
[05:02:08] [194/445] LKTK
[05:02:09] [195/445] VCKV
[05:02:10] [196/445] KKPE
[05:02:11] [197/445] KIGH
[05:02:12] [198/445] SRPM
[05:02:12] 🔄 Identity reset
[05:02:12] 🔄 Identity rotated (every 10 requests)
[05:02:13] [199/445] SCAH
[05:02:13] [200/445] MUTA
[05:02:14] [201/445] SEPU
[05:02:15] [202/445] INOA
[05:02:16] [203/445] BASK
[05:02:17] [204/445] NECB
[05:02:19] [205/445] GTTG
[05:02:20] [206/445] ASSA
[05:02:20] [207/445] ANCL
[05:02:21] [208/445] GCTI
[05:02:22] 🔄 Identity reset
[05:02:22] 🔄 Identity rotated (every 10 requests)
[05:02:23] [209/445] RCTS
[05:02:24] [210/445] ACNL
[05:02:25] [211/445] MYCT
[05:02:26] [212/445] NMHT
[05:02:27] [213/445] MDIT
[05:02:28] [214/445] LATG
[05:02:29] [215/445] SMTY
[05:02:29] [216/445] CVCT
[05:02:30] [217/445] RAMB
[05:02:31] [218/445] TGMS
[05:02:32] 🔄 Identity reset
[05:02:32] 🔄 Identity rotated (every 10 requests)
[05:02:32] [219/445] BHEL
[05:02:33] [220/445] SHCT
[05:02:34] [221/445] SVCT
[05:02:35] [222/445] MRIY
[05:02:36] [223/445] SARO
[05:02:37] [224/445] STCT
[05:02:38] [225/445] JKKC
[05:02:38] [226/445] PLTT
[05:02:39] [227/445] SRNT
[05:02:41] [228/445] YAST
[05:02:42] 🔄 Identity reset
[05:02:42] 🔄 Identity rotated (every 10 requests)
[05:02:43] [229/445] PERL
[05:02:44] [230/445] CICM
[05:02:45] [231/445] MMTR
[05:02:46] [232/445] ABTK
[05:02:47] [233/445] ATYY
[05:02:47] [234/445] ASTK
[05:02:48] [235/445] VVCK
[05:02:49] [236/445] ATKY
[05:02:50] [237/445] GWEK
[05:02:51] [238/445] SVFH
[05:02:52] 🔄 Identity reset
[05:02:52] 🔄 Identity rotated (every 10 requests)
[05:02:52] 🔄 Retry 1/5 for SVFH in 2.9s
[05:02:52] 🔄 Identity reset
[05:02:55] 🧠 New identity created
[05:02:55] 🔄 Retry 2/5 for SVFH in 4.6s
[05:02:55] 🔄 Identity reset
[05:03:00] 🧠 New identity created
[05:03:00] [239/445] SLTA
[05:03:01] [240/445] AASH
[05:03:02] [241/445] ACXB
[05:03:03] [242/445] SMTX
[05:03:04] [243/445] AZDH
[05:03:05] [244/445] CMMH
[05:03:05] [245/445] SCSZ
[05:03:06] [246/445] SCKP
[05:03:07] 🔄 Identity reset
[05:03:07] 🔄 Identity rotated (every 10 requests)
[05:03:07] [247/445] NXTM
[05:03:08] [248/445] NWCS
[05:03:09] [249/445] CXMH
[05:03:10] [250/445] PCMA
[05:03:11] [251/445] SGCM
[05:03:12] [252/445] SDTU
[05:03:14] [253/445] MMVI
[05:03:15] [254/445] JKCM
[05:03:16] [255/445] VCMM
[05:03:17] [256/445] SYEE
[05:03:18] 🔄 Identity reset
[05:03:18] 🔄 Identity rotated (every 10 requests)
[05:03:19] [257/445] VASD
[05:03:19] [258/445] BDRB
[05:03:20] [259/445] LASM
[05:03:21] [260/445] DCRL
[05:03:22] [261/445] DVPM
[05:03:23] [262/445] SBMJ
[05:03:24] [263/445] CBMU
[05:03:25] [264/445] IUBS
[05:03:26] [265/445] INAP
[05:03:27] [266/445] SRRC
[05:03:27] 🔄 Identity reset
[05:03:27] 🔄 Identity rotated (every 10 requests)
[05:03:28] [267/445] SAGR
[05:03:29] [268/445] CPMJ
[05:03:30] [269/445] ATJL
[05:03:31] [270/445] NNTD
[05:03:31] [271/445] JHCJ
[05:03:32] [272/445] CMMP
[05:03:33] [273/445] RSDR
[05:03:34] [274/445] AMTI
[05:03:35] [275/445] NYSG
[05:03:36] [276/445] AVSG
[05:03:36] 🔄 Identity reset
[05:03:36] 🔄 Identity rotated (every 10 requests)
[05:03:37] [277/445] SYTP
[05:03:38] [278/445] LARC
[05:03:38] [279/445] RJTP
[05:03:39] [280/445] LAKC
[05:03:40] [281/445] MCXE
[05:03:41] [282/445] CCZC
[05:03:42] [283/445] AVCH
[05:03:43] [284/445] CMBE
[05:03:45] [285/445] MRRC
[05:03:45] [286/445] PCPY
[05:03:46] 🔄 Identity reset
[05:03:46] 🔄 Identity rotated (every 10 requests)
[05:03:46] [287/445] SRMH
[05:03:47] [288/445] SVGS
[05:03:48] [289/445] PCSE
[05:03:49] [290/445] SVFT
[05:03:50] [291/445] TNZP
[05:03:51] [292/445] ICTP
[05:03:52] [293/445] ACTZ
[05:03:53] [294/445] GTUR
[05:03:53] [295/445] MAFC
[05:03:54] [296/445] MINL
[05:03:55] 🔄 Identity reset
[05:03:55] 🔄 Identity rotated (every 10 requests)
[05:03:55] [297/445] MRCL
[05:03:56] [298/445] RCRP
[05:03:58] [299/445] RFFG
[05:03:59] [300/445] RMAS
[05:03:59] [301/445] INVR
[05:04:00] [302/445] RMAR
[05:04:01] [303/445] CNIS
[05:04:02] [304/445] RHRJ
[05:04:04] [305/445] INXR
[05:04:05] [306/445] VALT
[05:04:05] 🔄 Identity reset
[05:04:05] 🔄 Identity rotated (every 10 requests)
[05:04:06] [307/445] LCSH
[05:04:07] [308/445] CMVS
[05:04:08] [309/445] CNMS
[05:04:09] [310/445] ROOG
[05:04:10] [311/445] ISRM
[05:04:11] [312/445] RCRM
[05:04:12] [313/445] ACJA
[05:04:13] [314/445] RCVS
[05:04:14] [315/445] CPUS
[05:04:15] [316/445] TGCS
[05:04:15] 🔄 Identity reset
[05:04:15] 🔄 Identity rotated (every 10 requests)
[05:04:16] [317/445] RKCJ
[05:04:16] [318/445] MKSB
[05:04:17] [319/445] TCSJ
[05:04:19] [320/445] RMGP
[05:04:20] [321/445] CLLP
[05:04:21] [322/445] RCMV
[05:04:22] [323/445] CCKS
[05:04:22] [324/445] RSRP
[05:04:23] [325/445] APLP
[05:04:24] [326/445] CNVS
[05:04:25] 🔄 Identity reset
[05:04:25] 🔄 Identity rotated (every 10 requests)
[05:04:25] [327/445] RMVY
[05:04:26] [328/445] PGBD
[05:04:27] [329/445] KLMS
[05:04:28] [330/445] RUST
[05:04:29] [331/445] MASM
[05:04:30] [332/445] BACS
[05:04:31] [333/445] BWST
[05:04:31] [334/445] RRFH
[05:04:33] [335/445] SJTM
[05:04:34] [336/445] BEMR
[05:04:34] 🔄 Identity reset
[05:04:34] 🔄 Identity rotated (every 10 requests)
[05:04:35] [337/445] MCGR
[05:04:36] [338/445] SDSK
[05:04:37] [339/445] VBOL
[05:04:38] [340/445] RMGM
[05:04:39] [341/445] NOPL
[05:04:40] [342/445] MKJK
[05:04:40] [343/445] CVRN
[05:04:41] [344/445] MMEN
[05:04:42] [345/445] AMNG
[05:04:43] [346/445] INTM
[05:04:44] 🔄 Identity reset
[05:04:44] 🔄 Identity rotated (every 10 requests)
[05:04:44] [347/445] SLCZ
[05:04:45] [348/445] AMJN
[05:04:46] [349/445] ACJN
[05:04:46] [350/445] AMKN
[05:04:47] [351/445] BTCN
[05:04:49] [352/445] AMBT
[05:04:50] [353/445] PACN
[05:04:51] [354/445] LCNS
[05:04:52] [355/445] PPKC
[05:04:52] [356/445] JYYN
[05:04:53] 🔄 Identity reset
[05:04:53] 🔄 Identity rotated (every 10 requests)
[05:04:53] [357/445] JTNR
[05:04:55] [358/445] GTEE
[05:04:56] [359/445] SRNM
[05:04:57] [360/445] SDTC
[05:04:59] [361/445] VPCA
[05:05:00] [362/445] VLRA
[05:05:01] [363/445] SHKR
[05:05:02] [364/445] SBKD
[05:05:03] [365/445] SAAD
[05:05:04] [366/445] JTGN
[05:05:05] 🔄 Identity reset
[05:05:05] 🔄 Identity rotated (every 10 requests)
[05:05:05] [367/445] SLAM
[05:05:06] [368/445] VTPM
[05:05:07] [369/445] ANPT
[05:05:08] [370/445] PUNB
[05:05:09] [371/445] CPKT
[05:05:10] [372/445] CNWE
[05:05:11] [373/445] ECPP
[05:05:12] [374/445] CPAR
[05:05:13] [375/445] ESBW
[05:05:14] [376/445] PKPU
[05:05:15] 🔄 Identity reset
[05:05:15] 🔄 Identity rotated (every 10 requests)
[05:05:15] [377/445] CPRP
[05:05:16] [378/445] RAHU
[05:05:17] [379/445] RHMN
[05:05:19] [380/445] FMJP
[05:05:20] [381/445] CTMP
[05:05:20] [382/445] INPN
[05:05:21] [383/445] STTG
[05:05:23] [384/445] CTRD
[05:05:24] [385/445] PUVB
[05:05:25] [386/445] ESVP
[05:05:25] 🔄 Identity reset
[05:05:25] 🔄 Identity rotated (every 10 requests)
[05:05:26] [387/445] CPFT
[05:05:27] [388/445] LCPC
[05:05:28] [389/445] VBCT
[05:05:29] [390/445] FSCW
[05:05:30] [391/445] VCMP
[05:05:31] [392/445] ASHC
[05:05:32] [393/445] VLCX
[05:05:33] [394/445] SHEV
[05:05:34] [395/445] APCO
[05:05:34] [396/445] SILC
[05:05:35] 🔄 Identity reset
[05:05:35] 🔄 Identity rotated (every 10 requests)
[05:05:35] [397/445] SNMR
[05:05:37] [398/445] KYBO
[05:05:38] [399/445] SATK
[05:05:39] [400/445] SSCS
[05:05:40] [401/445] CLSB
[05:05:41] [402/445] KMJR
[05:05:42] [403/445] FSCK
[05:05:43] [404/445] NNKA
[05:05:44] [405/445] CLMK
[05:05:45] [406/445] DMPZ
[05:05:45] 🔄 Identity reset
[05:05:45] 🔄 Identity rotated (every 10 requests)
[05:05:46] [407/445] INQM
[05:05:47] [408/445] CAML
[05:05:48] [409/445] INRK
[05:05:49] [410/445] IMKN
[05:05:50] [411/445] SVNR
[05:05:51] [412/445] INSL
[05:05:52] [413/445] MSMA
[05:05:53] [414/445] MCKK
[05:05:54] [415/445] FCHP
[05:05:55] [416/445] SFCR
[05:05:55] 🔄 Identity reset
[05:05:55] 🔄 Identity rotated (every 10 requests)
[05:05:56] [417/445] NACK
[05:05:57] [418/445] PVAK
[05:05:58] [419/445] INER
[05:05:58] [420/445] RDBK
[05:05:59] [421/445] SVFN
[05:06:00] [422/445] IFRM
[05:06:01] [423/445] ATCK
[05:06:03] [424/445] ASKO
[05:06:04] [425/445] STKT
[05:06:05] [426/445] SVFB
[05:06:05] 🔄 Identity reset
[05:06:05] 🔄 Identity rotated (every 10 requests)
[05:06:05] 🔄 Retry 1/5 for SVFB in 2.7s
[05:06:05] 🔄 Identity reset
[05:06:08] 🧠 New identity created
[05:06:09] [427/445] INKS
[05:06:09] [428/445] PCRA
[05:06:10] [429/445] ATJA
[05:06:11] [430/445] IMJN
[05:06:12] [431/445] INHD
[05:06:13] [432/445] BARA
[05:06:14] [433/445] MCSL
[05:06:15] [434/445] RTOY
[05:06:16] [435/445] MENO
[05:06:16] 🔄 Identity reset
[05:06:16] 🔄 Identity rotated (every 10 requests)
[05:06:17] [436/445] PUDM
[05:06:17] [437/445] PRCN
[05:06:18] [438/445] JMJR
[05:06:19] [439/445] SSGK
[05:06:20] [440/445] SSRL
[05:06:22] [441/445] JYKL
[05:06:23] [442/445] ACNB
[05:06:23] [443/445] SONP
[05:06:24] [444/445] EMCI
[05:06:25] [445/445] MRJH
[05:06:26] 🔄 Identity reset
[05:06:26] 🔄 Identity rotated (every 10 requests)
[05:06:26] 🧹 Deduping shows
[05:06:26] ✅ DONE | Shows=96 | Movies=8
[12:26:05] 🚀 SCRIPT STARTED (enhanced anti‑detection)
[12:26:05] [1/445] TGMR
[12:26:05] 🧠 New identity created
[12:26:06] [2/445] CXKR
[12:26:07] [3/445] SROP
[12:26:08] [4/445] GTSV
[12:26:09] [5/445] SNTY
[12:26:10] [6/445] SMYY
[12:26:10] [7/445] CNCS
[12:26:12] [8/445] CSTM
[12:26:13] [9/445] NUCD
[12:26:14] [10/445] SHCZ
[12:26:15] 🔄 Identity reset
[12:26:15] 🔄 Identity rotated (every 10 requests)
[12:26:15] 🔄 Retry 1/5 for SHCZ in 2.0s
[12:26:15] 🔄 Identity reset
[12:26:17] 🧠 New identity created
[12:26:17] [11/445] NJCT
[12:26:18] [12/445] COPC
[12:26:19] [13/445] STVV
[12:26:20] [14/445] SKRN
[12:26:21] [15/445] APPZ
[12:26:22] [16/445] YMGN
[12:26:24] [17/445] SVTU
[12:26:24] [18/445] GTAD
[12:26:26] [19/445] PSUS
[12:26:26] 🔄 Identity reset
[12:26:26] 🔄 Identity rotated (every 10 requests)
[12:26:27] [20/445] SMCD
[12:26:28] [21/445] CMCM
[12:26:29] [22/445] SYCT
[12:26:30] [23/445] STLY
[12:26:31] [24/445] CMHU
[12:26:32] [25/445] CMSA
[12:26:33] [26/445] CLCU
[12:26:35] [27/445] PPNT
[12:26:36] [28/445] JTAB
[12:26:37] [29/445] BUUC
[12:26:38] 🔄 Identity reset
[12:26:38] 🔄 Identity rotated (every 10 requests)
[12:26:38] 🔄 Retry 1/5 for BUUC in 2.5s
[12:26:38] 🔄 Identity reset
[12:26:40] 🧠 New identity created
[12:26:40] [30/445] BSVK
[12:26:41] [31/445] VVVQ
[12:26:42] [32/445] TKMU
[12:26:43] [33/445] ESYL
[12:26:44] [34/445] ACHP
[12:26:45] [35/445] BTKD
[12:26:46] [36/445] DESA
[12:26:47] [37/445] GBCT
[12:26:48] [38/445] BLLD
[12:26:48] 🔄 Identity reset
[12:26:48] 🔄 Identity rotated (every 10 requests)
[12:26:49] [39/445] SKNT
[12:26:50] [40/445] SSTE
[12:26:51] [41/445] VJMR
[12:26:52] [42/445] NTPU
[12:26:53] [43/445] RDKN
[12:26:54] [44/445] ADGC
[12:26:54] [45/445] VRBP
[12:26:55] [46/445] NMNA
[12:26:57] [47/445] CMMX
[12:26:57] [48/445] PTKO
[12:26:58] 🔄 Identity reset
[12:26:58] 🔄 Identity rotated (every 10 requests)
[12:26:58] [49/445] RBML
[12:26:59] [50/445] SAIC
[12:27:01] [51/445] SVTJ
[12:27:02] [52/445] MRTE
[12:27:04] [53/445] RBTP
[12:27:05] [54/445] NLPS
[12:27:06] [55/445] GTNA
[12:27:07] [56/445] DGGC
[12:27:08] [57/445] SMCR
[12:27:09] [58/445] SCGD
[12:27:10] 🔄 Identity reset
[12:27:10] 🔄 Identity rotated (every 10 requests)
[12:27:10] 🔄 Retry 1/5 for SCGD in 2.1s
[12:27:10] 🔄 Identity reset
[12:27:12] 🧠 New identity created
[12:27:12] 🔄 Retry 2/5 for SCGD in 4.6s
[12:27:12] 🔄 Identity reset
[12:27:16] 🧠 New identity created
[12:27:17] 🔄 Retry 3/5 for SCGD in 8.0s
[12:27:17] 🔄 Identity reset
[12:27:25] 🧠 New identity created
[12:27:25] 🔄 Retry 4/5 for SCGD in 17.0s
[12:27:25] 🔄 Identity reset
[12:27:42] 🧠 New identity created
[12:27:42] [59/445] SRRJ
[12:27:43] [60/445] CNRY
[12:27:44] [61/445] KTDI
[12:27:45] [62/445] SNJL
[12:27:46] [63/445] RKMD
[12:27:47] [64/445] SMDC
[12:27:48] 🔄 Identity reset
[12:27:48] 🔄 Identity rotated (every 10 requests)
[12:27:48] [65/445] TADG
[12:27:49] [66/445] MCGS
[12:27:51] [67/445] PETK
[12:27:52] [68/445] CHAG
[12:27:52] [69/445] KSTL
[12:27:53] [70/445] AADS
[12:27:54] [71/445] NTHZ
[12:27:55] [72/445] HCKI
[12:27:56] [73/445] SSEF
[12:27:57] [74/445] MCGX
[12:27:58] 🔄 Identity reset
[12:27:58] 🔄 Identity rotated (every 10 requests)
[12:27:58] 🔄 Retry 1/5 for MCGX in 2.3s
[12:27:58] 🔄 Identity reset
[12:28:00] 🧠 New identity created
[12:28:00] 🔄 Retry 2/5 for MCGX in 4.1s
[12:28:00] 🔄 Identity reset
[12:28:04] 🧠 New identity created
[12:28:05] [75/445] ERRA
[12:28:06] [76/445] SDTW
[12:28:07] [77/445] RMPK
[12:28:08] [78/445] PTHK
[12:28:09] [79/445] PXCS
[12:28:10] [80/445] SVLU
[12:28:11] [81/445] STAH
[12:28:12] [82/445] JRGF
[12:28:13] 🔄 Identity reset
[12:28:13] 🔄 Identity rotated (every 10 requests)
[12:28:13] [83/445] CDOK
[12:28:14] [84/445] CMSG
[12:28:15] [85/445] APTD
[12:28:16] [86/445] KMPG
[12:28:17] [87/445] MUTJ
[12:28:18] [88/445] VCCI
[12:28:18] [89/445] URBE
[12:28:19] [90/445] TCTS
[12:28:20] [91/445] STSN
[12:28:21] [92/445] AKCH
[12:28:22] 🔄 Identity reset
[12:28:22] 🔄 Identity rotated (every 10 requests)
[12:28:22] 🔄 Retry 1/5 for AKCH in 2.4s
[12:28:22] 🔄 Identity reset
[12:28:24] 🧠 New identity created
[12:28:25] [93/445] APSC
[12:28:25] [94/445] VLTB
[12:28:26] [95/445] SANU
[12:28:27] [96/445] AXAM
[12:28:29] [97/445] MGMG
[12:28:30] [98/445] HTBY
[12:28:31] [99/445] MMZS
[12:28:32] [100/445] SUDR
[12:28:32] [101/445] CCAD
[12:28:33] 🔄 Identity reset
[12:28:33] 🔄 Identity rotated (every 10 requests)
[12:28:33] [102/445] SKKC
[12:28:34] [103/445] RMCD
[12:28:35] [104/445] SBCQ
[12:28:36] [105/445] DCCT
[12:28:37] [106/445] VTKP
[12:28:39] [107/445] MLAM
[12:28:39] [108/445] SAVT
[12:28:40] [109/445] GEPL
[12:28:41] [110/445] AMCD
[12:28:42] [111/445] CCXR
[12:28:43] 🔄 Identity reset
[12:28:43] 🔄 Identity rotated (every 10 requests)
[12:28:43] [112/445] GRNG
[12:28:44] [113/445] EBCA
[12:28:45] [114/445] CNVG
[12:28:46] [115/445] MWSS
[12:28:47] [116/445] VBOR
[12:28:47] [117/445] NEEB
[12:28:48] [118/445] SUTH
[12:28:49] [119/445] ANDB
[12:28:50] [120/445] MMXS
[12:28:51] [121/445] CNPD
[12:28:52] 🔄 Identity reset
[12:28:52] 🔄 Identity rotated (every 10 requests)
[12:28:52] 🔄 Retry 1/5 for CNPD in 2.6s
[12:28:52] 🔄 Identity reset
[12:28:55] 🧠 New identity created
[12:28:55] [122/445] SDCE
[12:28:56] [123/445] DHCB
[12:28:57] [124/445] ODEN
[12:28:58] [125/445] TNTC
[12:28:59] [126/445] VBKM
[12:28:59] [127/445] RZYM
[12:29:01] [128/445] JEMC
[12:29:01] [129/445] CMAU
[12:29:02] [130/445] SIVP
[12:29:03] 🔄 Identity reset
[12:29:03] 🔄 Identity rotated (every 10 requests)
[12:29:03] 🔄 Retry 1/5 for SIVP in 3.0s
[12:29:03] 🔄 Identity reset
[12:29:06] 🧠 New identity created
[12:29:06] [131/445] ATAG
[12:29:07] [132/445] CHTM
[12:29:08] [133/445] AAEE
[12:29:09] [134/445] IWPM
[12:29:10] [135/445] KCMW
[12:29:11] [136/445] MCTD
[12:29:12] [137/445] SPWR
[12:29:13] [138/445] SDPO
[12:29:14] [139/445] PCSK
[12:29:15] 🔄 Identity reset
[12:29:15] 🔄 Identity rotated (every 10 requests)
[12:29:15] 🔄 Retry 1/5 for PCSK in 2.9s
[12:29:15] 🔄 Identity reset
[12:29:18] 🧠 New identity created
[12:29:18] 🔄 Retry 2/5 for PCSK in 4.4s
[12:29:18] 🔄 Identity reset
[12:29:22] 🧠 New identity created
[12:29:23] [140/445] ACHV
[12:29:24] [141/445] SVLA
[12:29:24] [142/445] PICT
[12:29:25] [143/445] BXDR
[12:29:26] [144/445] SPWA
[12:29:27] [145/445] MCKO
[12:29:28] [146/445] RTHK
[12:29:29] [147/445] CCMF
[12:29:30] 🔄 Identity reset
[12:29:30] 🔄 Identity rotated (every 10 requests)
[12:29:30] 🔄 Retry 1/5 for CCMF in 3.0s
[12:29:30] 🔄 Identity reset
[12:29:33] 🧠 New identity created
[12:29:33] 🔄 Retry 2/5 for CCMF in 4.8s
[12:29:33] 🔄 Identity reset
[12:29:38] 🧠 New identity created
[12:29:38] [148/445] MRGB
[12:29:39] [149/445] CPLC
[12:29:40] [150/445] RACD
[12:29:41] [151/445] ATKT
[12:29:42] [152/445] SARN
[12:29:43] [153/445] KKUI
[12:29:44] [154/445] RGCM
[12:29:45] [155/445] BRVP
[12:29:45] 🔄 Identity reset
[12:29:45] 🔄 Identity rotated (every 10 requests)
[12:29:45] 🔄 Retry 1/5 for BRVP in 2.6s
[12:29:45] 🔄 Identity reset
[12:29:48] 🧠 New identity created
[12:29:49] [156/445] HRSR
[12:29:50] [157/445] GKGM
[12:29:50] [158/445] TTCD
[12:29:51] [159/445] PTTI
[12:29:52] [160/445] MPTT
[12:29:53] [161/445] CVTT
[12:29:54] [162/445] PCXD
[12:29:55] [163/445] GCDC
[12:29:56] [164/445] CCCF
[12:29:57] 🔄 Identity reset
[12:29:57] 🔄 Identity rotated (every 10 requests)
[12:29:58] [165/445] MRAD
[12:29:58] [166/445] CPLK
[12:29:59] [167/445] SATB
[12:30:00] [168/445] SNVG
[12:30:01] [169/445] JMBA
[12:30:02] [170/445] TEJA
[12:30:04] [171/445] STYO
[12:30:04] [172/445] JTBP
[12:30:06] [173/445] KRGD
[12:30:07] [174/445] SLJJ
[12:30:07] 🔄 Identity reset
[12:30:07] 🔄 Identity rotated (every 10 requests)
[12:30:08] [175/445] SPTJ
[12:30:10] [176/445] SWJG
[12:30:11] [177/445] LKRT
[12:30:11] [178/445] KCKA
[12:30:12] [179/445] SNCR
[12:30:13] [180/445] SMKL
[12:30:14] [181/445] GCFA
[12:30:15] [182/445] DDCK
[12:30:16] [183/445] NCHJ
[12:30:17] [184/445] RDMA
[12:30:17] 🔄 Identity reset
[12:30:17] 🔄 Identity rotated (every 10 requests)
[12:30:18] [185/445] SVSV
[12:30:19] [186/445] SCJG
[12:30:20] [187/445] VKLP
[12:30:21] [188/445] NWCC
[12:30:22] [189/445] VKNS
[12:30:22] [190/445] SDDP
[12:30:23] [191/445] ACSI
[12:30:24] [192/445] SATG
[12:30:25] [193/445] SCMW
[12:30:26] [194/445] LKTK
[12:30:26] 🔄 Identity reset
[12:30:26] 🔄 Identity rotated (every 10 requests)
[12:30:27] [195/445] VCKV
[12:30:28] [196/445] KKPE
[12:30:29] [197/445] KIGH
[12:30:31] [198/445] SRPM
[12:30:32] [199/445] SCAH
[12:30:33] [200/445] MUTA
[12:30:34] [201/445] SEPU
[12:30:35] [202/445] INOA
[12:30:37] [203/445] BASK
[12:30:38] [204/445] NECB
[12:30:39] 🔄 Identity reset
[12:30:39] 🔄 Identity rotated (every 10 requests)
[12:30:39] [205/445] GTTG
[12:30:40] [206/445] ASSA
[12:30:41] [207/445] ANCL
[12:30:42] [208/445] GCTI
[12:30:43] [209/445] RCTS
[12:30:44] [210/445] ACNL
[12:30:45] [211/445] MYCT
[12:30:46] [212/445] NMHT
[12:30:47] [213/445] MDIT
[12:30:48] [214/445] LATG
[12:30:48] 🔄 Identity reset
[12:30:48] 🔄 Identity rotated (every 10 requests)
[12:30:48] 🔄 Retry 1/5 for LATG in 2.1s
[12:30:48] 🔄 Identity reset
[12:30:50] 🧠 New identity created
[12:30:51] [215/445] SMTY
[12:30:52] [216/445] CVCT
[12:30:53] [217/445] RAMB
[12:30:54] [218/445] TGMS
[12:30:54] [219/445] BHEL
[12:30:55] [220/445] SHCT
[12:30:56] [221/445] SVCT
[12:30:58] [222/445] MRIY
[12:31:00] [223/445] SARO
[12:31:00] 🔄 Identity reset
[12:31:00] 🔄 Identity rotated (every 10 requests)
[12:31:01] [224/445] STCT
[12:31:02] [225/445] JKKC
[12:31:02] [226/445] PLTT
[12:31:03] [227/445] SRNT
[12:31:04] [228/445] YAST
[12:31:05] [229/445] PERL
[12:31:06] [230/445] CICM
[12:31:07] [231/445] MMTR
[12:31:08] [232/445] ABTK
[12:31:09] [233/445] ATYY
[12:31:09] 🔄 Identity reset
[12:31:09] 🔄 Identity rotated (every 10 requests)
[12:31:10] [234/445] ASTK
[12:31:11] [235/445] VVCK
[12:31:12] [236/445] ATKY
[12:31:13] [237/445] GWEK
[12:31:14] [238/445] SVFH
[12:31:15] [239/445] SLTA
[12:31:16] [240/445] AASH
[12:31:17] [241/445] ACXB
[12:31:18] [242/445] SMTX
[12:31:19] [243/445] AZDH
[12:31:20] 🔄 Identity reset
[12:31:20] 🔄 Identity rotated (every 10 requests)
[12:31:20] 🔄 Retry 1/5 for AZDH in 2.1s
[12:31:20] 🔄 Identity reset
[12:31:22] 🧠 New identity created
[12:31:23] [244/445] CMMH
[12:31:24] [245/445] SCSZ
[12:31:25] [246/445] SCKP
[12:31:26] [247/445] NXTM
[12:31:27] [248/445] NWCS
[12:31:28] [249/445] CXMH
[12:31:29] [250/445] PCMA
[12:31:30] [251/445] SGCM
[12:31:31] [252/445] SDTU
[12:31:31] 🔄 Identity reset
[12:31:31] 🔄 Identity rotated (every 10 requests)
[12:31:31] [253/445] MMVI
[12:31:32] [254/445] JKCM
[12:31:33] [255/445] VCMM
[12:31:34] [256/445] SYEE
[12:31:35] [257/445] VASD
[12:31:36] [258/445] BDRB
[12:31:37] [259/445] LASM
[12:31:38] [260/445] DCRL
[12:31:39] [261/445] DVPM
[12:31:40] [262/445] SBMJ
[12:31:40] 🔄 Identity reset
[12:31:40] 🔄 Identity rotated (every 10 requests)
[12:31:40] 🔄 Retry 1/5 for SBMJ in 2.5s
[12:31:40] 🔄 Identity reset
[12:31:43] 🧠 New identity created
[12:31:43] [263/445] CBMU
[12:31:44] [264/445] IUBS
[12:31:45] [265/445] INAP
[12:31:46] [266/445] SRRC
[12:31:47] [267/445] SAGR
[12:31:48] [268/445] CPMJ
[12:31:49] [269/445] ATJL
[12:31:49] [270/445] NNTD
[12:31:50] [271/445] JHCJ
[12:31:51] 🔄 Identity reset
[12:31:51] 🔄 Identity rotated (every 10 requests)
[12:31:51] [272/445] CMMP
[12:31:52] [273/445] RSDR
[12:31:53] [274/445] AMTI
[12:31:54] [275/445] NYSG
[12:31:55] [276/445] AVSG
[12:31:56] [277/445] SYTP
[12:31:57] [278/445] LARC
[12:31:58] [279/445] RJTP
[12:31:59] [280/445] LAKC
[12:32:00] [281/445] MCXE
[12:32:00] 🔄 Identity reset
[12:32:00] 🔄 Identity rotated (every 10 requests)
[12:32:01] [282/445] CCZC
[12:32:01] [283/445] AVCH
[12:32:02] [284/445] CMBE
[12:32:03] [285/445] MRRC
[12:32:04] [286/445] PCPY
[12:32:05] [287/445] SRMH
[12:32:06] [288/445] SVGS
[12:32:07] [289/445] PCSE
[12:32:08] [290/445] SVFT
[12:32:08] [291/445] TNZP
[12:32:09] 🔄 Identity reset
[12:32:09] 🔄 Identity rotated (every 10 requests)
[12:32:09] 🔄 Retry 1/5 for TNZP in 2.1s
[12:32:09] 🔄 Identity reset
[12:32:11] 🧠 New identity created
[12:32:12] [292/445] ICTP
[12:32:13] [293/445] ACTZ
[12:32:14] [294/445] GTUR
[12:32:15] [295/445] MAFC
[12:32:16] [296/445] MINL
[12:32:17] [297/445] MRCL
[12:32:18] [298/445] RCRP
[12:32:19] [299/445] RFFG
[12:32:19] [300/445] RMAS
[12:32:20] 🔄 Identity reset
[12:32:20] 🔄 Identity rotated (every 10 requests)
[12:32:20] 🔄 Retry 1/5 for RMAS in 2.8s
[12:32:20] 🔄 Identity reset
[12:32:23] 🧠 New identity created
[12:32:23] [301/445] INVR
[12:32:24] [302/445] RMAR
[12:32:26] [303/445] CNIS
[12:32:26] [304/445] RHRJ
[12:32:27] [305/445] INXR
[12:32:28] [306/445] VALT
[12:32:29] [307/445] LCSH
[12:32:30] [308/445] CMVS
[12:32:31] [309/445] CNMS
[12:32:32] 🔄 Identity reset
[12:32:32] 🔄 Identity rotated (every 10 requests)
[12:32:33] [310/445] ROOG
[12:32:34] [311/445] ISRM
[12:32:35] [312/445] RCRM
[12:32:36] [313/445] ACJA
[12:32:37] [314/445] RCVS
[12:32:38] [315/445] CPUS
[12:32:39] [316/445] TGCS
[12:32:40] [317/445] RKCJ
[12:32:41] [318/445] MKSB
[12:32:42] [319/445] TCSJ
[12:32:42] 🔄 Identity reset
[12:32:42] 🔄 Identity rotated (every 10 requests)
[12:32:42] 🔄 Retry 1/5 for TCSJ in 2.5s
[12:32:42] 🔄 Identity reset
[12:32:45] 🧠 New identity created
[12:32:45] [320/445] RMGP
[12:32:47] [321/445] CLLP
[12:32:48] [322/445] RCMV
[12:32:49] [323/445] CCKS
[12:32:50] [324/445] RSRP
[12:32:51] [325/445] APLP
[12:32:51] [326/445] CNVS
[12:32:52] [327/445] RMVY
[12:32:53] [328/445] PGBD
[12:32:54] 🔄 Identity reset
[12:32:54] 🔄 Identity rotated (every 10 requests)
[12:32:54] [329/445] KLMS
[12:32:55] [330/445] RUST
[12:32:56] [331/445] MASM
[12:32:57] [332/445] BACS
[12:32:58] [333/445] BWST
[12:32:59] [334/445] RRFH
[12:33:00] [335/445] SJTM
[12:33:01] [336/445] BEMR
[12:33:02] [337/445] MCGR
[12:33:03] [338/445] SDSK
[12:33:03] 🔄 Identity reset
[12:33:03] 🔄 Identity rotated (every 10 requests)
[12:33:04] [339/445] VBOL
[12:33:04] [340/445] RMGM
[12:33:05] [341/445] NOPL
[12:33:06] [342/445] MKJK
[12:33:07] [343/445] CVRN
[12:33:08] [344/445] MMEN
[12:33:09] [345/445] AMNG
[12:33:10] [346/445] INTM
[12:33:11] [347/445] SLCZ
[12:33:12] [348/445] AMJN
[12:33:13] 🔄 Identity reset
[12:33:13] 🔄 Identity rotated (every 10 requests)
[12:33:13] 🔄 Retry 1/5 for AMJN in 2.9s
[12:33:13] 🔄 Identity reset
[12:33:16] 🧠 New identity created
[12:33:16] [349/445] ACJN
[12:33:17] [350/445] AMKN
[12:33:18] [351/445] BTCN
[12:33:19] [352/445] AMBT
[12:33:19] [353/445] PACN
[12:33:20] [354/445] LCNS
[12:33:22] [355/445] PPKC
[12:33:22] [356/445] JYYN
[12:33:23] [357/445] JTNR
[12:33:24] 🔄 Identity reset
[12:33:24] 🔄 Identity rotated (every 10 requests)
[12:33:24] [358/445] GTEE
[12:33:25] [359/445] SRNM
[12:33:26] [360/445] SDTC
[12:33:27] [361/445] VPCA
[12:33:28] [362/445] VLRA
[12:33:29] [363/445] SHKR
[12:33:30] [364/445] SBKD
[12:33:31] [365/445] SAAD
[12:33:31] [366/445] JTGN
[12:33:32] [367/445] SLAM
[12:33:33] 🔄 Identity reset
[12:33:33] 🔄 Identity rotated (every 10 requests)
[12:33:33] [368/445] VTPM
[12:33:34] [369/445] ANPT
[12:33:35] [370/445] PUNB
[12:33:36] [371/445] CPKT
[12:33:37] [372/445] CNWE
[12:33:38] [373/445] ECPP
[12:33:39] [374/445] CPAR
[12:33:40] [375/445] ESBW
[12:33:41] [376/445] PKPU
[12:33:42] [377/445] CPRP
[12:33:43] 🔄 Identity reset
[12:33:43] 🔄 Identity rotated (every 10 requests)
[12:33:43] [378/445] RAHU
[12:33:44] [379/445] RHMN
[12:33:45] [380/445] FMJP
[12:33:47] [381/445] CTMP
[12:33:48] [382/445] INPN
[12:33:49] [383/445] STTG
[12:33:50] [384/445] CTRD
[12:33:51] [385/445] PUVB
[12:33:52] [386/445] ESVP
[12:33:53] [387/445] CPFT
[12:33:53] 🔄 Identity reset
[12:33:53] 🔄 Identity rotated (every 10 requests)
[12:33:54] [388/445] LCPC
[12:33:55] [389/445] VBCT
[12:33:56] [390/445] FSCW
[12:33:57] [391/445] VCMP
[12:33:59] [392/445] ASHC
[12:33:59] [393/445] VLCX
[12:34:00] [394/445] SHEV
[12:34:01] [395/445] APCO
[12:34:02] [396/445] SILC
[12:34:03] [397/445] SNMR
[12:34:03] 🔄 Identity reset
[12:34:03] 🔄 Identity rotated (every 10 requests)
[12:34:04] 🔄 Retry 1/5 for SNMR in 2.6s
[12:34:04] 🔄 Identity reset
[12:34:06] 🧠 New identity created
[12:34:07] [398/445] KYBO
[12:34:08] [399/445] SATK
[12:34:08] [400/445] SSCS
[12:34:10] [401/445] CLSB
[12:34:11] [402/445] KMJR
[12:34:12] [403/445] FSCK
[12:34:13] [404/445] NNKA
[12:34:14] [405/445] CLMK
[12:34:15] [406/445] DMPZ
[12:34:15] 🔄 Identity reset
[12:34:15] 🔄 Identity rotated (every 10 requests)
[12:34:15] 🔄 Retry 1/5 for DMPZ in 2.6s
[12:34:15] 🔄 Identity reset
[12:34:18] 🧠 New identity created
[12:34:18] 🔄 Retry 2/5 for DMPZ in 4.8s
[12:34:18] 🔄 Identity reset
[12:34:23] 🧠 New identity created
[12:34:23] [407/445] INQM
[12:34:24] [408/445] CAML
[12:34:25] [409/445] INRK
[12:34:26] [410/445] IMKN
[12:34:28] [411/445] SVNR
[12:34:29] [412/445] INSL
[12:34:29] [413/445] MSMA
[12:34:31] [414/445] MCKK
[12:34:32] 🔄 Identity reset
[12:34:32] 🔄 Identity rotated (every 10 requests)
[12:34:32] [415/445] FCHP
[12:34:33] [416/445] SFCR
[12:34:34] [417/445] NACK
[12:34:35] [418/445] PVAK
[12:34:36] [419/445] INER
[12:34:37] [420/445] RDBK
[12:34:37] [421/445] SVFN
[12:34:39] [422/445] IFRM
[12:34:40] [423/445] ATCK
[12:34:41] [424/445] ASKO
[12:34:42] 🔄 Identity reset
[12:34:42] 🔄 Identity rotated (every 10 requests)
[12:34:42] 🔄 Retry 1/5 for ASKO in 2.1s
[12:34:42] 🔄 Identity reset
[12:34:44] 🧠 New identity created
[12:34:44] [425/445] STKT
[12:34:45] [426/445] SVFB
[12:34:46] [427/445] INKS
[12:34:47] [428/445] PCRA
[12:34:48] [429/445] ATJA
[12:34:49] [430/445] IMJN
[12:34:50] [431/445] INHD
[12:34:51] [432/445] BARA
[12:34:53] [433/445] MCSL
[12:34:53] 🔄 Identity reset
[12:34:53] 🔄 Identity rotated (every 10 requests)
[12:34:54] [434/445] RTOY
[12:34:54] [435/445] MENO
[12:34:55] [436/445] PUDM
[12:34:56] [437/445] PRCN
[12:34:58] [438/445] JMJR
[12:34:59] [439/445] SSGK
[12:35:01] [440/445] SSRL
[12:35:02] [441/445] JYKL
[12:35:02] [442/445] ACNB
[12:35:03] [443/445] SONP
[12:35:04] 🔄 Identity reset
[12:35:04] 🔄 Identity rotated (every 10 requests)
[12:35:04] [444/445] EMCI
[12:35:05] [445/445] MRJH
[12:35:06] 🧹 Deduping shows
[12:35:06] ✅ DONE | Shows=177 | Movies=13
