[10:12:42] 🚀 SCRIPT STARTED (enhanced anti‑detection)
[10:12:42] [1/455] MXGN
[10:12:43] 🧠 New identity created
[10:12:43] [2/455] PGGM
[10:12:45] [3/455] IPMJ
[10:12:46] [4/455] M2PP
[10:12:47] [5/455] PMMS
[10:12:48] [6/455] SCJN
[10:12:49] [7/455] CPUM
[10:12:50] [8/455] SCND
[10:12:51] [9/455] INWM
[10:12:52] [10/455] DVDC
[10:12:52] 🔄 Identity reset
[10:12:52] 🔄 Identity rotated (every 10 requests)
[10:12:52] 🔄 Retry 1/5 for DVDC in 3.0s
[10:12:52] 🔄 Identity reset
[10:12:55] 🧠 New identity created
[10:12:56] [11/455] WVND
[10:12:57] [12/455] LBDL
[10:12:58] [13/455] CRGM
[10:12:59] [14/455] PVKS
[10:12:59] [15/455] PBLL
[10:13:00] [16/455] FNLN
[10:13:01] [17/455] PPDA
[10:13:02] [18/455] SCPT
[10:13:03] [19/455] IAJS
[10:13:04] 🔄 Identity reset
[10:13:04] 🔄 Identity rotated (every 10 requests)
[10:13:04] [20/455] MMZG
[10:13:06] [21/455] MCTI
[10:13:07] [22/455] PPMF
[10:13:08] [23/455] FNSD
[10:13:09] [24/455] M2RH
[10:13:10] [25/455] CPGV
[10:13:12] [26/455] PECD
[10:13:13] [27/455] CTEE
[10:13:14] [28/455] IOMG
[10:13:15] [29/455] CIJA
[10:13:16] 🔄 Identity reset
[10:13:16] 🔄 Identity rotated (every 10 requests)
[10:13:16] [30/455] NYCG
[10:13:17] [31/455] CEST
[10:13:18] [32/455] WVRG
[10:13:19] [33/455] DPDC
[10:13:20] [34/455] PDIV
[10:13:21] [35/455] MTPP
[10:13:21] [36/455] MHNU
[10:13:22] [37/455] WUPG
[10:13:23] [38/455] USCO
[10:13:24] [39/455] INFR
[10:13:24] 🔄 Identity reset
[10:13:24] 🔄 Identity rotated (every 10 requests)
[10:13:25] [40/455] PVPD
[10:13:26] [41/455] RONC
[10:13:27] [42/455] IOCP
[10:13:28] [43/455] EMPS
[10:13:29] [44/455] PNAD
[10:13:30] [45/455] VVGZ
[10:13:31] [46/455] MDDC
[10:13:32] [47/455] MMAP
[10:13:33] [48/455] GPDC
[10:13:34] [49/455] PVPU
[10:13:34] 🔄 Identity reset
[10:13:34] 🔄 Identity rotated (every 10 requests)
[10:13:35] [50/455] DCMV
[10:13:37] [51/455] PCCF
[10:13:38] [52/455] MCEF
[10:13:39] [53/455] INRD
[10:13:40] [54/455] CCPZ
[10:13:41] [55/455] BCWG
[10:13:42] [56/455] PMGU
[10:13:43] [57/455] MCVM
[10:13:44] [58/455] MCDE
[10:13:45] [59/455] IEFM
[10:13:46] 🔄 Identity reset
[10:13:46] 🔄 Identity rotated (every 10 requests)
[10:13:46] 🔄 Retry 1/5 for IEFM in 2.3s
[10:13:46] 🔄 Identity reset
[10:13:48] 🧠 New identity created
[10:13:49] [60/455] MXCS
[10:13:49] [61/455] RNMT
[10:13:50] [62/455] PSDD
[10:13:51] [63/455] PETA
[10:13:52] [64/455] IZOP
[10:13:53] [65/455] PDEI
[10:13:54] [66/455] MTND
[10:13:55] [67/455] PCPL
[10:13:56] [68/455] LSCM
[10:13:57] 🔄 Identity reset
[10:13:57] 🔄 Identity rotated (every 10 requests)
[10:13:57] [69/455] BTFD
[10:13:58] [70/455] MERM
[10:13:59] [71/455] PVMS
[10:14:00] [72/455] CIGK
[10:14:01] [73/455] INSG
[10:14:02] [74/455] IDEN
[10:14:03] [75/455] MCGN
[10:14:04] [76/455] IGAM
[10:14:05] [77/455] SLCU
[10:14:06] [78/455] MIMU
[10:14:06] 🔄 Identity reset
[10:14:06] 🔄 Identity rotated (every 10 requests)
[10:14:07] [79/455] QLAC
[10:14:08] [80/455] MENL
[10:14:09] [81/455] SCUR
[10:14:10] [82/455] MDGD
[10:14:11] [83/455] LSRS
[10:14:11] [84/455] KMLG
[10:14:12] [85/455] MKLJ
[10:14:14] [86/455] IBYG
[10:14:15] [87/455] ISML
[10:14:16] [88/455] MJMM
[10:14:16] 🔄 Identity reset
[10:14:16] 🔄 Identity rotated (every 10 requests)
[10:14:17] [89/455] RCGD
[10:14:18] [90/455] MMOC
[10:14:18] [91/455] RRCO
[10:14:19] [92/455] MEDM
[10:14:20] [93/455] MCAZ
[10:14:21] [94/455] STWA
[10:14:22] [95/455] PFFG
[10:14:23] [96/455] GAGC
[10:14:24] [97/455] PMPM
[10:14:25] [98/455] HVCD
[10:14:26] 🔄 Identity reset
[10:14:26] 🔄 Identity rotated (every 10 requests)
[10:14:26] [99/455] AKRF
[10:14:27] [100/455] AKRC
[10:14:28] [101/455] MIDA
[10:14:29] [102/455] MAGX
[10:14:30] [103/455] ESOS
[10:14:31] [104/455] BBCL
[10:14:31] [105/455] LYAS
[10:14:32] [106/455] NRMS
[10:14:33] [107/455] BHUC
[10:14:34] [108/455] SRIC
[10:14:35] 🔄 Identity reset
[10:14:35] 🔄 Identity rotated (every 10 requests)
[10:14:35] 🔄 Retry 1/5 for SRIC in 2.3s
[10:14:35] 🔄 Identity reset
[10:14:37] 🧠 New identity created
[10:14:38] [109/455] PDME
[10:14:39] [110/455] MJCS
[10:14:40] [111/455] NRAA
[10:14:40] [112/455] VATA
[10:14:41] [113/455] MNKC
[10:14:42] [114/455] DHCL
[10:14:43] [115/455] JCPC
[10:14:44] [116/455] CTML
[10:14:45] [117/455] RMMR
[10:14:45] 🔄 Identity reset
[10:14:45] 🔄 Identity rotated (every 10 requests)
[10:14:46] [118/455] STTL
[10:14:47] [119/455] CNPS
[10:14:48] [120/455] ACKL
[10:14:49] [121/455] SCAU
[10:14:50] [122/455] RMIA
[10:14:51] [123/455] MANU
[10:14:52] [124/455] ARDC
[10:14:53] [125/455] GLDA
[10:14:54] [126/455] KVSW
[10:14:56] [127/455] CGCA
[10:14:56] 🔄 Identity reset
[10:14:56] 🔄 Identity rotated (every 10 requests)
[10:14:57] [128/455] CMLO
[10:14:58] [129/455] CECB
[10:14:58] [130/455] RCPN
[10:14:59] [131/455] ASMW
[10:15:00] [132/455] PWLM
[10:15:01] [133/455] ASGM
[10:15:03] [134/455] ACWH
[10:15:04] [135/455] AAPW
[10:15:05] [136/455] RTWA
[10:15:06] [137/455] RAMW
[10:15:06] 🔄 Identity reset
[10:15:06] 🔄 Identity rotated (every 10 requests)
[10:15:06] 🔄 Retry 1/5 for RAMW in 2.8s
[10:15:06] 🔄 Identity reset
[10:15:09] 🧠 New identity created
[10:15:10] [138/455] VKTR
[10:15:11] [139/455] SMBH
[10:15:12] [140/455] BVDR
[10:15:12] [141/455] MRTP
[10:15:13] [142/455] BLBR
[10:15:14] [143/455] LPIN
[10:15:15] [144/455] SNPC
[10:15:16] [145/455] PDCB
[10:15:17] [146/455] DYPK
[10:15:18] 🔄 Identity reset
[10:15:18] 🔄 Identity rotated (every 10 requests)
[10:15:18] [147/455] INMK
[10:15:19] [148/455] PDCK
[10:15:20] [149/455] PCKR
[10:15:21] [150/455] SHUA
[10:15:22] [151/455] SCVK
[10:15:23] [152/455] STPA
[10:15:24] [153/455] WVHD
[10:15:25] [154/455] MRCH
[10:15:26] [155/455] MCNP
[10:15:27] [156/455] RCAG
[10:15:27] 🔄 Identity reset
[10:15:27] 🔄 Identity rotated (every 10 requests)
[10:15:27] 🔄 Retry 1/5 for RCAG in 2.7s
[10:15:27] 🔄 Identity reset
[10:15:30] 🧠 New identity created
[10:15:31] [157/455] JTSN
[10:15:32] [158/455] AANS
[10:15:33] [159/455] GDDR
[10:15:33] [160/455] SRER
[10:15:34] [161/455] JKMA
[10:15:35] [162/455] ARAN
[10:15:36] [163/455] ALCT
[10:15:37] [164/455] CCTA
[10:15:38] [165/455] CNCT
[10:15:38] 🔄 Identity reset
[10:15:39] 🔄 Identity rotated (every 10 requests)
[10:15:40] [166/455] NZBL
[10:15:40] [167/455] SRRA
[10:15:41] [168/455] SVPW
[10:15:42] [169/455] SRTW
[10:15:43] [170/455] XMTD
[10:15:44] [171/455] SCCZ
[10:15:45] [172/455] PBCR
[10:15:46] [173/455] RTSC
[10:15:47] [174/455] TLSV
[10:15:48] [175/455] RMTK
[10:15:49] 🔄 Identity reset
[10:15:49] 🔄 Identity rotated (every 10 requests)
[10:15:49] 🔄 Retry 1/5 for RMTK in 2.1s
[10:15:49] 🔄 Identity reset
[10:15:51] 🧠 New identity created
[10:15:51] [176/455] SRAT
[10:15:52] [177/455] GCYC
[10:15:53] [178/455] HCAJ
[10:15:54] [179/455] LCXA
[10:15:55] [180/455] BINT
[10:15:56] [181/455] IXIM
[10:15:58] [182/455] MBCR
[10:15:58] [183/455] BMCJ
[10:16:00] [184/455] NICJ
[10:16:00] 🔄 Identity reset
[10:16:00] 🔄 Identity rotated (every 10 requests)
[10:16:01] [185/455] SCAJ
[10:16:02] [186/455] CMXS
[10:16:03] [187/455] MMSR
[10:16:04] [188/455] PRKT
[10:16:05] [189/455] LPTH
[10:16:06] [190/455] SARP
[10:16:07] [191/455] MNPP
[10:16:08] [192/455] PRLR
[10:16:09] [193/455] RCMW
[10:16:09] [194/455] FCMG
[10:16:10] 🔄 Identity reset
[10:16:10] 🔄 Identity rotated (every 10 requests)
[10:16:10] [195/455] RTNK
[10:16:12] [196/455] LRCP
[10:16:13] [197/455] DBJR
[10:16:14] [198/455] CACN
[10:16:15] [199/455] AMRL
[10:16:16] [200/455] SBBC
[10:16:17] [201/455] VENN
[10:16:18] [202/455] STSS
[10:16:19] [203/455] SMRB
[10:16:20] [204/455] CCMX
[10:16:20] 🔄 Identity reset
[10:16:20] 🔄 Identity rotated (every 10 requests)
[10:16:22] [205/455] KCMR
[10:16:22] [206/455] SALH
[10:16:23] [207/455] CGTT
[10:16:24] [208/455] PMDR
[10:16:25] [209/455] VCPM
[10:16:26] [210/455] RZMX
[10:16:27] [211/455] TMSY
[10:16:28] [212/455] NTMS
[10:16:29] [213/455] VTAG
[10:16:30] [214/455] REMA
[10:16:31] 🔄 Identity reset
[10:16:31] 🔄 Identity rotated (every 10 requests)
[10:16:31] 🔄 Retry 1/5 for REMA in 2.7s
[10:16:31] 🔄 Identity reset
[10:16:33] 🧠 New identity created
[10:16:34] [215/455] NXCC
[10:16:35] [216/455] SKYM
[10:16:36] [217/455] CCMO
[10:16:37] [218/455] DMXM
[10:16:38] [219/455] SPPM
[10:16:38] [220/455] PTKL
[10:16:40] [221/455] SLVO
[10:16:41] [222/455] VASL
[10:16:42] [223/455] CBCM
[10:16:42] 🔄 Identity reset
[10:16:42] 🔄 Identity rotated (every 10 requests)
[10:16:43] [224/455] STMA
[10:16:44] [225/455] LASK
[10:16:45] [226/455] VITE
[10:16:46] [227/455] AAST
[10:16:47] [228/455] JTPT
[10:16:48] [229/455] RRSH
[10:16:49] [230/455] CINL
[10:16:50] [231/455] MCSR
[10:16:51] [232/455] SBCF
[10:16:52] [233/455] GCDU
[10:16:53] 🔄 Identity reset
[10:16:53] 🔄 Identity rotated (every 10 requests)
[10:16:53] 🔄 Retry 1/5 for GCDU in 2.1s
[10:16:53] 🔄 Identity reset
[10:16:55] 🧠 New identity created
[10:16:55] 🔄 Retry 2/5 for GCDU in 4.2s
[10:16:55] 🔄 Identity reset
[10:17:00] 🧠 New identity created
[10:17:00] [234/455] PSPR
[10:17:01] [235/455] IMMO
[10:17:02] [236/455] CLGM
[10:17:03] [237/455] PBMM
[10:17:04] [238/455] CEHR
[10:17:05] [239/455] CPOE
[10:17:06] [240/455] PGFD
[10:17:06] [241/455] PSLC
[10:17:07] 🔄 Identity reset
[10:17:07] 🔄 Identity rotated (every 10 requests)
[10:17:07] [242/455] MSMD
[10:17:08] [243/455] FMFB
[10:17:09] [244/455] RKCL
[10:17:10] [245/455] PMMC
[10:17:11] [246/455] SKMM
[10:17:12] [247/455] VOIB
[10:17:13] [248/455] KINO
[10:17:14] [249/455] VCTP
[10:17:15] [250/455] PDWR
[10:17:16] [251/455] SAED
[10:17:17] 🔄 Identity reset
[10:17:17] 🔄 Identity rotated (every 10 requests)
[10:17:17] [252/455] SRRT
[10:17:18] [253/455] CVLG
[10:17:19] [254/455] SNGN
[10:17:20] [255/455] SIDA
[10:17:21] [256/455] IMCB
[10:17:22] [257/455] SMHP
[10:17:23] [258/455] GDTY
[10:17:24] [259/455] VYCH
[10:17:25] [260/455] PDYA
[10:17:26] [261/455] RKDO
[10:17:26] 🔄 Identity reset
[10:17:26] 🔄 Identity rotated (every 10 requests)
[10:17:27] [262/455] VECG
[10:17:28] [263/455] NFGD
[10:17:29] [264/455] SNDC
[10:17:30] [265/455] SDJH
[10:17:31] [266/455] HASV
[10:17:31] [267/455] PTYK
[10:17:32] [268/455] MUTB
[10:17:33] [269/455] AMRT
[10:17:34] [270/455] VACD
[10:17:35] [271/455] SKDD
[10:17:35] 🔄 Identity reset
[10:17:36] 🔄 Identity rotated (every 10 requests)
[10:17:36] 🔄 Retry 1/5 for SKDD in 2.1s
[10:17:36] 🔄 Identity reset
[10:17:38] 🧠 New identity created
[10:17:38] [272/455] STGR
[10:17:39] [273/455] GDAK
[10:17:40] [274/455] SKHK
[10:17:41] [275/455] SLND
[10:17:42] [276/455] APAP
[10:17:43] [277/455] AYYA
[10:17:44] [278/455] VCCZ
[10:17:45] [279/455] MEML
[10:17:46] [280/455] MAOU
[10:17:46] 🔄 Identity reset
[10:17:46] 🔄 Identity rotated (every 10 requests)
[10:17:47] [281/455] ESND
[10:17:48] [282/455] PTBZ
[10:17:49] [283/455] LBCN
[10:17:50] [284/455] PAWA
[10:17:51] [285/455] ZEIC
[10:17:52] [286/455] CGMM
[10:17:53] [287/455] PJPM
[10:17:54] [288/455] ECMR
[10:17:55] [289/455] SHMZ
[10:17:56] [290/455] STCA
[10:17:56] 🔄 Identity reset
[10:17:56] 🔄 Identity rotated (every 10 requests)
[10:17:56] [291/455] VDRC
[10:17:58] [292/455] SEEM
[10:17:58] [293/455] MKNS
[10:17:59] [294/455] KPPP
[10:18:00] [295/455] CCML
[10:18:01] [296/455] CIBA
[10:18:02] [297/455] NACS
[10:18:03] [298/455] CTMK
[10:18:04] [299/455] CTCT
[10:18:05] [300/455] MCSN
[10:18:05] 🔄 Identity reset
[10:18:05] 🔄 Identity rotated (every 10 requests)
[10:18:06] [301/455] MAXX
[10:18:06] [302/455] MECB
[10:18:07] [303/455] NTBY
[10:18:08] [304/455] UTBI
[10:18:09] [305/455] RADK
[10:18:10] [306/455] STBY
[10:18:11] [307/455] GTBY
[10:18:12] [308/455] RRMB
[10:18:13] [309/455] ABRN
[10:18:14] [310/455] GTSG
[10:18:15] 🔄 Identity reset
[10:18:15] 🔄 Identity rotated (every 10 requests)
[10:18:15] [311/455] GBTG
[10:18:16] [312/455] SBGS
[10:18:17] [313/455] KBPM
[10:18:18] [314/455] SMHT
[10:18:19] [315/455] VTDM
[10:18:20] [316/455] ASCT
[10:18:21] [317/455] AWCT
[10:18:22] [318/455] DCCU
[10:18:22] [319/455] PSCE
[10:18:23] [320/455] KSNY
[10:18:24] 🔄 Identity reset
[10:18:24] 🔄 Identity rotated (every 10 requests)
[10:18:24] [321/455] ACID
[10:18:25] [322/455] LVCD
[10:18:26] [323/455] KSSB
[10:18:27] [324/455] SWTD
[10:18:28] [325/455] RBMR
[10:18:29] [326/455] SCBC
[10:18:30] [327/455] RKME
[10:18:31] [328/455] GALX
[10:18:32] [329/455] GCCH
[10:18:33] [330/455] RATR
[10:18:34] 🔄 Identity reset
[10:18:34] 🔄 Identity rotated (every 10 requests)
[10:18:34] [331/455] GTGA
[10:18:35] [332/455] LTTR
[10:18:36] [333/455] TTAA
[10:18:37] [334/455] TVHP
[10:18:37] [335/455] KVCS
[10:18:38] [336/455] CBMC
[10:18:39] [337/455] MAYJ
[10:18:40] [338/455] INPR
[10:18:42] [339/455] RSSC
[10:18:43] [340/455] PCAN
[10:18:43] 🔄 Identity reset
[10:18:44] 🔄 Identity rotated (every 10 requests)
[10:18:44] [341/455] PVHR
[10:18:46] [342/455] AGSM
[10:18:47] [343/455] PVES
[10:18:47] [344/455] INTO
[10:18:48] [345/455] ACON
[10:18:49] [346/455] PVPZ
[10:18:51] [347/455] PVHC
[10:18:52] [348/455] KSTK
[10:18:53] [349/455] PVSR
[10:18:54] [350/455] ACTN
[10:18:54] 🔄 Identity reset
[10:18:54] 🔄 Identity rotated (every 10 requests)
[10:18:55] [351/455] FMCN
[10:18:56] [352/455] PABC
[10:18:57] [353/455] SUTC
[10:18:58] [354/455] PGMV
[10:18:59] [355/455] GKCP
[10:19:00] [356/455] INCH
[10:19:00] [357/455] MLMT
[10:19:01] [358/455] SSCC
[10:19:02] [359/455] SLMP
[10:19:03] [360/455] VVTN
[10:19:04] 🔄 Identity reset
[10:19:04] 🔄 Identity rotated (every 10 requests)
[10:19:04] [361/455] SBTR
[10:19:05] [362/455] PGRA
[10:19:06] [363/455] PBRM
[10:19:07] [364/455] GCRP
[10:19:08] [365/455] MCSK
[10:19:10] [366/455] NLTC
[10:19:11] [367/455] MTLM
[10:19:12] [368/455] VECT
[10:19:13] [369/455] KMRM
[10:19:14] [370/455] RACM
[10:19:14] 🔄 Identity reset
[10:19:14] 🔄 Identity rotated (every 10 requests)
[10:19:15] [371/455] WSTC
[10:19:16] [372/455] PVTJ
[10:19:16] [373/455] MMKC
[10:19:17] [374/455] SVWT
[10:19:18] [375/455] JOTG
[10:19:19] [376/455] VCDK
[10:19:20] [377/455] ANAC
[10:19:21] [378/455] GRTC
[10:19:22] [379/455] JTPL
[10:19:23] [380/455] VRCP
[10:19:23] 🔄 Identity reset
[10:19:23] 🔄 Identity rotated (every 10 requests)
[10:19:24] [381/455] REMC
[10:19:25] [382/455] ATMG
[10:19:25] [383/455] GAHC
[10:19:27] [384/455] JTMV
[10:19:28] [385/455] OMTT
[10:19:28] [386/455] GKKC
[10:19:29] [387/455] BBPO
[10:19:30] [388/455] ZCBB
[10:19:32] [389/455] DCGO
[10:19:33] [390/455] STOP
[10:19:33] 🔄 Identity reset
[10:19:33] 🔄 Identity rotated (every 10 requests)
[10:19:34] [391/455] BSPC
[10:19:35] [392/455] SOND
[10:19:35] [393/455] GCKG
[10:19:36] [394/455] PCDB
[10:19:37] [395/455] PGRC
[10:19:38] [396/455] CSCT
[10:19:39] [397/455] STDA
[10:19:40] [398/455] JAYD
[10:19:41] [399/455] PPPD
[10:19:42] [400/455] KRTT
[10:19:43] 🔄 Identity reset
[10:19:43] 🔄 Identity rotated (every 10 requests)
[10:19:43] [401/455] PTDT
[10:19:44] [402/455] TRSV
[10:19:46] [403/455] VELR
[10:19:47] [404/455] STDT
[10:19:48] [405/455] SATT
[10:19:49] [406/455] KCPM
[10:19:50] [407/455] MFCP
[10:19:51] [408/455] AXMP
[10:19:52] [409/455] LTVB
[10:19:52] [410/455] APST
[10:19:53] 🔄 Identity reset
[10:19:53] 🔄 Identity rotated (every 10 requests)
[10:19:53] [411/455] DTVP
[10:19:54] [412/455] AAVB
[10:19:55] [413/455] PMBL
[10:19:56] [414/455] STKC
[10:19:57] [415/455] KKMA
[10:19:58] [416/455] NMXS
[10:19:59] [417/455] DECX
[10:20:00] [418/455] MAPJ
[10:20:01] [419/455] SMLK
[10:20:02] [420/455] PMPU
[10:20:03] 🔄 Identity reset
[10:20:03] 🔄 Identity rotated (every 10 requests)
[10:20:03] [421/455] AFST
[10:20:04] [422/455] SRSY
[10:20:05] [423/455] RMKT
[10:20:06] [424/455] RAJX
[10:20:07] [425/455] UVCD
[10:20:08] [426/455] LISA
[10:20:09] [427/455] LMSR
[10:20:10] [428/455] PMCA
[10:20:11] [429/455] INPO
[10:20:12] [430/455] INGO
[10:20:12] 🔄 Identity reset
[10:20:12] 🔄 Identity rotated (every 10 requests)
[10:20:12] 🔄 Retry 1/5 for INGO in 2.6s
[10:20:12] 🔄 Identity reset
[10:20:15] 🧠 New identity created
[10:20:15] [431/455] HFSQ
[10:20:17] [432/455] INMG
[10:20:18] [433/455] NYCP
[10:20:19] [434/455] HFSV
[10:20:20] [435/455] MMZP
[10:20:21] [436/455] KSES
[10:20:21] [437/455] HFSA
[10:20:22] [438/455] ACMM
[10:20:23] [439/455] RCKD
[10:20:24] 🔄 Identity reset
[10:20:24] 🔄 Identity rotated (every 10 requests)
[10:20:24] [440/455] BCKR
[10:20:25] [441/455] SFCO
[10:20:26] [442/455] JCCB
[10:20:27] [443/455] BCCR
[10:20:28] [444/455] NWCB
[10:20:29] [445/455] SAMT
[10:20:30] [446/455] TMST
[10:20:31] [447/455] SJCN
[10:20:32] [448/455] MCBS
[10:20:34] [449/455] CMKR
[10:20:34] 🔄 Identity reset
[10:20:34] 🔄 Identity rotated (every 10 requests)
[10:20:35] [450/455] INPM
[10:20:35] [451/455] WVMT
[10:20:37] [452/455] NYSM
[10:20:39] [453/455] RCMA
[10:20:40] [454/455] RECM
[10:20:41] [455/455] CYCM
[10:20:41] 🧹 Deduping shows
[10:20:41] ✅ DONE | Shows=34 | Movies=6
[04:58:57] 🚀 SCRIPT STARTED (enhanced anti‑detection)
[04:58:57] [1/455] MXGN
[04:58:58] 🧠 New identity created
[04:58:58] [2/455] PGGM
[04:58:59] [3/455] IPMJ
[04:59:00] [4/455] M2PP
[04:59:01] [5/455] PMMS
[04:59:02] [6/455] SCJN
[04:59:03] [7/455] CPUM
[04:59:03] [8/455] SCND
[04:59:04] [9/455] INWM
[04:59:05] [10/455] DVDC
[04:59:05] 🔄 Identity reset
[04:59:05] 🔄 Identity rotated (every 10 requests)
[04:59:06] [11/455] WVND
[04:59:07] [12/455] LBDL
[04:59:07] [13/455] CRGM
[04:59:08] [14/455] PVKS
[04:59:09] [15/455] PBLL
[04:59:10] [16/455] FNLN
[04:59:11] [17/455] PPDA
[04:59:12] [18/455] SCPT
[04:59:13] [19/455] IAJS
[04:59:14] [20/455] MMZG
[04:59:14] 🔄 Identity reset
[04:59:14] 🔄 Identity rotated (every 10 requests)
[04:59:14] 🔄 Retry 1/5 for MMZG in 2.8s
[04:59:14] 🔄 Identity reset
[04:59:17] 🧠 New identity created
[04:59:18] [21/455] MCTI
[04:59:19] [22/455] PPMF
[04:59:20] [23/455] FNSD
[04:59:21] [24/455] M2RH
[04:59:22] [25/455] CPGV
[04:59:22] [26/455] PECD
[04:59:23] [27/455] CTEE
[04:59:24] [28/455] IOMG
[04:59:26] [29/455] CIJA
[04:59:27] 🔄 Identity reset
[04:59:27] 🔄 Identity rotated (every 10 requests)
[04:59:27] [30/455] NYCG
[04:59:28] [31/455] CEST
[04:59:28] [32/455] WVRG
[04:59:29] [33/455] DPDC
[04:59:30] [34/455] PDIV
[04:59:31] [35/455] MTPP
[04:59:32] [36/455] MHNU
[04:59:33] [37/455] WUPG
[04:59:34] [38/455] USCO
[04:59:34] [39/455] INFR
[04:59:35] 🔄 Identity reset
[04:59:35] 🔄 Identity rotated (every 10 requests)
[04:59:35] [40/455] PVPD
[04:59:36] [41/455] RONC
[04:59:37] [42/455] IOCP
[04:59:38] [43/455] EMPS
[04:59:39] [44/455] PNAD
[04:59:40] [45/455] VVGZ
[04:59:40] [46/455] MDDC
[04:59:41] [47/455] MMAP
[04:59:42] [48/455] GPDC
[04:59:43] [49/455] PVPU
[04:59:43] 🔄 Identity reset
[04:59:43] 🔄 Identity rotated (every 10 requests)
[04:59:43] 🔄 Retry 1/5 for PVPU in 2.8s
[04:59:43] 🔄 Identity reset
[04:59:46] 🧠 New identity created
[04:59:46] 🔄 Retry 2/5 for PVPU in 4.5s
[04:59:46] 🔄 Identity reset
[04:59:51] 🧠 New identity created
[04:59:51] [50/455] DCMV
[04:59:52] [51/455] PCCF
[04:59:53] [52/455] MCEF
[04:59:54] [53/455] INRD
[04:59:55] [54/455] CCPZ
[04:59:56] [55/455] BCWG
[04:59:57] [56/455] PMGU
[04:59:58] [57/455] MCVM
[04:59:59] 🔄 Identity reset
[04:59:59] 🔄 Identity rotated (every 10 requests)
[04:59:59] [58/455] MCDE
[05:00:00] [59/455] IEFM
[05:00:01] [60/455] MXCS
[05:00:02] [61/455] RNMT
[05:00:03] [62/455] PSDD
[05:00:04] [63/455] PETA
[05:00:05] [64/455] IZOP
[05:00:06] [65/455] PDEI
[05:00:07] [66/455] MTND
[05:00:08] [67/455] PCPL
[05:00:09] 🔄 Identity reset
[05:00:09] 🔄 Identity rotated (every 10 requests)
[05:00:09] [68/455] LSCM
[05:00:10] [69/455] BTFD
[05:00:10] [70/455] MERM
[05:00:11] [71/455] PVMS
[05:00:12] [72/455] CIGK
[05:00:13] [73/455] INSG
[05:00:14] [74/455] IDEN
[05:00:15] [75/455] MCGN
[05:00:16] [76/455] IGAM
[05:00:17] [77/455] SLCU
[05:00:18] 🔄 Identity reset
[05:00:18] 🔄 Identity rotated (every 10 requests)
[05:00:18] [78/455] MIMU
[05:00:19] [79/455] QLAC
[05:00:20] [80/455] MENL
[05:00:21] [81/455] SCUR
[05:00:22] [82/455] MDGD
[05:00:23] [83/455] LSRS
[05:00:24] [84/455] KMLG
[05:00:25] [85/455] MKLJ
[05:00:26] [86/455] IBYG
[05:00:27] [87/455] ISML
[05:00:28] 🔄 Identity reset
[05:00:28] 🔄 Identity rotated (every 10 requests)
[05:00:28] [88/455] MJMM
[05:00:29] [89/455] RCGD
[05:00:30] [90/455] MMOC
[05:00:31] [91/455] RRCO
[05:00:32] [92/455] MEDM
[05:00:33] [93/455] MCAZ
[05:00:34] [94/455] STWA
[05:00:35] [95/455] PFFG
[05:00:35] [96/455] GAGC
[05:00:36] [97/455] PMPM
[05:00:37] 🔄 Identity reset
[05:00:37] 🔄 Identity rotated (every 10 requests)
[05:00:37] [98/455] HVCD
[05:00:38] [99/455] AKRF
[05:00:39] [100/455] AKRC
[05:00:40] [101/455] MIDA
[05:00:41] [102/455] MAGX
[05:00:41] [103/455] ESOS
[05:00:42] [104/455] BBCL
[05:00:43] [105/455] LYAS
[05:00:44] [106/455] NRMS
[05:00:45] [107/455] BHUC
[05:00:45] 🔄 Identity reset
[05:00:45] 🔄 Identity rotated (every 10 requests)
[05:00:45] 🔄 Retry 1/5 for BHUC in 2.9s
[05:00:45] 🔄 Identity reset
[05:00:48] 🧠 New identity created
[05:00:48] 🔄 Retry 2/5 for BHUC in 4.1s
[05:00:48] 🔄 Identity reset
[05:00:53] 🧠 New identity created
[05:00:53] 🔄 Retry 3/5 for BHUC in 8.6s
[05:00:53] 🔄 Identity reset
[05:01:01] 🧠 New identity created
[05:01:02] [108/455] SRIC
[05:01:03] [109/455] PDME
[05:01:04] [110/455] MJCS
[05:01:05] [111/455] NRAA
[05:01:06] [112/455] VATA
[05:01:07] [113/455] MNKC
[05:01:08] [114/455] DHCL
[05:01:08] 🔄 Identity reset
[05:01:08] 🔄 Identity rotated (every 10 requests)
[05:01:09] [115/455] JCPC
[05:01:09] [116/455] CTML
[05:01:10] [117/455] RMMR
[05:01:11] [118/455] STTL
[05:01:12] [119/455] CNPS
[05:01:13] [120/455] ACKL
[05:01:14] [121/455] SCAU
[05:01:16] [122/455] RMIA
[05:01:17] [123/455] MANU
[05:01:18] [124/455] ARDC
[05:01:18] 🔄 Identity reset
[05:01:18] 🔄 Identity rotated (every 10 requests)
[05:01:19] [125/455] GLDA
[05:01:20] [126/455] KVSW
[05:01:21] [127/455] CGCA
[05:01:22] [128/455] CMLO
[05:01:23] [129/455] CECB
[05:01:23] [130/455] RCPN
[05:01:24] [131/455] ASMW
[05:01:25] [132/455] PWLM
[05:01:26] [133/455] ASGM
[05:01:27] [134/455] ACWH
[05:01:27] 🔄 Identity reset
[05:01:27] 🔄 Identity rotated (every 10 requests)
[05:01:27] 🔄 Retry 1/5 for ACWH in 2.2s
[05:01:27] 🔄 Identity reset
[05:01:29] 🧠 New identity created
[05:01:30] [135/455] AAPW
[05:01:30] [136/455] RTWA
[05:01:31] [137/455] RAMW
[05:01:32] [138/455] VKTR
[05:01:33] [139/455] SMBH
[05:01:34] [140/455] BVDR
[05:01:35] [141/455] MRTP
[05:01:36] [142/455] BLBR
[05:01:37] [143/455] LPIN
[05:01:37] 🔄 Identity reset
[05:01:37] 🔄 Identity rotated (every 10 requests)
[05:01:38] [144/455] SNPC
[05:01:39] [145/455] PDCB
[05:01:39] [146/455] DYPK
[05:01:40] [147/455] INMK
[05:01:41] [148/455] PDCK
[05:01:42] [149/455] PCKR
[05:01:43] [150/455] SHUA
[05:01:43] [151/455] SCVK
[05:01:44] [152/455] STPA
[05:01:45] [153/455] WVHD
[05:01:46] 🔄 Identity reset
[05:01:46] 🔄 Identity rotated (every 10 requests)
[05:01:46] 🔄 Retry 1/5 for WVHD in 2.6s
[05:01:46] 🔄 Identity reset
[05:01:48] 🧠 New identity created
[05:01:49] [154/455] MRCH
[05:01:49] [155/455] MCNP
[05:01:50] [156/455] RCAG
[05:01:51] [157/455] JTSN
[05:01:52] [158/455] AANS
[05:01:53] [159/455] GDDR
[05:01:53] [160/455] SRER
[05:01:55] [161/455] JKMA
[05:01:56] [162/455] ARAN
[05:01:56] 🔄 Identity reset
[05:01:56] 🔄 Identity rotated (every 10 requests)
[05:01:57] [163/455] ALCT
[05:01:57] [164/455] CCTA
[05:01:58] [165/455] CNCT
[05:01:59] [166/455] NZBL
[05:02:00] [167/455] SRRA
[05:02:01] [168/455] SVPW
[05:02:02] [169/455] SRTW
[05:02:03] [170/455] XMTD
[05:02:04] [171/455] SCCZ
[05:02:05] [172/455] PBCR
[05:02:05] 🔄 Identity reset
[05:02:05] 🔄 Identity rotated (every 10 requests)
[05:02:06] [173/455] RTSC
[05:02:07] [174/455] TLSV
[05:02:08] [175/455] RMTK
[05:02:09] [176/455] SRAT
[05:02:10] [177/455] GCYC
[05:02:11] [178/455] HCAJ
[05:02:12] [179/455] LCXA
[05:02:13] [180/455] BINT
[05:02:14] [181/455] IXIM
[05:02:14] [182/455] MBCR
[05:02:15] 🔄 Identity reset
[05:02:15] 🔄 Identity rotated (every 10 requests)
[05:02:15] 🔄 Retry 1/5 for MBCR in 2.2s
[05:02:15] 🔄 Identity reset
[05:02:17] 🧠 New identity created
[05:02:17] 🔄 Retry 2/5 for MBCR in 4.3s
[05:02:17] 🔄 Identity reset
[05:02:22] 🧠 New identity created
[05:02:22] 🔄 Retry 3/5 for MBCR in 8.5s
[05:02:22] 🔄 Identity reset
[05:02:30] 🧠 New identity created
[05:02:31] [183/455] BMCJ
[05:02:32] [184/455] NICJ
[05:02:32] [185/455] SCAJ
[05:02:33] [186/455] CMXS
[05:02:34] [187/455] MMSR
[05:02:35] [188/455] PRKT
[05:02:36] [189/455] LPTH
[05:02:36] 🔄 Identity reset
[05:02:36] 🔄 Identity rotated (every 10 requests)
[05:02:37] [190/455] SARP
[05:02:37] [191/455] MNPP
[05:02:38] [192/455] PRLR
[05:02:39] [193/455] RCMW
[05:02:40] [194/455] FCMG
[05:02:41] [195/455] RTNK
[05:02:41] [196/455] LRCP
[05:02:42] [197/455] DBJR
[05:02:43] [198/455] CACN
[05:02:44] [199/455] AMRL
[05:02:44] 🔄 Identity reset
[05:02:44] 🔄 Identity rotated (every 10 requests)
[05:02:45] [200/455] SBBC
[05:02:46] [201/455] VENN
[05:02:46] [202/455] STSS
[05:02:47] [203/455] SMRB
[05:02:48] [204/455] CCMX
[05:02:49] [205/455] KCMR
[05:02:50] [206/455] SALH
[05:02:51] [207/455] CGTT
[05:02:51] [208/455] PMDR
[05:02:52] [209/455] VCPM
[05:02:53] 🔄 Identity reset
[05:02:53] 🔄 Identity rotated (every 10 requests)
[05:02:53] [210/455] RZMX
[05:02:54] [211/455] TMSY
[05:02:55] [212/455] NTMS
[05:02:56] [213/455] VTAG
[05:02:56] [214/455] REMA
[05:02:58] [215/455] NXCC
[05:02:59] [216/455] SKYM
[05:03:00] [217/455] CCMO
[05:03:00] [218/455] DMXM
[05:03:02] [219/455] SPPM
[05:03:03] 🔄 Identity reset
[05:03:03] 🔄 Identity rotated (every 10 requests)
[05:03:03] 🔄 Retry 1/5 for SPPM in 2.2s
[05:03:03] 🔄 Identity reset
[05:03:05] 🧠 New identity created
[05:03:05] 🔄 Retry 2/5 for SPPM in 5.0s
[05:03:05] 🔄 Identity reset
[05:03:10] 🧠 New identity created
[05:03:10] 🔄 Retry 3/5 for SPPM in 8.9s
[05:03:10] 🔄 Identity reset
[05:03:19] 🧠 New identity created
[05:03:19] 🔄 Retry 4/5 for SPPM in 16.4s
[05:03:19] 🔄 Identity reset
[05:03:35] 🧠 New identity created
[05:03:36] [220/455] PTKL
[05:03:37] [221/455] SLVO
[05:03:38] [222/455] VASL
[05:03:39] [223/455] CBCM
[05:03:40] [224/455] STMA
[05:03:40] [225/455] LASK
[05:03:41] 🔄 Identity reset
[05:03:41] 🔄 Identity rotated (every 10 requests)
[05:03:42] [226/455] VITE
[05:03:42] [227/455] AAST
[05:03:43] [228/455] JTPT
[05:03:44] [229/455] RRSH
[05:03:45] [230/455] CINL
[05:03:46] [231/455] MCSR
[05:03:47] [232/455] SBCF
[05:03:48] [233/455] GCDU
[05:03:49] [234/455] PSPR
[05:03:50] [235/455] IMMO
[05:03:50] 🔄 Identity reset
[05:03:50] 🔄 Identity rotated (every 10 requests)
[05:03:50] 🔄 Retry 1/5 for IMMO in 2.4s
[05:03:50] 🔄 Identity reset
[05:03:53] 🧠 New identity created
[05:03:53] [236/455] CLGM
[05:03:54] [237/455] PBMM
[05:03:55] [238/455] CEHR
[05:03:56] [239/455] CPOE
[05:03:56] [240/455] PGFD
[05:03:57] [241/455] PSLC
[05:03:58] [242/455] MSMD
[05:03:59] [243/455] FMFB
[05:04:00] [244/455] RKCL
[05:04:00] 🔄 Identity reset
[05:04:00] 🔄 Identity rotated (every 10 requests)
[05:04:01] [245/455] PMMC
[05:04:02] [246/455] SKMM
[05:04:03] [247/455] VOIB
[05:04:04] [248/455] KINO
[05:04:05] [249/455] VCTP
[05:04:06] [250/455] PDWR
[05:04:06] [251/455] SAED
[05:04:07] [252/455] SRRT
[05:04:08] [253/455] CVLG
[05:04:09] [254/455] SNGN
[05:04:10] 🔄 Identity reset
[05:04:10] 🔄 Identity rotated (every 10 requests)
[05:04:10] 🔄 Retry 1/5 for SNGN in 2.4s
[05:04:10] 🔄 Identity reset
[05:04:12] 🧠 New identity created
[05:04:12] [255/455] SIDA
[05:04:13] [256/455] IMCB
[05:04:14] [257/455] SMHP
[05:04:15] [258/455] GDTY
[05:04:16] [259/455] VYCH
[05:04:17] [260/455] PDYA
[05:04:18] [261/455] RKDO
[05:04:19] [262/455] VECG
[05:04:19] [263/455] NFGD
[05:04:20] 🔄 Identity reset
[05:04:20] 🔄 Identity rotated (every 10 requests)
[05:04:21] [264/455] SNDC
[05:04:21] [265/455] SDJH
[05:04:22] [266/455] HASV
[05:04:23] [267/455] PTYK
[05:04:24] [268/455] MUTB
[05:04:25] [269/455] AMRT
[05:04:26] [270/455] VACD
[05:04:27] [271/455] SKDD
[05:04:28] [272/455] STGR
[05:04:29] [273/455] GDAK
[05:04:29] 🔄 Identity reset
[05:04:29] 🔄 Identity rotated (every 10 requests)
[05:04:29] 🔄 Retry 1/5 for GDAK in 2.1s
[05:04:29] 🔄 Identity reset
[05:04:32] 🧠 New identity created
[05:04:33] [274/455] SKHK
[05:04:33] [275/455] SLND
[05:04:34] [276/455] APAP
[05:04:35] [277/455] AYYA
[05:04:36] [278/455] VCCZ
[05:04:37] [279/455] MEML
[05:04:38] [280/455] MAOU
[05:04:39] [281/455] ESND
[05:04:40] [282/455] PTBZ
[05:04:40] 🔄 Identity reset
[05:04:40] 🔄 Identity rotated (every 10 requests)
[05:04:41] [283/455] LBCN
[05:04:41] [284/455] PAWA
[05:04:42] [285/455] ZEIC
[05:04:43] [286/455] CGMM
[05:04:45] [287/455] PJPM
[05:04:45] [288/455] ECMR
[05:04:46] [289/455] SHMZ
[05:04:47] [290/455] STCA
[05:04:48] [291/455] VDRC
[05:04:49] [292/455] SEEM
[05:04:49] 🔄 Identity reset
[05:04:49] 🔄 Identity rotated (every 10 requests)
[05:04:50] [293/455] MKNS
[05:04:50] [294/455] KPPP
[05:04:51] [295/455] CCML
[05:04:52] [296/455] CIBA
[05:04:53] [297/455] NACS
[05:04:54] [298/455] CTMK
[05:04:55] [299/455] CTCT
[05:04:56] [300/455] MCSN
[05:04:57] [301/455] MAXX
[05:04:58] [302/455] MECB
[05:04:59] 🔄 Identity reset
[05:04:59] 🔄 Identity rotated (every 10 requests)
[05:04:59] [303/455] NTBY
[05:05:00] [304/455] UTBI
[05:05:02] [305/455] RADK
[05:05:02] [306/455] STBY
[05:05:03] [307/455] GTBY
[05:05:04] [308/455] RRMB
[05:05:05] [309/455] ABRN
[05:05:06] [310/455] GTSG
[05:05:07] [311/455] GBTG
[05:05:07] [312/455] SBGS
[05:05:08] 🔄 Identity reset
[05:05:08] 🔄 Identity rotated (every 10 requests)
[05:05:08] [313/455] KBPM
[05:05:09] [314/455] SMHT
[05:05:11] [315/455] VTDM
[05:05:12] [316/455] ASCT
[05:05:13] [317/455] AWCT
[05:05:13] [318/455] DCCU
[05:05:14] [319/455] PSCE
[05:05:15] [320/455] KSNY
[05:05:16] [321/455] ACID
[05:05:17] [322/455] LVCD
[05:05:17] 🔄 Identity reset
[05:05:17] 🔄 Identity rotated (every 10 requests)
[05:05:18] [323/455] KSSB
[05:05:19] [324/455] SWTD
[05:05:19] [325/455] RBMR
[05:05:20] [326/455] SCBC
[05:05:21] [327/455] RKME
[05:05:22] [328/455] GALX
[05:05:23] [329/455] GCCH
[05:05:24] [330/455] RATR
[05:05:25] [331/455] GTGA
[05:05:25] [332/455] LTTR
[05:05:26] 🔄 Identity reset
[05:05:26] 🔄 Identity rotated (every 10 requests)
[05:05:26] [333/455] TTAA
[05:05:27] [334/455] TVHP
[05:05:28] [335/455] KVCS
[05:05:29] [336/455] CBMC
[05:05:30] [337/455] MAYJ
[05:05:31] [338/455] INPR
[05:05:32] [339/455] RSSC
[05:05:33] [340/455] PCAN
[05:05:34] [341/455] PVHR
[05:05:35] [342/455] AGSM
[05:05:36] 🔄 Identity reset
[05:05:36] 🔄 Identity rotated (every 10 requests)
[05:05:36] [343/455] PVES
[05:05:37] [344/455] INTO
[05:05:38] [345/455] ACON
[05:05:38] [346/455] PVPZ
[05:05:39] [347/455] PVHC
[05:05:40] [348/455] KSTK
[05:05:41] [349/455] PVSR
[05:05:41] [350/455] ACTN
[05:05:43] [351/455] FMCN
[05:05:44] [352/455] PABC
[05:05:45] 🔄 Identity reset
[05:05:45] 🔄 Identity rotated (every 10 requests)
[05:05:45] [353/455] SUTC
[05:05:46] [354/455] PGMV
[05:05:47] [355/455] GKCP
[05:05:48] [356/455] INCH
[05:05:49] [357/455] MLMT
[05:05:50] [358/455] SSCC
[05:05:51] [359/455] SLMP
[05:05:52] [360/455] VVTN
[05:05:53] [361/455] SBTR
[05:05:54] [362/455] PGRA
[05:05:54] 🔄 Identity reset
[05:05:55] 🔄 Identity rotated (every 10 requests)
[05:05:55] [363/455] PBRM
[05:05:56] [364/455] GCRP
[05:05:56] [365/455] MCSK
[05:05:57] [366/455] NLTC
[05:05:58] [367/455] MTLM
[05:05:59] [368/455] VECT
[05:06:00] [369/455] KMRM
[05:06:01] [370/455] RACM
[05:06:01] [371/455] WSTC
[05:06:02] [372/455] PVTJ
[05:06:03] 🔄 Identity reset
[05:06:03] 🔄 Identity rotated (every 10 requests)
[05:06:03] [373/455] MMKC
[05:06:04] [374/455] SVWT
[05:06:05] [375/455] JOTG
[05:06:06] [376/455] VCDK
[05:06:06] [377/455] ANAC
[05:06:08] [378/455] GRTC
[05:06:09] [379/455] JTPL
[05:06:10] [380/455] VRCP
[05:06:10] [381/455] REMC
[05:06:11] [382/455] ATMG
[05:06:12] 🔄 Identity reset
[05:06:12] 🔄 Identity rotated (every 10 requests)
[05:06:12] [383/455] GAHC
[05:06:13] [384/455] JTMV
[05:06:14] [385/455] OMTT
[05:06:14] [386/455] GKKC
[05:06:15] [387/455] BBPO
[05:06:16] [388/455] ZCBB
[05:06:17] [389/455] DCGO
[05:06:18] [390/455] STOP
[05:06:19] [391/455] BSPC
[05:06:20] [392/455] SOND
[05:06:21] 🔄 Identity reset
[05:06:21] 🔄 Identity rotated (every 10 requests)
[05:06:21] 🔄 Retry 1/5 for SOND in 2.5s
[05:06:21] 🔄 Identity reset
[05:06:23] 🧠 New identity created
[05:06:24] [393/455] GCKG
[05:06:24] [394/455] PCDB
[05:06:25] [395/455] PGRC
[05:06:26] [396/455] CSCT
[05:06:27] [397/455] STDA
[05:06:28] [398/455] JAYD
[05:06:29] [399/455] PPPD
[05:06:30] [400/455] KRTT
[05:06:32] [401/455] PTDT
[05:06:32] 🔄 Identity reset
[05:06:32] 🔄 Identity rotated (every 10 requests)
[05:06:32] [402/455] TRSV
[05:06:33] [403/455] VELR
[05:06:34] [404/455] STDT
[05:06:35] [405/455] SATT
[05:06:36] [406/455] KCPM
[05:06:37] [407/455] MFCP
[05:06:38] [408/455] AXMP
[05:06:39] [409/455] LTVB
[05:06:40] [410/455] APST
[05:06:41] [411/455] DTVP
[05:06:42] 🔄 Identity reset
[05:06:42] 🔄 Identity rotated (every 10 requests)
[05:06:42] [412/455] AAVB
[05:06:43] [413/455] PMBL
[05:06:44] [414/455] STKC
[05:06:45] [415/455] KKMA
[05:06:45] [416/455] NMXS
[05:06:46] [417/455] DECX
[05:06:47] [418/455] MAPJ
[05:06:48] [419/455] SMLK
[05:06:50] [420/455] PMPU
[05:06:50] [421/455] AFST
[05:06:51] 🔄 Identity reset
[05:06:51] 🔄 Identity rotated (every 10 requests)
[05:06:51] [422/455] SRSY
[05:06:52] [423/455] RMKT
[05:06:53] [424/455] RAJX
[05:06:54] [425/455] UVCD
[05:06:55] [426/455] LISA
[05:06:56] [427/455] LMSR
[05:06:56] [428/455] PMCA
[05:06:57] [429/455] INPO
[05:06:58] [430/455] INGO
[05:06:59] [431/455] HFSQ
[05:06:59] 🔄 Identity reset
[05:06:59] 🔄 Identity rotated (every 10 requests)
[05:06:59] 🔄 Retry 1/5 for HFSQ in 2.8s
[05:06:59] 🔄 Identity reset
[05:07:02] 🧠 New identity created
[05:07:02] [432/455] INMG
[05:07:03] [433/455] NYCP
[05:07:04] [434/455] HFSV
[05:07:05] [435/455] MMZP
[05:07:06] [436/455] KSES
[05:07:07] [437/455] HFSA
[05:07:07] [438/455] ACMM
[05:07:08] [439/455] RCKD
[05:07:09] [440/455] BCKR
[05:07:10] 🔄 Identity reset
[05:07:10] 🔄 Identity rotated (every 10 requests)
[05:07:10] 🔄 Retry 1/5 for BCKR in 2.0s
[05:07:10] 🔄 Identity reset
[05:07:12] 🧠 New identity created
[05:07:12] [441/455] SFCO
[05:07:13] [442/455] JCCB
[05:07:14] [443/455] BCCR
[05:07:15] [444/455] NWCB
[05:07:16] [445/455] SAMT
[05:07:16] [446/455] TMST
[05:07:17] [447/455] SJCN
[05:07:18] [448/455] MCBS
[05:07:19] [449/455] CMKR
[05:07:20] 🔄 Identity reset
[05:07:20] 🔄 Identity rotated (every 10 requests)
[05:07:20] [450/455] INPM
[05:07:21] [451/455] WVMT
[05:07:22] [452/455] NYSM
[05:07:22] [453/455] RCMA
[05:07:23] [454/455] RECM
[05:07:24] [455/455] CYCM
[05:07:25] 🧹 Deduping shows
[05:07:25] ✅ DONE | Shows=233 | Movies=21
[12:25:58] 🚀 SCRIPT STARTED (enhanced anti‑detection)
[12:25:58] [1/455] MXGN
[12:25:58] 🧠 New identity created
[12:25:58] 🔄 Retry 1/5 for MXGN in 2.5s
[12:25:58] 🔄 Identity reset
[12:26:01] 🧠 New identity created
[12:26:01] 🔄 Retry 2/5 for MXGN in 4.6s
[12:26:01] 🔄 Identity reset
[12:26:06] 🧠 New identity created
[12:26:06] [2/455] PGGM
[12:26:07] [3/455] IPMJ
[12:26:08] [4/455] M2PP
[12:26:09] [5/455] PMMS
[12:26:09] [6/455] SCJN
[12:26:10] [7/455] CPUM
[12:26:11] [8/455] SCND
[12:26:12] 🔄 Identity reset
[12:26:12] 🔄 Identity rotated (every 10 requests)
[12:26:13] [9/455] INWM
[12:26:14] [10/455] DVDC
[12:26:15] [11/455] WVND
[12:26:15] [12/455] LBDL
[12:26:16] [13/455] CRGM
[12:26:17] [14/455] PVKS
[12:26:19] [15/455] PBLL
[12:26:20] [16/455] FNLN
[12:26:20] [17/455] PPDA
[12:26:21] [18/455] SCPT
[12:26:22] 🔄 Identity reset
[12:26:22] 🔄 Identity rotated (every 10 requests)
[12:26:22] 🔄 Retry 1/5 for SCPT in 2.5s
[12:26:22] 🔄 Identity reset
[12:26:24] 🧠 New identity created
[12:26:25] [19/455] IAJS
[12:26:26] [20/455] MMZG
[12:26:27] [21/455] MCTI
[12:26:27] [22/455] PPMF
[12:26:28] [23/455] FNSD
[12:26:29] [24/455] M2RH
[12:26:30] [25/455] CPGV
[12:26:31] [26/455] PECD
[12:26:32] [27/455] CTEE
[12:26:32] 🔄 Identity reset
[12:26:32] 🔄 Identity rotated (every 10 requests)
[12:26:33] [28/455] IOMG
[12:26:34] [29/455] CIJA
[12:26:35] [30/455] NYCG
[12:26:36] [31/455] CEST
[12:26:37] [32/455] WVRG
[12:26:37] [33/455] DPDC
[12:26:38] [34/455] PDIV
[12:26:39] [35/455] MTPP
[12:26:40] [36/455] MHNU
[12:26:41] [37/455] WUPG
[12:26:41] 🔄 Identity reset
[12:26:41] 🔄 Identity rotated (every 10 requests)
[12:26:42] [38/455] USCO
[12:26:43] [39/455] INFR
[12:26:44] [40/455] PVPD
[12:26:45] [41/455] RONC
[12:26:46] [42/455] IOCP
[12:26:47] [43/455] EMPS
[12:26:48] [44/455] PNAD
[12:26:49] [45/455] VVGZ
[12:26:49] [46/455] MDDC
[12:26:50] [47/455] MMAP
[12:26:51] 🔄 Identity reset
[12:26:51] 🔄 Identity rotated (every 10 requests)
[12:26:51] 🔄 Retry 1/5 for MMAP in 2.4s
[12:26:51] 🔄 Identity reset
[12:26:54] 🧠 New identity created
[12:26:54] 🔄 Retry 2/5 for MMAP in 4.7s
[12:26:54] 🔄 Identity reset
[12:26:58] 🧠 New identity created
[12:26:58] 🔄 Retry 3/5 for MMAP in 8.5s
[12:26:58] 🔄 Identity reset
[12:27:07] 🧠 New identity created
[12:27:07] 🔄 Retry 4/5 for MMAP in 16.8s
[12:27:07] 🔄 Identity reset
[12:27:24] 🧠 New identity created
[12:27:24] ❌ MMAP failed after 5 attempts
[12:27:24] 🔄 Identity reset
[12:27:24] ❌ MMAP final failure | RuntimeError | HTTP 403
[12:27:24] [48/455] GPDC
[12:27:25] 🧠 New identity created
[12:27:25] 🔄 Retry 1/5 for GPDC in 2.3s
[12:27:25] 🔄 Identity reset
[12:27:27] 🧠 New identity created
[12:27:28] [49/455] PVPU
[12:27:29] [50/455] DCMV
[12:27:30] [51/455] PCCF
[12:27:31] [52/455] MCEF
[12:27:32] 🔄 Identity reset
[12:27:32] 🔄 Identity rotated (every 10 requests)
[12:27:32] 🔄 Retry 1/5 for MCEF in 2.9s
[12:27:32] 🔄 Identity reset
[12:27:35] 🧠 New identity created
[12:27:35] [53/455] INRD
[12:27:36] [54/455] CCPZ
[12:27:37] [55/455] BCWG
[12:27:38] [56/455] PMGU
[12:27:38] [57/455] MCVM
[12:27:39] [58/455] MCDE
[12:27:41] [59/455] IEFM
[12:27:42] [60/455] MXCS
[12:27:43] [61/455] RNMT
[12:27:43] 🔄 Identity reset
[12:27:43] 🔄 Identity rotated (every 10 requests)
[12:27:44] [62/455] PSDD
[12:27:45] [63/455] PETA
[12:27:46] [64/455] IZOP
[12:27:47] [65/455] PDEI
[12:27:48] [66/455] MTND
[12:27:49] [67/455] PCPL
[12:27:50] [68/455] LSCM
[12:27:50] [69/455] BTFD
[12:27:51] [70/455] MERM
[12:27:52] [71/455] PVMS
[12:27:53] 🔄 Identity reset
[12:27:53] 🔄 Identity rotated (every 10 requests)
[12:27:53] [72/455] CIGK
[12:27:54] [73/455] INSG
[12:27:55] [74/455] IDEN
[12:27:56] [75/455] MCGN
[12:27:57] [76/455] IGAM
[12:27:58] [77/455] SLCU
[12:27:59] [78/455] MIMU
[12:28:00] [79/455] QLAC
[12:28:01] [80/455] MENL
[12:28:02] [81/455] SCUR
[12:28:02] 🔄 Identity reset
[12:28:02] 🔄 Identity rotated (every 10 requests)
[12:28:03] [82/455] MDGD
[12:28:04] [83/455] LSRS
[12:28:05] [84/455] KMLG
[12:28:06] [85/455] MKLJ
[12:28:07] [86/455] IBYG
[12:28:08] [87/455] ISML
[12:28:09] [88/455] MJMM
[12:28:10] [89/455] RCGD
[12:28:10] [90/455] MMOC
[12:28:11] [91/455] RRCO
[12:28:12] 🔄 Identity reset
[12:28:12] 🔄 Identity rotated (every 10 requests)
[12:28:12] 🔄 Retry 1/5 for RRCO in 2.4s
[12:28:12] 🔄 Identity reset
[12:28:15] 🧠 New identity created
[12:28:15] [92/455] MEDM
[12:28:16] [93/455] MCAZ
[12:28:17] [94/455] STWA
[12:28:18] [95/455] PFFG
[12:28:19] [96/455] GAGC
[12:28:20] [97/455] PMPM
[12:28:21] [98/455] HVCD
[12:28:22] [99/455] AKRF
[12:28:23] [100/455] AKRC
[12:28:23] 🔄 Identity reset
[12:28:23] 🔄 Identity rotated (every 10 requests)
[12:28:23] 🔄 Retry 1/5 for AKRC in 2.0s
[12:28:23] 🔄 Identity reset
[12:28:25] 🧠 New identity created
[12:28:26] 🔄 Retry 2/5 for AKRC in 5.0s
[12:28:26] 🔄 Identity reset
[12:28:31] 🧠 New identity created
[12:28:31] [101/455] MIDA
[12:28:32] [102/455] MAGX
[12:28:33] [103/455] ESOS
[12:28:34] [104/455] BBCL
[12:28:35] [105/455] LYAS
[12:28:36] [106/455] NRMS
[12:28:37] [107/455] BHUC
[12:28:38] [108/455] SRIC
[12:28:39] 🔄 Identity reset
[12:28:39] 🔄 Identity rotated (every 10 requests)
[12:28:39] [109/455] PDME
[12:28:40] [110/455] MJCS
[12:28:41] [111/455] NRAA
[12:28:42] [112/455] VATA
[12:28:43] [113/455] MNKC
[12:28:44] [114/455] DHCL
[12:28:45] [115/455] JCPC
[12:28:46] [116/455] CTML
[12:28:47] [117/455] RMMR
[12:28:47] [118/455] STTL
[12:28:48] 🔄 Identity reset
[12:28:48] 🔄 Identity rotated (every 10 requests)
[12:28:48] 🔄 Retry 1/5 for STTL in 2.4s
[12:28:48] 🔄 Identity reset
[12:28:50] 🧠 New identity created
[12:28:51] [119/455] CNPS
[12:28:52] [120/455] ACKL
[12:28:53] [121/455] SCAU
[12:28:54] [122/455] RMIA
[12:28:54] [123/455] MANU
[12:28:55] [124/455] ARDC
[12:28:56] [125/455] GLDA
[12:28:57] [126/455] KVSW
[12:28:58] [127/455] CGCA
[12:28:59] 🔄 Identity reset
[12:28:59] 🔄 Identity rotated (every 10 requests)
[12:28:59] [128/455] CMLO
[12:29:00] [129/455] CECB
[12:29:01] [130/455] RCPN
[12:29:02] [131/455] ASMW
[12:29:03] [132/455] PWLM
[12:29:03] [133/455] ASGM
[12:29:04] [134/455] ACWH
[12:29:05] [135/455] AAPW
[12:29:06] [136/455] RTWA
[12:29:07] [137/455] RAMW
[12:29:08] 🔄 Identity reset
[12:29:08] 🔄 Identity rotated (every 10 requests)
[12:29:08] 🔄 Retry 1/5 for RAMW in 2.6s
[12:29:08] 🔄 Identity reset
[12:29:10] 🧠 New identity created
[12:29:11] [138/455] VKTR
[12:29:12] [139/455] SMBH
[12:29:13] [140/455] BVDR
[12:29:14] [141/455] MRTP
[12:29:15] [142/455] BLBR
[12:29:16] [143/455] LPIN
[12:29:17] [144/455] SNPC
[12:29:18] [145/455] PDCB
[12:29:19] [146/455] DYPK
[12:29:19] 🔄 Identity reset
[12:29:19] 🔄 Identity rotated (every 10 requests)
[12:29:20] [147/455] INMK
[12:29:20] [148/455] PDCK
[12:29:21] [149/455] PCKR
[12:29:22] [150/455] SHUA
[12:29:23] [151/455] SCVK
[12:29:24] [152/455] STPA
[12:29:25] [153/455] WVHD
[12:29:26] [154/455] MRCH
[12:29:27] [155/455] MCNP
[12:29:28] [156/455] RCAG
[12:29:29] 🔄 Identity reset
[12:29:29] 🔄 Identity rotated (every 10 requests)
[12:29:29] 🔄 Retry 1/5 for RCAG in 2.3s
[12:29:29] 🔄 Identity reset
[12:29:31] 🧠 New identity created
[12:29:31] 🔄 Retry 2/5 for RCAG in 4.6s
[12:29:31] 🔄 Identity reset
[12:29:36] 🧠 New identity created
[12:29:36] 🔄 Retry 3/5 for RCAG in 8.9s
[12:29:36] 🔄 Identity reset
[12:29:45] 🧠 New identity created
[12:29:45] 🔄 Retry 4/5 for RCAG in 16.2s
[12:29:45] 🔄 Identity reset
[12:30:01] 🧠 New identity created
[12:30:01] [157/455] JTSN
[12:30:02] [158/455] AANS
[12:30:03] [159/455] GDDR
[12:30:04] [160/455] SRER
[12:30:05] [161/455] JKMA
[12:30:06] [162/455] ARAN
[12:30:06] 🔄 Identity reset
[12:30:06] 🔄 Identity rotated (every 10 requests)
[12:30:06] 🔄 Retry 1/5 for ARAN in 2.6s
[12:30:06] 🔄 Identity reset
[12:30:09] 🧠 New identity created
[12:30:09] [163/455] ALCT
[12:30:10] [164/455] CCTA
[12:30:11] [165/455] CNCT
[12:30:13] [166/455] NZBL
[12:30:14] [167/455] SRRA
[12:30:14] [168/455] SVPW
[12:30:15] [169/455] SRTW
[12:30:16] [170/455] XMTD
[12:30:17] [171/455] SCCZ
[12:30:18] 🔄 Identity reset
[12:30:18] 🔄 Identity rotated (every 10 requests)
[12:30:19] [172/455] PBCR
[12:30:20] [173/455] RTSC
[12:30:21] [174/455] TLSV
[12:30:21] [175/455] RMTK
[12:30:22] [176/455] SRAT
[12:30:23] [177/455] GCYC
[12:30:24] [178/455] HCAJ
[12:30:30] [179/455] LCXA
[12:30:31] [180/455] BINT
[12:30:32] [181/455] IXIM
[12:30:32] 🔄 Identity reset
[12:30:32] 🔄 Identity rotated (every 10 requests)
[12:30:33] [182/455] MBCR
[12:30:34] [183/455] BMCJ
[12:30:35] [184/455] NICJ
[12:30:36] [185/455] SCAJ
[12:30:37] [186/455] CMXS
[12:30:38] [187/455] MMSR
[12:30:39] [188/455] PRKT
[12:30:40] [189/455] LPTH
[12:30:41] [190/455] SARP
[12:30:42] [191/455] MNPP
[12:30:42] 🔄 Identity reset
[12:30:42] 🔄 Identity rotated (every 10 requests)
[12:30:43] [192/455] PRLR
[12:30:44] [193/455] RCMW
[12:30:44] [194/455] FCMG
[12:30:45] [195/455] RTNK
[12:30:46] [196/455] LRCP
[12:30:47] [197/455] DBJR
[12:30:48] [198/455] CACN
[12:30:49] [199/455] AMRL
[12:30:50] [200/455] SBBC
[12:30:51] [201/455] VENN
[12:30:52] 🔄 Identity reset
[12:30:52] 🔄 Identity rotated (every 10 requests)
[12:30:52] [202/455] STSS
[12:30:53] [203/455] SMRB
[12:30:54] [204/455] CCMX
[12:30:55] [205/455] KCMR
[12:30:56] [206/455] SALH
[12:30:57] [207/455] CGTT
[12:30:58] [208/455] PMDR
[12:30:59] [209/455] VCPM
[12:30:59] [210/455] RZMX
[12:31:00] [211/455] TMSY
[12:31:01] 🔄 Identity reset
[12:31:01] 🔄 Identity rotated (every 10 requests)
[12:31:01] [212/455] NTMS
[12:31:02] [213/455] VTAG
[12:31:03] [214/455] REMA
[12:31:04] [215/455] NXCC
[12:31:05] [216/455] SKYM
[12:31:06] [217/455] CCMO
[12:31:07] [218/455] DMXM
[12:31:08] [219/455] SPPM
[12:31:09] [220/455] PTKL
[12:31:10] [221/455] SLVO
[12:31:10] 🔄 Identity reset
[12:31:10] 🔄 Identity rotated (every 10 requests)
[12:31:10] 🔄 Retry 1/5 for SLVO in 2.3s
[12:31:10] 🔄 Identity reset
[12:31:12] 🧠 New identity created
[12:31:13] 🔄 Retry 2/5 for SLVO in 5.0s
[12:31:13] 🔄 Identity reset
[12:31:18] 🧠 New identity created
[12:31:18] 🔄 Retry 3/5 for SLVO in 8.7s
[12:31:18] 🔄 Identity reset
[12:31:26] 🧠 New identity created
[12:31:26] 🔄 Retry 4/5 for SLVO in 16.1s
[12:31:26] 🔄 Identity reset
[12:31:43] 🧠 New identity created
[12:31:43] [222/455] VASL
[12:31:44] [223/455] CBCM
[12:31:45] [224/455] STMA
[12:31:46] [225/455] LASK
[12:31:47] [226/455] VITE
[12:31:48] [227/455] AAST
[12:31:49] 🔄 Identity reset
[12:31:49] 🔄 Identity rotated (every 10 requests)
[12:31:49] [228/455] JTPT
[12:31:50] [229/455] RRSH
[12:31:51] [230/455] CINL
[12:31:52] [231/455] MCSR
[12:31:53] [232/455] SBCF
[12:31:54] [233/455] GCDU
[12:31:54] [234/455] PSPR
[12:31:55] [235/455] IMMO
[12:31:56] [236/455] CLGM
[12:31:57] [237/455] PBMM
[12:31:58] 🔄 Identity reset
[12:31:58] 🔄 Identity rotated (every 10 requests)
[12:31:58] [238/455] CEHR
[12:31:59] [239/455] CPOE
[12:32:00] [240/455] PGFD
[12:32:01] [241/455] PSLC
[12:32:02] [242/455] MSMD
[12:32:03] [243/455] FMFB
[12:32:03] [244/455] RKCL
[12:32:05] [245/455] PMMC
[12:32:06] [246/455] SKMM
[12:32:07] [247/455] VOIB
[12:32:07] 🔄 Identity reset
[12:32:07] 🔄 Identity rotated (every 10 requests)
[12:32:08] [248/455] KINO
[12:32:08] [249/455] VCTP
[12:32:09] [250/455] PDWR
[12:32:11] [251/455] SAED
[12:32:12] [252/455] SRRT
[12:32:13] [253/455] CVLG
[12:32:13] [254/455] SNGN
[12:32:14] [255/455] SIDA
[12:32:15] [256/455] IMCB
[12:32:17] [257/455] SMHP
[12:32:17] 🔄 Identity reset
[12:32:18] 🔄 Identity rotated (every 10 requests)
[12:32:18] 🔄 Retry 1/5 for SMHP in 2.8s
[12:32:18] 🔄 Identity reset
[12:32:20] 🧠 New identity created
[12:32:21] [258/455] GDTY
[12:32:22] [259/455] VYCH
[12:32:23] [260/455] PDYA
[12:32:24] [261/455] RKDO
[12:32:25] [262/455] VECG
[12:32:25] [263/455] NFGD
[12:32:26] [264/455] SNDC
[12:32:27] [265/455] SDJH
[12:32:28] [266/455] HASV
[12:32:29] 🔄 Identity reset
[12:32:29] 🔄 Identity rotated (every 10 requests)
[12:32:29] [267/455] PTYK
[12:32:30] [268/455] MUTB
[12:32:31] [269/455] AMRT
[12:32:31] [270/455] VACD
[12:32:32] [271/455] SKDD
[12:32:33] [272/455] STGR
[12:32:34] [273/455] GDAK
[12:32:35] [274/455] SKHK
[12:32:35] [275/455] SLND
[12:32:36] [276/455] APAP
[12:32:37] 🔄 Identity reset
[12:32:37] 🔄 Identity rotated (every 10 requests)
[12:32:37] [277/455] AYYA
[12:32:38] [278/455] VCCZ
[12:32:39] [279/455] MEML
[12:32:40] [280/455] MAOU
[12:32:41] [281/455] ESND
[12:32:42] [282/455] PTBZ
[12:32:42] [283/455] LBCN
[12:32:43] [284/455] PAWA
[12:32:44] [285/455] ZEIC
[12:32:45] [286/455] CGMM
[12:32:46] 🔄 Identity reset
[12:32:46] 🔄 Identity rotated (every 10 requests)
[12:32:46] [287/455] PJPM
[12:32:47] [288/455] ECMR
[12:32:48] [289/455] SHMZ
[12:32:49] [290/455] STCA
[12:32:50] [291/455] VDRC
[12:32:50] [292/455] SEEM
[12:32:51] [293/455] MKNS
[12:32:52] [294/455] KPPP
[12:32:53] [295/455] CCML
[12:32:54] [296/455] CIBA
[12:32:54] 🔄 Identity reset
[12:32:54] 🔄 Identity rotated (every 10 requests)
[12:32:55] [297/455] NACS
[12:32:55] [298/455] CTMK
[12:32:56] [299/455] CTCT
[12:32:57] [300/455] MCSN
[12:32:58] [301/455] MAXX
[12:32:59] [302/455] MECB
[12:33:00] [303/455] NTBY
[12:33:00] [304/455] UTBI
[12:33:01] [305/455] RADK
[12:33:02] [306/455] STBY
[12:33:03] 🔄 Identity reset
[12:33:03] 🔄 Identity rotated (every 10 requests)
[12:33:03] [307/455] GTBY
[12:33:04] [308/455] RRMB
[12:33:05] [309/455] ABRN
[12:33:06] [310/455] GTSG
[12:33:08] [311/455] GBTG
[12:33:08] [312/455] SBGS
[12:33:10] [313/455] KBPM
[12:33:11] [314/455] SMHT
[12:33:12] [315/455] VTDM
[12:33:13] [316/455] ASCT
[12:33:13] 🔄 Identity reset
[12:33:13] 🔄 Identity rotated (every 10 requests)
[12:33:14] [317/455] AWCT
[12:33:15] [318/455] DCCU
[12:33:16] [319/455] PSCE
[12:33:17] [320/455] KSNY
[12:33:18] [321/455] ACID
[12:33:19] [322/455] LVCD
[12:33:20] [323/455] KSSB
[12:33:21] [324/455] SWTD
[12:33:22] [325/455] RBMR
[12:33:23] [326/455] SCBC
[12:33:23] 🔄 Identity reset
[12:33:23] 🔄 Identity rotated (every 10 requests)
[12:33:23] [327/455] RKME
[12:33:24] [328/455] GALX
[12:33:25] [329/455] GCCH
[12:33:26] [330/455] RATR
[12:33:27] [331/455] GTGA
[12:33:28] [332/455] LTTR
[12:33:29] [333/455] TTAA
[12:33:30] [334/455] TVHP
[12:33:31] [335/455] KVCS
[12:33:33] [336/455] CBMC
[12:33:33] 🔄 Identity reset
[12:33:33] 🔄 Identity rotated (every 10 requests)
[12:33:34] [337/455] MAYJ
[12:33:34] [338/455] INPR
[12:33:35] [339/455] RSSC
[12:33:36] [340/455] PCAN
[12:33:37] [341/455] PVHR
[12:33:38] [342/455] AGSM
[12:33:39] [343/455] PVES
[12:33:40] [344/455] INTO
[12:33:41] [345/455] ACON
[12:33:42] [346/455] PVPZ
[12:33:42] 🔄 Identity reset
[12:33:42] 🔄 Identity rotated (every 10 requests)
[12:33:42] 🔄 Retry 1/5 for PVPZ in 2.4s
[12:33:42] 🔄 Identity reset
[12:33:45] 🧠 New identity created
[12:33:45] [347/455] PVHC
[12:33:46] [348/455] KSTK
[12:33:47] [349/455] PVSR
[12:33:48] [350/455] ACTN
[12:33:49] [351/455] FMCN
[12:33:49] [352/455] PABC
[12:33:50] [353/455] SUTC
[12:33:51] [354/455] PGMV
[12:33:52] [355/455] GKCP
[12:33:53] 🔄 Identity reset
[12:33:53] 🔄 Identity rotated (every 10 requests)
[12:33:53] [356/455] INCH
[12:33:54] [357/455] MLMT
[12:33:55] [358/455] SSCC
[12:33:56] [359/455] SLMP
[12:33:57] [360/455] VVTN
[12:33:58] [361/455] SBTR
[12:33:59] [362/455] PGRA
[12:34:00] [363/455] PBRM
[12:34:01] [364/455] GCRP
[12:34:02] [365/455] MCSK
[12:34:03] 🔄 Identity reset
[12:34:03] 🔄 Identity rotated (every 10 requests)
[12:34:03] [366/455] NLTC
[12:34:04] [367/455] MTLM
[12:34:05] [368/455] VECT
[12:34:06] [369/455] KMRM
[12:34:07] [370/455] RACM
[12:34:08] [371/455] WSTC
[12:34:09] [372/455] PVTJ
[12:34:09] [373/455] MMKC
[12:34:11] [374/455] SVWT
[12:34:12] [375/455] JOTG
[12:34:12] 🔄 Identity reset
[12:34:12] 🔄 Identity rotated (every 10 requests)
[12:34:13] 🔄 Retry 1/5 for JOTG in 2.6s
[12:34:13] 🔄 Identity reset
[12:34:15] 🧠 New identity created
[12:34:15] [376/455] VCDK
[12:34:17] [377/455] ANAC
[12:34:18] [378/455] GRTC
[12:34:19] [379/455] JTPL
[12:34:20] [380/455] VRCP
[12:34:21] [381/455] REMC
[12:34:22] [382/455] ATMG
[12:34:23] [383/455] GAHC
[12:34:24] [384/455] JTMV
[12:34:24] 🔄 Identity reset
[12:34:24] 🔄 Identity rotated (every 10 requests)
[12:34:24] 🔄 Retry 1/5 for JTMV in 2.7s
[12:34:24] 🔄 Identity reset
[12:34:27] 🧠 New identity created
[12:34:27] [385/455] OMTT
[12:34:28] [386/455] GKKC
[12:34:29] [387/455] BBPO
[12:34:30] [388/455] ZCBB
[12:34:31] [389/455] DCGO
[12:34:32] [390/455] STOP
[12:34:33] [391/455] BSPC
[12:34:34] [392/455] SOND
[12:34:35] [393/455] GCKG
[12:34:35] 🔄 Identity reset
[12:34:35] 🔄 Identity rotated (every 10 requests)
[12:34:36] [394/455] PCDB
[12:34:36] [395/455] PGRC
[12:34:37] [396/455] CSCT
[12:34:38] [397/455] STDA
[12:34:39] [398/455] JAYD
[12:34:40] [399/455] PPPD
[12:34:41] [400/455] KRTT
[12:34:42] [401/455] PTDT
[12:34:43] [402/455] TRSV
[12:34:44] [403/455] VELR
[12:34:45] 🔄 Identity reset
[12:34:45] 🔄 Identity rotated (every 10 requests)
[12:34:45] [404/455] STDT
[12:34:46] [405/455] SATT
[12:34:48] [406/455] KCPM
[12:34:48] [407/455] MFCP
[12:34:49] [408/455] AXMP
[12:34:50] [409/455] LTVB
[12:34:51] [410/455] APST
[12:34:53] [411/455] DTVP
[12:34:54] [412/455] AAVB
[12:34:54] [413/455] PMBL
[12:34:55] 🔄 Identity reset
[12:34:55] 🔄 Identity rotated (every 10 requests)
[12:34:55] [414/455] STKC
[12:34:56] [415/455] KKMA
[12:34:57] [416/455] NMXS
[12:34:58] [417/455] DECX
[12:34:59] [418/455] MAPJ
[12:35:00] [419/455] SMLK
[12:35:01] [420/455] PMPU
[12:35:01] [421/455] AFST
[12:35:02] [422/455] SRSY
[12:35:03] [423/455] RMKT
[12:35:04] 🔄 Identity reset
[12:35:04] 🔄 Identity rotated (every 10 requests)
[12:35:04] [424/455] RAJX
[12:35:05] [425/455] UVCD
[12:35:06] [426/455] LISA
[12:35:07] [427/455] LMSR
[12:35:08] [428/455] PMCA
[12:35:09] [429/455] INPO
[12:35:09] [430/455] INGO
[12:35:10] [431/455] HFSQ
[12:35:11] [432/455] INMG
[12:35:12] [433/455] NYCP
[12:35:13] 🔄 Identity reset
[12:35:13] 🔄 Identity rotated (every 10 requests)
[12:35:13] [434/455] HFSV
[12:35:14] [435/455] MMZP
[12:35:15] [436/455] KSES
[12:35:16] [437/455] HFSA
[12:35:17] [438/455] ACMM
[12:35:17] [439/455] RCKD
[12:35:18] [440/455] BCKR
[12:35:19] [441/455] SFCO
[12:35:20] [442/455] JCCB
[12:35:21] [443/455] BCCR
[12:35:22] 🔄 Identity reset
[12:35:22] 🔄 Identity rotated (every 10 requests)
[12:35:22] 🔄 Retry 1/5 for BCCR in 2.6s
[12:35:22] 🔄 Identity reset
[12:35:25] 🧠 New identity created
[12:35:25] [444/455] NWCB
[12:35:26] [445/455] SAMT
[12:35:27] [446/455] TMST
[12:35:28] [447/455] SJCN
[12:35:28] [448/455] MCBS
[12:35:29] [449/455] CMKR
[12:35:30] [450/455] INPM
[12:35:31] [451/455] WVMT
[12:35:31] [452/455] NYSM
[12:35:32] 🔄 Identity reset
[12:35:32] 🔄 Identity rotated (every 10 requests)
[12:35:32] [453/455] RCMA
[12:35:33] [454/455] RECM
[12:35:34] [455/455] CYCM
[12:35:35] 🔁 RETRY ROUND 1 | Remaining: 1
[12:35:35] [RETRY-1] MMAP
[12:35:38] 🧹 Deduping shows
[12:35:38] ✅ DONE | Shows=315 | Movies=26
