[04:17:20] 🚀 DISTRICT → OLD BMS9 CONVERTER STARTED
[04:17:20] 📅 Date: 2026-08-19
[04:17:20] 🚫 Worker logic: DISABLED
[04:17:20] 📍 Selected venue IDs: 754
[04:17:20] 📍 Master venue records: 2182
[04:17:20] ✅ ID → ID matched: 754
[04:17:20] ⚠️ IDs missing from master: 0
[04:17:20] ⚠️ Master records without name: 0
[04:17:20] 📡 Fetching Detailed JSON:
[04:17:20]    https://districtdata2026.pages.dev/boxoffice/2026-08-19_Detailed.json
[04:17:21] ✅ Source loaded
[04:17:21]    Source date: 2026-08-19
[04:17:21]    Last updated: 04:06 AM, 19 August 2026
[04:17:21]    Movie keys: 45
[04:17:21] 🎯 Master-name → Source-name matches: 157
[04:17:21] ⚠️ Master venues not found in source: 595
[04:17:21]    ❌ 1102096 → PVR, Leh
[04:17:21]    ❌ 1102175 → Siddhi Cinema: Oros, Sindhudurg
[04:17:21]    ❌ 1102215 → Vijay Cinema: Bavla
[04:17:21]    ❌ 1102183 → Rupmandir Cinema: Belghoria
[04:17:21]    ❌ 1102103 → Sri Krishna Cinemax: Mandapeta
[04:17:21]    ❌ 1086677 → Maa Vaishno Cineplex: Dalsingsarai
[04:17:21]    ❌ 1102100 → Z Square Cine Vishant: Margao
[04:17:21]    ❌ 1102233 → Chhotu Maharaj: Sikandra Agra, UP
[04:17:21]    ❌ 1583 → Empress Cinemas: Vapi
[04:17:21]    ❌ 61879 → Smart Moviz Audi 1(Dolby Atmos,4K Laser): Bagalkot
[04:17:21]    ❌ 1101584 → Citilight Cinema: Gariyadhar
[04:17:21]    ❌ 1101483 → Pushpa Cinema: Kukshi
[04:17:21]    ❌ 1068270 → Citara Cinemas: Jawalamukhi
[04:17:21]    ❌ 1068240 → Citara Cinemas: Nadaun
[04:17:21]    ❌ 1067161 → Dream Light Cinema: Sujangarh
[04:17:21]    ❌ 1102289 → Ambica Theatres 2K A/C DTS, Mandapeta
[04:17:21]    ❌ 1020401 → Dada (SV Cinemax) 4K Dolby 7.1, Tadipatri
[04:17:21]    ❌ 20856 → Pemmasani A/C DTS 2K, Tenali
[04:17:21]    ❌ 1096456 → Mini Amar Cinema, Dumka
[04:17:21]    ❌ 1102311 → Magic Frames Cinemas, Falcon Mall
[04:17:21]    ... and 575 more
[04:17:21] 🎬 Source movie keys: 45
[04:17:21] 🎟️ Selected-venue show rows: 253
[04:17:21] 🚫 Non-selected show rows ignored: 2777
[04:17:21] 📦 Previous shows: 0
[04:17:21] 🆕 Fresh shows: 253
[04:17:21] 📦 Final shows: 253
[04:17:21] ✅ DONE | Shows=253 | Movies=26
[04:17:21] 📄 Detailed: daily/data/20260819/detailed9.json
[04:17:21] 📄 Summary: daily/data/20260819/movie_summary9.json
[04:56:57] 🚀 DISTRICT → OLD BMS9 CONVERTER STARTED
[04:56:57] 📅 Date: 2026-08-19
[04:56:57] 🚫 Worker logic: DISABLED
[04:56:57] 📍 Selected venue IDs: 754
[04:56:57] 📍 Master venue records: 2182
[04:56:57] ✅ ID → ID matched: 754
[04:56:57] ⚠️ IDs missing from master: 0
[04:56:57] ⚠️ Master records without name: 0
[04:56:57] 📡 Fetching Detailed JSON:
[04:56:57]    https://districtdata2026.pages.dev/boxoffice/2026-08-19_Detailed.json
[04:56:57] ✅ Source loaded
[04:56:57]    Source date: 2026-08-19
[04:56:57]    Last updated: 04:06 AM, 19 August 2026
[04:56:57]    Movie keys: 45
[04:56:57] 🎯 Master-name → Source-name matches: 157
[04:56:57] ⚠️ Master venues not found in source: 595
[04:56:57]    ❌ 1102096 → PVR, Leh
[04:56:57]    ❌ 1102175 → Siddhi Cinema: Oros, Sindhudurg
[04:56:57]    ❌ 1102215 → Vijay Cinema: Bavla
[04:56:57]    ❌ 1102183 → Rupmandir Cinema: Belghoria
[04:56:57]    ❌ 1102103 → Sri Krishna Cinemax: Mandapeta
[04:56:57]    ❌ 1086677 → Maa Vaishno Cineplex: Dalsingsarai
[04:56:57]    ❌ 1102100 → Z Square Cine Vishant: Margao
[04:56:57]    ❌ 1102233 → Chhotu Maharaj: Sikandra Agra, UP
[04:56:57]    ❌ 1583 → Empress Cinemas: Vapi
[04:56:57]    ❌ 61879 → Smart Moviz Audi 1(Dolby Atmos,4K Laser): Bagalkot
[04:56:57]    ❌ 1101584 → Citilight Cinema: Gariyadhar
[04:56:57]    ❌ 1101483 → Pushpa Cinema: Kukshi
[04:56:57]    ❌ 1068270 → Citara Cinemas: Jawalamukhi
[04:56:57]    ❌ 1068240 → Citara Cinemas: Nadaun
[04:56:57]    ❌ 1067161 → Dream Light Cinema: Sujangarh
[04:56:57]    ❌ 1102289 → Ambica Theatres 2K A/C DTS, Mandapeta
[04:56:57]    ❌ 1020401 → Dada (SV Cinemax) 4K Dolby 7.1, Tadipatri
[04:56:57]    ❌ 20856 → Pemmasani A/C DTS 2K, Tenali
[04:56:57]    ❌ 1096456 → Mini Amar Cinema, Dumka
[04:56:57]    ❌ 1102311 → Magic Frames Cinemas, Falcon Mall
[04:56:57]    ... and 575 more
[04:56:57] 🎬 Source movie keys: 45
[04:56:57] 🎟️ Selected-venue show rows: 253
[04:56:57] 🚫 Non-selected show rows ignored: 2777
[04:56:57] 📦 Previous shows: 253
[04:56:57] 🆕 Fresh shows: 253
[04:56:57] 📦 Final shows: 253
[04:56:57] ✅ DONE | Shows=253 | Movies=26
[04:56:57] 📄 Detailed: daily/data/20260819/detailed9.json
[04:56:57] 📄 Summary: daily/data/20260819/movie_summary9.json
[05:17:31] 🚀 DISTRICT → OLD BMS9 CONVERTER STARTED
[05:17:31] 📅 Date: 2026-08-19
[05:17:31] 🚫 Worker logic: DISABLED
[05:17:31] 📍 Selected venue IDs: 754
[05:17:31] 📍 Master venue records: 2182
[05:17:31] ✅ ID → ID matched: 754
[05:17:31] ⚠️ IDs missing from master: 0
[05:17:31] ⚠️ Master records without name: 0
[05:17:31] 📡 Fetching Detailed JSON:
[05:17:31]    https://districtdata2026.pages.dev/boxoffice/2026-08-19_Detailed.json
[05:17:31] ✅ Source loaded
[05:17:31]    Source date: 2026-08-19
[05:17:31]    Last updated: 04:06 AM, 19 August 2026
[05:17:31]    Movie keys: 45
[05:17:31] 🎯 Master-name → Source-name matches: 157
[05:17:31] ⚠️ Master venues not found in source: 595
[05:17:31]    ❌ 1102096 → PVR, Leh
[05:17:31]    ❌ 1102175 → Siddhi Cinema: Oros, Sindhudurg
[05:17:31]    ❌ 1102215 → Vijay Cinema: Bavla
[05:17:31]    ❌ 1102183 → Rupmandir Cinema: Belghoria
[05:17:31]    ❌ 1102103 → Sri Krishna Cinemax: Mandapeta
[05:17:31]    ❌ 1086677 → Maa Vaishno Cineplex: Dalsingsarai
[05:17:31]    ❌ 1102100 → Z Square Cine Vishant: Margao
[05:17:31]    ❌ 1102233 → Chhotu Maharaj: Sikandra Agra, UP
[05:17:31]    ❌ 1583 → Empress Cinemas: Vapi
[05:17:31]    ❌ 61879 → Smart Moviz Audi 1(Dolby Atmos,4K Laser): Bagalkot
[05:17:31]    ❌ 1101584 → Citilight Cinema: Gariyadhar
[05:17:31]    ❌ 1101483 → Pushpa Cinema: Kukshi
[05:17:31]    ❌ 1068270 → Citara Cinemas: Jawalamukhi
[05:17:31]    ❌ 1068240 → Citara Cinemas: Nadaun
[05:17:31]    ❌ 1067161 → Dream Light Cinema: Sujangarh
[05:17:31]    ❌ 1102289 → Ambica Theatres 2K A/C DTS, Mandapeta
[05:17:31]    ❌ 1020401 → Dada (SV Cinemax) 4K Dolby 7.1, Tadipatri
[05:17:31]    ❌ 20856 → Pemmasani A/C DTS 2K, Tenali
[05:17:31]    ❌ 1096456 → Mini Amar Cinema, Dumka
[05:17:31]    ❌ 1102311 → Magic Frames Cinemas, Falcon Mall
[05:17:31]    ... and 575 more
[05:17:31] 🎬 Source movie keys: 45
[05:17:31] 🎟️ Selected-venue show rows: 253
[05:17:31] 🚫 Non-selected show rows ignored: 2777
[05:17:31] 📦 Previous shows: 253
[05:17:31] 🆕 Fresh shows: 253
[05:17:31] 📦 Final shows: 253
[05:17:31] ✅ DONE | Shows=253 | Movies=26
[05:17:31] 📄 Detailed: daily/data/20260819/detailed9.json
[05:17:31] 📄 Summary: daily/data/20260819/movie_summary9.json
[06:06:52] 🚀 DISTRICT → OLD BMS9 CONVERTER STARTED
[06:06:52] 📅 Date: 2026-08-19
[06:06:52] 🚫 Worker logic: DISABLED
[06:06:52] 📍 Selected venue IDs: 754
[06:06:52] 📍 Master venue records: 2182
[06:06:52] ✅ ID → ID matched: 754
[06:06:52] ⚠️ IDs missing from master: 0
[06:06:52] ⚠️ Master records without name: 0
[06:06:52] 📡 Fetching Detailed JSON:
[06:06:52]    https://districtdata2026.pages.dev/boxoffice/2026-08-19_Detailed.json
[06:06:52] ✅ Source loaded
[06:06:52]    Source date: 2026-08-19
[06:06:52]    Last updated: 04:06 AM, 19 August 2026
[06:06:52]    Movie keys: 45
[06:06:52] 🎯 Master-name → Source-name matches: 157
[06:06:52] ⚠️ Master venues not found in source: 595
[06:06:52]    ❌ 1102096 → PVR, Leh
[06:06:52]    ❌ 1102175 → Siddhi Cinema: Oros, Sindhudurg
[06:06:52]    ❌ 1102215 → Vijay Cinema: Bavla
[06:06:52]    ❌ 1102183 → Rupmandir Cinema: Belghoria
[06:06:52]    ❌ 1102103 → Sri Krishna Cinemax: Mandapeta
[06:06:52]    ❌ 1086677 → Maa Vaishno Cineplex: Dalsingsarai
[06:06:52]    ❌ 1102100 → Z Square Cine Vishant: Margao
[06:06:52]    ❌ 1102233 → Chhotu Maharaj: Sikandra Agra, UP
[06:06:52]    ❌ 1583 → Empress Cinemas: Vapi
[06:06:52]    ❌ 61879 → Smart Moviz Audi 1(Dolby Atmos,4K Laser): Bagalkot
[06:06:52]    ❌ 1101584 → Citilight Cinema: Gariyadhar
[06:06:52]    ❌ 1101483 → Pushpa Cinema: Kukshi
[06:06:52]    ❌ 1068270 → Citara Cinemas: Jawalamukhi
[06:06:52]    ❌ 1068240 → Citara Cinemas: Nadaun
[06:06:52]    ❌ 1067161 → Dream Light Cinema: Sujangarh
[06:06:52]    ❌ 1102289 → Ambica Theatres 2K A/C DTS, Mandapeta
[06:06:52]    ❌ 1020401 → Dada (SV Cinemax) 4K Dolby 7.1, Tadipatri
[06:06:52]    ❌ 20856 → Pemmasani A/C DTS 2K, Tenali
[06:06:52]    ❌ 1096456 → Mini Amar Cinema, Dumka
[06:06:52]    ❌ 1102311 → Magic Frames Cinemas, Falcon Mall
[06:06:52]    ... and 575 more
[06:06:52] 🎬 Source movie keys: 45
[06:06:52] 🎟️ Selected-venue show rows: 253
[06:06:52] 🚫 Non-selected show rows ignored: 2777
[06:06:52] 📦 Previous shows: 253
[06:06:52] 🆕 Fresh shows: 253
[06:06:52] 📦 Final shows: 253
[06:06:52] ✅ DONE | Shows=253 | Movies=26
[06:06:52] 📄 Detailed: daily/data/20260819/detailed9.json
[06:06:52] 📄 Summary: daily/data/20260819/movie_summary9.json
[06:56:48] 🚀 DISTRICT → OLD BMS9 CONVERTER STARTED
[06:56:48] 📅 Date: 2026-08-19
[06:56:48] 🚫 Worker logic: DISABLED
[06:56:48] 📍 Selected venue IDs: 754
[06:56:48] 📍 Master venue records: 2182
[06:56:48] ✅ ID → ID matched: 754
[06:56:48] ⚠️ IDs missing from master: 0
[06:56:48] ⚠️ Master records without name: 0
[06:56:48] 📡 Fetching Detailed JSON:
[06:56:48]    https://districtdata2026.pages.dev/boxoffice/2026-08-19_Detailed.json
[06:56:48] ✅ Source loaded
[06:56:48]    Source date: 2026-08-19
[06:56:48]    Last updated: 04:06 AM, 19 August 2026
[06:56:48]    Movie keys: 45
[06:56:48] 🎯 Master-name → Source-name matches: 157
[06:56:48] ⚠️ Master venues not found in source: 595
[06:56:48]    ❌ 1102096 → PVR, Leh
[06:56:48]    ❌ 1102175 → Siddhi Cinema: Oros, Sindhudurg
[06:56:48]    ❌ 1102215 → Vijay Cinema: Bavla
[06:56:48]    ❌ 1102183 → Rupmandir Cinema: Belghoria
[06:56:48]    ❌ 1102103 → Sri Krishna Cinemax: Mandapeta
[06:56:48]    ❌ 1086677 → Maa Vaishno Cineplex: Dalsingsarai
[06:56:48]    ❌ 1102100 → Z Square Cine Vishant: Margao
[06:56:48]    ❌ 1102233 → Chhotu Maharaj: Sikandra Agra, UP
[06:56:48]    ❌ 1583 → Empress Cinemas: Vapi
[06:56:48]    ❌ 61879 → Smart Moviz Audi 1(Dolby Atmos,4K Laser): Bagalkot
[06:56:48]    ❌ 1101584 → Citilight Cinema: Gariyadhar
[06:56:48]    ❌ 1101483 → Pushpa Cinema: Kukshi
[06:56:48]    ❌ 1068270 → Citara Cinemas: Jawalamukhi
[06:56:48]    ❌ 1068240 → Citara Cinemas: Nadaun
[06:56:48]    ❌ 1067161 → Dream Light Cinema: Sujangarh
[06:56:48]    ❌ 1102289 → Ambica Theatres 2K A/C DTS, Mandapeta
[06:56:48]    ❌ 1020401 → Dada (SV Cinemax) 4K Dolby 7.1, Tadipatri
[06:56:48]    ❌ 20856 → Pemmasani A/C DTS 2K, Tenali
[06:56:48]    ❌ 1096456 → Mini Amar Cinema, Dumka
[06:56:48]    ❌ 1102311 → Magic Frames Cinemas, Falcon Mall
[06:56:48]    ... and 575 more
[06:56:48] 🎬 Source movie keys: 45
[06:56:48] 🎟️ Selected-venue show rows: 253
[06:56:48] 🚫 Non-selected show rows ignored: 2777
[06:56:48] 📦 Previous shows: 253
[06:56:48] 🆕 Fresh shows: 253
[06:56:48] 📦 Final shows: 253
[06:56:48] ✅ DONE | Shows=253 | Movies=26
[06:56:48] 📄 Detailed: daily/data/20260819/detailed9.json
[06:56:48] 📄 Summary: daily/data/20260819/movie_summary9.json
[08:07:18] 🚀 DISTRICT → OLD BMS9 CONVERTER STARTED
[08:07:18] 📅 Date: 2026-08-19
[08:07:18] 🚫 Worker logic: DISABLED
[08:07:18] 📍 Selected venue IDs: 754
[08:07:18] 📍 Master venue records: 2182
[08:07:18] ✅ ID → ID matched: 754
[08:07:18] ⚠️ IDs missing from master: 0
[08:07:18] ⚠️ Master records without name: 0
[08:07:18] 📡 Fetching Detailed JSON:
[08:07:18]    https://districtdata2026.pages.dev/boxoffice/2026-08-19_Detailed.json
[08:07:18] ✅ Source loaded
[08:07:18]    Source date: 2026-08-19
[08:07:18]    Last updated: 07:06 AM, 19 August 2026
[08:07:18]    Movie keys: 61
[08:07:18] 🎯 Master-name → Source-name matches: 555
[08:07:18] ⚠️ Master venues not found in source: 190
[08:07:18]    ❌ 1102096 → PVR, Leh
[08:07:18]    ❌ 1102175 → Siddhi Cinema: Oros, Sindhudurg
[08:07:18]    ❌ 1102215 → Vijay Cinema: Bavla
[08:07:18]    ❌ 1102183 → Rupmandir Cinema: Belghoria
[08:07:18]    ❌ 1102103 → Sri Krishna Cinemax: Mandapeta
[08:07:18]    ❌ 1086677 → Maa Vaishno Cineplex: Dalsingsarai
[08:07:18]    ❌ 1102100 → Z Square Cine Vishant: Margao
[08:07:18]    ❌ 1102233 → Chhotu Maharaj: Sikandra Agra, UP
[08:07:18]    ❌ 1583 → Empress Cinemas: Vapi
[08:07:18]    ❌ 61879 → Smart Moviz Audi 1(Dolby Atmos,4K Laser): Bagalkot
[08:07:18]    ❌ 1101584 → Citilight Cinema: Gariyadhar
[08:07:18]    ❌ 1101483 → Pushpa Cinema: Kukshi
[08:07:18]    ❌ 1068270 → Citara Cinemas: Jawalamukhi
[08:07:18]    ❌ 1068240 → Citara Cinemas: Nadaun
[08:07:18]    ❌ 1067161 → Dream Light Cinema: Sujangarh
[08:07:18]    ❌ 1102289 → Ambica Theatres 2K A/C DTS, Mandapeta
[08:07:18]    ❌ 1020401 → Dada (SV Cinemax) 4K Dolby 7.1, Tadipatri
[08:07:18]    ❌ 20856 → Pemmasani A/C DTS 2K, Tenali
[08:07:18]    ❌ 1102311 → Magic Frames Cinemas, Falcon Mall
[08:07:18]    ❌ 51512 → Vyas Cinema, Silkua, Kukshi
[08:07:18]    ... and 170 more
[08:07:18] 🎬 Source movie keys: 61
[08:07:18] 🎟️ Selected-venue show rows: 1102
[08:07:18] 🚫 Non-selected show rows ignored: 6547
[08:07:18] 📦 Previous shows: 253
[08:07:18] 🆕 Fresh shows: 1102
[08:07:18] 📦 Final shows: 1102
[08:07:18] ✅ DONE | Shows=1102 | Movies=32
[08:07:18] 📄 Detailed: daily/data/20260819/detailed9.json
[08:07:18] 📄 Summary: daily/data/20260819/movie_summary9.json
[08:32:51] 🚀 DISTRICT → OLD BMS9 CONVERTER STARTED
[08:32:51] 📅 Date: 2026-08-19
[08:32:51] 🚫 Worker logic: DISABLED
[08:32:51] 📍 Selected venue IDs: 754
[08:32:51] 📍 Master venue records: 2182
[08:32:51] ✅ ID → ID matched: 754
[08:32:51] ⚠️ IDs missing from master: 0
[08:32:51] ⚠️ Master records without name: 0
[08:32:51] 📡 Fetching Detailed JSON:
[08:32:51]    https://districtdata2026.pages.dev/boxoffice/2026-08-19_Detailed.json
[08:32:51] ✅ Source loaded
[08:32:51]    Source date: 2026-08-19
[08:32:51]    Last updated: 07:06 AM, 19 August 2026
[08:32:51]    Movie keys: 61
[08:32:51] 🎯 Master-name → Source-name matches: 555
[08:32:51] ⚠️ Master venues not found in source: 190
[08:32:51]    ❌ 1102096 → PVR, Leh
[08:32:51]    ❌ 1102175 → Siddhi Cinema: Oros, Sindhudurg
[08:32:51]    ❌ 1102215 → Vijay Cinema: Bavla
[08:32:51]    ❌ 1102183 → Rupmandir Cinema: Belghoria
[08:32:51]    ❌ 1102103 → Sri Krishna Cinemax: Mandapeta
[08:32:51]    ❌ 1086677 → Maa Vaishno Cineplex: Dalsingsarai
[08:32:51]    ❌ 1102100 → Z Square Cine Vishant: Margao
[08:32:51]    ❌ 1102233 → Chhotu Maharaj: Sikandra Agra, UP
[08:32:51]    ❌ 1583 → Empress Cinemas: Vapi
[08:32:51]    ❌ 61879 → Smart Moviz Audi 1(Dolby Atmos,4K Laser): Bagalkot
[08:32:51]    ❌ 1101584 → Citilight Cinema: Gariyadhar
[08:32:51]    ❌ 1101483 → Pushpa Cinema: Kukshi
[08:32:51]    ❌ 1068270 → Citara Cinemas: Jawalamukhi
[08:32:51]    ❌ 1068240 → Citara Cinemas: Nadaun
[08:32:51]    ❌ 1067161 → Dream Light Cinema: Sujangarh
[08:32:51]    ❌ 1102289 → Ambica Theatres 2K A/C DTS, Mandapeta
[08:32:51]    ❌ 1020401 → Dada (SV Cinemax) 4K Dolby 7.1, Tadipatri
[08:32:51]    ❌ 20856 → Pemmasani A/C DTS 2K, Tenali
[08:32:51]    ❌ 1102311 → Magic Frames Cinemas, Falcon Mall
[08:32:51]    ❌ 51512 → Vyas Cinema, Silkua, Kukshi
[08:32:51]    ... and 170 more
[08:32:51] 🎬 Source movie keys: 61
[08:32:51] 🎟️ Selected-venue show rows: 1102
[08:32:51] 🚫 Non-selected show rows ignored: 6547
[08:32:51] 📦 Previous shows: 1102
[08:32:51] 🆕 Fresh shows: 1102
[08:32:51] 📦 Final shows: 1102
[08:32:51] ✅ DONE | Shows=1102 | Movies=32
[08:32:51] 📄 Detailed: daily/data/20260819/detailed9.json
[08:32:51] 📄 Summary: daily/data/20260819/movie_summary9.json
[10:07:09] 🚀 DISTRICT → OLD BMS9 CONVERTER STARTED
[10:07:09] 📅 Date: 2026-08-19
[10:07:09] 🚫 Worker logic: DISABLED
[10:07:09] 📍 Selected venue IDs: 754
[10:07:09] 📍 Master venue records: 2182
[10:07:09] ✅ ID → ID matched: 754
[10:07:09] ⚠️ IDs missing from master: 0
[10:07:09] ⚠️ Master records without name: 0
[10:07:09] 📡 Fetching Detailed JSON:
[10:07:09]    https://districtdata2026.pages.dev/boxoffice/2026-08-19_Detailed.json
[10:07:09] ✅ Source loaded
[10:07:09]    Source date: 2026-08-19
[10:07:09]    Last updated: 07:06 AM, 19 August 2026
[10:07:09]    Movie keys: 61
[10:07:09] 🎯 Master-name → Source-name matches: 555
[10:07:09] ⚠️ Master venues not found in source: 190
[10:07:09]    ❌ 1102096 → PVR, Leh
[10:07:09]    ❌ 1102175 → Siddhi Cinema: Oros, Sindhudurg
[10:07:09]    ❌ 1102215 → Vijay Cinema: Bavla
[10:07:09]    ❌ 1102183 → Rupmandir Cinema: Belghoria
[10:07:09]    ❌ 1102103 → Sri Krishna Cinemax: Mandapeta
[10:07:09]    ❌ 1086677 → Maa Vaishno Cineplex: Dalsingsarai
[10:07:09]    ❌ 1102100 → Z Square Cine Vishant: Margao
[10:07:09]    ❌ 1102233 → Chhotu Maharaj: Sikandra Agra, UP
[10:07:09]    ❌ 1583 → Empress Cinemas: Vapi
[10:07:09]    ❌ 61879 → Smart Moviz Audi 1(Dolby Atmos,4K Laser): Bagalkot
[10:07:09]    ❌ 1101584 → Citilight Cinema: Gariyadhar
[10:07:09]    ❌ 1101483 → Pushpa Cinema: Kukshi
[10:07:09]    ❌ 1068270 → Citara Cinemas: Jawalamukhi
[10:07:09]    ❌ 1068240 → Citara Cinemas: Nadaun
[10:07:09]    ❌ 1067161 → Dream Light Cinema: Sujangarh
[10:07:09]    ❌ 1102289 → Ambica Theatres 2K A/C DTS, Mandapeta
[10:07:09]    ❌ 1020401 → Dada (SV Cinemax) 4K Dolby 7.1, Tadipatri
[10:07:09]    ❌ 20856 → Pemmasani A/C DTS 2K, Tenali
[10:07:09]    ❌ 1102311 → Magic Frames Cinemas, Falcon Mall
[10:07:09]    ❌ 51512 → Vyas Cinema, Silkua, Kukshi
[10:07:09]    ... and 170 more
[10:07:09] 🎬 Source movie keys: 61
[10:07:09] 🎟️ Selected-venue show rows: 1102
[10:07:09] 🚫 Non-selected show rows ignored: 6547
[10:07:09] 📦 Previous shows: 1102
[10:07:09] 🆕 Fresh shows: 1102
[10:07:09] 📦 Final shows: 1102
[10:07:09] ✅ DONE | Shows=1102 | Movies=32
[10:07:09] 📄 Detailed: daily/data/20260819/detailed9.json
[10:07:09] 📄 Summary: daily/data/20260819/movie_summary9.json
[11:05:15] 🚀 DISTRICT → OLD BMS9 CONVERTER STARTED
[11:05:15] 📅 Date: 2026-08-19
[11:05:15] 🚫 Worker logic: DISABLED
[11:05:15] 📍 Selected venue IDs: 754
[11:05:15] 📍 Master venue records: 2182
[11:05:15] ✅ ID → ID matched: 754
[11:05:15] ⚠️ IDs missing from master: 0
[11:05:15] ⚠️ Master records without name: 0
[11:05:15] 📡 Fetching Detailed JSON:
[11:05:15]    https://districtdata2026.pages.dev/boxoffice/2026-08-19_Detailed.json
[11:05:15] ✅ Source loaded
[11:05:15]    Source date: 2026-08-19
[11:05:15]    Last updated: 07:06 AM, 19 August 2026
[11:05:15]    Movie keys: 61
[11:05:15] 🎯 Master-name → Source-name matches: 555
[11:05:15] ⚠️ Master venues not found in source: 190
[11:05:15]    ❌ 1102096 → PVR, Leh
[11:05:15]    ❌ 1102175 → Siddhi Cinema: Oros, Sindhudurg
[11:05:15]    ❌ 1102215 → Vijay Cinema: Bavla
[11:05:15]    ❌ 1102183 → Rupmandir Cinema: Belghoria
[11:05:15]    ❌ 1102103 → Sri Krishna Cinemax: Mandapeta
[11:05:15]    ❌ 1086677 → Maa Vaishno Cineplex: Dalsingsarai
[11:05:15]    ❌ 1102100 → Z Square Cine Vishant: Margao
[11:05:15]    ❌ 1102233 → Chhotu Maharaj: Sikandra Agra, UP
[11:05:15]    ❌ 1583 → Empress Cinemas: Vapi
[11:05:15]    ❌ 61879 → Smart Moviz Audi 1(Dolby Atmos,4K Laser): Bagalkot
[11:05:15]    ❌ 1101584 → Citilight Cinema: Gariyadhar
[11:05:15]    ❌ 1101483 → Pushpa Cinema: Kukshi
[11:05:15]    ❌ 1068270 → Citara Cinemas: Jawalamukhi
[11:05:15]    ❌ 1068240 → Citara Cinemas: Nadaun
[11:05:15]    ❌ 1067161 → Dream Light Cinema: Sujangarh
[11:05:15]    ❌ 1102289 → Ambica Theatres 2K A/C DTS, Mandapeta
[11:05:15]    ❌ 1020401 → Dada (SV Cinemax) 4K Dolby 7.1, Tadipatri
[11:05:15]    ❌ 20856 → Pemmasani A/C DTS 2K, Tenali
[11:05:15]    ❌ 1102311 → Magic Frames Cinemas, Falcon Mall
[11:05:15]    ❌ 51512 → Vyas Cinema, Silkua, Kukshi
[11:05:15]    ... and 170 more
[11:05:15] 🎬 Source movie keys: 61
[11:05:15] 🎟️ Selected-venue show rows: 1102
[11:05:15] 🚫 Non-selected show rows ignored: 6547
[11:05:15] 📦 Previous shows: 1102
[11:05:15] 🆕 Fresh shows: 1102
[11:05:15] 📦 Final shows: 1102
[11:05:15] ✅ DONE | Shows=1102 | Movies=32
[11:05:15] 📄 Detailed: daily/data/20260819/detailed9.json
[11:05:15] 📄 Summary: daily/data/20260819/movie_summary9.json
[12:02:15] 🚀 DISTRICT → OLD BMS9 CONVERTER STARTED
[12:02:15] 📅 Date: 2026-08-19
[12:02:15] 🚫 Worker logic: DISABLED
[12:02:15] 📍 Selected venue IDs: 754
[12:02:15] 📍 Master venue records: 2182
[12:02:15] ✅ ID → ID matched: 754
[12:02:15] ⚠️ IDs missing from master: 0
[12:02:15] ⚠️ Master records without name: 0
[12:02:15] 📡 Fetching Detailed JSON:
[12:02:15]    https://districtdata2026.pages.dev/boxoffice/2026-08-19_Detailed.json
[12:02:15] ✅ Source loaded
[12:02:15]    Source date: 2026-08-19
[12:02:15]    Last updated: 07:06 AM, 19 August 2026
[12:02:15]    Movie keys: 61
[12:02:15] 🎯 Master-name → Source-name matches: 555
[12:02:15] ⚠️ Master venues not found in source: 190
[12:02:15]    ❌ 1102096 → PVR, Leh
[12:02:15]    ❌ 1102175 → Siddhi Cinema: Oros, Sindhudurg
[12:02:15]    ❌ 1102215 → Vijay Cinema: Bavla
[12:02:15]    ❌ 1102183 → Rupmandir Cinema: Belghoria
[12:02:15]    ❌ 1102103 → Sri Krishna Cinemax: Mandapeta
[12:02:15]    ❌ 1086677 → Maa Vaishno Cineplex: Dalsingsarai
[12:02:15]    ❌ 1102100 → Z Square Cine Vishant: Margao
[12:02:15]    ❌ 1102233 → Chhotu Maharaj: Sikandra Agra, UP
[12:02:15]    ❌ 1583 → Empress Cinemas: Vapi
[12:02:15]    ❌ 61879 → Smart Moviz Audi 1(Dolby Atmos,4K Laser): Bagalkot
[12:02:15]    ❌ 1101584 → Citilight Cinema: Gariyadhar
[12:02:15]    ❌ 1101483 → Pushpa Cinema: Kukshi
[12:02:15]    ❌ 1068270 → Citara Cinemas: Jawalamukhi
[12:02:15]    ❌ 1068240 → Citara Cinemas: Nadaun
[12:02:15]    ❌ 1067161 → Dream Light Cinema: Sujangarh
[12:02:15]    ❌ 1102289 → Ambica Theatres 2K A/C DTS, Mandapeta
[12:02:15]    ❌ 1020401 → Dada (SV Cinemax) 4K Dolby 7.1, Tadipatri
[12:02:15]    ❌ 20856 → Pemmasani A/C DTS 2K, Tenali
[12:02:15]    ❌ 1102311 → Magic Frames Cinemas, Falcon Mall
[12:02:15]    ❌ 51512 → Vyas Cinema, Silkua, Kukshi
[12:02:15]    ... and 170 more
[12:02:15] 🎬 Source movie keys: 61
[12:02:15] 🎟️ Selected-venue show rows: 1102
[12:02:15] 🚫 Non-selected show rows ignored: 6547
[12:02:15] 📦 Previous shows: 1102
[12:02:15] 🆕 Fresh shows: 1102
[12:02:15] 📦 Final shows: 1102
[12:02:15] ✅ DONE | Shows=1102 | Movies=32
[12:02:15] 📄 Detailed: daily/data/20260819/detailed9.json
[12:02:15] 📄 Summary: daily/data/20260819/movie_summary9.json
[13:11:45] 🚀 DISTRICT → OLD BMS9 CONVERTER STARTED
[13:11:45] 📅 Date: 2026-08-19
[13:11:45] 🚫 Worker logic: DISABLED
[13:11:45] 📍 Selected venue IDs: 754
[13:11:45] 📍 Master venue records: 2182
[13:11:45] ✅ ID → ID matched: 754
[13:11:45] ⚠️ IDs missing from master: 0
[13:11:45] ⚠️ Master records without name: 0
[13:11:45] 📡 Fetching Detailed JSON:
[13:11:45]    https://districtdata2026.pages.dev/boxoffice/2026-08-19_Detailed.json
[13:11:45] ✅ Source loaded
[13:11:45]    Source date: 2026-08-19
[13:11:45]    Last updated: 12:38 PM, 19 August 2026
[13:11:45]    Movie keys: 74
[13:11:45] 🎯 Master-name → Source-name matches: 581
[13:11:45] ⚠️ Master venues not found in source: 164
[13:11:45]    ❌ 1102096 → PVR, Leh
[13:11:45]    ❌ 1102175 → Siddhi Cinema: Oros, Sindhudurg
[13:11:45]    ❌ 1102215 → Vijay Cinema: Bavla
[13:11:45]    ❌ 1102183 → Rupmandir Cinema: Belghoria
[13:11:45]    ❌ 1102103 → Sri Krishna Cinemax: Mandapeta
[13:11:45]    ❌ 1086677 → Maa Vaishno Cineplex: Dalsingsarai
[13:11:45]    ❌ 1102100 → Z Square Cine Vishant: Margao
[13:11:45]    ❌ 1102233 → Chhotu Maharaj: Sikandra Agra, UP
[13:11:45]    ❌ 1583 → Empress Cinemas: Vapi
[13:11:45]    ❌ 61879 → Smart Moviz Audi 1(Dolby Atmos,4K Laser): Bagalkot
[13:11:45]    ❌ 1101584 → Citilight Cinema: Gariyadhar
[13:11:45]    ❌ 1101483 → Pushpa Cinema: Kukshi
[13:11:45]    ❌ 1068270 → Citara Cinemas: Jawalamukhi
[13:11:45]    ❌ 1068240 → Citara Cinemas: Nadaun
[13:11:45]    ❌ 1067161 → Dream Light Cinema: Sujangarh
[13:11:45]    ❌ 1102289 → Ambica Theatres 2K A/C DTS, Mandapeta
[13:11:45]    ❌ 1020401 → Dada (SV Cinemax) 4K Dolby 7.1, Tadipatri
[13:11:45]    ❌ 20856 → Pemmasani A/C DTS 2K, Tenali
[13:11:45]    ❌ 1102311 → Magic Frames Cinemas, Falcon Mall
[13:11:45]    ❌ 51512 → Vyas Cinema, Silkua, Kukshi
[13:11:45]    ... and 144 more
[13:11:46] 🎬 Source movie keys: 74
[13:11:46] 🎟️ Selected-venue show rows: 2977
[13:11:46] 🚫 Non-selected show rows ignored: 13357
[13:11:46] 📦 Previous shows: 1102
[13:11:46] 🆕 Fresh shows: 2977
[13:11:46] 📦 Final shows: 2977
[13:11:46] ✅ DONE | Shows=2977 | Movies=37
[13:11:46] 📄 Detailed: daily/data/20260819/detailed9.json
[13:11:46] 📄 Summary: daily/data/20260819/movie_summary9.json
