[10:14:20] 🚀 SCRIPT STARTED
[10:14:20] [1/459] NECA
[10:14:20] 🧠 New identity created
[10:14:21] [2/459] BJLC
[10:14:22] [3/459] BASU
[10:14:23] [4/459] RUPI
[10:14:24] [5/459] LCBK
[10:14:24] [6/459] PMAC
[10:14:25] [7/459] AMLC
[10:14:26] [8/459] LICL
[10:14:27] [9/459] UDMM
[10:14:27] [10/459] STBZ
[10:14:28] [11/459] UUBT
[10:14:29] [12/459] SJKC
[10:14:30] [13/459] TUAL
[10:14:31] [14/459] MRSE
[10:14:32] [15/459] RMRK
[10:14:32] [16/459] TTKP
[10:14:33] [17/459] KTKO
[10:14:34] [18/459] SDBK
[10:14:35] [19/459] MCPR
[10:14:36] [20/459] CHTI
[10:14:37] [21/459] GCCP
[10:14:37] [22/459] SRMY
[10:14:39] [23/459] NYST
[10:14:39] [24/459] NYAG
[10:14:40] [25/459] SBMT
[10:14:41] [26/459] INGA
[10:14:43] [27/459] WSIC
[10:14:43] [28/459] SCSS
[10:14:44] [29/459] COPG
[10:14:45] [30/459] RCGR
[10:14:46] [31/459] TCZA
[10:14:47] [32/459] CNLP
[10:14:48] [33/459] CLKN
[10:14:49] [34/459] LHDF
[10:14:50] [35/459] ELKC
[10:14:51] [36/459] VCEM
[10:14:52] [37/459] SSZA
[10:14:52] [38/459] KRMT
[10:14:53] [39/459] LCMV
[10:14:54] [40/459] AYCZ
[10:14:55] [41/459] CUMS
[10:14:56] [42/459] BOCK
[10:14:56] [43/459] PNMR
[10:14:57] [44/459] PJCP
[10:14:58] [45/459] JDDD
[10:14:59] [46/459] STMS
[10:15:00] [47/459] FLMB
[10:15:01] [48/459] PKCM
[10:15:02] [49/459] SPPR
[10:15:02] [50/459] EYLH
[10:15:04] [51/459] RJCC
[10:15:05] [52/459] MMPS
[10:15:06] [53/459] SHMX
[10:15:06] [54/459] CCNL
[10:15:07] [55/459] RCNV
[10:15:08] [56/459] MAAG
[10:15:09] [57/459] LXCM
[10:15:10] [58/459] RCNI
[10:15:11] [59/459] SNNI
[10:15:12] [60/459] LALC
[10:15:13] [61/459] SOCN
[10:15:14] [62/459] JHTP
[10:15:15] [63/459] PITP
[10:15:16] [64/459] CCKW
[10:15:17] [65/459] MCMC
[10:15:18] [66/459] DEES
[10:15:19] [67/459] SABT
[10:15:20] [68/459] VSPP
[10:15:20] [69/459] ABCT
[10:15:21] [70/459] JVTB
[10:15:22] [71/459] VCBD
[10:15:23] [72/459] RMGG
[10:15:24] [73/459] RNMH
[10:15:25] [74/459] SPGL
[10:15:26] [75/459] JTTR
[10:15:27] [76/459] SICS
[10:15:28] [77/459] SRMI
[10:15:29] [78/459] SSIJ
[10:15:30] [79/459] KFMT
[10:15:30] [80/459] VBIT
[10:15:31] [81/459] JKCT
[10:15:32] [82/459] GCGP
[10:15:33] [83/459] GDCS
[10:15:34] [84/459] TRBA
[10:15:35] [85/459] QUST
[10:15:35] [86/459] VSHM
[10:15:36] [87/459] SDCP
[10:15:37] [88/459] SNVS
[10:15:39] [89/459] NYTO
[10:15:40] [90/459] URWC
[10:15:41] [91/459] GTWH
[10:15:42] [92/459] PFCM
[10:15:42] [93/459] KRTA
[10:15:43] [94/459] AXMC
[10:15:44] [95/459] EVMC
[10:15:45] [96/459] HGSM
[10:15:45] [97/459] ACVM
[10:15:47] [98/459] PSKL
[10:15:49] [99/459] RDMP
[10:15:49] [100/459] RHGH
[10:15:50] [101/459] OMCM
[10:15:51] [102/459] DCCP
[10:15:51] [103/459] MCPB
[10:15:52] [104/459] ALCI
[10:15:54] [105/459] BLMX
[10:15:55] [106/459] BTMV
[10:15:55] [107/459] FVPN
[10:15:57] [108/459] CMAR
[10:15:58] [109/459] CEIM
[10:15:58] [110/459] CMVA
[10:15:59] [111/459] CPIV
[10:16:01] [112/459] CNPE
[10:16:02] [113/459] COLV
[10:16:02] [114/459] DNNV
[10:16:03] [115/459] HCAD
[10:16:04] [116/459] TAKA
[10:16:05] [117/459] INVD
[10:16:06] [118/459] IRMM
[10:16:07] [119/459] INSE
[10:16:08] [120/459] MRSW
[10:16:09] [121/459] MCVD
[10:16:10] [122/459] MCSO
[10:16:11] [123/459] PEVM
[10:16:12] [124/459] PVNL
[10:16:13] [125/459] PTCV
[10:16:14] [126/459] PRTC
[10:16:15] [127/459] RCVA
[10:16:15] [128/459] MTBN
[10:16:16] [129/459] LUCP
[10:16:17] [130/459] FMPT
[10:16:18] [131/459] JLSL
[10:16:19] [132/459] SBHA
[10:16:21] [133/459] SHRC
[10:16:22] [134/459] AVPS
[10:16:23] [135/459] STPM
[10:16:24] [136/459] ATRD
[10:16:25] [137/459] VTED
[10:16:26] [138/459] ACAI
[10:16:26] [139/459] SMAE
[10:16:27] [140/459] VMAT
[10:16:28] [141/459] LKCT
[10:16:29] [142/459] JTVK
[10:16:30] [143/459] PRTY
[10:16:31] [144/459] GETT
[10:16:32] [145/459] ESAP
[10:16:32] [146/459] NCPM
[10:16:33] [147/459] PCPA
[10:16:34] [148/459] MMOM
[10:16:35] [149/459] PHUP
[10:16:36] [150/459] CCPI
[10:16:37] [151/459] CNTD
[10:16:38] [152/459] NLJR
[10:16:39] [153/459] SRNG
[10:16:40] [154/459] MHAL
[10:16:41] [155/459] PNSM
[10:16:42] [156/459] DRMY
[10:16:43] [157/459] CCMU
[10:16:43] [158/459] SCMY
[10:16:44] [159/459] PVSY
[10:16:46] [160/459] SDLM
[10:16:47] [161/459] ICCM
[10:16:47] [162/459] PYSU
[10:16:48] [163/459] GATM
[10:16:49] [164/459] WOTM
[10:16:50] [165/459] RKTS
[10:16:50] [166/459] PMTY
[10:16:51] [167/459] LYMS
[10:16:52] [168/459] TGCA
[10:16:53] [169/459] DSTA
[10:16:54] [170/459] CNGE
[10:16:55] [171/459] VSTG
[10:16:56] [172/459] GTCK
[10:16:57] [173/459] TGNT
[10:16:58] [174/459] ASLC
[10:16:58] [175/459] SSST
[10:16:59] [176/459] KBTT
[10:17:00] [177/459] HKCP
[10:17:01] [178/459] SWLC
[10:17:02] [179/459] RTND
[10:17:03] [180/459] PKKT
[10:17:03] [181/459] HSTK
[10:17:04] [182/459] SPTT
[10:17:05] [183/459] IMPM
[10:17:06] [184/459] SCMV
[10:17:07] [185/459] SPCT
[10:17:07] [186/459] JBCA
[10:17:08] [187/459] ATTR
[10:17:09] [188/459] SPMT
[10:17:10] [189/459] LCTM
[10:17:11] [190/459] SCVL
[10:17:11] [191/459] SCVT
[10:17:13] [192/459] KRIC
[10:17:14] [193/459] CTMG
[10:17:15] [194/459] ACNC
[10:17:16] [195/459] DMCK
[10:17:16] [196/459] KMTV
[10:17:17] [197/459] PFCJ
[10:17:18] [198/459] VNMD
[10:17:19] [199/459] VPCZ
[10:17:20] [200/459] SRYR
[10:17:21] [201/459] SYTR
[10:17:21] [202/459] GATR
[10:17:22] [203/459] URTR
[10:17:24] [204/459] MKSM
[10:17:24] [205/459] VSMH
[10:17:25] [206/459] SKRJ
[10:17:26] [207/459] SSJR
[10:17:27] [208/459] SVSM
[10:17:28] [209/459] RUCM
[10:17:29] [210/459] PRKN
[10:17:29] [211/459] RROH
[10:17:30] [212/459] SCTN
[10:17:31] [213/459] RTDM
[10:17:32] [214/459] ASRM
[10:17:33] [215/459] SKMD
[10:17:34] [216/459] SUTD
[10:17:35] [217/459] SADM
[10:17:36] [218/459] WCNR
[10:17:36] [219/459] CNED
[10:17:37] [220/459] MPDB
[10:17:39] [221/459] KTBH
[10:17:40] [222/459] IDRM
[10:17:40] [223/459] PJJT
[10:17:41] [224/459] PFCV
[10:17:42] [225/459] AACT
[10:17:43] [226/459] AAAD
[10:17:43] [227/459] ANES
[10:17:44] [228/459] MNCA
[10:17:45] [229/459] RMGU
[10:17:46] [230/459] DLCN
[10:17:47] [231/459] LJWT
[10:17:47] [232/459] MCBG
[10:17:48] [233/459] MYBG
[10:17:49] [234/459] GCCA
[10:17:50] [235/459] GCGA
[10:17:50] [236/459] ECGN
[10:17:51] [237/459] PRAB
[10:17:53] [238/459] PNMP
[10:17:54] [239/459] GCPT
[10:17:56] [240/459] ROYN
[10:17:57] [241/459] VATM
[10:17:58] [242/459] KSNT
[10:17:59] [243/459] ACTC
[10:17:59] [244/459] PLTD
[10:18:00] [245/459] SKMK
[10:18:02] [246/459] CMTT
[10:18:03] [247/459] SMXP
[10:18:04] [248/459] SCMX
[10:18:05] [249/459] ACXN
[10:18:05] [250/459] ASWT
[10:18:07] [251/459] VVVL
[10:18:08] [252/459] NAGO
[10:18:09] [253/459] SNCN
[10:18:10] [254/459] MCKP
[10:18:11] [255/459] SAMO
[10:18:12] [256/459] JBTV
[10:18:12] [257/459] DCVV
[10:18:13] [258/459] KMSV
[10:18:14] [259/459] KDCN
[10:18:15] [260/459] CNCP
[10:18:16] [261/459] HAMC
[10:18:16] [262/459] CCVZ
[10:18:17] [263/459] NCCK
[10:18:18] [264/459] MCHR
[10:18:19] [265/459] SCHT
[10:18:20] [266/459] ESSH
[10:18:20] [267/459] CUJC
[10:18:21] [268/459] PECP
[10:18:22] [269/459] PMMI
[10:18:23] [270/459] PCCH
[10:18:25] [271/459] PRPM
[10:18:25] [272/459] PVKL
[10:18:26] [273/459] CBSM
[10:18:27] [274/459] PVCZ
[10:18:28] [275/459] PCVV
[10:18:29] [276/459] CTMJ
[10:18:30] [277/459] RCPS
[10:18:30] [278/459] PCIT
[10:18:31] [279/459] FNCH
[10:18:32] [280/459] INZD
[10:18:33] [281/459] INPC
[10:18:34] [282/459] LCZP
[10:18:35] [283/459] SMCB
[10:18:36] [284/459] PTSB
[10:18:37] [285/459] TPSI
[10:18:37] [286/459] KHMJ
[10:18:38] [287/459] RCCJ
[10:18:39] [288/459] NCJA
[10:18:40] [289/459] NCJN
[10:18:41] [290/459] BTDP
[10:18:42] [291/459] PADY
[10:18:42] [292/459] NYBH
[10:18:43] [293/459] MTBR
[10:18:44] [294/459] KRBC
[10:18:45] [295/459] DKTI
[10:18:46] [296/459] ANAN
[10:18:46] [297/459] INBP
[10:18:47] [298/459] PATB
[10:18:48] [299/459] RGNT
[10:18:49] [300/459] CGPM
[10:18:50] [301/459] INTN
[10:18:51] [302/459] MCMP
[10:18:52] [303/459] ASRG
[10:18:53] [304/459] CXJD
[10:18:53] [305/459] SPCP
[10:18:55] [306/459] CSTP
[10:18:56] [307/459] PKVC
[10:18:57] [308/459] ESCP
[10:18:58] [309/459] CAEP
[10:18:58] [310/459] CCSP
[10:18:59] [311/459] KTPC
[10:19:00] [312/459] DACA
[10:19:01] [313/459] NVKY
[10:19:01] [314/459] PTIN
[10:19:03] [315/459] SCIN
[10:19:04] [316/459] MCTY
[10:19:05] [317/459] PCMX
[10:19:05] [318/459] INIC
[10:19:06] [319/459] MMZM
[10:19:07] [320/459] SSLP
[10:19:07] [321/459] DTDT
[10:19:08] [322/459] FFCX
[10:19:09] [323/459] RCMM
[10:19:10] [324/459] KYID
[10:19:11] [325/459] CSCI
[10:19:12] [326/459] FCMC
[10:19:13] [327/459] MMXI
[10:19:14] [328/459] ASTC
[10:19:14] [329/459] CMRA
[10:19:15] [330/459] DICI
[10:19:16] [331/459] KDIN
[10:19:17] [332/459] PRFI
[10:19:18] [333/459] SVFC
[10:19:19] [334/459] UCPL
[10:19:20] [335/459] COOC
[10:19:20] [336/459] SCAL
[10:19:21] [337/459] SVFF
[10:19:23] [338/459] VCMG
[10:19:23] [339/459] UUCT
[10:19:25] [340/459] GCSE
[10:19:26] [341/459] SUSC
[10:19:27] [342/459] MISC
[10:19:27] [343/459] RMBL
[10:19:28] [344/459] CMXN
[10:19:30] [345/459] PVBK
[10:19:31] [346/459] HHCG
[10:19:32] [347/459] SCAG
[10:19:32] [348/459] CNPR
[10:19:33] [349/459] CSER
[10:19:34] [350/459] HLWD
[10:19:35] [351/459] BOLY
[10:19:36] [352/459] SSPG
[10:19:37] [353/459] MUPX
[10:19:37] [354/459] HAMR
[10:19:38] [355/459] SDNC
[10:19:40] [356/459] RTEN
[10:19:40] [357/459] SDTD
[10:19:41] [358/459] KAWS
[10:19:42] [359/459] CMZX
[10:19:43] [360/459] DCDD
[10:19:44] [361/459] ALSN
[10:19:44] [362/459] IMXS
[10:19:45] [363/459] PVFF
[10:19:46] [364/459] PVOO
[10:19:47] [365/459] CFBS
[10:19:48] [366/459] PVER
[10:19:49] [367/459] PPNX
[10:19:50] [368/459] CNRM
[10:19:51] [369/459] PVWW
[10:19:51] [370/459] INMB
[10:19:52] [371/459] CPJR
[10:19:53] [372/459] INRZ
[10:19:54] [373/459] PMSR
[10:19:55] [374/459] GPGM
[10:19:56] [375/459] PGWB
[10:19:58] [376/459] PMBR
[10:19:58] [377/459] GPAM
[10:19:59] [378/459] INBC
[10:20:00] [379/459] PZVK
[10:20:01] [380/459] CPEB
[10:20:02] [381/459] FMLB
[10:20:02] [382/459] INBG
[10:20:03] [383/459] GPBR
[10:20:04] [384/459] PAAS
[10:20:05] [385/459] VTBR
[10:20:06] [386/459] GPMY
[10:20:07] [387/459] GYBU
[10:20:08] [388/459] INBJ
[10:20:08] [389/459] LKTH
[10:20:09] [390/459] NSBR
[10:20:10] [391/459] PDRD
[10:20:12] [392/459] VRBL
[10:20:12] [393/459] VTGB
[10:20:13] [394/459] VTSK
[10:20:14] [395/459] BKDV
[10:20:15] [396/459] SVTB
[10:20:16] [397/459] MLDT
[10:20:17] [398/459] NRBL
[10:20:18] [399/459] SLTR
[10:20:19] [400/459] VNKA
[10:20:19] [401/459] TDCA
[10:20:20] [402/459] INBM
[10:20:22] [403/459] SSNR
[10:20:23] [404/459] BHAC
[10:20:25] [405/459] SDSD
[10:20:25] [406/459] SAMP
[10:20:26] [407/459] RATK
[10:20:27] [408/459] KCBI
[10:20:28] [409/459] URBL
[10:20:29] [410/459] MKBG
[10:20:30] [411/459] ASTB
[10:20:31] [412/459] VBWT
[10:20:32] [413/459] GPSM
[10:20:32] [414/459] ROON
[10:20:33] [415/459] CHTH
[10:20:35] [416/459] SSPA
[10:20:35] [417/459] ANBL
[10:20:36] [418/459] VTBE
[10:20:37] [419/459] SVKT
[10:20:38] [420/459] SVYK
[10:20:38] [421/459] PTBK
[10:20:39] [422/459] RKTB
[10:20:40] [423/459] BALT
[10:20:41] [424/459] STSV
[10:20:42] [425/459] VCCB
[10:20:42] [426/459] SLTB
[10:20:43] [427/459] SBCR
[10:20:44] [428/459] VDCS
[10:20:45] [429/459] MDKI
[10:20:46] [430/459] SMRN
[10:20:47] [431/459] PTBC
[10:20:48] [432/459] RADI
[10:20:49] [433/459] ADCR
[10:20:49] [434/459] SDCS
[10:20:50] [435/459] SRPJ
[10:20:51] [436/459] ARTS
[10:20:52] [437/459] SRHK
[10:20:53] [438/459] SPAY
[10:20:53] [439/459] GPTB
[10:20:54] [440/459] SNNN
[10:20:55] [441/459] BALJ
[10:20:56] [442/459] TRIG
[10:20:56] [443/459] GTYT
[10:20:57] [444/459] ATGN
[10:20:58] [445/459] ANTE
[10:20:59] [446/459] BDCG
[10:21:00] [447/459] VECI
[10:21:00] [448/459] SCPR
[10:21:01] [449/459] RTEA
[10:21:02] [450/459] JSAI
[10:21:03] [451/459] VJTP
[10:21:04] [452/459] GNDS
[10:21:05] [453/459] PAXA
[10:21:06] [454/459] CGGM
[10:21:07] [455/459] ACKZ
[10:21:08] [456/459] EMCC
[10:21:09] [457/459] KLSK
[10:21:10] [458/459] AVCK
[10:21:10] [459/459] JTCK
[10:21:11] 🧹 Deduping shows
[10:21:11] ✅ DONE | Shows=74 | Movies=12
