[10:14:20] 🚀 SCRIPT STARTED (enhanced anti‑detection)
[10:14:20] [1/458] MBDC
[10:14:21] 🧠 New identity created
[10:14:21] [2/458] CHKM
[10:14:22] [3/458] JTKZ
[10:14:23] [4/458] CMCT
[10:14:24] [5/458] ASHO
[10:14:25] [6/458] ECDG
[10:14:26] [7/458] SPAT
[10:14:27] [8/458] HILC
[10:14:27] [9/458] SPPH
[10:14:28] [10/458] SBHN
[10:14:29] 🔄 Identity reset
[10:14:29] 🔄 Identity rotated (every 10 requests)
[10:14:29] [11/458] RRCA
[10:14:30] [12/458] APAA
[10:14:32] [13/458] RAME
[10:14:32] [14/458] TMMS
[10:14:33] [15/458] BATK
[10:14:35] [16/458] LKOP
[10:14:36] [17/458] AMTT
[10:14:37] [18/458] PTGK
[10:14:39] [19/458] ANRS
[10:14:40] [20/458] VWBW
[10:14:40] 🔄 Identity reset
[10:14:40] 🔄 Identity rotated (every 10 requests)
[10:14:40] [21/458] SVFG
[10:14:42] [22/458] STAT
[10:14:43] [23/458] GDCV
[10:14:44] [24/458] VEBI
[10:14:45] [25/458] VDSS
[10:14:46] [26/458] NTHV
[10:14:47] [27/458] AOCH
[10:14:48] [28/458] KASR
[10:14:48] [29/458] AYCS
[10:14:49] [30/458] SHAI
[10:14:50] 🔄 Identity reset
[10:14:50] 🔄 Identity rotated (every 10 requests)
[10:14:51] [31/458] SKPE
[10:14:52] [32/458] SBTA
[10:14:53] [33/458] RTTD
[10:14:54] [34/458] CCJD
[10:14:54] [35/458] RSJJ
[10:14:55] [36/458] RKND
[10:14:56] [37/458] SVTX
[10:14:57] [38/458] BAKM
[10:14:58] [39/458] SVDC
[10:14:59] [40/458] MNCV
[10:14:59] 🔄 Identity reset
[10:14:59] 🔄 Identity rotated (every 10 requests)
[10:14:59] [41/458] SJGC
[10:15:00] [42/458] MTPK
[10:15:02] [43/458] GATP
[10:15:03] [44/458] ABTS
[10:15:03] [45/458] ABDE
[10:15:04] [46/458] RCNM
[10:15:05] [47/458] KTHV
[10:15:06] [48/458] MDGJ
[10:15:07] [49/458] SMLM
[10:15:08] [50/458] JTMA
[10:15:08] 🔄 Identity reset
[10:15:08] 🔄 Identity rotated (every 10 requests)
[10:15:08] 🔄 Retry 1/5 for JTMA in 2.4s
[10:15:08] 🔄 Identity reset
[10:15:11] 🧠 New identity created
[10:15:11] [51/458] ACKP
[10:15:12] [52/458] SRTA
[10:15:12] [53/458] STAY
[10:15:13] [54/458] MAVO
[10:15:14] [55/458] APTS
[10:15:15] [56/458] OMEA
[10:15:16] [57/458] TTFD
[10:15:17] [58/458] MJCU
[10:15:17] [59/458] CXTE
[10:15:18] 🔄 Identity reset
[10:15:18] 🔄 Identity rotated (every 10 requests)
[10:15:19] [60/458] CTPX
[10:15:20] [61/458] ASSL
[10:15:21] [62/458] CMVB
[10:15:22] [63/458] VPUR
[10:15:22] [64/458] JJDA
[10:15:23] [65/458] INBL
[10:15:24] [66/458] BIKB
[10:15:26] [67/458] NTBB
[10:15:27] [68/458] GLOB
[10:15:27] [69/458] SNTB
[10:15:28] 🔄 Identity reset
[10:15:28] 🔄 Identity rotated (every 10 requests)
[10:15:28] [70/458] CHGV
[10:15:30] [71/458] SSBZ
[10:15:31] [72/458] PRDB
[10:15:31] [73/458] ISMT
[10:15:32] [74/458] MCSD
[10:15:33] [75/458] JBTT
[10:15:34] [76/458] GEKR
[10:15:35] [77/458] PVUN
[10:15:35] [78/458] NRTB
[10:15:36] [79/458] PRAA
[10:15:37] 🔄 Identity reset
[10:15:37] 🔄 Identity rotated (every 10 requests)
[10:15:37] [80/458] PCBL
[10:15:38] [81/458] PTCM
[10:15:39] [82/458] KHNN
[10:15:40] [83/458] OMJE
[10:15:41] [84/458] STGN
[10:15:42] [85/458] RPMS
[10:15:43] [86/458] NWAD
[10:15:43] [87/458] BLCK
[10:15:44] [88/458] SVAA
[10:15:45] [89/458] URVM
[10:15:45] 🔄 Identity reset
[10:15:45] 🔄 Identity rotated (every 10 requests)
[10:15:46] [90/458] ANTM
[10:15:47] [91/458] VJYM
[10:15:48] [92/458] MAZZ
[10:15:49] [93/458] CSHM
[10:15:50] [94/458] WGMH
[10:15:50] [95/458] SALN
[10:15:51] [96/458] BRTP
[10:15:52] [97/458] SVTA
[10:15:53] [98/458] SBTP
[10:15:53] [99/458] VLSS
[10:15:54] 🔄 Identity reset
[10:15:54] 🔄 Identity rotated (every 10 requests)
[10:15:54] [100/458] SRJA
[10:15:55] [101/458] ANCG
[10:15:56] [102/458] CGGC
[10:15:57] [103/458] CRJA
[10:15:58] [104/458] USCR
[10:15:59] [105/458] MMEF
[10:16:00] [106/458] JCRJ
[10:16:01] [107/458] ADCM
[10:16:02] [108/458] BMYK
[10:16:03] [109/458] KICS
[10:16:04] 🔄 Identity reset
[10:16:04] 🔄 Identity rotated (every 10 requests)
[10:16:04] [110/458] MBBT
[10:16:05] [111/458] MACK
[10:16:06] [112/458] CLDR
[10:16:07] [113/458] JYCR
[10:16:07] [114/458] DCRP
[10:16:08] [115/458] RAHT
[10:16:10] [116/458] CSSM
[10:16:11] [117/458] ATPK
[10:16:12] [118/458] KLRT
[10:16:13] [119/458] SRDD
[10:16:13] 🔄 Identity reset
[10:16:13] 🔄 Identity rotated (every 10 requests)
[10:16:13] [120/458] CKMC
[10:16:14] [121/458] KRVM
[10:16:15] [122/458] AKCP
[10:16:16] [123/458] CNCV
[10:16:17] [124/458] PACT
[10:16:18] [125/458] NATP
[10:16:19] [126/458] PCPK
[10:16:20] [127/458] SMHO
[10:16:21] [128/458] CWTK
[10:16:22] [129/458] RVKZ
[10:16:22] 🔄 Identity reset
[10:16:22] 🔄 Identity rotated (every 10 requests)
[10:16:22] 🔄 Retry 1/5 for RVKZ in 2.0s
[10:16:22] 🔄 Identity reset
[10:16:24] 🧠 New identity created
[10:16:24] 🔄 Retry 2/5 for RVKZ in 4.4s
[10:16:24] 🔄 Identity reset
[10:16:29] 🧠 New identity created
[10:16:29] [130/458] ASPD
[10:16:30] [131/458] VTKZ
[10:16:31] [132/458] LCSO
[10:16:32] [133/458] PRDY
[10:16:33] [134/458] RCAP
[10:16:34] [135/458] RGAR
[10:16:35] [136/458] RCAC
[10:16:36] [137/458] PMOD
[10:16:36] 🔄 Identity reset
[10:16:36] 🔄 Identity rotated (every 10 requests)
[10:16:37] [138/458] PVCN
[10:16:38] [139/458] SCRZ
[10:16:39] [140/458] PVPC
[10:16:40] [141/458] STID
[10:16:41] [142/458] NEDD
[10:16:41] [143/458] BNBA
[10:16:42] [144/458] NTCD
[10:16:43] [145/458] OCDE
[10:16:44] [146/458] CCDU
[10:16:45] [147/458] CRXH
[10:16:45] 🔄 Identity reset
[10:16:46] 🔄 Identity rotated (every 10 requests)
[10:16:46] [148/458] VLVT
[10:16:47] [149/458] CICI
[10:16:48] [150/458] SUCB
[10:16:49] [151/458] TCBP
[10:16:50] [152/458] SCCY
[10:16:51] [153/458] LXCY
[10:16:52] [154/458] NCMD
[10:16:52] [155/458] PHCS
[10:16:53] [156/458] DUXR
[10:16:54] [157/458] VNKS
[10:16:55] 🔄 Identity reset
[10:16:55] 🔄 Identity rotated (every 10 requests)
[10:16:55] [158/458] SEDP
[10:16:57] [159/458] SVEN
[10:16:57] [160/458] SRKM
[10:16:58] [161/458] JTLT
[10:16:59] [162/458] SVSS
[10:17:00] [163/458] AMDE
[10:17:00] [164/458] WVRN
[10:17:01] [165/458] ISMG
[10:17:02] [166/458] WVKS
[10:17:04] [167/458] USCG
[10:17:04] 🔄 Identity reset
[10:17:04] 🔄 Identity rotated (every 10 requests)
[10:17:05] [168/458] IOTG
[10:17:06] [169/458] RRJM
[10:17:06] [170/458] EDMP
[10:17:07] [171/458] SCGZ
[10:17:08] [172/458] GMGX
[10:17:09] [173/458] OMTP
[10:17:10] [174/458] MITD
[10:17:11] [175/458] SMMD
[10:17:12] [176/458] STML
[10:17:13] [177/458] MCFS
[10:17:14] 🔄 Identity reset
[10:17:14] 🔄 Identity rotated (every 10 requests)
[10:17:14] 🔄 Retry 1/5 for MCFS in 2.6s
[10:17:14] 🔄 Identity reset
[10:17:16] 🧠 New identity created
[10:17:17] [178/458] FPKA
[10:17:17] [179/458] OMLR
[10:17:18] [180/458] KKSC
[10:17:19] [181/458] RVMA
[10:17:20] [182/458] SCLL
[10:17:21] [183/458] SCDK
[10:17:22] [184/458] SXMI
[10:17:23] [185/458] SHDN
[10:17:23] [186/458] PAAD
[10:17:24] 🔄 Identity reset
[10:17:24] 🔄 Identity rotated (every 10 requests)
[10:17:24] [187/458] UUCB
[10:17:25] [188/458] JHOL
[10:17:26] [189/458] SGWT
[10:17:27] [190/458] SRII
[10:17:29] [191/458] SGCK
[10:17:30] [192/458] SVVB
[10:17:31] [193/458] DMHA
[10:17:31] [194/458] PPNL
[10:17:32] [195/458] CPNL
[10:17:33] [196/458] WVLD
[10:17:34] 🔄 Identity reset
[10:17:34] 🔄 Identity rotated (every 10 requests)
[10:17:34] 🔄 Retry 1/5 for WVLD in 2.7s
[10:17:34] 🔄 Identity reset
[10:17:36] 🧠 New identity created
[10:17:36] 🔄 Retry 2/5 for WVLD in 4.3s
[10:17:36] 🔄 Identity reset
[10:17:41] 🧠 New identity created
[10:17:41] 🔄 Retry 3/5 for WVLD in 8.6s
[10:17:41] 🔄 Identity reset
[10:17:49] 🧠 New identity created
[10:17:49] 🔄 Retry 4/5 for WVLD in 16.4s
[10:17:49] 🔄 Identity reset
[10:18:06] 🧠 New identity created
[10:18:06] ❌ WVLD failed after 5 attempts
[10:18:06] 🔄 Identity reset
[10:18:06] ❌ WVLD final failure | RuntimeError | HTTP 403
[10:18:06] [197/458] PSLV
[10:18:07] 🧠 New identity created
[10:18:07] 🔄 Retry 1/5 for PSLV in 2.6s
[10:18:07] 🔄 Identity reset
[10:18:09] 🧠 New identity created
[10:18:09] 🔄 Retry 2/5 for PSLV in 4.3s
[10:18:09] 🔄 Identity reset
[10:18:14] 🧠 New identity created
[10:18:14] [198/458] VTTL
[10:18:15] [199/458] NPAD
[10:18:16] [200/458] PVCS
[10:18:16] 🔄 Identity reset
[10:18:16] 🔄 Identity rotated (every 10 requests)
[10:18:16] 🔄 Retry 1/5 for PVCS in 2.4s
[10:18:16] 🔄 Identity reset
[10:18:19] 🧠 New identity created
[10:18:19] [201/458] MCHL
[10:18:19] [202/458] PPLL
[10:18:20] [203/458] MALO
[10:18:21] [204/458] SWBH
[10:18:22] [205/458] PUGB
[10:18:23] [206/458] INBB
[10:18:24] [207/458] INNS
[10:18:25] [208/458] MCPT
[10:18:25] [209/458] SCMI
[10:18:26] 🔄 Identity reset
[10:18:26] 🔄 Identity rotated (every 10 requests)
[10:18:26] 🔄 Retry 1/5 for SCMI in 2.6s
[10:18:26] 🔄 Identity reset
[10:18:29] 🧠 New identity created
[10:18:29] 🔄 Retry 2/5 for SCMI in 5.0s
[10:18:29] 🔄 Identity reset
[10:18:34] 🧠 New identity created
[10:18:34] [210/458] OCON
[10:18:35] [211/458] SCSM
[10:18:36] [212/458] RJVN
[10:18:37] [213/458] AMDK
[10:18:38] [214/458] ISMR
[10:18:39] [215/458] SMTD
[10:18:39] [216/458] VTDD
[10:18:40] [217/458] PDDZ
[10:18:41] 🔄 Identity reset
[10:18:41] 🔄 Identity rotated (every 10 requests)
[10:18:41] [218/458] PCCK
[10:18:43] [219/458] INAM
[10:18:44] [220/458] FNKT
[10:18:44] [221/458] GDKA
[10:18:45] [222/458] MAYU
[10:18:46] [223/458] TCGU
[10:18:47] [224/458] KDCA
[10:18:48] [225/458] DOMY
[10:18:49] [226/458] PDDD
[10:18:50] [227/458] BJTS
[10:18:50] 🔄 Identity reset
[10:18:50] 🔄 Identity rotated (every 10 requests)
[10:18:50] [228/458] VTCA
[10:18:51] [229/458] SBTM
[10:18:52] [230/458] SEET
[10:18:53] [231/458] SSTJ
[10:18:54] [232/458] SVNT
[10:18:55] [233/458] PPPR
[10:18:56] [234/458] PVYS
[10:18:56] [235/458] IOSE
[10:18:57] [236/458] ACTV
[10:18:58] [237/458] APVE
[10:18:59] 🔄 Identity reset
[10:18:59] 🔄 Identity rotated (every 10 requests)
[10:18:59] [238/458] TCCL
[10:19:00] [239/458] SCMO
[10:19:00] [240/458] SAUM
[10:19:01] [241/458] KCJS
[10:19:02] [242/458] NJCJ
[10:19:03] [243/458] NECF
[10:19:04] [244/458] CCGW
[10:19:05] [245/458] CCMG
[10:19:06] [246/458] NYRG
[10:19:07] [247/458] NCSQ
[10:19:07] 🔄 Identity reset
[10:19:07] 🔄 Identity rotated (every 10 requests)
[10:19:08] [248/458] GRCG
[10:19:09] [249/458] CCBT
[10:19:10] [250/458] ACGA
[10:19:11] [251/458] INAG
[10:19:11] [252/458] FUCG
[10:19:12] [253/458] AICF
[10:19:13] [254/458] GRGA
[10:19:14] [255/458] GDCN
[10:19:15] [256/458] RRCG
[10:19:16] [257/458] SDCH
[10:19:16] 🔄 Identity reset
[10:19:16] 🔄 Identity rotated (every 10 requests)
[10:19:16] [258/458] WVJM
[10:19:17] [259/458] JCCZ
[10:19:18] [260/458] CNCL
[10:19:19] [261/458] TMLV
[10:19:20] [262/458] MEMB
[10:19:21] [263/458] SGTD
[10:19:22] [264/458] CONX
[10:19:22] [265/458] CCMH
[10:19:23] [266/458] ACMC
[10:19:24] [267/458] DTPD
[10:19:25] 🔄 Identity reset
[10:19:25] 🔄 Identity rotated (every 10 requests)
[10:19:25] [268/458] POJA
[10:19:26] [269/458] FNBH
[10:19:27] [270/458] CGCB
[10:19:27] [271/458] RACN
[10:19:28] [272/458] JTSM
[10:19:29] [273/458] SCDN
[10:19:30] [274/458] AACK
[10:19:31] [275/458] RMCE
[10:19:32] [276/458] BSGB
[10:19:33] [277/458] MRCB
[10:19:33] 🔄 Identity reset
[10:19:33] 🔄 Identity rotated (every 10 requests)
[10:19:34] [278/458] SRVR
[10:19:35] [279/458] VTKK
[10:19:36] [280/458] AMST
[10:19:37] [281/458] APCY
[10:19:38] [282/458] LMHO
[10:19:39] [283/458] MTZH
[10:19:40] [284/458] AMZB
[10:19:41] [285/458] SUVT
[10:19:42] [286/458] RCIP
[10:19:42] [287/458] KESR
[10:19:43] 🔄 Identity reset
[10:19:43] 🔄 Identity rotated (every 10 requests)
[10:19:43] 🔄 Retry 1/5 for KESR in 2.5s
[10:19:43] 🔄 Identity reset
[10:19:46] 🧠 New identity created
[10:19:47] [288/458] SNKC
[10:19:48] [289/458] SCED
[10:19:49] [290/458] DVCA
[10:19:49] [291/458] VCDT
[10:19:51] [292/458] RRDI
[10:19:52] [293/458] DFCH
[10:19:53] [294/458] INSC
[10:19:54] [295/458] RGTR
[10:19:55] [296/458] FMOT
[10:19:55] 🔄 Identity reset
[10:19:55] 🔄 Identity rotated (every 10 requests)
[10:19:56] [297/458] SCPM
[10:19:57] [298/458] GCDT
[10:19:57] [299/458] BRKT
[10:19:58] [300/458] DEMP
[10:19:59] [301/458] SRLC
[10:20:00] [302/458] KSTT
[10:20:01] [303/458] SMMT
[10:20:02] [304/458] SILM
[10:20:03] [305/458] JCVM
[10:20:04] [306/458] KCSV
[10:20:05] 🔄 Identity reset
[10:20:05] 🔄 Identity rotated (every 10 requests)
[10:20:05] [307/458] MHLK
[10:20:06] [308/458] SLVL
[10:20:07] [309/458] RJKP
[10:20:08] [310/458] BBPC
[10:20:08] [311/458] MXCB
[10:20:09] [312/458] TCPK
[10:20:11] [313/458] RTBR
[10:20:12] [314/458] GAUT
[10:20:12] [315/458] DVCF
[10:20:13] [316/458] JTSB
[10:20:14] 🔄 Identity reset
[10:20:14] 🔄 Identity rotated (every 10 requests)
[10:20:15] [317/458] SBLS
[10:20:16] [318/458] UDAY
[10:20:17] [319/458] PTNP
[10:20:18] [320/458] DMKT
[10:20:19] [321/458] NTDT
[10:20:20] [322/458] SHDJ
[10:20:21] [323/458] OTNC
[10:20:22] [324/458] RNTW
[10:20:23] [325/458] GCMI
[10:20:24] [326/458] CRCM
[10:20:25] 🔄 Identity reset
[10:20:25] 🔄 Identity rotated (every 10 requests)
[10:20:25] [327/458] NNCZ
[10:20:26] [328/458] OEMO
[10:20:27] [329/458] PVJM
[10:20:28] [330/458] CPJI
[10:20:29] [331/458] RMCJ
[10:20:30] [332/458] CNWJ
[10:20:31] [333/458] EPJM
[10:20:32] [334/458] FNJJ
[10:20:33] [335/458] GCMJ
[10:20:34] [336/458] INPS
[10:20:34] 🔄 Identity reset
[10:20:34] 🔄 Identity rotated (every 10 requests)
[10:20:35] [337/458] BICJ
[10:20:35] [338/458] ISTJ
[10:20:36] [339/458] INJC
[10:20:37] [340/458] GLXJ
[10:20:38] [341/458] INEM
[10:20:39] [342/458] JTMN
[10:20:40] [343/458] FRCJ
[10:20:41] [344/458] DDJP
[10:20:42] [345/458] INJV
[10:20:43] [346/458] GOLC
[10:20:43] 🔄 Identity reset
[10:20:43] 🔄 Identity rotated (every 10 requests)
[10:20:43] [347/458] KOCI
[10:20:44] [348/458] FSTD
[10:20:45] [349/458] PACJ
[10:20:46] [350/458] GMCN
[10:20:46] [351/458] MMDJ
[10:20:48] [352/458] GODH
[10:20:49] [353/458] SKYN
[10:20:50] [354/458] NCTH
[10:20:51] [355/458] SKVZ
[10:20:53] [356/458] SVML
[10:20:54] 🔄 Identity reset
[10:20:54] 🔄 Identity rotated (every 10 requests)
[10:20:54] [357/458] ACVZ
[10:20:55] [358/458] SURA
[10:20:56] [359/458] RTRB
[10:20:57] [360/458] LLCT
[10:20:58] [361/458] ATTS
[10:20:59] [362/458] JYCM
[10:21:00] [363/458] CTKR
[10:21:01] [364/458] LCKR
[10:21:02] [365/458] NYCV
[10:21:03] [366/458] NYOH
[10:21:03] 🔄 Identity reset
[10:21:03] 🔄 Identity rotated (every 10 requests)
[10:21:04] [367/458] NOVX
[10:21:05] [368/458] MRGK
[10:21:06] [369/458] MOON
[10:21:06] [370/458] SBUC
[10:21:07] [371/458] GSVA
[10:21:08] [372/458] VIAK
[10:21:09] [373/458] SMVZ
[10:21:10] [374/458] MATE
[10:21:10] [375/458] RDCN
[10:21:11] [376/458] ASBL
[10:21:12] 🔄 Identity reset
[10:21:12] 🔄 Identity rotated (every 10 requests)
[10:21:13] [377/458] ASVS
[10:21:14] [378/458] ASSR
[10:21:15] [379/458] SSKN
[10:21:16] [380/458] DRPV
[10:21:17] [381/458] MRHT
[10:21:18] [382/458] BSCN
[10:21:19] [383/458] RKNX
[10:21:20] [384/458] MSMC
[10:21:21] [385/458] MSCJ
[10:21:22] [386/458] BTBJ
[10:21:22] 🔄 Identity reset
[10:21:22] 🔄 Identity rotated (every 10 requests)
[10:21:22] [387/458] MJCC
[10:21:23] [388/458] IOMM
[10:21:24] [389/458] ADGR
[10:21:25] [390/458] MYCP
[10:21:26] [391/458] IGCM
[10:21:27] [392/458] PGRK
[10:21:28] [393/458] VPGO
[10:21:29] [394/458] KOMS
[10:21:30] [395/458] URGG
[10:21:30] [396/458] GOST
[10:21:31] 🔄 Identity reset
[10:21:31] 🔄 Identity rotated (every 10 requests)
[10:21:31] 🔄 Retry 1/5 for GOST in 2.2s
[10:21:31] 🔄 Identity reset
[10:21:34] 🧠 New identity created
[10:21:34] [397/458] LACT
[10:21:35] [398/458] BWCM
[10:21:35] [399/458] NCCW
[10:21:36] [400/458] SKYC
[10:21:38] [401/458] CCPM
[10:21:39] [402/458] VCBT
[10:21:40] [403/458] SDKR
[10:21:41] [404/458] CTYB
[10:21:41] [405/458] SHCX
[10:21:42] 🔄 Identity reset
[10:21:42] 🔄 Identity rotated (every 10 requests)
[10:21:42] [406/458] RCUN
[10:21:43] [407/458] CNRA
[10:21:44] [408/458] RFCA
[10:21:44] [409/458] RDCU
[10:21:45] [410/458] SARK
[10:21:47] [411/458] SPPP
[10:21:48] [412/458] ADMB
[10:21:49] [413/458] JYOE
[10:21:50] [414/458] SRMD
[10:21:51] [415/458] RJDH
[10:21:52] 🔄 Identity reset
[10:21:52] 🔄 Identity rotated (every 10 requests)
[10:21:52] 🔄 Retry 1/5 for RJDH in 2.5s
[10:21:52] 🔄 Identity reset
[10:21:54] 🧠 New identity created
[10:21:54] [416/458] SSTD
[10:21:55] [417/458] AACV
[10:21:56] [418/458] PPVD
[10:21:57] [419/458] STCP
[10:21:58] [420/458] ANLS
[10:21:59] [421/458] BIJO
[10:22:00] [422/458] AVAB
[10:22:01] [423/458] SPMD
[10:22:01] [424/458] SVJL
[10:22:02] 🔄 Identity reset
[10:22:02] 🔄 Identity rotated (every 10 requests)
[10:22:02] [425/458] SDDJ
[10:22:03] [426/458] SLTU
[10:22:04] [427/458] SAKA
[10:22:05] [428/458] PMAM
[10:22:05] [429/458] FNAM
[10:22:06] [430/458] ACAM
[10:22:07] [431/458] SCMM
[10:22:08] [432/458] PMAK
[10:22:10] [433/458] NYSA
[10:22:10] [434/458] FCPA
[10:22:11] 🔄 Identity reset
[10:22:11] 🔄 Identity rotated (every 10 requests)
[10:22:11] [435/458] GDAN
[10:22:12] [436/458] RSCA
[10:22:13] [437/458] DMAN
[10:22:14] [438/458] DZCM
[10:22:15] [439/458] NSGL
[10:22:16] [440/458] CCPP
[10:22:17] [441/458] PSMG
[10:22:19] [442/458] GSER
[10:22:19] [443/458] FCCT
[10:22:20] [444/458] FCTB
[10:22:21] 🔄 Identity reset
[10:22:21] 🔄 Identity rotated (every 10 requests)
[10:22:21] [445/458] LCNK
[10:22:22] [446/458] SKTY
[10:22:23] [447/458] INAA
[10:22:24] [448/458] RCWN
[10:22:25] [449/458] VAIS
[10:22:26] [450/458] CVMN
[10:22:26] [451/458] INTS
[10:22:28] [452/458] FRGS
[10:22:29] [453/458] DTCK
[10:22:30] [454/458] MCMH
[10:22:30] 🔄 Identity reset
[10:22:30] 🔄 Identity rotated (every 10 requests)
[10:22:30] 🔄 Retry 1/5 for MCMH in 2.8s
[10:22:30] 🔄 Identity reset
[10:22:33] 🧠 New identity created
[10:22:33] [455/458] ECRR
[10:22:34] [456/458] RLLP
[10:22:35] [457/458] CCSN
[10:22:36] [458/458] CCBA
[10:22:37] 🔁 RETRY ROUND 1 | Remaining: 1
[10:22:37] [RETRY-1] WVLD
[10:22:39] 🧹 Deduping shows
[10:22:39] ✅ DONE | Shows=86 | Movies=8
