[10:14:21] 🚀 SCRIPT STARTED (enhanced anti‑detection)
[10:14:21] [1/456] FNDB
[10:14:21] 🧠 New identity created
[10:14:22] [2/456] AMBH
[10:14:23] [3/456] PRHN
[10:14:24] [4/456] ACPM
[10:14:25] [5/456] PVFS
[10:14:26] [6/456] AACN
[10:14:26] [7/456] ACAS
[10:14:27] [8/456] CTNR
[10:14:28] [9/456] MMAH
[10:14:29] [10/456] CPMH
[10:14:30] 🔄 Identity reset
[10:14:30] 🔄 Identity rotated (every 10 requests)
[10:14:30] [11/456] IGMH
[10:14:31] [12/456] ABCS
[10:14:32] [13/456] CMMA
[10:14:33] [14/456] GPRH
[10:14:33] [15/456] PNNG
[10:14:34] [16/456] AMCA
[10:14:35] [17/456] ISTN
[10:14:36] [18/456] PIIC
[10:14:37] [19/456] AHMH
[10:14:38] [20/456] ASHN
[10:14:39] 🔄 Identity reset
[10:14:39] 🔄 Identity rotated (every 10 requests)
[10:14:39] [21/456] INHY
[10:14:41] [22/456] SRMO
[10:14:42] [23/456] PIMH
[10:14:43] [24/456] PVTS
[10:14:43] [25/456] MMCA
[10:14:44] [26/456] AKYJ
[10:14:45] [27/456] BRKH
[10:14:46] [28/456] MAHM
[10:14:47] [29/456] CPHY
[10:14:48] [30/456] PVTP
[10:14:49] 🔄 Identity reset
[10:14:49] 🔄 Identity rotated (every 10 requests)
[10:14:49] 🔄 Retry 1/5 for PVTP in 2.3s
[10:14:49] 🔄 Identity reset
[10:14:51] 🧠 New identity created
[10:14:51] 🔄 Retry 2/5 for PVTP in 4.8s
[10:14:51] 🔄 Identity reset
[10:14:56] 🧠 New identity created
[10:14:56] [31/456] SMMR
[10:14:57] [32/456] PVHM
[10:14:58] [33/456] SNDY
[10:14:59] [34/456] GOKU
[10:15:00] [35/456] ACEV
[10:15:01] [36/456] PVUM
[10:15:02] [37/456] VSWA
[10:15:04] [38/456] IPRS
[10:15:04] 🔄 Identity reset
[10:15:04] 🔄 Identity rotated (every 10 requests)
[10:15:05] [39/456] BKMV
[10:15:06] [40/456] PVYH
[10:15:07] [41/456] INKM
[10:15:07] [42/456] ARJU
[10:15:08] [43/456] JJPP
[10:15:09] [44/456] SSRM
[10:15:10] [45/456] HMHD
[10:15:11] [46/456] SNKH
[10:15:11] [47/456] ACHI
[10:15:12] [48/456] MRAA
[10:15:13] 🔄 Identity reset
[10:15:13] 🔄 Identity rotated (every 10 requests)
[10:15:13] [49/456] INMH
[10:15:14] [50/456] ARMH
[10:15:15] [51/456] DVRR
[10:15:16] [52/456] SUDA
[10:15:16] [53/456] MCSS
[10:15:18] [54/456] VRKC
[10:15:19] [55/456] PRCX
[10:15:19] [56/456] ASJY
[10:15:20] [57/456] MTHY
[10:15:21] [58/456] SRCM
[10:15:22] 🔄 Identity reset
[10:15:22] 🔄 Identity rotated (every 10 requests)
[10:15:22] [59/456] TVHY
[10:15:23] [60/456] STHD
[10:15:25] [61/456] CPCL
[10:15:26] [62/456] PSMJ
[10:15:26] [63/456] MRGT
[10:15:28] [64/456] ARYH
[10:15:29] [65/456] VTRB
[10:15:30] [66/456] SCHC
[10:15:31] [67/456] MRRG
[10:15:32] [68/456] SPCB
[10:15:32] 🔄 Identity reset
[10:15:32] 🔄 Identity rotated (every 10 requests)
[10:15:33] [69/456] AMCM
[10:15:34] [70/456] IVNM
[10:15:35] [71/456] TRHY
[10:15:36] [72/456] PTTH
[10:15:38] [73/456] RKMH
[10:15:38] [74/456] PRCS
[10:15:40] [75/456] VAJA
[10:15:40] [76/456] BJNG
[10:15:41] [77/456] SCVM
[10:15:42] [78/456] GNHB
[10:15:43] 🔄 Identity reset
[10:15:43] 🔄 Identity rotated (every 10 requests)
[10:15:43] [79/456] TLUR
[10:15:44] [80/456] UKCC
[10:15:45] [81/456] SRKR
[10:15:46] [82/456] RMKN
[10:15:47] [83/456] SLRT
[10:15:48] [84/456] LKMT
[10:15:48] [85/456] SSRJ
[10:15:49] [86/456] SPHT
[10:15:50] [87/456] ANTT
[10:15:51] [88/456] SRCH
[10:15:51] 🔄 Identity reset
[10:15:51] 🔄 Identity rotated (every 10 requests)
[10:15:52] [89/456] SRCA
[10:15:53] [90/456] ARTH
[10:15:54] [91/456] MCBH
[10:15:55] [92/456] SNIB
[10:15:56] [93/456] SART
[10:15:57] [94/456] SKTA
[10:15:59] [95/456] YAKT
[10:16:00] [96/456] MLCK
[10:16:01] [97/456] ANTS
[10:16:02] [98/456] DGCA
[10:16:02] 🔄 Identity reset
[10:16:02] 🔄 Identity rotated (every 10 requests)
[10:16:02] [99/456] SGMP
[10:16:03] [100/456] ASWN
[10:16:04] [101/456] KFVU
[10:16:05] [102/456] POOR
[10:16:06] [103/456] GKDN
[10:16:07] [104/456] EOSE
[10:16:07] [105/456] GTTT
[10:16:08] [106/456] ARRO
[10:16:09] [107/456] CMMK
[10:16:10] [108/456] MSCN
[10:16:11] 🔄 Identity reset
[10:16:11] 🔄 Identity rotated (every 10 requests)
[10:16:11] 🔄 Retry 1/5 for MSCN in 2.8s
[10:16:11] 🔄 Identity reset
[10:16:14] 🧠 New identity created
[10:16:14] 🔄 Retry 2/5 for MSCN in 4.5s
[10:16:14] 🔄 Identity reset
[10:16:18] 🧠 New identity created
[10:16:19] [109/456] GDKH
[10:16:20] [110/456] DLMT
[10:16:20] [111/456] PVMF
[10:16:21] [112/456] CPCK
[10:16:22] [113/456] VMHE
[10:16:23] [114/456] PVLC
[10:16:24] [115/456] PCVB
[10:16:25] [116/456] SNYK
[10:16:25] 🔄 Identity reset
[10:16:25] 🔄 Identity rotated (every 10 requests)
[10:16:25] [117/456] KTEK
[10:16:26] [118/456] PCNM
[10:16:27] [119/456] NTTR
[10:16:28] [120/456] CPSK
[10:16:29] [121/456] JMMA
[10:16:30] [122/456] GCFK
[10:16:31] [123/456] MYCA
[10:16:31] [124/456] KSNP
[10:16:32] [125/456] PMCE
[10:16:33] [126/456] SCKI
[10:16:34] 🔄 Identity reset
[10:16:34] 🔄 Identity rotated (every 10 requests)
[10:16:34] [127/456] FSMA
[10:16:35] [128/456] CETA
[10:16:36] [129/456] MCIK
[10:16:37] [130/456] MYCR
[10:16:38] [131/456] EVMP
[10:16:39] [132/456] SSGT
[10:16:39] [133/456] KCTK
[10:16:40] [134/456] ZTKC
[10:16:41] [135/456] MMTA
[10:16:42] [136/456] MAJT
[10:16:43] 🔄 Identity reset
[10:16:43] 🔄 Identity rotated (every 10 requests)
[10:16:43] [137/456] ACPK
[10:16:44] [138/456] JMAX
[10:16:45] [139/456] SETK
[10:16:46] [140/456] CAIS
[10:16:46] [141/456] AGCD
[10:16:47] [142/456] URCL
[10:16:48] [143/456] VTDS
[10:16:49] [144/456] JCNM
[10:16:50] [145/456] KCAM
[10:16:51] [146/456] ADCU
[10:16:51] 🔄 Identity reset
[10:16:51] 🔄 Identity rotated (every 10 requests)
[10:16:52] [147/456] GXYN
[10:16:53] [148/456] SMJG
[10:16:54] [149/456] EYCJ
[10:16:55] [150/456] CCEJ
[10:16:56] [151/456] MARS
[10:16:57] [152/456] CPVJ
[10:16:58] [153/456] INVP
[10:16:59] [154/456] CPOV
[10:16:59] [155/456] VIJK
[10:17:00] [156/456] LAIM
[10:17:01] 🔄 Identity reset
[10:17:01] 🔄 Identity rotated (every 10 requests)
[10:17:01] [157/456] STHV
[10:17:02] [158/456] SVLJ
[10:17:03] [159/456] ATVJ
[10:17:04] [160/456] JTSC
[10:17:05] [161/456] RMTV
[10:17:05] [162/456] MGGG
[10:17:06] [163/456] SWTH
[10:17:07] [164/456] INVJ
[10:17:09] [165/456] PRSV
[10:17:09] [166/456] JATV
[10:17:10] 🔄 Identity reset
[10:17:10] 🔄 Identity rotated (every 10 requests)
[10:17:10] [167/456] RCVD
[10:17:11] [168/456] BDMA
[10:17:12] [169/456] BLJI
[10:17:13] [170/456] SWOT
[10:17:14] [171/456] SWRN
[10:17:15] [172/456] TVRA
[10:17:15] [173/456] NVRN
[10:17:16] [174/456] SIKC
[10:17:17] [175/456] VAKR
[10:17:18] [176/456] SYLN
[10:17:19] 🔄 Identity reset
[10:17:19] 🔄 Identity rotated (every 10 requests)
[10:17:19] [177/456] KLJL
[10:17:20] [178/456] LKMY
[10:17:21] [179/456] VSLY
[10:17:22] [180/456] CIKO
[10:17:22] [181/456] GPBG
[10:17:23] [182/456] CECM
[10:17:24] [183/456] SLKB
[10:17:25] [184/456] MTBO
[10:17:26] [185/456] SSHB
[10:17:27] [186/456] VPCS
[10:17:27] 🔄 Identity reset
[10:17:27] 🔄 Identity rotated (every 10 requests)
[10:17:28] [187/456] RCSR
[10:17:29] [188/456] RJRM
[10:17:29] [189/456] KPPB
[10:17:30] [190/456] SEDC
[10:17:31] [191/456] SCAI
[10:17:32] [192/456] RMTR
[10:17:33] [193/456] ASST
[10:17:34] [194/456] GCAK
[10:17:35] [195/456] ANNK
[10:17:37] [196/456] KDDF
[10:17:38] 🔄 Identity reset
[10:17:38] 🔄 Identity rotated (every 10 requests)
[10:17:38] 🔄 Retry 1/5 for KDDF in 2.3s
[10:17:38] 🔄 Identity reset
[10:17:40] 🧠 New identity created
[10:17:40] 🔄 Retry 2/5 for KDDF in 4.3s
[10:17:40] 🔄 Identity reset
[10:17:45] 🧠 New identity created
[10:17:45] 🔄 Retry 3/5 for KDDF in 8.4s
[10:17:45] 🔄 Identity reset
[10:17:53] 🧠 New identity created
[10:17:53] [197/456] NRDP
[10:17:54] [198/456] PLAK
[10:17:55] [199/456] GCMC
[10:17:56] [200/456] ALPY
[10:17:57] [201/456] SICE
[10:17:58] [202/456] SISR
[10:17:59] [203/456] SRPZ
[10:18:00] 🔄 Identity reset
[10:18:00] 🔄 Identity rotated (every 10 requests)
[10:18:00] [204/456] SRSW
[10:18:02] [205/456] SUYA
[10:18:03] [206/456] AMMT
[10:18:04] [207/456] BHCU
[10:18:05] [208/456] KLPA
[10:18:06] [209/456] NVKH
[10:18:07] [210/456] JMRC
[10:18:07] [211/456] KTTT
[10:18:09] [212/456] MAGH
[10:18:10] [213/456] MMMX
[10:18:10] 🔄 Identity reset
[10:18:10] 🔄 Identity rotated (every 10 requests)
[10:18:11] [214/456] SALJ
[10:18:11] [215/456] GTJA
[10:18:12] [216/456] MAHT
[10:18:13] [217/456] SSNN
[10:18:14] [218/456] ARRP
[10:18:16] [219/456] ATNS
[10:18:16] [220/456] SKDT
[10:18:18] [221/456] ACAT
[10:18:19] [222/456] APRC
[10:18:20] [223/456] SWAG
[10:18:20] 🔄 Identity reset
[10:18:20] 🔄 Identity rotated (every 10 requests)
[10:18:21] [224/456] SDPT
[10:18:21] [225/456] STPS
[10:18:22] [226/456] WWCZ
[10:18:23] [227/456] LLCH
[10:18:24] [228/456] MZHA
[10:18:25] [229/456] CRJG
[10:18:26] [230/456] JGTK
[10:18:27] [231/456] KCSR
[10:18:28] [232/456] CHTL
[10:18:29] [233/456] EDSR
[10:18:29] 🔄 Identity reset
[10:18:29] 🔄 Identity rotated (every 10 requests)
[10:18:30] [234/456] CSWO
[10:18:31] [235/456] CPVM
[10:18:32] [236/456] MXBY
[10:18:33] [237/456] FMMA
[10:18:34] [238/456] POVI
[10:18:34] [239/456] MTHB
[10:18:35] [240/456] INRC
[10:18:36] [241/456] PIPP
[10:18:37] [242/456] BMXC
[10:18:38] [243/456] PCMM
[10:18:38] 🔄 Identity reset
[10:18:39] 🔄 Identity rotated (every 10 requests)
[10:18:39] [244/456] PMKM
[10:18:40] [245/456] GATY
[10:18:41] [246/456] IMCM
[10:18:42] [247/456] POPE
[10:18:43] [248/456] MTCR
[10:18:44] [249/456] PVAE
[10:18:45] [250/456] PVMI
[10:18:46] [251/456] CPNM
[10:18:46] [252/456] FMRL
[10:18:47] [253/456] MCIW
[10:18:48] 🔄 Identity reset
[10:18:48] 🔄 Identity rotated (every 10 requests)
[10:18:48] [254/456] MXBO
[10:18:49] [255/456] FMKY
[10:18:50] [256/456] FMDA
[10:18:51] [257/456] THAB
[10:18:52] [258/456] PRCW
[10:18:53] [259/456] PITI
[10:18:54] [260/456] MCFF
[10:18:55] [261/456] PDDV
[10:18:56] [262/456] MCRM
[10:18:57] [263/456] KKMB
[10:18:57] 🔄 Identity reset
[10:18:57] 🔄 Identity rotated (every 10 requests)
[10:18:58] [264/456] INKO
[10:18:59] [265/456] PLXP
[10:18:59] [266/456] MMHA
[10:19:01] [267/456] FMVS
[10:19:02] [268/456] POLM
[10:19:03] [269/456] STER
[10:19:03] [270/456] PVWJ
[10:19:04] [271/456] IMJW
[10:19:05] [272/456] FNAN
[10:19:07] [273/456] CAGL
[10:19:07] 🔄 Identity reset
[10:19:07] 🔄 Identity rotated (every 10 requests)
[10:19:08] [274/456] IPBG
[10:19:09] [275/456] SMFV
[10:19:09] [276/456] MMMR
[10:19:10] [277/456] MMWM
[10:19:11] [278/456] FNCM
[10:19:12] [279/456] MDVA
[10:19:13] [280/456] MMET
[10:19:14] [281/456] MIDO
[10:19:15] [282/456] INNP
[10:19:16] [283/456] MIFU
[10:19:17] 🔄 Identity reset
[10:19:17] 🔄 Identity rotated (every 10 requests)
[10:19:17] [284/456] MMSZ
[10:19:18] [285/456] BMXA
[10:19:20] [286/456] MCAA
[10:19:20] [287/456] SCVP
[10:19:21] [288/456] PLUS
[10:19:22] [289/456] MUCK
[10:19:23] [290/456] MTMA
[10:19:24] [291/456] HPVR
[10:19:24] [292/456] PMPK
[10:19:26] [293/456] MAJB
[10:19:27] 🔄 Identity reset
[10:19:27] 🔄 Identity rotated (every 10 requests)
[10:19:27] [294/456] CTRR
[10:19:28] [295/456] MCTG
[10:19:29] [296/456] MACE
[10:19:30] [297/456] AAAS
[10:19:31] [298/456] CPVV
[10:19:32] [299/456] RCHG
[10:19:32] [300/456] MCNE
[10:19:33] [301/456] EMNC
[10:19:34] [302/456] MCAN
[10:19:36] [303/456] TCDM
[10:19:36] 🔄 Identity reset
[10:19:36] 🔄 Identity rotated (every 10 requests)
[10:19:37] [304/456] IRGT
[10:19:38] [305/456] GCMG
[10:19:39] [306/456] MXSN
[10:19:40] [307/456] MXCK
[10:19:41] [308/456] MCRC
[10:19:43] [309/456] RSMI
[10:19:43] [310/456] WAML
[10:19:44] [311/456] MTSC
[10:19:45] [312/456] FMDR
[10:19:46] [313/456] LEPV
[10:19:47] 🔄 Identity reset
[10:19:47] 🔄 Identity rotated (every 10 requests)
[10:19:47] [314/456] MTGD
[10:19:48] [315/456] IMOB
[10:19:49] [316/456] CLMM
[10:19:50] [317/456] PZCD
[10:19:51] [318/456] GOCS
[10:19:52] [319/456] KCMA
[10:19:53] [320/456] CCMP
[10:19:53] [321/456] MTSU
[10:19:54] [322/456] SNGL
[10:19:55] [323/456] MMMC
[10:19:56] 🔄 Identity reset
[10:19:56] 🔄 Identity rotated (every 10 requests)
[10:19:56] [324/456] MMAA
[10:19:57] [325/456] GCDM
[10:19:58] [326/456] KTMV
[10:19:59] [327/456] AETE
[10:20:00] [328/456] OMCS
[10:20:00] [329/456] GDCD
[10:20:01] [330/456] NYMD
[10:20:02] [331/456] RNCV
[10:20:03] [332/456] KKMT
[10:20:04] [333/456] GDTH
[10:20:04] 🔄 Identity reset
[10:20:04] 🔄 Identity rotated (every 10 requests)
[10:20:05] [334/456] KMMV
[10:20:06] [335/456] NHCG
[10:20:07] [336/456] PJDW
[10:20:08] [337/456] MMCV
[10:20:09] [338/456] FQSA
[10:20:10] [339/456] KURL
[10:20:11] [340/456] NNNX
[10:20:11] [341/456] AMAU
[10:20:12] [342/456] VVVM
[10:20:13] [343/456] VECU
[10:20:14] 🔄 Identity reset
[10:20:14] 🔄 Identity rotated (every 10 requests)
[10:20:14] [344/456] WCVR
[10:20:15] [345/456] MTGG
[10:20:16] [346/456] SGTG
[10:20:17] [347/456] MNTG
[10:20:18] [348/456] JDDG
[10:20:19] [349/456] MBTK
[10:20:20] [350/456] SGCD
[10:20:21] [351/456] MCTC
[10:20:22] [352/456] JTPC
[10:20:23] [353/456] SDKT
[10:20:23] 🔄 Identity reset
[10:20:23] 🔄 Identity rotated (every 10 requests)
[10:20:23] [354/456] KRCC
[10:20:24] [355/456] RMMD
[10:20:25] [356/456] AAME
[10:20:26] [357/456] TMWC
[10:20:27] [358/456] NRWY
[10:20:28] [359/456] CITD
[10:20:29] [360/456] VERD
[10:20:30] [361/456] MKSK
[10:20:32] [362/456] STSM
[10:20:32] [363/456] MJDG
[10:20:33] 🔄 Identity reset
[10:20:33] 🔄 Identity rotated (every 10 requests)
[10:20:33] [364/456] RKPM
[10:20:34] [365/456] SSCE
[10:20:35] [366/456] VMAE
[10:20:36] [367/456] SBRU
[10:20:37] [368/456] AMBC
[10:20:38] [369/456] AMLU
[10:20:39] [370/456] INVZ
[10:20:40] [371/456] LGTV
[10:20:40] [372/456] SVAD
[10:20:41] [373/456] SMSA
[10:20:42] 🔄 Identity reset
[10:20:42] 🔄 Identity rotated (every 10 requests)
[10:20:42] [374/456] SPCZ
[10:20:43] [375/456] GTCX
[10:20:44] [376/456] SCSL
[10:20:45] [377/456] SAHU
[10:20:46] [378/456] NCDA
[10:20:46] [379/456] SCCG
[10:20:47] [380/456] VKTL
[10:20:49] [381/456] PUUJ
[10:20:50] [382/456] STEJ
[10:20:50] [383/456] RJAL
[10:20:51] 🔄 Identity reset
[10:20:51] 🔄 Identity rotated (every 10 requests)
[10:20:51] [384/456] ACJC
[10:20:52] [385/456] ARVB
[10:20:53] [386/456] AUBB
[10:20:54] [387/456] GDBR
[10:20:55] [388/456] PVND
[10:20:56] [389/456] BGRJ
[10:20:56] [390/456] RJMM
[10:20:57] [391/456] MCSA
[10:20:58] [392/456] BODA
[10:20:59] [393/456] JAGG
[10:21:00] 🔄 Identity reset
[10:21:00] 🔄 Identity rotated (every 10 requests)
[10:21:00] [394/456] SCGA
[10:21:01] [395/456] LRCM
[10:21:02] [396/456] CPCN
[10:21:03] [397/456] SSTF
[10:21:03] [398/456] SRXP
[10:21:04] [399/456] CNFX
[10:21:05] [400/456] ANDI
[10:21:06] [401/456] SYEW
[10:21:07] [402/456] RCRE
[10:21:08] [403/456] SCRW
[10:21:09] 🔄 Identity reset
[10:21:09] 🔄 Identity rotated (every 10 requests)
[10:21:09] [404/456] MBKR
[10:21:10] [405/456] ASNT
[10:21:11] [406/456] JTMT
[10:21:12] [407/456] SHAY
[10:21:13] [408/456] VRTH
[10:21:14] [409/456] SPTI
[10:21:15] [410/456] DPTD
[10:21:16] [411/456] TGSN
[10:21:18] [412/456] RCWV
[10:21:19] [413/456] OCUR
[10:21:19] 🔄 Identity reset
[10:21:19] 🔄 Identity rotated (every 10 requests)
[10:21:19] 🔄 Retry 1/5 for OCUR in 2.7s
[10:21:19] 🔄 Identity reset
[10:21:22] 🧠 New identity created
[10:21:22] [414/456] KSTC
[10:21:23] [415/456] SANI
[10:21:25] [416/456] MLCA
[10:21:26] [417/456] EGCA
[10:21:27] [418/456] SYSN
[10:21:28] [419/456] PKTA
[10:21:29] [420/456] PRCC
[10:21:30] [421/456] KSTR
[10:21:31] [422/456] SNTP
[10:21:31] 🔄 Identity reset
[10:21:31] 🔄 Identity rotated (every 10 requests)
[10:21:31] [423/456] RCHA
[10:21:33] [424/456] SEEA
[10:21:34] [425/456] ALAT
[10:21:35] [426/456] AATV
[10:21:36] [427/456] RJTE
[10:21:36] [428/456] AAPP
[10:21:37] [429/456] PMMH
[10:21:38] [430/456] INRJ
[10:21:39] [431/456] SARB
[10:21:40] [432/456] PCJL
[10:21:40] 🔄 Identity reset
[10:21:40] 🔄 Identity rotated (every 10 requests)
[10:21:42] [433/456] PFJJ
[10:21:43] [434/456] GRDC
[10:21:44] [435/456] BCBA
[10:21:46] [436/456] VIXL
[10:21:47] [437/456] CSTL
[10:21:47] [438/456] MTDK
[10:21:49] [439/456] TDAC
[10:21:50] [440/456] GTDN
[10:21:51] [441/456] TTDE
[10:21:53] [442/456] ASTS
[10:21:53] 🔄 Identity reset
[10:21:53] 🔄 Identity rotated (every 10 requests)
[10:21:54] [443/456] CPNS
[10:21:55] [444/456] PVVW
[10:21:56] [445/456] USEB
[10:21:56] [446/456] DTYN
[10:21:57] [447/456] PVLE
[10:21:58] [448/456] CIPS
[10:21:59] [449/456] PAEG
[10:22:00] [450/456] PTCW
[10:22:01] [451/456] G3SR
[10:22:02] [452/456] PGND
[10:22:03] 🔄 Identity reset
[10:22:03] 🔄 Identity rotated (every 10 requests)
[10:22:03] [453/456] INVM
[10:22:04] [454/456] SPIA
[10:22:05] [455/456] PCSN
[10:22:05] [456/456] PPGV
[10:22:07] 🧹 Deduping shows
[10:22:07] ✅ DONE | Shows=98 | Movies=11
