[10:14:19] 🚀 SCRIPT STARTED (enhanced anti‑detection)
[10:14:19] [1/455] MXGN
[10:14:20] 🧠 New identity created
[10:14:20] [2/455] PGGM
[10:14:21] [3/455] IPMJ
[10:14:22] [4/455] M2PP
[10:14:22] [5/455] PMMS
[10:14:23] [6/455] SCJN
[10:14:24] [7/455] CPUM
[10:14:25] [8/455] SCND
[10:14:26] [9/455] INWM
[10:14:27] [10/455] DVDC
[10:14:27] 🔄 Identity reset
[10:14:27] 🔄 Identity rotated (every 10 requests)
[10:14:28] [11/455] WVND
[10:14:29] [12/455] LBDL
[10:14:30] [13/455] CRGM
[10:14:31] [14/455] PVKS
[10:14:32] [15/455] PBLL
[10:14:32] [16/455] FNLN
[10:14:33] [17/455] PPDA
[10:14:34] [18/455] SCPT
[10:14:35] [19/455] IAJS
[10:14:36] [20/455] MMZG
[10:14:36] 🔄 Identity reset
[10:14:36] 🔄 Identity rotated (every 10 requests)
[10:14:36] 🔄 Retry 1/5 for MMZG in 3.0s
[10:14:36] 🔄 Identity reset
[10:14:39] 🧠 New identity created
[10:14:40] [21/455] MCTI
[10:14:41] [22/455] PPMF
[10:14:42] [23/455] FNSD
[10:14:43] [24/455] M2RH
[10:14:44] [25/455] CPGV
[10:14:44] [26/455] PECD
[10:14:45] [27/455] CTEE
[10:14:46] [28/455] IOMG
[10:14:47] [29/455] CIJA
[10:14:47] 🔄 Identity reset
[10:14:48] 🔄 Identity rotated (every 10 requests)
[10:14:48] [30/455] NYCG
[10:14:49] [31/455] CEST
[10:14:50] [32/455] WVRG
[10:14:51] [33/455] DPDC
[10:14:52] [34/455] PDIV
[10:14:53] [35/455] MTPP
[10:14:54] [36/455] MHNU
[10:14:54] [37/455] WUPG
[10:14:55] [38/455] USCO
[10:14:56] [39/455] INFR
[10:14:57] 🔄 Identity reset
[10:14:57] 🔄 Identity rotated (every 10 requests)
[10:14:57] [40/455] PVPD
[10:14:58] [41/455] RONC
[10:14:59] [42/455] IOCP
[10:15:00] [43/455] EMPS
[10:15:01] [44/455] PNAD
[10:15:01] [45/455] VVGZ
[10:15:02] [46/455] MDDC
[10:15:03] [47/455] MMAP
[10:15:04] [48/455] GPDC
[10:15:05] [49/455] PVPU
[10:15:05] 🔄 Identity reset
[10:15:05] 🔄 Identity rotated (every 10 requests)
[10:15:05] [50/455] DCMV
[10:15:06] [51/455] PCCF
[10:15:07] [52/455] MCEF
[10:15:08] [53/455] INRD
[10:15:09] [54/455] CCPZ
[10:15:10] [55/455] BCWG
[10:15:11] [56/455] PMGU
[10:15:12] [57/455] MCVM
[10:15:12] [58/455] MCDE
[10:15:14] [59/455] IEFM
[10:15:15] 🔄 Identity reset
[10:15:15] 🔄 Identity rotated (every 10 requests)
[10:15:15] [60/455] MXCS
[10:15:16] [61/455] RNMT
[10:15:17] [62/455] PSDD
[10:15:18] [63/455] PETA
[10:15:18] [64/455] IZOP
[10:15:19] [65/455] PDEI
[10:15:20] [66/455] MTND
[10:15:21] [67/455] PCPL
[10:15:22] [68/455] LSCM
[10:15:23] [69/455] BTFD
[10:15:24] 🔄 Identity reset
[10:15:24] 🔄 Identity rotated (every 10 requests)
[10:15:24] [70/455] MERM
[10:15:25] [71/455] PVMS
[10:15:26] [72/455] CIGK
[10:15:26] [73/455] INSG
[10:15:27] [74/455] IDEN
[10:15:28] [75/455] MCGN
[10:15:29] [76/455] IGAM
[10:15:30] [77/455] SLCU
[10:15:31] [78/455] MIMU
[10:15:32] [79/455] QLAC
[10:15:33] 🔄 Identity reset
[10:15:33] 🔄 Identity rotated (every 10 requests)
[10:15:33] [80/455] MENL
[10:15:34] [81/455] SCUR
[10:15:35] [82/455] MDGD
[10:15:36] [83/455] LSRS
[10:15:37] [84/455] KMLG
[10:15:38] [85/455] MKLJ
[10:15:39] [86/455] IBYG
[10:15:40] [87/455] ISML
[10:15:41] [88/455] MJMM
[10:15:43] [89/455] RCGD
[10:15:43] 🔄 Identity reset
[10:15:43] 🔄 Identity rotated (every 10 requests)
[10:15:44] [90/455] MMOC
[10:15:44] [91/455] RRCO
[10:15:45] [92/455] MEDM
[10:15:46] [93/455] MCAZ
[10:15:48] [94/455] STWA
[10:15:49] [95/455] PFFG
[10:15:50] [96/455] GAGC
[10:15:51] [97/455] PMPM
[10:15:52] [98/455] HVCD
[10:15:52] [99/455] AKRF
[10:15:53] 🔄 Identity reset
[10:15:53] 🔄 Identity rotated (every 10 requests)
[10:15:53] [100/455] AKRC
[10:15:54] [101/455] MIDA
[10:15:55] [102/455] MAGX
[10:15:56] [103/455] ESOS
[10:15:57] [104/455] BBCL
[10:15:58] [105/455] LYAS
[10:16:00] [106/455] NRMS
[10:16:01] [107/455] BHUC
[10:16:02] [108/455] SRIC
[10:16:03] [109/455] PDME
[10:16:03] 🔄 Identity reset
[10:16:03] 🔄 Identity rotated (every 10 requests)
[10:16:04] [110/455] MJCS
[10:16:05] [111/455] NRAA
[10:16:06] [112/455] VATA
[10:16:07] [113/455] MNKC
[10:16:08] [114/455] DHCL
[10:16:09] [115/455] JCPC
[10:16:10] [116/455] CTML
[10:16:11] [117/455] RMMR
[10:16:11] [118/455] STTL
[10:16:13] [119/455] CNPS
[10:16:14] 🔄 Identity reset
[10:16:14] 🔄 Identity rotated (every 10 requests)
[10:16:14] [120/455] ACKL
[10:16:15] [121/455] SCAU
[10:16:16] [122/455] RMIA
[10:16:16] [123/455] MANU
[10:16:17] [124/455] ARDC
[10:16:18] [125/455] GLDA
[10:16:19] [126/455] KVSW
[10:16:20] [127/455] CGCA
[10:16:20] [128/455] CMLO
[10:16:22] [129/455] CECB
[10:16:23] 🔄 Identity reset
[10:16:23] 🔄 Identity rotated (every 10 requests)
[10:16:23] [130/455] RCPN
[10:16:24] [131/455] ASMW
[10:16:25] [132/455] PWLM
[10:16:26] [133/455] ASGM
[10:16:27] [134/455] ACWH
[10:16:28] [135/455] AAPW
[10:16:29] [136/455] RTWA
[10:16:30] [137/455] RAMW
[10:16:31] [138/455] VKTR
[10:16:32] [139/455] SMBH
[10:16:32] 🔄 Identity reset
[10:16:32] 🔄 Identity rotated (every 10 requests)
[10:16:33] [140/455] BVDR
[10:16:33] [141/455] MRTP
[10:16:34] [142/455] BLBR
[10:16:35] [143/455] LPIN
[10:16:36] [144/455] SNPC
[10:16:37] [145/455] PDCB
[10:16:38] [146/455] DYPK
[10:16:40] [147/455] INMK
[10:16:40] [148/455] PDCK
[10:16:41] [149/455] PCKR
[10:16:42] 🔄 Identity reset
[10:16:42] 🔄 Identity rotated (every 10 requests)
[10:16:42] [150/455] SHUA
[10:16:43] [151/455] SCVK
[10:16:44] [152/455] STPA
[10:16:45] [153/455] WVHD
[10:16:46] [154/455] MRCH
[10:16:47] [155/455] MCNP
[10:16:48] [156/455] RCAG
[10:16:50] [157/455] JTSN
[10:16:51] [158/455] AANS
[10:16:52] [159/455] GDDR
[10:16:52] 🔄 Identity reset
[10:16:52] 🔄 Identity rotated (every 10 requests)
[10:16:53] [160/455] SRER
[10:16:54] [161/455] JKMA
[10:16:55] [162/455] ARAN
[10:16:56] [163/455] ALCT
[10:16:57] [164/455] CCTA
[10:16:57] [165/455] CNCT
[10:16:58] [166/455] NZBL
[10:16:59] [167/455] SRRA
[10:17:00] [168/455] SVPW
[10:17:01] [169/455] SRTW
[10:17:02] 🔄 Identity reset
[10:17:02] 🔄 Identity rotated (every 10 requests)
[10:17:02] [170/455] XMTD
[10:17:03] [171/455] SCCZ
[10:17:03] [172/455] PBCR
[10:17:04] [173/455] RTSC
[10:17:05] [174/455] TLSV
[10:17:06] [175/455] RMTK
[10:17:07] [176/455] SRAT
[10:17:08] [177/455] GCYC
[10:17:09] [178/455] HCAJ
[10:17:10] [179/455] LCXA
[10:17:10] 🔄 Identity reset
[10:17:10] 🔄 Identity rotated (every 10 requests)
[10:17:11] [180/455] BINT
[10:17:12] [181/455] IXIM
[10:17:13] [182/455] MBCR
[10:17:14] [183/455] BMCJ
[10:17:15] [184/455] NICJ
[10:17:16] [185/455] SCAJ
[10:17:17] [186/455] CMXS
[10:17:18] [187/455] MMSR
[10:17:18] [188/455] PRKT
[10:17:19] [189/455] LPTH
[10:17:20] 🔄 Identity reset
[10:17:20] 🔄 Identity rotated (every 10 requests)
[10:17:20] [190/455] SARP
[10:17:21] [191/455] MNPP
[10:17:22] [192/455] PRLR
[10:17:23] [193/455] RCMW
[10:17:23] [194/455] FCMG
[10:17:24] [195/455] RTNK
[10:17:25] [196/455] LRCP
[10:17:26] [197/455] DBJR
[10:17:27] [198/455] CACN
[10:17:27] [199/455] AMRL
[10:17:28] 🔄 Identity reset
[10:17:28] 🔄 Identity rotated (every 10 requests)
[10:17:28] [200/455] SBBC
[10:17:29] [201/455] VENN
[10:17:30] [202/455] STSS
[10:17:31] [203/455] SMRB
[10:17:32] [204/455] CCMX
[10:17:33] [205/455] KCMR
[10:17:34] [206/455] SALH
[10:17:34] [207/455] CGTT
[10:17:35] [208/455] PMDR
[10:17:36] [209/455] VCPM
[10:17:37] 🔄 Identity reset
[10:17:37] 🔄 Identity rotated (every 10 requests)
[10:17:37] [210/455] RZMX
[10:17:38] [211/455] TMSY
[10:17:39] [212/455] NTMS
[10:17:40] [213/455] VTAG
[10:17:41] [214/455] REMA
[10:17:42] [215/455] NXCC
[10:17:43] [216/455] SKYM
[10:17:44] [217/455] CCMO
[10:17:44] [218/455] DMXM
[10:17:45] [219/455] SPPM
[10:17:46] 🔄 Identity reset
[10:17:46] 🔄 Identity rotated (every 10 requests)
[10:17:46] [220/455] PTKL
[10:17:47] [221/455] SLVO
[10:17:48] [222/455] VASL
[10:17:49] [223/455] CBCM
[10:17:50] [224/455] STMA
[10:17:51] [225/455] LASK
[10:17:53] [226/455] VITE
[10:17:54] [227/455] AAST
[10:17:55] [228/455] JTPT
[10:17:56] [229/455] RRSH
[10:17:56] 🔄 Identity reset
[10:17:56] 🔄 Identity rotated (every 10 requests)
[10:17:57] [230/455] CINL
[10:17:57] [231/455] MCSR
[10:17:58] [232/455] SBCF
[10:17:59] [233/455] GCDU
[10:18:00] [234/455] PSPR
[10:18:01] [235/455] IMMO
[10:18:02] [236/455] CLGM
[10:18:03] [237/455] PBMM
[10:18:05] [238/455] CEHR
[10:18:06] [239/455] CPOE
[10:18:06] 🔄 Identity reset
[10:18:06] 🔄 Identity rotated (every 10 requests)
[10:18:07] [240/455] PGFD
[10:18:08] [241/455] PSLC
[10:18:09] [242/455] MSMD
[10:18:10] [243/455] FMFB
[10:18:11] [244/455] RKCL
[10:18:13] [245/455] PMMC
[10:18:14] [246/455] SKMM
[10:18:15] [247/455] VOIB
[10:18:16] [248/455] KINO
[10:18:17] [249/455] VCTP
[10:18:18] 🔄 Identity reset
[10:18:18] 🔄 Identity rotated (every 10 requests)
[10:18:18] [250/455] PDWR
[10:18:20] [251/455] SAED
[10:18:21] [252/455] SRRT
[10:18:22] [253/455] CVLG
[10:18:23] [254/455] SNGN
[10:18:24] [255/455] SIDA
[10:18:25] [256/455] IMCB
[10:18:26] [257/455] SMHP
[10:18:26] [258/455] GDTY
[10:18:27] [259/455] VYCH
[10:18:28] 🔄 Identity reset
[10:18:28] 🔄 Identity rotated (every 10 requests)
[10:18:28] [260/455] PDYA
[10:18:29] [261/455] RKDO
[10:18:30] [262/455] VECG
[10:18:31] [263/455] NFGD
[10:18:32] [264/455] SNDC
[10:18:33] [265/455] SDJH
[10:18:35] [266/455] HASV
[10:18:35] [267/455] PTYK
[10:18:36] [268/455] MUTB
[10:18:37] [269/455] AMRT
[10:18:38] 🔄 Identity reset
[10:18:38] 🔄 Identity rotated (every 10 requests)
[10:18:38] [270/455] VACD
[10:18:40] [271/455] SKDD
[10:18:41] [272/455] STGR
[10:18:42] [273/455] GDAK
[10:18:44] [274/455] SKHK
[10:18:45] [275/455] SLND
[10:18:46] [276/455] APAP
[10:18:47] [277/455] AYYA
[10:18:48] [278/455] VCCZ
[10:18:49] [279/455] MEML
[10:18:50] 🔄 Identity reset
[10:18:50] 🔄 Identity rotated (every 10 requests)
[10:18:50] [280/455] MAOU
[10:18:51] [281/455] ESND
[10:18:52] [282/455] PTBZ
[10:18:53] [283/455] LBCN
[10:18:54] [284/455] PAWA
[10:18:55] [285/455] ZEIC
[10:18:56] [286/455] CGMM
[10:18:57] [287/455] PJPM
[10:18:58] [288/455] ECMR
[10:18:59] [289/455] SHMZ
[10:18:59] 🔄 Identity reset
[10:18:59] 🔄 Identity rotated (every 10 requests)
[10:19:00] [290/455] STCA
[10:19:01] [291/455] VDRC
[10:19:01] [292/455] SEEM
[10:19:02] [293/455] MKNS
[10:19:03] [294/455] KPPP
[10:19:04] [295/455] CCML
[10:19:05] [296/455] CIBA
[10:19:06] [297/455] NACS
[10:19:07] [298/455] CTMK
[10:19:08] [299/455] CTCT
[10:19:08] 🔄 Identity reset
[10:19:08] 🔄 Identity rotated (every 10 requests)
[10:19:08] [300/455] MCSN
[10:19:09] [301/455] MAXX
[10:19:11] [302/455] MECB
[10:19:12] [303/455] NTBY
[10:19:13] [304/455] UTBI
[10:19:14] [305/455] RADK
[10:19:15] [306/455] STBY
[10:19:16] [307/455] GTBY
[10:19:17] [308/455] RRMB
[10:19:18] [309/455] ABRN
[10:19:19] 🔄 Identity reset
[10:19:19] 🔄 Identity rotated (every 10 requests)
[10:19:19] [310/455] GTSG
[10:19:20] [311/455] GBTG
[10:19:21] [312/455] SBGS
[10:19:22] [313/455] KBPM
[10:19:23] [314/455] SMHT
[10:19:24] [315/455] VTDM
[10:19:25] [316/455] ASCT
[10:19:25] [317/455] AWCT
[10:19:26] [318/455] DCCU
[10:19:27] [319/455] PSCE
[10:19:28] 🔄 Identity reset
[10:19:28] 🔄 Identity rotated (every 10 requests)
[10:19:28] [320/455] KSNY
[10:19:29] [321/455] ACID
[10:19:30] [322/455] LVCD
[10:19:31] [323/455] KSSB
[10:19:32] [324/455] SWTD
[10:19:33] [325/455] RBMR
[10:19:33] [326/455] SCBC
[10:19:34] [327/455] RKME
[10:19:35] [328/455] GALX
[10:19:37] [329/455] GCCH
[10:19:37] 🔄 Identity reset
[10:19:37] 🔄 Identity rotated (every 10 requests)
[10:19:38] [330/455] RATR
[10:19:39] [331/455] GTGA
[10:19:39] [332/455] LTTR
[10:19:40] [333/455] TTAA
[10:19:41] [334/455] TVHP
[10:19:42] [335/455] KVCS
[10:19:43] [336/455] CBMC
[10:19:44] [337/455] MAYJ
[10:19:45] [338/455] INPR
[10:19:46] [339/455] RSSC
[10:19:47] 🔄 Identity reset
[10:19:47] 🔄 Identity rotated (every 10 requests)
[10:19:48] [340/455] PCAN
[10:19:49] [341/455] PVHR
[10:19:50] [342/455] AGSM
[10:19:51] [343/455] PVES
[10:19:52] [344/455] INTO
[10:19:53] [345/455] ACON
[10:19:54] [346/455] PVPZ
[10:19:55] [347/455] PVHC
[10:19:56] [348/455] KSTK
[10:19:57] [349/455] PVSR
[10:19:57] 🔄 Identity reset
[10:19:58] 🔄 Identity rotated (every 10 requests)
[10:19:59] [350/455] ACTN
[10:20:00] [351/455] FMCN
[10:20:00] [352/455] PABC
[10:20:01] [353/455] SUTC
[10:20:02] [354/455] PGMV
[10:20:03] [355/455] GKCP
[10:20:04] [356/455] INCH
[10:20:06] [357/455] MLMT
[10:20:06] [358/455] SSCC
[10:20:07] [359/455] SLMP
[10:20:08] 🔄 Identity reset
[10:20:08] 🔄 Identity rotated (every 10 requests)
[10:20:08] 🔄 Retry 1/5 for SLMP in 2.1s
[10:20:08] 🔄 Identity reset
[10:20:10] 🧠 New identity created
[10:20:11] [360/455] VVTN
[10:20:12] [361/455] SBTR
[10:20:13] [362/455] PGRA
[10:20:13] [363/455] PBRM
[10:20:14] [364/455] GCRP
[10:20:15] [365/455] MCSK
[10:20:16] [366/455] NLTC
[10:20:17] [367/455] MTLM
[10:20:18] [368/455] VECT
[10:20:18] 🔄 Identity reset
[10:20:18] 🔄 Identity rotated (every 10 requests)
[10:20:19] [369/455] KMRM
[10:20:19] [370/455] RACM
[10:20:21] [371/455] WSTC
[10:20:22] [372/455] PVTJ
[10:20:23] [373/455] MMKC
[10:20:24] [374/455] SVWT
[10:20:25] [375/455] JOTG
[10:20:26] [376/455] VCDK
[10:20:27] [377/455] ANAC
[10:20:27] [378/455] GRTC
[10:20:28] 🔄 Identity reset
[10:20:28] 🔄 Identity rotated (every 10 requests)
[10:20:28] [379/455] JTPL
[10:20:29] [380/455] VRCP
[10:20:30] [381/455] REMC
[10:20:31] [382/455] ATMG
[10:20:32] [383/455] GAHC
[10:20:33] [384/455] JTMV
[10:20:34] [385/455] OMTT
[10:20:34] [386/455] GKKC
[10:20:36] [387/455] BBPO
[10:20:37] [388/455] ZCBB
[10:20:37] 🔄 Identity reset
[10:20:37] 🔄 Identity rotated (every 10 requests)
[10:20:38] [389/455] DCGO
[10:20:39] [390/455] STOP
[10:20:39] [391/455] BSPC
[10:20:40] [392/455] SOND
[10:20:42] [393/455] GCKG
[10:20:43] [394/455] PCDB
[10:20:45] [395/455] PGRC
[10:20:45] [396/455] CSCT
[10:20:46] [397/455] STDA
[10:20:47] [398/455] JAYD
[10:20:48] 🔄 Identity reset
[10:20:48] 🔄 Identity rotated (every 10 requests)
[10:20:49] [399/455] PPPD
[10:20:50] [400/455] KRTT
[10:20:51] [401/455] PTDT
[10:20:52] [402/455] TRSV
[10:20:53] [403/455] VELR
[10:20:54] [404/455] STDT
[10:20:54] [405/455] SATT
[10:20:56] [406/455] KCPM
[10:20:57] [407/455] MFCP
[10:20:58] [408/455] AXMP
[10:20:58] 🔄 Identity reset
[10:20:59] 🔄 Identity rotated (every 10 requests)
[10:20:59] [409/455] LTVB
[10:21:00] [410/455] APST
[10:21:01] [411/455] DTVP
[10:21:02] [412/455] AAVB
[10:21:03] [413/455] PMBL
[10:21:04] [414/455] STKC
[10:21:05] [415/455] KKMA
[10:21:06] [416/455] NMXS
[10:21:07] [417/455] DECX
[10:21:08] [418/455] MAPJ
[10:21:09] 🔄 Identity reset
[10:21:09] 🔄 Identity rotated (every 10 requests)
[10:21:09] [419/455] SMLK
[10:21:10] [420/455] PMPU
[10:21:11] [421/455] AFST
[10:21:12] [422/455] SRSY
[10:21:13] [423/455] RMKT
[10:21:14] [424/455] RAJX
[10:21:15] [425/455] UVCD
[10:21:15] [426/455] LISA
[10:21:16] [427/455] LMSR
[10:21:17] [428/455] PMCA
[10:21:18] 🔄 Identity reset
[10:21:18] 🔄 Identity rotated (every 10 requests)
[10:21:18] [429/455] INPO
[10:21:19] [430/455] INGO
[10:21:20] [431/455] HFSQ
[10:21:21] [432/455] INMG
[10:21:22] [433/455] NYCP
[10:21:23] [434/455] HFSV
[10:21:24] [435/455] MMZP
[10:21:25] [436/455] KSES
[10:21:26] [437/455] HFSA
[10:21:27] [438/455] ACMM
[10:21:28] 🔄 Identity reset
[10:21:28] 🔄 Identity rotated (every 10 requests)
[10:21:28] [439/455] RCKD
[10:21:29] [440/455] BCKR
[10:21:30] [441/455] SFCO
[10:21:31] [442/455] JCCB
[10:21:32] [443/455] BCCR
[10:21:33] [444/455] NWCB
[10:21:34] [445/455] SAMT
[10:21:35] [446/455] TMST
[10:21:36] [447/455] SJCN
[10:21:37] [448/455] MCBS
[10:21:37] 🔄 Identity reset
[10:21:37] 🔄 Identity rotated (every 10 requests)
[10:21:38] [449/455] CMKR
[10:21:39] [450/455] INPM
[10:21:40] [451/455] WVMT
[10:21:41] [452/455] NYSM
[10:21:41] [453/455] RCMA
[10:21:42] [454/455] RECM
[10:21:43] [455/455] CYCM
[10:21:44] 🧹 Deduping shows
[10:21:44] ✅ DONE | Shows=48 | Movies=10
