[10:21:35] 🚀 SCRIPT STARTED
[10:21:35] [1/459] NECA
[10:21:35] 🧠 New identity created
[10:21:36] [2/459] BJLC
[10:21:37] [3/459] BASU
[10:21:37] [4/459] RUPI
[10:21:38] [5/459] LCBK
[10:21:39] [6/459] PMAC
[10:21:40] [7/459] AMLC
[10:21:40] [8/459] LICL
[10:21:41] [9/459] UDMM
[10:21:42] [10/459] STBZ
[10:21:43] [11/459] UUBT
[10:21:44] [12/459] SJKC
[10:21:45] [13/459] TUAL
[10:21:46] [14/459] MRSE
[10:21:47] [15/459] RMRK
[10:21:48] [16/459] TTKP
[10:21:49] [17/459] KTKO
[10:21:50] [18/459] SDBK
[10:21:51] [19/459] MCPR
[10:21:52] [20/459] CHTI
[10:21:52] [21/459] GCCP
[10:21:53] [22/459] SRMY
[10:21:54] [23/459] NYST
[10:21:54] [24/459] NYAG
[10:21:56] [25/459] SBMT
[10:21:57] [26/459] INGA
[10:21:58] [27/459] WSIC
[10:21:58] [28/459] SCSS
[10:21:59] [29/459] COPG
[10:22:00] [30/459] RCGR
[10:22:01] [31/459] TCZA
[10:22:02] [32/459] CNLP
[10:22:03] [33/459] CLKN
[10:22:03] [34/459] LHDF
[10:22:04] [35/459] ELKC
[10:22:05] [36/459] VCEM
[10:22:06] [37/459] SSZA
[10:22:06] [38/459] KRMT
[10:22:07] [39/459] LCMV
[10:22:08] [40/459] AYCZ
[10:22:09] [41/459] CUMS
[10:22:10] [42/459] BOCK
[10:22:10] [43/459] PNMR
[10:22:11] [44/459] PJCP
[10:22:12] [45/459] JDDD
[10:22:13] [46/459] STMS
[10:22:14] [47/459] FLMB
[10:22:15] [48/459] PKCM
[10:22:16] [49/459] SPPR
[10:22:17] [50/459] EYLH
[10:22:18] [51/459] RJCC
[10:22:19] [52/459] MMPS
[10:22:20] [53/459] SHMX
[10:22:21] [54/459] CCNL
[10:22:22] [55/459] RCNV
[10:22:23] [56/459] MAAG
[10:22:24] [57/459] LXCM
[10:22:25] [58/459] RCNI
[10:22:26] [59/459] SNNI
[10:22:27] [60/459] LALC
[10:22:28] [61/459] SOCN
[10:22:29] [62/459] JHTP
[10:22:29] [63/459] PITP
[10:22:30] [64/459] CCKW
[10:22:31] [65/459] MCMC
[10:22:32] [66/459] DEES
[10:22:33] [67/459] SABT
[10:22:34] [68/459] VSPP
[10:22:35] [69/459] ABCT
[10:22:36] [70/459] JVTB
[10:22:37] [71/459] VCBD
[10:22:37] [72/459] RMGG
[10:22:38] [73/459] RNMH
[10:22:39] [74/459] SPGL
[10:22:40] [75/459] JTTR
[10:22:42] [76/459] SICS
[10:22:42] [77/459] SRMI
[10:22:43] [78/459] SSIJ
[10:22:44] [79/459] KFMT
[10:22:45] [80/459] VBIT
[10:22:46] [81/459] JKCT
[10:22:46] [82/459] GCGP
[10:22:47] [83/459] GDCS
[10:22:49] [84/459] TRBA
[10:22:49] [85/459] QUST
[10:22:50] [86/459] VSHM
[10:22:51] [87/459] SDCP
[10:22:51] [88/459] SNVS
[10:22:52] [89/459] NYTO
[10:22:53] [90/459] URWC
[10:22:54] [91/459] GTWH
[10:22:54] [92/459] PFCM
[10:22:56] [93/459] KRTA
[10:22:57] [94/459] AXMC
[10:22:58] [95/459] EVMC
[10:22:58] [96/459] HGSM
[10:22:59] [97/459] ACVM
[10:23:00] [98/459] PSKL
[10:23:01] [99/459] RDMP
[10:23:02] [100/459] RHGH
[10:23:03] [101/459] OMCM
[10:23:05] [102/459] DCCP
[10:23:05] [103/459] MCPB
[10:23:06] [104/459] ALCI
[10:23:07] [105/459] BLMX
[10:23:08] [106/459] BTMV
[10:23:09] [107/459] FVPN
[10:23:09] [108/459] CMAR
[10:23:10] [109/459] CEIM
[10:23:11] [110/459] CMVA
[10:23:12] [111/459] CPIV
[10:23:13] [112/459] CNPE
[10:23:13] [113/459] COLV
[10:23:14] [114/459] DNNV
[10:23:15] [115/459] HCAD
[10:23:16] [116/459] TAKA
[10:23:17] [117/459] INVD
[10:23:17] [118/459] IRMM
[10:23:18] [119/459] INSE
[10:23:19] [120/459] MRSW
[10:23:20] [121/459] MCVD
[10:23:20] [122/459] MCSO
[10:23:21] [123/459] PEVM
[10:23:22] [124/459] PVNL
[10:23:23] [125/459] PTCV
[10:23:24] [126/459] PRTC
[10:23:25] [127/459] RCVA
[10:23:27] [128/459] MTBN
[10:23:28] [129/459] LUCP
[10:23:28] [130/459] FMPT
[10:23:29] [131/459] JLSL
[10:23:30] [132/459] SBHA
[10:23:31] [133/459] SHRC
[10:23:32] [134/459] AVPS
[10:23:33] [135/459] STPM
[10:23:33] [136/459] ATRD
[10:23:34] [137/459] VTED
[10:23:35] [138/459] ACAI
[10:23:36] [139/459] SMAE
[10:23:37] [140/459] VMAT
[10:23:38] [141/459] LKCT
[10:23:39] [142/459] JTVK
[10:23:40] [143/459] PRTY
[10:23:40] [144/459] GETT
[10:23:41] [145/459] ESAP
[10:23:42] [146/459] NCPM
[10:23:43] [147/459] PCPA
[10:23:45] [148/459] MMOM
[10:23:45] [149/459] PHUP
[10:23:46] [150/459] CCPI
[10:23:47] [151/459] CNTD
[10:23:48] [152/459] NLJR
[10:23:49] [153/459] SRNG
[10:23:49] [154/459] MHAL
[10:23:50] [155/459] PNSM
[10:23:51] [156/459] DRMY
[10:23:53] [157/459] CCMU
[10:23:54] [158/459] SCMY
[10:23:54] [159/459] PVSY
[10:23:55] [160/459] SDLM
[10:23:56] [161/459] ICCM
[10:23:57] [162/459] PYSU
[10:23:58] [163/459] GATM
[10:23:58] [164/459] WOTM
[10:23:59] [165/459] RKTS
[10:24:00] [166/459] PMTY
[10:24:01] [167/459] LYMS
[10:24:02] [168/459] TGCA
[10:24:02] [169/459] DSTA
[10:24:03] [170/459] CNGE
[10:24:04] [171/459] VSTG
[10:24:05] [172/459] GTCK
[10:24:06] [173/459] TGNT
[10:24:07] [174/459] ASLC
[10:24:07] [175/459] SSST
[10:24:09] [176/459] KBTT
[10:24:09] [177/459] HKCP
[10:24:10] [178/459] SWLC
[10:24:11] [179/459] RTND
[10:24:12] [180/459] PKKT
[10:24:13] [181/459] HSTK
[10:24:13] [182/459] SPTT
[10:24:14] [183/459] IMPM
[10:24:15] [184/459] SCMV
[10:24:16] [185/459] SPCT
[10:24:17] [186/459] JBCA
[10:24:17] [187/459] ATTR
[10:24:18] [188/459] SPMT
[10:24:19] [189/459] LCTM
[10:24:20] [190/459] SCVL
[10:24:21] [191/459] SCVT
[10:24:22] [192/459] KRIC
[10:24:23] [193/459] CTMG
[10:24:23] [194/459] ACNC
[10:24:24] [195/459] DMCK
[10:24:25] [196/459] KMTV
[10:24:26] [197/459] PFCJ
[10:24:27] [198/459] VNMD
[10:24:28] [199/459] VPCZ
[10:24:29] [200/459] SRYR
[10:24:29] [201/459] SYTR
[10:24:30] [202/459] GATR
[10:24:31] [203/459] URTR
[10:24:32] [204/459] MKSM
[10:24:32] [205/459] VSMH
[10:24:33] [206/459] SKRJ
[10:24:34] [207/459] SSJR
[10:24:36] [208/459] SVSM
[10:24:37] [209/459] RUCM
[10:24:38] [210/459] PRKN
[10:24:38] [211/459] RROH
[10:24:39] [212/459] SCTN
[10:24:40] [213/459] RTDM
[10:24:40] [214/459] ASRM
[10:24:42] [215/459] SKMD
[10:24:43] [216/459] SUTD
[10:24:43] [217/459] SADM
[10:24:44] [218/459] WCNR
[10:24:45] [219/459] CNED
[10:24:46] [220/459] MPDB
[10:24:46] [221/459] KTBH
[10:24:48] [222/459] IDRM
[10:24:49] [223/459] PJJT
[10:24:50] [224/459] PFCV
[10:24:51] [225/459] AACT
[10:24:52] [226/459] AAAD
[10:24:53] [227/459] ANES
[10:24:53] [228/459] MNCA
[10:24:54] [229/459] RMGU
[10:24:55] [230/459] DLCN
[10:24:56] [231/459] LJWT
[10:24:57] [232/459] MCBG
[10:24:58] [233/459] MYBG
[10:24:58] [234/459] GCCA
[10:24:59] [235/459] GCGA
[10:25:00] [236/459] ECGN
[10:25:01] [237/459] PRAB
[10:25:02] [238/459] PNMP
[10:25:02] [239/459] GCPT
[10:25:03] [240/459] ROYN
[10:25:04] [241/459] VATM
[10:25:05] [242/459] KSNT
[10:25:06] [243/459] ACTC
[10:25:07] [244/459] PLTD
[10:25:08] [245/459] SKMK
[10:25:09] [246/459] CMTT
[10:25:10] [247/459] SMXP
[10:25:10] [248/459] SCMX
[10:25:11] [249/459] ACXN
[10:25:12] [250/459] ASWT
[10:25:13] [251/459] VVVL
[10:25:14] [252/459] NAGO
[10:25:15] [253/459] SNCN
[10:25:15] [254/459] MCKP
[10:25:16] [255/459] SAMO
[10:25:17] [256/459] JBTV
[10:25:19] [257/459] DCVV
[10:25:20] [258/459] KMSV
[10:25:20] [259/459] KDCN
[10:25:21] [260/459] CNCP
[10:25:22] [261/459] HAMC
[10:25:22] [262/459] CCVZ
[10:25:23] [263/459] NCCK
[10:25:24] [264/459] MCHR
[10:25:25] [265/459] SCHT
[10:25:26] [266/459] ESSH
[10:25:26] [267/459] CUJC
[10:25:27] [268/459] PECP
[10:25:28] [269/459] PMMI
[10:25:29] [270/459] PCCH
[10:25:30] [271/459] PRPM
[10:25:31] [272/459] PVKL
[10:25:32] [273/459] CBSM
[10:25:33] [274/459] PVCZ
[10:25:34] [275/459] PCVV
[10:25:35] [276/459] CTMJ
[10:25:36] [277/459] RCPS
[10:25:37] [278/459] PCIT
[10:25:38] [279/459] FNCH
[10:25:39] [280/459] INZD
[10:25:39] [281/459] INPC
[10:25:40] [282/459] LCZP
[10:25:41] [283/459] SMCB
[10:25:42] [284/459] PTSB
[10:25:43] [285/459] TPSI
[10:25:44] [286/459] KHMJ
[10:25:45] [287/459] RCCJ
[10:25:47] [288/459] NCJA
[10:25:48] [289/459] NCJN
[10:25:49] [290/459] BTDP
[10:25:49] [291/459] PADY
[10:25:50] [292/459] NYBH
[10:25:51] [293/459] MTBR
[10:25:52] [294/459] KRBC
[10:25:53] [295/459] DKTI
[10:25:53] [296/459] ANAN
[10:25:55] [297/459] INBP
[10:25:56] [298/459] PATB
[10:25:57] [299/459] RGNT
[10:25:58] [300/459] CGPM
[10:25:59] [301/459] INTN
[10:25:59] [302/459] MCMP
[10:26:00] [303/459] ASRG
[10:26:01] [304/459] CXJD
[10:26:02] [305/459] SPCP
[10:26:03] [306/459] CSTP
[10:26:04] [307/459] PKVC
[10:26:05] [308/459] ESCP
[10:26:05] [309/459] CAEP
[10:26:06] [310/459] CCSP
[10:26:07] [311/459] KTPC
[10:26:08] [312/459] DACA
[10:26:09] [313/459] NVKY
[10:26:10] [314/459] PTIN
[10:26:11] [315/459] SCIN
[10:26:12] [316/459] MCTY
[10:26:13] [317/459] PCMX
[10:26:14] [318/459] INIC
[10:26:15] [319/459] MMZM
[10:26:16] [320/459] SSLP
[10:26:17] [321/459] DTDT
[10:26:18] [322/459] FFCX
[10:26:19] [323/459] RCMM
[10:26:20] [324/459] KYID
[10:26:21] [325/459] CSCI
[10:26:22] [326/459] FCMC
[10:26:23] [327/459] MMXI
[10:26:24] [328/459] ASTC
[10:26:25] [329/459] CMRA
[10:26:26] [330/459] DICI
[10:26:27] [331/459] KDIN
[10:26:27] [332/459] PRFI
[10:26:29] [333/459] SVFC
[10:26:30] [334/459] UCPL
[10:26:31] [335/459] COOC
[10:26:31] [336/459] SCAL
[10:26:32] [337/459] SVFF
[10:26:33] [338/459] VCMG
[10:26:33] [339/459] UUCT
[10:26:34] [340/459] GCSE
[10:26:35] [341/459] SUSC
[10:26:36] [342/459] MISC
[10:26:36] [343/459] RMBL
[10:26:38] [344/459] CMXN
[10:26:39] [345/459] PVBK
[10:26:39] [346/459] HHCG
[10:26:40] [347/459] SCAG
[10:26:41] [348/459] CNPR
[10:26:42] [349/459] CSER
[10:26:43] [350/459] HLWD
[10:26:44] [351/459] BOLY
[10:26:56] 🔄 Identity reset
[10:26:56] ❌ BOLY | ReadTimeout
[10:26:56] [352/459] SSPG
[10:26:56] 🧠 New identity created
[10:26:57] [353/459] MUPX
[10:26:58] [354/459] HAMR
[10:26:59] [355/459] SDNC
[10:26:59] [356/459] RTEN
[10:27:00] [357/459] SDTD
[10:27:01] [358/459] KAWS
[10:27:02] [359/459] CMZX
[10:27:03] [360/459] DCDD
[10:27:04] [361/459] ALSN
[10:27:04] [362/459] IMXS
[10:27:05] [363/459] PVFF
[10:27:06] [364/459] PVOO
[10:27:07] [365/459] CFBS
[10:27:07] [366/459] PVER
[10:27:08] [367/459] PPNX
[10:27:10] [368/459] CNRM
[10:27:11] [369/459] PVWW
[10:27:11] [370/459] INMB
[10:27:12] [371/459] CPJR
[10:27:13] [372/459] INRZ
[10:27:14] [373/459] PMSR
[10:27:15] [374/459] GPGM
[10:27:15] [375/459] PGWB
[10:27:16] [376/459] PMBR
[10:27:17] [377/459] GPAM
[10:27:18] [378/459] INBC
[10:27:18] [379/459] PZVK
[10:27:19] [380/459] CPEB
[10:27:20] [381/459] FMLB
[10:27:21] [382/459] INBG
[10:27:22] [383/459] GPBR
[10:27:23] [384/459] PAAS
[10:27:24] [385/459] VTBR
[10:27:25] [386/459] GPMY
[10:27:25] [387/459] GYBU
[10:27:26] [388/459] INBJ
[10:27:27] [389/459] LKTH
[10:27:28] [390/459] NSBR
[10:27:29] [391/459] PDRD
[10:27:30] [392/459] VRBL
[10:27:30] [393/459] VTGB
[10:27:31] [394/459] VTSK
[10:27:32] [395/459] BKDV
[10:27:33] [396/459] SVTB
[10:27:34] [397/459] MLDT
[10:27:35] [398/459] NRBL
[10:27:36] [399/459] SLTR
[10:27:37] [400/459] VNKA
[10:27:38] [401/459] TDCA
[10:27:39] [402/459] INBM
[10:27:40] [403/459] SSNR
[10:27:41] [404/459] BHAC
[10:27:41] [405/459] SDSD
[10:27:42] [406/459] SAMP
[10:27:44] [407/459] RATK
[10:27:44] [408/459] KCBI
[10:27:45] [409/459] URBL
[10:27:46] [410/459] MKBG
[10:27:47] [411/459] ASTB
[10:27:48] [412/459] VBWT
[10:27:50] [413/459] GPSM
[10:27:51] [414/459] ROON
[10:27:52] [415/459] CHTH
[10:27:53] [416/459] SSPA
[10:27:54] [417/459] ANBL
[10:27:55] [418/459] VTBE
[10:27:57] [419/459] SVKT
[10:27:57] [420/459] SVYK
[10:27:58] [421/459] PTBK
[10:27:58] [422/459] RKTB
[10:28:00] [423/459] BALT
[10:28:01] [424/459] STSV
[10:28:02] [425/459] VCCB
[10:28:03] [426/459] SLTB
[10:28:04] [427/459] SBCR
[10:28:05] [428/459] VDCS
[10:28:06] [429/459] MDKI
[10:28:07] [430/459] SMRN
[10:28:08] [431/459] PTBC
[10:28:08] [432/459] RADI
[10:28:09] [433/459] ADCR
[10:28:10] [434/459] SDCS
[10:28:12] [435/459] SRPJ
[10:28:13] [436/459] ARTS
[10:28:13] [437/459] SRHK
[10:28:14] [438/459] SPAY
[10:28:15] [439/459] GPTB
[10:28:16] [440/459] SNNN
[10:28:17] [441/459] BALJ
[10:28:18] [442/459] TRIG
[10:28:19] [443/459] GTYT
[10:28:20] [444/459] ATGN
[10:28:21] [445/459] ANTE
[10:28:21] [446/459] BDCG
[10:28:22] [447/459] VECI
[10:28:23] [448/459] SCPR
[10:28:24] [449/459] RTEA
[10:28:24] [450/459] JSAI
[10:28:25] [451/459] VJTP
[10:28:26] [452/459] GNDS
[10:28:27] [453/459] PAXA
[10:28:28] [454/459] CGGM
[10:28:29] [455/459] ACKZ
[10:28:29] [456/459] EMCC
[10:28:30] [457/459] KLSK
[10:28:31] [458/459] AVCK
[10:28:32] [459/459] JTCK
[10:28:33] 🔁 RETRY ROUND 1 | Remaining: 1
[10:28:33] [RETRY-1] BOLY
[10:28:34] 🧹 Deduping shows
[10:28:34] ✅ DONE | Shows=6 | Movies=2
[04:59:51] 🚀 SCRIPT STARTED
[04:59:51] [1/459] NECA
[04:59:51] 🧠 New identity created
[04:59:52] [2/459] BJLC
[04:59:53] [3/459] BASU
[04:59:54] [4/459] RUPI
[04:59:55] [5/459] LCBK
[04:59:56] [6/459] PMAC
[04:59:57] [7/459] AMLC
[04:59:58] [8/459] LICL
[04:59:58] [9/459] UDMM
[04:59:59] [10/459] STBZ
[05:00:00] [11/459] UUBT
[05:00:01] [12/459] SJKC
[05:00:02] [13/459] TUAL
[05:00:03] [14/459] MRSE
[05:00:03] [15/459] RMRK
[05:00:04] [16/459] TTKP
[05:00:05] [17/459] KTKO
[05:00:06] [18/459] SDBK
[05:00:07] [19/459] MCPR
[05:00:08] [20/459] CHTI
[05:00:08] [21/459] GCCP
[05:00:09] [22/459] SRMY
[05:00:10] [23/459] NYST
[05:00:11] [24/459] NYAG
[05:00:12] [25/459] SBMT
[05:00:12] [26/459] INGA
[05:00:14] [27/459] WSIC
[05:00:15] [28/459] SCSS
[05:00:16] [29/459] COPG
[05:00:16] [30/459] RCGR
[05:00:17] [31/459] TCZA
[05:00:18] [32/459] CNLP
[05:00:20] [33/459] CLKN
[05:00:21] [34/459] LHDF
[05:00:21] [35/459] ELKC
[05:00:22] [36/459] VCEM
[05:00:23] [37/459] SSZA
[05:00:24] [38/459] KRMT
[05:00:25] [39/459] LCMV
[05:00:25] [40/459] AYCZ
[05:00:26] [41/459] CUMS
[05:00:27] [42/459] BOCK
[05:00:28] [43/459] PNMR
[05:00:29] [44/459] PJCP
[05:00:30] [45/459] JDDD
[05:00:31] [46/459] STMS
[05:00:31] [47/459] FLMB
[05:00:32] [48/459] PKCM
[05:00:34] [49/459] SPPR
[05:00:35] [50/459] EYLH
[05:00:36] [51/459] RJCC
[05:00:37] [52/459] MMPS
[05:00:38] [53/459] SHMX
[05:00:40] [54/459] CCNL
[05:00:41] [55/459] RCNV
[05:00:42] [56/459] MAAG
[05:00:42] [57/459] LXCM
[05:00:43] [58/459] RCNI
[05:00:44] [59/459] SNNI
[05:00:45] [60/459] LALC
[05:00:46] [61/459] SOCN
[05:00:46] [62/459] JHTP
[05:00:48] [63/459] PITP
[05:00:49] [64/459] CCKW
[05:00:50] [65/459] MCMC
[05:00:50] [66/459] DEES
[05:00:51] [67/459] SABT
[05:00:52] [68/459] VSPP
[05:00:53] [69/459] ABCT
[05:00:54] [70/459] JVTB
[05:00:54] [71/459] VCBD
[05:00:55] [72/459] RMGG
[05:00:56] [73/459] RNMH
[05:00:57] [74/459] SPGL
[05:00:57] [75/459] JTTR
[05:00:58] [76/459] SICS
[05:00:59] [77/459] SRMI
[05:01:00] [78/459] SSIJ
[05:01:01] [79/459] KFMT
[05:01:02] [80/459] VBIT
[05:01:03] [81/459] JKCT
[05:01:03] [82/459] GCGP
[05:01:04] [83/459] GDCS
[05:01:05] [84/459] TRBA
[05:01:06] [85/459] QUST
[05:01:07] [86/459] VSHM
[05:01:08] [87/459] SDCP
[05:01:09] [88/459] SNVS
[05:01:10] [89/459] NYTO
[05:01:11] [90/459] URWC
[05:01:12] [91/459] GTWH
[05:01:13] [92/459] PFCM
[05:01:13] [93/459] KRTA
[05:01:14] [94/459] AXMC
[05:01:15] [95/459] EVMC
[05:01:16] [96/459] HGSM
[05:01:17] [97/459] ACVM
[05:01:18] [98/459] PSKL
[05:01:19] [99/459] RDMP
[05:01:20] [100/459] RHGH
[05:01:20] [101/459] OMCM
[05:01:21] [102/459] DCCP
[05:01:22] [103/459] MCPB
[05:01:23] [104/459] ALCI
[05:01:25] [105/459] BLMX
[05:01:25] [106/459] BTMV
[05:01:26] [107/459] FVPN
[05:01:27] [108/459] CMAR
[05:01:28] [109/459] CEIM
[05:01:29] [110/459] CMVA
[05:01:30] [111/459] CPIV
[05:01:30] [112/459] CNPE
[05:01:31] [113/459] COLV
[05:01:32] [114/459] DNNV
[05:01:33] [115/459] HCAD
[05:01:34] [116/459] TAKA
[05:01:35] [117/459] INVD
[05:01:36] [118/459] IRMM
[05:01:37] [119/459] INSE
[05:01:39] [120/459] MRSW
[05:01:39] [121/459] MCVD
[05:01:40] [122/459] MCSO
[05:01:41] [123/459] PEVM
[05:01:42] [124/459] PVNL
[05:01:43] [125/459] PTCV
[05:01:44] [126/459] PRTC
[05:01:45] [127/459] RCVA
[05:01:46] [128/459] MTBN
[05:01:47] [129/459] LUCP
[05:01:48] [130/459] FMPT
[05:01:49] [131/459] JLSL
[05:01:50] [132/459] SBHA
[05:01:51] [133/459] SHRC
[05:01:53] [134/459] AVPS
[05:01:54] [135/459] STPM
[05:01:54] [136/459] ATRD
[05:01:55] [137/459] VTED
[05:01:57] [138/459] ACAI
[05:01:58] [139/459] SMAE
[05:01:58] [140/459] VMAT
[05:01:59] [141/459] LKCT
[05:02:00] [142/459] JTVK
[05:02:01] [143/459] PRTY
[05:02:01] [144/459] GETT
[05:02:03] [145/459] ESAP
[05:02:04] [146/459] NCPM
[05:02:05] [147/459] PCPA
[05:02:06] [148/459] MMOM
[05:02:06] [149/459] PHUP
[05:02:07] [150/459] CCPI
[05:02:08] [151/459] CNTD
[05:02:09] [152/459] NLJR
[05:02:10] [153/459] SRNG
[05:02:11] [154/459] MHAL
[05:02:12] [155/459] PNSM
[05:02:12] [156/459] DRMY
[05:02:14] [157/459] CCMU
[05:02:14] [158/459] SCMY
[05:02:15] [159/459] PVSY
[05:02:16] [160/459] SDLM
[05:02:17] [161/459] ICCM
[05:02:18] [162/459] PYSU
[05:02:20] [163/459] GATM
[05:02:21] [164/459] WOTM
[05:02:22] [165/459] RKTS
[05:02:22] [166/459] PMTY
[05:02:23] [167/459] LYMS
[05:02:24] [168/459] TGCA
[05:02:25] [169/459] DSTA
[05:02:26] [170/459] CNGE
[05:02:27] [171/459] VSTG
[05:02:28] [172/459] GTCK
[05:02:29] [173/459] TGNT
[05:02:30] [174/459] ASLC
[05:02:30] [175/459] SSST
[05:02:31] [176/459] KBTT
[05:02:32] [177/459] HKCP
[05:02:33] [178/459] SWLC
[05:02:34] [179/459] RTND
[05:02:35] [180/459] PKKT
[05:02:36] [181/459] HSTK
[05:02:37] [182/459] SPTT
[05:02:38] [183/459] IMPM
[05:02:38] [184/459] SCMV
[05:02:39] [185/459] SPCT
[05:02:40] [186/459] JBCA
[05:02:41] [187/459] ATTR
[05:02:41] [188/459] SPMT
[05:02:42] [189/459] LCTM
[05:02:43] [190/459] SCVL
[05:02:44] [191/459] SCVT
[05:02:45] [192/459] KRIC
[05:02:45] [193/459] CTMG
[05:02:46] [194/459] ACNC
[05:02:47] [195/459] DMCK
[05:02:47] [196/459] KMTV
[05:02:48] [197/459] PFCJ
[05:02:49] [198/459] VNMD
[05:02:50] [199/459] VPCZ
[05:02:50] [200/459] SRYR
[05:02:51] [201/459] SYTR
[05:02:52] [202/459] GATR
[05:02:53] [203/459] URTR
[05:02:53] [204/459] MKSM
[05:02:54] [205/459] VSMH
[05:02:55] [206/459] SKRJ
[05:02:56] [207/459] SSJR
[05:02:57] [208/459] SVSM
[05:02:58] [209/459] RUCM
[05:02:59] [210/459] PRKN
[05:03:00] [211/459] RROH
[05:03:00] [212/459] SCTN
[05:03:01] [213/459] RTDM
[05:03:02] [214/459] ASRM
[05:03:04] [215/459] SKMD
[05:03:04] [216/459] SUTD
[05:03:06] [217/459] SADM
[05:03:07] [218/459] WCNR
[05:03:08] [219/459] CNED
[05:03:09] [220/459] MPDB
[05:03:09] [221/459] KTBH
[05:03:10] [222/459] IDRM
[05:03:11] [223/459] PJJT
[05:03:12] [224/459] PFCV
[05:03:13] [225/459] AACT
[05:03:14] [226/459] AAAD
[05:03:15] [227/459] ANES
[05:03:15] [228/459] MNCA
[05:03:17] [229/459] RMGU
[05:03:17] [230/459] DLCN
[05:03:18] [231/459] LJWT
[05:03:19] [232/459] MCBG
[05:03:20] [233/459] MYBG
[05:03:21] [234/459] GCCA
[05:03:21] [235/459] GCGA
[05:03:23] [236/459] ECGN
[05:03:24] [237/459] PRAB
[05:03:25] [238/459] PNMP
[05:03:26] [239/459] GCPT
[05:03:27] [240/459] ROYN
[05:03:28] [241/459] VATM
[05:03:29] [242/459] KSNT
[05:03:29] [243/459] ACTC
[05:03:31] [244/459] PLTD
[05:03:32] [245/459] SKMK
[05:03:33] [246/459] CMTT
[05:03:34] [247/459] SMXP
[05:03:35] [248/459] SCMX
[05:03:35] [249/459] ACXN
[05:03:36] [250/459] ASWT
[05:03:37] [251/459] VVVL
[05:03:38] [252/459] NAGO
[05:03:39] [253/459] SNCN
[05:03:40] [254/459] MCKP
[05:03:41] [255/459] SAMO
[05:03:42] [256/459] JBTV
[05:03:43] [257/459] DCVV
[05:03:44] [258/459] KMSV
[05:03:44] [259/459] KDCN
[05:03:45] [260/459] CNCP
[05:03:47] [261/459] HAMC
[05:03:47] [262/459] CCVZ
[05:03:48] [263/459] NCCK
[05:03:49] [264/459] MCHR
[05:03:51] [265/459] SCHT
[05:03:52] [266/459] ESSH
[05:03:53] [267/459] CUJC
[05:03:54] [268/459] PECP
[05:03:55] [269/459] PMMI
[05:03:55] [270/459] PCCH
[05:03:57] [271/459] PRPM
[05:03:58] [272/459] PVKL
[05:03:59] [273/459] CBSM
[05:03:59] [274/459] PVCZ
[05:04:00] [275/459] PCVV
[05:04:01] [276/459] CTMJ
[05:04:02] [277/459] RCPS
[05:04:03] [278/459] PCIT
[05:04:03] [279/459] FNCH
[05:04:04] [280/459] INZD
[05:04:05] [281/459] INPC
[05:04:06] [282/459] LCZP
[05:04:07] [283/459] SMCB
[05:04:08] [284/459] PTSB
[05:04:09] [285/459] TPSI
[05:04:10] [286/459] KHMJ
[05:04:11] [287/459] RCCJ
[05:04:12] [288/459] NCJA
[05:04:13] [289/459] NCJN
[05:04:15] [290/459] BTDP
[05:04:15] [291/459] PADY
[05:04:16] [292/459] NYBH
[05:04:17] [293/459] MTBR
[05:04:18] [294/459] KRBC
[05:04:19] [295/459] DKTI
[05:04:20] [296/459] ANAN
[05:04:20] [297/459] INBP
[05:04:22] [298/459] PATB
[05:04:22] [299/459] RGNT
[05:04:23] [300/459] CGPM
[05:04:25] [301/459] INTN
[05:04:26] [302/459] MCMP
[05:04:27] [303/459] ASRG
[05:04:28] [304/459] CXJD
[05:04:29] [305/459] SPCP
[05:04:30] [306/459] CSTP
[05:04:32] [307/459] PKVC
[05:04:33] [308/459] ESCP
[05:04:34] [309/459] CAEP
[05:04:34] [310/459] CCSP
[05:04:35] [311/459] KTPC
[05:04:36] [312/459] DACA
[05:04:37] [313/459] NVKY
[05:04:38] [314/459] PTIN
[05:04:39] [315/459] SCIN
[05:04:40] [316/459] MCTY
[05:04:41] [317/459] PCMX
[05:04:41] [318/459] INIC
[05:04:42] [319/459] MMZM
[05:04:43] [320/459] SSLP
[05:04:44] [321/459] DTDT
[05:04:45] [322/459] FFCX
[05:04:46] [323/459] RCMM
[05:04:46] [324/459] KYID
[05:04:47] [325/459] CSCI
[05:04:48] [326/459] FCMC
[05:04:49] [327/459] MMXI
[05:04:50] [328/459] ASTC
[05:04:50] [329/459] CMRA
[05:04:51] [330/459] DICI
[05:04:52] [331/459] KDIN
[05:04:53] [332/459] PRFI
[05:04:54] [333/459] SVFC
[05:04:55] [334/459] UCPL
[05:04:56] [335/459] COOC
[05:04:58] [336/459] SCAL
[05:04:59] [337/459] SVFF
[05:05:00] [338/459] VCMG
[05:05:00] [339/459] UUCT
[05:05:01] [340/459] GCSE
[05:05:02] [341/459] SUSC
[05:05:03] [342/459] MISC
[05:05:03] [343/459] RMBL
[05:05:05] [344/459] CMXN
[05:05:06] [345/459] PVBK
[05:05:07] [346/459] HHCG
[05:05:07] [347/459] SCAG
[05:05:08] [348/459] CNPR
[05:05:09] [349/459] CSER
[05:05:10] [350/459] HLWD
[05:05:11] [351/459] BOLY
[05:05:12] [352/459] SSPG
[05:05:13] [353/459] MUPX
[05:05:14] [354/459] HAMR
[05:05:14] [355/459] SDNC
[05:05:15] [356/459] RTEN
[05:05:16] [357/459] SDTD
[05:05:17] [358/459] KAWS
[05:05:18] [359/459] CMZX
[05:05:18] [360/459] DCDD
[05:05:19] [361/459] ALSN
[05:05:20] [362/459] IMXS
[05:05:21] [363/459] PVFF
[05:05:22] [364/459] PVOO
[05:05:23] [365/459] CFBS
[05:05:24] [366/459] PVER
[05:05:25] [367/459] PPNX
[05:05:27] [368/459] CNRM
[05:05:27] [369/459] PVWW
[05:05:28] [370/459] INMB
[05:05:29] [371/459] CPJR
[05:05:30] [372/459] INRZ
[05:05:31] [373/459] PMSR
[05:05:32] [374/459] GPGM
[05:05:33] [375/459] PGWB
[05:05:34] [376/459] PMBR
[05:05:34] [377/459] GPAM
[05:05:35] [378/459] INBC
[05:05:36] [379/459] PZVK
[05:05:38] [380/459] CPEB
[05:05:38] [381/459] FMLB
[05:05:39] [382/459] INBG
[05:05:40] [383/459] GPBR
[05:05:41] [384/459] PAAS
[05:05:41] [385/459] VTBR
[05:05:42] [386/459] GPMY
[05:05:43] [387/459] GYBU
[05:05:44] [388/459] INBJ
[05:05:45] [389/459] LKTH
[05:05:46] [390/459] NSBR
[05:05:46] [391/459] PDRD
[05:05:47] [392/459] VRBL
[05:05:48] [393/459] VTGB
[05:05:49] [394/459] VTSK
[05:05:50] [395/459] BKDV
[05:05:50] [396/459] SVTB
[05:05:51] [397/459] MLDT
[05:05:52] [398/459] NRBL
[05:05:54] [399/459] SLTR
[05:05:55] [400/459] VNKA
[05:05:55] [401/459] TDCA
[05:05:56] [402/459] INBM
[05:05:57] [403/459] SSNR
[05:05:58] [404/459] BHAC
[05:05:59] [405/459] SDSD
[05:05:59] [406/459] SAMP
[05:06:00] [407/459] RATK
[05:06:01] [408/459] KCBI
[05:06:02] [409/459] URBL
[05:06:03] [410/459] MKBG
[05:06:03] [411/459] ASTB
[05:06:04] [412/459] VBWT
[05:06:05] [413/459] GPSM
[05:06:06] [414/459] ROON
[05:06:07] [415/459] CHTH
[05:06:08] [416/459] SSPA
[05:06:09] [417/459] ANBL
[05:06:10] [418/459] VTBE
[05:06:11] [419/459] SVKT
[05:06:12] [420/459] SVYK
[05:06:13] [421/459] PTBK
[05:06:13] [422/459] RKTB
[05:06:14] [423/459] BALT
[05:06:15] [424/459] STSV
[05:06:16] [425/459] VCCB
[05:06:17] [426/459] SLTB
[05:06:18] [427/459] SBCR
[05:06:19] [428/459] VDCS
[05:06:20] [429/459] MDKI
[05:06:21] [430/459] SMRN
[05:06:22] [431/459] PTBC
[05:06:22] [432/459] RADI
[05:06:23] [433/459] ADCR
[05:06:24] [434/459] SDCS
[05:06:25] [435/459] SRPJ
[05:06:26] [436/459] ARTS
[05:06:27] [437/459] SRHK
[05:06:28] [438/459] SPAY
[05:06:28] [439/459] GPTB
[05:06:30] [440/459] SNNN
[05:06:31] [441/459] BALJ
[05:06:32] [442/459] TRIG
[05:06:33] [443/459] GTYT
[05:06:34] [444/459] ATGN
[05:06:35] [445/459] ANTE
[05:06:37] [446/459] BDCG
[05:06:37] [447/459] VECI
[05:06:38] [448/459] SCPR
[05:06:39] [449/459] RTEA
[05:06:41] [450/459] JSAI
[05:06:42] [451/459] VJTP
[05:06:43] [452/459] GNDS
[05:06:43] [453/459] PAXA
[05:06:45] [454/459] CGGM
[05:06:46] [455/459] ACKZ
[05:06:47] [456/459] EMCC
[05:06:47] [457/459] KLSK
[05:06:48] [458/459] AVCK
[05:06:50] [459/459] JTCK
[05:06:51] 🧹 Deduping shows
[05:06:51] ✅ DONE | Shows=12 | Movies=4
[12:25:55] 🚀 SCRIPT STARTED
[12:25:55] [1/459] NECA
[12:25:55] 🧠 New identity created
[12:25:56] [2/459] BJLC
[12:25:57] [3/459] BASU
[12:25:58] [4/459] RUPI
[12:25:58] [5/459] LCBK
[12:25:59] [6/459] PMAC
[12:26:00] [7/459] AMLC
[12:26:01] [8/459] LICL
[12:26:01] [9/459] UDMM
[12:26:02] [10/459] STBZ
[12:26:03] [11/459] UUBT
[12:26:03] [12/459] SJKC
[12:26:04] [13/459] TUAL
[12:26:05] [14/459] MRSE
[12:26:06] [15/459] RMRK
[12:26:08] [16/459] TTKP
[12:26:08] [17/459] KTKO
[12:26:09] [18/459] SDBK
[12:26:10] [19/459] MCPR
[12:26:10] [20/459] CHTI
[12:26:11] [21/459] GCCP
[12:26:12] [22/459] SRMY
[12:26:13] [23/459] NYST
[12:26:15] [24/459] NYAG
[12:26:15] [25/459] SBMT
[12:26:16] [26/459] INGA
[12:26:17] [27/459] WSIC
[12:26:18] [28/459] SCSS
[12:26:19] [29/459] COPG
[12:26:20] [30/459] RCGR
[12:26:21] [31/459] TCZA
[12:26:22] [32/459] CNLP
[12:26:23] [33/459] CLKN
[12:26:24] [34/459] LHDF
[12:26:24] [35/459] ELKC
[12:26:26] [36/459] VCEM
[12:26:27] [37/459] SSZA
[12:26:28] [38/459] KRMT
[12:26:29] [39/459] LCMV
[12:26:30] [40/459] AYCZ
[12:26:31] [41/459] CUMS
[12:26:31] [42/459] BOCK
[12:26:32] [43/459] PNMR
[12:26:33] [44/459] PJCP
[12:26:33] [45/459] JDDD
[12:26:34] [46/459] STMS
[12:26:35] [47/459] FLMB
[12:26:35] [48/459] PKCM
[12:26:36] [49/459] SPPR
[12:26:37] [50/459] EYLH
[12:26:38] [51/459] RJCC
[12:26:38] [52/459] MMPS
[12:26:39] [53/459] SHMX
[12:26:40] [54/459] CCNL
[12:26:41] [55/459] RCNV
[12:26:42] [56/459] MAAG
[12:26:43] [57/459] LXCM
[12:26:44] [58/459] RCNI
[12:26:44] [59/459] SNNI
[12:26:45] [60/459] LALC
[12:26:46] [61/459] SOCN
[12:26:47] [62/459] JHTP
[12:26:48] [63/459] PITP
[12:26:49] [64/459] CCKW
[12:26:50] [65/459] MCMC
[12:26:50] [66/459] DEES
[12:26:51] [67/459] SABT
[12:26:52] [68/459] VSPP
[12:26:53] [69/459] ABCT
[12:26:53] [70/459] JVTB
[12:26:54] [71/459] VCBD
[12:26:55] [72/459] RMGG
[12:26:56] [73/459] RNMH
[12:26:57] [74/459] SPGL
[12:26:57] [75/459] JTTR
[12:26:58] [76/459] SICS
[12:26:59] [77/459] SRMI
[12:27:00] [78/459] SSIJ
[12:27:01] [79/459] KFMT
[12:27:01] [80/459] VBIT
[12:27:02] [81/459] JKCT
[12:27:04] [82/459] GCGP
[12:27:04] [83/459] GDCS
[12:27:05] [84/459] TRBA
[12:27:06] [85/459] QUST
[12:27:07] [86/459] VSHM
[12:27:08] [87/459] SDCP
[12:27:09] [88/459] SNVS
[12:27:09] [89/459] NYTO
[12:27:10] [90/459] URWC
[12:27:11] [91/459] GTWH
[12:27:12] [92/459] PFCM
[12:27:12] [93/459] KRTA
[12:27:13] [94/459] AXMC
[12:27:14] [95/459] EVMC
[12:27:15] [96/459] HGSM
[12:27:15] [97/459] ACVM
[12:27:16] [98/459] PSKL
[12:27:17] [99/459] RDMP
[12:27:19] [100/459] RHGH
[12:27:19] [101/459] OMCM
[12:27:20] [102/459] DCCP
[12:27:21] [103/459] MCPB
[12:27:22] [104/459] ALCI
[12:27:23] [105/459] BLMX
[12:27:24] [106/459] BTMV
[12:27:24] [107/459] FVPN
[12:27:25] [108/459] CMAR
[12:27:26] [109/459] CEIM
[12:27:27] [110/459] CMVA
[12:27:28] [111/459] CPIV
[12:27:29] [112/459] CNPE
[12:27:30] [113/459] COLV
[12:27:30] [114/459] DNNV
[12:27:32] [115/459] HCAD
[12:27:33] [116/459] TAKA
[12:27:33] [117/459] INVD
[12:27:34] [118/459] IRMM
[12:27:36] [119/459] INSE
[12:27:37] [120/459] MRSW
[12:27:37] [121/459] MCVD
[12:27:38] [122/459] MCSO
[12:27:39] [123/459] PEVM
[12:27:40] [124/459] PVNL
[12:27:40] [125/459] PTCV
[12:27:41] [126/459] PRTC
[12:27:42] [127/459] RCVA
[12:27:43] [128/459] MTBN
[12:27:43] [129/459] LUCP
[12:27:44] [130/459] FMPT
[12:27:45] [131/459] JLSL
[12:27:45] [132/459] SBHA
[12:27:46] [133/459] SHRC
[12:27:47] [134/459] AVPS
[12:27:47] [135/459] STPM
[12:27:48] [136/459] ATRD
[12:27:49] [137/459] VTED
[12:27:50] [138/459] ACAI
[12:27:50] [139/459] SMAE
[12:27:51] [140/459] VMAT
[12:27:52] [141/459] LKCT
[12:27:53] [142/459] JTVK
[12:27:54] [143/459] PRTY
[12:27:54] [144/459] GETT
[12:27:56] [145/459] ESAP
[12:27:57] [146/459] NCPM
[12:27:59] [147/459] PCPA
[12:28:00] [148/459] MMOM
[12:28:00] [149/459] PHUP
[12:28:02] [150/459] CCPI
[12:28:02] [151/459] CNTD
[12:28:03] [152/459] NLJR
[12:28:04] [153/459] SRNG
[12:28:06] [154/459] MHAL
[12:28:07] [155/459] PNSM
[12:28:08] [156/459] DRMY
[12:28:09] [157/459] CCMU
[12:28:10] [158/459] SCMY
[12:28:11] [159/459] PVSY
[12:28:11] [160/459] SDLM
[12:28:12] [161/459] ICCM
[12:28:13] [162/459] PYSU
[12:28:13] [163/459] GATM
[12:28:14] [164/459] WOTM
[12:28:16] [165/459] RKTS
[12:28:16] [166/459] PMTY
[12:28:17] [167/459] LYMS
[12:28:18] [168/459] TGCA
[12:28:19] [169/459] DSTA
[12:28:19] [170/459] CNGE
[12:28:20] [171/459] VSTG
[12:28:21] [172/459] GTCK
[12:28:22] [173/459] TGNT
[12:28:23] [174/459] ASLC
[12:28:23] [175/459] SSST
[12:28:24] [176/459] KBTT
[12:28:26] [177/459] HKCP
[12:28:26] [178/459] SWLC
[12:28:27] [179/459] RTND
[12:28:28] [180/459] PKKT
[12:28:29] [181/459] HSTK
[12:28:30] [182/459] SPTT
[12:28:30] [183/459] IMPM
[12:28:31] [184/459] SCMV
[12:28:32] [185/459] SPCT
[12:28:33] [186/459] JBCA
[12:28:35] [187/459] ATTR
[12:28:36] [188/459] SPMT
[12:28:37] [189/459] LCTM
[12:28:38] [190/459] SCVL
[12:28:40] [191/459] SCVT
[12:28:41] [192/459] KRIC
[12:28:41] [193/459] CTMG
[12:28:42] [194/459] ACNC
[12:28:44] [195/459] DMCK
[12:28:45] [196/459] KMTV
[12:28:45] [197/459] PFCJ
[12:28:46] [198/459] VNMD
[12:28:47] [199/459] VPCZ
[12:28:48] [200/459] SRYR
[12:28:49] [201/459] SYTR
[12:28:49] [202/459] GATR
[12:28:50] [203/459] URTR
[12:28:51] [204/459] MKSM
[12:28:52] [205/459] VSMH
[12:28:53] [206/459] SKRJ
[12:28:54] [207/459] SSJR
[12:28:55] [208/459] SVSM
[12:28:56] [209/459] RUCM
[12:28:56] [210/459] PRKN
[12:28:57] [211/459] RROH
[12:28:58] [212/459] SCTN
[12:28:59] [213/459] RTDM
[12:29:00] [214/459] ASRM
[12:29:00] [215/459] SKMD
[12:29:01] [216/459] SUTD
[12:29:02] [217/459] SADM
[12:29:02] [218/459] WCNR
[12:29:03] [219/459] CNED
[12:29:04] [220/459] MPDB
[12:29:05] [221/459] KTBH
[12:29:05] [222/459] IDRM
[12:29:07] [223/459] PJJT
[12:29:08] [224/459] PFCV
[12:29:09] [225/459] AACT
[12:29:09] [226/459] AAAD
[12:29:10] [227/459] ANES
[12:29:11] [228/459] MNCA
[12:29:12] [229/459] RMGU
[12:29:12] [230/459] DLCN
[12:29:13] [231/459] LJWT
[12:29:14] [232/459] MCBG
[12:29:15] [233/459] MYBG
[12:29:15] [234/459] GCCA
[12:29:16] [235/459] GCGA
[12:29:17] [236/459] ECGN
[12:29:18] [237/459] PRAB
[12:29:18] [238/459] PNMP
[12:29:19] [239/459] GCPT
[12:29:20] [240/459] ROYN
[12:29:21] [241/459] VATM
[12:29:21] [242/459] KSNT
[12:29:22] [243/459] ACTC
[12:29:23] [244/459] PLTD
[12:29:24] [245/459] SKMK
[12:29:25] [246/459] CMTT
[12:29:26] [247/459] SMXP
[12:29:27] [248/459] SCMX
[12:29:28] [249/459] ACXN
[12:29:29] [250/459] ASWT
[12:29:31] [251/459] VVVL
[12:29:32] [252/459] NAGO
[12:29:33] [253/459] SNCN
[12:29:33] [254/459] MCKP
[12:29:34] [255/459] SAMO
[12:29:35] [256/459] JBTV
[12:29:36] [257/459] DCVV
[12:29:37] [258/459] KMSV
[12:29:37] [259/459] KDCN
[12:29:38] [260/459] CNCP
[12:29:39] [261/459] HAMC
[12:29:40] [262/459] CCVZ
[12:29:41] [263/459] NCCK
[12:29:41] [264/459] MCHR
[12:29:42] [265/459] SCHT
[12:29:43] [266/459] ESSH
[12:29:44] [267/459] CUJC
[12:29:45] [268/459] PECP
[12:29:45] [269/459] PMMI
[12:29:46] [270/459] PCCH
[12:29:47] [271/459] PRPM
[12:29:47] [272/459] PVKL
[12:29:48] [273/459] CBSM
[12:29:49] [274/459] PVCZ
[12:29:50] [275/459] PCVV
[12:29:50] [276/459] CTMJ
[12:29:51] [277/459] RCPS
[12:29:52] [278/459] PCIT
[12:29:53] [279/459] FNCH
[12:29:53] [280/459] INZD
[12:29:54] [281/459] INPC
[12:29:56] [282/459] LCZP
[12:29:57] [283/459] SMCB
[12:29:58] [284/459] PTSB
[12:29:58] [285/459] TPSI
[12:29:59] [286/459] KHMJ
[12:30:00] [287/459] RCCJ
[12:30:01] [288/459] NCJA
[12:30:01] [289/459] NCJN
[12:30:03] [290/459] BTDP
[12:30:04] [291/459] PADY
[12:30:05] [292/459] NYBH
[12:30:06] [293/459] MTBR
[12:30:07] [294/459] KRBC
[12:30:08] [295/459] DKTI
[12:30:09] [296/459] ANAN
[12:30:09] [297/459] INBP
[12:30:10] [298/459] PATB
[12:30:11] [299/459] RGNT
[12:30:12] [300/459] CGPM
[12:30:12] [301/459] INTN
[12:30:13] [302/459] MCMP
[12:30:15] [303/459] ASRG
[12:30:15] [304/459] CXJD
[12:30:16] [305/459] SPCP
[12:30:17] [306/459] CSTP
[12:30:17] [307/459] PKVC
[12:30:18] [308/459] ESCP
[12:30:19] [309/459] CAEP
[12:30:20] [310/459] CCSP
[12:30:21] [311/459] KTPC
[12:30:21] [312/459] DACA
[12:30:22] [313/459] NVKY
[12:30:23] [314/459] PTIN
[12:30:24] [315/459] SCIN
[12:30:25] [316/459] MCTY
[12:30:26] [317/459] PCMX
[12:30:26] [318/459] INIC
[12:30:27] [319/459] MMZM
[12:30:28] [320/459] SSLP
[12:30:29] [321/459] DTDT
[12:30:30] [322/459] FFCX
[12:30:31] [323/459] RCMM
[12:30:32] [324/459] KYID
[12:30:33] [325/459] CSCI
[12:30:34] [326/459] FCMC
[12:30:34] [327/459] MMXI
[12:30:35] [328/459] ASTC
[12:30:36] [329/459] CMRA
[12:30:37] [330/459] DICI
[12:30:38] [331/459] KDIN
[12:30:38] [332/459] PRFI
[12:30:39] [333/459] SVFC
[12:30:40] [334/459] UCPL
[12:30:41] [335/459] COOC
[12:30:41] [336/459] SCAL
[12:30:42] [337/459] SVFF
[12:30:42] [338/459] VCMG
[12:30:43] [339/459] UUCT
[12:30:44] [340/459] GCSE
[12:30:44] [341/459] SUSC
[12:30:45] [342/459] MISC
[12:30:46] [343/459] RMBL
[12:30:47] [344/459] CMXN
[12:30:47] [345/459] PVBK
[12:30:48] [346/459] HHCG
[12:30:49] [347/459] SCAG
[12:30:50] [348/459] CNPR
[12:30:51] [349/459] CSER
[12:30:52] [350/459] HLWD
[12:30:53] [351/459] BOLY
[12:30:54] [352/459] SSPG
[12:30:55] [353/459] MUPX
[12:30:56] [354/459] HAMR
[12:30:56] [355/459] SDNC
[12:30:58] [356/459] RTEN
[12:30:59] [357/459] SDTD
[12:30:59] [358/459] KAWS
[12:31:00] [359/459] CMZX
[12:31:01] [360/459] DCDD
[12:31:02] [361/459] ALSN
[12:31:03] [362/459] IMXS
[12:31:03] [363/459] PVFF
[12:31:04] [364/459] PVOO
[12:31:05] [365/459] CFBS
[12:31:06] [366/459] PVER
[12:31:07] [367/459] PPNX
[12:31:08] [368/459] CNRM
[12:31:08] [369/459] PVWW
[12:31:09] [370/459] INMB
[12:31:10] [371/459] CPJR
[12:31:11] [372/459] INRZ
[12:31:13] [373/459] PMSR
[12:31:13] [374/459] GPGM
[12:31:14] [375/459] PGWB
[12:31:15] [376/459] PMBR
[12:31:15] [377/459] GPAM
[12:31:17] [378/459] INBC
[12:31:19] [379/459] PZVK
[12:31:20] [380/459] CPEB
[12:31:20] [381/459] FMLB
[12:31:21] [382/459] INBG
[12:31:22] [383/459] GPBR
[12:31:23] [384/459] PAAS
[12:31:24] [385/459] VTBR
[12:31:25] [386/459] GPMY
[12:31:25] [387/459] GYBU
[12:31:26] [388/459] INBJ
[12:31:28] [389/459] LKTH
[12:31:29] [390/459] NSBR
[12:31:30] [391/459] PDRD
[12:31:31] [392/459] VRBL
[12:31:31] [393/459] VTGB
[12:31:32] [394/459] VTSK
[12:31:33] [395/459] BKDV
[12:31:34] [396/459] SVTB
[12:31:35] [397/459] MLDT
[12:31:36] [398/459] NRBL
[12:31:37] [399/459] SLTR
[12:31:38] [400/459] VNKA
[12:31:39] [401/459] TDCA
[12:31:40] [402/459] INBM
[12:31:41] [403/459] SSNR
[12:31:42] [404/459] BHAC
[12:31:43] [405/459] SDSD
[12:31:44] [406/459] SAMP
[12:31:44] [407/459] RATK
[12:31:45] [408/459] KCBI
[12:31:46] [409/459] URBL
[12:31:47] [410/459] MKBG
[12:31:48] [411/459] ASTB
[12:31:49] [412/459] VBWT
[12:31:50] [413/459] GPSM
[12:31:50] [414/459] ROON
[12:31:52] [415/459] CHTH
[12:31:52] [416/459] SSPA
[12:31:53] [417/459] ANBL
[12:31:55] [418/459] VTBE
[12:31:56] [419/459] SVKT
[12:31:57] [420/459] SVYK
[12:31:57] [421/459] PTBK
[12:31:58] [422/459] RKTB
[12:31:59] [423/459] BALT
[12:32:00] [424/459] STSV
[12:32:00] [425/459] VCCB
[12:32:01] [426/459] SLTB
[12:32:02] [427/459] SBCR
[12:32:03] [428/459] VDCS
[12:32:04] [429/459] MDKI
[12:32:05] [430/459] SMRN
[12:32:05] [431/459] PTBC
[12:32:06] [432/459] RADI
[12:32:07] [433/459] ADCR
[12:32:08] [434/459] SDCS
[12:32:09] [435/459] SRPJ
[12:32:09] [436/459] ARTS
[12:32:11] [437/459] SRHK
[12:32:12] [438/459] SPAY
[12:32:13] [439/459] GPTB
[12:32:14] [440/459] SNNN
[12:32:14] [441/459] BALJ
[12:32:15] [442/459] TRIG
[12:32:16] [443/459] GTYT
[12:32:17] [444/459] ATGN
[12:32:17] [445/459] ANTE
[12:32:18] [446/459] BDCG
[12:32:19] [447/459] VECI
[12:32:20] [448/459] SCPR
[12:32:20] [449/459] RTEA
[12:32:21] [450/459] JSAI
[12:32:22] [451/459] VJTP
[12:32:24] [452/459] GNDS
[12:32:24] [453/459] PAXA
[12:32:25] [454/459] CGGM
[12:32:26] [455/459] ACKZ
[12:32:27] [456/459] EMCC
[12:32:28] [457/459] KLSK
[12:32:29] [458/459] AVCK
[12:32:29] [459/459] JTCK
[12:32:30] 🧹 Deduping shows
[12:32:30] ✅ DONE | Shows=36 | Movies=7
[22:10:56] 🚀 SCRIPT STARTED
[22:10:56] [1/459] NECA
[22:10:56] 🧠 New identity created
[22:10:57] [2/459] BJLC
[22:10:58] [3/459] BASU
[22:10:59] [4/459] RUPI
[22:11:00] [5/459] LCBK
[22:11:01] [6/459] PMAC
[22:11:02] [7/459] AMLC
[22:11:03] [8/459] LICL
[22:11:04] [9/459] UDMM
[22:11:04] [10/459] STBZ
[22:11:06] [11/459] UUBT
[22:11:08] [12/459] SJKC
[22:11:08] [13/459] TUAL
[22:11:09] [14/459] MRSE
[22:11:10] [15/459] RMRK
[22:11:11] [16/459] TTKP
[22:11:12] [17/459] KTKO
[22:11:14] [18/459] SDBK
[22:11:15] [19/459] MCPR
[22:11:15] [20/459] CHTI
[22:11:16] [21/459] GCCP
[22:11:17] [22/459] SRMY
[22:11:19] [23/459] NYST
[22:11:20] [24/459] NYAG
[22:11:21] [25/459] SBMT
[22:11:21] [26/459] INGA
[22:11:22] [27/459] WSIC
[22:11:24] [28/459] SCSS
[22:11:24] [29/459] COPG
[22:11:25] [30/459] RCGR
[22:11:27] [31/459] TCZA
[22:11:28] [32/459] CNLP
[22:11:29] [33/459] CLKN
[22:11:30] [34/459] LHDF
[22:11:32] [35/459] ELKC
[22:11:33] [36/459] VCEM
[22:11:45] 🔄 Identity reset
[22:11:45] ❌ VCEM | ReadTimeout
[22:11:46] [37/459] SSZA
[22:11:46] 🧠 New identity created
[22:11:47] [38/459] KRMT
[22:11:48] [39/459] LCMV
[22:11:49] [40/459] AYCZ
[22:11:50] [41/459] CUMS
[22:11:50] [42/459] BOCK
[22:11:51] [43/459] PNMR
[22:11:52] [44/459] PJCP
[22:11:53] [45/459] JDDD
[22:11:55] [46/459] STMS
[22:11:56] [47/459] FLMB
[22:11:57] [48/459] PKCM
[22:11:58] [49/459] SPPR
[22:11:58] [50/459] EYLH
[22:12:01] [51/459] RJCC
[22:12:02] [52/459] MMPS
[22:12:03] [53/459] SHMX
[22:12:03] [54/459] CCNL
[22:12:04] [55/459] RCNV
[22:12:06] [56/459] MAAG
[22:12:06] [57/459] LXCM
[22:12:07] [58/459] RCNI
[22:12:08] [59/459] SNNI
[22:12:09] [60/459] LALC
[22:12:10] [61/459] SOCN
[22:12:11] [62/459] JHTP
[22:12:11] [63/459] PITP
[22:12:12] [64/459] CCKW
[22:12:13] [65/459] MCMC
[22:12:14] [66/459] DEES
[22:12:15] [67/459] SABT
[22:12:16] [68/459] VSPP
[22:12:17] [69/459] ABCT
[22:12:18] [70/459] JVTB
[22:12:19] [71/459] VCBD
[22:12:20] [72/459] RMGG
[22:12:21] [73/459] RNMH
[22:12:22] [74/459] SPGL
[22:12:23] [75/459] JTTR
[22:12:24] [76/459] SICS
[22:12:25] [77/459] SRMI
[22:12:26] [78/459] SSIJ
[22:12:27] [79/459] KFMT
[22:12:28] [80/459] VBIT
[22:12:31] [81/459] JKCT
[22:12:33] [82/459] GCGP
[22:12:34] [83/459] GDCS
[22:12:35] [84/459] TRBA
[22:12:35] [85/459] QUST
[22:12:36] [86/459] VSHM
[22:12:38] [87/459] SDCP
[22:12:39] [88/459] SNVS
[22:12:39] [89/459] NYTO
[22:12:41] [90/459] URWC
[22:12:41] [91/459] GTWH
[22:12:44] [92/459] PFCM
[22:12:45] [93/459] KRTA
[22:12:45] [94/459] AXMC
[22:12:46] [95/459] EVMC
[22:12:47] [96/459] HGSM
[22:12:48] [97/459] ACVM
[22:12:49] [98/459] PSKL
[22:12:50] [99/459] RDMP
[22:12:51] [100/459] RHGH
[22:12:51] [101/459] OMCM
[22:12:54] [102/459] DCCP
[22:12:54] [103/459] MCPB
[22:12:56] [104/459] ALCI
[22:12:58] [105/459] BLMX
[22:12:59] [106/459] BTMV
[22:12:59] [107/459] FVPN
[22:13:00] [108/459] CMAR
[22:13:01] [109/459] CEIM
[22:13:01] [110/459] CMVA
[22:13:03] [111/459] CPIV
[22:13:04] [112/459] CNPE
[22:13:05] [113/459] COLV
[22:13:06] [114/459] DNNV
[22:13:07] [115/459] HCAD
[22:13:07] [116/459] TAKA
[22:13:09] [117/459] INVD
[22:13:10] [118/459] IRMM
[22:13:11] [119/459] INSE
[22:13:12] [120/459] MRSW
[22:13:13] [121/459] MCVD
[22:13:13] [122/459] MCSO
[22:13:15] [123/459] PEVM
[22:13:17] [124/459] PVNL
[22:13:18] [125/459] PTCV
[22:13:20] [126/459] PRTC
[22:13:20] [127/459] RCVA
[22:13:21] [128/459] MTBN
[22:13:22] [129/459] LUCP
[22:13:24] [130/459] FMPT
[22:13:25] [131/459] JLSL
[22:13:26] [132/459] SBHA
[22:13:27] [133/459] SHRC
[22:13:27] [134/459] AVPS
[22:13:28] [135/459] STPM
[22:13:29] [136/459] ATRD
[22:13:30] [137/459] VTED
[22:13:31] [138/459] ACAI
[22:13:32] [139/459] SMAE
[22:13:32] [140/459] VMAT
[22:13:33] [141/459] LKCT
[22:13:34] [142/459] JTVK
[22:13:35] [143/459] PRTY
[22:13:35] [144/459] GETT
[22:13:36] [145/459] ESAP
[22:13:38] [146/459] NCPM
[22:13:39] [147/459] PCPA
[22:13:40] [148/459] MMOM
[22:13:41] [149/459] PHUP
[22:13:42] [150/459] CCPI
[22:13:42] [151/459] CNTD
[22:13:43] [152/459] NLJR
[22:13:44] [153/459] SRNG
[22:13:45] [154/459] MHAL
[22:13:46] [155/459] PNSM
[22:13:47] [156/459] DRMY
[22:13:47] [157/459] CCMU
[22:13:48] [158/459] SCMY
[22:13:49] [159/459] PVSY
[22:13:50] [160/459] SDLM
[22:13:51] [161/459] ICCM
[22:13:52] [162/459] PYSU
[22:13:53] [163/459] GATM
[22:13:54] [164/459] WOTM
[22:13:55] [165/459] RKTS
[22:13:56] [166/459] PMTY
[22:13:56] [167/459] LYMS
[22:13:57] [168/459] TGCA
[22:13:58] [169/459] DSTA
[22:13:59] [170/459] CNGE
[22:14:00] [171/459] VSTG
[22:14:00] [172/459] GTCK
[22:14:02] [173/459] TGNT
[22:14:03] [174/459] ASLC
[22:14:04] [175/459] SSST
[22:14:05] [176/459] KBTT
[22:14:05] [177/459] HKCP
[22:14:06] [178/459] SWLC
[22:14:08] [179/459] RTND
[22:14:09] [180/459] PKKT
[22:14:10] [181/459] HSTK
[22:14:11] [182/459] SPTT
[22:14:11] [183/459] IMPM
[22:14:12] [184/459] SCMV
[22:14:13] [185/459] SPCT
[22:14:15] [186/459] JBCA
[22:14:16] [187/459] ATTR
[22:14:16] [188/459] SPMT
[22:14:17] [189/459] LCTM
[22:14:18] [190/459] SCVL
[22:14:19] [191/459] SCVT
[22:14:20] [192/459] KRIC
[22:14:21] [193/459] CTMG
[22:14:21] [194/459] ACNC
[22:14:22] [195/459] DMCK
[22:14:23] [196/459] KMTV
[22:14:24] [197/459] PFCJ
[22:14:25] [198/459] VNMD
[22:14:26] [199/459] VPCZ
[22:14:27] [200/459] SRYR
[22:14:28] [201/459] SYTR
[22:14:29] [202/459] GATR
[22:14:30] [203/459] URTR
[22:14:31] [204/459] MKSM
[22:14:32] [205/459] VSMH
[22:14:33] [206/459] SKRJ
[22:14:34] [207/459] SSJR
[22:14:35] [208/459] SVSM
[22:14:36] [209/459] RUCM
[22:14:37] [210/459] PRKN
[22:14:37] [211/459] RROH
[22:14:38] [212/459] SCTN
[22:14:39] [213/459] RTDM
[22:14:40] [214/459] ASRM
[22:14:41] [215/459] SKMD
[22:14:42] [216/459] SUTD
[22:14:42] [217/459] SADM
[22:14:43] [218/459] WCNR
[22:14:44] [219/459] CNED
[22:14:45] [220/459] MPDB
[22:14:45] [221/459] KTBH
[22:14:46] [222/459] IDRM
[22:14:47] [223/459] PJJT
[22:14:48] [224/459] PFCV
[22:14:49] [225/459] AACT
[22:14:50] [226/459] AAAD
[22:14:50] [227/459] ANES
[22:14:51] [228/459] MNCA
[22:14:53] [229/459] RMGU
[22:14:53] [230/459] DLCN
[22:14:54] [231/459] LJWT
[22:14:55] [232/459] MCBG
[22:14:56] [233/459] MYBG
[22:14:57] [234/459] GCCA
[22:14:58] [235/459] GCGA
[22:14:58] [236/459] ECGN
[22:14:59] [237/459] PRAB
[22:15:00] [238/459] PNMP
[22:15:01] [239/459] GCPT
[22:15:02] [240/459] ROYN
[22:15:03] [241/459] VATM
[22:15:04] [242/459] KSNT
[22:15:04] [243/459] ACTC
[22:15:05] [244/459] PLTD
[22:15:07] [245/459] SKMK
[22:15:07] [246/459] CMTT
[22:15:08] [247/459] SMXP
[22:15:09] [248/459] SCMX
[22:15:10] [249/459] ACXN
[22:15:11] [250/459] ASWT
[22:15:11] [251/459] VVVL
[22:15:12] [252/459] NAGO
[22:15:13] [253/459] SNCN
[22:15:14] [254/459] MCKP
[22:15:16] [255/459] SAMO
[22:15:16] [256/459] JBTV
[22:15:18] [257/459] DCVV
[22:15:19] [258/459] KMSV
[22:15:20] [259/459] KDCN
[22:15:20] [260/459] CNCP
[22:15:22] [261/459] HAMC
[22:15:23] [262/459] CCVZ
[22:15:24] [263/459] NCCK
[22:15:25] [264/459] MCHR
[22:15:26] [265/459] SCHT
[22:15:27] [266/459] ESSH
[22:15:28] [267/459] CUJC
[22:15:29] [268/459] PECP
[22:15:31] [269/459] PMMI
[22:15:32] [270/459] PCCH
[22:15:32] [271/459] PRPM
[22:15:33] [272/459] PVKL
[22:15:34] [273/459] CBSM
[22:15:35] [274/459] PVCZ
[22:15:36] [275/459] PCVV
[22:15:37] [276/459] CTMJ
[22:15:38] [277/459] RCPS
[22:15:39] [278/459] PCIT
[22:15:40] [279/459] FNCH
[22:15:41] [280/459] INZD
[22:15:42] [281/459] INPC
[22:15:43] [282/459] LCZP
[22:15:44] [283/459] SMCB
[22:15:45] [284/459] PTSB
[22:15:46] [285/459] TPSI
[22:15:47] [286/459] KHMJ
[22:15:48] [287/459] RCCJ
[22:15:49] [288/459] NCJA
[22:15:50] [289/459] NCJN
[22:15:51] [290/459] BTDP
[22:15:52] [291/459] PADY
[22:15:53] [292/459] NYBH
[22:15:54] [293/459] MTBR
[22:15:55] [294/459] KRBC
[22:15:55] [295/459] DKTI
[22:15:56] [296/459] ANAN
[22:15:57] [297/459] INBP
[22:15:58] [298/459] PATB
[22:15:59] [299/459] RGNT
[22:16:00] [300/459] CGPM
[22:16:01] [301/459] INTN
[22:16:02] [302/459] MCMP
[22:16:03] [303/459] ASRG
[22:16:03] [304/459] CXJD
[22:16:04] [305/459] SPCP
[22:16:05] [306/459] CSTP
[22:16:06] [307/459] PKVC
[22:16:07] [308/459] ESCP
[22:16:08] [309/459] CAEP
[22:16:09] [310/459] CCSP
[22:16:10] [311/459] KTPC
[22:16:11] [312/459] DACA
[22:16:12] [313/459] NVKY
[22:16:13] [314/459] PTIN
[22:16:14] [315/459] SCIN
[22:16:14] [316/459] MCTY
[22:16:15] [317/459] PCMX
[22:16:16] [318/459] INIC
[22:16:16] [319/459] MMZM
[22:16:17] [320/459] SSLP
[22:16:19] [321/459] DTDT
[22:16:20] [322/459] FFCX
[22:16:20] [323/459] RCMM
[22:16:21] [324/459] KYID
[22:16:23] [325/459] CSCI
[22:16:24] [326/459] FCMC
[22:16:25] [327/459] MMXI
[22:16:26] [328/459] ASTC
[22:16:27] [329/459] CMRA
[22:16:28] [330/459] DICI
[22:16:29] [331/459] KDIN
[22:16:29] [332/459] PRFI
[22:16:30] [333/459] SVFC
[22:16:31] [334/459] UCPL
[22:16:32] [335/459] COOC
[22:16:32] [336/459] SCAL
[22:16:34] [337/459] SVFF
[22:16:35] [338/459] VCMG
[22:16:37] [339/459] UUCT
[22:16:38] [340/459] GCSE
[22:16:39] [341/459] SUSC
[22:16:40] [342/459] MISC
[22:16:42] [343/459] RMBL
[22:16:43] [344/459] CMXN
[22:16:44] [345/459] PVBK
[22:16:44] [346/459] HHCG
[22:16:45] [347/459] SCAG
[22:16:47] [348/459] CNPR
[22:16:48] [349/459] CSER
[22:16:49] [350/459] HLWD
[22:16:50] [351/459] BOLY
[22:16:52] [352/459] SSPG
[22:16:53] [353/459] MUPX
[22:16:54] [354/459] HAMR
[22:16:55] [355/459] SDNC
[22:16:55] [356/459] RTEN
[22:16:56] [357/459] SDTD
[22:16:57] [358/459] KAWS
[22:16:58] [359/459] CMZX
[22:16:59] [360/459] DCDD
[22:17:00] [361/459] ALSN
[22:17:01] [362/459] IMXS
[22:17:01] [363/459] PVFF
[22:17:02] [364/459] PVOO
[22:17:04] [365/459] CFBS
[22:17:04] [366/459] PVER
[22:17:05] [367/459] PPNX
[22:17:07] [368/459] CNRM
[22:17:08] [369/459] PVWW
[22:17:09] [370/459] INMB
[22:17:09] [371/459] CPJR
[22:17:11] [372/459] INRZ
[22:17:11] [373/459] PMSR
[22:17:12] [374/459] GPGM
[22:17:13] [375/459] PGWB
[22:17:14] [376/459] PMBR
[22:17:15] [377/459] GPAM
[22:17:16] [378/459] INBC
[22:17:17] [379/459] PZVK
[22:17:18] [380/459] CPEB
[22:17:20] [381/459] FMLB
[22:17:21] [382/459] INBG
[22:17:21] [383/459] GPBR
[22:17:22] [384/459] PAAS
[22:17:23] [385/459] VTBR
[22:17:24] [386/459] GPMY
[22:17:25] [387/459] GYBU
[22:17:26] [388/459] INBJ
[22:17:27] [389/459] LKTH
[22:17:27] [390/459] NSBR
[22:17:28] [391/459] PDRD
[22:17:32] [392/459] VRBL
[22:17:32] [393/459] VTGB
[22:17:33] [394/459] VTSK
[22:17:35] [395/459] BKDV
[22:17:36] [396/459] SVTB
[22:17:37] [397/459] MLDT
[22:17:38] [398/459] NRBL
[22:17:39] [399/459] SLTR
[22:17:40] [400/459] VNKA
[22:17:41] [401/459] TDCA
[22:17:42] [402/459] INBM
[22:17:43] [403/459] SSNR
[22:17:44] [404/459] BHAC
[22:17:44] [405/459] SDSD
[22:17:46] [406/459] SAMP
[22:17:47] [407/459] RATK
[22:17:48] [408/459] KCBI
[22:17:49] [409/459] URBL
[22:17:50] [410/459] MKBG
[22:17:50] [411/459] ASTB
[22:17:51] [412/459] VBWT
[22:17:52] [413/459] GPSM
[22:17:55] [414/459] ROON
[22:17:55] [415/459] CHTH
[22:17:57] [416/459] SSPA
[22:17:58] [417/459] ANBL
[22:17:59] [418/459] VTBE
[22:18:01] [419/459] SVKT
[22:18:01] [420/459] SVYK
[22:18:02] [421/459] PTBK
[22:18:03] [422/459] RKTB
[22:18:05] [423/459] BALT
[22:18:06] [424/459] STSV
[22:18:07] [425/459] VCCB
[22:18:08] [426/459] SLTB
[22:18:09] [427/459] SBCR
[22:18:10] [428/459] VDCS
[22:18:12] [429/459] MDKI
[22:18:13] [430/459] SMRN
[22:18:14] [431/459] PTBC
[22:18:15] [432/459] RADI
[22:18:17] [433/459] ADCR
[22:18:17] [434/459] SDCS
[22:18:18] [435/459] SRPJ
[22:18:20] [436/459] ARTS
[22:18:21] [437/459] SRHK
[22:18:22] [438/459] SPAY
[22:18:23] [439/459] GPTB
[22:18:24] [440/459] SNNN
[22:18:25] [441/459] BALJ
[22:18:26] [442/459] TRIG
[22:18:27] [443/459] GTYT
[22:18:27] [444/459] ATGN
[22:18:28] [445/459] ANTE
[22:18:29] [446/459] BDCG
[22:18:30] [447/459] VECI
[22:18:31] [448/459] SCPR
[22:18:32] [449/459] RTEA
[22:18:33] [450/459] JSAI
[22:18:34] [451/459] VJTP
[22:18:34] [452/459] GNDS
[22:18:35] [453/459] PAXA
[22:18:36] [454/459] CGGM
[22:18:37] [455/459] ACKZ
[22:18:38] [456/459] EMCC
[22:18:39] [457/459] KLSK
[22:18:40] [458/459] AVCK
[22:18:41] [459/459] JTCK
[22:18:41] 🔁 RETRY ROUND 1 | Remaining: 1
[22:18:41] [RETRY-1] VCEM
[22:18:42] 🧹 Deduping shows
[22:18:42] ✅ DONE | Shows=188 | Movies=13
[07:13:02] 🚀 SCRIPT STARTED
[07:13:02] [1/459] NECA
[07:13:02] 🧠 New identity created
[07:13:03] [2/459] BJLC
[07:13:04] [3/459] BASU
[07:13:04] [4/459] RUPI
[07:13:05] [5/459] LCBK
[07:13:06] [6/459] PMAC
[07:13:07] [7/459] AMLC
[07:13:07] [8/459] LICL
[07:13:08] [9/459] UDMM
[07:13:09] [10/459] STBZ
[07:13:09] [11/459] UUBT
[07:13:10] [12/459] SJKC
[07:13:11] [13/459] TUAL
[07:13:12] [14/459] MRSE
[07:13:12] [15/459] RMRK
[07:13:13] [16/459] TTKP
[07:13:13] [17/459] KTKO
[07:13:14] [18/459] SDBK
[07:13:15] [19/459] MCPR
[07:13:15] [20/459] CHTI
[07:13:16] [21/459] GCCP
[07:13:17] [22/459] SRMY
[07:13:18] [23/459] NYST
[07:13:18] [24/459] NYAG
[07:13:19] [25/459] SBMT
[07:13:20] [26/459] INGA
[07:13:21] [27/459] WSIC
[07:13:21] [28/459] SCSS
[07:13:22] [29/459] COPG
[07:13:23] [30/459] RCGR
[07:13:24] [31/459] TCZA
[07:13:25] [32/459] CNLP
[07:13:25] [33/459] CLKN
[07:13:26] [34/459] LHDF
[07:13:27] [35/459] ELKC
[07:13:27] [36/459] VCEM
[07:13:29] [37/459] SSZA
[07:13:30] [38/459] KRMT
[07:13:30] [39/459] LCMV
[07:13:30] [40/459] AYCZ
[07:13:31] [41/459] CUMS
[07:13:32] [42/459] BOCK
[07:13:33] [43/459] PNMR
[07:13:33] [44/459] PJCP
[07:13:34] [45/459] JDDD
[07:13:35] [46/459] STMS
[07:13:35] [47/459] FLMB
[07:13:36] [48/459] PKCM
[07:13:36] [49/459] SPPR
[07:13:37] [50/459] EYLH
[07:13:38] [51/459] RJCC
[07:13:38] [52/459] MMPS
[07:13:39] [53/459] SHMX
[07:13:40] [54/459] CCNL
[07:13:40] [55/459] RCNV
[07:13:41] [56/459] MAAG
[07:13:42] [57/459] LXCM
[07:13:43] [58/459] RCNI
[07:13:43] [59/459] SNNI
[07:13:44] [60/459] LALC
[07:13:45] [61/459] SOCN
[07:13:46] [62/459] JHTP
[07:13:47] [63/459] PITP
[07:13:48] [64/459] CCKW
[07:13:48] [65/459] MCMC
[07:13:49] [66/459] DEES
[07:13:50] [67/459] SABT
[07:13:50] [68/459] VSPP
[07:13:51] [69/459] ABCT
[07:13:52] [70/459] JVTB
[07:13:52] [71/459] VCBD
[07:13:53] [72/459] RMGG
[07:13:53] [73/459] RNMH
[07:13:54] [74/459] SPGL
[07:13:55] [75/459] JTTR
[07:13:56] [76/459] SICS
[07:13:57] [77/459] SRMI
[07:13:57] [78/459] SSIJ
[07:13:58] [79/459] KFMT
[07:13:59] [80/459] VBIT
[07:14:00] [81/459] JKCT
[07:14:00] [82/459] GCGP
[07:14:01] [83/459] GDCS
[07:14:02] [84/459] TRBA
[07:14:02] [85/459] QUST
[07:14:03] [86/459] VSHM
[07:14:03] [87/459] SDCP
[07:14:05] [88/459] SNVS
[07:14:06] [89/459] NYTO
[07:14:06] [90/459] URWC
[07:14:07] [91/459] GTWH
[07:14:07] [92/459] PFCM
[07:14:08] [93/459] KRTA
[07:14:09] [94/459] AXMC
[07:14:09] [95/459] EVMC
[07:14:10] [96/459] HGSM
[07:14:11] [97/459] ACVM
[07:14:12] [98/459] PSKL
[07:14:13] [99/459] RDMP
[07:14:13] [100/459] RHGH
[07:14:14] [101/459] OMCM
[07:14:14] [102/459] DCCP
[07:14:15] [103/459] MCPB
[07:14:16] [104/459] ALCI
[07:14:17] [105/459] BLMX
[07:14:17] [106/459] BTMV
[07:14:18] [107/459] FVPN
[07:14:19] [108/459] CMAR
[07:14:19] [109/459] CEIM
[07:14:20] [110/459] CMVA
[07:14:21] [111/459] CPIV
[07:14:22] [112/459] CNPE
[07:14:22] [113/459] COLV
[07:14:24] [114/459] DNNV
[07:14:25] [115/459] HCAD
[07:14:25] [116/459] TAKA
[07:14:26] [117/459] INVD
[07:14:26] [118/459] IRMM
[07:14:27] [119/459] INSE
[07:14:28] [120/459] MRSW
[07:14:29] [121/459] MCVD
[07:14:29] [122/459] MCSO
[07:14:30] [123/459] PEVM
[07:14:30] [124/459] PVNL
[07:14:32] [125/459] PTCV
[07:14:32] [126/459] PRTC
[07:14:33] [127/459] RCVA
[07:14:34] [128/459] MTBN
[07:14:35] [129/459] LUCP
[07:14:35] [130/459] FMPT
[07:14:36] [131/459] JLSL
[07:14:37] [132/459] SBHA
[07:14:38] [133/459] SHRC
[07:14:39] [134/459] AVPS
[07:14:39] [135/459] STPM
[07:14:40] [136/459] ATRD
[07:14:40] [137/459] VTED
[07:14:41] [138/459] ACAI
[07:14:42] [139/459] SMAE
[07:14:43] [140/459] VMAT
[07:14:43] [141/459] LKCT
[07:14:44] [142/459] JTVK
[07:14:44] [143/459] PRTY
[07:14:45] [144/459] GETT
[07:14:46] [145/459] ESAP
[07:14:47] [146/459] NCPM
[07:14:48] [147/459] PCPA
[07:14:48] [148/459] MMOM
[07:14:50] [149/459] PHUP
[07:14:50] [150/459] CCPI
[07:14:51] [151/459] CNTD
[07:14:52] [152/459] NLJR
[07:14:52] [153/459] SRNG
[07:14:53] [154/459] MHAL
[07:14:54] [155/459] PNSM
[07:14:54] [156/459] DRMY
[07:14:55] [157/459] CCMU
[07:14:55] [158/459] SCMY
[07:14:56] [159/459] PVSY
[07:14:57] [160/459] SDLM
[07:14:57] [161/459] ICCM
[07:14:58] [162/459] PYSU
[07:14:58] [163/459] GATM
[07:14:59] [164/459] WOTM
[07:15:00] [165/459] RKTS
[07:15:01] [166/459] PMTY
[07:15:01] [167/459] LYMS
[07:15:02] [168/459] TGCA
[07:15:03] [169/459] DSTA
[07:15:04] [170/459] CNGE
[07:15:05] [171/459] VSTG
[07:15:06] [172/459] GTCK
[07:15:07] [173/459] TGNT
[07:15:07] [174/459] ASLC
[07:15:08] [175/459] SSST
[07:15:08] [176/459] KBTT
[07:15:09] [177/459] HKCP
[07:15:09] [178/459] SWLC
[07:15:10] [179/459] RTND
[07:15:11] [180/459] PKKT
[07:15:12] [181/459] HSTK
[07:15:12] [182/459] SPTT
[07:15:13] [183/459] IMPM
[07:15:13] [184/459] SCMV
[07:15:14] [185/459] SPCT
[07:15:15] [186/459] JBCA
[07:15:15] [187/459] ATTR
[07:15:16] [188/459] SPMT
[07:15:17] [189/459] LCTM
[07:15:17] [190/459] SCVL
[07:15:18] [191/459] SCVT
[07:15:18] [192/459] KRIC
[07:15:19] [193/459] CTMG
[07:15:20] [194/459] ACNC
[07:15:21] [195/459] DMCK
[07:15:21] [196/459] KMTV
[07:15:22] [197/459] PFCJ
[07:15:23] [198/459] VNMD
[07:15:23] [199/459] VPCZ
[07:15:24] [200/459] SRYR
[07:15:25] [201/459] SYTR
[07:15:25] [202/459] GATR
[07:15:26] [203/459] URTR
[07:15:27] [204/459] MKSM
[07:15:27] [205/459] VSMH
[07:15:29] [206/459] SKRJ
[07:15:29] [207/459] SSJR
[07:15:30] [208/459] SVSM
[07:15:31] [209/459] RUCM
[07:15:31] [210/459] PRKN
[07:15:32] [211/459] RROH
[07:15:32] [212/459] SCTN
[07:15:33] [213/459] RTDM
[07:15:33] [214/459] ASRM
[07:15:34] [215/459] SKMD
[07:15:34] [216/459] SUTD
[07:15:35] [217/459] SADM
[07:15:36] [218/459] WCNR
[07:15:37] [219/459] CNED
[07:15:37] [220/459] MPDB
[07:15:38] [221/459] KTBH
[07:15:39] [222/459] IDRM
[07:15:40] [223/459] PJJT
[07:15:40] [224/459] PFCV
[07:15:41] [225/459] AACT
[07:15:42] [226/459] AAAD
[07:15:43] [227/459] ANES
[07:15:44] [228/459] MNCA
[07:15:45] [229/459] RMGU
[07:15:45] [230/459] DLCN
[07:15:46] [231/459] LJWT
[07:15:46] [232/459] MCBG
[07:15:47] [233/459] MYBG
[07:15:48] [234/459] GCCA
[07:15:48] [235/459] GCGA
[07:15:49] [236/459] ECGN
[07:15:50] [237/459] PRAB
[07:15:51] [238/459] PNMP
[07:15:52] [239/459] GCPT
[07:15:52] [240/459] ROYN
[07:15:53] [241/459] VATM
[07:15:55] [242/459] KSNT
[07:15:56] [243/459] ACTC
[07:15:57] [244/459] PLTD
[07:15:57] [245/459] SKMK
[07:15:58] [246/459] CMTT
[07:15:59] [247/459] SMXP
[07:16:00] [248/459] SCMX
[07:16:00] [249/459] ACXN
[07:16:01] [250/459] ASWT
[07:16:02] [251/459] VVVL
[07:16:02] [252/459] NAGO
[07:16:03] [253/459] SNCN
[07:16:04] [254/459] MCKP
[07:16:04] [255/459] SAMO
[07:16:05] [256/459] JBTV
[07:16:06] [257/459] DCVV
[07:16:08] [258/459] KMSV
[07:16:09] [259/459] KDCN
[07:16:09] [260/459] CNCP
[07:16:10] [261/459] HAMC
[07:16:11] [262/459] CCVZ
[07:16:11] [263/459] NCCK
[07:16:12] [264/459] MCHR
[07:16:12] [265/459] SCHT
[07:16:13] [266/459] ESSH
[07:16:14] [267/459] CUJC
[07:16:15] [268/459] PECP
[07:16:16] [269/459] PMMI
[07:16:16] [270/459] PCCH
[07:16:17] [271/459] PRPM
[07:16:18] [272/459] PVKL
[07:16:19] [273/459] CBSM
[07:16:19] [274/459] PVCZ
[07:16:20] [275/459] PCVV
[07:16:20] [276/459] CTMJ
[07:16:21] [277/459] RCPS
[07:16:22] [278/459] PCIT
[07:16:23] [279/459] FNCH
[07:16:23] [280/459] INZD
[07:16:24] [281/459] INPC
[07:16:25] [282/459] LCZP
[07:16:25] [283/459] SMCB
[07:16:26] [284/459] PTSB
[07:16:27] [285/459] TPSI
[07:16:27] [286/459] KHMJ
[07:16:28] [287/459] RCCJ
[07:16:29] [288/459] NCJA
[07:16:29] [289/459] NCJN
[07:16:30] [290/459] BTDP
[07:16:30] [291/459] PADY
[07:16:31] [292/459] NYBH
[07:16:31] [293/459] MTBR
[07:16:32] [294/459] KRBC
[07:16:33] [295/459] DKTI
[07:16:34] [296/459] ANAN
[07:16:34] [297/459] INBP
[07:16:35] [298/459] PATB
[07:16:36] [299/459] RGNT
[07:16:36] [300/459] CGPM
[07:16:37] [301/459] INTN
[07:16:38] [302/459] MCMP
[07:16:38] [303/459] ASRG
[07:16:39] [304/459] CXJD
[07:16:40] [305/459] SPCP
[07:16:42] [306/459] CSTP
[07:16:42] [307/459] PKVC
[07:16:43] [308/459] ESCP
[07:16:44] [309/459] CAEP
[07:16:44] [310/459] CCSP
[07:16:45] [311/459] KTPC
[07:16:46] [312/459] DACA
[07:16:47] [313/459] NVKY
[07:16:48] [314/459] PTIN
[07:16:49] [315/459] SCIN
[07:16:50] [316/459] MCTY
[07:16:50] [317/459] PCMX
[07:16:51] [318/459] INIC
[07:16:52] [319/459] MMZM
[07:16:52] [320/459] SSLP
[07:16:53] [321/459] DTDT
[07:16:54] [322/459] FFCX
[07:16:54] [323/459] RCMM
[07:16:55] [324/459] KYID
[07:16:56] [325/459] CSCI
[07:16:57] [326/459] FCMC
[07:16:57] [327/459] MMXI
[07:16:58] [328/459] ASTC
[07:16:59] [329/459] CMRA
[07:16:59] [330/459] DICI
[07:17:00] [331/459] KDIN
[07:17:00] [332/459] PRFI
[07:17:01] [333/459] SVFC
[07:17:01] [334/459] UCPL
[07:17:02] [335/459] COOC
[07:17:03] [336/459] SCAL
[07:17:03] [337/459] SVFF
[07:17:04] [338/459] VCMG
[07:17:05] [339/459] UUCT
[07:17:06] [340/459] GCSE
[07:17:07] [341/459] SUSC
[07:17:08] [342/459] MISC
[07:17:08] [343/459] RMBL
[07:17:09] [344/459] CMXN
[07:17:10] [345/459] PVBK
[07:17:10] [346/459] HHCG
[07:17:11] [347/459] SCAG
[07:17:11] [348/459] CNPR
[07:17:12] [349/459] CSER
[07:17:12] [350/459] HLWD
[07:17:13] [351/459] BOLY
[07:17:14] [352/459] SSPG
[07:17:15] [353/459] MUPX
[07:17:16] [354/459] HAMR
[07:17:17] [355/459] SDNC
[07:17:17] [356/459] RTEN
[07:17:18] [357/459] SDTD
[07:17:18] [358/459] KAWS
[07:17:19] [359/459] CMZX
[07:17:20] [360/459] DCDD
[07:17:21] [361/459] ALSN
[07:17:21] [362/459] IMXS
[07:17:22] [363/459] PVFF
[07:17:23] [364/459] PVOO
[07:17:23] [365/459] CFBS
[07:17:24] [366/459] PVER
[07:17:25] [367/459] PPNX
[07:17:26] [368/459] CNRM
[07:17:26] [369/459] PVWW
[07:17:27] [370/459] INMB
[07:17:28] [371/459] CPJR
[07:17:29] [372/459] INRZ
[07:17:30] [373/459] PMSR
[07:17:30] [374/459] GPGM
[07:17:31] [375/459] PGWB
[07:17:31] [376/459] PMBR
[07:17:32] [377/459] GPAM
[07:17:33] [378/459] INBC
[07:17:33] [379/459] PZVK
[07:17:34] [380/459] CPEB
[07:17:35] [381/459] FMLB
[07:17:36] [382/459] INBG
[07:17:37] [383/459] GPBR
[07:17:38] [384/459] PAAS
[07:17:38] [385/459] VTBR
[07:17:39] [386/459] GPMY
[07:17:39] [387/459] GYBU
[07:17:40] [388/459] INBJ
[07:17:41] [389/459] LKTH
[07:17:41] [390/459] NSBR
[07:17:42] [391/459] PDRD
[07:17:43] [392/459] VRBL
[07:17:43] [393/459] VTGB
[07:17:44] [394/459] VTSK
[07:17:45] [395/459] BKDV
[07:17:45] [396/459] SVTB
[07:17:46] [397/459] MLDT
[07:17:47] [398/459] NRBL
[07:17:47] [399/459] SLTR
[07:17:48] [400/459] VNKA
[07:17:49] [401/459] TDCA
[07:17:50] [402/459] INBM
[07:17:51] [403/459] SSNR
[07:17:51] [404/459] BHAC
[07:17:52] [405/459] SDSD
[07:17:53] [406/459] SAMP
[07:17:54] [407/459] RATK
[07:17:54] [408/459] KCBI
[07:17:55] [409/459] URBL
[07:17:56] [410/459] MKBG
[07:17:57] [411/459] ASTB
[07:17:57] [412/459] VBWT
[07:17:58] [413/459] GPSM
[07:17:59] [414/459] ROON
[07:18:00] [415/459] CHTH
[07:18:01] [416/459] SSPA
[07:18:01] [417/459] ANBL
[07:18:02] [418/459] VTBE
[07:18:04] [419/459] SVKT
[07:18:04] [420/459] SVYK
[07:18:05] [421/459] PTBK
[07:18:06] [422/459] RKTB
[07:18:06] [423/459] BALT
[07:18:07] [424/459] STSV
[07:18:07] [425/459] VCCB
[07:18:08] [426/459] SLTB
[07:18:09] [427/459] SBCR
[07:18:10] [428/459] VDCS
[07:18:10] [429/459] MDKI
[07:18:11] [430/459] SMRN
[07:18:13] [431/459] PTBC
[07:18:14] [432/459] RADI
[07:18:15] [433/459] ADCR
[07:18:15] [434/459] SDCS
[07:18:17] [435/459] SRPJ
[07:18:18] [436/459] ARTS
[07:18:19] [437/459] SRHK
[07:18:19] [438/459] SPAY
[07:18:20] [439/459] GPTB
[07:18:21] [440/459] SNNN
[07:18:22] [441/459] BALJ
[07:18:23] [442/459] TRIG
[07:18:24] [443/459] GTYT
[07:18:25] [444/459] ATGN
[07:18:26] [445/459] ANTE
[07:18:27] [446/459] BDCG
[07:18:28] [447/459] VECI
[07:18:29] [448/459] SCPR
[07:18:29] [449/459] RTEA
[07:18:30] [450/459] JSAI
[07:18:31] [451/459] VJTP
[07:18:31] [452/459] GNDS
[07:18:32] [453/459] PAXA
[07:18:33] [454/459] CGGM
[07:18:34] [455/459] ACKZ
[07:18:35] [456/459] EMCC
[07:18:35] [457/459] KLSK
[07:18:36] [458/459] AVCK
[07:18:37] [459/459] JTCK
[07:18:37] 🧹 Deduping shows
[07:18:37] ✅ DONE | Shows=229 | Movies=18
