[10:21:45] 🚀 SCRIPT STARTED (enhanced anti‑detection)
[10:21:45] [1/458] MBDC
[10:21:46] 🧠 New identity created
[10:21:46] [2/458] CHKM
[10:21:47] [3/458] JTKZ
[10:21:48] [4/458] CMCT
[10:21:49] [5/458] ASHO
[10:21:50] [6/458] ECDG
[10:21:51] [7/458] SPAT
[10:21:52] [8/458] HILC
[10:21:53] [9/458] SPPH
[10:21:53] [10/458] SBHN
[10:21:54] 🔄 Identity reset
[10:21:54] 🔄 Identity rotated (every 10 requests)
[10:21:54] 🔄 Retry 1/5 for SBHN in 2.5s
[10:21:54] 🔄 Identity reset
[10:21:57] 🧠 New identity created
[10:21:57] [11/458] RRCA
[10:21:58] [12/458] APAA
[10:21:59] [13/458] RAME
[10:22:00] [14/458] TMMS
[10:22:01] [15/458] BATK
[10:22:02] [16/458] LKOP
[10:22:03] [17/458] AMTT
[10:22:04] [18/458] PTGK
[10:22:06] [19/458] ANRS
[10:22:06] 🔄 Identity reset
[10:22:06] 🔄 Identity rotated (every 10 requests)
[10:22:07] 🔄 Retry 1/5 for ANRS in 2.3s
[10:22:07] 🔄 Identity reset
[10:22:09] 🧠 New identity created
[10:22:09] [20/458] VWBW
[10:22:10] [21/458] SVFG
[10:22:11] [22/458] STAT
[10:22:12] [23/458] GDCV
[10:22:13] [24/458] VEBI
[10:22:14] [25/458] VDSS
[10:22:15] [26/458] NTHV
[10:22:16] [27/458] AOCH
[10:22:17] [28/458] KASR
[10:22:18] 🔄 Identity reset
[10:22:18] 🔄 Identity rotated (every 10 requests)
[10:22:18] [29/458] AYCS
[10:22:19] [30/458] SHAI
[10:22:20] [31/458] SKPE
[10:22:21] [32/458] SBTA
[10:22:22] [33/458] RTTD
[10:22:23] [34/458] CCJD
[10:22:24] [35/458] RSJJ
[10:22:25] [36/458] RKND
[10:22:26] [37/458] SVTX
[10:22:27] [38/458] BAKM
[10:22:28] 🔄 Identity reset
[10:22:28] 🔄 Identity rotated (every 10 requests)
[10:22:28] [39/458] SVDC
[10:22:29] [40/458] MNCV
[10:22:30] [41/458] SJGC
[10:22:31] [42/458] MTPK
[10:22:32] [43/458] GATP
[10:22:33] [44/458] ABTS
[10:22:34] [45/458] ABDE
[10:22:36] [46/458] RCNM
[10:22:37] [47/458] KTHV
[10:22:38] [48/458] MDGJ
[10:22:38] 🔄 Identity reset
[10:22:38] 🔄 Identity rotated (every 10 requests)
[10:22:38] 🔄 Retry 1/5 for MDGJ in 2.3s
[10:22:38] 🔄 Identity reset
[10:22:41] 🧠 New identity created
[10:22:41] [49/458] SMLM
[10:22:42] [50/458] JTMA
[10:22:43] [51/458] ACKP
[10:22:44] [52/458] SRTA
[10:22:45] [53/458] STAY
[10:22:46] [54/458] MAVO
[10:22:47] [55/458] APTS
[10:22:48] [56/458] OMEA
[10:22:49] [57/458] TTFD
[10:22:50] 🔄 Identity reset
[10:22:50] 🔄 Identity rotated (every 10 requests)
[10:22:50] [58/458] MJCU
[10:22:51] [59/458] CXTE
[10:22:52] [60/458] CTPX
[10:22:54] [61/458] ASSL
[10:22:54] [62/458] CMVB
[10:22:55] [63/458] VPUR
[10:22:56] [64/458] JJDA
[10:22:57] [65/458] INBL
[10:22:58] [66/458] BIKB
[10:22:59] [67/458] NTBB
[10:23:00] 🔄 Identity reset
[10:23:00] 🔄 Identity rotated (every 10 requests)
[10:23:00] [68/458] GLOB
[10:23:01] [69/458] SNTB
[10:23:03] [70/458] CHGV
[10:23:04] [71/458] SSBZ
[10:23:04] [72/458] PRDB
[10:23:05] [73/458] ISMT
[10:23:06] [74/458] MCSD
[10:23:07] [75/458] JBTT
[10:23:08] [76/458] GEKR
[10:23:09] [77/458] PVUN
[10:23:10] 🔄 Identity reset
[10:23:10] 🔄 Identity rotated (every 10 requests)
[10:23:10] [78/458] NRTB
[10:23:11] [79/458] PRAA
[10:23:12] [80/458] PCBL
[10:23:13] [81/458] PTCM
[10:23:14] [82/458] KHNN
[10:23:15] [83/458] OMJE
[10:23:17] [84/458] STGN
[10:23:18] [85/458] RPMS
[10:23:19] [86/458] NWAD
[10:23:19] [87/458] BLCK
[10:23:20] 🔄 Identity reset
[10:23:20] 🔄 Identity rotated (every 10 requests)
[10:23:21] [88/458] SVAA
[10:23:21] [89/458] URVM
[10:23:22] [90/458] ANTM
[10:23:23] [91/458] VJYM
[10:23:25] [92/458] MAZZ
[10:23:26] [93/458] CSHM
[10:23:27] [94/458] WGMH
[10:23:27] [95/458] SALN
[10:23:28] [96/458] BRTP
[10:23:30] [97/458] SVTA
[10:23:30] 🔄 Identity reset
[10:23:30] 🔄 Identity rotated (every 10 requests)
[10:23:30] 🔄 Retry 1/5 for SVTA in 2.4s
[10:23:30] 🔄 Identity reset
[10:23:33] 🧠 New identity created
[10:23:33] [98/458] SBTP
[10:23:34] [99/458] VLSS
[10:23:36] [100/458] SRJA
[10:23:37] [101/458] ANCG
[10:23:38] [102/458] CGGC
[10:23:39] [103/458] CRJA
[10:23:40] [104/458] USCR
[10:23:41] [105/458] MMEF
[10:23:42] [106/458] JCRJ
[10:23:43] 🔄 Identity reset
[10:23:43] 🔄 Identity rotated (every 10 requests)
[10:23:43] 🔄 Retry 1/5 for JCRJ in 2.8s
[10:23:43] 🔄 Identity reset
[10:23:46] 🧠 New identity created
[10:23:46] [107/458] ADCM
[10:23:47] [108/458] BMYK
[10:23:49] [109/458] KICS
[10:23:50] [110/458] MBBT
[10:23:51] [111/458] MACK
[10:23:51] [112/458] CLDR
[10:23:53] [113/458] JYCR
[10:23:54] [114/458] DCRP
[10:23:56] [115/458] RAHT
[10:23:56] 🔄 Identity reset
[10:23:56] 🔄 Identity rotated (every 10 requests)
[10:23:56] 🔄 Retry 1/5 for RAHT in 2.1s
[10:23:56] 🔄 Identity reset
[10:23:58] 🧠 New identity created
[10:23:59] [116/458] CSSM
[10:24:00] [117/458] ATPK
[10:24:01] [118/458] KLRT
[10:24:02] [119/458] SRDD
[10:24:03] [120/458] CKMC
[10:24:04] [121/458] KRVM
[10:24:04] [122/458] AKCP
[10:24:05] [123/458] CNCV
[10:24:07] [124/458] PACT
[10:24:08] 🔄 Identity reset
[10:24:08] 🔄 Identity rotated (every 10 requests)
[10:24:08] [125/458] NATP
[10:24:09] [126/458] PCPK
[10:24:10] [127/458] SMHO
[10:24:11] [128/458] CWTK
[10:24:12] [129/458] RVKZ
[10:24:13] [130/458] ASPD
[10:24:14] [131/458] VTKZ
[10:24:15] [132/458] LCSO
[10:24:15] [133/458] PRDY
[10:24:16] [134/458] RCAP
[10:24:17] 🔄 Identity reset
[10:24:17] 🔄 Identity rotated (every 10 requests)
[10:24:17] 🔄 Retry 1/5 for RCAP in 2.8s
[10:24:17] 🔄 Identity reset
[10:24:20] 🧠 New identity created
[10:24:20] 🔄 Retry 2/5 for RCAP in 5.0s
[10:24:20] 🔄 Identity reset
[10:24:25] 🧠 New identity created
[10:24:25] 🔄 Retry 3/5 for RCAP in 8.6s
[10:24:25] 🔄 Identity reset
[10:24:34] 🧠 New identity created
[10:24:34] 🔄 Retry 4/5 for RCAP in 16.8s
[10:24:34] 🔄 Identity reset
[10:24:51] 🧠 New identity created
[10:24:52] [135/458] RGAR
[10:24:53] [136/458] RCAC
[10:24:54] [137/458] PMOD
[10:24:55] [138/458] PVCN
[10:24:56] [139/458] SCRZ
[10:24:57] [140/458] PVPC
[10:24:58] 🔄 Identity reset
[10:24:58] 🔄 Identity rotated (every 10 requests)
[10:24:58] [141/458] STID
[10:24:59] [142/458] NEDD
[10:25:01] [143/458] BNBA
[10:25:02] [144/458] NTCD
[10:25:03] [145/458] OCDE
[10:25:04] [146/458] CCDU
[10:25:04] [147/458] CRXH
[10:25:05] [148/458] VLVT
[10:25:06] [149/458] CICI
[10:25:07] [150/458] SUCB
[10:25:08] 🔄 Identity reset
[10:25:08] 🔄 Identity rotated (every 10 requests)
[10:25:08] 🔄 Retry 1/5 for SUCB in 2.2s
[10:25:08] 🔄 Identity reset
[10:25:10] 🧠 New identity created
[10:25:10] [151/458] TCBP
[10:25:11] [152/458] SCCY
[10:25:12] [153/458] LXCY
[10:25:13] [154/458] NCMD
[10:25:14] [155/458] PHCS
[10:25:15] [156/458] DUXR
[10:25:16] [157/458] VNKS
[10:25:17] [158/458] SEDP
[10:25:18] [159/458] SVEN
[10:25:18] 🔄 Identity reset
[10:25:18] 🔄 Identity rotated (every 10 requests)
[10:25:19] [160/458] SRKM
[10:25:20] [161/458] JTLT
[10:25:21] [162/458] SVSS
[10:25:22] [163/458] AMDE
[10:25:23] [164/458] WVRN
[10:25:24] [165/458] ISMG
[10:25:25] [166/458] WVKS
[10:25:26] [167/458] USCG
[10:25:27] [168/458] IOTG
[10:25:28] [169/458] RRJM
[10:25:28] 🔄 Identity reset
[10:25:28] 🔄 Identity rotated (every 10 requests)
[10:25:29] [170/458] EDMP
[10:25:30] [171/458] SCGZ
[10:25:31] [172/458] GMGX
[10:25:32] [173/458] OMTP
[10:25:33] [174/458] MITD
[10:25:33] [175/458] SMMD
[10:25:34] [176/458] STML
[10:25:35] [177/458] MCFS
[10:25:36] [178/458] FPKA
[10:25:37] [179/458] OMLR
[10:25:37] 🔄 Identity reset
[10:25:37] 🔄 Identity rotated (every 10 requests)
[10:25:38] 🔄 Retry 1/5 for OMLR in 2.4s
[10:25:38] 🔄 Identity reset
[10:25:40] 🧠 New identity created
[10:25:41] [180/458] KKSC
[10:25:41] [181/458] RVMA
[10:25:42] [182/458] SCLL
[10:25:43] [183/458] SCDK
[10:25:45] [184/458] SXMI
[10:25:46] [185/458] SHDN
[10:25:47] [186/458] PAAD
[10:25:48] [187/458] UUCB
[10:25:49] [188/458] JHOL
[10:25:50] 🔄 Identity reset
[10:25:50] 🔄 Identity rotated (every 10 requests)
[10:25:50] [189/458] SGWT
[10:25:51] [190/458] SRII
[10:25:52] [191/458] SGCK
[10:25:53] [192/458] SVVB
[10:25:54] [193/458] DMHA
[10:25:55] [194/458] PPNL
[10:25:56] [195/458] CPNL
[10:25:57] [196/458] WVLD
[10:25:58] [197/458] PSLV
[10:25:59] [198/458] VTTL
[10:25:59] 🔄 Identity reset
[10:25:59] 🔄 Identity rotated (every 10 requests)
[10:26:00] [199/458] NPAD
[10:26:01] [200/458] PVCS
[10:26:02] [201/458] MCHL
[10:26:03] [202/458] PPLL
[10:26:04] [203/458] MALO
[10:26:05] [204/458] SWBH
[10:26:06] [205/458] PUGB
[10:26:07] [206/458] INBB
[10:26:08] [207/458] INNS
[10:26:09] [208/458] MCPT
[10:26:09] 🔄 Identity reset
[10:26:09] 🔄 Identity rotated (every 10 requests)
[10:26:09] 🔄 Retry 1/5 for MCPT in 2.6s
[10:26:09] 🔄 Identity reset
[10:26:12] 🧠 New identity created
[10:26:12] [209/458] SCMI
[10:26:13] [210/458] OCON
[10:26:14] [211/458] SCSM
[10:26:15] [212/458] RJVN
[10:26:16] [213/458] AMDK
[10:26:17] [214/458] ISMR
[10:26:18] [215/458] SMTD
[10:26:20] [216/458] VTDD
[10:26:21] [217/458] PDDZ
[10:26:22] 🔄 Identity reset
[10:26:22] 🔄 Identity rotated (every 10 requests)
[10:26:22] 🔄 Retry 1/5 for PDDZ in 2.9s
[10:26:22] 🔄 Identity reset
[10:26:25] 🧠 New identity created
[10:26:25] [218/458] PCCK
[10:26:26] [219/458] INAM
[10:26:27] [220/458] FNKT
[10:26:28] [221/458] GDKA
[10:26:29] [222/458] MAYU
[10:26:30] [223/458] TCGU
[10:26:31] [224/458] KDCA
[10:26:32] [225/458] DOMY
[10:26:34] [226/458] PDDD
[10:26:34] 🔄 Identity reset
[10:26:34] 🔄 Identity rotated (every 10 requests)
[10:26:34] 🔄 Retry 1/5 for PDDD in 2.3s
[10:26:34] 🔄 Identity reset
[10:26:37] 🧠 New identity created
[10:26:37] 🔄 Retry 2/5 for PDDD in 4.7s
[10:26:37] 🔄 Identity reset
[10:26:41] 🧠 New identity created
[10:26:42] [227/458] BJTS
[10:26:43] [228/458] VTCA
[10:26:44] [229/458] SBTM
[10:26:45] [230/458] SEET
[10:26:46] [231/458] SSTJ
[10:26:47] [232/458] SVNT
[10:26:48] [233/458] PPPR
[10:26:49] [234/458] PVYS
[10:26:50] 🔄 Identity reset
[10:26:50] 🔄 Identity rotated (every 10 requests)
[10:26:50] [235/458] IOSE
[10:26:51] [236/458] ACTV
[10:26:52] [237/458] APVE
[10:26:53] [238/458] TCCL
[10:26:54] [239/458] SCMO
[10:26:55] [240/458] SAUM
[10:26:56] [241/458] KCJS
[10:26:56] [242/458] NJCJ
[10:26:57] [243/458] NECF
[10:26:58] [244/458] CCGW
[10:26:59] 🔄 Identity reset
[10:26:59] 🔄 Identity rotated (every 10 requests)
[10:26:59] 🔄 Retry 1/5 for CCGW in 2.7s
[10:26:59] 🔄 Identity reset
[10:27:02] 🧠 New identity created
[10:27:02] [245/458] CCMG
[10:27:03] [246/458] NYRG
[10:27:04] [247/458] NCSQ
[10:27:05] [248/458] GRCG
[10:27:06] [249/458] CCBT
[10:27:07] [250/458] ACGA
[10:27:08] [251/458] INAG
[10:27:09] [252/458] FUCG
[10:27:10] [253/458] AICF
[10:27:11] 🔄 Identity reset
[10:27:11] 🔄 Identity rotated (every 10 requests)
[10:27:11] [254/458] GRGA
[10:27:12] [255/458] GDCN
[10:27:13] [256/458] RRCG
[10:27:14] [257/458] SDCH
[10:27:15] [258/458] WVJM
[10:27:16] [259/458] JCCZ
[10:27:16] [260/458] CNCL
[10:27:17] [261/458] TMLV
[10:27:18] [262/458] MEMB
[10:27:19] [263/458] SGTD
[10:27:20] 🔄 Identity reset
[10:27:20] 🔄 Identity rotated (every 10 requests)
[10:27:20] [264/458] CONX
[10:27:21] [265/458] CCMH
[10:27:22] [266/458] ACMC
[10:27:23] [267/458] DTPD
[10:27:24] [268/458] POJA
[10:27:25] [269/458] FNBH
[10:27:26] [270/458] CGCB
[10:27:27] [271/458] RACN
[10:27:28] [272/458] JTSM
[10:27:29] [273/458] SCDN
[10:27:30] 🔄 Identity reset
[10:27:30] 🔄 Identity rotated (every 10 requests)
[10:27:30] [274/458] AACK
[10:27:31] [275/458] RMCE
[10:27:32] [276/458] BSGB
[10:27:33] [277/458] MRCB
[10:27:34] [278/458] SRVR
[10:27:35] [279/458] VTKK
[10:27:36] [280/458] AMST
[10:27:37] [281/458] APCY
[10:27:38] [282/458] LMHO
[10:27:39] [283/458] MTZH
[10:27:40] 🔄 Identity reset
[10:27:40] 🔄 Identity rotated (every 10 requests)
[10:27:40] [284/458] AMZB
[10:27:42] [285/458] SUVT
[10:27:42] [286/458] RCIP
[10:27:43] [287/458] KESR
[10:27:44] [288/458] SNKC
[10:27:46] [289/458] SCED
[10:27:47] [290/458] DVCA
[10:27:48] [291/458] VCDT
[10:27:49] [292/458] RRDI
[10:27:49] [293/458] DFCH
[10:27:50] 🔄 Identity reset
[10:27:50] 🔄 Identity rotated (every 10 requests)
[10:27:50] [294/458] INSC
[10:27:52] [295/458] RGTR
[10:27:53] [296/458] FMOT
[10:27:54] [297/458] SCPM
[10:27:55] [298/458] GCDT
[10:27:56] [299/458] BRKT
[10:27:57] [300/458] DEMP
[10:27:58] [301/458] SRLC
[10:27:59] [302/458] KSTT
[10:27:59] [303/458] SMMT
[10:28:00] 🔄 Identity reset
[10:28:00] 🔄 Identity rotated (every 10 requests)
[10:28:01] [304/458] SILM
[10:28:02] [305/458] JCVM
[10:28:02] [306/458] KCSV
[10:28:03] [307/458] MHLK
[10:28:04] [308/458] SLVL
[10:28:05] [309/458] RJKP
[10:28:06] [310/458] BBPC
[10:28:07] [311/458] MXCB
[10:28:08] [312/458] TCPK
[10:28:09] [313/458] RTBR
[10:28:09] 🔄 Identity reset
[10:28:09] 🔄 Identity rotated (every 10 requests)
[10:28:10] [314/458] GAUT
[10:28:11] [315/458] DVCF
[10:28:11] [316/458] JTSB
[10:28:12] [317/458] SBLS
[10:28:13] [318/458] UDAY
[10:28:14] [319/458] PTNP
[10:28:15] [320/458] DMKT
[10:28:16] [321/458] NTDT
[10:28:17] [322/458] SHDJ
[10:28:18] [323/458] OTNC
[10:28:18] 🔄 Identity reset
[10:28:18] 🔄 Identity rotated (every 10 requests)
[10:28:18] 🔄 Retry 1/5 for OTNC in 2.1s
[10:28:18] 🔄 Identity reset
[10:28:21] 🧠 New identity created
[10:28:21] [324/458] RNTW
[10:28:22] [325/458] GCMI
[10:28:23] [326/458] CRCM
[10:28:24] [327/458] NNCZ
[10:28:25] [328/458] OEMO
[10:28:27] [329/458] PVJM
[10:28:28] [330/458] CPJI
[10:28:29] [331/458] RMCJ
[10:28:29] [332/458] CNWJ
[10:28:30] 🔄 Identity reset
[10:28:30] 🔄 Identity rotated (every 10 requests)
[10:28:31] [333/458] EPJM
[10:28:31] [334/458] FNJJ
[10:28:32] [335/458] GCMJ
[10:28:33] [336/458] INPS
[10:28:34] [337/458] BICJ
[10:28:36] [338/458] ISTJ
[10:28:37] [339/458] INJC
[10:28:38] [340/458] GLXJ
[10:28:39] [341/458] INEM
[10:28:40] [342/458] JTMN
[10:28:41] 🔄 Identity reset
[10:28:41] 🔄 Identity rotated (every 10 requests)
[10:28:41] [343/458] FRCJ
[10:28:42] [344/458] DDJP
[10:28:43] [345/458] INJV
[10:28:44] [346/458] GOLC
[10:28:46] [347/458] KOCI
[10:28:47] [348/458] FSTD
[10:28:48] [349/458] PACJ
[10:28:49] [350/458] GMCN
[10:28:50] [351/458] MMDJ
[10:28:51] [352/458] GODH
[10:28:51] 🔄 Identity reset
[10:28:51] 🔄 Identity rotated (every 10 requests)
[10:28:52] [353/458] SKYN
[10:28:52] [354/458] NCTH
[10:28:53] [355/458] SKVZ
[10:28:54] [356/458] SVML
[10:28:55] [357/458] ACVZ
[10:28:56] [358/458] SURA
[10:28:57] [359/458] RTRB
[10:28:58] [360/458] LLCT
[10:28:59] [361/458] ATTS
[10:29:00] [362/458] JYCM
[10:29:00] 🔄 Identity reset
[10:29:00] 🔄 Identity rotated (every 10 requests)
[10:29:01] [363/458] CTKR
[10:29:02] [364/458] LCKR
[10:29:03] [365/458] NYCV
[10:29:04] [366/458] NYOH
[10:29:05] [367/458] NOVX
[10:29:05] [368/458] MRGK
[10:29:07] [369/458] MOON
[10:29:07] [370/458] SBUC
[10:29:08] [371/458] GSVA
[10:29:09] [372/458] VIAK
[10:29:10] 🔄 Identity reset
[10:29:10] 🔄 Identity rotated (every 10 requests)
[10:29:10] 🔄 Retry 1/5 for VIAK in 2.8s
[10:29:10] 🔄 Identity reset
[10:29:13] 🧠 New identity created
[10:29:13] 🔄 Retry 2/5 for VIAK in 4.3s
[10:29:13] 🔄 Identity reset
[10:29:17] 🧠 New identity created
[10:29:17] [373/458] SMVZ
[10:29:18] [374/458] MATE
[10:29:19] [375/458] RDCN
[10:29:20] [376/458] ASBL
[10:29:21] [377/458] ASVS
[10:29:22] [378/458] ASSR
[10:29:23] [379/458] SSKN
[10:29:24] [380/458] DRPV
[10:29:25] 🔄 Identity reset
[10:29:25] 🔄 Identity rotated (every 10 requests)
[10:29:25] [381/458] MRHT
[10:29:26] [382/458] BSCN
[10:29:27] [383/458] RKNX
[10:29:28] [384/458] MSMC
[10:29:29] [385/458] MSCJ
[10:29:30] [386/458] BTBJ
[10:29:32] [387/458] MJCC
[10:29:32] [388/458] IOMM
[10:29:33] [389/458] ADGR
[10:29:35] [390/458] MYCP
[10:29:35] 🔄 Identity reset
[10:29:35] 🔄 Identity rotated (every 10 requests)
[10:29:36] [391/458] IGCM
[10:29:37] [392/458] PGRK
[10:29:38] [393/458] VPGO
[10:29:39] [394/458] KOMS
[10:29:40] [395/458] URGG
[10:29:41] [396/458] GOST
[10:29:42] [397/458] LACT
[10:29:43] [398/458] BWCM
[10:29:44] [399/458] NCCW
[10:29:45] [400/458] SKYC
[10:29:46] 🔄 Identity reset
[10:29:46] 🔄 Identity rotated (every 10 requests)
[10:29:46] [401/458] CCPM
[10:29:47] [402/458] VCBT
[10:29:49] [403/458] SDKR
[10:29:49] [404/458] CTYB
[10:29:51] [405/458] SHCX
[10:29:52] [406/458] RCUN
[10:29:53] [407/458] CNRA
[10:29:54] [408/458] RFCA
[10:29:55] [409/458] RDCU
[10:29:56] [410/458] SARK
[10:29:57] 🔄 Identity reset
[10:29:57] 🔄 Identity rotated (every 10 requests)
[10:29:57] [411/458] SPPP
[10:29:58] [412/458] ADMB
[10:29:59] [413/458] JYOE
[10:30:00] [414/458] SRMD
[10:30:00] [415/458] RJDH
[10:30:02] [416/458] SSTD
[10:30:03] [417/458] AACV
[10:30:04] [418/458] PPVD
[10:30:05] [419/458] STCP
[10:30:07] [420/458] ANLS
[10:30:08] 🔄 Identity reset
[10:30:08] 🔄 Identity rotated (every 10 requests)
[10:30:08] [421/458] BIJO
[10:30:09] [422/458] AVAB
[10:30:10] [423/458] SPMD
[10:30:11] [424/458] SVJL
[10:30:12] [425/458] SDDJ
[10:30:13] [426/458] SLTU
[10:30:14] [427/458] SAKA
[10:30:15] [428/458] PMAM
[10:30:16] [429/458] FNAM
[10:30:17] [430/458] ACAM
[10:30:18] 🔄 Identity reset
[10:30:18] 🔄 Identity rotated (every 10 requests)
[10:30:19] [431/458] SCMM
[10:30:19] [432/458] PMAK
[10:30:20] [433/458] NYSA
[10:30:21] [434/458] FCPA
[10:30:22] [435/458] GDAN
[10:30:24] [436/458] RSCA
[10:30:25] [437/458] DMAN
[10:30:25] [438/458] DZCM
[10:30:26] [439/458] NSGL
[10:30:27] [440/458] CCPP
[10:30:28] 🔄 Identity reset
[10:30:28] 🔄 Identity rotated (every 10 requests)
[10:30:29] [441/458] PSMG
[10:30:29] [442/458] GSER
[10:30:30] [443/458] FCCT
[10:30:31] [444/458] FCTB
[10:30:32] [445/458] LCNK
[10:30:33] [446/458] SKTY
[10:30:34] [447/458] INAA
[10:30:35] [448/458] RCWN
[10:30:36] [449/458] VAIS
[10:30:37] [450/458] CVMN
[10:30:38] 🔄 Identity reset
[10:30:38] 🔄 Identity rotated (every 10 requests)
[10:30:38] [451/458] INTS
[10:30:39] [452/458] FRGS
[10:30:40] [453/458] DTCK
[10:30:41] [454/458] MCMH
[10:30:42] [455/458] ECRR
[10:30:43] [456/458] RLLP
[10:30:44] [457/458] CCSN
[10:30:45] [458/458] CCBA
[10:30:46] 🧹 Deduping shows
[10:30:46] ✅ DONE | Shows=17 | Movies=3
[04:59:51] 🚀 SCRIPT STARTED (enhanced anti‑detection)
[04:59:51] [1/458] MBDC
[04:59:52] 🧠 New identity created
[04:59:52] [2/458] CHKM
[04:59:53] [3/458] JTKZ
[04:59:54] [4/458] CMCT
[04:59:55] [5/458] ASHO
[04:59:56] [6/458] ECDG
[04:59:57] [7/458] SPAT
[04:59:58] [8/458] HILC
[04:59:59] [9/458] SPPH
[05:00:00] [10/458] SBHN
[05:00:00] 🔄 Identity reset
[05:00:00] 🔄 Identity rotated (every 10 requests)
[05:00:00] [11/458] RRCA
[05:00:01] [12/458] APAA
[05:00:02] [13/458] RAME
[05:00:03] [14/458] TMMS
[05:00:04] [15/458] BATK
[05:00:05] [16/458] LKOP
[05:00:06] [17/458] AMTT
[05:00:08] [18/458] PTGK
[05:00:09] [19/458] ANRS
[05:00:09] [20/458] VWBW
[05:00:10] 🔄 Identity reset
[05:00:10] 🔄 Identity rotated (every 10 requests)
[05:00:10] [21/458] SVFG
[05:00:11] [22/458] STAT
[05:00:12] [23/458] GDCV
[05:00:13] [24/458] VEBI
[05:00:14] [25/458] VDSS
[05:00:15] [26/458] NTHV
[05:00:16] [27/458] AOCH
[05:00:17] [28/458] KASR
[05:00:18] [29/458] AYCS
[05:00:19] [30/458] SHAI
[05:00:20] 🔄 Identity reset
[05:00:20] 🔄 Identity rotated (every 10 requests)
[05:00:20] [31/458] SKPE
[05:00:21] [32/458] SBTA
[05:00:22] [33/458] RTTD
[05:00:23] [34/458] CCJD
[05:00:25] [35/458] RSJJ
[05:00:26] [36/458] RKND
[05:00:27] [37/458] SVTX
[05:00:28] [38/458] BAKM
[05:00:29] [39/458] SVDC
[05:00:30] [40/458] MNCV
[05:00:31] 🔄 Identity reset
[05:00:31] 🔄 Identity rotated (every 10 requests)
[05:00:32] [41/458] SJGC
[05:00:33] [42/458] MTPK
[05:00:34] [43/458] GATP
[05:00:35] [44/458] ABTS
[05:00:35] [45/458] ABDE
[05:00:36] [46/458] RCNM
[05:00:37] [47/458] KTHV
[05:00:38] [48/458] MDGJ
[05:00:39] [49/458] SMLM
[05:00:40] [50/458] JTMA
[05:00:40] 🔄 Identity reset
[05:00:40] 🔄 Identity rotated (every 10 requests)
[05:00:41] [51/458] ACKP
[05:00:42] [52/458] SRTA
[05:00:42] [53/458] STAY
[05:00:43] [54/458] MAVO
[05:00:45] [55/458] APTS
[05:00:46] [56/458] OMEA
[05:00:47] [57/458] TTFD
[05:00:48] [58/458] MJCU
[05:00:49] [59/458] CXTE
[05:00:50] [60/458] CTPX
[05:00:51] 🔄 Identity reset
[05:00:51] 🔄 Identity rotated (every 10 requests)
[05:00:51] [61/458] ASSL
[05:00:52] [62/458] CMVB
[05:00:53] [63/458] VPUR
[05:00:54] [64/458] JJDA
[05:00:55] [65/458] INBL
[05:00:57] [66/458] BIKB
[05:00:58] [67/458] NTBB
[05:00:59] [68/458] GLOB
[05:01:00] [69/458] SNTB
[05:01:01] [70/458] CHGV
[05:01:01] 🔄 Identity reset
[05:01:01] 🔄 Identity rotated (every 10 requests)
[05:01:02] [71/458] SSBZ
[05:01:03] [72/458] PRDB
[05:01:04] [73/458] ISMT
[05:01:05] [74/458] MCSD
[05:01:06] [75/458] JBTT
[05:01:07] [76/458] GEKR
[05:01:09] [77/458] PVUN
[05:01:10] [78/458] NRTB
[05:01:11] [79/458] PRAA
[05:01:11] [80/458] PCBL
[05:01:12] 🔄 Identity reset
[05:01:12] 🔄 Identity rotated (every 10 requests)
[05:01:12] [81/458] PTCM
[05:01:13] [82/458] KHNN
[05:01:14] [83/458] OMJE
[05:01:15] [84/458] STGN
[05:01:16] [85/458] RPMS
[05:01:17] [86/458] NWAD
[05:01:18] [87/458] BLCK
[05:01:20] [88/458] SVAA
[05:01:21] [89/458] URVM
[05:01:22] [90/458] ANTM
[05:01:22] 🔄 Identity reset
[05:01:22] 🔄 Identity rotated (every 10 requests)
[05:01:23] [91/458] VJYM
[05:01:23] [92/458] MAZZ
[05:01:24] [93/458] CSHM
[05:01:25] [94/458] WGMH
[05:01:26] [95/458] SALN
[05:01:27] [96/458] BRTP
[05:01:28] [97/458] SVTA
[05:01:29] [98/458] SBTP
[05:01:30] [99/458] VLSS
[05:01:31] [100/458] SRJA
[05:01:31] 🔄 Identity reset
[05:01:31] 🔄 Identity rotated (every 10 requests)
[05:01:32] [101/458] ANCG
[05:01:33] [102/458] CGGC
[05:01:34] [103/458] CRJA
[05:01:35] [104/458] USCR
[05:01:35] [105/458] MMEF
[05:01:36] [106/458] JCRJ
[05:01:38] [107/458] ADCM
[05:01:39] [108/458] BMYK
[05:01:40] [109/458] KICS
[05:01:42] [110/458] MBBT
[05:01:42] 🔄 Identity reset
[05:01:42] 🔄 Identity rotated (every 10 requests)
[05:01:43] [111/458] MACK
[05:01:44] [112/458] CLDR
[05:01:45] [113/458] JYCR
[05:01:45] [114/458] DCRP
[05:01:46] [115/458] RAHT
[05:01:47] [116/458] CSSM
[05:01:48] [117/458] ATPK
[05:01:49] [118/458] KLRT
[05:01:50] [119/458] SRDD
[05:01:51] [120/458] CKMC
[05:01:52] 🔄 Identity reset
[05:01:52] 🔄 Identity rotated (every 10 requests)
[05:01:52] [121/458] KRVM
[05:01:53] [122/458] AKCP
[05:01:54] [123/458] CNCV
[05:01:55] [124/458] PACT
[05:01:56] [125/458] NATP
[05:01:57] [126/458] PCPK
[05:01:57] [127/458] SMHO
[05:01:58] [128/458] CWTK
[05:01:59] [129/458] RVKZ
[05:02:00] [130/458] ASPD
[05:02:01] 🔄 Identity reset
[05:02:01] 🔄 Identity rotated (every 10 requests)
[05:02:01] 🔄 Retry 1/5 for ASPD in 2.2s
[05:02:01] 🔄 Identity reset
[05:02:03] 🧠 New identity created
[05:02:03] 🔄 Retry 2/5 for ASPD in 4.3s
[05:02:03] 🔄 Identity reset
[05:02:08] 🧠 New identity created
[05:02:08] 🔄 Retry 3/5 for ASPD in 8.3s
[05:02:08] 🔄 Identity reset
[05:02:16] 🧠 New identity created
[05:02:16] [131/458] VTKZ
[05:02:17] [132/458] LCSO
[05:02:18] [133/458] PRDY
[05:02:19] [134/458] RCAP
[05:02:20] [135/458] RGAR
[05:02:21] [136/458] RCAC
[05:02:22] [137/458] PMOD
[05:02:22] 🔄 Identity reset
[05:02:22] 🔄 Identity rotated (every 10 requests)
[05:02:23] 🔄 Retry 1/5 for PMOD in 2.2s
[05:02:23] 🔄 Identity reset
[05:02:25] 🧠 New identity created
[05:02:25] 🔄 Retry 2/5 for PMOD in 4.2s
[05:02:25] 🔄 Identity reset
[05:02:29] 🧠 New identity created
[05:02:29] [138/458] PVCN
[05:02:30] [139/458] SCRZ
[05:02:31] [140/458] PVPC
[05:02:32] [141/458] STID
[05:02:33] [142/458] NEDD
[05:02:34] [143/458] BNBA
[05:02:35] [144/458] NTCD
[05:02:36] [145/458] OCDE
[05:02:37] 🔄 Identity reset
[05:02:37] 🔄 Identity rotated (every 10 requests)
[05:02:37] 🔄 Retry 1/5 for OCDE in 2.0s
[05:02:37] 🔄 Identity reset
[05:02:39] 🧠 New identity created
[05:02:39] [146/458] CCDU
[05:02:40] [147/458] CRXH
[05:02:41] [148/458] VLVT
[05:02:42] [149/458] CICI
[05:02:43] [150/458] SUCB
[05:02:44] [151/458] TCBP
[05:02:45] [152/458] SCCY
[05:02:45] [153/458] LXCY
[05:02:46] [154/458] NCMD
[05:02:47] 🔄 Identity reset
[05:02:47] 🔄 Identity rotated (every 10 requests)
[05:02:47] [155/458] PHCS
[05:02:48] [156/458] DUXR
[05:02:49] [157/458] VNKS
[05:02:50] [158/458] SEDP
[05:02:51] [159/458] SVEN
[05:02:52] [160/458] SRKM
[05:02:53] [161/458] JTLT
[05:02:53] [162/458] SVSS
[05:02:54] [163/458] AMDE
[05:02:55] [164/458] WVRN
[05:02:56] 🔄 Identity reset
[05:02:56] 🔄 Identity rotated (every 10 requests)
[05:02:56] [165/458] ISMG
[05:02:58] [166/458] WVKS
[05:02:58] [167/458] USCG
[05:03:00] [168/458] IOTG
[05:03:00] [169/458] RRJM
[05:03:01] [170/458] EDMP
[05:03:02] [171/458] SCGZ
[05:03:03] [172/458] GMGX
[05:03:05] [173/458] OMTP
[05:03:06] [174/458] MITD
[05:03:07] 🔄 Identity reset
[05:03:07] 🔄 Identity rotated (every 10 requests)
[05:03:07] 🔄 Retry 1/5 for MITD in 2.4s
[05:03:07] 🔄 Identity reset
[05:03:09] 🧠 New identity created
[05:03:10] [175/458] SMMD
[05:03:11] [176/458] STML
[05:03:13] [177/458] MCFS
[05:03:14] [178/458] FPKA
[05:03:15] [179/458] OMLR
[05:03:16] [180/458] KKSC
[05:03:16] [181/458] RVMA
[05:03:17] [182/458] SCLL
[05:03:18] [183/458] SCDK
[05:03:19] 🔄 Identity reset
[05:03:19] 🔄 Identity rotated (every 10 requests)
[05:03:19] [184/458] SXMI
[05:03:20] [185/458] SHDN
[05:03:22] [186/458] PAAD
[05:03:23] [187/458] UUCB
[05:03:24] [188/458] JHOL
[05:03:25] [189/458] SGWT
[05:03:26] [190/458] SRII
[05:03:27] [191/458] SGCK
[05:03:28] [192/458] SVVB
[05:03:29] [193/458] DMHA
[05:03:29] 🔄 Identity reset
[05:03:29] 🔄 Identity rotated (every 10 requests)
[05:03:30] [194/458] PPNL
[05:03:31] [195/458] CPNL
[05:03:32] [196/458] WVLD
[05:03:33] [197/458] PSLV
[05:03:34] [198/458] VTTL
[05:03:35] [199/458] NPAD
[05:03:36] [200/458] PVCS
[05:03:37] [201/458] MCHL
[05:03:38] [202/458] PPLL
[05:03:39] [203/458] MALO
[05:03:39] 🔄 Identity reset
[05:03:39] 🔄 Identity rotated (every 10 requests)
[05:03:40] [204/458] SWBH
[05:03:41] [205/458] PUGB
[05:03:41] [206/458] INBB
[05:03:42] [207/458] INNS
[05:03:43] [208/458] MCPT
[05:03:44] [209/458] SCMI
[05:03:45] [210/458] OCON
[05:03:47] [211/458] SCSM
[05:03:48] [212/458] RJVN
[05:03:49] [213/458] AMDK
[05:03:49] 🔄 Identity reset
[05:03:49] 🔄 Identity rotated (every 10 requests)
[05:03:49] 🔄 Retry 1/5 for AMDK in 2.8s
[05:03:49] 🔄 Identity reset
[05:03:52] 🧠 New identity created
[05:03:53] [214/458] ISMR
[05:03:53] [215/458] SMTD
[05:03:54] [216/458] VTDD
[05:03:56] [217/458] PDDZ
[05:03:57] [218/458] PCCK
[05:03:57] [219/458] INAM
[05:03:59] [220/458] FNKT
[05:04:00] [221/458] GDKA
[05:04:01] [222/458] MAYU
[05:04:01] 🔄 Identity reset
[05:04:01] 🔄 Identity rotated (every 10 requests)
[05:04:02] [223/458] TCGU
[05:04:03] [224/458] KDCA
[05:04:04] [225/458] DOMY
[05:04:05] [226/458] PDDD
[05:04:06] [227/458] BJTS
[05:04:06] [228/458] VTCA
[05:04:07] [229/458] SBTM
[05:04:09] [230/458] SEET
[05:04:10] [231/458] SSTJ
[05:04:12] [232/458] SVNT
[05:04:13] 🔄 Identity reset
[05:04:13] 🔄 Identity rotated (every 10 requests)
[05:04:13] [233/458] PPPR
[05:04:14] [234/458] PVYS
[05:04:15] [235/458] IOSE
[05:04:16] [236/458] ACTV
[05:04:16] [237/458] APVE
[05:04:17] [238/458] TCCL
[05:04:18] [239/458] SCMO
[05:04:19] [240/458] SAUM
[05:04:20] [241/458] KCJS
[05:04:21] [242/458] NJCJ
[05:04:22] 🔄 Identity reset
[05:04:22] 🔄 Identity rotated (every 10 requests)
[05:04:22] [243/458] NECF
[05:04:23] [244/458] CCGW
[05:04:24] [245/458] CCMG
[05:04:25] [246/458] NYRG
[05:04:26] [247/458] NCSQ
[05:04:27] [248/458] GRCG
[05:04:28] [249/458] CCBT
[05:04:29] [250/458] ACGA
[05:04:30] [251/458] INAG
[05:04:31] [252/458] FUCG
[05:04:31] 🔄 Identity reset
[05:04:31] 🔄 Identity rotated (every 10 requests)
[05:04:32] [253/458] AICF
[05:04:33] [254/458] GRGA
[05:04:34] [255/458] GDCN
[05:04:35] [256/458] RRCG
[05:04:36] [257/458] SDCH
[05:04:37] [258/458] WVJM
[05:04:38] [259/458] JCCZ
[05:04:39] [260/458] CNCL
[05:04:40] [261/458] TMLV
[05:04:41] [262/458] MEMB
[05:04:42] 🔄 Identity reset
[05:04:42] 🔄 Identity rotated (every 10 requests)
[05:04:42] [263/458] SGTD
[05:04:43] [264/458] CONX
[05:04:44] [265/458] CCMH
[05:04:45] [266/458] ACMC
[05:04:46] [267/458] DTPD
[05:04:46] [268/458] POJA
[05:04:48] [269/458] FNBH
[05:04:50] [270/458] CGCB
[05:04:51] [271/458] RACN
[05:04:52] [272/458] JTSM
[05:04:53] 🔄 Identity reset
[05:04:53] 🔄 Identity rotated (every 10 requests)
[05:04:53] [273/458] SCDN
[05:04:54] [274/458] AACK
[05:04:55] [275/458] RMCE
[05:04:56] [276/458] BSGB
[05:04:57] [277/458] MRCB
[05:04:58] [278/458] SRVR
[05:05:00] [279/458] VTKK
[05:05:01] [280/458] AMST
[05:05:01] [281/458] APCY
[05:05:02] [282/458] LMHO
[05:05:03] 🔄 Identity reset
[05:05:03] 🔄 Identity rotated (every 10 requests)
[05:05:03] [283/458] MTZH
[05:05:04] [284/458] AMZB
[05:05:05] [285/458] SUVT
[05:05:06] [286/458] RCIP
[05:05:07] [287/458] KESR
[05:05:08] [288/458] SNKC
[05:05:09] [289/458] SCED
[05:05:10] [290/458] DVCA
[05:05:11] [291/458] VCDT
[05:05:12] [292/458] RRDI
[05:05:12] 🔄 Identity reset
[05:05:12] 🔄 Identity rotated (every 10 requests)
[05:05:13] [293/458] DFCH
[05:05:14] [294/458] INSC
[05:05:15] [295/458] RGTR
[05:05:16] [296/458] FMOT
[05:05:17] [297/458] SCPM
[05:05:18] [298/458] GCDT
[05:05:19] [299/458] BRKT
[05:05:20] [300/458] DEMP
[05:05:21] [301/458] SRLC
[05:05:23] [302/458] KSTT
[05:05:24] 🔄 Identity reset
[05:05:24] 🔄 Identity rotated (every 10 requests)
[05:05:24] [303/458] SMMT
[05:05:25] [304/458] SILM
[05:05:26] [305/458] JCVM
[05:05:27] [306/458] KCSV
[05:05:28] [307/458] MHLK
[05:05:29] [308/458] SLVL
[05:05:30] [309/458] RJKP
[05:05:31] [310/458] BBPC
[05:05:32] [311/458] MXCB
[05:05:33] [312/458] TCPK
[05:05:33] 🔄 Identity reset
[05:05:34] 🔄 Identity rotated (every 10 requests)
[05:05:34] [313/458] RTBR
[05:05:35] [314/458] GAUT
[05:05:36] [315/458] DVCF
[05:05:37] [316/458] JTSB
[05:05:38] [317/458] SBLS
[05:05:39] [318/458] UDAY
[05:05:40] [319/458] PTNP
[05:05:41] [320/458] DMKT
[05:05:42] [321/458] NTDT
[05:05:43] [322/458] SHDJ
[05:05:44] 🔄 Identity reset
[05:05:44] 🔄 Identity rotated (every 10 requests)
[05:05:45] [323/458] OTNC
[05:05:47] [324/458] RNTW
[05:05:48] [325/458] GCMI
[05:05:49] [326/458] CRCM
[05:05:50] [327/458] NNCZ
[05:05:51] [328/458] OEMO
[05:05:52] [329/458] PVJM
[05:05:53] [330/458] CPJI
[05:05:54] [331/458] RMCJ
[05:05:55] [332/458] CNWJ
[05:05:55] 🔄 Identity reset
[05:05:55] 🔄 Identity rotated (every 10 requests)
[05:05:56] [333/458] EPJM
[05:05:56] [334/458] FNJJ
[05:05:57] [335/458] GCMJ
[05:05:59] [336/458] INPS
[05:06:00] [337/458] BICJ
[05:06:01] [338/458] ISTJ
[05:06:02] [339/458] INJC
[05:06:03] [340/458] GLXJ
[05:06:05] [341/458] INEM
[05:06:06] [342/458] JTMN
[05:06:06] 🔄 Identity reset
[05:06:06] 🔄 Identity rotated (every 10 requests)
[05:06:07] [343/458] FRCJ
[05:06:08] [344/458] DDJP
[05:06:09] [345/458] INJV
[05:06:10] [346/458] GOLC
[05:06:12] [347/458] KOCI
[05:06:13] [348/458] FSTD
[05:06:14] [349/458] PACJ
[05:06:15] [350/458] GMCN
[05:06:15] [351/458] MMDJ
[05:06:16] [352/458] GODH
[05:06:17] 🔄 Identity reset
[05:06:17] 🔄 Identity rotated (every 10 requests)
[05:06:17] [353/458] SKYN
[05:06:18] [354/458] NCTH
[05:06:19] [355/458] SKVZ
[05:06:20] [356/458] SVML
[05:06:21] [357/458] ACVZ
[05:06:23] [358/458] SURA
[05:06:24] [359/458] RTRB
[05:06:24] [360/458] LLCT
[05:06:25] [361/458] ATTS
[05:06:26] [362/458] JYCM
[05:06:27] 🔄 Identity reset
[05:06:27] 🔄 Identity rotated (every 10 requests)
[05:06:27] [363/458] CTKR
[05:06:28] [364/458] LCKR
[05:06:29] [365/458] NYCV
[05:06:30] [366/458] NYOH
[05:06:31] [367/458] NOVX
[05:06:32] [368/458] MRGK
[05:06:33] [369/458] MOON
[05:06:34] [370/458] SBUC
[05:06:35] [371/458] GSVA
[05:06:36] [372/458] VIAK
[05:06:37] 🔄 Identity reset
[05:06:37] 🔄 Identity rotated (every 10 requests)
[05:06:37] [373/458] SMVZ
[05:06:38] [374/458] MATE
[05:06:39] [375/458] RDCN
[05:06:40] [376/458] ASBL
[05:06:41] [377/458] ASVS
[05:06:42] [378/458] ASSR
[05:06:43] [379/458] SSKN
[05:06:44] [380/458] DRPV
[05:06:45] [381/458] MRHT
[05:06:46] [382/458] BSCN
[05:06:47] 🔄 Identity reset
[05:06:47] 🔄 Identity rotated (every 10 requests)
[05:06:47] 🔄 Retry 1/5 for BSCN in 2.6s
[05:06:47] 🔄 Identity reset
[05:06:50] 🧠 New identity created
[05:06:50] [383/458] RKNX
[05:06:51] [384/458] MSMC
[05:06:52] [385/458] MSCJ
[05:06:54] [386/458] BTBJ
[05:06:55] [387/458] MJCC
[05:06:56] [388/458] IOMM
[05:06:57] [389/458] ADGR
[05:06:58] [390/458] MYCP
[05:06:59] [391/458] IGCM
[05:07:00] 🔄 Identity reset
[05:07:00] 🔄 Identity rotated (every 10 requests)
[05:07:00] [392/458] PGRK
[05:07:01] [393/458] VPGO
[05:07:02] [394/458] KOMS
[05:07:03] [395/458] URGG
[05:07:04] [396/458] GOST
[05:07:05] [397/458] LACT
[05:07:06] [398/458] BWCM
[05:07:07] [399/458] NCCW
[05:07:08] [400/458] SKYC
[05:07:08] [401/458] CCPM
[05:07:09] 🔄 Identity reset
[05:07:09] 🔄 Identity rotated (every 10 requests)
[05:07:09] [402/458] VCBT
[05:07:10] [403/458] SDKR
[05:07:11] [404/458] CTYB
[05:07:12] [405/458] SHCX
[05:07:13] [406/458] RCUN
[05:07:14] [407/458] CNRA
[05:07:15] [408/458] RFCA
[05:07:16] [409/458] RDCU
[05:07:18] [410/458] SARK
[05:07:19] [411/458] SPPP
[05:07:19] 🔄 Identity reset
[05:07:19] 🔄 Identity rotated (every 10 requests)
[05:07:19] 🔄 Retry 1/5 for SPPP in 2.9s
[05:07:19] 🔄 Identity reset
[05:07:22] 🧠 New identity created
[05:07:23] [412/458] ADMB
[05:07:24] [413/458] JYOE
[05:07:24] [414/458] SRMD
[05:07:25] [415/458] RJDH
[05:07:26] [416/458] SSTD
[05:07:27] [417/458] AACV
[05:07:28] [418/458] PPVD
[05:07:30] [419/458] STCP
[05:07:30] [420/458] ANLS
[05:07:31] 🔄 Identity reset
[05:07:31] 🔄 Identity rotated (every 10 requests)
[05:07:32] [421/458] BIJO
[05:07:32] [422/458] AVAB
[05:07:33] [423/458] SPMD
[05:07:34] [424/458] SVJL
[05:07:35] [425/458] SDDJ
[05:07:36] [426/458] SLTU
[05:07:37] [427/458] SAKA
[05:07:38] [428/458] PMAM
[05:07:39] [429/458] FNAM
[05:07:40] [430/458] ACAM
[05:07:41] 🔄 Identity reset
[05:07:41] 🔄 Identity rotated (every 10 requests)
[05:07:41] 🔄 Retry 1/5 for ACAM in 2.7s
[05:07:41] 🔄 Identity reset
[05:07:44] 🧠 New identity created
[05:07:44] [431/458] SCMM
[05:07:45] [432/458] PMAK
[05:07:46] [433/458] NYSA
[05:07:47] [434/458] FCPA
[05:07:48] [435/458] GDAN
[05:07:50] [436/458] RSCA
[05:07:51] [437/458] DMAN
[05:07:52] [438/458] DZCM
[05:07:53] [439/458] NSGL
[05:07:53] 🔄 Identity reset
[05:07:53] 🔄 Identity rotated (every 10 requests)
[05:07:54] [440/458] CCPP
[05:07:54] [441/458] PSMG
[05:07:55] [442/458] GSER
[05:07:56] [443/458] FCCT
[05:07:57] [444/458] FCTB
[05:07:58] [445/458] LCNK
[05:07:59] [446/458] SKTY
[05:08:00] [447/458] INAA
[05:08:01] [448/458] RCWN
[05:08:02] [449/458] VAIS
[05:08:02] 🔄 Identity reset
[05:08:03] 🔄 Identity rotated (every 10 requests)
[05:08:03] [450/458] CVMN
[05:08:04] [451/458] INTS
[05:08:05] [452/458] FRGS
[05:08:06] [453/458] DTCK
[05:08:07] [454/458] MCMH
[05:08:08] [455/458] ECRR
[05:08:09] [456/458] RLLP
[05:08:10] [457/458] CCSN
[05:08:11] [458/458] CCBA
[05:08:12] 🧹 Deduping shows
[05:08:12] ✅ DONE | Shows=30 | Movies=6
[12:25:36] 🚀 SCRIPT STARTED (enhanced anti‑detection)
[12:25:36] [1/458] MBDC
[12:25:37] 🧠 New identity created
[12:25:37] 🔄 Retry 1/5 for MBDC in 2.6s
[12:25:37] 🔄 Identity reset
[12:25:39] 🧠 New identity created
[12:25:40] 🔄 Retry 2/5 for MBDC in 4.2s
[12:25:40] 🔄 Identity reset
[12:25:44] 🧠 New identity created
[12:25:44] [2/458] CHKM
[12:25:45] [3/458] JTKZ
[12:25:46] [4/458] CMCT
[12:25:47] [5/458] ASHO
[12:25:48] [6/458] ECDG
[12:25:49] [7/458] SPAT
[12:25:50] [8/458] HILC
[12:25:51] 🔄 Identity reset
[12:25:51] 🔄 Identity rotated (every 10 requests)
[12:25:51] [9/458] SPPH
[12:25:52] [10/458] SBHN
[12:25:53] [11/458] RRCA
[12:25:54] [12/458] APAA
[12:25:54] [13/458] RAME
[12:25:55] [14/458] TMMS
[12:25:56] [15/458] BATK
[12:25:57] [16/458] LKOP
[12:25:58] [17/458] AMTT
[12:25:59] [18/458] PTGK
[12:25:59] 🔄 Identity reset
[12:26:00] 🔄 Identity rotated (every 10 requests)
[12:26:00] [19/458] ANRS
[12:26:01] [20/458] VWBW
[12:26:01] [21/458] SVFG
[12:26:02] [22/458] STAT
[12:26:03] [23/458] GDCV
[12:26:04] [24/458] VEBI
[12:26:05] [25/458] VDSS
[12:26:06] [26/458] NTHV
[12:26:07] [27/458] AOCH
[12:26:08] [28/458] KASR
[12:26:09] 🔄 Identity reset
[12:26:09] 🔄 Identity rotated (every 10 requests)
[12:26:09] 🔄 Retry 1/5 for KASR in 2.2s
[12:26:09] 🔄 Identity reset
[12:26:11] 🧠 New identity created
[12:26:12] [29/458] AYCS
[12:26:13] [30/458] SHAI
[12:26:14] [31/458] SKPE
[12:26:15] [32/458] SBTA
[12:26:16] [33/458] RTTD
[12:26:18] [34/458] CCJD
[12:26:19] [35/458] RSJJ
[12:26:20] [36/458] RKND
[12:26:21] [37/458] SVTX
[12:26:22] 🔄 Identity reset
[12:26:22] 🔄 Identity rotated (every 10 requests)
[12:26:22] 🔄 Retry 1/5 for SVTX in 2.4s
[12:26:22] 🔄 Identity reset
[12:26:24] 🧠 New identity created
[12:26:24] [38/458] BAKM
[12:26:25] [39/458] SVDC
[12:26:26] [40/458] MNCV
[12:26:27] [41/458] SJGC
[12:26:28] [42/458] MTPK
[12:26:29] [43/458] GATP
[12:26:30] [44/458] ABTS
[12:26:31] [45/458] ABDE
[12:26:32] [46/458] RCNM
[12:26:32] 🔄 Identity reset
[12:26:32] 🔄 Identity rotated (every 10 requests)
[12:26:32] [47/458] KTHV
[12:26:33] [48/458] MDGJ
[12:26:34] [49/458] SMLM
[12:26:35] [50/458] JTMA
[12:26:36] [51/458] ACKP
[12:26:37] [52/458] SRTA
[12:26:38] [53/458] STAY
[12:26:39] [54/458] MAVO
[12:26:40] [55/458] APTS
[12:26:41] [56/458] OMEA
[12:26:41] 🔄 Identity reset
[12:26:41] 🔄 Identity rotated (every 10 requests)
[12:26:42] [57/458] TTFD
[12:26:43] [58/458] MJCU
[12:26:44] [59/458] CXTE
[12:26:45] [60/458] CTPX
[12:26:46] [61/458] ASSL
[12:26:47] [62/458] CMVB
[12:26:48] [63/458] VPUR
[12:26:49] [64/458] JJDA
[12:26:50] [65/458] INBL
[12:26:51] [66/458] BIKB
[12:26:51] 🔄 Identity reset
[12:26:51] 🔄 Identity rotated (every 10 requests)
[12:26:52] [67/458] NTBB
[12:26:53] [68/458] GLOB
[12:26:54] [69/458] SNTB
[12:26:54] [70/458] CHGV
[12:26:55] [71/458] SSBZ
[12:26:56] [72/458] PRDB
[12:26:57] [73/458] ISMT
[12:26:58] [74/458] MCSD
[12:26:59] [75/458] JBTT
[12:26:59] [76/458] GEKR
[12:27:00] 🔄 Identity reset
[12:27:00] 🔄 Identity rotated (every 10 requests)
[12:27:00] [77/458] PVUN
[12:27:01] [78/458] NRTB
[12:27:02] [79/458] PRAA
[12:27:03] [80/458] PCBL
[12:27:04] [81/458] PTCM
[12:27:05] [82/458] KHNN
[12:27:06] [83/458] OMJE
[12:27:07] [84/458] STGN
[12:27:08] [85/458] RPMS
[12:27:08] [86/458] NWAD
[12:27:09] 🔄 Identity reset
[12:27:09] 🔄 Identity rotated (every 10 requests)
[12:27:10] [87/458] BLCK
[12:27:11] [88/458] SVAA
[12:27:12] [89/458] URVM
[12:27:13] [90/458] ANTM
[12:27:14] [91/458] VJYM
[12:27:15] [92/458] MAZZ
[12:27:16] [93/458] CSHM
[12:27:17] [94/458] WGMH
[12:27:18] [95/458] SALN
[12:27:19] [96/458] BRTP
[12:27:19] 🔄 Identity reset
[12:27:19] 🔄 Identity rotated (every 10 requests)
[12:27:19] 🔄 Retry 1/5 for BRTP in 2.2s
[12:27:19] 🔄 Identity reset
[12:27:21] 🧠 New identity created
[12:27:22] 🔄 Retry 2/5 for BRTP in 4.9s
[12:27:22] 🔄 Identity reset
[12:27:26] 🧠 New identity created
[12:27:27] [97/458] SVTA
[12:27:28] [98/458] SBTP
[12:27:29] [99/458] VLSS
[12:27:29] [100/458] SRJA
[12:27:30] [101/458] ANCG
[12:27:31] [102/458] CGGC
[12:27:32] [103/458] CRJA
[12:27:33] [104/458] USCR
[12:27:34] 🔄 Identity reset
[12:27:34] 🔄 Identity rotated (every 10 requests)
[12:27:34] [105/458] MMEF
[12:27:35] [106/458] JCRJ
[12:27:36] [107/458] ADCM
[12:27:36] [108/458] BMYK
[12:27:37] [109/458] KICS
[12:27:38] [110/458] MBBT
[12:27:39] [111/458] MACK
[12:27:40] [112/458] CLDR
[12:27:41] [113/458] JYCR
[12:27:42] [114/458] DCRP
[12:27:42] 🔄 Identity reset
[12:27:42] 🔄 Identity rotated (every 10 requests)
[12:27:43] [115/458] RAHT
[12:27:43] [116/458] CSSM
[12:27:44] [117/458] ATPK
[12:27:45] [118/458] KLRT
[12:27:46] [119/458] SRDD
[12:27:47] [120/458] CKMC
[12:27:48] [121/458] KRVM
[12:27:48] [122/458] AKCP
[12:27:49] [123/458] CNCV
[12:27:50] [124/458] PACT
[12:27:51] 🔄 Identity reset
[12:27:51] 🔄 Identity rotated (every 10 requests)
[12:27:51] [125/458] NATP
[12:27:52] [126/458] PCPK
[12:27:53] [127/458] SMHO
[12:27:54] [128/458] CWTK
[12:27:55] [129/458] RVKZ
[12:27:56] [130/458] ASPD
[12:27:57] [131/458] VTKZ
[12:27:58] [132/458] LCSO
[12:27:59] [133/458] PRDY
[12:28:00] [134/458] RCAP
[12:28:01] 🔄 Identity reset
[12:28:01] 🔄 Identity rotated (every 10 requests)
[12:28:01] [135/458] RGAR
[12:28:02] [136/458] RCAC
[12:28:03] [137/458] PMOD
[12:28:04] [138/458] PVCN
[12:28:05] [139/458] SCRZ
[12:28:06] [140/458] PVPC
[12:28:06] [141/458] STID
[12:28:07] [142/458] NEDD
[12:28:08] [143/458] BNBA
[12:28:09] [144/458] NTCD
[12:28:10] 🔄 Identity reset
[12:28:10] 🔄 Identity rotated (every 10 requests)
[12:28:10] [145/458] OCDE
[12:28:11] [146/458] CCDU
[12:28:12] [147/458] CRXH
[12:28:12] [148/458] VLVT
[12:28:13] [149/458] CICI
[12:28:14] [150/458] SUCB
[12:28:15] [151/458] TCBP
[12:28:15] [152/458] SCCY
[12:28:16] [153/458] LXCY
[12:28:18] [154/458] NCMD
[12:28:19] 🔄 Identity reset
[12:28:19] 🔄 Identity rotated (every 10 requests)
[12:28:19] [155/458] PHCS
[12:28:20] [156/458] DUXR
[12:28:21] [157/458] VNKS
[12:28:22] [158/458] SEDP
[12:28:23] [159/458] SVEN
[12:28:23] [160/458] SRKM
[12:28:24] [161/458] JTLT
[12:28:25] [162/458] SVSS
[12:28:26] [163/458] AMDE
[12:28:27] [164/458] WVRN
[12:28:28] 🔄 Identity reset
[12:28:28] 🔄 Identity rotated (every 10 requests)
[12:28:28] [165/458] ISMG
[12:28:29] [166/458] WVKS
[12:28:31] [167/458] USCG
[12:28:32] [168/458] IOTG
[12:28:33] [169/458] RRJM
[12:28:33] [170/458] EDMP
[12:28:34] [171/458] SCGZ
[12:28:36] [172/458] GMGX
[12:28:37] [173/458] OMTP
[12:28:38] [174/458] MITD
[12:28:39] 🔄 Identity reset
[12:28:39] 🔄 Identity rotated (every 10 requests)
[12:28:39] [175/458] SMMD
[12:28:40] [176/458] STML
[12:28:40] [177/458] MCFS
[12:28:41] [178/458] FPKA
[12:28:42] [179/458] OMLR
[12:28:43] [180/458] KKSC
[12:28:44] [181/458] RVMA
[12:28:45] [182/458] SCLL
[12:28:46] [183/458] SCDK
[12:28:47] [184/458] SXMI
[12:28:47] 🔄 Identity reset
[12:28:47] 🔄 Identity rotated (every 10 requests)
[12:28:48] [185/458] SHDN
[12:28:49] [186/458] PAAD
[12:28:50] [187/458] UUCB
[12:28:51] [188/458] JHOL
[12:28:51] [189/458] SGWT
[12:28:52] [190/458] SRII
[12:28:53] [191/458] SGCK
[12:28:54] [192/458] SVVB
[12:28:55] [193/458] DMHA
[12:28:56] [194/458] PPNL
[12:28:56] 🔄 Identity reset
[12:28:56] 🔄 Identity rotated (every 10 requests)
[12:28:57] [195/458] CPNL
[12:28:58] [196/458] WVLD
[12:28:59] [197/458] PSLV
[12:29:00] [198/458] VTTL
[12:29:01] [199/458] NPAD
[12:29:02] [200/458] PVCS
[12:29:03] [201/458] MCHL
[12:29:04] [202/458] PPLL
[12:29:05] [203/458] MALO
[12:29:06] [204/458] SWBH
[12:29:07] 🔄 Identity reset
[12:29:07] 🔄 Identity rotated (every 10 requests)
[12:29:07] [205/458] PUGB
[12:29:08] [206/458] INBB
[12:29:09] [207/458] INNS
[12:29:09] [208/458] MCPT
[12:29:10] [209/458] SCMI
[12:29:11] [210/458] OCON
[12:29:12] [211/458] SCSM
[12:29:12] [212/458] RJVN
[12:29:13] [213/458] AMDK
[12:29:14] [214/458] ISMR
[12:29:15] 🔄 Identity reset
[12:29:15] 🔄 Identity rotated (every 10 requests)
[12:29:15] [215/458] SMTD
[12:29:16] [216/458] VTDD
[12:29:17] [217/458] PDDZ
[12:29:18] [218/458] PCCK
[12:29:19] [219/458] INAM
[12:29:20] [220/458] FNKT
[12:29:21] [221/458] GDKA
[12:29:22] [222/458] MAYU
[12:29:23] [223/458] TCGU
[12:29:24] [224/458] KDCA
[12:29:24] 🔄 Identity reset
[12:29:24] 🔄 Identity rotated (every 10 requests)
[12:29:24] 🔄 Retry 1/5 for KDCA in 2.1s
[12:29:24] 🔄 Identity reset
[12:29:26] 🧠 New identity created
[12:29:27] [225/458] DOMY
[12:29:28] [226/458] PDDD
[12:29:28] [227/458] BJTS
[12:29:29] [228/458] VTCA
[12:29:30] [229/458] SBTM
[12:29:31] [230/458] SEET
[12:29:32] [231/458] SSTJ
[12:29:33] [232/458] SVNT
[12:29:34] [233/458] PPPR
[12:29:34] 🔄 Identity reset
[12:29:34] 🔄 Identity rotated (every 10 requests)
[12:29:35] [234/458] PVYS
[12:29:36] [235/458] IOSE
[12:29:37] [236/458] ACTV
[12:29:38] [237/458] APVE
[12:29:38] [238/458] TCCL
[12:29:39] [239/458] SCMO
[12:29:40] [240/458] SAUM
[12:29:41] [241/458] KCJS
[12:29:42] [242/458] NJCJ
[12:29:43] [243/458] NECF
[12:29:44] 🔄 Identity reset
[12:29:44] 🔄 Identity rotated (every 10 requests)
[12:29:44] [244/458] CCGW
[12:29:45] [245/458] CCMG
[12:29:46] [246/458] NYRG
[12:29:46] [247/458] NCSQ
[12:29:47] [248/458] GRCG
[12:29:48] [249/458] CCBT
[12:29:50] [250/458] ACGA
[12:29:50] [251/458] INAG
[12:29:51] [252/458] FUCG
[12:29:52] [253/458] AICF
[12:29:52] 🔄 Identity reset
[12:29:52] 🔄 Identity rotated (every 10 requests)
[12:29:53] [254/458] GRGA
[12:29:54] [255/458] GDCN
[12:29:55] [256/458] RRCG
[12:29:56] [257/458] SDCH
[12:29:57] [258/458] WVJM
[12:29:58] [259/458] JCCZ
[12:29:58] [260/458] CNCL
[12:29:59] [261/458] TMLV
[12:30:00] [262/458] MEMB
[12:30:01] [263/458] SGTD
[12:30:02] 🔄 Identity reset
[12:30:02] 🔄 Identity rotated (every 10 requests)
[12:30:02] [264/458] CONX
[12:30:03] [265/458] CCMH
[12:30:04] [266/458] ACMC
[12:30:05] [267/458] DTPD
[12:30:06] [268/458] POJA
[12:30:07] [269/458] FNBH
[12:30:08] [270/458] CGCB
[12:30:10] [271/458] RACN
[12:30:11] [272/458] JTSM
[12:30:12] [273/458] SCDN
[12:30:12] 🔄 Identity reset
[12:30:12] 🔄 Identity rotated (every 10 requests)
[12:30:13] [274/458] AACK
[12:30:14] [275/458] RMCE
[12:30:15] [276/458] BSGB
[12:30:15] [277/458] MRCB
[12:30:16] [278/458] SRVR
[12:30:18] [279/458] VTKK
[12:30:18] [280/458] AMST
[12:30:19] [281/458] APCY
[12:30:20] [282/458] LMHO
[12:30:21] [283/458] MTZH
[12:30:22] 🔄 Identity reset
[12:30:22] 🔄 Identity rotated (every 10 requests)
[12:30:22] [284/458] AMZB
[12:30:23] [285/458] SUVT
[12:30:24] [286/458] RCIP
[12:30:25] [287/458] KESR
[12:30:27] [288/458] SNKC
[12:30:28] [289/458] SCED
[12:30:28] [290/458] DVCA
[12:30:29] [291/458] VCDT
[12:30:30] [292/458] RRDI
[12:30:32] [293/458] DFCH
[12:30:33] 🔄 Identity reset
[12:30:33] 🔄 Identity rotated (every 10 requests)
[12:30:33] 🔄 Retry 1/5 for DFCH in 2.8s
[12:30:33] 🔄 Identity reset
[12:30:36] 🧠 New identity created
[12:30:36] [294/458] INSC
[12:30:37] [295/458] RGTR
[12:30:38] [296/458] FMOT
[12:30:39] [297/458] SCPM
[12:30:39] [298/458] GCDT
[12:30:40] [299/458] BRKT
[12:30:41] [300/458] DEMP
[12:30:42] [301/458] SRLC
[12:30:43] [302/458] KSTT
[12:30:43] 🔄 Identity reset
[12:30:43] 🔄 Identity rotated (every 10 requests)
[12:30:43] [303/458] SMMT
[12:30:44] [304/458] SILM
[12:30:45] [305/458] JCVM
[12:30:46] [306/458] KCSV
[12:30:48] [307/458] MHLK
[12:30:49] [308/458] SLVL
[12:30:49] [309/458] RJKP
[12:30:51] [310/458] BBPC
[12:30:52] [311/458] MXCB
[12:30:53] [312/458] TCPK
[12:30:54] 🔄 Identity reset
[12:30:54] 🔄 Identity rotated (every 10 requests)
[12:30:54] [313/458] RTBR
[12:30:55] [314/458] GAUT
[12:30:56] [315/458] DVCF
[12:30:57] [316/458] JTSB
[12:30:58] [317/458] SBLS
[12:30:58] [318/458] UDAY
[12:30:59] [319/458] PTNP
[12:31:00] [320/458] DMKT
[12:31:01] [321/458] NTDT
[12:31:02] [322/458] SHDJ
[12:31:03] 🔄 Identity reset
[12:31:03] 🔄 Identity rotated (every 10 requests)
[12:31:03] [323/458] OTNC
[12:31:04] [324/458] RNTW
[12:31:05] [325/458] GCMI
[12:31:06] [326/458] CRCM
[12:31:07] [327/458] NNCZ
[12:31:08] [328/458] OEMO
[12:31:09] [329/458] PVJM
[12:31:09] [330/458] CPJI
[12:31:10] [331/458] RMCJ
[12:31:11] [332/458] CNWJ
[12:31:12] 🔄 Identity reset
[12:31:12] 🔄 Identity rotated (every 10 requests)
[12:31:12] [333/458] EPJM
[12:31:13] [334/458] FNJJ
[12:31:14] [335/458] GCMJ
[12:31:15] [336/458] INPS
[12:31:16] [337/458] BICJ
[12:31:17] [338/458] ISTJ
[12:31:18] [339/458] INJC
[12:31:19] [340/458] GLXJ
[12:31:19] [341/458] INEM
[12:31:20] [342/458] JTMN
[12:31:21] 🔄 Identity reset
[12:31:21] 🔄 Identity rotated (every 10 requests)
[12:31:21] [343/458] FRCJ
[12:31:23] [344/458] DDJP
[12:31:24] [345/458] INJV
[12:31:25] [346/458] GOLC
[12:31:27] [347/458] KOCI
[12:31:28] [348/458] FSTD
[12:31:28] [349/458] PACJ
[12:31:29] [350/458] GMCN
[12:31:31] [351/458] MMDJ
[12:31:32] [352/458] GODH
[12:31:32] 🔄 Identity reset
[12:31:32] 🔄 Identity rotated (every 10 requests)
[12:31:33] [353/458] SKYN
[12:31:34] [354/458] NCTH
[12:31:35] [355/458] SKVZ
[12:31:36] [356/458] SVML
[12:31:37] [357/458] ACVZ
[12:31:38] [358/458] SURA
[12:31:39] [359/458] RTRB
[12:31:40] [360/458] LLCT
[12:31:41] [361/458] ATTS
[12:31:42] [362/458] JYCM
[12:31:42] 🔄 Identity reset
[12:31:42] 🔄 Identity rotated (every 10 requests)
[12:31:42] [363/458] CTKR
[12:31:43] [364/458] LCKR
[12:31:44] [365/458] NYCV
[12:31:45] [366/458] NYOH
[12:31:46] [367/458] NOVX
[12:31:47] [368/458] MRGK
[12:31:48] [369/458] MOON
[12:31:49] [370/458] SBUC
[12:31:50] [371/458] GSVA
[12:31:50] [372/458] VIAK
[12:31:51] 🔄 Identity reset
[12:31:51] 🔄 Identity rotated (every 10 requests)
[12:31:52] [373/458] SMVZ
[12:31:53] [374/458] MATE
[12:31:54] [375/458] RDCN
[12:31:55] [376/458] ASBL
[12:31:55] [377/458] ASVS
[12:31:56] [378/458] ASSR
[12:31:57] [379/458] SSKN
[12:31:58] [380/458] DRPV
[12:31:59] [381/458] MRHT
[12:32:00] [382/458] BSCN
[12:32:00] 🔄 Identity reset
[12:32:00] 🔄 Identity rotated (every 10 requests)
[12:32:01] [383/458] RKNX
[12:32:02] [384/458] MSMC
[12:32:02] [385/458] MSCJ
[12:32:03] [386/458] BTBJ
[12:32:05] [387/458] MJCC
[12:32:06] [388/458] IOMM
[12:32:07] [389/458] ADGR
[12:32:08] [390/458] MYCP
[12:32:09] [391/458] IGCM
[12:32:10] [392/458] PGRK
[12:32:10] 🔄 Identity reset
[12:32:10] 🔄 Identity rotated (every 10 requests)
[12:32:11] [393/458] VPGO
[12:32:12] [394/458] KOMS
[12:32:12] [395/458] URGG
[12:32:13] [396/458] GOST
[12:32:14] [397/458] LACT
[12:32:15] [398/458] BWCM
[12:32:16] [399/458] NCCW
[12:32:17] [400/458] SKYC
[12:32:18] [401/458] CCPM
[12:32:19] [402/458] VCBT
[12:32:19] 🔄 Identity reset
[12:32:19] 🔄 Identity rotated (every 10 requests)
[12:32:20] [403/458] SDKR
[12:32:21] [404/458] CTYB
[12:32:22] [405/458] SHCX
[12:32:23] [406/458] RCUN
[12:32:25] [407/458] CNRA
[12:32:26] [408/458] RFCA
[12:32:27] [409/458] RDCU
[12:32:28] [410/458] SARK
[12:32:28] [411/458] SPPP
[12:32:29] [412/458] ADMB
[12:32:30] 🔄 Identity reset
[12:32:30] 🔄 Identity rotated (every 10 requests)
[12:32:30] [413/458] JYOE
[12:32:31] [414/458] SRMD
[12:32:32] [415/458] RJDH
[12:32:33] [416/458] SSTD
[12:32:34] [417/458] AACV
[12:32:35] [418/458] PPVD
[12:32:36] [419/458] STCP
[12:32:36] [420/458] ANLS
[12:32:37] [421/458] BIJO
[12:32:38] [422/458] AVAB
[12:32:39] 🔄 Identity reset
[12:32:39] 🔄 Identity rotated (every 10 requests)
[12:32:39] [423/458] SPMD
[12:32:40] [424/458] SVJL
[12:32:41] [425/458] SDDJ
[12:32:42] [426/458] SLTU
[12:32:42] [427/458] SAKA
[12:32:44] [428/458] PMAM
[12:32:44] [429/458] FNAM
[12:32:45] [430/458] ACAM
[12:32:46] [431/458] SCMM
[12:32:47] [432/458] PMAK
[12:32:48] 🔄 Identity reset
[12:32:48] 🔄 Identity rotated (every 10 requests)
[12:32:48] [433/458] NYSA
[12:32:49] [434/458] FCPA
[12:32:50] [435/458] GDAN
[12:32:50] [436/458] RSCA
[12:32:51] [437/458] DMAN
[12:32:52] [438/458] DZCM
[12:32:53] [439/458] NSGL
[12:32:54] [440/458] CCPP
[12:32:55] [441/458] PSMG
[12:32:56] [442/458] GSER
[12:32:57] 🔄 Identity reset
[12:32:57] 🔄 Identity rotated (every 10 requests)
[12:32:57] [443/458] FCCT
[12:32:58] [444/458] FCTB
[12:32:59] [445/458] LCNK
[12:32:59] [446/458] SKTY
[12:33:01] [447/458] INAA
[12:33:02] [448/458] RCWN
[12:33:03] [449/458] VAIS
[12:33:04] [450/458] CVMN
[12:33:04] [451/458] INTS
[12:33:05] [452/458] FRGS
[12:33:06] 🔄 Identity reset
[12:33:06] 🔄 Identity rotated (every 10 requests)
[12:33:06] [453/458] DTCK
[12:33:07] [454/458] MCMH
[12:33:08] [455/458] ECRR
[12:33:09] [456/458] RLLP
[12:33:10] [457/458] CCSN
[12:33:11] [458/458] CCBA
[12:33:12] 🧹 Deduping shows
[12:33:12] ✅ DONE | Shows=44 | Movies=8
[22:09:46] 🚀 SCRIPT STARTED (enhanced anti‑detection)
[22:09:46] [1/458] MBDC
[22:09:47] 🧠 New identity created
[22:09:48] [2/458] CHKM
[22:09:49] [3/458] JTKZ
[22:09:50] [4/458] CMCT
[22:09:51] [5/458] ASHO
[22:09:52] [6/458] ECDG
[22:09:53] [7/458] SPAT
[22:09:54] [8/458] HILC
[22:09:55] [9/458] SPPH
[22:09:56] [10/458] SBHN
[22:09:56] 🔄 Identity reset
[22:09:56] 🔄 Identity rotated (every 10 requests)
[22:09:56] [11/458] RRCA
[22:09:57] [12/458] APAA
[22:09:58] [13/458] RAME
[22:10:00] [14/458] TMMS
[22:10:01] [15/458] BATK
[22:10:03] [16/458] LKOP
[22:10:05] [17/458] AMTT
[22:10:06] [18/458] PTGK
[22:10:07] [19/458] ANRS
[22:10:08] [20/458] VWBW
[22:10:08] 🔄 Identity reset
[22:10:08] 🔄 Identity rotated (every 10 requests)
[22:10:09] [21/458] SVFG
[22:10:10] [22/458] STAT
[22:10:11] [23/458] GDCV
[22:10:12] [24/458] VEBI
[22:10:13] [25/458] VDSS
[22:10:14] [26/458] NTHV
[22:10:15] [27/458] AOCH
[22:10:16] [28/458] KASR
[22:10:18] [29/458] AYCS
[22:10:20] [30/458] SHAI
[22:10:20] 🔄 Identity reset
[22:10:20] 🔄 Identity rotated (every 10 requests)
[22:10:21] [31/458] SKPE
[22:10:23] [32/458] SBTA
[22:10:24] [33/458] RTTD
[22:10:25] [34/458] CCJD
[22:10:26] [35/458] RSJJ
[22:10:27] [36/458] RKND
[22:10:27] [37/458] SVTX
[22:10:29] [38/458] BAKM
[22:10:30] [39/458] SVDC
[22:10:31] [40/458] MNCV
[22:10:31] 🔄 Identity reset
[22:10:31] 🔄 Identity rotated (every 10 requests)
[22:10:32] [41/458] SJGC
[22:10:33] [42/458] MTPK
[22:10:33] [43/458] GATP
[22:10:34] [44/458] ABTS
[22:10:35] [45/458] ABDE
[22:10:36] [46/458] RCNM
[22:10:37] [47/458] KTHV
[22:10:38] [48/458] MDGJ
[22:10:39] [49/458] SMLM
[22:10:40] [50/458] JTMA
[22:10:40] 🔄 Identity reset
[22:10:40] 🔄 Identity rotated (every 10 requests)
[22:10:41] [51/458] ACKP
[22:10:42] [52/458] SRTA
[22:10:43] [53/458] STAY
[22:10:44] [54/458] MAVO
[22:10:45] [55/458] APTS
[22:10:46] [56/458] OMEA
[22:10:48] [57/458] TTFD
[22:10:49] [58/458] MJCU
[22:10:50] [59/458] CXTE
[22:10:52] [60/458] CTPX
[22:10:52] 🔄 Identity reset
[22:10:52] 🔄 Identity rotated (every 10 requests)
[22:10:53] [61/458] ASSL
[22:10:54] [62/458] CMVB
[22:10:55] [63/458] VPUR
[22:10:56] [64/458] JJDA
[22:10:57] [65/458] INBL
[22:10:58] [66/458] BIKB
[22:10:59] [67/458] NTBB
[22:11:00] [68/458] GLOB
[22:11:01] [69/458] SNTB
[22:11:03] [70/458] CHGV
[22:11:04] 🔄 Identity reset
[22:11:04] 🔄 Identity rotated (every 10 requests)
[22:11:05] [71/458] SSBZ
[22:11:06] [72/458] PRDB
[22:11:07] [73/458] ISMT
[22:11:08] [74/458] MCSD
[22:11:09] [75/458] JBTT
[22:11:10] [76/458] GEKR
[22:11:11] [77/458] PVUN
[22:11:12] [78/458] NRTB
[22:11:13] [79/458] PRAA
[22:11:14] [80/458] PCBL
[22:11:15] 🔄 Identity reset
[22:11:15] 🔄 Identity rotated (every 10 requests)
[22:11:15] 🔄 Retry 1/5 for PCBL in 2.7s
[22:11:15] 🔄 Identity reset
[22:11:18] 🧠 New identity created
[22:11:18] [81/458] PTCM
[22:11:19] [82/458] KHNN
[22:11:21] [83/458] OMJE
[22:11:21] [84/458] STGN
[22:11:22] [85/458] RPMS
[22:11:24] [86/458] NWAD
[22:11:25] [87/458] BLCK
[22:11:27] [88/458] SVAA
[22:11:28] [89/458] URVM
[22:11:29] 🔄 Identity reset
[22:11:29] 🔄 Identity rotated (every 10 requests)
[22:11:29] [90/458] ANTM
[22:11:30] [91/458] VJYM
[22:11:31] [92/458] MAZZ
[22:11:32] [93/458] CSHM
[22:11:32] [94/458] WGMH
[22:11:33] [95/458] SALN
[22:11:34] [96/458] BRTP
[22:11:36] [97/458] SVTA
[22:11:37] [98/458] SBTP
[22:11:38] [99/458] VLSS
[22:11:38] 🔄 Identity reset
[22:11:38] 🔄 Identity rotated (every 10 requests)
[22:11:39] [100/458] SRJA
[22:11:40] [101/458] ANCG
[22:11:40] [102/458] CGGC
[22:11:43] [103/458] CRJA
[22:11:44] [104/458] USCR
[22:11:45] [105/458] MMEF
[22:11:46] [106/458] JCRJ
[22:11:47] [107/458] ADCM
[22:11:48] [108/458] BMYK
[22:11:49] [109/458] KICS
[22:11:49] 🔄 Identity reset
[22:11:49] 🔄 Identity rotated (every 10 requests)
[22:11:50] [110/458] MBBT
[22:11:51] [111/458] MACK
[22:11:52] [112/458] CLDR
[22:11:53] [113/458] JYCR
[22:11:54] [114/458] DCRP
[22:12:04] [115/458] RAHT
[22:12:06] [116/458] CSSM
[22:12:07] [117/458] ATPK
[22:12:08] [118/458] KLRT
[22:12:09] [119/458] SRDD
[22:12:10] 🔄 Identity reset
[22:12:10] 🔄 Identity rotated (every 10 requests)
[22:12:10] [120/458] CKMC
[22:12:11] [121/458] KRVM
[22:12:12] [122/458] AKCP
[22:12:13] [123/458] CNCV
[22:12:14] [124/458] PACT
[22:12:15] [125/458] NATP
[22:12:16] [126/458] PCPK
[22:12:17] [127/458] SMHO
[22:12:18] [128/458] CWTK
[22:12:19] [129/458] RVKZ
[22:12:20] 🔄 Identity reset
[22:12:20] 🔄 Identity rotated (every 10 requests)
[22:12:21] [130/458] ASPD
[22:12:23] [131/458] VTKZ
[22:12:24] [132/458] LCSO
[22:12:25] [133/458] PRDY
[22:12:27] [134/458] RCAP
[22:12:28] [135/458] RGAR
[22:12:29] [136/458] RCAC
[22:12:30] [137/458] PMOD
[22:12:31] [138/458] PVCN
[22:12:32] [139/458] SCRZ
[22:12:33] 🔄 Identity reset
[22:12:33] 🔄 Identity rotated (every 10 requests)
[22:12:34] [140/458] PVPC
[22:12:35] [141/458] STID
[22:12:36] [142/458] NEDD
[22:12:38] [143/458] BNBA
[22:12:39] [144/458] NTCD
[22:12:39] [145/458] OCDE
[22:12:40] [146/458] CCDU
[22:12:41] [147/458] CRXH
[22:12:43] [148/458] VLVT
[22:12:44] [149/458] CICI
[22:12:44] 🔄 Identity reset
[22:12:44] 🔄 Identity rotated (every 10 requests)
[22:12:44] 🔄 Retry 1/5 for CICI in 2.9s
[22:12:44] 🔄 Identity reset
[22:12:47] 🧠 New identity created
[22:12:48] [150/458] SUCB
[22:12:49] [151/458] TCBP
[22:12:50] [152/458] SCCY
[22:12:51] [153/458] LXCY
[22:12:52] [154/458] NCMD
[22:12:53] [155/458] PHCS
[22:12:54] [156/458] DUXR
[22:12:55] [157/458] VNKS
[22:12:56] [158/458] SEDP
[22:12:56] 🔄 Identity reset
[22:12:56] 🔄 Identity rotated (every 10 requests)
[22:12:57] [159/458] SVEN
[22:12:58] [160/458] SRKM
[22:12:59] [161/458] JTLT
[22:13:00] [162/458] SVSS
[22:13:00] [163/458] AMDE
[22:13:01] [164/458] WVRN
[22:13:02] [165/458] ISMG
[22:13:03] [166/458] WVKS
[22:13:04] [167/458] USCG
[22:13:06] [168/458] IOTG
[22:13:06] 🔄 Identity reset
[22:13:06] 🔄 Identity rotated (every 10 requests)
[22:13:07] [169/458] RRJM
[22:13:07] [170/458] EDMP
[22:13:08] [171/458] SCGZ
[22:13:09] [172/458] GMGX
[22:13:10] [173/458] OMTP
[22:13:11] [174/458] MITD
[22:13:12] [175/458] SMMD
[22:13:13] [176/458] STML
[22:13:14] [177/458] MCFS
[22:13:15] [178/458] FPKA
[22:13:16] 🔄 Identity reset
[22:13:16] 🔄 Identity rotated (every 10 requests)
[22:13:16] [179/458] OMLR
[22:13:17] [180/458] KKSC
[22:13:18] [181/458] RVMA
[22:13:20] [182/458] SCLL
[22:13:21] [183/458] SCDK
[22:13:23] [184/458] SXMI
[22:13:24] [185/458] SHDN
[22:13:25] [186/458] PAAD
[22:13:28] [187/458] UUCB
[22:13:29] [188/458] JHOL
[22:13:30] 🔄 Identity reset
[22:13:30] 🔄 Identity rotated (every 10 requests)
[22:13:30] [189/458] SGWT
[22:13:31] [190/458] SRII
[22:13:32] [191/458] SGCK
[22:13:35] [192/458] SVVB
[22:13:36] [193/458] DMHA
[22:13:37] [194/458] PPNL
[22:13:38] [195/458] CPNL
[22:13:39] [196/458] WVLD
[22:13:40] [197/458] PSLV
[22:13:41] [198/458] VTTL
[22:13:42] 🔄 Identity reset
[22:13:42] 🔄 Identity rotated (every 10 requests)
[22:13:42] [199/458] NPAD
[22:13:43] [200/458] PVCS
[22:13:44] [201/458] MCHL
[22:13:45] [202/458] PPLL
[22:13:46] [203/458] MALO
[22:13:47] [204/458] SWBH
[22:13:48] [205/458] PUGB
[22:13:49] [206/458] INBB
[22:13:50] [207/458] INNS
[22:13:51] [208/458] MCPT
[22:13:52] 🔄 Identity reset
[22:13:52] 🔄 Identity rotated (every 10 requests)
[22:13:53] [209/458] SCMI
[22:13:54] [210/458] OCON
[22:13:55] [211/458] SCSM
[22:13:56] [212/458] RJVN
[22:13:57] [213/458] AMDK
[22:13:58] [214/458] ISMR
[22:13:59] [215/458] SMTD
[22:14:00] [216/458] VTDD
[22:14:01] [217/458] PDDZ
[22:14:02] [218/458] PCCK
[22:14:03] 🔄 Identity reset
[22:14:03] 🔄 Identity rotated (every 10 requests)
[22:14:03] [219/458] INAM
[22:14:04] [220/458] FNKT
[22:14:05] [221/458] GDKA
[22:14:06] [222/458] MAYU
[22:14:07] [223/458] TCGU
[22:14:08] [224/458] KDCA
[22:14:09] [225/458] DOMY
[22:14:10] [226/458] PDDD
[22:14:11] [227/458] BJTS
[22:14:12] [228/458] VTCA
[22:14:12] 🔄 Identity reset
[22:14:12] 🔄 Identity rotated (every 10 requests)
[22:14:12] [229/458] SBTM
[22:14:14] [230/458] SEET
[22:14:14] [231/458] SSTJ
[22:14:16] [232/458] SVNT
[22:14:17] [233/458] PPPR
[22:14:18] [234/458] PVYS
[22:14:19] [235/458] IOSE
[22:14:20] [236/458] ACTV
[22:14:21] [237/458] APVE
[22:14:22] [238/458] TCCL
[22:14:23] 🔄 Identity reset
[22:14:23] 🔄 Identity rotated (every 10 requests)
[22:14:23] 🔄 Retry 1/5 for TCCL in 2.9s
[22:14:23] 🔄 Identity reset
[22:14:26] 🧠 New identity created
[22:14:27] [239/458] SCMO
[22:14:27] [240/458] SAUM
[22:14:28] [241/458] KCJS
[22:14:29] [242/458] NJCJ
[22:14:30] [243/458] NECF
[22:14:31] [244/458] CCGW
[22:14:32] [245/458] CCMG
[22:14:33] [246/458] NYRG
[22:14:35] [247/458] NCSQ
[22:14:35] 🔄 Identity reset
[22:14:35] 🔄 Identity rotated (every 10 requests)
[22:14:36] [248/458] GRCG
[22:14:37] [249/458] CCBT
[22:14:38] [250/458] ACGA
[22:14:38] [251/458] INAG
[22:14:39] [252/458] FUCG
[22:14:40] [253/458] AICF
[22:14:41] [254/458] GRGA
[22:14:42] [255/458] GDCN
[22:14:43] [256/458] RRCG
[22:14:44] [257/458] SDCH
[22:14:45] 🔄 Identity reset
[22:14:45] 🔄 Identity rotated (every 10 requests)
[22:14:45] [258/458] WVJM
[22:14:46] [259/458] JCCZ
[22:14:47] [260/458] CNCL
[22:14:48] [261/458] TMLV
[22:14:49] [262/458] MEMB
[22:14:50] [263/458] SGTD
[22:14:51] [264/458] CONX
[22:14:52] [265/458] CCMH
[22:14:53] [266/458] ACMC
[22:14:54] [267/458] DTPD
[22:14:55] 🔄 Identity reset
[22:14:55] 🔄 Identity rotated (every 10 requests)
[22:14:55] 🔄 Retry 1/5 for DTPD in 2.8s
[22:14:55] 🔄 Identity reset
[22:14:58] 🧠 New identity created
[22:14:59] [268/458] POJA
[22:15:00] [269/458] FNBH
[22:15:01] [270/458] CGCB
[22:15:02] [271/458] RACN
[22:15:05] [272/458] JTSM
[22:15:06] [273/458] SCDN
[22:15:07] [274/458] AACK
[22:15:08] [275/458] RMCE
[22:15:09] [276/458] BSGB
[22:15:10] 🔄 Identity reset
[22:15:10] 🔄 Identity rotated (every 10 requests)
[22:15:10] [277/458] MRCB
[22:15:11] [278/458] SRVR
[22:15:12] [279/458] VTKK
[22:15:13] [280/458] AMST
[22:15:14] [281/458] APCY
[22:15:15] [282/458] LMHO
[22:15:16] [283/458] MTZH
[22:15:17] [284/458] AMZB
[22:15:18] [285/458] SUVT
[22:15:19] [286/458] RCIP
[22:15:19] 🔄 Identity reset
[22:15:19] 🔄 Identity rotated (every 10 requests)
[22:15:20] [287/458] KESR
[22:15:21] [288/458] SNKC
[22:15:22] [289/458] SCED
[22:15:23] [290/458] DVCA
[22:15:24] [291/458] VCDT
[22:15:25] [292/458] RRDI
[22:15:26] [293/458] DFCH
[22:15:28] [294/458] INSC
[22:15:29] [295/458] RGTR
[22:15:30] [296/458] FMOT
[22:15:31] 🔄 Identity reset
[22:15:31] 🔄 Identity rotated (every 10 requests)
[22:15:31] 🔄 Retry 1/5 for FMOT in 2.9s
[22:15:31] 🔄 Identity reset
[22:15:34] 🧠 New identity created
[22:15:34] 🔄 Retry 2/5 for FMOT in 4.8s
[22:15:34] 🔄 Identity reset
[22:15:39] 🧠 New identity created
[22:15:39] [297/458] SCPM
[22:15:40] [298/458] GCDT
[22:15:41] [299/458] BRKT
[22:15:42] [300/458] DEMP
[22:15:43] [301/458] SRLC
[22:15:44] [302/458] KSTT
[22:15:45] [303/458] SMMT
[22:15:46] [304/458] SILM
[22:15:47] 🔄 Identity reset
[22:15:47] 🔄 Identity rotated (every 10 requests)
[22:15:47] [305/458] JCVM
[22:15:49] [306/458] KCSV
[22:15:50] [307/458] MHLK
[22:15:51] [308/458] SLVL
[22:15:52] [309/458] RJKP
[22:15:53] [310/458] BBPC
[22:15:54] [311/458] MXCB
[22:15:55] [312/458] TCPK
[22:15:56] [313/458] RTBR
[22:15:57] [314/458] GAUT
[22:15:58] 🔄 Identity reset
[22:15:58] 🔄 Identity rotated (every 10 requests)
[22:15:58] [315/458] DVCF
[22:16:00] [316/458] JTSB
[22:16:01] [317/458] SBLS
[22:16:02] [318/458] UDAY
[22:16:04] [319/458] PTNP
[22:16:04] [320/458] DMKT
[22:16:05] [321/458] NTDT
[22:16:06] [322/458] SHDJ
[22:16:07] [323/458] OTNC
[22:16:08] [324/458] RNTW
[22:16:09] 🔄 Identity reset
[22:16:09] 🔄 Identity rotated (every 10 requests)
[22:16:10] [325/458] GCMI
[22:16:11] [326/458] CRCM
[22:16:12] [327/458] NNCZ
[22:16:13] [328/458] OEMO
[22:16:14] [329/458] PVJM
[22:16:15] [330/458] CPJI
[22:16:16] [331/458] RMCJ
[22:16:17] [332/458] CNWJ
[22:16:18] [333/458] EPJM
[22:16:19] [334/458] FNJJ
[22:16:19] 🔄 Identity reset
[22:16:19] 🔄 Identity rotated (every 10 requests)
[22:16:20] [335/458] GCMJ
[22:16:21] [336/458] INPS
[22:16:22] [337/458] BICJ
[22:16:23] [338/458] ISTJ
[22:16:24] [339/458] INJC
[22:16:26] [340/458] GLXJ
[22:16:26] [341/458] INEM
[22:16:28] [342/458] JTMN
[22:16:29] [343/458] FRCJ
[22:16:31] [344/458] DDJP
[22:16:31] 🔄 Identity reset
[22:16:31] 🔄 Identity rotated (every 10 requests)
[22:16:32] [345/458] INJV
[22:16:32] [346/458] GOLC
[22:16:33] [347/458] KOCI
[22:16:34] [348/458] FSTD
[22:16:35] [349/458] PACJ
[22:16:36] [350/458] GMCN
[22:16:37] [351/458] MMDJ
[22:16:38] [352/458] GODH
[22:16:39] [353/458] SKYN
[22:16:40] [354/458] NCTH
[22:16:40] 🔄 Identity reset
[22:16:40] 🔄 Identity rotated (every 10 requests)
[22:16:41] [355/458] SKVZ
[22:16:44] [356/458] SVML
[22:16:46] [357/458] ACVZ
[22:16:47] [358/458] SURA
[22:16:48] [359/458] RTRB
[22:16:49] [360/458] LLCT
[22:16:50] [361/458] ATTS
[22:16:51] [362/458] JYCM
[22:16:52] [363/458] CTKR
[22:16:53] [364/458] LCKR
[22:16:53] 🔄 Identity reset
[22:16:53] 🔄 Identity rotated (every 10 requests)
[22:16:53] 🔄 Retry 1/5 for LCKR in 2.8s
[22:16:53] 🔄 Identity reset
[22:16:56] 🧠 New identity created
[22:16:57] [365/458] NYCV
[22:16:58] [366/458] NYOH
[22:16:59] [367/458] NOVX
[22:17:00] [368/458] MRGK
[22:17:01] [369/458] MOON
[22:17:01] [370/458] SBUC
[22:17:02] [371/458] GSVA
[22:17:03] [372/458] VIAK
[22:17:05] [373/458] SMVZ
[22:17:05] 🔄 Identity reset
[22:17:05] 🔄 Identity rotated (every 10 requests)
[22:17:06] [374/458] MATE
[22:17:07] [375/458] RDCN
[22:17:08] [376/458] ASBL
[22:17:09] [377/458] ASVS
[22:17:10] [378/458] ASSR
[22:17:11] [379/458] SSKN
[22:17:12] [380/458] DRPV
[22:17:13] [381/458] MRHT
[22:17:14] [382/458] BSCN
[22:17:15] [383/458] RKNX
[22:17:16] 🔄 Identity reset
[22:17:16] 🔄 Identity rotated (every 10 requests)
[22:17:16] [384/458] MSMC
[22:17:17] [385/458] MSCJ
[22:17:18] [386/458] BTBJ
[22:17:19] [387/458] MJCC
[22:17:20] [388/458] IOMM
[22:17:21] [389/458] ADGR
[22:17:22] [390/458] MYCP
[22:17:23] [391/458] IGCM
[22:17:24] [392/458] PGRK
[22:17:25] [393/458] VPGO
[22:17:25] 🔄 Identity reset
[22:17:25] 🔄 Identity rotated (every 10 requests)
[22:17:26] [394/458] KOMS
[22:17:27] [395/458] URGG
[22:17:28] [396/458] GOST
[22:17:30] [397/458] LACT
[22:17:31] [398/458] BWCM
[22:17:33] [399/458] NCCW
[22:17:33] [400/458] SKYC
[22:17:34] [401/458] CCPM
[22:17:35] [402/458] VCBT
[22:17:36] [403/458] SDKR
[22:17:37] 🔄 Identity reset
[22:17:37] 🔄 Identity rotated (every 10 requests)
[22:17:37] [404/458] CTYB
[22:17:38] [405/458] SHCX
[22:17:39] [406/458] RCUN
[22:17:40] [407/458] CNRA
[22:17:41] [408/458] RFCA
[22:17:42] [409/458] RDCU
[22:17:43] [410/458] SARK
[22:17:44] [411/458] SPPP
[22:17:46] [412/458] ADMB
[22:17:46] [413/458] JYOE
[22:17:47] 🔄 Identity reset
[22:17:47] 🔄 Identity rotated (every 10 requests)
[22:17:47] 🔄 Retry 1/5 for JYOE in 2.5s
[22:17:47] 🔄 Identity reset
[22:17:50] 🧠 New identity created
[22:17:50] 🔄 Retry 2/5 for JYOE in 4.9s
[22:17:50] 🔄 Identity reset
[22:17:55] 🧠 New identity created
[22:17:55] [414/458] SRMD
[22:17:56] [415/458] RJDH
[22:17:57] [416/458] SSTD
[22:17:58] [417/458] AACV
[22:17:59] [418/458] PPVD
[22:17:59] [419/458] STCP
[22:18:00] [420/458] ANLS
[22:18:02] [421/458] BIJO
[22:18:03] 🔄 Identity reset
[22:18:03] 🔄 Identity rotated (every 10 requests)
[22:18:03] 🔄 Retry 1/5 for BIJO in 2.6s
[22:18:03] 🔄 Identity reset
[22:18:06] 🧠 New identity created
[22:18:06] [422/458] AVAB
[22:18:07] [423/458] SPMD
[22:18:08] [424/458] SVJL
[22:18:09] [425/458] SDDJ
[22:18:10] [426/458] SLTU
[22:18:11] [427/458] SAKA
[22:18:12] [428/458] PMAM
[22:18:14] [429/458] FNAM
[22:18:15] [430/458] ACAM
[22:18:16] 🔄 Identity reset
[22:18:16] 🔄 Identity rotated (every 10 requests)
[22:18:16] 🔄 Retry 1/5 for ACAM in 2.1s
[22:18:16] 🔄 Identity reset
[22:18:18] 🧠 New identity created
[22:18:18] [431/458] SCMM
[22:18:19] [432/458] PMAK
[22:18:20] [433/458] NYSA
[22:18:21] [434/458] FCPA
[22:18:22] [435/458] GDAN
[22:18:23] [436/458] RSCA
[22:18:25] [437/458] DMAN
[22:18:26] [438/458] DZCM
[22:18:27] [439/458] NSGL
[22:18:28] 🔄 Identity reset
[22:18:28] 🔄 Identity rotated (every 10 requests)
[22:18:28] [440/458] CCPP
[22:18:29] [441/458] PSMG
[22:18:31] [442/458] GSER
[22:18:32] [443/458] FCCT
[22:18:33] [444/458] FCTB
[22:18:34] [445/458] LCNK
[22:18:35] [446/458] SKTY
[22:18:36] [447/458] INAA
[22:18:37] [448/458] RCWN
[22:18:38] [449/458] VAIS
[22:18:38] 🔄 Identity reset
[22:18:38] 🔄 Identity rotated (every 10 requests)
[22:18:39] [450/458] CVMN
[22:18:40] [451/458] INTS
[22:18:40] [452/458] FRGS
[22:18:42] [453/458] DTCK
[22:18:43] [454/458] MCMH
[22:18:44] [455/458] ECRR
[22:18:45] [456/458] RLLP
[22:18:46] [457/458] CCSN
[22:18:47] [458/458] CCBA
[22:18:48] 🧹 Deduping shows
[22:18:48] ✅ DONE | Shows=121 | Movies=11
[07:13:12] 🚀 SCRIPT STARTED (enhanced anti‑detection)
[07:13:12] [1/458] MBDC
[07:13:13] 🧠 New identity created
[07:13:13] [2/458] CHKM
[07:13:14] [3/458] JTKZ
[07:13:15] [4/458] CMCT
[07:13:15] [5/458] ASHO
[07:13:16] [6/458] ECDG
[07:13:17] [7/458] SPAT
[07:13:18] [8/458] HILC
[07:13:19] [9/458] SPPH
[07:13:20] [10/458] SBHN
[07:13:20] 🔄 Identity reset
[07:13:20] 🔄 Identity rotated (every 10 requests)
[07:13:21] [11/458] RRCA
[07:13:22] [12/458] APAA
[07:13:23] [13/458] RAME
[07:13:24] [14/458] TMMS
[07:13:25] [15/458] BATK
[07:13:25] [16/458] LKOP
[07:13:26] [17/458] AMTT
[07:13:27] [18/458] PTGK
[07:13:28] [19/458] ANRS
[07:13:28] [20/458] VWBW
[07:13:29] 🔄 Identity reset
[07:13:29] 🔄 Identity rotated (every 10 requests)
[07:13:29] [21/458] SVFG
[07:13:30] [22/458] STAT
[07:13:31] [23/458] GDCV
[07:13:32] [24/458] VEBI
[07:13:33] [25/458] VDSS
[07:13:34] [26/458] NTHV
[07:13:34] [27/458] AOCH
[07:13:35] [28/458] KASR
[07:13:36] [29/458] AYCS
[07:13:36] [30/458] SHAI
[07:13:37] 🔄 Identity reset
[07:13:37] 🔄 Identity rotated (every 10 requests)
[07:13:37] 🔄 Retry 1/5 for SHAI in 2.2s
[07:13:37] 🔄 Identity reset
[07:13:39] 🧠 New identity created
[07:13:40] [31/458] SKPE
[07:13:41] [32/458] SBTA
[07:13:42] [33/458] RTTD
[07:13:42] [34/458] CCJD
[07:13:43] [35/458] RSJJ
[07:13:44] [36/458] RKND
[07:13:45] [37/458] SVTX
[07:13:46] [38/458] BAKM
[07:13:46] [39/458] SVDC
[07:13:47] 🔄 Identity reset
[07:13:47] 🔄 Identity rotated (every 10 requests)
[07:13:47] [40/458] MNCV
[07:13:48] [41/458] SJGC
[07:13:49] [42/458] MTPK
[07:13:50] [43/458] GATP
[07:13:50] [44/458] ABTS
[07:13:52] [45/458] ABDE
[07:13:53] [46/458] RCNM
[07:13:53] [47/458] KTHV
[07:13:54] [48/458] MDGJ
[07:13:55] [49/458] SMLM
[07:13:56] 🔄 Identity reset
[07:13:56] 🔄 Identity rotated (every 10 requests)
[07:13:56] [50/458] JTMA
[07:13:57] [51/458] ACKP
[07:13:58] [52/458] SRTA
[07:13:59] [53/458] STAY
[07:13:59] [54/458] MAVO
[07:14:00] [55/458] APTS
[07:14:01] [56/458] OMEA
[07:14:02] [57/458] TTFD
[07:14:03] [58/458] MJCU
[07:14:03] [59/458] CXTE
[07:14:04] 🔄 Identity reset
[07:14:04] 🔄 Identity rotated (every 10 requests)
[07:14:04] [60/458] CTPX
[07:14:05] [61/458] ASSL
[07:14:06] [62/458] CMVB
[07:14:07] [63/458] VPUR
[07:14:08] [64/458] JJDA
[07:14:09] [65/458] INBL
[07:14:10] [66/458] BIKB
[07:14:12] [67/458] NTBB
[07:14:12] [68/458] GLOB
[07:14:13] [69/458] SNTB
[07:14:14] 🔄 Identity reset
[07:14:14] 🔄 Identity rotated (every 10 requests)
[07:14:14] [70/458] CHGV
[07:14:15] [71/458] SSBZ
[07:14:16] [72/458] PRDB
[07:14:16] [73/458] ISMT
[07:14:17] [74/458] MCSD
[07:14:18] [75/458] JBTT
[07:14:19] [76/458] GEKR
[07:14:19] [77/458] PVUN
[07:14:20] [78/458] NRTB
[07:14:21] [79/458] PRAA
[07:14:22] 🔄 Identity reset
[07:14:22] 🔄 Identity rotated (every 10 requests)
[07:14:22] [80/458] PCBL
[07:14:23] [81/458] PTCM
[07:14:24] [82/458] KHNN
[07:14:25] [83/458] OMJE
[07:14:25] [84/458] STGN
[07:14:26] [85/458] RPMS
[07:14:27] [86/458] NWAD
[07:14:28] [87/458] BLCK
[07:14:29] [88/458] SVAA
[07:14:30] [89/458] URVM
[07:14:31] 🔄 Identity reset
[07:14:31] 🔄 Identity rotated (every 10 requests)
[07:14:31] 🔄 Retry 1/5 for URVM in 2.2s
[07:14:31] 🔄 Identity reset
[07:14:33] 🧠 New identity created
[07:14:33] [90/458] ANTM
[07:14:34] [91/458] VJYM
[07:14:35] [92/458] MAZZ
[07:14:35] [93/458] CSHM
[07:14:36] [94/458] WGMH
[07:14:38] [95/458] SALN
[07:14:38] [96/458] BRTP
[07:14:39] [97/458] SVTA
[07:14:40] [98/458] SBTP
[07:14:41] 🔄 Identity reset
[07:14:41] 🔄 Identity rotated (every 10 requests)
[07:14:41] [99/458] VLSS
[07:14:42] [100/458] SRJA
[07:14:43] [101/458] ANCG
[07:14:43] [102/458] CGGC
[07:14:44] [103/458] CRJA
[07:14:44] [104/458] USCR
[07:14:45] [105/458] MMEF
[07:14:46] [106/458] JCRJ
[07:14:46] [107/458] ADCM
[07:14:47] [108/458] BMYK
[07:14:48] 🔄 Identity reset
[07:14:48] 🔄 Identity rotated (every 10 requests)
[07:14:48] 🔄 Retry 1/5 for BMYK in 2.7s
[07:14:48] 🔄 Identity reset
[07:14:51] 🧠 New identity created
[07:14:51] 🔄 Retry 2/5 for BMYK in 4.9s
[07:14:51] 🔄 Identity reset
[07:14:56] 🧠 New identity created
[07:14:56] [109/458] KICS
[07:14:57] [110/458] MBBT
[07:14:57] [111/458] MACK
[07:14:58] [112/458] CLDR
[07:14:59] [113/458] JYCR
[07:15:00] [114/458] DCRP
[07:15:00] [115/458] RAHT
[07:15:01] [116/458] CSSM
[07:15:02] 🔄 Identity reset
[07:15:02] 🔄 Identity rotated (every 10 requests)
[07:15:02] 🔄 Retry 1/5 for CSSM in 2.5s
[07:15:02] 🔄 Identity reset
[07:15:04] 🧠 New identity created
[07:15:05] [117/458] ATPK
[07:15:05] [118/458] KLRT
[07:15:06] [119/458] SRDD
[07:15:07] [120/458] CKMC
[07:15:08] [121/458] KRVM
[07:15:09] [122/458] AKCP
[07:15:09] [123/458] CNCV
[07:15:10] [124/458] PACT
[07:15:11] [125/458] NATP
[07:15:11] 🔄 Identity reset
[07:15:11] 🔄 Identity rotated (every 10 requests)
[07:15:12] [126/458] PCPK
[07:15:12] [127/458] SMHO
[07:15:13] [128/458] CWTK
[07:15:14] [129/458] RVKZ
[07:15:14] [130/458] ASPD
[07:15:15] [131/458] VTKZ
[07:15:16] [132/458] LCSO
[07:15:17] [133/458] PRDY
[07:15:18] [134/458] RCAP
[07:15:19] [135/458] RGAR
[07:15:19] 🔄 Identity reset
[07:15:19] 🔄 Identity rotated (every 10 requests)
[07:15:20] [136/458] RCAC
[07:15:21] [137/458] PMOD
[07:15:22] [138/458] PVCN
[07:15:22] [139/458] SCRZ
[07:15:23] [140/458] PVPC
[07:15:24] [141/458] STID
[07:15:25] [142/458] NEDD
[07:15:26] [143/458] BNBA
[07:15:27] [144/458] NTCD
[07:15:29] [145/458] OCDE
[07:15:29] 🔄 Identity reset
[07:15:29] 🔄 Identity rotated (every 10 requests)
[07:15:30] [146/458] CCDU
[07:15:31] [147/458] CRXH
[07:15:32] [148/458] VLVT
[07:15:32] [149/458] CICI
[07:15:33] [150/458] SUCB
[07:15:34] [151/458] TCBP
[07:15:35] [152/458] SCCY
[07:15:36] [153/458] LXCY
[07:15:37] [154/458] NCMD
[07:15:37] [155/458] PHCS
[07:15:38] 🔄 Identity reset
[07:15:38] 🔄 Identity rotated (every 10 requests)
[07:15:38] [156/458] DUXR
[07:15:39] [157/458] VNKS
[07:15:40] [158/458] SEDP
[07:15:41] [159/458] SVEN
[07:15:42] [160/458] SRKM
[07:15:43] [161/458] JTLT
[07:15:43] [162/458] SVSS
[07:15:44] [163/458] AMDE
[07:15:46] [164/458] WVRN
[07:15:47] [165/458] ISMG
[07:15:47] 🔄 Identity reset
[07:15:47] 🔄 Identity rotated (every 10 requests)
[07:15:48] 🔄 Retry 1/5 for ISMG in 2.2s
[07:15:48] 🔄 Identity reset
[07:15:50] 🧠 New identity created
[07:15:50] [166/458] WVKS
[07:15:51] [167/458] USCG
[07:15:51] [168/458] IOTG
[07:15:52] [169/458] RRJM
[07:15:53] [170/458] EDMP
[07:15:53] [171/458] SCGZ
[07:15:54] [172/458] GMGX
[07:15:55] [173/458] OMTP
[07:15:56] [174/458] MITD
[07:15:56] 🔄 Identity reset
[07:15:56] 🔄 Identity rotated (every 10 requests)
[07:15:56] 🔄 Retry 1/5 for MITD in 2.3s
[07:15:56] 🔄 Identity reset
[07:15:59] 🧠 New identity created
[07:15:59] 🔄 Retry 2/5 for MITD in 4.3s
[07:15:59] 🔄 Identity reset
[07:16:03] 🧠 New identity created
[07:16:03] [175/458] SMMD
[07:16:04] [176/458] STML
[07:16:05] [177/458] MCFS
[07:16:06] [178/458] FPKA
[07:16:07] [179/458] OMLR
[07:16:07] [180/458] KKSC
[07:16:08] [181/458] RVMA
[07:16:09] [182/458] SCLL
[07:16:10] 🔄 Identity reset
[07:16:10] 🔄 Identity rotated (every 10 requests)
[07:16:11] [183/458] SCDK
[07:16:12] [184/458] SXMI
[07:16:12] [185/458] SHDN
[07:16:13] [186/458] PAAD
[07:16:14] [187/458] UUCB
[07:16:15] [188/458] JHOL
[07:16:15] [189/458] SGWT
[07:16:16] [190/458] SRII
[07:16:17] [191/458] SGCK
[07:16:18] [192/458] SVVB
[07:16:19] 🔄 Identity reset
[07:16:19] 🔄 Identity rotated (every 10 requests)
[07:16:19] [193/458] DMHA
[07:16:20] [194/458] PPNL
[07:16:21] [195/458] CPNL
[07:16:22] [196/458] WVLD
[07:16:23] [197/458] PSLV
[07:16:24] [198/458] VTTL
[07:16:25] [199/458] NPAD
[07:16:25] [200/458] PVCS
[07:16:26] [201/458] MCHL
[07:16:28] [202/458] PPLL
[07:16:28] 🔄 Identity reset
[07:16:28] 🔄 Identity rotated (every 10 requests)
[07:16:28] 🔄 Retry 1/5 for PPLL in 2.0s
[07:16:28] 🔄 Identity reset
[07:16:30] 🧠 New identity created
[07:16:30] 🔄 Retry 2/5 for PPLL in 4.3s
[07:16:30] 🔄 Identity reset
[07:16:35] 🧠 New identity created
[07:16:35] [203/458] MALO
[07:16:36] [204/458] SWBH
[07:16:37] [205/458] PUGB
[07:16:38] [206/458] INBB
[07:16:39] [207/458] INNS
[07:16:39] [208/458] MCPT
[07:16:40] [209/458] SCMI
[07:16:41] [210/458] OCON
[07:16:42] 🔄 Identity reset
[07:16:42] 🔄 Identity rotated (every 10 requests)
[07:16:42] [211/458] SCSM
[07:16:43] [212/458] RJVN
[07:16:44] [213/458] AMDK
[07:16:45] [214/458] ISMR
[07:16:45] [215/458] SMTD
[07:16:46] [216/458] VTDD
[07:16:47] [217/458] PDDZ
[07:16:48] [218/458] PCCK
[07:16:48] [219/458] INAM
[07:16:49] [220/458] FNKT
[07:16:50] 🔄 Identity reset
[07:16:50] 🔄 Identity rotated (every 10 requests)
[07:16:50] [221/458] GDKA
[07:16:51] [222/458] MAYU
[07:16:52] [223/458] TCGU
[07:16:53] [224/458] KDCA
[07:16:54] [225/458] DOMY
[07:16:55] [226/458] PDDD
[07:16:56] [227/458] BJTS
[07:16:56] [228/458] VTCA
[07:16:57] [229/458] SBTM
[07:16:58] [230/458] SEET
[07:16:58] 🔄 Identity reset
[07:16:58] 🔄 Identity rotated (every 10 requests)
[07:16:59] [231/458] SSTJ
[07:17:00] [232/458] SVNT
[07:17:00] [233/458] PPPR
[07:17:01] [234/458] PVYS
[07:17:01] [235/458] IOSE
[07:17:02] [236/458] ACTV
[07:17:03] [237/458] APVE
[07:17:03] [238/458] TCCL
[07:17:04] [239/458] SCMO
[07:17:05] [240/458] SAUM
[07:17:05] 🔄 Identity reset
[07:17:05] 🔄 Identity rotated (every 10 requests)
[07:17:05] 🔄 Retry 1/5 for SAUM in 2.2s
[07:17:05] 🔄 Identity reset
[07:17:08] 🧠 New identity created
[07:17:08] [241/458] KCJS
[07:17:09] [242/458] NJCJ
[07:17:10] [243/458] NECF
[07:17:10] [244/458] CCGW
[07:17:11] [245/458] CCMG
[07:17:12] [246/458] NYRG
[07:17:13] [247/458] NCSQ
[07:17:14] [248/458] GRCG
[07:17:15] [249/458] CCBT
[07:17:15] 🔄 Identity reset
[07:17:15] 🔄 Identity rotated (every 10 requests)
[07:17:16] [250/458] ACGA
[07:17:17] [251/458] INAG
[07:17:18] [252/458] FUCG
[07:17:19] [253/458] AICF
[07:17:20] [254/458] GRGA
[07:17:20] [255/458] GDCN
[07:17:21] [256/458] RRCG
[07:17:22] [257/458] SDCH
[07:17:22] [258/458] WVJM
[07:17:24] [259/458] JCCZ
[07:17:25] 🔄 Identity reset
[07:17:25] 🔄 Identity rotated (every 10 requests)
[07:17:25] [260/458] CNCL
[07:17:26] [261/458] TMLV
[07:17:27] [262/458] MEMB
[07:17:28] [263/458] SGTD
[07:17:29] [264/458] CONX
[07:17:29] [265/458] CCMH
[07:17:30] [266/458] ACMC
[07:17:31] [267/458] DTPD
[07:17:32] [268/458] POJA
[07:17:33] [269/458] FNBH
[07:17:34] 🔄 Identity reset
[07:17:34] 🔄 Identity rotated (every 10 requests)
[07:17:34] 🔄 Retry 1/5 for FNBH in 2.9s
[07:17:34] 🔄 Identity reset
[07:17:37] 🧠 New identity created
[07:17:37] [270/458] CGCB
[07:17:38] [271/458] RACN
[07:17:39] [272/458] JTSM
[07:17:39] [273/458] SCDN
[07:17:40] [274/458] AACK
[07:17:41] [275/458] RMCE
[07:17:42] [276/458] BSGB
[07:17:43] [277/458] MRCB
[07:17:44] [278/458] SRVR
[07:17:44] 🔄 Identity reset
[07:17:44] 🔄 Identity rotated (every 10 requests)
[07:17:44] 🔄 Retry 1/5 for SRVR in 2.6s
[07:17:44] 🔄 Identity reset
[07:17:47] 🧠 New identity created
[07:17:47] 🔄 Retry 2/5 for SRVR in 4.3s
[07:17:47] 🔄 Identity reset
[07:17:51] 🧠 New identity created
[07:17:52] 🔄 Retry 3/5 for SRVR in 8.5s
[07:17:52] 🔄 Identity reset
[07:18:00] 🧠 New identity created
[07:18:00] [279/458] VTKK
[07:18:01] [280/458] AMST
[07:18:02] [281/458] APCY
[07:18:02] [282/458] LMHO
[07:18:03] [283/458] MTZH
[07:18:04] [284/458] AMZB
[07:18:05] [285/458] SUVT
[07:18:05] 🔄 Identity reset
[07:18:05] 🔄 Identity rotated (every 10 requests)
[07:18:06] [286/458] RCIP
[07:18:07] [287/458] KESR
[07:18:07] [288/458] SNKC
[07:18:08] [289/458] SCED
[07:18:09] [290/458] DVCA
[07:18:09] [291/458] VCDT
[07:18:10] [292/458] RRDI
[07:18:10] [293/458] DFCH
[07:18:11] [294/458] INSC
[07:18:12] [295/458] RGTR
[07:18:13] 🔄 Identity reset
[07:18:13] 🔄 Identity rotated (every 10 requests)
[07:18:13] [296/458] FMOT
[07:18:14] [297/458] SCPM
[07:18:14] [298/458] GCDT
[07:18:15] [299/458] BRKT
[07:18:16] [300/458] DEMP
[07:18:17] [301/458] SRLC
[07:18:17] [302/458] KSTT
[07:18:18] [303/458] SMMT
[07:18:19] [304/458] SILM
[07:18:20] [305/458] JCVM
[07:18:20] 🔄 Identity reset
[07:18:20] 🔄 Identity rotated (every 10 requests)
[07:18:21] [306/458] KCSV
[07:18:23] [307/458] MHLK
[07:18:23] [308/458] SLVL
[07:18:24] [309/458] RJKP
[07:18:25] [310/458] BBPC
[07:18:26] [311/458] MXCB
[07:18:27] [312/458] TCPK
[07:18:28] [313/458] RTBR
[07:18:29] [314/458] GAUT
[07:18:30] [315/458] DVCF
[07:18:30] 🔄 Identity reset
[07:18:30] 🔄 Identity rotated (every 10 requests)
[07:18:31] [316/458] JTSB
[07:18:32] [317/458] SBLS
[07:18:33] [318/458] UDAY
[07:18:33] [319/458] PTNP
[07:18:34] [320/458] DMKT
[07:18:35] [321/458] NTDT
[07:18:36] [322/458] SHDJ
[07:18:37] [323/458] OTNC
[07:18:39] [324/458] RNTW
[07:18:39] [325/458] GCMI
[07:18:40] 🔄 Identity reset
[07:18:40] 🔄 Identity rotated (every 10 requests)
[07:18:40] [326/458] CRCM
[07:18:41] [327/458] NNCZ
[07:18:42] [328/458] OEMO
[07:18:43] [329/458] PVJM
[07:18:44] [330/458] CPJI
[07:18:45] [331/458] RMCJ
[07:18:46] [332/458] CNWJ
[07:18:47] [333/458] EPJM
[07:18:48] [334/458] FNJJ
[07:18:49] [335/458] GCMJ
[07:18:50] 🔄 Identity reset
[07:18:50] 🔄 Identity rotated (every 10 requests)
[07:18:50] [336/458] INPS
[07:18:51] [337/458] BICJ
[07:18:52] [338/458] ISTJ
[07:18:52] [339/458] INJC
[07:18:54] [340/458] GLXJ
[07:18:55] [341/458] INEM
[07:18:56] [342/458] JTMN
[07:18:56] [343/458] FRCJ
[07:18:57] [344/458] DDJP
[07:18:58] [345/458] INJV
[07:18:59] 🔄 Identity reset
[07:18:59] 🔄 Identity rotated (every 10 requests)
[07:18:59] [346/458] GOLC
[07:19:00] [347/458] KOCI
[07:19:01] [348/458] FSTD
[07:19:01] [349/458] PACJ
[07:19:02] [350/458] GMCN
[07:19:03] [351/458] MMDJ
[07:19:03] [352/458] GODH
[07:19:04] [353/458] SKYN
[07:19:05] [354/458] NCTH
[07:19:06] [355/458] SKVZ
[07:19:06] 🔄 Identity reset
[07:19:06] 🔄 Identity rotated (every 10 requests)
[07:19:06] 🔄 Retry 1/5 for SKVZ in 2.5s
[07:19:06] 🔄 Identity reset
[07:19:09] 🧠 New identity created
[07:19:09] 🔄 Retry 2/5 for SKVZ in 4.9s
[07:19:09] 🔄 Identity reset
[07:19:14] 🧠 New identity created
[07:19:14] [356/458] SVML
[07:19:15] [357/458] ACVZ
[07:19:16] [358/458] SURA
[07:19:17] [359/458] RTRB
[07:19:17] [360/458] LLCT
[07:19:18] [361/458] ATTS
[07:19:19] [362/458] JYCM
[07:19:20] [363/458] CTKR
[07:19:20] 🔄 Identity reset
[07:19:20] 🔄 Identity rotated (every 10 requests)
[07:19:20] [364/458] LCKR
[07:19:21] [365/458] NYCV
[07:19:22] [366/458] NYOH
[07:19:23] [367/458] NOVX
[07:19:24] [368/458] MRGK
[07:19:24] [369/458] MOON
[07:19:25] [370/458] SBUC
[07:19:26] [371/458] GSVA
[07:19:27] [372/458] VIAK
[07:19:28] [373/458] SMVZ
[07:19:28] 🔄 Identity reset
[07:19:28] 🔄 Identity rotated (every 10 requests)
[07:19:29] [374/458] MATE
[07:19:29] [375/458] RDCN
[07:19:30] [376/458] ASBL
[07:19:31] [377/458] ASVS
[07:19:31] [378/458] ASSR
[07:19:32] [379/458] SSKN
[07:19:33] [380/458] DRPV
[07:19:34] [381/458] MRHT
[07:19:34] [382/458] BSCN
[07:19:35] [383/458] RKNX
[07:19:36] 🔄 Identity reset
[07:19:36] 🔄 Identity rotated (every 10 requests)
[07:19:36] [384/458] MSMC
[07:19:37] [385/458] MSCJ
[07:19:38] [386/458] BTBJ
[07:19:39] [387/458] MJCC
[07:19:39] [388/458] IOMM
[07:19:40] [389/458] ADGR
[07:19:41] [390/458] MYCP
[07:19:41] [391/458] IGCM
[07:19:42] [392/458] PGRK
[07:19:43] [393/458] VPGO
[07:19:44] 🔄 Identity reset
[07:19:44] 🔄 Identity rotated (every 10 requests)
[07:19:44] [394/458] KOMS
[07:19:45] [395/458] URGG
[07:19:46] [396/458] GOST
[07:19:47] [397/458] LACT
[07:19:48] [398/458] BWCM
[07:19:48] [399/458] NCCW
[07:19:49] [400/458] SKYC
[07:19:50] [401/458] CCPM
[07:19:50] [402/458] VCBT
[07:19:51] [403/458] SDKR
[07:19:52] 🔄 Identity reset
[07:19:52] 🔄 Identity rotated (every 10 requests)
[07:19:53] [404/458] CTYB
[07:19:54] [405/458] SHCX
[07:19:54] [406/458] RCUN
[07:19:55] [407/458] CNRA
[07:19:55] [408/458] RFCA
[07:19:56] [409/458] RDCU
[07:19:57] [410/458] SARK
[07:19:58] [411/458] SPPP
[07:19:59] [412/458] ADMB
[07:20:00] [413/458] JYOE
[07:20:00] 🔄 Identity reset
[07:20:00] 🔄 Identity rotated (every 10 requests)
[07:20:00] 🔄 Retry 1/5 for JYOE in 2.9s
[07:20:00] 🔄 Identity reset
[07:20:03] 🧠 New identity created
[07:20:03] 🔄 Retry 2/5 for JYOE in 5.0s
[07:20:03] 🔄 Identity reset
[07:20:08] 🧠 New identity created
[07:20:09] [414/458] SRMD
[07:20:10] [415/458] RJDH
[07:20:10] [416/458] SSTD
[07:20:11] [417/458] AACV
[07:20:12] [418/458] PPVD
[07:20:13] [419/458] STCP
[07:20:14] [420/458] ANLS
[07:20:14] [421/458] BIJO
[07:20:15] 🔄 Identity reset
[07:20:15] 🔄 Identity rotated (every 10 requests)
[07:20:15] [422/458] AVAB
[07:20:16] [423/458] SPMD
[07:20:18] [424/458] SVJL
[07:20:18] [425/458] SDDJ
[07:20:19] [426/458] SLTU
[07:20:20] [427/458] SAKA
[07:20:21] [428/458] PMAM
[07:20:21] [429/458] FNAM
[07:20:22] [430/458] ACAM
[07:20:24] [431/458] SCMM
[07:20:24] 🔄 Identity reset
[07:20:24] 🔄 Identity rotated (every 10 requests)
[07:20:24] [432/458] PMAK
[07:20:25] [433/458] NYSA
[07:20:26] [434/458] FCPA
[07:20:26] [435/458] GDAN
[07:20:27] [436/458] RSCA
[07:20:29] [437/458] DMAN
[07:20:29] [438/458] DZCM
[07:20:30] [439/458] NSGL
[07:20:31] [440/458] CCPP
[07:20:32] [441/458] PSMG
[07:20:32] 🔄 Identity reset
[07:20:32] 🔄 Identity rotated (every 10 requests)
[07:20:33] [442/458] GSER
[07:20:34] [443/458] FCCT
[07:20:34] [444/458] FCTB
[07:20:36] [445/458] LCNK
[07:20:36] [446/458] SKTY
[07:20:38] [447/458] INAA
[07:20:39] [448/458] RCWN
[07:20:41] [449/458] VAIS
[07:20:41] [450/458] CVMN
[07:20:42] [451/458] INTS
[07:20:43] 🔄 Identity reset
[07:20:43] 🔄 Identity rotated (every 10 requests)
[07:20:43] [452/458] FRGS
[07:20:44] [453/458] DTCK
[07:20:45] [454/458] MCMH
[07:20:46] [455/458] ECRR
[07:20:47] [456/458] RLLP
[07:20:47] [457/458] CCSN
[07:20:48] [458/458] CCBA
[07:20:49] 🧹 Deduping shows
[07:20:49] ✅ DONE | Shows=138 | Movies=12
