[10:21:45] 🚀 SCRIPT STARTED (enhanced anti‑detection)
[10:21:45] [1/456] FNDB
[10:21:46] 🧠 New identity created
[10:21:46] 🔄 Retry 1/5 for FNDB in 2.2s
[10:21:46] 🔄 Identity reset
[10:21:48] 🧠 New identity created
[10:21:48] 🔄 Retry 2/5 for FNDB in 5.0s
[10:21:48] 🔄 Identity reset
[10:21:53] 🧠 New identity created
[10:21:53] 🔄 Retry 3/5 for FNDB in 8.5s
[10:21:53] 🔄 Identity reset
[10:22:02] 🧠 New identity created
[10:22:02] 🔄 Retry 4/5 for FNDB in 16.2s
[10:22:02] 🔄 Identity reset
[10:22:18] 🧠 New identity created
[10:22:18] ❌ FNDB failed after 5 attempts
[10:22:18] 🔄 Identity reset
[10:22:18] ❌ FNDB final failure | RuntimeError | HTTP 403
[10:22:18] [2/456] AMBH
[10:22:19] 🧠 New identity created
[10:22:19] 🔄 Retry 1/5 for AMBH in 2.2s
[10:22:19] 🔄 Identity reset
[10:22:21] 🧠 New identity created
[10:22:21] 🔄 Retry 2/5 for AMBH in 4.1s
[10:22:21] 🔄 Identity reset
[10:22:25] 🧠 New identity created
[10:22:25] 🔄 Retry 3/5 for AMBH in 8.8s
[10:22:25] 🔄 Identity reset
[10:22:34] 🧠 New identity created
[10:22:34] 🔄 Retry 4/5 for AMBH in 16.1s
[10:22:34] 🔄 Identity reset
[10:22:51] 🧠 New identity created
[10:22:51] 🔄 Identity reset
[10:22:51] 🔄 Identity rotated (every 10 requests)
[10:22:51] ❌ AMBH failed after 5 attempts
[10:22:51] 🔄 Identity reset
[10:22:51] ❌ AMBH final failure | RuntimeError | HTTP 403
[10:22:51] [3/456] PRHN
[10:22:52] 🧠 New identity created
[10:22:52] 🔄 Retry 1/5 for PRHN in 2.1s
[10:22:52] 🔄 Identity reset
[10:22:54] 🧠 New identity created
[10:22:54] 🔄 Retry 2/5 for PRHN in 4.5s
[10:22:54] 🔄 Identity reset
[10:22:59] 🧠 New identity created
[10:22:59] [4/456] ACPM
[10:23:00] [5/456] PVFS
[10:23:01] [6/456] AACN
[10:23:01] [7/456] ACAS
[10:23:02] [8/456] CTNR
[10:23:03] [9/456] MMAH
[10:23:04] [10/456] CPMH
[10:23:05] 🔄 Identity reset
[10:23:05] 🔄 Identity rotated (every 10 requests)
[10:23:05] [11/456] IGMH
[10:23:06] [12/456] ABCS
[10:23:07] [13/456] CMMA
[10:23:07] [14/456] GPRH
[10:23:08] [15/456] PNNG
[10:23:09] [16/456] AMCA
[10:23:10] [17/456] ISTN
[10:23:11] [18/456] PIIC
[10:23:12] [19/456] AHMH
[10:23:12] [20/456] ASHN
[10:23:13] 🔄 Identity reset
[10:23:13] 🔄 Identity rotated (every 10 requests)
[10:23:13] [21/456] INHY
[10:23:14] [22/456] SRMO
[10:23:15] [23/456] PIMH
[10:23:16] [24/456] PVTS
[10:23:17] [25/456] MMCA
[10:23:17] [26/456] AKYJ
[10:23:18] [27/456] BRKH
[10:23:19] [28/456] MAHM
[10:23:20] [29/456] CPHY
[10:23:21] [30/456] PVTP
[10:23:22] 🔄 Identity reset
[10:23:22] 🔄 Identity rotated (every 10 requests)
[10:23:22] [31/456] SMMR
[10:23:23] [32/456] PVHM
[10:23:24] [33/456] SNDY
[10:23:25] [34/456] GOKU
[10:23:26] [35/456] ACEV
[10:23:27] [36/456] PVUM
[10:23:28] [37/456] VSWA
[10:23:29] [38/456] IPRS
[10:23:29] [39/456] BKMV
[10:23:30] [40/456] PVYH
[10:23:31] 🔄 Identity reset
[10:23:31] 🔄 Identity rotated (every 10 requests)
[10:23:31] 🔄 Retry 1/5 for PVYH in 2.4s
[10:23:31] 🔄 Identity reset
[10:23:33] 🧠 New identity created
[10:23:34] 🔄 Retry 2/5 for PVYH in 4.5s
[10:23:34] 🔄 Identity reset
[10:23:38] 🧠 New identity created
[10:23:38] 🔄 Retry 3/5 for PVYH in 8.6s
[10:23:38] 🔄 Identity reset
[10:23:47] 🧠 New identity created
[10:23:47] 🔄 Retry 4/5 for PVYH in 16.3s
[10:23:47] 🔄 Identity reset
[10:24:03] 🧠 New identity created
[10:24:03] [41/456] INKM
[10:24:04] [42/456] ARJU
[10:24:05] [43/456] JJPP
[10:24:06] [44/456] SSRM
[10:24:07] [45/456] HMHD
[10:24:08] [46/456] SNKH
[10:24:09] 🔄 Identity reset
[10:24:09] 🔄 Identity rotated (every 10 requests)
[10:24:09] [47/456] ACHI
[10:24:10] [48/456] MRAA
[10:24:11] [49/456] INMH
[10:24:11] [50/456] ARMH
[10:24:12] [51/456] DVRR
[10:24:13] [52/456] SUDA
[10:24:14] [53/456] MCSS
[10:24:15] [54/456] VRKC
[10:24:16] [55/456] PRCX
[10:24:17] [56/456] ASJY
[10:24:18] 🔄 Identity reset
[10:24:18] 🔄 Identity rotated (every 10 requests)
[10:24:18] [57/456] MTHY
[10:24:19] [58/456] SRCM
[10:24:20] [59/456] TVHY
[10:24:21] [60/456] STHD
[10:24:22] [61/456] CPCL
[10:24:22] [62/456] PSMJ
[10:24:23] [63/456] MRGT
[10:24:25] [64/456] ARYH
[10:24:26] [65/456] VTRB
[10:24:27] [66/456] SCHC
[10:24:27] 🔄 Identity reset
[10:24:27] 🔄 Identity rotated (every 10 requests)
[10:24:27] 🔄 Retry 1/5 for SCHC in 2.7s
[10:24:27] 🔄 Identity reset
[10:24:30] 🧠 New identity created
[10:24:30] 🔄 Retry 2/5 for SCHC in 4.7s
[10:24:30] 🔄 Identity reset
[10:24:35] 🧠 New identity created
[10:24:35] 🔄 Retry 3/5 for SCHC in 8.4s
[10:24:35] 🔄 Identity reset
[10:24:43] 🧠 New identity created
[10:24:43] 🔄 Retry 4/5 for SCHC in 16.2s
[10:24:43] 🔄 Identity reset
[10:25:00] 🧠 New identity created
[10:25:00] ❌ SCHC failed after 5 attempts
[10:25:00] 🔄 Identity reset
[10:25:00] ❌ SCHC final failure | RuntimeError | HTTP 403
[10:25:00] [67/456] MRRG
[10:25:01] 🧠 New identity created
[10:25:01] 🔄 Retry 1/5 for MRRG in 2.0s
[10:25:01] 🔄 Identity reset
[10:25:03] 🧠 New identity created
[10:25:03] [68/456] SPCB
[10:25:04] [69/456] AMCM
[10:25:05] [70/456] IVNM
[10:25:06] [71/456] TRHY
[10:25:06] 🔄 Identity reset
[10:25:06] 🔄 Identity rotated (every 10 requests)
[10:25:07] [72/456] PTTH
[10:25:07] [73/456] RKMH
[10:25:08] [74/456] PRCS
[10:25:09] [75/456] VAJA
[10:25:10] [76/456] BJNG
[10:25:11] [77/456] SCVM
[10:25:12] [78/456] GNHB
[10:25:13] [79/456] TLUR
[10:25:13] [80/456] UKCC
[10:25:14] [81/456] SRKR
[10:25:15] 🔄 Identity reset
[10:25:15] 🔄 Identity rotated (every 10 requests)
[10:25:15] [82/456] RMKN
[10:25:16] [83/456] SLRT
[10:25:17] [84/456] LKMT
[10:25:18] [85/456] SSRJ
[10:25:20] [86/456] SPHT
[10:25:21] [87/456] ANTT
[10:25:22] [88/456] SRCH
[10:25:22] [89/456] SRCA
[10:25:23] [90/456] ARTH
[10:25:25] [91/456] MCBH
[10:25:25] 🔄 Identity reset
[10:25:26] 🔄 Identity rotated (every 10 requests)
[10:25:26] [92/456] SNIB
[10:25:27] [93/456] SART
[10:25:28] [94/456] SKTA
[10:25:30] [95/456] YAKT
[10:25:31] [96/456] MLCK
[10:25:32] [97/456] ANTS
[10:25:34] [98/456] DGCA
[10:25:35] [99/456] SGMP
[10:25:36] [100/456] ASWN
[10:25:37] [101/456] KFVU
[10:25:37] 🔄 Identity reset
[10:25:37] 🔄 Identity rotated (every 10 requests)
[10:25:38] [102/456] POOR
[10:25:39] [103/456] GKDN
[10:25:40] [104/456] EOSE
[10:25:40] [105/456] GTTT
[10:25:41] [106/456] ARRO
[10:25:43] [107/456] CMMK
[10:25:44] [108/456] MSCN
[10:25:45] [109/456] GDKH
[10:25:45] [110/456] DLMT
[10:25:46] [111/456] PVMF
[10:25:47] 🔄 Identity reset
[10:25:47] 🔄 Identity rotated (every 10 requests)
[10:25:47] [112/456] CPCK
[10:25:48] [113/456] VMHE
[10:25:49] [114/456] PVLC
[10:25:50] [115/456] PCVB
[10:25:51] [116/456] SNYK
[10:25:52] [117/456] KTEK
[10:25:53] [118/456] PCNM
[10:25:54] [119/456] NTTR
[10:25:55] [120/456] CPSK
[10:25:56] [121/456] JMMA
[10:25:56] 🔄 Identity reset
[10:25:57] 🔄 Identity rotated (every 10 requests)
[10:25:57] 🔄 Retry 1/5 for JMMA in 2.7s
[10:25:57] 🔄 Identity reset
[10:25:59] 🧠 New identity created
[10:25:59] 🔄 Retry 2/5 for JMMA in 4.3s
[10:25:59] 🔄 Identity reset
[10:26:04] 🧠 New identity created
[10:26:04] 🔄 Retry 3/5 for JMMA in 8.1s
[10:26:04] 🔄 Identity reset
[10:26:12] 🧠 New identity created
[10:26:12] 🔄 Retry 4/5 for JMMA in 16.1s
[10:26:12] 🔄 Identity reset
[10:26:28] 🧠 New identity created
[10:26:28] ❌ JMMA failed after 5 attempts
[10:26:28] 🔄 Identity reset
[10:26:28] ❌ JMMA final failure | RuntimeError | HTTP 403
[10:26:28] [122/456] GCFK
[10:26:29] 🧠 New identity created
[10:26:29] [123/456] MYCA
[10:26:30] [124/456] KSNP
[10:26:32] [125/456] PMCE
[10:26:33] [126/456] SCKI
[10:26:34] [127/456] FSMA
[10:26:34] 🔄 Identity reset
[10:26:34] 🔄 Identity rotated (every 10 requests)
[10:26:34] 🔄 Retry 1/5 for FSMA in 2.6s
[10:26:34] 🔄 Identity reset
[10:26:37] 🧠 New identity created
[10:26:37] [128/456] CETA
[10:26:38] [129/456] MCIK
[10:26:39] [130/456] MYCR
[10:26:40] [131/456] EVMP
[10:26:41] [132/456] SSGT
[10:26:42] [133/456] KCTK
[10:26:44] [134/456] ZTKC
[10:26:45] [135/456] MMTA
[10:26:47] [136/456] MAJT
[10:26:47] 🔄 Identity reset
[10:26:47] 🔄 Identity rotated (every 10 requests)
[10:26:47] [137/456] ACPK
[10:26:49] [138/456] JMAX
[10:26:49] [139/456] SETK
[10:26:50] [140/456] CAIS
[10:26:51] [141/456] AGCD
[10:26:53] [142/456] URCL
[10:26:54] [143/456] VTDS
[10:26:54] [144/456] JCNM
[10:26:55] [145/456] KCAM
[10:26:57] [146/456] ADCU
[10:26:58] 🔄 Identity reset
[10:26:58] 🔄 Identity rotated (every 10 requests)
[10:26:58] 🔄 Retry 1/5 for ADCU in 2.9s
[10:26:58] 🔄 Identity reset
[10:27:01] 🧠 New identity created
[10:27:01] [147/456] GXYN
[10:27:02] [148/456] SMJG
[10:27:04] [149/456] EYCJ
[10:27:04] [150/456] CCEJ
[10:27:06] [151/456] MARS
[10:27:07] [152/456] CPVJ
[10:27:08] [153/456] INVP
[10:27:08] [154/456] CPOV
[10:27:09] [155/456] VIJK
[10:27:10] 🔄 Identity reset
[10:27:10] 🔄 Identity rotated (every 10 requests)
[10:27:10] [156/456] LAIM
[10:27:11] [157/456] STHV
[10:27:12] [158/456] SVLJ
[10:27:13] [159/456] ATVJ
[10:27:14] [160/456] JTSC
[10:27:15] [161/456] RMTV
[10:27:16] [162/456] MGGG
[10:27:17] [163/456] SWTH
[10:27:18] [164/456] INVJ
[10:27:19] [165/456] PRSV
[10:27:19] 🔄 Identity reset
[10:27:19] 🔄 Identity rotated (every 10 requests)
[10:27:19] 🔄 Retry 1/5 for PRSV in 3.0s
[10:27:19] 🔄 Identity reset
[10:27:22] 🧠 New identity created
[10:27:23] [166/456] JATV
[10:27:24] [167/456] RCVD
[10:27:24] [168/456] BDMA
[10:27:25] [169/456] BLJI
[10:27:26] [170/456] SWOT
[10:27:27] [171/456] SWRN
[10:27:28] [172/456] TVRA
[10:27:29] [173/456] NVRN
[10:27:30] [174/456] SIKC
[10:27:31] 🔄 Identity reset
[10:27:31] 🔄 Identity rotated (every 10 requests)
[10:27:31] 🔄 Retry 1/5 for SIKC in 2.4s
[10:27:31] 🔄 Identity reset
[10:27:33] 🧠 New identity created
[10:27:33] [175/456] VAKR
[10:27:34] [176/456] SYLN
[10:27:35] [177/456] KLJL
[10:27:36] [178/456] LKMY
[10:27:37] [179/456] VSLY
[10:27:38] [180/456] CIKO
[10:27:39] [181/456] GPBG
[10:27:39] [182/456] CECM
[10:27:40] [183/456] SLKB
[10:27:41] 🔄 Identity reset
[10:27:41] 🔄 Identity rotated (every 10 requests)
[10:27:41] [184/456] MTBO
[10:27:42] [185/456] SSHB
[10:27:43] [186/456] VPCS
[10:27:45] [187/456] RCSR
[10:27:46] [188/456] RJRM
[10:27:47] [189/456] KPPB
[10:27:47] [190/456] SEDC
[10:27:48] [191/456] SCAI
[10:27:50] [192/456] RMTR
[10:27:51] [193/456] ASST
[10:27:52] 🔄 Identity reset
[10:27:52] 🔄 Identity rotated (every 10 requests)
[10:27:52] 🔄 Retry 1/5 for ASST in 2.8s
[10:27:52] 🔄 Identity reset
[10:27:54] 🧠 New identity created
[10:27:55] 🔄 Retry 2/5 for ASST in 4.5s
[10:27:55] 🔄 Identity reset
[10:27:59] 🧠 New identity created
[10:27:59] 🔄 Retry 3/5 for ASST in 8.8s
[10:27:59] 🔄 Identity reset
[10:28:08] 🧠 New identity created
[10:28:08] 🔄 Retry 4/5 for ASST in 16.7s
[10:28:08] 🔄 Identity reset
[10:28:25] 🧠 New identity created
[10:28:25] [194/456] GCAK
[10:28:27] [195/456] ANNK
[10:28:28] [196/456] KDDF
[10:28:29] [197/456] NRDP
[10:28:29] [198/456] PLAK
[10:28:30] [199/456] GCMC
[10:28:31] 🔄 Identity reset
[10:28:31] 🔄 Identity rotated (every 10 requests)
[10:28:31] [200/456] ALPY
[10:28:32] [201/456] SICE
[10:28:33] [202/456] SISR
[10:28:34] [203/456] SRPZ
[10:28:35] [204/456] SRSW
[10:28:36] [205/456] SUYA
[10:28:37] [206/456] AMMT
[10:28:38] [207/456] BHCU
[10:28:39] [208/456] KLPA
[10:28:40] [209/456] NVKH
[10:28:40] 🔄 Identity reset
[10:28:40] 🔄 Identity rotated (every 10 requests)
[10:28:41] 🔄 Retry 1/5 for NVKH in 2.4s
[10:28:41] 🔄 Identity reset
[10:28:43] 🧠 New identity created
[10:28:43] 🔄 Retry 2/5 for NVKH in 4.9s
[10:28:43] 🔄 Identity reset
[10:28:48] 🧠 New identity created
[10:28:48] 🔄 Retry 3/5 for NVKH in 8.4s
[10:28:48] 🔄 Identity reset
[10:28:56] 🧠 New identity created
[10:28:56] 🔄 Retry 4/5 for NVKH in 16.6s
[10:28:56] 🔄 Identity reset
[10:29:13] 🧠 New identity created
[10:29:13] [210/456] JMRC
[10:29:14] [211/456] KTTT
[10:29:15] [212/456] MAGH
[10:29:16] [213/456] MMMX
[10:29:17] [214/456] SALJ
[10:29:18] [215/456] GTJA
[10:29:18] 🔄 Identity reset
[10:29:18] 🔄 Identity rotated (every 10 requests)
[10:29:19] [216/456] MAHT
[10:29:20] [217/456] SSNN
[10:29:20] [218/456] ARRP
[10:29:22] [219/456] ATNS
[10:29:23] [220/456] SKDT
[10:29:24] [221/456] ACAT
[10:29:25] [222/456] APRC
[10:29:26] [223/456] SWAG
[10:29:26] [224/456] SDPT
[10:29:27] [225/456] STPS
[10:29:27] 🔄 Identity reset
[10:29:27] 🔄 Identity rotated (every 10 requests)
[10:29:28] 🔄 Retry 1/5 for STPS in 2.9s
[10:29:28] 🔄 Identity reset
[10:29:30] 🧠 New identity created
[10:29:31] 🔄 Retry 2/5 for STPS in 4.0s
[10:29:31] 🔄 Identity reset
[10:29:35] 🧠 New identity created
[10:29:36] [226/456] WWCZ
[10:29:37] [227/456] LLCH
[10:29:38] [228/456] MZHA
[10:29:39] [229/456] CRJG
[10:29:40] [230/456] JGTK
[10:29:41] [231/456] KCSR
[10:29:42] [232/456] CHTL
[10:29:43] [233/456] EDSR
[10:29:43] 🔄 Identity reset
[10:29:43] 🔄 Identity rotated (every 10 requests)
[10:29:44] [234/456] CSWO
[10:29:45] [235/456] CPVM
[10:29:46] [236/456] MXBY
[10:29:46] [237/456] FMMA
[10:29:47] [238/456] POVI
[10:29:48] [239/456] MTHB
[10:29:49] [240/456] INRC
[10:29:50] [241/456] PIPP
[10:29:52] [242/456] BMXC
[10:29:53] [243/456] PCMM
[10:29:53] 🔄 Identity reset
[10:29:53] 🔄 Identity rotated (every 10 requests)
[10:29:53] 🔄 Retry 1/5 for PCMM in 2.1s
[10:29:53] 🔄 Identity reset
[10:29:56] 🧠 New identity created
[10:29:56] [244/456] PMKM
[10:29:57] [245/456] GATY
[10:29:58] [246/456] IMCM
[10:29:59] [247/456] POPE
[10:29:59] [248/456] MTCR
[10:30:00] [249/456] PVAE
[10:30:01] [250/456] PVMI
[10:30:02] [251/456] CPNM
[10:30:03] [252/456] FMRL
[10:30:04] 🔄 Identity reset
[10:30:04] 🔄 Identity rotated (every 10 requests)
[10:30:04] 🔄 Retry 1/5 for FMRL in 2.8s
[10:30:04] 🔄 Identity reset
[10:30:07] 🧠 New identity created
[10:30:07] [253/456] MCIW
[10:30:08] [254/456] MXBO
[10:30:10] [255/456] FMKY
[10:30:11] [256/456] FMDA
[10:30:12] [257/456] THAB
[10:30:13] [258/456] PRCW
[10:30:14] [259/456] PITI
[10:30:15] [260/456] MCFF
[10:30:16] [261/456] PDDV
[10:30:16] 🔄 Identity reset
[10:30:16] 🔄 Identity rotated (every 10 requests)
[10:30:17] [262/456] MCRM
[10:30:18] [263/456] KKMB
[10:30:18] [264/456] INKO
[10:30:19] [265/456] PLXP
[10:30:20] [266/456] MMHA
[10:30:21] [267/456] FMVS
[10:30:22] [268/456] POLM
[10:30:23] [269/456] STER
[10:30:24] [270/456] PVWJ
[10:30:25] [271/456] IMJW
[10:30:26] 🔄 Identity reset
[10:30:26] 🔄 Identity rotated (every 10 requests)
[10:30:26] [272/456] FNAN
[10:30:27] [273/456] CAGL
[10:30:28] [274/456] IPBG
[10:30:29] [275/456] SMFV
[10:30:30] [276/456] MMMR
[10:30:30] [277/456] MMWM
[10:30:31] [278/456] FNCM
[10:30:32] [279/456] MDVA
[10:30:33] [280/456] MMET
[10:30:34] [281/456] MIDO
[10:30:35] 🔄 Identity reset
[10:30:35] 🔄 Identity rotated (every 10 requests)
[10:30:35] [282/456] INNP
[10:30:36] [283/456] MIFU
[10:30:37] [284/456] MMSZ
[10:30:38] [285/456] BMXA
[10:30:38] [286/456] MCAA
[10:30:40] [287/456] SCVP
[10:30:41] [288/456] PLUS
[10:30:42] [289/456] MUCK
[10:30:43] [290/456] MTMA
[10:30:44] [291/456] HPVR
[10:30:44] 🔄 Identity reset
[10:30:44] 🔄 Identity rotated (every 10 requests)
[10:30:45] [292/456] PMPK
[10:30:47] [293/456] MAJB
[10:30:48] [294/456] CTRR
[10:30:48] [295/456] MCTG
[10:30:50] [296/456] MACE
[10:30:51] [297/456] AAAS
[10:30:52] [298/456] CPVV
[10:30:53] [299/456] RCHG
[10:30:54] [300/456] MCNE
[10:30:55] [301/456] EMNC
[10:30:55] 🔄 Identity reset
[10:30:55] 🔄 Identity rotated (every 10 requests)
[10:30:55] [302/456] MCAN
[10:30:56] [303/456] TCDM
[10:30:57] [304/456] IRGT
[10:30:58] [305/456] GCMG
[10:30:59] [306/456] MXSN
[10:31:00] [307/456] MXCK
[10:31:02] [308/456] MCRC
[10:31:02] [309/456] RSMI
[10:31:03] [310/456] WAML
[10:31:04] [311/456] MTSC
[10:31:05] 🔄 Identity reset
[10:31:05] 🔄 Identity rotated (every 10 requests)
[10:31:05] [312/456] FMDR
[10:31:06] [313/456] LEPV
[10:31:07] [314/456] MTGD
[10:31:08] [315/456] IMOB
[10:31:08] [316/456] CLMM
[10:31:09] [317/456] PZCD
[10:31:11] [318/456] GOCS
[10:31:12] [319/456] KCMA
[10:31:13] [320/456] CCMP
[10:31:14] [321/456] MTSU
[10:31:14] 🔄 Identity reset
[10:31:14] 🔄 Identity rotated (every 10 requests)
[10:31:14] 🔄 Retry 1/5 for MTSU in 2.4s
[10:31:14] 🔄 Identity reset
[10:31:17] 🧠 New identity created
[10:31:17] 🔄 Retry 2/5 for MTSU in 4.4s
[10:31:17] 🔄 Identity reset
[10:31:21] 🧠 New identity created
[10:31:21] [322/456] SNGL
[10:31:22] [323/456] MMMC
[10:31:23] [324/456] MMAA
[10:31:24] [325/456] GCDM
[10:31:25] [326/456] KTMV
[10:31:26] [327/456] AETE
[10:31:27] [328/456] OMCS
[10:31:27] [329/456] GDCD
[10:31:28] 🔄 Identity reset
[10:31:28] 🔄 Identity rotated (every 10 requests)
[10:31:28] [330/456] NYMD
[10:31:29] [331/456] RNCV
[10:31:30] [332/456] KKMT
[10:31:32] [333/456] GDTH
[10:31:33] [334/456] KMMV
[10:31:33] [335/456] NHCG
[10:31:34] [336/456] PJDW
[10:31:35] [337/456] MMCV
[10:31:36] [338/456] FQSA
[10:31:37] [339/456] KURL
[10:31:37] 🔄 Identity reset
[10:31:37] 🔄 Identity rotated (every 10 requests)
[10:31:38] [340/456] NNNX
[10:31:39] [341/456] AMAU
[10:31:40] [342/456] VVVM
[10:31:41] [343/456] VECU
[10:31:42] [344/456] WCVR
[10:31:43] [345/456] MTGG
[10:31:43] [346/456] SGTG
[10:31:44] [347/456] MNTG
[10:31:45] [348/456] JDDG
[10:31:46] [349/456] MBTK
[10:31:47] 🔄 Identity reset
[10:31:47] 🔄 Identity rotated (every 10 requests)
[10:31:47] 🔄 Retry 1/5 for MBTK in 2.3s
[10:31:47] 🔄 Identity reset
[10:31:49] 🧠 New identity created
[10:31:50] [350/456] SGCD
[10:31:51] [351/456] MCTC
[10:31:52] [352/456] JTPC
[10:31:53] [353/456] SDKT
[10:31:54] [354/456] KRCC
[10:31:55] [355/456] RMMD
[10:31:55] [356/456] AAME
[10:31:56] [357/456] TMWC
[10:31:57] [358/456] NRWY
[10:31:58] 🔄 Identity reset
[10:31:58] 🔄 Identity rotated (every 10 requests)
[10:31:58] [359/456] CITD
[10:31:59] [360/456] VERD
[10:32:00] [361/456] MKSK
[10:32:01] [362/456] STSM
[10:32:03] [363/456] MJDG
[10:32:04] [364/456] RKPM
[10:32:05] [365/456] SSCE
[10:32:06] [366/456] VMAE
[10:32:07] [367/456] SBRU
[10:32:08] [368/456] AMBC
[10:32:09] 🔄 Identity reset
[10:32:09] 🔄 Identity rotated (every 10 requests)
[10:32:09] 🔄 Retry 1/5 for AMBC in 2.2s
[10:32:09] 🔄 Identity reset
[10:32:11] 🧠 New identity created
[10:32:11] 🔄 Retry 2/5 for AMBC in 4.3s
[10:32:11] 🔄 Identity reset
[10:32:15] 🧠 New identity created
[10:32:16] [369/456] AMLU
[10:32:17] [370/456] INVZ
[10:32:18] [371/456] LGTV
[10:32:18] [372/456] SVAD
[10:32:19] [373/456] SMSA
[10:32:20] [374/456] SPCZ
[10:32:21] [375/456] GTCX
[10:32:22] [376/456] SCSL
[10:32:23] 🔄 Identity reset
[10:32:23] 🔄 Identity rotated (every 10 requests)
[10:32:23] [377/456] SAHU
[10:32:24] [378/456] NCDA
[10:32:25] [379/456] SCCG
[10:32:26] [380/456] VKTL
[10:32:27] [381/456] PUUJ
[10:32:28] [382/456] STEJ
[10:32:30] [383/456] RJAL
[10:32:30] [384/456] ACJC
[10:32:31] [385/456] ARVB
[10:32:32] [386/456] AUBB
[10:32:33] 🔄 Identity reset
[10:32:33] 🔄 Identity rotated (every 10 requests)
[10:32:33] [387/456] GDBR
[10:32:34] [388/456] PVND
[10:32:35] [389/456] BGRJ
[10:32:36] [390/456] RJMM
[10:32:37] [391/456] MCSA
[10:32:38] [392/456] BODA
[10:32:39] [393/456] JAGG
[10:32:40] [394/456] SCGA
[10:32:40] [395/456] LRCM
[10:32:42] [396/456] CPCN
[10:32:42] 🔄 Identity reset
[10:32:42] 🔄 Identity rotated (every 10 requests)
[10:32:43] [397/456] SSTF
[10:32:44] [398/456] SRXP
[10:32:45] [399/456] CNFX
[10:32:46] [400/456] ANDI
[10:32:47] [401/456] SYEW
[10:32:48] [402/456] RCRE
[10:32:49] [403/456] SCRW
[10:32:50] [404/456] MBKR
[10:32:51] [405/456] ASNT
[10:32:52] [406/456] JTMT
[10:32:52] 🔄 Identity reset
[10:32:52] 🔄 Identity rotated (every 10 requests)
[10:32:53] [407/456] SHAY
[10:32:54] [408/456] VRTH
[10:32:54] [409/456] SPTI
[10:32:55] [410/456] DPTD
[10:32:56] [411/456] TGSN
[10:32:57] [412/456] RCWV
[10:32:58] [413/456] OCUR
[10:32:59] [414/456] KSTC
[10:32:59] [415/456] SANI
[10:33:00] [416/456] MLCA
[10:33:01] 🔄 Identity reset
[10:33:01] 🔄 Identity rotated (every 10 requests)
[10:33:01] [417/456] EGCA
[10:33:02] [418/456] SYSN
[10:33:03] [419/456] PKTA
[10:33:04] [420/456] PRCC
[10:33:05] [421/456] KSTR
[10:33:06] [422/456] SNTP
[10:33:07] [423/456] RCHA
[10:33:08] [424/456] SEEA
[10:33:08] [425/456] ALAT
[10:33:10] [426/456] AATV
[10:33:11] 🔄 Identity reset
[10:33:11] 🔄 Identity rotated (every 10 requests)
[10:33:11] [427/456] RJTE
[10:33:12] [428/456] AAPP
[10:33:13] [429/456] PMMH
[10:33:14] [430/456] INRJ
[10:33:15] [431/456] SARB
[10:33:16] [432/456] PCJL
[10:33:17] [433/456] PFJJ
[10:33:17] [434/456] GRDC
[10:33:18] [435/456] BCBA
[10:33:19] [436/456] VIXL
[10:33:20] 🔄 Identity reset
[10:33:20] 🔄 Identity rotated (every 10 requests)
[10:33:20] 🔄 Retry 1/5 for VIXL in 2.9s
[10:33:20] 🔄 Identity reset
[10:33:23] 🧠 New identity created
[10:33:23] [437/456] CSTL
[10:33:25] [438/456] MTDK
[10:33:26] [439/456] TDAC
[10:33:27] [440/456] GTDN
[10:33:27] [441/456] TTDE
[10:33:28] [442/456] ASTS
[10:33:29] [443/456] CPNS
[10:33:30] [444/456] PVVW
[10:33:31] [445/456] USEB
[10:33:32] 🔄 Identity reset
[10:33:32] 🔄 Identity rotated (every 10 requests)
[10:33:32] [446/456] DTYN
[10:33:33] [447/456] PVLE
[10:33:34] [448/456] CIPS
[10:33:35] [449/456] PAEG
[10:33:36] [450/456] PTCW
[10:33:37] [451/456] G3SR
[10:33:38] [452/456] PGND
[10:33:39] [453/456] INVM
[10:33:40] [454/456] SPIA
[10:33:41] [455/456] PCSN
[10:33:41] 🔄 Identity reset
[10:33:41] 🔄 Identity rotated (every 10 requests)
[10:33:42] [456/456] PPGV
[10:33:43] 🔁 RETRY ROUND 1 | Remaining: 4
[10:33:43] [RETRY-1] JMMA
[10:33:45] [RETRY-1] AMBH
[10:33:48] [RETRY-1] FNDB
[10:33:52] [RETRY-1] SCHC
[10:33:55] 🧹 Deduping shows
[10:33:55] ✅ DONE | Shows=38 | Movies=5
[04:59:53] 🚀 SCRIPT STARTED (enhanced anti‑detection)
[04:59:53] [1/456] FNDB
[04:59:54] 🧠 New identity created
[04:59:54] 🔄 Retry 1/5 for FNDB in 3.0s
[04:59:54] 🔄 Identity reset
[04:59:57] 🧠 New identity created
[04:59:57] 🔄 Retry 2/5 for FNDB in 4.8s
[04:59:57] 🔄 Identity reset
[05:00:02] 🧠 New identity created
[05:00:02] [2/456] AMBH
[05:00:03] [3/456] PRHN
[05:00:04] [4/456] ACPM
[05:00:06] [5/456] PVFS
[05:00:07] [6/456] AACN
[05:00:08] [7/456] ACAS
[05:00:09] [8/456] CTNR
[05:00:09] 🔄 Identity reset
[05:00:09] 🔄 Identity rotated (every 10 requests)
[05:00:11] [9/456] MMAH
[05:00:12] [10/456] CPMH
[05:00:12] [11/456] IGMH
[05:00:13] [12/456] ABCS
[05:00:14] [13/456] CMMA
[05:00:15] [14/456] GPRH
[05:00:16] [15/456] PNNG
[05:00:17] [16/456] AMCA
[05:00:18] [17/456] ISTN
[05:00:20] [18/456] PIIC
[05:00:21] 🔄 Identity reset
[05:00:21] 🔄 Identity rotated (every 10 requests)
[05:00:21] 🔄 Retry 1/5 for PIIC in 2.3s
[05:00:21] 🔄 Identity reset
[05:00:23] 🧠 New identity created
[05:00:24] [19/456] AHMH
[05:00:25] [20/456] ASHN
[05:00:27] [21/456] INHY
[05:00:28] [22/456] SRMO
[05:00:28] [23/456] PIMH
[05:00:30] [24/456] PVTS
[05:00:30] [25/456] MMCA
[05:00:31] [26/456] AKYJ
[05:00:33] [27/456] BRKH
[05:00:33] 🔄 Identity reset
[05:00:33] 🔄 Identity rotated (every 10 requests)
[05:00:34] [28/456] MAHM
[05:00:36] [29/456] CPHY
[05:00:36] [30/456] PVTP
[05:00:37] [31/456] SMMR
[05:00:39] [32/456] PVHM
[05:00:40] [33/456] SNDY
[05:00:41] [34/456] GOKU
[05:00:42] [35/456] ACEV
[05:00:43] [36/456] PVUM
[05:00:45] [37/456] VSWA
[05:00:45] 🔄 Identity reset
[05:00:45] 🔄 Identity rotated (every 10 requests)
[05:00:46] [38/456] IPRS
[05:00:47] [39/456] BKMV
[05:00:48] [40/456] PVYH
[05:00:49] [41/456] INKM
[05:00:50] [42/456] ARJU
[05:00:51] [43/456] JJPP
[05:00:52] [44/456] SSRM
[05:00:53] [45/456] HMHD
[05:00:54] [46/456] SNKH
[05:00:55] [47/456] ACHI
[05:00:55] 🔄 Identity reset
[05:00:56] 🔄 Identity rotated (every 10 requests)
[05:00:56] [48/456] MRAA
[05:00:57] [49/456] INMH
[05:00:58] [50/456] ARMH
[05:00:59] [51/456] DVRR
[05:01:00] [52/456] SUDA
[05:01:00] [53/456] MCSS
[05:01:02] [54/456] VRKC
[05:01:03] [55/456] PRCX
[05:01:04] [56/456] ASJY
[05:01:05] [57/456] MTHY
[05:01:06] 🔄 Identity reset
[05:01:06] 🔄 Identity rotated (every 10 requests)
[05:01:06] [58/456] SRCM
[05:01:07] [59/456] TVHY
[05:01:08] [60/456] STHD
[05:01:09] [61/456] CPCL
[05:01:10] [62/456] PSMJ
[05:01:11] [63/456] MRGT
[05:01:12] [64/456] ARYH
[05:01:13] [65/456] VTRB
[05:01:14] [66/456] SCHC
[05:01:15] [67/456] MRRG
[05:01:16] 🔄 Identity reset
[05:01:16] 🔄 Identity rotated (every 10 requests)
[05:01:16] 🔄 Retry 1/5 for MRRG in 2.4s
[05:01:16] 🔄 Identity reset
[05:01:18] 🧠 New identity created
[05:01:18] 🔄 Retry 2/5 for MRRG in 4.8s
[05:01:18] 🔄 Identity reset
[05:01:23] 🧠 New identity created
[05:01:23] 🔄 Retry 3/5 for MRRG in 8.1s
[05:01:23] 🔄 Identity reset
[05:01:31] 🧠 New identity created
[05:01:31] 🔄 Retry 4/5 for MRRG in 16.2s
[05:01:31] 🔄 Identity reset
[05:01:48] 🧠 New identity created
[05:01:48] [68/456] SPCB
[05:01:50] [69/456] AMCM
[05:01:51] [70/456] IVNM
[05:01:52] [71/456] TRHY
[05:01:53] [72/456] PTTH
[05:01:54] [73/456] RKMH
[05:01:54] 🔄 Identity reset
[05:01:54] 🔄 Identity rotated (every 10 requests)
[05:01:54] 🔄 Retry 1/5 for RKMH in 2.6s
[05:01:54] 🔄 Identity reset
[05:01:57] 🧠 New identity created
[05:01:57] [74/456] PRCS
[05:01:58] [75/456] VAJA
[05:02:00] [76/456] BJNG
[05:02:00] [77/456] SCVM
[05:02:02] [78/456] GNHB
[05:02:03] [79/456] TLUR
[05:02:04] [80/456] UKCC
[05:02:05] [81/456] SRKR
[05:02:06] [82/456] RMKN
[05:02:07] 🔄 Identity reset
[05:02:07] 🔄 Identity rotated (every 10 requests)
[05:02:07] [83/456] SLRT
[05:02:08] [84/456] LKMT
[05:02:09] [85/456] SSRJ
[05:02:10] [86/456] SPHT
[05:02:11] [87/456] ANTT
[05:02:12] [88/456] SRCH
[05:02:13] [89/456] SRCA
[05:02:14] [90/456] ARTH
[05:02:15] [91/456] MCBH
[05:02:16] [92/456] SNIB
[05:02:17] 🔄 Identity reset
[05:02:17] 🔄 Identity rotated (every 10 requests)
[05:02:18] [93/456] SART
[05:02:19] [94/456] SKTA
[05:02:19] [95/456] YAKT
[05:02:20] [96/456] MLCK
[05:02:21] [97/456] ANTS
[05:02:22] [98/456] DGCA
[05:02:23] [99/456] SGMP
[05:02:24] [100/456] ASWN
[05:02:25] [101/456] KFVU
[05:02:26] [102/456] POOR
[05:02:26] 🔄 Identity reset
[05:02:26] 🔄 Identity rotated (every 10 requests)
[05:02:26] 🔄 Retry 1/5 for POOR in 2.5s
[05:02:26] 🔄 Identity reset
[05:02:29] 🧠 New identity created
[05:02:29] [103/456] GKDN
[05:02:31] [104/456] EOSE
[05:02:32] [105/456] GTTT
[05:02:33] [106/456] ARRO
[05:02:34] [107/456] CMMK
[05:02:35] [108/456] MSCN
[05:02:36] [109/456] GDKH
[05:02:37] [110/456] DLMT
[05:02:38] [111/456] PVMF
[05:02:38] 🔄 Identity reset
[05:02:38] 🔄 Identity rotated (every 10 requests)
[05:02:39] [112/456] CPCK
[05:02:40] [113/456] VMHE
[05:02:41] [114/456] PVLC
[05:02:42] [115/456] PCVB
[05:02:43] [116/456] SNYK
[05:02:44] [117/456] KTEK
[05:02:45] [118/456] PCNM
[05:02:46] [119/456] NTTR
[05:02:47] [120/456] CPSK
[05:02:49] [121/456] JMMA
[05:02:49] 🔄 Identity reset
[05:02:49] 🔄 Identity rotated (every 10 requests)
[05:02:49] 🔄 Retry 1/5 for JMMA in 2.8s
[05:02:49] 🔄 Identity reset
[05:02:52] 🧠 New identity created
[05:02:53] [122/456] GCFK
[05:02:54] [123/456] MYCA
[05:02:55] [124/456] KSNP
[05:02:56] [125/456] PMCE
[05:02:57] [126/456] SCKI
[05:02:58] [127/456] FSMA
[05:02:59] [128/456] CETA
[05:03:00] [129/456] MCIK
[05:03:00] [130/456] MYCR
[05:03:01] 🔄 Identity reset
[05:03:01] 🔄 Identity rotated (every 10 requests)
[05:03:01] 🔄 Retry 1/5 for MYCR in 2.3s
[05:03:01] 🔄 Identity reset
[05:03:04] 🧠 New identity created
[05:03:04] [131/456] EVMP
[05:03:05] [132/456] SSGT
[05:03:06] [133/456] KCTK
[05:03:07] [134/456] ZTKC
[05:03:08] [135/456] MMTA
[05:03:09] [136/456] MAJT
[05:03:10] [137/456] ACPK
[05:03:10] [138/456] JMAX
[05:03:11] [139/456] SETK
[05:03:12] 🔄 Identity reset
[05:03:12] 🔄 Identity rotated (every 10 requests)
[05:03:12] 🔄 Retry 1/5 for SETK in 2.9s
[05:03:12] 🔄 Identity reset
[05:03:15] 🧠 New identity created
[05:03:15] 🔄 Retry 2/5 for SETK in 4.6s
[05:03:15] 🔄 Identity reset
[05:03:20] 🧠 New identity created
[05:03:20] [140/456] CAIS
[05:03:21] [141/456] AGCD
[05:03:22] [142/456] URCL
[05:03:23] [143/456] VTDS
[05:03:24] [144/456] JCNM
[05:03:25] [145/456] KCAM
[05:03:26] [146/456] ADCU
[05:03:27] [147/456] GXYN
[05:03:27] 🔄 Identity reset
[05:03:27] 🔄 Identity rotated (every 10 requests)
[05:03:28] [148/456] SMJG
[05:03:29] [149/456] EYCJ
[05:03:29] [150/456] CCEJ
[05:03:30] [151/456] MARS
[05:03:31] [152/456] CPVJ
[05:03:32] [153/456] INVP
[05:03:34] [154/456] CPOV
[05:03:36] [155/456] VIJK
[05:03:37] [156/456] LAIM
[05:03:38] [157/456] STHV
[05:03:39] 🔄 Identity reset
[05:03:39] 🔄 Identity rotated (every 10 requests)
[05:03:39] [158/456] SVLJ
[05:03:40] [159/456] ATVJ
[05:03:41] [160/456] JTSC
[05:03:42] [161/456] RMTV
[05:03:43] [162/456] MGGG
[05:03:44] [163/456] SWTH
[05:03:46] [164/456] INVJ
[05:03:46] [165/456] PRSV
[05:03:48] [166/456] JATV
[05:03:49] [167/456] RCVD
[05:03:49] 🔄 Identity reset
[05:03:49] 🔄 Identity rotated (every 10 requests)
[05:03:49] 🔄 Retry 1/5 for RCVD in 2.5s
[05:03:49] 🔄 Identity reset
[05:03:52] 🧠 New identity created
[05:03:52] [168/456] BDMA
[05:03:53] [169/456] BLJI
[05:03:54] [170/456] SWOT
[05:03:55] [171/456] SWRN
[05:03:56] [172/456] TVRA
[05:03:57] [173/456] NVRN
[05:03:58] [174/456] SIKC
[05:04:00] [175/456] VAKR
[05:04:01] [176/456] SYLN
[05:04:01] 🔄 Identity reset
[05:04:01] 🔄 Identity rotated (every 10 requests)
[05:04:02] [177/456] KLJL
[05:04:03] [178/456] LKMY
[05:04:04] [179/456] VSLY
[05:04:05] [180/456] CIKO
[05:04:07] [181/456] GPBG
[05:04:07] [182/456] CECM
[05:04:08] [183/456] SLKB
[05:04:09] [184/456] MTBO
[05:04:10] [185/456] SSHB
[05:04:11] [186/456] VPCS
[05:04:12] 🔄 Identity reset
[05:04:12] 🔄 Identity rotated (every 10 requests)
[05:04:12] [187/456] RCSR
[05:04:13] [188/456] RJRM
[05:04:14] [189/456] KPPB
[05:04:15] [190/456] SEDC
[05:04:16] [191/456] SCAI
[05:04:17] [192/456] RMTR
[05:04:18] [193/456] ASST
[05:04:19] [194/456] GCAK
[05:04:21] [195/456] ANNK
[05:04:22] [196/456] KDDF
[05:04:22] 🔄 Identity reset
[05:04:22] 🔄 Identity rotated (every 10 requests)
[05:04:23] [197/456] NRDP
[05:04:24] [198/456] PLAK
[05:04:25] [199/456] GCMC
[05:04:26] [200/456] ALPY
[05:04:27] [201/456] SICE
[05:04:28] [202/456] SISR
[05:04:29] [203/456] SRPZ
[05:04:30] [204/456] SRSW
[05:04:31] [205/456] SUYA
[05:04:33] [206/456] AMMT
[05:04:34] 🔄 Identity reset
[05:04:34] 🔄 Identity rotated (every 10 requests)
[05:04:34] [207/456] BHCU
[05:04:35] [208/456] KLPA
[05:04:36] [209/456] NVKH
[05:04:37] [210/456] JMRC
[05:04:38] [211/456] KTTT
[05:04:38] [212/456] MAGH
[05:04:39] [213/456] MMMX
[05:04:40] [214/456] SALJ
[05:04:41] [215/456] GTJA
[05:04:42] [216/456] MAHT
[05:04:43] 🔄 Identity reset
[05:04:43] 🔄 Identity rotated (every 10 requests)
[05:04:43] [217/456] SSNN
[05:04:44] [218/456] ARRP
[05:04:45] [219/456] ATNS
[05:04:46] [220/456] SKDT
[05:04:47] [221/456] ACAT
[05:04:48] [222/456] APRC
[05:04:48] [223/456] SWAG
[05:04:49] [224/456] SDPT
[05:04:50] [225/456] STPS
[05:04:51] [226/456] WWCZ
[05:04:52] 🔄 Identity reset
[05:04:52] 🔄 Identity rotated (every 10 requests)
[05:04:52] [227/456] LLCH
[05:04:53] [228/456] MZHA
[05:04:54] [229/456] CRJG
[05:04:56] [230/456] JGTK
[05:04:56] [231/456] KCSR
[05:04:57] [232/456] CHTL
[05:04:58] [233/456] EDSR
[05:04:59] [234/456] CSWO
[05:05:00] [235/456] CPVM
[05:05:01] [236/456] MXBY
[05:05:01] 🔄 Identity reset
[05:05:01] 🔄 Identity rotated (every 10 requests)
[05:05:02] [237/456] FMMA
[05:05:03] [238/456] POVI
[05:05:04] [239/456] MTHB
[05:05:05] [240/456] INRC
[05:05:06] [241/456] PIPP
[05:05:07] [242/456] BMXC
[05:05:08] [243/456] PCMM
[05:05:09] [244/456] PMKM
[05:05:10] [245/456] GATY
[05:05:11] [246/456] IMCM
[05:05:12] 🔄 Identity reset
[05:05:12] 🔄 Identity rotated (every 10 requests)
[05:05:13] [247/456] POPE
[05:05:15] [248/456] MTCR
[05:05:16] [249/456] PVAE
[05:05:17] [250/456] PVMI
[05:05:18] [251/456] CPNM
[05:05:19] [252/456] FMRL
[05:05:20] [253/456] MCIW
[05:05:20] [254/456] MXBO
[05:05:22] [255/456] FMKY
[05:05:22] [256/456] FMDA
[05:05:23] 🔄 Identity reset
[05:05:23] 🔄 Identity rotated (every 10 requests)
[05:05:24] [257/456] THAB
[05:05:24] [258/456] PRCW
[05:05:26] [259/456] PITI
[05:05:26] [260/456] MCFF
[05:05:28] [261/456] PDDV
[05:05:28] [262/456] MCRM
[05:05:29] [263/456] KKMB
[05:05:31] [264/456] INKO
[05:05:32] [265/456] PLXP
[05:05:32] [266/456] MMHA
[05:05:33] 🔄 Identity reset
[05:05:33] 🔄 Identity rotated (every 10 requests)
[05:05:33] 🔄 Retry 1/5 for MMHA in 2.6s
[05:05:33] 🔄 Identity reset
[05:05:36] 🧠 New identity created
[05:05:36] [267/456] FMVS
[05:05:37] [268/456] POLM
[05:05:38] [269/456] STER
[05:05:39] [270/456] PVWJ
[05:05:40] [271/456] IMJW
[05:05:41] [272/456] FNAN
[05:05:42] [273/456] CAGL
[05:05:43] [274/456] IPBG
[05:05:44] [275/456] SMFV
[05:05:44] 🔄 Identity reset
[05:05:44] 🔄 Identity rotated (every 10 requests)
[05:05:45] [276/456] MMMR
[05:05:46] [277/456] MMWM
[05:05:47] [278/456] FNCM
[05:05:48] [279/456] MDVA
[05:05:49] [280/456] MMET
[05:05:50] [281/456] MIDO
[05:05:51] [282/456] INNP
[05:05:52] [283/456] MIFU
[05:05:53] [284/456] MMSZ
[05:05:54] [285/456] BMXA
[05:05:55] 🔄 Identity reset
[05:05:55] 🔄 Identity rotated (every 10 requests)
[05:05:56] [286/456] MCAA
[05:05:57] [287/456] SCVP
[05:05:57] [288/456] PLUS
[05:05:58] [289/456] MUCK
[05:05:59] [290/456] MTMA
[05:06:00] [291/456] HPVR
[05:06:01] [292/456] PMPK
[05:06:02] [293/456] MAJB
[05:06:03] [294/456] CTRR
[05:06:04] [295/456] MCTG
[05:06:05] 🔄 Identity reset
[05:06:05] 🔄 Identity rotated (every 10 requests)
[05:06:05] [296/456] MACE
[05:06:06] [297/456] AAAS
[05:06:07] [298/456] CPVV
[05:06:08] [299/456] RCHG
[05:06:09] [300/456] MCNE
[05:06:10] [301/456] EMNC
[05:06:11] [302/456] MCAN
[05:06:12] [303/456] TCDM
[05:06:13] [304/456] IRGT
[05:06:14] [305/456] GCMG
[05:06:15] 🔄 Identity reset
[05:06:15] 🔄 Identity rotated (every 10 requests)
[05:06:15] 🔄 Retry 1/5 for GCMG in 2.8s
[05:06:15] 🔄 Identity reset
[05:06:18] 🧠 New identity created
[05:06:18] [306/456] MXSN
[05:06:19] [307/456] MXCK
[05:06:20] [308/456] MCRC
[05:06:21] [309/456] RSMI
[05:06:22] [310/456] WAML
[05:06:23] [311/456] MTSC
[05:06:24] [312/456] FMDR
[05:06:25] [313/456] LEPV
[05:06:26] [314/456] MTGD
[05:06:26] 🔄 Identity reset
[05:06:26] 🔄 Identity rotated (every 10 requests)
[05:06:27] 🔄 Retry 1/5 for MTGD in 2.2s
[05:06:27] 🔄 Identity reset
[05:06:29] 🧠 New identity created
[05:06:29] [315/456] IMOB
[05:06:30] [316/456] CLMM
[05:06:32] [317/456] PZCD
[05:06:33] [318/456] GOCS
[05:06:34] [319/456] KCMA
[05:06:34] [320/456] CCMP
[05:06:35] [321/456] MTSU
[05:06:36] [322/456] SNGL
[05:06:37] [323/456] MMMC
[05:06:38] 🔄 Identity reset
[05:06:38] 🔄 Identity rotated (every 10 requests)
[05:06:38] [324/456] MMAA
[05:06:39] [325/456] GCDM
[05:06:40] [326/456] KTMV
[05:06:41] [327/456] AETE
[05:06:42] [328/456] OMCS
[05:06:43] [329/456] GDCD
[05:06:44] [330/456] NYMD
[05:06:45] [331/456] RNCV
[05:06:46] [332/456] KKMT
[05:06:47] [333/456] GDTH
[05:06:48] 🔄 Identity reset
[05:06:48] 🔄 Identity rotated (every 10 requests)
[05:06:48] 🔄 Retry 1/5 for GDTH in 2.8s
[05:06:48] 🔄 Identity reset
[05:06:51] 🧠 New identity created
[05:06:51] [334/456] KMMV
[05:06:52] [335/456] NHCG
[05:06:53] [336/456] PJDW
[05:06:54] [337/456] MMCV
[05:06:56] [338/456] FQSA
[05:06:57] [339/456] KURL
[05:06:58] [340/456] NNNX
[05:06:59] [341/456] AMAU
[05:07:00] [342/456] VVVM
[05:07:01] 🔄 Identity reset
[05:07:01] 🔄 Identity rotated (every 10 requests)
[05:07:01] [343/456] VECU
[05:07:02] [344/456] WCVR
[05:07:03] [345/456] MTGG
[05:07:04] [346/456] SGTG
[05:07:05] [347/456] MNTG
[05:07:06] [348/456] JDDG
[05:07:08] [349/456] MBTK
[05:07:09] [350/456] SGCD
[05:07:10] [351/456] MCTC
[05:07:11] [352/456] JTPC
[05:07:11] 🔄 Identity reset
[05:07:11] 🔄 Identity rotated (every 10 requests)
[05:07:12] [353/456] SDKT
[05:07:12] [354/456] KRCC
[05:07:13] [355/456] RMMD
[05:07:14] [356/456] AAME
[05:07:15] [357/456] TMWC
[05:07:16] [358/456] NRWY
[05:07:17] [359/456] CITD
[05:07:18] [360/456] VERD
[05:07:19] [361/456] MKSK
[05:07:20] [362/456] STSM
[05:07:21] 🔄 Identity reset
[05:07:21] 🔄 Identity rotated (every 10 requests)
[05:07:21] [363/456] MJDG
[05:07:22] [364/456] RKPM
[05:07:23] [365/456] SSCE
[05:07:24] [366/456] VMAE
[05:07:25] [367/456] SBRU
[05:07:26] [368/456] AMBC
[05:07:27] [369/456] AMLU
[05:07:28] [370/456] INVZ
[05:07:29] [371/456] LGTV
[05:07:30] [372/456] SVAD
[05:07:31] 🔄 Identity reset
[05:07:31] 🔄 Identity rotated (every 10 requests)
[05:07:31] [373/456] SMSA
[05:07:33] [374/456] SPCZ
[05:07:34] [375/456] GTCX
[05:07:35] [376/456] SCSL
[05:07:36] [377/456] SAHU
[05:07:37] [378/456] NCDA
[05:07:38] [379/456] SCCG
[05:07:39] [380/456] VKTL
[05:07:40] [381/456] PUUJ
[05:07:41] [382/456] STEJ
[05:07:41] 🔄 Identity reset
[05:07:41] 🔄 Identity rotated (every 10 requests)
[05:07:42] [383/456] RJAL
[05:07:43] [384/456] ACJC
[05:07:44] [385/456] ARVB
[05:07:45] [386/456] AUBB
[05:07:46] [387/456] GDBR
[05:07:47] [388/456] PVND
[05:07:48] [389/456] BGRJ
[05:07:49] [390/456] RJMM
[05:07:49] [391/456] MCSA
[05:07:50] [392/456] BODA
[05:07:51] 🔄 Identity reset
[05:07:51] 🔄 Identity rotated (every 10 requests)
[05:07:51] [393/456] JAGG
[05:07:52] [394/456] SCGA
[05:07:53] [395/456] LRCM
[05:07:54] [396/456] CPCN
[05:07:55] [397/456] SSTF
[05:07:56] [398/456] SRXP
[05:07:57] [399/456] CNFX
[05:07:58] [400/456] ANDI
[05:07:59] [401/456] SYEW
[05:08:00] [402/456] RCRE
[05:08:01] 🔄 Identity reset
[05:08:01] 🔄 Identity rotated (every 10 requests)
[05:08:02] [403/456] SCRW
[05:08:03] [404/456] MBKR
[05:08:04] [405/456] ASNT
[05:08:05] [406/456] JTMT
[05:08:06] [407/456] SHAY
[05:08:07] [408/456] VRTH
[05:08:08] [409/456] SPTI
[05:08:09] [410/456] DPTD
[05:08:10] [411/456] TGSN
[05:08:11] [412/456] RCWV
[05:08:12] 🔄 Identity reset
[05:08:12] 🔄 Identity rotated (every 10 requests)
[05:08:13] [413/456] OCUR
[05:08:14] [414/456] KSTC
[05:08:14] [415/456] SANI
[05:08:15] [416/456] MLCA
[05:08:17] [417/456] EGCA
[05:08:18] [418/456] SYSN
[05:08:19] [419/456] PKTA
[05:08:20] [420/456] PRCC
[05:08:21] [421/456] KSTR
[05:08:22] [422/456] SNTP
[05:08:22] 🔄 Identity reset
[05:08:22] 🔄 Identity rotated (every 10 requests)
[05:08:23] [423/456] RCHA
[05:08:24] [424/456] SEEA
[05:08:25] [425/456] ALAT
[05:08:26] [426/456] AATV
[05:08:27] [427/456] RJTE
[05:08:29] [428/456] AAPP
[05:08:29] [429/456] PMMH
[05:08:30] [430/456] INRJ
[05:08:31] [431/456] SARB
[05:08:32] [432/456] PCJL
[05:08:33] 🔄 Identity reset
[05:08:33] 🔄 Identity rotated (every 10 requests)
[05:08:33] [433/456] PFJJ
[05:08:34] [434/456] GRDC
[05:08:35] [435/456] BCBA
[05:08:36] [436/456] VIXL
[05:08:37] [437/456] CSTL
[05:08:38] [438/456] MTDK
[05:08:39] [439/456] TDAC
[05:08:40] [440/456] GTDN
[05:08:41] [441/456] TTDE
[05:08:42] [442/456] ASTS
[05:08:43] 🔄 Identity reset
[05:08:43] 🔄 Identity rotated (every 10 requests)
[05:08:43] 🔄 Retry 1/5 for ASTS in 2.6s
[05:08:43] 🔄 Identity reset
[05:08:46] 🧠 New identity created
[05:08:46] [443/456] CPNS
[05:08:47] [444/456] PVVW
[05:08:48] [445/456] USEB
[05:08:49] [446/456] DTYN
[05:08:50] [447/456] PVLE
[05:08:51] [448/456] CIPS
[05:08:52] [449/456] PAEG
[05:08:53] [450/456] PTCW
[05:08:54] [451/456] G3SR
[05:08:54] 🔄 Identity reset
[05:08:54] 🔄 Identity rotated (every 10 requests)
[05:08:55] [452/456] PGND
[05:08:56] [453/456] INVM
[05:08:57] [454/456] SPIA
[05:08:58] [455/456] PCSN
[05:08:59] [456/456] PPGV
[05:09:00] 🧹 Deduping shows
[05:09:00] ✅ DONE | Shows=51 | Movies=8
[12:27:15] 🚀 SCRIPT STARTED (enhanced anti‑detection)
[12:27:15] [1/456] FNDB
[12:27:16] 🧠 New identity created
[12:27:16] [2/456] AMBH
[12:27:17] [3/456] PRHN
[12:27:19] [4/456] ACPM
[12:27:20] [5/456] PVFS
[12:27:21] [6/456] AACN
[12:27:22] [7/456] ACAS
[12:27:23] [8/456] CTNR
[12:27:24] [9/456] MMAH
[12:27:25] [10/456] CPMH
[12:27:25] 🔄 Identity reset
[12:27:25] 🔄 Identity rotated (every 10 requests)
[12:27:25] 🔄 Retry 1/5 for CPMH in 3.0s
[12:27:25] 🔄 Identity reset
[12:27:28] 🧠 New identity created
[12:27:29] 🔄 Retry 2/5 for CPMH in 4.7s
[12:27:29] 🔄 Identity reset
[12:27:33] 🧠 New identity created
[12:27:34] [11/456] IGMH
[12:27:35] [12/456] ABCS
[12:27:35] [13/456] CMMA
[12:27:36] [14/456] GPRH
[12:27:37] [15/456] PNNG
[12:27:38] [16/456] AMCA
[12:27:40] [17/456] ISTN
[12:27:41] [18/456] PIIC
[12:27:42] 🔄 Identity reset
[12:27:42] 🔄 Identity rotated (every 10 requests)
[12:27:42] [19/456] AHMH
[12:27:43] [20/456] ASHN
[12:27:44] [21/456] INHY
[12:27:45] [22/456] SRMO
[12:27:46] [23/456] PIMH
[12:27:47] [24/456] PVTS
[12:27:48] [25/456] MMCA
[12:27:49] [26/456] AKYJ
[12:27:50] [27/456] BRKH
[12:27:51] [28/456] MAHM
[12:27:51] 🔄 Identity reset
[12:27:51] 🔄 Identity rotated (every 10 requests)
[12:27:52] [29/456] CPHY
[12:27:53] [30/456] PVTP
[12:27:54] [31/456] SMMR
[12:27:55] [32/456] PVHM
[12:27:56] [33/456] SNDY
[12:27:57] [34/456] GOKU
[12:27:57] [35/456] ACEV
[12:27:58] [36/456] PVUM
[12:27:59] [37/456] VSWA
[12:28:00] [38/456] IPRS
[12:28:01] 🔄 Identity reset
[12:28:01] 🔄 Identity rotated (every 10 requests)
[12:28:01] 🔄 Retry 1/5 for IPRS in 2.4s
[12:28:01] 🔄 Identity reset
[12:28:03] 🧠 New identity created
[12:28:03] 🔄 Retry 2/5 for IPRS in 4.9s
[12:28:03] 🔄 Identity reset
[12:28:08] 🧠 New identity created
[12:28:09] [39/456] BKMV
[12:28:10] [40/456] PVYH
[12:28:12] [41/456] INKM
[12:28:13] [42/456] ARJU
[12:28:14] [43/456] JJPP
[12:28:16] [44/456] SSRM
[12:28:17] [45/456] HMHD
[12:28:18] [46/456] SNKH
[12:28:19] 🔄 Identity reset
[12:28:19] 🔄 Identity rotated (every 10 requests)
[12:28:19] [47/456] ACHI
[12:28:20] [48/456] MRAA
[12:28:21] [49/456] INMH
[12:28:22] [50/456] ARMH
[12:28:24] [51/456] DVRR
[12:28:24] [52/456] SUDA
[12:28:26] [53/456] MCSS
[12:28:27] [54/456] VRKC
[12:28:28] [55/456] PRCX
[12:28:29] [56/456] ASJY
[12:28:30] 🔄 Identity reset
[12:28:30] 🔄 Identity rotated (every 10 requests)
[12:28:30] [57/456] MTHY
[12:28:31] [58/456] SRCM
[12:28:32] [59/456] TVHY
[12:28:32] [60/456] STHD
[12:28:33] [61/456] CPCL
[12:28:34] [62/456] PSMJ
[12:28:35] [63/456] MRGT
[12:28:36] [64/456] ARYH
[12:28:37] [65/456] VTRB
[12:28:38] [66/456] SCHC
[12:28:38] 🔄 Identity reset
[12:28:38] 🔄 Identity rotated (every 10 requests)
[12:28:38] 🔄 Retry 1/5 for SCHC in 2.3s
[12:28:38] 🔄 Identity reset
[12:28:41] 🧠 New identity created
[12:28:41] [67/456] MRRG
[12:28:42] [68/456] SPCB
[12:28:43] [69/456] AMCM
[12:28:44] [70/456] IVNM
[12:28:44] [71/456] TRHY
[12:28:45] [72/456] PTTH
[12:28:46] [73/456] RKMH
[12:28:47] [74/456] PRCS
[12:28:48] [75/456] VAJA
[12:28:49] 🔄 Identity reset
[12:28:49] 🔄 Identity rotated (every 10 requests)
[12:28:49] [76/456] BJNG
[12:28:50] [77/456] SCVM
[12:28:51] [78/456] GNHB
[12:28:52] [79/456] TLUR
[12:28:52] [80/456] UKCC
[12:28:53] [81/456] SRKR
[12:28:54] [82/456] RMKN
[12:28:55] [83/456] SLRT
[12:28:56] [84/456] LKMT
[12:28:57] [85/456] SSRJ
[12:28:58] 🔄 Identity reset
[12:28:58] 🔄 Identity rotated (every 10 requests)
[12:28:58] [86/456] SPHT
[12:29:00] [87/456] ANTT
[12:29:01] [88/456] SRCH
[12:29:02] [89/456] SRCA
[12:29:03] [90/456] ARTH
[12:29:04] [91/456] MCBH
[12:29:05] [92/456] SNIB
[12:29:06] [93/456] SART
[12:29:07] [94/456] SKTA
[12:29:08] [95/456] YAKT
[12:29:09] 🔄 Identity reset
[12:29:09] 🔄 Identity rotated (every 10 requests)
[12:29:09] 🔄 Retry 1/5 for YAKT in 2.6s
[12:29:09] 🔄 Identity reset
[12:29:11] 🧠 New identity created
[12:29:11] 🔄 Retry 2/5 for YAKT in 4.1s
[12:29:11] 🔄 Identity reset
[12:29:16] 🧠 New identity created
[12:29:16] 🔄 Retry 3/5 for YAKT in 8.6s
[12:29:16] 🔄 Identity reset
[12:29:24] 🧠 New identity created
[12:29:25] [96/456] MLCK
[12:29:26] [97/456] ANTS
[12:29:27] [98/456] DGCA
[12:29:27] [99/456] SGMP
[12:29:28] [100/456] ASWN
[12:29:29] [101/456] KFVU
[12:29:30] [102/456] POOR
[12:29:31] 🔄 Identity reset
[12:29:31] 🔄 Identity rotated (every 10 requests)
[12:29:31] 🔄 Retry 1/5 for POOR in 2.5s
[12:29:31] 🔄 Identity reset
[12:29:33] 🧠 New identity created
[12:29:34] [103/456] GKDN
[12:29:35] [104/456] EOSE
[12:29:36] [105/456] GTTT
[12:29:37] [106/456] ARRO
[12:29:38] [107/456] CMMK
[12:29:39] [108/456] MSCN
[12:29:40] [109/456] GDKH
[12:29:42] [110/456] DLMT
[12:29:43] [111/456] PVMF
[12:29:43] 🔄 Identity reset
[12:29:43] 🔄 Identity rotated (every 10 requests)
[12:29:44] [112/456] CPCK
[12:29:44] [113/456] VMHE
[12:29:45] [114/456] PVLC
[12:29:46] [115/456] PCVB
[12:29:47] [116/456] SNYK
[12:29:48] [117/456] KTEK
[12:29:49] [118/456] PCNM
[12:29:50] [119/456] NTTR
[12:29:51] [120/456] CPSK
[12:29:52] [121/456] JMMA
[12:29:53] 🔄 Identity reset
[12:29:53] 🔄 Identity rotated (every 10 requests)
[12:29:53] [122/456] GCFK
[12:29:55] [123/456] MYCA
[12:29:56] [124/456] KSNP
[12:29:57] [125/456] PMCE
[12:29:58] [126/456] SCKI
[12:29:59] [127/456] FSMA
[12:30:00] [128/456] CETA
[12:30:01] [129/456] MCIK
[12:30:02] [130/456] MYCR
[12:30:04] [131/456] EVMP
[12:30:04] 🔄 Identity reset
[12:30:04] 🔄 Identity rotated (every 10 requests)
[12:30:05] [132/456] SSGT
[12:30:06] [133/456] KCTK
[12:30:07] [134/456] ZTKC
[12:30:08] [135/456] MMTA
[12:30:10] [136/456] MAJT
[12:30:11] [137/456] ACPK
[12:30:12] [138/456] JMAX
[12:30:13] [139/456] SETK
[12:30:15] [140/456] CAIS
[12:30:15] [141/456] AGCD
[12:30:16] 🔄 Identity reset
[12:30:16] 🔄 Identity rotated (every 10 requests)
[12:30:16] [142/456] URCL
[12:30:17] [143/456] VTDS
[12:30:18] [144/456] JCNM
[12:30:20] [145/456] KCAM
[12:30:21] [146/456] ADCU
[12:30:22] [147/456] GXYN
[12:30:23] [148/456] SMJG
[12:30:24] [149/456] EYCJ
[12:30:25] [150/456] CCEJ
[12:30:26] [151/456] MARS
[12:30:26] 🔄 Identity reset
[12:30:26] 🔄 Identity rotated (every 10 requests)
[12:30:27] [152/456] CPVJ
[12:30:27] [153/456] INVP
[12:30:28] [154/456] CPOV
[12:30:29] [155/456] VIJK
[12:30:30] [156/456] LAIM
[12:30:32] [157/456] STHV
[12:30:33] [158/456] SVLJ
[12:30:34] [159/456] ATVJ
[12:30:35] [160/456] JTSC
[12:30:37] [161/456] RMTV
[12:30:37] 🔄 Identity reset
[12:30:37] 🔄 Identity rotated (every 10 requests)
[12:30:38] [162/456] MGGG
[12:30:38] [163/456] SWTH
[12:30:39] [164/456] INVJ
[12:30:40] [165/456] PRSV
[12:30:41] [166/456] JATV
[12:30:42] [167/456] RCVD
[12:30:43] [168/456] BDMA
[12:30:44] [169/456] BLJI
[12:30:45] [170/456] SWOT
[12:30:46] [171/456] SWRN
[12:30:47] 🔄 Identity reset
[12:30:47] 🔄 Identity rotated (every 10 requests)
[12:30:47] [172/456] TVRA
[12:30:48] [173/456] NVRN
[12:30:49] [174/456] SIKC
[12:30:50] [175/456] VAKR
[12:30:51] [176/456] SYLN
[12:30:52] [177/456] KLJL
[12:30:53] [178/456] LKMY
[12:30:54] [179/456] VSLY
[12:30:55] [180/456] CIKO
[12:30:56] [181/456] GPBG
[12:30:57] 🔄 Identity reset
[12:30:57] 🔄 Identity rotated (every 10 requests)
[12:30:57] [182/456] CECM
[12:30:58] [183/456] SLKB
[12:30:59] [184/456] MTBO
[12:31:00] [185/456] SSHB
[12:31:01] [186/456] VPCS
[12:31:02] [187/456] RCSR
[12:31:03] [188/456] RJRM
[12:31:04] [189/456] KPPB
[12:31:04] [190/456] SEDC
[12:31:05] [191/456] SCAI
[12:31:06] 🔄 Identity reset
[12:31:06] 🔄 Identity rotated (every 10 requests)
[12:31:06] [192/456] RMTR
[12:31:07] [193/456] ASST
[12:31:08] [194/456] GCAK
[12:31:09] [195/456] ANNK
[12:31:10] [196/456] KDDF
[12:31:11] [197/456] NRDP
[12:31:12] [198/456] PLAK
[12:31:13] [199/456] GCMC
[12:31:14] [200/456] ALPY
[12:31:15] [201/456] SICE
[12:31:16] 🔄 Identity reset
[12:31:16] 🔄 Identity rotated (every 10 requests)
[12:31:16] [202/456] SISR
[12:31:17] [203/456] SRPZ
[12:31:18] [204/456] SRSW
[12:31:19] [205/456] SUYA
[12:31:20] [206/456] AMMT
[12:31:21] [207/456] BHCU
[12:31:22] [208/456] KLPA
[12:31:23] [209/456] NVKH
[12:31:24] [210/456] JMRC
[12:31:25] [211/456] KTTT
[12:31:26] 🔄 Identity reset
[12:31:26] 🔄 Identity rotated (every 10 requests)
[12:31:26] [212/456] MAGH
[12:31:27] [213/456] MMMX
[12:31:28] [214/456] SALJ
[12:31:29] [215/456] GTJA
[12:31:30] [216/456] MAHT
[12:31:31] [217/456] SSNN
[12:31:32] [218/456] ARRP
[12:31:33] [219/456] ATNS
[12:31:34] [220/456] SKDT
[12:31:35] [221/456] ACAT
[12:31:36] 🔄 Identity reset
[12:31:36] 🔄 Identity rotated (every 10 requests)
[12:31:36] 🔄 Retry 1/5 for ACAT in 2.7s
[12:31:36] 🔄 Identity reset
[12:31:39] 🧠 New identity created
[12:31:39] [222/456] APRC
[12:31:40] [223/456] SWAG
[12:31:41] [224/456] SDPT
[12:31:42] [225/456] STPS
[12:31:43] [226/456] WWCZ
[12:31:44] [227/456] LLCH
[12:31:45] [228/456] MZHA
[12:31:45] [229/456] CRJG
[12:31:46] [230/456] JGTK
[12:31:47] 🔄 Identity reset
[12:31:47] 🔄 Identity rotated (every 10 requests)
[12:31:47] [231/456] KCSR
[12:31:48] [232/456] CHTL
[12:31:49] [233/456] EDSR
[12:31:50] [234/456] CSWO
[12:31:51] [235/456] CPVM
[12:31:52] [236/456] MXBY
[12:31:53] [237/456] FMMA
[12:31:54] [238/456] POVI
[12:31:55] [239/456] MTHB
[12:31:56] [240/456] INRC
[12:31:56] 🔄 Identity reset
[12:31:56] 🔄 Identity rotated (every 10 requests)
[12:31:57] [241/456] PIPP
[12:31:57] [242/456] BMXC
[12:31:58] [243/456] PCMM
[12:32:00] [244/456] PMKM
[12:32:01] [245/456] GATY
[12:32:02] [246/456] IMCM
[12:32:03] [247/456] POPE
[12:32:04] [248/456] MTCR
[12:32:05] [249/456] PVAE
[12:32:05] [250/456] PVMI
[12:32:06] 🔄 Identity reset
[12:32:06] 🔄 Identity rotated (every 10 requests)
[12:32:06] 🔄 Retry 1/5 for PVMI in 2.8s
[12:32:06] 🔄 Identity reset
[12:32:09] 🧠 New identity created
[12:32:10] [251/456] CPNM
[12:32:11] [252/456] FMRL
[12:32:12] [253/456] MCIW
[12:32:13] [254/456] MXBO
[12:32:14] [255/456] FMKY
[12:32:15] [256/456] FMDA
[12:32:15] [257/456] THAB
[12:32:17] [258/456] PRCW
[12:32:17] [259/456] PITI
[12:32:18] 🔄 Identity reset
[12:32:18] 🔄 Identity rotated (every 10 requests)
[12:32:18] [260/456] MCFF
[12:32:20] [261/456] PDDV
[12:32:21] [262/456] MCRM
[12:32:22] [263/456] KKMB
[12:32:23] [264/456] INKO
[12:32:24] [265/456] PLXP
[12:32:25] [266/456] MMHA
[12:32:26] [267/456] FMVS
[12:32:27] [268/456] POLM
[12:32:28] [269/456] STER
[12:32:29] 🔄 Identity reset
[12:32:29] 🔄 Identity rotated (every 10 requests)
[12:32:29] [270/456] PVWJ
[12:32:30] [271/456] IMJW
[12:32:31] [272/456] FNAN
[12:32:32] [273/456] CAGL
[12:32:33] [274/456] IPBG
[12:32:34] [275/456] SMFV
[12:32:35] [276/456] MMMR
[12:32:36] [277/456] MMWM
[12:32:37] [278/456] FNCM
[12:32:37] [279/456] MDVA
[12:32:38] 🔄 Identity reset
[12:32:38] 🔄 Identity rotated (every 10 requests)
[12:32:39] [280/456] MMET
[12:32:39] [281/456] MIDO
[12:32:40] [282/456] INNP
[12:32:41] [283/456] MIFU
[12:32:42] [284/456] MMSZ
[12:32:43] [285/456] BMXA
[12:32:44] [286/456] MCAA
[12:32:45] [287/456] SCVP
[12:32:46] [288/456] PLUS
[12:32:47] [289/456] MUCK
[12:32:47] 🔄 Identity reset
[12:32:47] 🔄 Identity rotated (every 10 requests)
[12:32:48] [290/456] MTMA
[12:32:49] [291/456] HPVR
[12:32:50] [292/456] PMPK
[12:32:51] [293/456] MAJB
[12:32:52] [294/456] CTRR
[12:32:52] [295/456] MCTG
[12:32:53] [296/456] MACE
[12:32:54] [297/456] AAAS
[12:32:55] [298/456] CPVV
[12:32:56] [299/456] RCHG
[12:32:56] 🔄 Identity reset
[12:32:56] 🔄 Identity rotated (every 10 requests)
[12:32:57] [300/456] MCNE
[12:32:57] [301/456] EMNC
[12:32:59] [302/456] MCAN
[12:32:59] [303/456] TCDM
[12:33:00] [304/456] IRGT
[12:33:01] [305/456] GCMG
[12:33:04] [306/456] MXSN
[12:33:05] [307/456] MXCK
[12:33:06] [308/456] MCRC
[12:33:07] [309/456] RSMI
[12:33:08] 🔄 Identity reset
[12:33:08] 🔄 Identity rotated (every 10 requests)
[12:33:08] [310/456] WAML
[12:33:10] [311/456] MTSC
[12:33:11] [312/456] FMDR
[12:33:12] [313/456] LEPV
[12:33:13] [314/456] MTGD
[12:33:14] [315/456] IMOB
[12:33:15] [316/456] CLMM
[12:33:16] [317/456] PZCD
[12:33:17] [318/456] GOCS
[12:33:18] [319/456] KCMA
[12:33:18] 🔄 Identity reset
[12:33:18] 🔄 Identity rotated (every 10 requests)
[12:33:18] 🔄 Retry 1/5 for KCMA in 2.6s
[12:33:18] 🔄 Identity reset
[12:33:21] 🧠 New identity created
[12:33:21] [320/456] CCMP
[12:33:22] [321/456] MTSU
[12:33:23] [322/456] SNGL
[12:33:24] [323/456] MMMC
[12:33:25] [324/456] MMAA
[12:33:26] [325/456] GCDM
[12:33:27] [326/456] KTMV
[12:33:28] [327/456] AETE
[12:33:29] [328/456] OMCS
[12:33:30] 🔄 Identity reset
[12:33:30] 🔄 Identity rotated (every 10 requests)
[12:33:30] [329/456] GDCD
[12:33:32] [330/456] NYMD
[12:33:33] [331/456] RNCV
[12:33:34] [332/456] KKMT
[12:33:35] [333/456] GDTH
[12:33:35] [334/456] KMMV
[12:33:37] [335/456] NHCG
[12:33:38] [336/456] PJDW
[12:33:39] [337/456] MMCV
[12:33:40] [338/456] FQSA
[12:33:41] 🔄 Identity reset
[12:33:41] 🔄 Identity rotated (every 10 requests)
[12:33:41] [339/456] KURL
[12:33:42] [340/456] NNNX
[12:33:43] [341/456] AMAU
[12:33:44] [342/456] VVVM
[12:33:44] [343/456] VECU
[12:33:45] [344/456] WCVR
[12:33:46] [345/456] MTGG
[12:33:47] [346/456] SGTG
[12:33:48] [347/456] MNTG
[12:33:49] [348/456] JDDG
[12:33:49] 🔄 Identity reset
[12:33:49] 🔄 Identity rotated (every 10 requests)
[12:33:50] [349/456] MBTK
[12:33:51] [350/456] SGCD
[12:33:52] [351/456] MCTC
[12:33:53] [352/456] JTPC
[12:33:54] [353/456] SDKT
[12:33:54] [354/456] KRCC
[12:33:55] [355/456] RMMD
[12:33:56] [356/456] AAME
[12:33:57] [357/456] TMWC
[12:33:58] [358/456] NRWY
[12:33:58] 🔄 Identity reset
[12:33:58] 🔄 Identity rotated (every 10 requests)
[12:33:59] [359/456] CITD
[12:34:00] [360/456] VERD
[12:34:01] [361/456] MKSK
[12:34:02] [362/456] STSM
[12:34:02] [363/456] MJDG
[12:34:03] [364/456] RKPM
[12:34:05] [365/456] SSCE
[12:34:06] [366/456] VMAE
[12:34:07] [367/456] SBRU
[12:34:09] [368/456] AMBC
[12:34:10] 🔄 Identity reset
[12:34:10] 🔄 Identity rotated (every 10 requests)
[12:34:10] [369/456] AMLU
[12:34:12] [370/456] INVZ
[12:34:13] [371/456] LGTV
[12:34:13] [372/456] SVAD
[12:34:14] [373/456] SMSA
[12:34:15] [374/456] SPCZ
[12:34:16] [375/456] GTCX
[12:34:17] [376/456] SCSL
[12:34:18] [377/456] SAHU
[12:34:19] [378/456] NCDA
[12:34:20] 🔄 Identity reset
[12:34:20] 🔄 Identity rotated (every 10 requests)
[12:34:20] [379/456] SCCG
[12:34:21] [380/456] VKTL
[12:34:22] [381/456] PUUJ
[12:34:24] [382/456] STEJ
[12:34:25] [383/456] RJAL
[12:34:26] [384/456] ACJC
[12:34:26] [385/456] ARVB
[12:34:27] [386/456] AUBB
[12:34:28] [387/456] GDBR
[12:34:29] [388/456] PVND
[12:34:30] 🔄 Identity reset
[12:34:30] 🔄 Identity rotated (every 10 requests)
[12:34:30] [389/456] BGRJ
[12:34:31] [390/456] RJMM
[12:34:32] [391/456] MCSA
[12:34:33] [392/456] BODA
[12:34:34] [393/456] JAGG
[12:34:35] [394/456] SCGA
[12:34:36] [395/456] LRCM
[12:34:37] [396/456] CPCN
[12:34:39] [397/456] SSTF
[12:34:40] [398/456] SRXP
[12:34:40] 🔄 Identity reset
[12:34:40] 🔄 Identity rotated (every 10 requests)
[12:34:41] [399/456] CNFX
[12:34:42] [400/456] ANDI
[12:34:43] [401/456] SYEW
[12:34:44] [402/456] RCRE
[12:34:45] [403/456] SCRW
[12:34:46] [404/456] MBKR
[12:34:48] [405/456] ASNT
[12:34:49] [406/456] JTMT
[12:34:50] [407/456] SHAY
[12:34:51] [408/456] VRTH
[12:34:51] 🔄 Identity reset
[12:34:51] 🔄 Identity rotated (every 10 requests)
[12:34:51] 🔄 Retry 1/5 for VRTH in 2.5s
[12:34:51] 🔄 Identity reset
[12:34:54] 🧠 New identity created
[12:34:54] [409/456] SPTI
[12:34:55] [410/456] DPTD
[12:34:56] [411/456] TGSN
[12:34:57] [412/456] RCWV
[12:34:59] [413/456] OCUR
[12:34:59] [414/456] KSTC
[12:35:00] [415/456] SANI
[12:35:01] [416/456] MLCA
[12:35:02] [417/456] EGCA
[12:35:03] 🔄 Identity reset
[12:35:03] 🔄 Identity rotated (every 10 requests)
[12:35:03] [418/456] SYSN
[12:35:04] [419/456] PKTA
[12:35:05] [420/456] PRCC
[12:35:06] [421/456] KSTR
[12:35:07] [422/456] SNTP
[12:35:07] [423/456] RCHA
[12:35:08] [424/456] SEEA
[12:35:09] [425/456] ALAT
[12:35:10] [426/456] AATV
[12:35:11] [427/456] RJTE
[12:35:11] 🔄 Identity reset
[12:35:11] 🔄 Identity rotated (every 10 requests)
[12:35:12] [428/456] AAPP
[12:35:13] [429/456] PMMH
[12:35:14] [430/456] INRJ
[12:35:15] [431/456] SARB
[12:35:16] [432/456] PCJL
[12:35:16] [433/456] PFJJ
[12:35:17] [434/456] GRDC
[12:35:18] [435/456] BCBA
[12:35:19] [436/456] VIXL
[12:35:20] [437/456] CSTL
[12:35:21] 🔄 Identity reset
[12:35:21] 🔄 Identity rotated (every 10 requests)
[12:35:21] [438/456] MTDK
[12:35:23] [439/456] TDAC
[12:35:23] [440/456] GTDN
[12:35:24] [441/456] TTDE
[12:35:25] [442/456] ASTS
[12:35:27] [443/456] CPNS
[12:35:28] [444/456] PVVW
[12:35:29] [445/456] USEB
[12:35:30] [446/456] DTYN
[12:35:31] [447/456] PVLE
[12:35:32] 🔄 Identity reset
[12:35:32] 🔄 Identity rotated (every 10 requests)
[12:35:32] [448/456] CIPS
[12:35:33] [449/456] PAEG
[12:35:34] [450/456] PTCW
[12:35:35] [451/456] G3SR
[12:35:36] [452/456] PGND
[12:35:37] [453/456] INVM
[12:35:38] [454/456] SPIA
[12:35:39] [455/456] PCSN
[12:35:40] [456/456] PPGV
[12:35:41] 🧹 Deduping shows
[12:35:41] ✅ DONE | Shows=88 | Movies=9
[22:09:44] 🚀 SCRIPT STARTED (enhanced anti‑detection)
[22:09:44] [1/456] FNDB
[22:09:44] 🧠 New identity created
[22:09:45] 🔄 Retry 1/5 for FNDB in 2.3s
[22:09:45] 🔄 Identity reset
[22:09:47] 🧠 New identity created
[22:09:47] 🔄 Retry 2/5 for FNDB in 4.9s
[22:09:47] 🔄 Identity reset
[22:09:52] 🧠 New identity created
[22:09:52] [2/456] AMBH
[22:09:53] [3/456] PRHN
[22:09:54] [4/456] ACPM
[22:09:56] [5/456] PVFS
[22:09:56] [6/456] AACN
[22:09:57] [7/456] ACAS
[22:09:59] [8/456] CTNR
[22:09:59] 🔄 Identity reset
[22:09:59] 🔄 Identity rotated (every 10 requests)
[22:09:59] [9/456] MMAH
[22:10:00] [10/456] CPMH
[22:10:01] [11/456] IGMH
[22:10:02] [12/456] ABCS
[22:10:03] [13/456] CMMA
[22:10:04] [14/456] GPRH
[22:10:06] [15/456] PNNG
[22:10:06] [16/456] AMCA
[22:10:07] [17/456] ISTN
[22:10:08] [18/456] PIIC
[22:10:09] 🔄 Identity reset
[22:10:09] 🔄 Identity rotated (every 10 requests)
[22:10:09] 🔄 Retry 1/5 for PIIC in 2.8s
[22:10:09] 🔄 Identity reset
[22:10:12] 🧠 New identity created
[22:10:12] [19/456] AHMH
[22:10:13] [20/456] ASHN
[22:10:14] [21/456] INHY
[22:10:15] [22/456] SRMO
[22:10:16] [23/456] PIMH
[22:10:17] [24/456] PVTS
[22:10:18] [25/456] MMCA
[22:10:19] [26/456] AKYJ
[22:10:20] [27/456] BRKH
[22:10:20] 🔄 Identity reset
[22:10:20] 🔄 Identity rotated (every 10 requests)
[22:10:21] 🔄 Retry 1/5 for BRKH in 2.2s
[22:10:21] 🔄 Identity reset
[22:10:23] 🧠 New identity created
[22:10:23] [28/456] MAHM
[22:10:24] [29/456] CPHY
[22:10:25] [30/456] PVTP
[22:10:26] [31/456] SMMR
[22:10:27] [32/456] PVHM
[22:10:28] [33/456] SNDY
[22:10:29] [34/456] GOKU
[22:10:31] [35/456] ACEV
[22:10:32] [36/456] PVUM
[22:10:33] 🔄 Identity reset
[22:10:33] 🔄 Identity rotated (every 10 requests)
[22:10:33] 🔄 Retry 1/5 for PVUM in 2.3s
[22:10:33] 🔄 Identity reset
[22:10:35] 🧠 New identity created
[22:10:36] [37/456] VSWA
[22:10:36] [38/456] IPRS
[22:10:42] [39/456] BKMV
[22:10:42] [40/456] PVYH
[22:10:43] [41/456] INKM
[22:10:44] [42/456] ARJU
[22:10:45] [43/456] JJPP
[22:10:46] [44/456] SSRM
[22:10:48] [45/456] HMHD
[22:10:48] 🔄 Identity reset
[22:10:48] 🔄 Identity rotated (every 10 requests)
[22:10:49] [46/456] SNKH
[22:10:50] [47/456] ACHI
[22:10:50] [48/456] MRAA
[22:10:51] [49/456] INMH
[22:10:52] [50/456] ARMH
[22:10:53] [51/456] DVRR
[22:10:54] [52/456] SUDA
[22:10:55] [53/456] MCSS
[22:10:56] [54/456] VRKC
[22:10:57] [55/456] PRCX
[22:10:57] 🔄 Identity reset
[22:10:57] 🔄 Identity rotated (every 10 requests)
[22:10:58] [56/456] ASJY
[22:10:59] [57/456] MTHY
[22:11:00] [58/456] SRCM
[22:11:01] [59/456] TVHY
[22:11:02] [60/456] STHD
[22:11:03] [61/456] CPCL
[22:11:04] [62/456] PSMJ
[22:11:05] [63/456] MRGT
[22:11:06] [64/456] ARYH
[22:11:07] [65/456] VTRB
[22:11:08] 🔄 Identity reset
[22:11:08] 🔄 Identity rotated (every 10 requests)
[22:11:08] 🔄 Retry 1/5 for VTRB in 2.5s
[22:11:08] 🔄 Identity reset
[22:11:10] 🧠 New identity created
[22:11:11] [66/456] SCHC
[22:11:12] [67/456] MRRG
[22:11:13] [68/456] SPCB
[22:11:13] [69/456] AMCM
[22:11:15] [70/456] IVNM
[22:11:16] [71/456] TRHY
[22:11:16] [72/456] PTTH
[22:11:17] [73/456] RKMH
[22:11:19] [74/456] PRCS
[22:11:20] 🔄 Identity reset
[22:11:20] 🔄 Identity rotated (every 10 requests)
[22:11:20] 🔄 Retry 1/5 for PRCS in 2.5s
[22:11:20] 🔄 Identity reset
[22:11:22] 🧠 New identity created
[22:11:22] 🔄 Retry 2/5 for PRCS in 4.1s
[22:11:22] 🔄 Identity reset
[22:11:26] 🧠 New identity created
[22:11:27] [75/456] VAJA
[22:11:28] [76/456] BJNG
[22:11:29] [77/456] SCVM
[22:11:30] [78/456] GNHB
[22:11:31] [79/456] TLUR
[22:11:31] [80/456] UKCC
[22:11:32] [81/456] SRKR
[22:11:33] [82/456] RMKN
[22:11:34] 🔄 Identity reset
[22:11:34] 🔄 Identity rotated (every 10 requests)
[22:11:34] [83/456] SLRT
[22:11:35] [84/456] LKMT
[22:11:36] [85/456] SSRJ
[22:11:37] [86/456] SPHT
[22:11:38] [87/456] ANTT
[22:11:39] [88/456] SRCH
[22:11:40] [89/456] SRCA
[22:11:41] [90/456] ARTH
[22:11:42] [91/456] MCBH
[22:11:43] [92/456] SNIB
[22:11:44] 🔄 Identity reset
[22:11:44] 🔄 Identity rotated (every 10 requests)
[22:11:44] [93/456] SART
[22:11:47] [94/456] SKTA
[22:11:48] [95/456] YAKT
[22:11:49] [96/456] MLCK
[22:11:50] [97/456] ANTS
[22:11:51] [98/456] DGCA
[22:11:52] [99/456] SGMP
[22:11:53] [100/456] ASWN
[22:11:54] [101/456] KFVU
[22:11:55] [102/456] POOR
[22:11:56] 🔄 Identity reset
[22:11:56] 🔄 Identity rotated (every 10 requests)
[22:11:56] [103/456] GKDN
[22:11:57] [104/456] EOSE
[22:11:58] [105/456] GTTT
[22:11:59] [106/456] ARRO
[22:12:00] [107/456] CMMK
[22:12:01] [108/456] MSCN
[22:12:02] [109/456] GDKH
[22:12:03] [110/456] DLMT
[22:12:04] [111/456] PVMF
[22:12:05] [112/456] CPCK
[22:12:06] 🔄 Identity reset
[22:12:06] 🔄 Identity rotated (every 10 requests)
[22:12:06] [113/456] VMHE
[22:12:07] [114/456] PVLC
[22:12:08] [115/456] PCVB
[22:12:09] [116/456] SNYK
[22:12:10] [117/456] KTEK
[22:12:11] [118/456] PCNM
[22:12:12] [119/456] NTTR
[22:12:13] [120/456] CPSK
[22:12:14] [121/456] JMMA
[22:12:16] [122/456] GCFK
[22:12:16] 🔄 Identity reset
[22:12:16] 🔄 Identity rotated (every 10 requests)
[22:12:17] 🔄 Retry 1/5 for GCFK in 2.5s
[22:12:17] 🔄 Identity reset
[22:12:19] 🧠 New identity created
[22:12:20] [123/456] MYCA
[22:12:21] [124/456] KSNP
[22:12:22] [125/456] PMCE
[22:12:23] [126/456] SCKI
[22:12:25] [127/456] FSMA
[22:12:26] [128/456] CETA
[22:12:27] [129/456] MCIK
[22:12:28] [130/456] MYCR
[22:12:29] [131/456] EVMP
[22:12:30] 🔄 Identity reset
[22:12:30] 🔄 Identity rotated (every 10 requests)
[22:12:30] [132/456] SSGT
[22:12:31] [133/456] KCTK
[22:12:32] [134/456] ZTKC
[22:12:33] [135/456] MMTA
[22:12:34] [136/456] MAJT
[22:12:35] [137/456] ACPK
[22:12:36] [138/456] JMAX
[22:12:38] [139/456] SETK
[22:12:39] [140/456] CAIS
[22:12:40] [141/456] AGCD
[22:12:40] 🔄 Identity reset
[22:12:40] 🔄 Identity rotated (every 10 requests)
[22:12:41] [142/456] URCL
[22:12:42] [143/456] VTDS
[22:12:43] [144/456] JCNM
[22:12:44] [145/456] KCAM
[22:12:46] [146/456] ADCU
[22:12:47] [147/456] GXYN
[22:12:48] [148/456] SMJG
[22:12:49] [149/456] EYCJ
[22:12:50] [150/456] CCEJ
[22:12:51] [151/456] MARS
[22:12:52] 🔄 Identity reset
[22:12:52] 🔄 Identity rotated (every 10 requests)
[22:12:52] 🔄 Retry 1/5 for MARS in 2.6s
[22:12:52] 🔄 Identity reset
[22:12:55] 🧠 New identity created
[22:12:55] 🔄 Retry 2/5 for MARS in 4.1s
[22:12:55] 🔄 Identity reset
[22:12:59] 🧠 New identity created
[22:12:59] [152/456] CPVJ
[22:13:00] [153/456] INVP
[22:13:01] [154/456] CPOV
[22:13:03] [155/456] VIJK
[22:13:04] [156/456] LAIM
[22:13:05] [157/456] STHV
[22:13:06] [158/456] SVLJ
[22:13:07] [159/456] ATVJ
[22:13:08] 🔄 Identity reset
[22:13:08] 🔄 Identity rotated (every 10 requests)
[22:13:08] [160/456] JTSC
[22:13:09] [161/456] RMTV
[22:13:10] [162/456] MGGG
[22:13:11] [163/456] SWTH
[22:13:12] [164/456] INVJ
[22:13:13] [165/456] PRSV
[22:13:14] [166/456] JATV
[22:13:16] [167/456] RCVD
[22:13:17] [168/456] BDMA
[22:13:18] [169/456] BLJI
[22:13:18] 🔄 Identity reset
[22:13:18] 🔄 Identity rotated (every 10 requests)
[22:13:20] [170/456] SWOT
[22:13:21] [171/456] SWRN
[22:13:22] [172/456] TVRA
[22:13:23] [173/456] NVRN
[22:13:23] [174/456] SIKC
[22:13:24] [175/456] VAKR
[22:13:25] [176/456] SYLN
[22:13:26] [177/456] KLJL
[22:13:27] [178/456] LKMY
[22:13:28] [179/456] VSLY
[22:13:29] 🔄 Identity reset
[22:13:29] 🔄 Identity rotated (every 10 requests)
[22:13:29] 🔄 Retry 1/5 for VSLY in 2.7s
[22:13:29] 🔄 Identity reset
[22:13:31] 🧠 New identity created
[22:13:32] [180/456] CIKO
[22:13:33] [181/456] GPBG
[22:13:35] [182/456] CECM
[22:13:36] [183/456] SLKB
[22:13:37] [184/456] MTBO
[22:13:38] [185/456] SSHB
[22:13:40] [186/456] VPCS
[22:13:41] [187/456] RCSR
[22:13:42] [188/456] RJRM
[22:13:43] 🔄 Identity reset
[22:13:43] 🔄 Identity rotated (every 10 requests)
[22:13:43] [189/456] KPPB
[22:13:46] [190/456] SEDC
[22:13:47] [191/456] SCAI
[22:13:48] [192/456] RMTR
[22:13:49] [193/456] ASST
[22:13:50] [194/456] GCAK
[22:13:51] [195/456] ANNK
[22:13:52] [196/456] KDDF
[22:13:53] [197/456] NRDP
[22:13:54] [198/456] PLAK
[22:13:55] 🔄 Identity reset
[22:13:55] 🔄 Identity rotated (every 10 requests)
[22:13:57] [199/456] GCMC
[22:13:58] [200/456] ALPY
[22:13:59] [201/456] SICE
[22:14:01] [202/456] SISR
[22:14:02] [203/456] SRPZ
[22:14:03] [204/456] SRSW
[22:14:03] [205/456] SUYA
[22:14:04] [206/456] AMMT
[22:14:06] [207/456] BHCU
[22:14:07] [208/456] KLPA
[22:14:07] 🔄 Identity reset
[22:14:07] 🔄 Identity rotated (every 10 requests)
[22:14:08] [209/456] NVKH
[22:14:09] [210/456] JMRC
[22:14:10] [211/456] KTTT
[22:14:11] [212/456] MAGH
[22:14:12] [213/456] MMMX
[22:14:13] [214/456] SALJ
[22:14:14] [215/456] GTJA
[22:14:15] [216/456] MAHT
[22:14:16] [217/456] SSNN
[22:14:17] [218/456] ARRP
[22:14:17] 🔄 Identity reset
[22:14:17] 🔄 Identity rotated (every 10 requests)
[22:14:17] [219/456] ATNS
[22:14:19] [220/456] SKDT
[22:14:21] [221/456] ACAT
[22:14:22] [222/456] APRC
[22:14:23] [223/456] SWAG
[22:14:24] [224/456] SDPT
[22:14:25] [225/456] STPS
[22:14:26] [226/456] WWCZ
[22:14:27] [227/456] LLCH
[22:14:28] [228/456] MZHA
[22:14:28] 🔄 Identity reset
[22:14:28] 🔄 Identity rotated (every 10 requests)
[22:14:29] [229/456] CRJG
[22:14:30] [230/456] JGTK
[22:14:31] [231/456] KCSR
[22:14:32] [232/456] CHTL
[22:14:32] [233/456] EDSR
[22:14:33] [234/456] CSWO
[22:14:35] [235/456] CPVM
[22:14:36] [236/456] MXBY
[22:14:37] [237/456] FMMA
[22:14:38] [238/456] POVI
[22:14:38] 🔄 Identity reset
[22:14:38] 🔄 Identity rotated (every 10 requests)
[22:14:39] [239/456] MTHB
[22:14:40] [240/456] INRC
[22:14:41] [241/456] PIPP
[22:14:41] [242/456] BMXC
[22:14:42] [243/456] PCMM
[22:14:43] [244/456] PMKM
[22:14:44] [245/456] GATY
[22:14:45] [246/456] IMCM
[22:14:46] [247/456] POPE
[22:14:47] [248/456] MTCR
[22:14:48] 🔄 Identity reset
[22:14:48] 🔄 Identity rotated (every 10 requests)
[22:14:48] [249/456] PVAE
[22:14:49] [250/456] PVMI
[22:14:50] [251/456] CPNM
[22:14:51] [252/456] FMRL
[22:14:52] [253/456] MCIW
[22:14:53] [254/456] MXBO
[22:14:54] [255/456] FMKY
[22:14:55] [256/456] FMDA
[22:14:56] [257/456] THAB
[22:14:57] [258/456] PRCW
[22:14:58] 🔄 Identity reset
[22:14:58] 🔄 Identity rotated (every 10 requests)
[22:14:59] [259/456] PITI
[22:15:00] [260/456] MCFF
[22:15:01] [261/456] PDDV
[22:15:02] [262/456] MCRM
[22:15:03] [263/456] KKMB
[22:15:04] [264/456] INKO
[22:15:05] [265/456] PLXP
[22:15:06] [266/456] MMHA
[22:15:07] [267/456] FMVS
[22:15:08] [268/456] POLM
[22:15:08] 🔄 Identity reset
[22:15:08] 🔄 Identity rotated (every 10 requests)
[22:15:11] [269/456] STER
[22:15:12] [270/456] PVWJ
[22:15:12] [271/456] IMJW
[22:15:14] [272/456] FNAN
[22:15:15] [273/456] CAGL
[22:15:16] [274/456] IPBG
[22:15:17] [275/456] SMFV
[22:15:18] [276/456] MMMR
[22:15:19] [277/456] MMWM
[22:15:20] [278/456] FNCM
[22:15:20] 🔄 Identity reset
[22:15:20] 🔄 Identity rotated (every 10 requests)
[22:15:21] [279/456] MDVA
[22:15:22] [280/456] MMET
[22:15:22] [281/456] MIDO
[22:15:24] [282/456] INNP
[22:15:25] [283/456] MIFU
[22:15:26] [284/456] MMSZ
[22:15:27] [285/456] BMXA
[22:15:29] [286/456] MCAA
[22:15:30] [287/456] SCVP
[22:15:31] [288/456] PLUS
[22:15:31] 🔄 Identity reset
[22:15:31] 🔄 Identity rotated (every 10 requests)
[22:15:32] [289/456] MUCK
[22:15:33] [290/456] MTMA
[22:15:34] [291/456] HPVR
[22:15:35] [292/456] PMPK
[22:15:36] [293/456] MAJB
[22:15:38] [294/456] CTRR
[22:15:39] [295/456] MCTG
[22:15:39] [296/456] MACE
[22:15:40] [297/456] AAAS
[22:15:42] [298/456] CPVV
[22:15:42] 🔄 Identity reset
[22:15:42] 🔄 Identity rotated (every 10 requests)
[22:15:43] [299/456] RCHG
[22:15:44] [300/456] MCNE
[22:15:45] [301/456] EMNC
[22:15:46] [302/456] MCAN
[22:15:47] [303/456] TCDM
[22:15:49] [304/456] IRGT
[22:15:51] [305/456] GCMG
[22:15:52] [306/456] MXSN
[22:15:52] [307/456] MXCK
[22:15:54] [308/456] MCRC
[22:15:54] 🔄 Identity reset
[22:15:54] 🔄 Identity rotated (every 10 requests)
[22:15:55] [309/456] RSMI
[22:15:57] [310/456] WAML
[22:15:58] [311/456] MTSC
[22:15:59] [312/456] FMDR
[22:16:00] [313/456] LEPV
[22:16:01] [314/456] MTGD
[22:16:02] [315/456] IMOB
[22:16:04] [316/456] CLMM
[22:16:05] [317/456] PZCD
[22:16:06] [318/456] GOCS
[22:16:06] 🔄 Identity reset
[22:16:06] 🔄 Identity rotated (every 10 requests)
[22:16:06] [319/456] KCMA
[22:16:07] [320/456] CCMP
[22:16:09] [321/456] MTSU
[22:16:10] [322/456] SNGL
[22:16:11] [323/456] MMMC
[22:16:11] [324/456] MMAA
[22:16:12] [325/456] GCDM
[22:16:13] [326/456] KTMV
[22:16:14] [327/456] AETE
[22:16:15] [328/456] OMCS
[22:16:16] 🔄 Identity reset
[22:16:16] 🔄 Identity rotated (every 10 requests)
[22:16:16] [329/456] GDCD
[22:16:17] [330/456] NYMD
[22:16:19] [331/456] RNCV
[22:16:19] [332/456] KKMT
[22:16:20] [333/456] GDTH
[22:16:21] [334/456] KMMV
[22:16:22] [335/456] NHCG
[22:16:23] [336/456] PJDW
[22:16:24] [337/456] MMCV
[22:16:25] [338/456] FQSA
[22:16:26] 🔄 Identity reset
[22:16:26] 🔄 Identity rotated (every 10 requests)
[22:16:26] [339/456] KURL
[22:16:27] [340/456] NNNX
[22:16:28] [341/456] AMAU
[22:16:29] [342/456] VVVM
[22:16:30] [343/456] VECU
[22:16:31] [344/456] WCVR
[22:16:32] [345/456] MTGG
[22:16:33] [346/456] SGTG
[22:16:34] [347/456] MNTG
[22:16:35] [348/456] JDDG
[22:16:35] 🔄 Identity reset
[22:16:35] 🔄 Identity rotated (every 10 requests)
[22:16:36] [349/456] MBTK
[22:16:37] [350/456] SGCD
[22:16:38] [351/456] MCTC
[22:16:39] [352/456] JTPC
[22:16:39] [353/456] SDKT
[22:16:41] [354/456] KRCC
[22:16:41] [355/456] RMMD
[22:16:42] [356/456] AAME
[22:16:43] [357/456] TMWC
[22:16:45] [358/456] NRWY
[22:16:45] 🔄 Identity reset
[22:16:45] 🔄 Identity rotated (every 10 requests)
[22:16:45] [359/456] CITD
[22:16:46] [360/456] VERD
[22:16:47] [361/456] MKSK
[22:16:48] [362/456] STSM
[22:16:50] [363/456] MJDG
[22:16:51] [364/456] RKPM
[22:16:52] [365/456] SSCE
[22:16:53] [366/456] VMAE
[22:16:54] [367/456] SBRU
[22:16:55] [368/456] AMBC
[22:16:55] 🔄 Identity reset
[22:16:55] 🔄 Identity rotated (every 10 requests)
[22:16:56] [369/456] AMLU
[22:16:57] [370/456] INVZ
[22:16:57] [371/456] LGTV
[22:16:58] [372/456] SVAD
[22:16:59] [373/456] SMSA
[22:17:00] [374/456] SPCZ
[22:17:02] [375/456] GTCX
[22:17:03] [376/456] SCSL
[22:17:04] [377/456] SAHU
[22:17:05] [378/456] NCDA
[22:17:05] 🔄 Identity reset
[22:17:06] 🔄 Identity rotated (every 10 requests)
[22:17:06] [379/456] SCCG
[22:17:07] [380/456] VKTL
[22:17:08] [381/456] PUUJ
[22:17:09] [382/456] STEJ
[22:17:10] [383/456] RJAL
[22:17:11] [384/456] ACJC
[22:17:12] [385/456] ARVB
[22:17:13] [386/456] AUBB
[22:17:14] [387/456] GDBR
[22:17:14] [388/456] PVND
[22:17:15] 🔄 Identity reset
[22:17:15] 🔄 Identity rotated (every 10 requests)
[22:17:16] [389/456] BGRJ
[22:17:16] [390/456] RJMM
[22:17:17] [391/456] MCSA
[22:17:18] [392/456] BODA
[22:17:19] [393/456] JAGG
[22:17:20] [394/456] SCGA
[22:17:21] [395/456] LRCM
[22:17:22] [396/456] CPCN
[22:17:23] [397/456] SSTF
[22:17:24] [398/456] SRXP
[22:17:24] 🔄 Identity reset
[22:17:24] 🔄 Identity rotated (every 10 requests)
[22:17:25] [399/456] CNFX
[22:17:26] [400/456] ANDI
[22:17:27] [401/456] SYEW
[22:17:29] [402/456] RCRE
[22:17:30] [403/456] SCRW
[22:17:31] [404/456] MBKR
[22:17:32] [405/456] ASNT
[22:17:33] [406/456] JTMT
[22:17:36] [407/456] SHAY
[22:17:36] [408/456] VRTH
[22:17:37] 🔄 Identity reset
[22:17:37] 🔄 Identity rotated (every 10 requests)
[22:17:38] [409/456] SPTI
[22:17:39] [410/456] DPTD
[22:17:42] [411/456] TGSN
[22:17:44] [412/456] RCWV
[22:17:45] [413/456] OCUR
[22:17:46] [414/456] KSTC
[22:17:47] [415/456] SANI
[22:17:48] [416/456] MLCA
[22:17:50] [417/456] EGCA
[22:17:50] [418/456] SYSN
[22:17:51] 🔄 Identity reset
[22:17:51] 🔄 Identity rotated (every 10 requests)
[22:17:51] [419/456] PKTA
[22:17:52] [420/456] PRCC
[22:17:54] [421/456] KSTR
[22:17:55] [422/456] SNTP
[22:17:56] [423/456] RCHA
[22:17:57] [424/456] SEEA
[22:17:58] [425/456] ALAT
[22:17:59] [426/456] AATV
[22:18:00] [427/456] RJTE
[22:18:01] [428/456] AAPP
[22:18:01] 🔄 Identity reset
[22:18:02] 🔄 Identity rotated (every 10 requests)
[22:18:02] [429/456] PMMH
[22:18:03] [430/456] INRJ
[22:18:04] [431/456] SARB
[22:18:05] [432/456] PCJL
[22:18:06] [433/456] PFJJ
[22:18:07] [434/456] GRDC
[22:18:08] [435/456] BCBA
[22:18:09] [436/456] VIXL
[22:18:10] [437/456] CSTL
[22:18:11] [438/456] MTDK
[22:18:12] 🔄 Identity reset
[22:18:12] 🔄 Identity rotated (every 10 requests)
[22:18:12] [439/456] TDAC
[22:18:14] [440/456] GTDN
[22:18:15] [441/456] TTDE
[22:18:15] [442/456] ASTS
[22:18:16] [443/456] CPNS
[22:18:17] [444/456] PVVW
[22:18:18] [445/456] USEB
[22:18:19] [446/456] DTYN
[22:18:20] [447/456] PVLE
[22:18:21] [448/456] CIPS
[22:18:22] 🔄 Identity reset
[22:18:22] 🔄 Identity rotated (every 10 requests)
[22:18:23] [449/456] PAEG
[22:18:24] [450/456] PTCW
[22:18:25] [451/456] G3SR
[22:18:26] [452/456] PGND
[22:18:26] [453/456] INVM
[22:18:27] [454/456] SPIA
[22:18:28] [455/456] PCSN
[22:18:29] [456/456] PPGV
[22:18:31] 🧹 Deduping shows
[22:18:31] ✅ DONE | Shows=286 | Movies=22
[07:13:03] 🚀 SCRIPT STARTED (enhanced anti‑detection)
[07:13:03] [1/456] FNDB
[07:13:03] 🧠 New identity created
[07:13:04] [2/456] AMBH
[07:13:05] [3/456] PRHN
[07:13:06] [4/456] ACPM
[07:13:07] [5/456] PVFS
[07:13:09] [6/456] AACN
[07:13:10] [7/456] ACAS
[07:13:10] [8/456] CTNR
[07:13:12] [9/456] MMAH
[07:13:12] [10/456] CPMH
[07:13:13] 🔄 Identity reset
[07:13:13] 🔄 Identity rotated (every 10 requests)
[07:13:13] 🔄 Retry 1/5 for CPMH in 2.5s
[07:13:13] 🔄 Identity reset
[07:13:16] 🧠 New identity created
[07:13:16] [11/456] IGMH
[07:13:17] [12/456] ABCS
[07:13:17] [13/456] CMMA
[07:13:18] [14/456] GPRH
[07:13:19] [15/456] PNNG
[07:13:20] [16/456] AMCA
[07:13:21] [17/456] ISTN
[07:13:22] [18/456] PIIC
[07:13:23] [19/456] AHMH
[07:13:24] 🔄 Identity reset
[07:13:24] 🔄 Identity rotated (every 10 requests)
[07:13:24] 🔄 Retry 1/5 for AHMH in 2.2s
[07:13:24] 🔄 Identity reset
[07:13:26] 🧠 New identity created
[07:13:27] [20/456] ASHN
[07:13:27] [21/456] INHY
[07:13:28] [22/456] SRMO
[07:13:29] [23/456] PIMH
[07:13:30] [24/456] PVTS
[07:13:31] [25/456] MMCA
[07:13:32] [26/456] AKYJ
[07:13:34] [27/456] BRKH
[07:13:35] [28/456] MAHM
[07:13:35] 🔄 Identity reset
[07:13:35] 🔄 Identity rotated (every 10 requests)
[07:13:35] 🔄 Retry 1/5 for MAHM in 2.0s
[07:13:35] 🔄 Identity reset
[07:13:37] 🧠 New identity created
[07:13:38] [29/456] CPHY
[07:13:38] [30/456] PVTP
[07:13:39] [31/456] SMMR
[07:13:41] [32/456] PVHM
[07:13:42] [33/456] SNDY
[07:13:43] [34/456] GOKU
[07:13:44] [35/456] ACEV
[07:13:45] [36/456] PVUM
[07:13:46] [37/456] VSWA
[07:13:46] 🔄 Identity reset
[07:13:46] 🔄 Identity rotated (every 10 requests)
[07:13:47] [38/456] IPRS
[07:13:48] [39/456] BKMV
[07:13:49] [40/456] PVYH
[07:13:50] [41/456] INKM
[07:13:50] [42/456] ARJU
[07:13:51] [43/456] JJPP
[07:13:52] [44/456] SSRM
[07:13:53] [45/456] HMHD
[07:13:54] [46/456] SNKH
[07:13:55] [47/456] ACHI
[07:13:55] 🔄 Identity reset
[07:13:55] 🔄 Identity rotated (every 10 requests)
[07:13:56] [48/456] MRAA
[07:13:56] [49/456] INMH
[07:13:57] [50/456] ARMH
[07:13:58] [51/456] DVRR
[07:13:59] [52/456] SUDA
[07:14:00] [53/456] MCSS
[07:14:01] [54/456] VRKC
[07:14:02] [55/456] PRCX
[07:14:02] [56/456] ASJY
[07:14:03] [57/456] MTHY
[07:14:04] 🔄 Identity reset
[07:14:04] 🔄 Identity rotated (every 10 requests)
[07:14:04] 🔄 Retry 1/5 for MTHY in 2.9s
[07:14:04] 🔄 Identity reset
[07:14:07] 🧠 New identity created
[07:14:07] 🔄 Retry 2/5 for MTHY in 4.8s
[07:14:07] 🔄 Identity reset
[07:14:12] 🧠 New identity created
[07:14:12] 🔄 Retry 3/5 for MTHY in 8.8s
[07:14:12] 🔄 Identity reset
[07:14:21] 🧠 New identity created
[07:14:21] [58/456] SRCM
[07:14:22] [59/456] TVHY
[07:14:23] [60/456] STHD
[07:14:24] [61/456] CPCL
[07:14:25] [62/456] PSMJ
[07:14:27] [63/456] MRGT
[07:14:28] [64/456] ARYH
[07:14:29] 🔄 Identity reset
[07:14:29] 🔄 Identity rotated (every 10 requests)
[07:14:29] [65/456] VTRB
[07:14:30] [66/456] SCHC
[07:14:31] [67/456] MRRG
[07:14:32] [68/456] SPCB
[07:14:34] [69/456] AMCM
[07:14:35] [70/456] IVNM
[07:14:36] [71/456] TRHY
[07:14:36] [72/456] PTTH
[07:14:37] [73/456] RKMH
[07:14:38] [74/456] PRCS
[07:14:38] 🔄 Identity reset
[07:14:38] 🔄 Identity rotated (every 10 requests)
[07:14:38] 🔄 Retry 1/5 for PRCS in 2.5s
[07:14:38] 🔄 Identity reset
[07:14:41] 🧠 New identity created
[07:14:41] 🔄 Retry 2/5 for PRCS in 4.7s
[07:14:41] 🔄 Identity reset
[07:14:46] 🧠 New identity created
[07:14:46] [75/456] VAJA
[07:14:47] [76/456] BJNG
[07:14:48] [77/456] SCVM
[07:14:48] [78/456] GNHB
[07:14:50] [79/456] TLUR
[07:14:52] [80/456] UKCC
[07:14:53] [81/456] SRKR
[07:14:54] [82/456] RMKN
[07:14:54] 🔄 Identity reset
[07:14:54] 🔄 Identity rotated (every 10 requests)
[07:14:55] [83/456] SLRT
[07:14:56] [84/456] LKMT
[07:14:57] [85/456] SSRJ
[07:14:57] [86/456] SPHT
[07:14:58] [87/456] ANTT
[07:14:59] [88/456] SRCH
[07:15:00] [89/456] SRCA
[07:15:01] [90/456] ARTH
[07:15:02] [91/456] MCBH
[07:15:03] [92/456] SNIB
[07:15:03] 🔄 Identity reset
[07:15:03] 🔄 Identity rotated (every 10 requests)
[07:15:04] [93/456] SART
[07:15:05] [94/456] SKTA
[07:15:05] [95/456] YAKT
[07:15:06] [96/456] MLCK
[07:15:08] [97/456] ANTS
[07:15:09] [98/456] DGCA
[07:15:09] [99/456] SGMP
[07:15:10] [100/456] ASWN
[07:15:11] [101/456] KFVU
[07:15:12] [102/456] POOR
[07:15:13] 🔄 Identity reset
[07:15:13] 🔄 Identity rotated (every 10 requests)
[07:15:13] [103/456] GKDN
[07:15:13] [104/456] EOSE
[07:15:15] [105/456] GTTT
[07:15:16] [106/456] ARRO
[07:15:17] [107/456] CMMK
[07:15:18] [108/456] MSCN
[07:15:19] [109/456] GDKH
[07:15:20] [110/456] DLMT
[07:15:21] [111/456] PVMF
[07:15:22] [112/456] CPCK
[07:15:23] 🔄 Identity reset
[07:15:23] 🔄 Identity rotated (every 10 requests)
[07:15:23] [113/456] VMHE
[07:15:24] [114/456] PVLC
[07:15:25] [115/456] PCVB
[07:15:26] [116/456] SNYK
[07:15:27] [117/456] KTEK
[07:15:28] [118/456] PCNM
[07:15:29] [119/456] NTTR
[07:15:30] [120/456] CPSK
[07:15:30] [121/456] JMMA
[07:15:31] [122/456] GCFK
[07:15:32] 🔄 Identity reset
[07:15:32] 🔄 Identity rotated (every 10 requests)
[07:15:32] 🔄 Retry 1/5 for GCFK in 2.8s
[07:15:32] 🔄 Identity reset
[07:15:35] 🧠 New identity created
[07:15:35] [123/456] MYCA
[07:15:36] [124/456] KSNP
[07:15:37] [125/456] PMCE
[07:15:38] [126/456] SCKI
[07:15:39] [127/456] FSMA
[07:15:39] [128/456] CETA
[07:15:40] [129/456] MCIK
[07:15:41] [130/456] MYCR
[07:15:41] [131/456] EVMP
[07:15:42] 🔄 Identity reset
[07:15:42] 🔄 Identity rotated (every 10 requests)
[07:15:42] [132/456] SSGT
[07:15:43] [133/456] KCTK
[07:15:44] [134/456] ZTKC
[07:15:45] [135/456] MMTA
[07:15:46] [136/456] MAJT
[07:15:47] [137/456] ACPK
[07:15:48] [138/456] JMAX
[07:15:49] [139/456] SETK
[07:15:49] [140/456] CAIS
[07:15:50] [141/456] AGCD
[07:15:51] 🔄 Identity reset
[07:15:51] 🔄 Identity rotated (every 10 requests)
[07:15:51] [142/456] URCL
[07:15:52] [143/456] VTDS
[07:15:53] [144/456] JCNM
[07:15:54] [145/456] KCAM
[07:15:56] [146/456] ADCU
[07:15:57] [147/456] GXYN
[07:15:58] [148/456] SMJG
[07:15:59] [149/456] EYCJ
[07:16:00] [150/456] CCEJ
[07:16:01] [151/456] MARS
[07:16:01] 🔄 Identity reset
[07:16:01] 🔄 Identity rotated (every 10 requests)
[07:16:02] [152/456] CPVJ
[07:16:03] [153/456] INVP
[07:16:04] [154/456] CPOV
[07:16:05] [155/456] VIJK
[07:16:06] [156/456] LAIM
[07:16:07] [157/456] STHV
[07:16:08] [158/456] SVLJ
[07:16:09] [159/456] ATVJ
[07:16:10] [160/456] JTSC
[07:16:11] [161/456] RMTV
[07:16:12] 🔄 Identity reset
[07:16:12] 🔄 Identity rotated (every 10 requests)
[07:16:12] [162/456] MGGG
[07:16:13] [163/456] SWTH
[07:16:14] [164/456] INVJ
[07:16:15] [165/456] PRSV
[07:16:15] [166/456] JATV
[07:16:16] [167/456] RCVD
[07:16:17] [168/456] BDMA
[07:16:18] [169/456] BLJI
[07:16:18] [170/456] SWOT
[07:16:19] [171/456] SWRN
[07:16:20] 🔄 Identity reset
[07:16:20] 🔄 Identity rotated (every 10 requests)
[07:16:20] [172/456] TVRA
[07:16:22] [173/456] NVRN
[07:16:23] [174/456] SIKC
[07:16:24] [175/456] VAKR
[07:16:25] [176/456] SYLN
[07:16:26] [177/456] KLJL
[07:16:27] [178/456] LKMY
[07:16:28] [179/456] VSLY
[07:16:29] [180/456] CIKO
[07:16:30] [181/456] GPBG
[07:16:31] 🔄 Identity reset
[07:16:31] 🔄 Identity rotated (every 10 requests)
[07:16:31] 🔄 Retry 1/5 for GPBG in 2.8s
[07:16:31] 🔄 Identity reset
[07:16:33] 🧠 New identity created
[07:16:34] 🔄 Retry 2/5 for GPBG in 4.1s
[07:16:34] 🔄 Identity reset
[07:16:38] 🧠 New identity created
[07:16:38] [182/456] CECM
[07:16:39] [183/456] SLKB
[07:16:39] [184/456] MTBO
[07:16:40] [185/456] SSHB
[07:16:41] [186/456] VPCS
[07:16:42] [187/456] RCSR
[07:16:43] [188/456] RJRM
[07:16:44] [189/456] KPPB
[07:16:45] 🔄 Identity reset
[07:16:45] 🔄 Identity rotated (every 10 requests)
[07:16:45] [190/456] SEDC
[07:16:46] [191/456] SCAI
[07:16:47] [192/456] RMTR
[07:16:49] [193/456] ASST
[07:16:49] [194/456] GCAK
[07:16:50] [195/456] ANNK
[07:16:52] [196/456] KDDF
[07:16:52] [197/456] NRDP
[07:16:53] [198/456] PLAK
[07:16:55] [199/456] GCMC
[07:16:56] 🔄 Identity reset
[07:16:56] 🔄 Identity rotated (every 10 requests)
[07:16:56] [200/456] ALPY
[07:16:57] [201/456] SICE
[07:16:58] [202/456] SISR
[07:16:59] [203/456] SRPZ
[07:17:00] [204/456] SRSW
[07:17:01] [205/456] SUYA
[07:17:02] [206/456] AMMT
[07:17:02] [207/456] BHCU
[07:17:03] [208/456] KLPA
[07:17:04] [209/456] NVKH
[07:17:05] 🔄 Identity reset
[07:17:05] 🔄 Identity rotated (every 10 requests)
[07:17:05] [210/456] JMRC
[07:17:07] [211/456] KTTT
[07:17:08] [212/456] MAGH
[07:17:09] [213/456] MMMX
[07:17:09] [214/456] SALJ
[07:17:10] [215/456] GTJA
[07:17:11] [216/456] MAHT
[07:17:12] [217/456] SSNN
[07:17:13] [218/456] ARRP
[07:17:14] [219/456] ATNS
[07:17:15] 🔄 Identity reset
[07:17:15] 🔄 Identity rotated (every 10 requests)
[07:17:15] 🔄 Retry 1/5 for ATNS in 2.0s
[07:17:15] 🔄 Identity reset
[07:17:17] 🧠 New identity created
[07:17:17] [220/456] SKDT
[07:17:18] [221/456] ACAT
[07:17:19] [222/456] APRC
[07:17:20] [223/456] SWAG
[07:17:22] [224/456] SDPT
[07:17:22] [225/456] STPS
[07:17:23] [226/456] WWCZ
[07:17:24] [227/456] LLCH
[07:17:25] [228/456] MZHA
[07:17:26] 🔄 Identity reset
[07:17:26] 🔄 Identity rotated (every 10 requests)
[07:17:26] 🔄 Retry 1/5 for MZHA in 2.2s
[07:17:26] 🔄 Identity reset
[07:17:28] 🧠 New identity created
[07:17:28] [229/456] CRJG
[07:17:29] [230/456] JGTK
[07:17:29] [231/456] KCSR
[07:17:30] [232/456] CHTL
[07:17:31] [233/456] EDSR
[07:17:32] [234/456] CSWO
[07:17:33] [235/456] CPVM
[07:17:34] [236/456] MXBY
[07:17:35] [237/456] FMMA
[07:17:36] 🔄 Identity reset
[07:17:36] 🔄 Identity rotated (every 10 requests)
[07:17:36] [238/456] POVI
[07:17:36] [239/456] MTHB
[07:17:37] [240/456] INRC
[07:17:38] [241/456] PIPP
[07:17:39] [242/456] BMXC
[07:17:40] [243/456] PCMM
[07:17:41] [244/456] PMKM
[07:17:42] [245/456] GATY
[07:17:44] [246/456] IMCM
[07:17:45] [247/456] POPE
[07:17:45] 🔄 Identity reset
[07:17:45] 🔄 Identity rotated (every 10 requests)
[07:17:46] [248/456] MTCR
[07:17:46] [249/456] PVAE
[07:17:47] [250/456] PVMI
[07:17:48] [251/456] CPNM
[07:17:49] [252/456] FMRL
[07:17:50] [253/456] MCIW
[07:17:51] [254/456] MXBO
[07:17:52] [255/456] FMKY
[07:17:53] [256/456] FMDA
[07:17:54] [257/456] THAB
[07:17:54] 🔄 Identity reset
[07:17:54] 🔄 Identity rotated (every 10 requests)
[07:17:54] [258/456] PRCW
[07:17:55] [259/456] PITI
[07:17:56] [260/456] MCFF
[07:17:57] [261/456] PDDV
[07:17:58] [262/456] MCRM
[07:17:59] [263/456] KKMB
[07:18:00] [264/456] INKO
[07:18:01] [265/456] PLXP
[07:18:02] [266/456] MMHA
[07:18:03] [267/456] FMVS
[07:18:03] 🔄 Identity reset
[07:18:03] 🔄 Identity rotated (every 10 requests)
[07:18:04] [268/456] POLM
[07:18:05] [269/456] STER
[07:18:06] [270/456] PVWJ
[07:18:06] [271/456] IMJW
[07:18:07] [272/456] FNAN
[07:18:07] [273/456] CAGL
[07:18:08] [274/456] IPBG
[07:18:09] [275/456] SMFV
[07:18:10] [276/456] MMMR
[07:18:11] [277/456] MMWM
[07:18:11] 🔄 Identity reset
[07:18:11] 🔄 Identity rotated (every 10 requests)
[07:18:12] [278/456] FNCM
[07:18:12] [279/456] MDVA
[07:18:13] [280/456] MMET
[07:18:14] [281/456] MIDO
[07:18:15] [282/456] INNP
[07:18:15] [283/456] MIFU
[07:18:16] [284/456] MMSZ
[07:18:17] [285/456] BMXA
[07:18:18] [286/456] MCAA
[07:18:19] [287/456] SCVP
[07:18:20] 🔄 Identity reset
[07:18:20] 🔄 Identity rotated (every 10 requests)
[07:18:20] [288/456] PLUS
[07:18:21] [289/456] MUCK
[07:18:22] [290/456] MTMA
[07:18:23] [291/456] HPVR
[07:18:24] [292/456] PMPK
[07:18:25] [293/456] MAJB
[07:18:26] [294/456] CTRR
[07:18:27] [295/456] MCTG
[07:18:27] [296/456] MACE
[07:18:28] [297/456] AAAS
[07:18:29] 🔄 Identity reset
[07:18:29] 🔄 Identity rotated (every 10 requests)
[07:18:29] [298/456] CPVV
[07:18:30] [299/456] RCHG
[07:18:31] [300/456] MCNE
[07:18:32] [301/456] EMNC
[07:18:33] [302/456] MCAN
[07:18:34] [303/456] TCDM
[07:18:35] [304/456] IRGT
[07:18:36] [305/456] GCMG
[07:18:37] [306/456] MXSN
[07:18:37] [307/456] MXCK
[07:18:38] 🔄 Identity reset
[07:18:38] 🔄 Identity rotated (every 10 requests)
[07:18:38] [308/456] MCRC
[07:18:40] [309/456] RSMI
[07:18:41] [310/456] WAML
[07:18:42] [311/456] MTSC
[07:18:43] [312/456] FMDR
[07:18:44] [313/456] LEPV
[07:18:45] [314/456] MTGD
[07:18:46] [315/456] IMOB
[07:18:47] [316/456] CLMM
[07:18:47] [317/456] PZCD
[07:18:48] 🔄 Identity reset
[07:18:48] 🔄 Identity rotated (every 10 requests)
[07:18:48] [318/456] GOCS
[07:18:49] [319/456] KCMA
[07:18:50] [320/456] CCMP
[07:18:51] [321/456] MTSU
[07:18:52] [322/456] SNGL
[07:18:52] [323/456] MMMC
[07:18:53] [324/456] MMAA
[07:18:54] [325/456] GCDM
[07:18:55] [326/456] KTMV
[07:18:56] [327/456] AETE
[07:18:56] 🔄 Identity reset
[07:18:56] 🔄 Identity rotated (every 10 requests)
[07:18:56] [328/456] OMCS
[07:18:58] [329/456] GDCD
[07:18:59] [330/456] NYMD
[07:19:00] [331/456] RNCV
[07:19:01] [332/456] KKMT
[07:19:02] [333/456] GDTH
[07:19:04] [334/456] KMMV
[07:19:04] [335/456] NHCG
[07:19:05] [336/456] PJDW
[07:19:06] [337/456] MMCV
[07:19:06] 🔄 Identity reset
[07:19:06] 🔄 Identity rotated (every 10 requests)
[07:19:07] [338/456] FQSA
[07:19:08] [339/456] KURL
[07:19:08] [340/456] NNNX
[07:19:09] [341/456] AMAU
[07:19:10] [342/456] VVVM
[07:19:11] [343/456] VECU
[07:19:12] [344/456] WCVR
[07:19:13] [345/456] MTGG
[07:19:14] [346/456] SGTG
[07:19:15] [347/456] MNTG
[07:19:15] 🔄 Identity reset
[07:19:15] 🔄 Identity rotated (every 10 requests)
[07:19:15] 🔄 Retry 1/5 for MNTG in 2.4s
[07:19:15] 🔄 Identity reset
[07:19:18] 🧠 New identity created
[07:19:18] [348/456] JDDG
[07:19:19] [349/456] MBTK
[07:19:20] [350/456] SGCD
[07:19:21] [351/456] MCTC
[07:19:21] [352/456] JTPC
[07:19:22] [353/456] SDKT
[07:19:23] [354/456] KRCC
[07:19:24] [355/456] RMMD
[07:19:25] [356/456] AAME
[07:19:26] 🔄 Identity reset
[07:19:26] 🔄 Identity rotated (every 10 requests)
[07:19:26] [357/456] TMWC
[07:19:27] [358/456] NRWY
[07:19:27] [359/456] CITD
[07:19:28] [360/456] VERD
[07:19:29] [361/456] MKSK
[07:19:30] [362/456] STSM
[07:19:31] [363/456] MJDG
[07:19:32] [364/456] RKPM
[07:19:33] [365/456] SSCE
[07:19:34] [366/456] VMAE
[07:19:35] 🔄 Identity reset
[07:19:35] 🔄 Identity rotated (every 10 requests)
[07:19:35] [367/456] SBRU
[07:19:36] [368/456] AMBC
[07:19:37] [369/456] AMLU
[07:19:38] [370/456] INVZ
[07:19:39] [371/456] LGTV
[07:19:40] [372/456] SVAD
[07:19:40] [373/456] SMSA
[07:19:41] [374/456] SPCZ
[07:19:43] [375/456] GTCX
[07:19:44] [376/456] SCSL
[07:19:44] 🔄 Identity reset
[07:19:44] 🔄 Identity rotated (every 10 requests)
[07:19:44] [377/456] SAHU
[07:19:45] [378/456] NCDA
[07:19:46] [379/456] SCCG
[07:19:47] [380/456] VKTL
[07:19:48] [381/456] PUUJ
[07:19:49] [382/456] STEJ
[07:19:50] [383/456] RJAL
[07:19:50] [384/456] ACJC
[07:19:51] [385/456] ARVB
[07:19:52] [386/456] AUBB
[07:19:53] 🔄 Identity reset
[07:19:53] 🔄 Identity rotated (every 10 requests)
[07:19:53] [387/456] GDBR
[07:19:54] [388/456] PVND
[07:19:55] [389/456] BGRJ
[07:19:56] [390/456] RJMM
[07:19:57] [391/456] MCSA
[07:19:58] [392/456] BODA
[07:20:00] [393/456] JAGG
[07:20:01] [394/456] SCGA
[07:20:02] [395/456] LRCM
[07:20:02] [396/456] CPCN
[07:20:03] 🔄 Identity reset
[07:20:03] 🔄 Identity rotated (every 10 requests)
[07:20:03] 🔄 Retry 1/5 for CPCN in 2.3s
[07:20:03] 🔄 Identity reset
[07:20:05] 🧠 New identity created
[07:20:06] [397/456] SSTF
[07:20:07] [398/456] SRXP
[07:20:08] [399/456] CNFX
[07:20:09] [400/456] ANDI
[07:20:11] [401/456] SYEW
[07:20:12] [402/456] RCRE
[07:20:13] [403/456] SCRW
[07:20:14] [404/456] MBKR
[07:20:16] [405/456] ASNT
[07:20:16] 🔄 Identity reset
[07:20:16] 🔄 Identity rotated (every 10 requests)
[07:20:17] [406/456] JTMT
[07:20:18] [407/456] SHAY
[07:20:19] [408/456] VRTH
[07:20:20] [409/456] SPTI
[07:20:21] [410/456] DPTD
[07:20:21] [411/456] TGSN
[07:20:22] [412/456] RCWV
[07:20:23] [413/456] OCUR
[07:20:25] [414/456] KSTC
[07:20:26] [415/456] SANI
[07:20:26] 🔄 Identity reset
[07:20:26] 🔄 Identity rotated (every 10 requests)
[07:20:26] [416/456] MLCA
[07:20:27] [417/456] EGCA
[07:20:28] [418/456] SYSN
[07:20:29] [419/456] PKTA
[07:20:30] [420/456] PRCC
[07:20:31] [421/456] KSTR
[07:20:32] [422/456] SNTP
[07:20:32] [423/456] RCHA
[07:20:33] [424/456] SEEA
[07:20:34] [425/456] ALAT
[07:20:34] 🔄 Identity reset
[07:20:34] 🔄 Identity rotated (every 10 requests)
[07:20:34] 🔄 Retry 1/5 for ALAT in 2.5s
[07:20:34] 🔄 Identity reset
[07:20:37] 🧠 New identity created
[07:20:37] 🔄 Retry 2/5 for ALAT in 4.7s
[07:20:37] 🔄 Identity reset
[07:20:42] 🧠 New identity created
[07:20:42] [426/456] AATV
[07:20:43] [427/456] RJTE
[07:20:44] [428/456] AAPP
[07:20:45] [429/456] PMMH
[07:20:46] [430/456] INRJ
[07:20:46] [431/456] SARB
[07:20:48] [432/456] PCJL
[07:20:49] [433/456] PFJJ
[07:20:50] 🔄 Identity reset
[07:20:50] 🔄 Identity rotated (every 10 requests)
[07:20:50] [434/456] GRDC
[07:20:51] [435/456] BCBA
[07:20:52] [436/456] VIXL
[07:20:53] [437/456] CSTL
[07:20:53] [438/456] MTDK
[07:20:54] [439/456] TDAC
[07:20:55] [440/456] GTDN
[07:20:56] [441/456] TTDE
[07:20:57] [442/456] ASTS
[07:20:58] [443/456] CPNS
[07:20:58] 🔄 Identity reset
[07:20:58] 🔄 Identity rotated (every 10 requests)
[07:20:59] [444/456] PVVW
[07:21:00] [445/456] USEB
[07:21:01] [446/456] DTYN
[07:21:02] [447/456] PVLE
[07:21:03] [448/456] CIPS
[07:21:04] [449/456] PAEG
[07:21:05] [450/456] PTCW
[07:21:06] [451/456] G3SR
[07:21:07] [452/456] PGND
[07:21:08] [453/456] INVM
[07:21:09] 🔄 Identity reset
[07:21:09] 🔄 Identity rotated (every 10 requests)
[07:21:09] [454/456] SPIA
[07:21:10] [455/456] PCSN
[07:21:11] [456/456] PPGV
[07:21:12] 🧹 Deduping shows
[07:21:12] ✅ DONE | Shows=291 | Movies=22
