[10:21:46] 🚀 SCRIPT STARTED (enhanced anti‑detection)
[10:21:46] [1/322] CDCA
[10:21:46] 🧠 New identity created
[10:21:47] [2/322] VBCZ
[10:21:47] [3/322] MSDR
[10:21:48] [4/322] ACPV
[10:21:49] [5/322] PVHB
[10:21:51] [6/322] RCNH
[10:21:52] [7/322] IOMH
[10:21:53] [8/322] ILKS
[10:21:53] [9/322] AMSN
[10:21:54] [10/322] ANTP
[10:21:55] 🔄 Identity reset
[10:21:55] 🔄 Identity rotated (every 10 requests)
[10:21:56] [11/322] SSEK
[10:21:57] [12/322] PICP
[10:21:58] [13/322] SICO
[10:21:59] [14/322] SISP
[10:22:00] [15/322] SCPI
[10:22:01] [16/322] CRPR
[10:22:02] [17/322] DCTW
[10:22:03] [18/322] DCSP
[10:22:03] [19/322] KRPM
[10:22:04] [20/322] THKK
[10:22:05] 🔄 Identity reset
[10:22:05] 🔄 Identity rotated (every 10 requests)
[10:22:05] [21/322] SNMY
[10:22:06] [22/322] AKCC
[10:22:07] [23/322] PCAT
[10:22:08] [24/322] RFGO
[10:22:09] [25/322] GGCS
[10:22:10] [26/322] ACKR
[10:22:10] [27/322] STDO
[10:22:11] [28/322] ACKB
[10:22:12] [29/322] ALUC
[10:22:13] [30/322] MNSR
[10:22:13] 🔄 Identity reset
[10:22:13] 🔄 Identity rotated (every 10 requests)
[10:22:14] 🔄 Retry 1/5 for MNSR in 2.2s
[10:22:14] 🔄 Identity reset
[10:22:16] 🧠 New identity created
[10:22:16] 🔄 Retry 2/5 for MNSR in 4.3s
[10:22:16] 🔄 Identity reset
[10:22:20] 🧠 New identity created
[10:22:20] 🔄 Retry 3/5 for MNSR in 8.9s
[10:22:20] 🔄 Identity reset
[10:22:29] 🧠 New identity created
[10:22:29] [31/322] CSSL
[10:22:30] [32/322] BGGM
[10:22:31] [33/322] MANT
[10:22:32] [34/322] SOOY
[10:22:33] [35/322] VPPK
[10:22:33] [36/322] MYHJ
[10:22:34] [37/322] KSCK
[10:22:35] 🔄 Identity reset
[10:22:35] 🔄 Identity rotated (every 10 requests)
[10:22:35] [38/322] KATK
[10:22:36] [39/322] RTRT
[10:22:37] [40/322] SSTT
[10:22:38] [41/322] SSTV
[10:22:39] [42/322] LACM
[10:22:39] [43/322] SGMG
[10:22:40] [44/322] KACX
[10:22:41] [45/322] GVCP
[10:22:42] [46/322] CSNC
[10:22:43] [47/322] SXCB
[10:22:43] 🔄 Identity reset
[10:22:43] 🔄 Identity rotated (every 10 requests)
[10:22:43] 🔄 Retry 1/5 for SXCB in 2.5s
[10:22:43] 🔄 Identity reset
[10:22:46] 🧠 New identity created
[10:22:46] [48/322] BAHS
[10:22:47] [49/322] PCBI
[10:22:48] [50/322] PSSM
[10:22:49] [51/322] RCOK
[10:22:49] [52/322] SCPF
[10:22:50] [53/322] SSAS
[10:22:51] [54/322] EVMM
[10:22:52] [55/322] SYCB
[10:22:53] [56/322] GCKI
[10:22:53] 🔄 Identity reset
[10:22:53] 🔄 Identity rotated (every 10 requests)
[10:22:54] [57/322] IAET
[10:22:55] [58/322] DDTD
[10:22:56] [59/322] GMDH
[10:22:57] [60/322] STLE
[10:22:58] [61/322] JTRA
[10:22:59] [62/322] RPPA
[10:23:00] [63/322] ARUT
[10:23:01] [64/322] JTVM
[10:23:01] [65/322] SWRH
[10:23:02] [66/322] DCPC
[10:23:03] 🔄 Identity reset
[10:23:03] 🔄 Identity rotated (every 10 requests)
[10:23:03] [67/322] RAPR
[10:23:04] [68/322] GCRT
[10:23:05] [69/322] ATUN
[10:23:06] [70/322] LTRM
[10:23:07] [71/322] TASR
[10:23:07] [72/322] RLLC
[10:23:08] [73/322] MABI
[10:23:09] [74/322] SVHB
[10:23:10] [75/322] NVTB
[10:23:11] [76/322] KCKG
[10:23:12] 🔄 Identity reset
[10:23:12] 🔄 Identity rotated (every 10 requests)
[10:23:12] [77/322] SSRN
[10:23:13] [78/322] VDDC
[10:23:14] [79/322] GKTK
[10:23:15] [80/322] YFSN
[10:23:15] [81/322] GCSG
[10:23:16] [82/322] ESSM
[10:23:17] [83/322] KRIH
[10:23:18] [84/322] GCDS
[10:23:19] [85/322] CCSH
[10:23:20] [86/322] ACSK
[10:23:20] 🔄 Identity reset
[10:23:20] 🔄 Identity rotated (every 10 requests)
[10:23:20] 🔄 Retry 1/5 for ACSK in 2.9s
[10:23:20] 🔄 Identity reset
[10:23:23] 🧠 New identity created
[10:23:23] 🔄 Retry 2/5 for ACSK in 4.4s
[10:23:23] 🔄 Identity reset
[10:23:28] 🧠 New identity created
[10:23:28] [87/322] APRK
[10:23:29] [88/322] ADKM
[10:23:30] [89/322] SRDM
[10:23:31] [90/322] SJMY
[10:23:31] [91/322] PGGC
[10:23:32] [92/322] INGM
[10:23:33] [93/322] LSCB
[10:23:34] [94/322] STAD
[10:23:35] 🔄 Identity reset
[10:23:35] 🔄 Identity rotated (every 10 requests)
[10:23:35] 🔄 Retry 1/5 for STAD in 2.5s
[10:23:35] 🔄 Identity reset
[10:23:38] 🧠 New identity created
[10:23:38] [95/322] MCCR
[10:23:39] [96/322] ABCC
[10:23:39] [97/322] RKCC
[10:23:40] [98/322] RTCR
[10:23:42] [99/322] GGBC
[10:23:43] [100/322] GCSD
[10:23:44] [101/322] LPTY
[10:23:45] [102/322] MCFD
[10:23:46] [103/322] HENN
[10:23:46] 🔄 Identity reset
[10:23:46] 🔄 Identity rotated (every 10 requests)
[10:23:46] 🔄 Retry 1/5 for HENN in 2.8s
[10:23:46] 🔄 Identity reset
[10:23:49] 🧠 New identity created
[10:23:49] 🔄 Retry 2/5 for HENN in 4.8s
[10:23:49] 🔄 Identity reset
[10:23:54] 🧠 New identity created
[10:23:54] [104/322] SMKU
[10:23:56] [105/322] TNZC
[10:23:57] [106/322] DRCD
[10:23:58] [107/322] DLCD
[10:23:59] [108/322] RCDA
[10:24:00] [109/322] COSM
[10:24:01] [110/322] MCMJ
[10:24:02] [111/322] CSTR
[10:24:03] 🔄 Identity reset
[10:24:03] 🔄 Identity rotated (every 10 requests)
[10:24:03] 🔄 Retry 1/5 for CSTR in 2.9s
[10:24:03] 🔄 Identity reset
[10:24:06] 🧠 New identity created
[10:24:06] 🔄 Retry 2/5 for CSTR in 4.4s
[10:24:06] 🔄 Identity reset
[10:24:10] 🧠 New identity created
[10:24:10] 🔄 Retry 3/5 for CSTR in 8.3s
[10:24:10] 🔄 Identity reset
[10:24:18] 🧠 New identity created
[10:24:18] 🔄 Retry 4/5 for CSTR in 16.1s
[10:24:18] 🔄 Identity reset
[10:24:35] 🧠 New identity created
[10:24:35] ❌ CSTR failed after 5 attempts
[10:24:35] 🔄 Identity reset
[10:24:35] ❌ CSTR final failure | RuntimeError | HTTP 403
[10:24:35] [112/322] CVDK
[10:24:35] 🧠 New identity created
[10:24:37] [113/322] INRR
[10:24:37] [114/322] RJRT
[10:24:38] [115/322] IRMR
[10:24:39] [116/322] SRCF
[10:24:41] [117/322] GRCR
[10:24:41] 🔄 Identity reset
[10:24:41] 🔄 Identity rotated (every 10 requests)
[10:24:41] 🔄 Retry 1/5 for GRCR in 2.4s
[10:24:41] 🔄 Identity reset
[10:24:44] 🧠 New identity created
[10:24:44] [118/322] SURC
[10:24:45] [119/322] NMNH
[10:24:46] [120/322] SVBL
[10:24:47] [121/322] KACI
[10:24:47] [122/322] TDGO
[10:24:49] [123/322] KTBR
[10:24:50] [124/322] PMAD
[10:24:50] [125/322] CCPN
[10:24:51] [126/322] SBTK
[10:24:52] 🔄 Identity reset
[10:24:52] 🔄 Identity rotated (every 10 requests)
[10:24:52] [127/322] LMDK
[10:24:53] [128/322] PGDA
[10:24:54] [129/322] SRML
[10:24:55] [130/322] EVCK
[10:24:56] [131/322] RTTK
[10:24:57] [132/322] SRTU
[10:24:57] [133/322] VRSA
[10:24:58] [134/322] VARS
[10:24:59] [135/322] DSCZ
[10:25:00] [136/322] GAGA
[10:25:01] 🔄 Identity reset
[10:25:01] 🔄 Identity rotated (every 10 requests)
[10:25:01] [137/322] SARV
[10:25:02] [138/322] SEEG
[10:25:02] [139/322] GLCA
[10:25:04] [140/322] APAS
[10:25:05] [141/322] VCIA
[10:25:06] [142/322] SJTA
[10:25:07] [143/322] SABM
[10:25:08] [144/322] PPAG
[10:25:09] [145/322] RVCA
[10:25:10] [146/322] CCIA
[10:25:11] 🔄 Identity reset
[10:25:11] 🔄 Identity rotated (every 10 requests)
[10:25:11] [147/322] HTAG
[10:25:12] [148/322] SMBI
[10:25:12] [149/322] MCJR
[10:25:13] [150/322] CCJR
[10:25:14] [151/322] SINF
[10:25:15] [152/322] CPLX
[10:25:16] [153/322] KKTJ
[10:25:17] [154/322] GDBW
[10:25:18] [155/322] CSUB
[10:25:18] [156/322] DABA
[10:25:19] 🔄 Identity reset
[10:25:19] 🔄 Identity rotated (every 10 requests)
[10:25:19] [157/322] TITR
[10:25:20] [158/322] NYCR
[10:25:21] [159/322] RTRY
[10:25:22] [160/322] JTJL
[10:25:24] [161/322] SJCP
[10:25:25] [162/322] KCCA
[10:25:25] [163/322] MLPG
[10:25:27] [164/322] VRCK
[10:25:28] [165/322] SRIN
[10:25:29] [166/322] CXMK
[10:25:30] 🔄 Identity reset
[10:25:30] 🔄 Identity rotated (every 10 requests)
[10:25:30] [167/322] SKAD
[10:25:31] [168/322] AVTR
[10:25:32] [169/322] PTAJ
[10:25:32] [170/322] SCNK
[10:25:33] [171/322] STTI
[10:25:34] [172/322] KACR
[10:25:35] [173/322] SSDX
[10:25:36] [174/322] VRTJ
[10:25:37] [175/322] RAJD
[10:25:37] [176/322] SCIP
[10:25:38] 🔄 Identity reset
[10:25:38] 🔄 Identity rotated (every 10 requests)
[10:25:38] [177/322] RJSL
[10:25:39] [178/322] ARRS
[10:25:41] [179/322] ASMS
[10:25:42] [180/322] RDTS
[10:25:42] [181/322] DVMY
[10:25:43] [182/322] RASA
[10:25:44] [183/322] INOM
[10:25:45] [184/322] SPRS
[10:25:45] [185/322] SGCS
[10:25:46] [186/322] SALM
[10:25:47] 🔄 Identity reset
[10:25:47] 🔄 Identity rotated (every 10 requests)
[10:25:47] [187/322] PKHC
[10:25:48] [188/322] RCSV
[10:25:49] [189/322] CPKC
[10:25:50] [190/322] AACD
[10:25:51] [191/322] GGCV
[10:25:51] [192/322] SMKD
[10:25:52] [193/322] NBCH
[10:25:53] [194/322] AMCB
[10:25:54] [195/322] OPCN
[10:25:55] [196/322] DCIN
[10:25:55] 🔄 Identity reset
[10:25:55] 🔄 Identity rotated (every 10 requests)
[10:25:56] [197/322] INGW
[10:25:57] [198/322] PKKW
[10:25:58] [199/322] FNGW
[10:25:59] [200/322] GCGD
[10:26:00] [201/322] MSTW
[10:26:01] [202/322] KCCG
[10:26:02] [203/322] MRSS
[10:26:03] [204/322] CLCF
[10:26:04] [205/322] EETS
[10:26:05] [206/322] AATR
[10:26:06] 🔄 Identity reset
[10:26:06] 🔄 Identity rotated (every 10 requests)
[10:26:06] 🔄 Retry 1/5 for AATR in 2.1s
[10:26:06] 🔄 Identity reset
[10:26:08] 🧠 New identity created
[10:26:08] [207/322] CMMN
[10:26:10] [208/322] SCCJ
[10:26:11] [209/322] CDTK
[10:26:12] [210/322] AICP
[10:26:12] [211/322] FNBP
[10:26:14] [212/322] CBPB
[10:26:14] [213/322] CPAS
[10:26:15] [214/322] MAPM
[10:26:16] [215/322] PASD
[10:26:17] 🔄 Identity reset
[10:26:17] 🔄 Identity rotated (every 10 requests)
[10:26:17] [216/322] JCMN
[10:26:18] [217/322] MALB
[10:26:18] [218/322] SACG
[10:26:20] [219/322] DDRX
[10:26:20] [220/322] DDXB
[10:26:21] [221/322] RAMC
[10:26:22] [222/322] SANC
[10:26:23] [223/322] BCBP
[10:26:24] [224/322] ALPC
[10:26:25] [225/322] RBAC
[10:26:25] 🔄 Identity reset
[10:26:25] 🔄 Identity rotated (every 10 requests)
[10:26:25] 🔄 Retry 1/5 for RBAC in 2.4s
[10:26:25] 🔄 Identity reset
[10:26:28] 🧠 New identity created
[10:26:28] 🔄 Retry 2/5 for RBAC in 4.3s
[10:26:28] 🔄 Identity reset
[10:26:32] 🧠 New identity created
[10:26:32] 🔄 Retry 3/5 for RBAC in 8.6s
[10:26:32] 🔄 Identity reset
[10:26:41] 🧠 New identity created
[10:26:41] [226/322] RAJL
[10:26:42] [227/322] MPDX
[10:26:43] [228/322] MUSC
[10:26:44] [229/322] VKMK
[10:26:45] [230/322] SKCG
[10:26:46] [231/322] ANCN
[10:26:47] [232/322] MMCJ
[10:26:48] 🔄 Identity reset
[10:26:48] 🔄 Identity rotated (every 10 requests)
[10:26:48] [233/322] DCAK
[10:26:49] [234/322] SCKG
[10:26:50] [235/322] LMCK
[10:26:51] [236/322] CKKX
[10:26:53] [237/322] ANKU
[10:26:54] [238/322] CSMD
[10:26:54] [239/322] MKMP
[10:26:55] [240/322] SVBG
[10:26:56] [241/322] ROOP
[10:26:57] [242/322] GDMT
[10:26:58] 🔄 Identity reset
[10:26:58] 🔄 Identity rotated (every 10 requests)
[10:26:58] [243/322] FPPF
[10:26:59] [244/322] SFUU
[10:27:00] [245/322] ANCB
[10:27:00] [246/322] SMMC
[10:27:01] [247/322] UGKT
[10:27:02] [248/322] JVRM
[10:27:03] [249/322] BATG
[10:27:04] [250/322] RATE
[10:27:04] [251/322] SKME
[10:27:05] [252/322] LMTP
[10:27:06] 🔄 Identity reset
[10:27:06] 🔄 Identity rotated (every 10 requests)
[10:27:06] [253/322] TCBD
[10:27:07] [254/322] ESBD
[10:27:08] [255/322] GDCU
[10:27:09] [256/322] SNKT
[10:27:09] [257/322] SRNK
[10:27:10] [258/322] SMED
[10:27:11] [259/322] CSQS
[10:27:12] [260/322] ALCS
[10:27:13] [261/322] KCKN
[10:27:14] [262/322] VCCL
[10:27:14] 🔄 Identity reset
[10:27:14] 🔄 Identity rotated (every 10 requests)
[10:27:15] [263/322] MCDA
[10:27:16] [264/322] SHMI
[10:27:17] [265/322] SKHA
[10:27:18] [266/322] SVFK
[10:27:19] [267/322] INVB
[10:27:20] [268/322] MELD
[10:27:20] [269/322] JTYS
[10:27:21] [270/322] INCM
[10:27:22] [271/322] MCDV
[10:27:23] [272/322] KSGK
[10:27:23] 🔄 Identity reset
[10:27:23] 🔄 Identity rotated (every 10 requests)
[10:27:24] [273/322] ICMG
[10:27:25] [274/322] CSCV
[10:27:26] [275/322] STMD
[10:27:26] [276/322] STTR
[10:27:27] [277/322] INVC
[10:27:28] [278/322] JTBL
[10:27:29] [279/322] SRVV
[10:27:30] [280/322] MAVC
[10:27:31] [281/322] SRPP
[10:27:32] [282/322] JGDM
[10:27:32] 🔄 Identity reset
[10:27:32] 🔄 Identity rotated (every 10 requests)
[10:27:33] [283/322] MBSJ
[10:27:33] [284/322] SSLL
[10:27:34] [285/322] SLKP
[10:27:36] [286/322] NSRV
[10:27:37] [287/322] UTDV
[10:27:38] [288/322] KICM
[10:27:39] [289/322] KCMD
[10:27:40] [290/322] TTPP
[10:27:40] [291/322] KMPV
[10:27:41] [292/322] SKTV
[10:27:42] 🔄 Identity reset
[10:27:42] 🔄 Identity rotated (every 10 requests)
[10:27:42] 🔄 Retry 1/5 for SKTV in 2.2s
[10:27:42] 🔄 Identity reset
[10:27:44] 🧠 New identity created
[10:27:44] [293/322] STCV
[10:27:46] [294/322] SRDA
[10:27:47] [295/322] JTSX
[10:27:48] [296/322] STBV
[10:27:49] [297/322] APVZ
[10:27:49] [298/322] GSTV
[10:27:50] [299/322] NMVS
[10:27:51] [300/322] SKRT
[10:27:52] [301/322] RMDV
[10:27:52] 🔄 Identity reset
[10:27:52] 🔄 Identity rotated (every 10 requests)
[10:27:53] [302/322] RATG
[10:27:53] [303/322] SJYV
[10:27:54] [304/322] NDGP
[10:27:55] [305/322] SNDG
[10:27:56] [306/322] INSR
[10:27:57] [307/322] INSO
[10:27:58] [308/322] CCSI
[10:27:58] [309/322] RASM
[10:27:59] [310/322] NEWC
[10:28:00] [311/322] VSHL
[10:28:00] 🔄 Identity reset
[10:28:01] 🔄 Identity rotated (every 10 requests)
[10:28:01] [312/322] BISW
[10:28:01] [313/322] GCNG
[10:28:02] [314/322] CWSC
[10:28:03] [315/322] SKAN
[10:28:04] [316/322] CCOA
[10:28:05] [317/322] MCAJ
[10:28:06] [318/322] ACDE
[10:28:07] [319/322] AACM
[10:28:07] [320/322] JJCK
[10:28:08] [321/322] RCMO
[10:28:09] 🔄 Identity reset
[10:28:09] 🔄 Identity rotated (every 10 requests)
[10:28:09] [322/322] GDAW
[10:28:10] 🔁 RETRY ROUND 1 | Remaining: 1
[10:28:10] [RETRY-1] CSTR
[10:28:11] 🧹 Deduping shows
[10:28:11] ✅ DONE | Shows=27 | Movies=3
[04:59:38] 🚀 SCRIPT STARTED (enhanced anti‑detection)
[04:59:38] [1/322] CDCA
[04:59:39] 🧠 New identity created
[04:59:40] [2/322] VBCZ
[04:59:41] [3/322] MSDR
[04:59:43] [4/322] ACPV
[04:59:44] [5/322] PVHB
[04:59:45] [6/322] RCNH
[04:59:46] [7/322] IOMH
[04:59:47] [8/322] ILKS
[04:59:48] [9/322] AMSN
[04:59:49] [10/322] ANTP
[04:59:50] 🔄 Identity reset
[04:59:50] 🔄 Identity rotated (every 10 requests)
[04:59:51] [11/322] SSEK
[04:59:52] [12/322] PICP
[04:59:53] [13/322] SICO
[04:59:53] [14/322] SISP
[04:59:54] [15/322] SCPI
[04:59:55] [16/322] CRPR
[04:59:56] [17/322] DCTW
[04:59:57] [18/322] DCSP
[04:59:58] [19/322] KRPM
[04:59:59] [20/322] THKK
[05:00:00] 🔄 Identity reset
[05:00:00] 🔄 Identity rotated (every 10 requests)
[05:00:00] [21/322] SNMY
[05:00:01] [22/322] AKCC
[05:00:03] [23/322] PCAT
[05:00:04] [24/322] RFGO
[05:00:05] [25/322] GGCS
[05:00:06] [26/322] ACKR
[05:00:07] [27/322] STDO
[05:00:08] [28/322] ACKB
[05:00:09] [29/322] ALUC
[05:00:10] [30/322] MNSR
[05:00:11] 🔄 Identity reset
[05:00:11] 🔄 Identity rotated (every 10 requests)
[05:00:12] [31/322] CSSL
[05:00:14] [32/322] BGGM
[05:00:14] [33/322] MANT
[05:00:15] [34/322] SOOY
[05:00:16] [35/322] VPPK
[05:00:17] [36/322] MYHJ
[05:00:18] [37/322] KSCK
[05:00:19] [38/322] KATK
[05:00:20] [39/322] RTRT
[05:00:21] [40/322] SSTT
[05:00:22] 🔄 Identity reset
[05:00:22] 🔄 Identity rotated (every 10 requests)
[05:00:22] 🔄 Retry 1/5 for SSTT in 2.9s
[05:00:22] 🔄 Identity reset
[05:00:25] 🧠 New identity created
[05:00:25] 🔄 Retry 2/5 for SSTT in 4.2s
[05:00:25] 🔄 Identity reset
[05:00:29] 🧠 New identity created
[05:00:29] 🔄 Retry 3/5 for SSTT in 8.4s
[05:00:29] 🔄 Identity reset
[05:00:38] 🧠 New identity created
[05:00:38] [41/322] SSTV
[05:00:39] [42/322] LACM
[05:00:40] [43/322] SGMG
[05:00:41] [44/322] KACX
[05:00:42] [45/322] GVCP
[05:00:43] [46/322] CSNC
[05:00:44] [47/322] SXCB
[05:00:45] 🔄 Identity reset
[05:00:45] 🔄 Identity rotated (every 10 requests)
[05:00:45] 🔄 Retry 1/5 for SXCB in 2.1s
[05:00:45] 🔄 Identity reset
[05:00:47] 🧠 New identity created
[05:00:47] 🔄 Retry 2/5 for SXCB in 4.9s
[05:00:47] 🔄 Identity reset
[05:00:52] 🧠 New identity created
[05:00:52] 🔄 Retry 3/5 for SXCB in 8.1s
[05:00:52] 🔄 Identity reset
[05:01:00] 🧠 New identity created
[05:01:01] [48/322] BAHS
[05:01:01] [49/322] PCBI
[05:01:02] [50/322] PSSM
[05:01:03] [51/322] RCOK
[05:01:04] [52/322] SCPF
[05:01:06] [53/322] SSAS
[05:01:06] [54/322] EVMM
[05:01:07] 🔄 Identity reset
[05:01:07] 🔄 Identity rotated (every 10 requests)
[05:01:07] [55/322] SYCB
[05:01:08] [56/322] GCKI
[05:01:09] [57/322] IAET
[05:01:10] [58/322] DDTD
[05:01:11] [59/322] GMDH
[05:01:12] [60/322] STLE
[05:01:13] [61/322] JTRA
[05:01:14] [62/322] RPPA
[05:01:15] [63/322] ARUT
[05:01:16] [64/322] JTVM
[05:01:17] 🔄 Identity reset
[05:01:17] 🔄 Identity rotated (every 10 requests)
[05:01:17] [65/322] SWRH
[05:01:18] [66/322] DCPC
[05:01:19] [67/322] RAPR
[05:01:20] [68/322] GCRT
[05:01:21] [69/322] ATUN
[05:01:22] [70/322] LTRM
[05:01:23] [71/322] TASR
[05:01:24] [72/322] RLLC
[05:01:25] [73/322] MABI
[05:01:26] [74/322] SVHB
[05:01:26] 🔄 Identity reset
[05:01:27] 🔄 Identity rotated (every 10 requests)
[05:01:27] [75/322] NVTB
[05:01:29] [76/322] KCKG
[05:01:29] [77/322] SSRN
[05:01:30] [78/322] VDDC
[05:01:31] [79/322] GKTK
[05:01:32] [80/322] YFSN
[05:01:33] [81/322] GCSG
[05:01:34] [82/322] ESSM
[05:01:35] [83/322] KRIH
[05:01:36] [84/322] GCDS
[05:01:37] 🔄 Identity reset
[05:01:37] 🔄 Identity rotated (every 10 requests)
[05:01:37] [85/322] CCSH
[05:01:38] [86/322] ACSK
[05:01:39] [87/322] APRK
[05:01:40] [88/322] ADKM
[05:01:41] [89/322] SRDM
[05:01:42] [90/322] SJMY
[05:01:43] [91/322] PGGC
[05:01:44] [92/322] INGM
[05:01:46] [93/322] LSCB
[05:01:47] [94/322] STAD
[05:01:47] 🔄 Identity reset
[05:01:47] 🔄 Identity rotated (every 10 requests)
[05:01:48] [95/322] MCCR
[05:01:49] [96/322] ABCC
[05:01:50] [97/322] RKCC
[05:01:50] [98/322] RTCR
[05:01:51] [99/322] GGBC
[05:01:52] [100/322] GCSD
[05:01:53] [101/322] LPTY
[05:01:55] [102/322] MCFD
[05:01:56] [103/322] HENN
[05:01:57] [104/322] SMKU
[05:01:57] 🔄 Identity reset
[05:01:57] 🔄 Identity rotated (every 10 requests)
[05:01:58] [105/322] TNZC
[05:01:59] [106/322] DRCD
[05:02:00] [107/322] DLCD
[05:02:01] [108/322] RCDA
[05:02:02] [109/322] COSM
[05:02:03] [110/322] MCMJ
[05:02:04] [111/322] CSTR
[05:02:05] [112/322] CVDK
[05:02:06] [113/322] INRR
[05:02:06] [114/322] RJRT
[05:02:07] 🔄 Identity reset
[05:02:07] 🔄 Identity rotated (every 10 requests)
[05:02:08] [115/322] IRMR
[05:02:09] [116/322] SRCF
[05:02:10] [117/322] GRCR
[05:02:11] [118/322] SURC
[05:02:12] [119/322] NMNH
[05:02:12] [120/322] SVBL
[05:02:13] [121/322] KACI
[05:02:14] [122/322] TDGO
[05:02:15] [123/322] KTBR
[05:02:16] [124/322] PMAD
[05:02:17] 🔄 Identity reset
[05:02:17] 🔄 Identity rotated (every 10 requests)
[05:02:17] [125/322] CCPN
[05:02:18] [126/322] SBTK
[05:02:19] [127/322] LMDK
[05:02:20] [128/322] PGDA
[05:02:21] [129/322] SRML
[05:02:22] [130/322] EVCK
[05:02:23] [131/322] RTTK
[05:02:24] [132/322] SRTU
[05:02:25] [133/322] VRSA
[05:02:26] [134/322] VARS
[05:02:27] 🔄 Identity reset
[05:02:27] 🔄 Identity rotated (every 10 requests)
[05:02:27] [135/322] DSCZ
[05:02:29] [136/322] GAGA
[05:02:30] [137/322] SARV
[05:02:31] [138/322] SEEG
[05:02:32] [139/322] GLCA
[05:02:33] [140/322] APAS
[05:02:34] [141/322] VCIA
[05:02:35] [142/322] SJTA
[05:02:36] [143/322] SABM
[05:02:37] [144/322] PPAG
[05:02:37] 🔄 Identity reset
[05:02:37] 🔄 Identity rotated (every 10 requests)
[05:02:38] [145/322] RVCA
[05:02:39] [146/322] CCIA
[05:02:39] [147/322] HTAG
[05:02:41] [148/322] SMBI
[05:02:42] [149/322] MCJR
[05:02:43] [150/322] CCJR
[05:02:44] [151/322] SINF
[05:02:45] [152/322] CPLX
[05:02:46] [153/322] KKTJ
[05:02:47] [154/322] GDBW
[05:02:47] 🔄 Identity reset
[05:02:47] 🔄 Identity rotated (every 10 requests)
[05:02:48] [155/322] CSUB
[05:02:49] [156/322] DABA
[05:02:50] [157/322] TITR
[05:02:51] [158/322] NYCR
[05:02:52] [159/322] RTRY
[05:02:53] [160/322] JTJL
[05:02:53] [161/322] SJCP
[05:02:54] [162/322] KCCA
[05:02:55] [163/322] MLPG
[05:02:56] [164/322] VRCK
[05:02:57] 🔄 Identity reset
[05:02:57] 🔄 Identity rotated (every 10 requests)
[05:02:57] [165/322] SRIN
[05:02:59] [166/322] CXMK
[05:03:00] [167/322] SKAD
[05:03:01] [168/322] AVTR
[05:03:02] [169/322] PTAJ
[05:03:03] [170/322] SCNK
[05:03:04] [171/322] STTI
[05:03:05] [172/322] KACR
[05:03:06] [173/322] SSDX
[05:03:07] [174/322] VRTJ
[05:03:08] 🔄 Identity reset
[05:03:08] 🔄 Identity rotated (every 10 requests)
[05:03:08] [175/322] RAJD
[05:03:10] [176/322] SCIP
[05:03:11] [177/322] RJSL
[05:03:12] [178/322] ARRS
[05:03:13] [179/322] ASMS
[05:03:14] [180/322] RDTS
[05:03:15] [181/322] DVMY
[05:03:16] [182/322] RASA
[05:03:18] [183/322] INOM
[05:03:19] [184/322] SPRS
[05:03:20] 🔄 Identity reset
[05:03:20] 🔄 Identity rotated (every 10 requests)
[05:03:20] [185/322] SGCS
[05:03:21] [186/322] SALM
[05:03:23] [187/322] PKHC
[05:03:24] [188/322] RCSV
[05:03:25] [189/322] CPKC
[05:03:26] [190/322] AACD
[05:03:27] [191/322] GGCV
[05:03:28] [192/322] SMKD
[05:03:29] [193/322] NBCH
[05:03:30] [194/322] AMCB
[05:03:30] 🔄 Identity reset
[05:03:30] 🔄 Identity rotated (every 10 requests)
[05:03:31] [195/322] OPCN
[05:03:32] [196/322] DCIN
[05:03:33] [197/322] INGW
[05:03:34] [198/322] PKKW
[05:03:35] [199/322] FNGW
[05:03:35] [200/322] GCGD
[05:03:36] [201/322] MSTW
[05:03:37] [202/322] KCCG
[05:03:38] [203/322] MRSS
[05:03:39] [204/322] CLCF
[05:03:40] 🔄 Identity reset
[05:03:40] 🔄 Identity rotated (every 10 requests)
[05:03:40] [205/322] EETS
[05:03:42] [206/322] AATR
[05:03:43] [207/322] CMMN
[05:03:45] [208/322] SCCJ
[05:03:46] [209/322] CDTK
[05:03:47] [210/322] AICP
[05:03:47] [211/322] FNBP
[05:03:48] [212/322] CBPB
[05:03:49] [213/322] CPAS
[05:03:50] [214/322] MAPM
[05:03:51] 🔄 Identity reset
[05:03:51] 🔄 Identity rotated (every 10 requests)
[05:03:52] [215/322] PASD
[05:03:53] [216/322] JCMN
[05:03:54] [217/322] MALB
[05:03:55] [218/322] SACG
[05:03:56] [219/322] DDRX
[05:03:57] [220/322] DDXB
[05:03:58] [221/322] RAMC
[05:04:00] [222/322] SANC
[05:04:01] [223/322] BCBP
[05:04:02] [224/322] ALPC
[05:04:02] 🔄 Identity reset
[05:04:02] 🔄 Identity rotated (every 10 requests)
[05:04:03] [225/322] RBAC
[05:04:04] [226/322] RAJL
[05:04:05] [227/322] MPDX
[05:04:05] [228/322] MUSC
[05:04:07] [229/322] VKMK
[05:04:08] [230/322] SKCG
[05:04:09] [231/322] ANCN
[05:04:10] [232/322] MMCJ
[05:04:11] [233/322] DCAK
[05:04:12] [234/322] SCKG
[05:04:12] 🔄 Identity reset
[05:04:12] 🔄 Identity rotated (every 10 requests)
[05:04:13] [235/322] LMCK
[05:04:14] [236/322] CKKX
[05:04:15] [237/322] ANKU
[05:04:16] [238/322] CSMD
[05:04:17] [239/322] MKMP
[05:04:17] [240/322] SVBG
[05:04:18] [241/322] ROOP
[05:04:20] [242/322] GDMT
[05:04:20] [243/322] FPPF
[05:04:21] [244/322] SFUU
[05:04:22] 🔄 Identity reset
[05:04:22] 🔄 Identity rotated (every 10 requests)
[05:04:22] [245/322] ANCB
[05:04:23] [246/322] SMMC
[05:04:24] [247/322] UGKT
[05:04:25] [248/322] JVRM
[05:04:26] [249/322] BATG
[05:04:27] [250/322] RATE
[05:04:28] [251/322] SKME
[05:04:30] [252/322] LMTP
[05:04:32] [253/322] TCBD
[05:04:33] [254/322] ESBD
[05:04:33] 🔄 Identity reset
[05:04:33] 🔄 Identity rotated (every 10 requests)
[05:04:33] 🔄 Retry 1/5 for ESBD in 2.5s
[05:04:33] 🔄 Identity reset
[05:04:36] 🧠 New identity created
[05:04:36] [255/322] GDCU
[05:04:37] [256/322] SNKT
[05:04:38] [257/322] SRNK
[05:04:39] [258/322] SMED
[05:04:41] [259/322] CSQS
[05:04:42] [260/322] ALCS
[05:04:43] [261/322] KCKN
[05:04:45] [262/322] VCCL
[05:04:46] [263/322] MCDA
[05:04:46] 🔄 Identity reset
[05:04:46] 🔄 Identity rotated (every 10 requests)
[05:04:47] 🔄 Retry 1/5 for MCDA in 2.8s
[05:04:47] 🔄 Identity reset
[05:04:49] 🧠 New identity created
[05:04:50] [264/322] SHMI
[05:04:51] [265/322] SKHA
[05:04:53] [266/322] SVFK
[05:04:55] [267/322] INVB
[05:04:56] [268/322] MELD
[05:04:57] [269/322] JTYS
[05:04:58] [270/322] INCM
[05:04:59] [271/322] MCDV
[05:05:00] [272/322] KSGK
[05:05:01] 🔄 Identity reset
[05:05:01] 🔄 Identity rotated (every 10 requests)
[05:05:01] [273/322] ICMG
[05:05:02] [274/322] CSCV
[05:05:03] [275/322] STMD
[05:05:04] [276/322] STTR
[05:05:05] [277/322] INVC
[05:05:06] [278/322] JTBL
[05:05:08] [279/322] SRVV
[05:05:09] [280/322] MAVC
[05:05:10] [281/322] SRPP
[05:05:11] [282/322] JGDM
[05:05:12] 🔄 Identity reset
[05:05:12] 🔄 Identity rotated (every 10 requests)
[05:05:12] [283/322] MBSJ
[05:05:14] [284/322] SSLL
[05:05:14] [285/322] SLKP
[05:05:16] [286/322] NSRV
[05:05:16] [287/322] UTDV
[05:05:17] [288/322] KICM
[05:05:18] [289/322] KCMD
[05:05:19] [290/322] TTPP
[05:05:20] [291/322] KMPV
[05:05:21] [292/322] SKTV
[05:05:22] 🔄 Identity reset
[05:05:22] 🔄 Identity rotated (every 10 requests)
[05:05:22] 🔄 Retry 1/5 for SKTV in 2.2s
[05:05:22] 🔄 Identity reset
[05:05:24] 🧠 New identity created
[05:05:25] [293/322] STCV
[05:05:26] [294/322] SRDA
[05:05:27] [295/322] JTSX
[05:05:28] [296/322] STBV
[05:05:29] [297/322] APVZ
[05:05:30] [298/322] GSTV
[05:05:31] [299/322] NMVS
[05:05:32] [300/322] SKRT
[05:05:33] [301/322] RMDV
[05:05:33] 🔄 Identity reset
[05:05:33] 🔄 Identity rotated (every 10 requests)
[05:05:34] [302/322] RATG
[05:05:34] [303/322] SJYV
[05:05:35] [304/322] NDGP
[05:05:36] [305/322] SNDG
[05:05:37] [306/322] INSR
[05:05:38] [307/322] INSO
[05:05:39] [308/322] CCSI
[05:05:40] [309/322] RASM
[05:05:41] [310/322] NEWC
[05:05:42] [311/322] VSHL
[05:05:43] 🔄 Identity reset
[05:05:43] 🔄 Identity rotated (every 10 requests)
[05:05:43] 🔄 Retry 1/5 for VSHL in 2.2s
[05:05:43] 🔄 Identity reset
[05:05:45] 🧠 New identity created
[05:05:46] [312/322] BISW
[05:05:47] [313/322] GCNG
[05:05:48] [314/322] CWSC
[05:05:49] [315/322] SKAN
[05:05:49] [316/322] CCOA
[05:05:51] [317/322] MCAJ
[05:05:52] [318/322] ACDE
[05:05:53] [319/322] AACM
[05:05:54] [320/322] JJCK
[05:05:54] 🔄 Identity reset
[05:05:54] 🔄 Identity rotated (every 10 requests)
[05:05:55] 🔄 Retry 1/5 for JJCK in 2.1s
[05:05:55] 🔄 Identity reset
[05:05:57] 🧠 New identity created
[05:05:57] 🔄 Retry 2/5 for JJCK in 4.9s
[05:05:57] 🔄 Identity reset
[05:06:02] 🧠 New identity created
[05:06:02] 🔄 Retry 3/5 for JJCK in 8.2s
[05:06:02] 🔄 Identity reset
[05:06:10] 🧠 New identity created
[05:06:10] 🔄 Retry 4/5 for JJCK in 16.9s
[05:06:10] 🔄 Identity reset
[05:06:27] 🧠 New identity created
[05:06:27] ❌ JJCK failed after 5 attempts
[05:06:27] 🔄 Identity reset
[05:06:27] ❌ JJCK final failure | RuntimeError | HTTP 403
[05:06:27] [321/322] RCMO
[05:06:28] 🧠 New identity created
[05:06:28] [322/322] GDAW
[05:06:29] 🔁 RETRY ROUND 1 | Remaining: 1
[05:06:29] [RETRY-1] JJCK
[05:06:33] 🧹 Deduping shows
[05:06:33] ✅ DONE | Shows=42 | Movies=5
[12:25:47] 🚀 SCRIPT STARTED (enhanced anti‑detection)
[12:25:47] [1/322] CDCA
[12:25:47] 🧠 New identity created
[12:25:48] [2/322] VBCZ
[12:25:49] [3/322] MSDR
[12:25:50] [4/322] ACPV
[12:25:51] [5/322] PVHB
[12:25:52] [6/322] RCNH
[12:25:53] [7/322] IOMH
[12:25:54] [8/322] ILKS
[12:25:55] [9/322] AMSN
[12:25:56] [10/322] ANTP
[12:25:56] 🔄 Identity reset
[12:25:56] 🔄 Identity rotated (every 10 requests)
[12:25:57] 🔄 Retry 1/5 for ANTP in 2.8s
[12:25:57] 🔄 Identity reset
[12:25:59] 🧠 New identity created
[12:25:59] 🔄 Retry 2/5 for ANTP in 4.3s
[12:25:59] 🔄 Identity reset
[12:26:04] 🧠 New identity created
[12:26:04] [11/322] SSEK
[12:26:05] [12/322] PICP
[12:26:06] [13/322] SICO
[12:26:07] [14/322] SISP
[12:26:08] [15/322] SCPI
[12:26:09] [16/322] CRPR
[12:26:10] [17/322] DCTW
[12:26:11] [18/322] DCSP
[12:26:11] 🔄 Identity reset
[12:26:11] 🔄 Identity rotated (every 10 requests)
[12:26:12] [19/322] KRPM
[12:26:13] [20/322] THKK
[12:26:14] [21/322] SNMY
[12:26:15] [22/322] AKCC
[12:26:15] [23/322] PCAT
[12:26:16] [24/322] RFGO
[12:26:17] [25/322] GGCS
[12:26:18] [26/322] ACKR
[12:26:19] [27/322] STDO
[12:26:20] [28/322] ACKB
[12:26:21] 🔄 Identity reset
[12:26:21] 🔄 Identity rotated (every 10 requests)
[12:26:21] 🔄 Retry 1/5 for ACKB in 2.2s
[12:26:21] 🔄 Identity reset
[12:26:23] 🧠 New identity created
[12:26:23] 🔄 Retry 2/5 for ACKB in 4.5s
[12:26:23] 🔄 Identity reset
[12:26:28] 🧠 New identity created
[12:26:28] [29/322] ALUC
[12:26:29] [30/322] MNSR
[12:26:30] [31/322] CSSL
[12:26:31] [32/322] BGGM
[12:26:33] [33/322] MANT
[12:26:34] [34/322] SOOY
[12:26:35] [35/322] VPPK
[12:26:36] [36/322] MYHJ
[12:26:37] 🔄 Identity reset
[12:26:37] 🔄 Identity rotated (every 10 requests)
[12:26:37] [37/322] KSCK
[12:26:38] [38/322] KATK
[12:26:39] [39/322] RTRT
[12:26:40] [40/322] SSTT
[12:26:41] [41/322] SSTV
[12:26:42] [42/322] LACM
[12:26:43] [43/322] SGMG
[12:26:44] [44/322] KACX
[12:26:45] [45/322] GVCP
[12:26:46] [46/322] CSNC
[12:26:47] 🔄 Identity reset
[12:26:47] 🔄 Identity rotated (every 10 requests)
[12:26:48] [47/322] SXCB
[12:26:49] [48/322] BAHS
[12:26:49] [49/322] PCBI
[12:26:50] [50/322] PSSM
[12:26:51] [51/322] RCOK
[12:26:52] [52/322] SCPF
[12:26:53] [53/322] SSAS
[12:26:55] [54/322] EVMM
[12:26:56] [55/322] SYCB
[12:26:57] [56/322] GCKI
[12:26:57] 🔄 Identity reset
[12:26:57] 🔄 Identity rotated (every 10 requests)
[12:26:58] [57/322] IAET
[12:26:59] [58/322] DDTD
[12:26:59] [59/322] GMDH
[12:27:00] [60/322] STLE
[12:27:02] [61/322] JTRA
[12:27:03] [62/322] RPPA
[12:27:04] [63/322] ARUT
[12:27:05] [64/322] JTVM
[12:27:06] [65/322] SWRH
[12:27:07] [66/322] DCPC
[12:27:08] 🔄 Identity reset
[12:27:08] 🔄 Identity rotated (every 10 requests)
[12:27:08] 🔄 Retry 1/5 for DCPC in 2.5s
[12:27:08] 🔄 Identity reset
[12:27:10] 🧠 New identity created
[12:27:11] [67/322] RAPR
[12:27:12] [68/322] GCRT
[12:27:13] [69/322] ATUN
[12:27:14] [70/322] LTRM
[12:27:15] [71/322] TASR
[12:27:15] [72/322] RLLC
[12:27:16] [73/322] MABI
[12:27:18] [74/322] SVHB
[12:27:19] [75/322] NVTB
[12:27:20] 🔄 Identity reset
[12:27:20] 🔄 Identity rotated (every 10 requests)
[12:27:20] [76/322] KCKG
[12:27:21] [77/322] SSRN
[12:27:22] [78/322] VDDC
[12:27:23] [79/322] GKTK
[12:27:24] [80/322] YFSN
[12:27:25] [81/322] GCSG
[12:27:26] [82/322] ESSM
[12:27:27] [83/322] KRIH
[12:27:28] [84/322] GCDS
[12:27:29] [85/322] CCSH
[12:27:30] 🔄 Identity reset
[12:27:30] 🔄 Identity rotated (every 10 requests)
[12:27:30] 🔄 Retry 1/5 for CCSH in 2.8s
[12:27:30] 🔄 Identity reset
[12:27:33] 🧠 New identity created
[12:27:33] [86/322] ACSK
[12:27:34] [87/322] APRK
[12:27:35] [88/322] ADKM
[12:27:37] [89/322] SRDM
[12:27:38] [90/322] SJMY
[12:27:39] [91/322] PGGC
[12:27:40] [92/322] INGM
[12:27:41] [93/322] LSCB
[12:27:42] [94/322] STAD
[12:27:43] 🔄 Identity reset
[12:27:43] 🔄 Identity rotated (every 10 requests)
[12:27:43] 🔄 Retry 1/5 for STAD in 2.7s
[12:27:43] 🔄 Identity reset
[12:27:45] 🧠 New identity created
[12:27:46] [95/322] MCCR
[12:27:47] [96/322] ABCC
[12:27:48] [97/322] RKCC
[12:27:50] [98/322] RTCR
[12:27:50] [99/322] GGBC
[12:27:51] [100/322] GCSD
[12:27:53] [101/322] LPTY
[12:27:54] [102/322] MCFD
[12:27:55] [103/322] HENN
[12:27:55] 🔄 Identity reset
[12:27:55] 🔄 Identity rotated (every 10 requests)
[12:27:56] [104/322] SMKU
[12:27:57] [105/322] TNZC
[12:27:58] [106/322] DRCD
[12:27:59] [107/322] DLCD
[12:27:59] [108/322] RCDA
[12:28:00] [109/322] COSM
[12:28:01] [110/322] MCMJ
[12:28:02] [111/322] CSTR
[12:28:03] [112/322] CVDK
[12:28:04] [113/322] INRR
[12:28:04] 🔄 Identity reset
[12:28:04] 🔄 Identity rotated (every 10 requests)
[12:28:05] [114/322] RJRT
[12:28:06] [115/322] IRMR
[12:28:07] [116/322] SRCF
[12:28:08] [117/322] GRCR
[12:28:09] [118/322] SURC
[12:28:10] [119/322] NMNH
[12:28:11] [120/322] SVBL
[12:28:12] [121/322] KACI
[12:28:13] [122/322] TDGO
[12:28:14] [123/322] KTBR
[12:28:14] 🔄 Identity reset
[12:28:14] 🔄 Identity rotated (every 10 requests)
[12:28:14] 🔄 Retry 1/5 for KTBR in 3.0s
[12:28:14] 🔄 Identity reset
[12:28:17] 🧠 New identity created
[12:28:18] 🔄 Retry 2/5 for KTBR in 4.3s
[12:28:18] 🔄 Identity reset
[12:28:22] 🧠 New identity created
[12:28:22] 🔄 Retry 3/5 for KTBR in 8.7s
[12:28:22] 🔄 Identity reset
[12:28:31] 🧠 New identity created
[12:28:31] 🔄 Retry 4/5 for KTBR in 16.3s
[12:28:31] 🔄 Identity reset
[12:28:47] 🧠 New identity created
[12:28:48] [124/322] PMAD
[12:28:49] [125/322] CCPN
[12:28:49] [126/322] SBTK
[12:28:50] [127/322] LMDK
[12:28:51] [128/322] PGDA
[12:28:52] [129/322] SRML
[12:28:53] 🔄 Identity reset
[12:28:53] 🔄 Identity rotated (every 10 requests)
[12:28:53] 🔄 Retry 1/5 for SRML in 2.9s
[12:28:53] 🔄 Identity reset
[12:28:56] 🧠 New identity created
[12:28:56] 🔄 Retry 2/5 for SRML in 4.3s
[12:28:56] 🔄 Identity reset
[12:29:00] 🧠 New identity created
[12:29:01] [130/322] EVCK
[12:29:02] [131/322] RTTK
[12:29:03] [132/322] SRTU
[12:29:04] [133/322] VRSA
[12:29:05] [134/322] VARS
[12:29:07] [135/322] DSCZ
[12:29:07] [136/322] GAGA
[12:29:09] [137/322] SARV
[12:29:09] 🔄 Identity reset
[12:29:09] 🔄 Identity rotated (every 10 requests)
[12:29:09] [138/322] SEEG
[12:29:10] [139/322] GLCA
[12:29:11] [140/322] APAS
[12:29:12] [141/322] VCIA
[12:29:13] [142/322] SJTA
[12:29:14] [143/322] SABM
[12:29:15] [144/322] PPAG
[12:29:16] [145/322] RVCA
[12:29:17] [146/322] CCIA
[12:29:17] [147/322] HTAG
[12:29:18] 🔄 Identity reset
[12:29:18] 🔄 Identity rotated (every 10 requests)
[12:29:18] [148/322] SMBI
[12:29:19] [149/322] MCJR
[12:29:20] [150/322] CCJR
[12:29:21] [151/322] SINF
[12:29:22] [152/322] CPLX
[12:29:23] [153/322] KKTJ
[12:29:24] [154/322] GDBW
[12:29:25] [155/322] CSUB
[12:29:26] [156/322] DABA
[12:29:27] [157/322] TITR
[12:29:28] 🔄 Identity reset
[12:29:28] 🔄 Identity rotated (every 10 requests)
[12:29:28] [158/322] NYCR
[12:29:29] [159/322] RTRY
[12:29:30] [160/322] JTJL
[12:29:32] [161/322] SJCP
[12:29:33] [162/322] KCCA
[12:29:34] [163/322] MLPG
[12:29:35] [164/322] VRCK
[12:29:36] [165/322] SRIN
[12:29:37] [166/322] CXMK
[12:29:38] [167/322] SKAD
[12:29:39] 🔄 Identity reset
[12:29:39] 🔄 Identity rotated (every 10 requests)
[12:29:39] [168/322] AVTR
[12:29:40] [169/322] PTAJ
[12:29:41] [170/322] SCNK
[12:29:42] [171/322] STTI
[12:29:43] [172/322] KACR
[12:29:44] [173/322] SSDX
[12:29:45] [174/322] VRTJ
[12:29:47] [175/322] RAJD
[12:29:48] [176/322] SCIP
[12:29:49] [177/322] RJSL
[12:29:50] 🔄 Identity reset
[12:29:50] 🔄 Identity rotated (every 10 requests)
[12:29:50] [178/322] ARRS
[12:29:51] [179/322] ASMS
[12:29:53] [180/322] RDTS
[12:29:54] [181/322] DVMY
[12:29:55] [182/322] RASA
[12:29:56] [183/322] INOM
[12:29:57] [184/322] SPRS
[12:29:58] [185/322] SGCS
[12:29:59] [186/322] SALM
[12:30:00] [187/322] PKHC
[12:30:01] 🔄 Identity reset
[12:30:01] 🔄 Identity rotated (every 10 requests)
[12:30:02] [188/322] RCSV
[12:30:03] [189/322] CPKC
[12:30:04] [190/322] AACD
[12:30:05] [191/322] GGCV
[12:30:06] [192/322] SMKD
[12:30:07] [193/322] NBCH
[12:30:08] [194/322] AMCB
[12:30:09] [195/322] OPCN
[12:30:10] [196/322] DCIN
[12:30:12] [197/322] INGW
[12:30:12] 🔄 Identity reset
[12:30:12] 🔄 Identity rotated (every 10 requests)
[12:30:13] [198/322] PKKW
[12:30:13] [199/322] FNGW
[12:30:15] [200/322] GCGD
[12:30:16] [201/322] MSTW
[12:30:17] [202/322] KCCG
[12:30:18] [203/322] MRSS
[12:30:19] [204/322] CLCF
[12:30:20] [205/322] EETS
[12:30:21] [206/322] AATR
[12:30:22] [207/322] CMMN
[12:30:23] 🔄 Identity reset
[12:30:23] 🔄 Identity rotated (every 10 requests)
[12:30:23] [208/322] SCCJ
[12:30:24] [209/322] CDTK
[12:30:25] [210/322] AICP
[12:30:26] [211/322] FNBP
[12:30:27] [212/322] CBPB
[12:30:28] [213/322] CPAS
[12:30:30] [214/322] MAPM
[12:30:31] [215/322] PASD
[12:30:32] [216/322] JCMN
[12:30:33] [217/322] MALB
[12:30:33] 🔄 Identity reset
[12:30:33] 🔄 Identity rotated (every 10 requests)
[12:30:34] [218/322] SACG
[12:30:35] [219/322] DDRX
[12:30:36] [220/322] DDXB
[12:30:37] [221/322] RAMC
[12:30:38] [222/322] SANC
[12:30:38] [223/322] BCBP
[12:30:39] [224/322] ALPC
[12:30:40] [225/322] RBAC
[12:30:41] [226/322] RAJL
[12:30:42] [227/322] MPDX
[12:30:43] 🔄 Identity reset
[12:30:43] 🔄 Identity rotated (every 10 requests)
[12:30:43] [228/322] MUSC
[12:30:44] [229/322] VKMK
[12:30:45] [230/322] SKCG
[12:30:45] [231/322] ANCN
[12:30:46] [232/322] MMCJ
[12:30:47] [233/322] DCAK
[12:30:48] [234/322] SCKG
[12:30:49] [235/322] LMCK
[12:30:50] [236/322] CKKX
[12:30:51] [237/322] ANKU
[12:30:52] 🔄 Identity reset
[12:30:52] 🔄 Identity rotated (every 10 requests)
[12:30:52] 🔄 Retry 1/5 for ANKU in 2.7s
[12:30:52] 🔄 Identity reset
[12:30:55] 🧠 New identity created
[12:30:55] [238/322] CSMD
[12:30:56] [239/322] MKMP
[12:30:57] [240/322] SVBG
[12:30:58] [241/322] ROOP
[12:30:59] [242/322] GDMT
[12:31:00] [243/322] FPPF
[12:31:01] [244/322] SFUU
[12:31:01] [245/322] ANCB
[12:31:02] [246/322] SMMC
[12:31:03] 🔄 Identity reset
[12:31:03] 🔄 Identity rotated (every 10 requests)
[12:31:03] 🔄 Retry 1/5 for SMMC in 2.8s
[12:31:03] 🔄 Identity reset
[12:31:06] 🧠 New identity created
[12:31:07] [247/322] UGKT
[12:31:08] [248/322] JVRM
[12:31:09] [249/322] BATG
[12:31:10] [250/322] RATE
[12:31:11] [251/322] SKME
[12:31:12] [252/322] LMTP
[12:31:13] [253/322] TCBD
[12:31:14] [254/322] ESBD
[12:31:15] [255/322] GDCU
[12:31:16] 🔄 Identity reset
[12:31:16] 🔄 Identity rotated (every 10 requests)
[12:31:16] [256/322] SNKT
[12:31:18] [257/322] SRNK
[12:31:19] [258/322] SMED
[12:31:20] [259/322] CSQS
[12:31:21] [260/322] ALCS
[12:31:22] [261/322] KCKN
[12:31:23] [262/322] VCCL
[12:31:24] [263/322] MCDA
[12:31:25] [264/322] SHMI
[12:31:27] [265/322] SKHA
[12:31:28] 🔄 Identity reset
[12:31:28] 🔄 Identity rotated (every 10 requests)
[12:31:28] [266/322] SVFK
[12:31:29] [267/322] INVB
[12:31:30] [268/322] MELD
[12:31:31] [269/322] JTYS
[12:31:32] [270/322] INCM
[12:31:33] [271/322] MCDV
[12:31:34] [272/322] KSGK
[12:31:35] [273/322] ICMG
[12:31:36] [274/322] CSCV
[12:31:37] [275/322] STMD
[12:31:37] 🔄 Identity reset
[12:31:37] 🔄 Identity rotated (every 10 requests)
[12:31:38] [276/322] STTR
[12:31:39] [277/322] INVC
[12:31:40] [278/322] JTBL
[12:31:41] [279/322] SRVV
[12:31:42] [280/322] MAVC
[12:31:42] [281/322] SRPP
[12:31:43] [282/322] JGDM
[12:31:44] [283/322] MBSJ
[12:31:45] [284/322] SSLL
[12:31:46] [285/322] SLKP
[12:31:47] 🔄 Identity reset
[12:31:47] 🔄 Identity rotated (every 10 requests)
[12:31:47] [286/322] NSRV
[12:31:49] [287/322] UTDV
[12:31:50] [288/322] KICM
[12:31:50] [289/322] KCMD
[12:31:51] [290/322] TTPP
[12:31:52] [291/322] KMPV
[12:31:54] [292/322] SKTV
[12:31:55] [293/322] STCV
[12:31:56] [294/322] SRDA
[12:31:57] [295/322] JTSX
[12:31:58] 🔄 Identity reset
[12:31:58] 🔄 Identity rotated (every 10 requests)
[12:31:58] [296/322] STBV
[12:31:59] [297/322] APVZ
[12:32:00] [298/322] GSTV
[12:32:01] [299/322] NMVS
[12:32:02] [300/322] SKRT
[12:32:03] [301/322] RMDV
[12:32:04] [302/322] RATG
[12:32:05] [303/322] SJYV
[12:32:06] [304/322] NDGP
[12:32:07] [305/322] SNDG
[12:32:08] 🔄 Identity reset
[12:32:08] 🔄 Identity rotated (every 10 requests)
[12:32:09] [306/322] INSR
[12:32:10] [307/322] INSO
[12:32:11] [308/322] CCSI
[12:32:11] [309/322] RASM
[12:32:12] [310/322] NEWC
[12:32:13] [311/322] VSHL
[12:32:14] [312/322] BISW
[12:32:15] [313/322] GCNG
[12:32:16] [314/322] CWSC
[12:32:18] [315/322] SKAN
[12:32:19] 🔄 Identity reset
[12:32:19] 🔄 Identity rotated (every 10 requests)
[12:32:19] [316/322] CCOA
[12:32:20] [317/322] MCAJ
[12:32:21] [318/322] ACDE
[12:32:22] [319/322] AACM
[12:32:23] [320/322] JJCK
[12:32:24] [321/322] RCMO
[12:32:25] [322/322] GDAW
[12:32:26] 🧹 Deduping shows
[12:32:26] ✅ DONE | Shows=61 | Movies=6
[22:09:32] 🚀 SCRIPT STARTED (enhanced anti‑detection)
[22:09:32] [1/322] CDCA
[22:09:33] 🧠 New identity created
[22:09:33] [2/322] VBCZ
[22:09:34] [3/322] MSDR
[22:09:35] [4/322] ACPV
[22:09:36] [5/322] PVHB
[22:09:37] [6/322] RCNH
[22:09:38] [7/322] IOMH
[22:09:39] [8/322] ILKS
[22:09:40] [9/322] AMSN
[22:09:41] [10/322] ANTP
[22:09:42] 🔄 Identity reset
[22:09:42] 🔄 Identity rotated (every 10 requests)
[22:09:42] [11/322] SSEK
[22:09:43] [12/322] PICP
[22:09:44] [13/322] SICO
[22:09:44] [14/322] SISP
[22:09:45] [15/322] SCPI
[22:09:46] [16/322] CRPR
[22:09:47] [17/322] DCTW
[22:09:48] [18/322] DCSP
[22:09:49] [19/322] KRPM
[22:09:50] [20/322] THKK
[22:09:50] 🔄 Identity reset
[22:09:50] 🔄 Identity rotated (every 10 requests)
[22:09:51] [21/322] SNMY
[22:09:52] [22/322] AKCC
[22:09:52] [23/322] PCAT
[22:09:53] [24/322] RFGO
[22:09:55] [25/322] GGCS
[22:09:55] [26/322] ACKR
[22:09:56] [27/322] STDO
[22:09:57] [28/322] ACKB
[22:09:58] [29/322] ALUC
[22:09:59] [30/322] MNSR
[22:10:00] 🔄 Identity reset
[22:10:00] 🔄 Identity rotated (every 10 requests)
[22:10:00] [31/322] CSSL
[22:10:01] [32/322] BGGM
[22:10:02] [33/322] MANT
[22:10:03] [34/322] SOOY
[22:10:04] [35/322] VPPK
[22:10:05] [36/322] MYHJ
[22:10:06] [37/322] KSCK
[22:10:07] [38/322] KATK
[22:10:08] [39/322] RTRT
[22:10:09] [40/322] SSTT
[22:10:09] 🔄 Identity reset
[22:10:09] 🔄 Identity rotated (every 10 requests)
[22:10:09] 🔄 Retry 1/5 for SSTT in 2.9s
[22:10:09] 🔄 Identity reset
[22:10:12] 🧠 New identity created
[22:10:12] 🔄 Retry 2/5 for SSTT in 4.9s
[22:10:12] 🔄 Identity reset
[22:10:17] 🧠 New identity created
[22:10:17] [41/322] SSTV
[22:10:18] [42/322] LACM
[22:10:19] [43/322] SGMG
[22:10:21] [44/322] KACX
[22:10:22] [45/322] GVCP
[22:10:23] [46/322] CSNC
[22:10:24] [47/322] SXCB
[22:10:25] [48/322] BAHS
[22:10:25] 🔄 Identity reset
[22:10:25] 🔄 Identity rotated (every 10 requests)
[22:10:25] 🔄 Retry 1/5 for BAHS in 2.0s
[22:10:25] 🔄 Identity reset
[22:10:27] 🧠 New identity created
[22:10:28] [49/322] PCBI
[22:10:28] [50/322] PSSM
[22:10:30] [51/322] RCOK
[22:10:31] [52/322] SCPF
[22:10:32] [53/322] SSAS
[22:10:33] [54/322] EVMM
[22:10:33] [55/322] SYCB
[22:10:34] [56/322] GCKI
[22:10:36] [57/322] IAET
[22:10:37] 🔄 Identity reset
[22:10:37] 🔄 Identity rotated (every 10 requests)
[22:10:37] [58/322] DDTD
[22:10:38] [59/322] GMDH
[22:10:39] [60/322] STLE
[22:10:40] [61/322] JTRA
[22:10:41] [62/322] RPPA
[22:10:41] [63/322] ARUT
[22:10:42] [64/322] JTVM
[22:10:43] [65/322] SWRH
[22:10:44] [66/322] DCPC
[22:10:45] [67/322] RAPR
[22:10:45] 🔄 Identity reset
[22:10:45] 🔄 Identity rotated (every 10 requests)
[22:10:46] [68/322] GCRT
[22:10:46] [69/322] ATUN
[22:10:47] [70/322] LTRM
[22:10:48] [71/322] TASR
[22:10:49] [72/322] RLLC
[22:10:49] [73/322] MABI
[22:10:50] [74/322] SVHB
[22:10:52] [75/322] NVTB
[22:10:53] [76/322] KCKG
[22:10:54] [77/322] SSRN
[22:10:55] 🔄 Identity reset
[22:10:55] 🔄 Identity rotated (every 10 requests)
[22:10:55] 🔄 Retry 1/5 for SSRN in 2.9s
[22:10:55] 🔄 Identity reset
[22:10:58] 🧠 New identity created
[22:10:59] [78/322] VDDC
[22:10:59] [79/322] GKTK
[22:11:00] [80/322] YFSN
[22:11:01] [81/322] GCSG
[22:11:02] [82/322] ESSM
[22:11:03] [83/322] KRIH
[22:11:04] [84/322] GCDS
[22:11:05] [85/322] CCSH
[22:11:06] [86/322] ACSK
[22:11:07] 🔄 Identity reset
[22:11:07] 🔄 Identity rotated (every 10 requests)
[22:11:07] 🔄 Retry 1/5 for ACSK in 2.7s
[22:11:07] 🔄 Identity reset
[22:11:09] 🧠 New identity created
[22:11:10] [87/322] APRK
[22:11:12] [88/322] ADKM
[22:11:13] [89/322] SRDM
[22:11:14] [90/322] SJMY
[22:11:14] [91/322] PGGC
[22:11:15] [92/322] INGM
[22:11:16] [93/322] LSCB
[22:11:17] [94/322] STAD
[22:11:18] [95/322] MCCR
[22:11:19] 🔄 Identity reset
[22:11:19] 🔄 Identity rotated (every 10 requests)
[22:11:19] 🔄 Retry 1/5 for MCCR in 2.9s
[22:11:19] 🔄 Identity reset
[22:11:22] 🧠 New identity created
[22:11:22] [96/322] ABCC
[22:11:23] [97/322] RKCC
[22:11:24] [98/322] RTCR
[22:11:25] [99/322] GGBC
[22:11:26] [100/322] GCSD
[22:11:27] [101/322] LPTY
[22:11:28] [102/322] MCFD
[22:11:29] [103/322] HENN
[22:11:30] [104/322] SMKU
[22:11:30] 🔄 Identity reset
[22:11:30] 🔄 Identity rotated (every 10 requests)
[22:11:30] [105/322] TNZC
[22:11:31] [106/322] DRCD
[22:11:32] [107/322] DLCD
[22:11:33] [108/322] RCDA
[22:11:34] [109/322] COSM
[22:11:35] [110/322] MCMJ
[22:11:36] [111/322] CSTR
[22:11:37] [112/322] CVDK
[22:11:37] [113/322] INRR
[22:11:38] [114/322] RJRT
[22:11:39] 🔄 Identity reset
[22:11:39] 🔄 Identity rotated (every 10 requests)
[22:11:39] [115/322] IRMR
[22:11:40] [116/322] SRCF
[22:11:41] [117/322] GRCR
[22:11:42] [118/322] SURC
[22:11:43] [119/322] NMNH
[22:11:44] [120/322] SVBL
[22:11:45] [121/322] KACI
[22:11:45] [122/322] TDGO
[22:11:46] [123/322] KTBR
[22:11:48] [124/322] PMAD
[22:11:48] 🔄 Identity reset
[22:11:48] 🔄 Identity rotated (every 10 requests)
[22:11:49] [125/322] CCPN
[22:11:49] [126/322] SBTK
[22:11:50] [127/322] LMDK
[22:11:51] [128/322] PGDA
[22:11:52] [129/322] SRML
[22:11:53] [130/322] EVCK
[22:11:54] [131/322] RTTK
[22:11:55] [132/322] SRTU
[22:11:56] [133/322] VRSA
[22:11:57] [134/322] VARS
[22:11:57] 🔄 Identity reset
[22:11:57] 🔄 Identity rotated (every 10 requests)
[22:11:57] 🔄 Retry 1/5 for VARS in 2.1s
[22:11:57] 🔄 Identity reset
[22:11:59] 🧠 New identity created
[22:12:00] [135/322] DSCZ
[22:12:01] [136/322] GAGA
[22:12:01] [137/322] SARV
[22:12:02] [138/322] SEEG
[22:12:03] [139/322] GLCA
[22:12:04] [140/322] APAS
[22:12:05] [141/322] VCIA
[22:12:06] [142/322] SJTA
[22:12:07] [143/322] SABM
[22:12:07] 🔄 Identity reset
[22:12:07] 🔄 Identity rotated (every 10 requests)
[22:12:08] [144/322] PPAG
[22:12:09] [145/322] RVCA
[22:12:10] [146/322] CCIA
[22:12:10] [147/322] HTAG
[22:12:12] [148/322] SMBI
[22:12:13] [149/322] MCJR
[22:12:14] [150/322] CCJR
[22:12:15] [151/322] SINF
[22:12:16] [152/322] CPLX
[22:12:17] [153/322] KKTJ
[22:12:18] 🔄 Identity reset
[22:12:18] 🔄 Identity rotated (every 10 requests)
[22:12:19] [154/322] GDBW
[22:12:20] [155/322] CSUB
[22:12:20] [156/322] DABA
[22:12:21] [157/322] TITR
[22:12:22] [158/322] NYCR
[22:12:23] [159/322] RTRY
[22:12:23] [160/322] JTJL
[22:12:25] [161/322] SJCP
[22:12:26] [162/322] KCCA
[22:12:27] [163/322] MLPG
[22:12:27] 🔄 Identity reset
[22:12:27] 🔄 Identity rotated (every 10 requests)
[22:12:27] 🔄 Retry 1/5 for MLPG in 2.4s
[22:12:27] 🔄 Identity reset
[22:12:30] 🧠 New identity created
[22:12:30] 🔄 Retry 2/5 for MLPG in 4.3s
[22:12:30] 🔄 Identity reset
[22:12:34] 🧠 New identity created
[22:12:34] [164/322] VRCK
[22:12:35] [165/322] SRIN
[22:12:36] [166/322] CXMK
[22:12:37] [167/322] SKAD
[22:12:38] [168/322] AVTR
[22:12:38] [169/322] PTAJ
[22:12:39] [170/322] SCNK
[22:12:40] [171/322] STTI
[22:12:41] 🔄 Identity reset
[22:12:41] 🔄 Identity rotated (every 10 requests)
[22:12:41] 🔄 Retry 1/5 for STTI in 2.8s
[22:12:41] 🔄 Identity reset
[22:12:44] 🧠 New identity created
[22:12:44] [172/322] KACR
[22:12:45] [173/322] SSDX
[22:12:46] [174/322] VRTJ
[22:12:47] [175/322] RAJD
[22:12:48] [176/322] SCIP
[22:12:49] [177/322] RJSL
[22:12:50] [178/322] ARRS
[22:12:52] [179/322] ASMS
[22:12:53] [180/322] RDTS
[22:12:53] 🔄 Identity reset
[22:12:53] 🔄 Identity rotated (every 10 requests)
[22:12:54] [181/322] DVMY
[22:12:55] [182/322] RASA
[22:12:57] [183/322] INOM
[22:12:58] [184/322] SPRS
[22:12:58] [185/322] SGCS
[22:12:59] [186/322] SALM
[22:13:00] [187/322] PKHC
[22:13:01] [188/322] RCSV
[22:13:02] [189/322] CPKC
[22:13:03] [190/322] AACD
[22:13:03] 🔄 Identity reset
[22:13:03] 🔄 Identity rotated (every 10 requests)
[22:13:04] [191/322] GGCV
[22:13:05] [192/322] SMKD
[22:13:06] [193/322] NBCH
[22:13:07] [194/322] AMCB
[22:13:07] [195/322] OPCN
[22:13:08] [196/322] DCIN
[22:13:09] [197/322] INGW
[22:13:10] [198/322] PKKW
[22:13:11] [199/322] FNGW
[22:13:12] [200/322] GCGD
[22:13:13] 🔄 Identity reset
[22:13:13] 🔄 Identity rotated (every 10 requests)
[22:13:13] [201/322] MSTW
[22:13:14] [202/322] KCCG
[22:13:15] [203/322] MRSS
[22:13:16] [204/322] CLCF
[22:13:16] [205/322] EETS
[22:13:18] [206/322] AATR
[22:13:19] [207/322] CMMN
[22:13:21] [208/322] SCCJ
[22:13:22] [209/322] CDTK
[22:13:23] [210/322] AICP
[22:13:24] 🔄 Identity reset
[22:13:24] 🔄 Identity rotated (every 10 requests)
[22:13:24] 🔄 Retry 1/5 for AICP in 2.4s
[22:13:24] 🔄 Identity reset
[22:13:26] 🧠 New identity created
[22:13:27] [211/322] FNBP
[22:13:27] [212/322] CBPB
[22:13:29] [213/322] CPAS
[22:13:30] [214/322] MAPM
[22:13:31] [215/322] PASD
[22:13:31] [216/322] JCMN
[22:13:32] [217/322] MALB
[22:13:33] [218/322] SACG
[22:13:34] [219/322] DDRX
[22:13:34] 🔄 Identity reset
[22:13:35] 🔄 Identity rotated (every 10 requests)
[22:13:35] 🔄 Retry 1/5 for DDRX in 2.7s
[22:13:35] 🔄 Identity reset
[22:13:37] 🧠 New identity created
[22:13:38] [220/322] DDXB
[22:13:38] [221/322] RAMC
[22:13:39] [222/322] SANC
[22:13:40] [223/322] BCBP
[22:13:41] [224/322] ALPC
[22:13:42] [225/322] RBAC
[22:13:43] [226/322] RAJL
[22:13:44] [227/322] MPDX
[22:13:45] [228/322] MUSC
[22:13:45] 🔄 Identity reset
[22:13:45] 🔄 Identity rotated (every 10 requests)
[22:13:45] 🔄 Retry 1/5 for MUSC in 2.2s
[22:13:45] 🔄 Identity reset
[22:13:48] 🧠 New identity created
[22:13:48] [229/322] VKMK
[22:13:49] [230/322] SKCG
[22:13:50] [231/322] ANCN
[22:13:50] [232/322] MMCJ
[22:13:51] [233/322] DCAK
[22:13:52] [234/322] SCKG
[22:13:53] [235/322] LMCK
[22:13:54] [236/322] CKKX
[22:13:55] [237/322] ANKU
[22:13:55] 🔄 Identity reset
[22:13:55] 🔄 Identity rotated (every 10 requests)
[22:13:56] [238/322] CSMD
[22:13:57] [239/322] MKMP
[22:13:58] [240/322] SVBG
[22:13:59] [241/322] ROOP
[22:14:00] [242/322] GDMT
[22:14:01] [243/322] FPPF
[22:14:02] [244/322] SFUU
[22:14:02] [245/322] ANCB
[22:14:03] [246/322] SMMC
[22:14:04] [247/322] UGKT
[22:14:05] 🔄 Identity reset
[22:14:05] 🔄 Identity rotated (every 10 requests)
[22:14:05] [248/322] JVRM
[22:14:06] [249/322] BATG
[22:14:07] [250/322] RATE
[22:14:07] [251/322] SKME
[22:14:08] [252/322] LMTP
[22:14:09] [253/322] TCBD
[22:14:10] [254/322] ESBD
[22:14:11] [255/322] GDCU
[22:14:12] [256/322] SNKT
[22:14:13] [257/322] SRNK
[22:14:13] 🔄 Identity reset
[22:14:13] 🔄 Identity rotated (every 10 requests)
[22:14:14] [258/322] SMED
[22:14:14] [259/322] CSQS
[22:14:15] [260/322] ALCS
[22:14:16] [261/322] KCKN
[22:14:17] [262/322] VCCL
[22:14:17] [263/322] MCDA
[22:14:19] [264/322] SHMI
[22:14:20] [265/322] SKHA
[22:14:21] [266/322] SVFK
[22:14:22] [267/322] INVB
[22:14:22] 🔄 Identity reset
[22:14:22] 🔄 Identity rotated (every 10 requests)
[22:14:22] [268/322] MELD
[22:14:23] [269/322] JTYS
[22:14:24] [270/322] INCM
[22:14:25] [271/322] MCDV
[22:14:26] [272/322] KSGK
[22:14:27] [273/322] ICMG
[22:14:28] [274/322] CSCV
[22:14:29] [275/322] STMD
[22:14:30] [276/322] STTR
[22:14:31] [277/322] INVC
[22:14:32] 🔄 Identity reset
[22:14:32] 🔄 Identity rotated (every 10 requests)
[22:14:32] [278/322] JTBL
[22:14:33] [279/322] SRVV
[22:14:34] [280/322] MAVC
[22:14:35] [281/322] SRPP
[22:14:36] [282/322] JGDM
[22:14:37] [283/322] MBSJ
[22:14:38] [284/322] SSLL
[22:14:39] [285/322] SLKP
[22:14:40] [286/322] NSRV
[22:14:40] [287/322] UTDV
[22:14:41] 🔄 Identity reset
[22:14:41] 🔄 Identity rotated (every 10 requests)
[22:14:41] [288/322] KICM
[22:14:42] [289/322] KCMD
[22:14:43] [290/322] TTPP
[22:14:44] [291/322] KMPV
[22:14:46] [292/322] SKTV
[22:14:46] [293/322] STCV
[22:14:47] [294/322] SRDA
[22:14:48] [295/322] JTSX
[22:14:49] [296/322] STBV
[22:14:50] [297/322] APVZ
[22:14:51] 🔄 Identity reset
[22:14:51] 🔄 Identity rotated (every 10 requests)
[22:14:51] 🔄 Retry 1/5 for APVZ in 2.2s
[22:14:51] 🔄 Identity reset
[22:14:53] 🧠 New identity created
[22:14:53] [298/322] GSTV
[22:14:54] [299/322] NMVS
[22:14:55] [300/322] SKRT
[22:14:56] [301/322] RMDV
[22:14:57] [302/322] RATG
[22:14:57] [303/322] SJYV
[22:14:58] [304/322] NDGP
[22:14:59] [305/322] SNDG
[22:15:00] [306/322] INSR
[22:15:00] 🔄 Identity reset
[22:15:00] 🔄 Identity rotated (every 10 requests)
[22:15:00] 🔄 Retry 1/5 for INSR in 2.9s
[22:15:00] 🔄 Identity reset
[22:15:03] 🧠 New identity created
[22:15:04] [307/322] INSO
[22:15:05] [308/322] CCSI
[22:15:05] [309/322] RASM
[22:15:06] [310/322] NEWC
[22:15:07] [311/322] VSHL
[22:15:08] [312/322] BISW
[22:15:09] [313/322] GCNG
[22:15:10] [314/322] CWSC
[22:15:10] [315/322] SKAN
[22:15:11] 🔄 Identity reset
[22:15:11] 🔄 Identity rotated (every 10 requests)
[22:15:11] [316/322] CCOA
[22:15:12] [317/322] MCAJ
[22:15:13] [318/322] ACDE
[22:15:14] [319/322] AACM
[22:15:15] [320/322] JJCK
[22:15:16] [321/322] RCMO
[22:15:16] [322/322] GDAW
[22:15:17] 🧹 Deduping shows
[22:15:17] ✅ DONE | Shows=251 | Movies=28
[07:12:47] 🚀 SCRIPT STARTED (enhanced anti‑detection)
[07:12:47] [1/322] CDCA
[07:12:48] 🧠 New identity created
[07:12:48] 🔄 Retry 1/5 for CDCA in 2.3s
[07:12:48] 🔄 Identity reset
[07:12:51] 🧠 New identity created
[07:12:51] [2/322] VBCZ
[07:12:51] [3/322] MSDR
[07:12:52] [4/322] ACPV
[07:12:53] [5/322] PVHB
[07:12:53] [6/322] RCNH
[07:12:54] [7/322] IOMH
[07:12:55] [8/322] ILKS
[07:12:56] [9/322] AMSN
[07:12:57] 🔄 Identity reset
[07:12:57] 🔄 Identity rotated (every 10 requests)
[07:12:57] [10/322] ANTP
[07:12:58] [11/322] SSEK
[07:12:58] [12/322] PICP
[07:12:59] [13/322] SICO
[07:13:00] [14/322] SISP
[07:13:00] [15/322] SCPI
[07:13:01] [16/322] CRPR
[07:13:02] [17/322] DCTW
[07:13:03] [18/322] DCSP
[07:13:04] [19/322] KRPM
[07:13:04] 🔄 Identity reset
[07:13:04] 🔄 Identity rotated (every 10 requests)
[07:13:05] [20/322] THKK
[07:13:06] [21/322] SNMY
[07:13:07] [22/322] AKCC
[07:13:07] [23/322] PCAT
[07:13:08] [24/322] RFGO
[07:13:09] [25/322] GGCS
[07:13:10] [26/322] ACKR
[07:13:10] [27/322] STDO
[07:13:11] [28/322] ACKB
[07:13:12] [29/322] ALUC
[07:13:13] 🔄 Identity reset
[07:13:13] 🔄 Identity rotated (every 10 requests)
[07:13:13] [30/322] MNSR
[07:13:14] [31/322] CSSL
[07:13:15] [32/322] BGGM
[07:13:15] [33/322] MANT
[07:13:16] [34/322] SOOY
[07:13:17] [35/322] VPPK
[07:13:18] [36/322] MYHJ
[07:13:18] [37/322] KSCK
[07:13:20] [38/322] KATK
[07:13:21] [39/322] RTRT
[07:13:21] 🔄 Identity reset
[07:13:21] 🔄 Identity rotated (every 10 requests)
[07:13:21] 🔄 Retry 1/5 for RTRT in 2.3s
[07:13:21] 🔄 Identity reset
[07:13:24] 🧠 New identity created
[07:13:24] 🔄 Retry 2/5 for RTRT in 4.7s
[07:13:24] 🔄 Identity reset
[07:13:28] 🧠 New identity created
[07:13:28] 🔄 Retry 3/5 for RTRT in 8.0s
[07:13:28] 🔄 Identity reset
[07:13:36] 🧠 New identity created
[07:13:36] 🔄 Retry 4/5 for RTRT in 16.9s
[07:13:36] 🔄 Identity reset
[07:13:53] 🧠 New identity created
[07:13:54] [40/322] SSTT
[07:13:54] [41/322] SSTV
[07:13:55] [42/322] LACM
[07:13:56] [43/322] SGMG
[07:13:57] [44/322] KACX
[07:13:58] [45/322] GVCP
[07:13:58] 🔄 Identity reset
[07:13:58] 🔄 Identity rotated (every 10 requests)
[07:13:58] 🔄 Retry 1/5 for GVCP in 2.8s
[07:13:58] 🔄 Identity reset
[07:14:01] 🧠 New identity created
[07:14:01] [46/322] CSNC
[07:14:02] [47/322] SXCB
[07:14:03] [48/322] BAHS
[07:14:03] [49/322] PCBI
[07:14:04] [50/322] PSSM
[07:14:05] [51/322] RCOK
[07:14:06] [52/322] SCPF
[07:14:07] [53/322] SSAS
[07:14:07] [54/322] EVMM
[07:14:08] 🔄 Identity reset
[07:14:08] 🔄 Identity rotated (every 10 requests)
[07:14:08] [55/322] SYCB
[07:14:09] [56/322] GCKI
[07:14:10] [57/322] IAET
[07:14:10] [58/322] DDTD
[07:14:11] [59/322] GMDH
[07:14:12] [60/322] STLE
[07:14:13] [61/322] JTRA
[07:14:14] [62/322] RPPA
[07:14:14] [63/322] ARUT
[07:14:15] [64/322] JTVM
[07:14:16] 🔄 Identity reset
[07:14:16] 🔄 Identity rotated (every 10 requests)
[07:14:16] [65/322] SWRH
[07:14:17] [66/322] DCPC
[07:14:18] [67/322] RAPR
[07:14:18] [68/322] GCRT
[07:14:19] [69/322] ATUN
[07:14:19] [70/322] LTRM
[07:14:20] [71/322] TASR
[07:14:21] [72/322] RLLC
[07:14:22] [73/322] MABI
[07:14:22] [74/322] SVHB
[07:14:23] 🔄 Identity reset
[07:14:23] 🔄 Identity rotated (every 10 requests)
[07:14:23] [75/322] NVTB
[07:14:23] [76/322] KCKG
[07:14:24] [77/322] SSRN
[07:14:25] [78/322] VDDC
[07:14:25] [79/322] GKTK
[07:14:26] [80/322] YFSN
[07:14:27] [81/322] GCSG
[07:14:28] [82/322] ESSM
[07:14:29] [83/322] KRIH
[07:14:29] [84/322] GCDS
[07:14:30] 🔄 Identity reset
[07:14:30] 🔄 Identity rotated (every 10 requests)
[07:14:30] [85/322] CCSH
[07:14:31] [86/322] ACSK
[07:14:31] [87/322] APRK
[07:14:32] [88/322] ADKM
[07:14:33] [89/322] SRDM
[07:14:34] [90/322] SJMY
[07:14:34] [91/322] PGGC
[07:14:35] [92/322] INGM
[07:14:36] [93/322] LSCB
[07:14:37] [94/322] STAD
[07:14:38] 🔄 Identity reset
[07:14:38] 🔄 Identity rotated (every 10 requests)
[07:14:38] 🔄 Retry 1/5 for STAD in 2.3s
[07:14:38] 🔄 Identity reset
[07:14:40] 🧠 New identity created
[07:14:40] 🔄 Retry 2/5 for STAD in 4.2s
[07:14:40] 🔄 Identity reset
[07:14:44] 🧠 New identity created
[07:14:45] [95/322] MCCR
[07:14:46] [96/322] ABCC
[07:14:46] [97/322] RKCC
[07:14:47] [98/322] RTCR
[07:14:48] [99/322] GGBC
[07:14:49] [100/322] GCSD
[07:14:50] [101/322] LPTY
[07:14:51] [102/322] MCFD
[07:14:51] 🔄 Identity reset
[07:14:51] 🔄 Identity rotated (every 10 requests)
[07:14:51] [103/322] HENN
[07:14:53] [104/322] SMKU
[07:14:54] [105/322] TNZC
[07:14:55] [106/322] DRCD
[07:14:56] [107/322] DLCD
[07:14:56] [108/322] RCDA
[07:14:57] [109/322] COSM
[07:14:58] [110/322] MCMJ
[07:14:58] [111/322] CSTR
[07:14:59] [112/322] CVDK
[07:15:00] 🔄 Identity reset
[07:15:00] 🔄 Identity rotated (every 10 requests)
[07:15:00] [113/322] INRR
[07:15:01] [114/322] RJRT
[07:15:02] [115/322] IRMR
[07:15:03] [116/322] SRCF
[07:15:04] [117/322] GRCR
[07:15:05] [118/322] SURC
[07:15:06] [119/322] NMNH
[07:15:06] [120/322] SVBL
[07:15:07] [121/322] KACI
[07:15:08] [122/322] TDGO
[07:15:09] 🔄 Identity reset
[07:15:09] 🔄 Identity rotated (every 10 requests)
[07:15:09] [123/322] KTBR
[07:15:09] [124/322] PMAD
[07:15:10] [125/322] CCPN
[07:15:11] [126/322] SBTK
[07:15:12] [127/322] LMDK
[07:15:13] [128/322] PGDA
[07:15:13] [129/322] SRML
[07:15:14] [130/322] EVCK
[07:15:15] [131/322] RTTK
[07:15:16] [132/322] SRTU
[07:15:17] 🔄 Identity reset
[07:15:17] 🔄 Identity rotated (every 10 requests)
[07:15:17] [133/322] VRSA
[07:15:17] [134/322] VARS
[07:15:18] [135/322] DSCZ
[07:15:19] [136/322] GAGA
[07:15:20] [137/322] SARV
[07:15:20] [138/322] SEEG
[07:15:21] [139/322] GLCA
[07:15:22] [140/322] APAS
[07:15:22] [141/322] VCIA
[07:15:23] [142/322] SJTA
[07:15:24] 🔄 Identity reset
[07:15:24] 🔄 Identity rotated (every 10 requests)
[07:15:24] 🔄 Retry 1/5 for SJTA in 2.0s
[07:15:24] 🔄 Identity reset
[07:15:26] 🧠 New identity created
[07:15:26] 🔄 Retry 2/5 for SJTA in 4.4s
[07:15:26] 🔄 Identity reset
[07:15:30] 🧠 New identity created
[07:15:30] [143/322] SABM
[07:15:31] [144/322] PPAG
[07:15:32] [145/322] RVCA
[07:15:32] [146/322] CCIA
[07:15:33] [147/322] HTAG
[07:15:34] [148/322] SMBI
[07:15:35] [149/322] MCJR
[07:15:36] [150/322] CCJR
[07:15:36] 🔄 Identity reset
[07:15:36] 🔄 Identity rotated (every 10 requests)
[07:15:36] [151/322] SINF
[07:15:37] [152/322] CPLX
[07:15:38] [153/322] KKTJ
[07:15:39] [154/322] GDBW
[07:15:40] [155/322] CSUB
[07:15:40] [156/322] DABA
[07:15:41] [157/322] TITR
[07:15:42] [158/322] NYCR
[07:15:42] [159/322] RTRY
[07:15:43] [160/322] JTJL
[07:15:43] 🔄 Identity reset
[07:15:43] 🔄 Identity rotated (every 10 requests)
[07:15:44] [161/322] SJCP
[07:15:45] [162/322] KCCA
[07:15:46] [163/322] MLPG
[07:15:47] [164/322] VRCK
[07:15:47] [165/322] SRIN
[07:15:48] [166/322] CXMK
[07:15:49] [167/322] SKAD
[07:15:50] [168/322] AVTR
[07:15:50] [169/322] PTAJ
[07:15:52] [170/322] SCNK
[07:15:52] 🔄 Identity reset
[07:15:52] 🔄 Identity rotated (every 10 requests)
[07:15:53] [171/322] STTI
[07:15:54] [172/322] KACR
[07:15:54] [173/322] SSDX
[07:15:55] [174/322] VRTJ
[07:15:56] [175/322] RAJD
[07:15:57] [176/322] SCIP
[07:15:57] [177/322] RJSL
[07:15:58] [178/322] ARRS
[07:15:59] [179/322] ASMS
[07:16:00] [180/322] RDTS
[07:16:00] 🔄 Identity reset
[07:16:00] 🔄 Identity rotated (every 10 requests)
[07:16:00] [181/322] DVMY
[07:16:01] [182/322] RASA
[07:16:02] [183/322] INOM
[07:16:02] [184/322] SPRS
[07:16:03] [185/322] SGCS
[07:16:04] [186/322] SALM
[07:16:04] [187/322] PKHC
[07:16:05] [188/322] RCSV
[07:16:06] [189/322] CPKC
[07:16:07] [190/322] AACD
[07:16:08] 🔄 Identity reset
[07:16:08] 🔄 Identity rotated (every 10 requests)
[07:16:08] 🔄 Retry 1/5 for AACD in 2.2s
[07:16:08] 🔄 Identity reset
[07:16:10] 🧠 New identity created
[07:16:10] [191/322] GGCV
[07:16:11] [192/322] SMKD
[07:16:12] [193/322] NBCH
[07:16:13] [194/322] AMCB
[07:16:13] [195/322] OPCN
[07:16:14] [196/322] DCIN
[07:16:15] [197/322] INGW
[07:16:16] [198/322] PKKW
[07:16:17] [199/322] FNGW
[07:16:18] 🔄 Identity reset
[07:16:18] 🔄 Identity rotated (every 10 requests)
[07:16:18] [200/322] GCGD
[07:16:19] [201/322] MSTW
[07:16:20] [202/322] KCCG
[07:16:20] [203/322] MRSS
[07:16:21] [204/322] CLCF
[07:16:22] [205/322] EETS
[07:16:23] [206/322] AATR
[07:16:24] [207/322] CMMN
[07:16:25] [208/322] SCCJ
[07:16:25] [209/322] CDTK
[07:16:26] 🔄 Identity reset
[07:16:26] 🔄 Identity rotated (every 10 requests)
[07:16:26] [210/322] AICP
[07:16:27] [211/322] FNBP
[07:16:28] [212/322] CBPB
[07:16:28] [213/322] CPAS
[07:16:29] [214/322] MAPM
[07:16:30] [215/322] PASD
[07:16:32] [216/322] JCMN
[07:16:32] [217/322] MALB
[07:16:33] [218/322] SACG
[07:16:34] [219/322] DDRX
[07:16:34] 🔄 Identity reset
[07:16:34] 🔄 Identity rotated (every 10 requests)
[07:16:35] [220/322] DDXB
[07:16:36] [221/322] RAMC
[07:16:36] [222/322] SANC
[07:16:37] [223/322] BCBP
[07:16:38] [224/322] ALPC
[07:16:39] [225/322] RBAC
[07:16:39] [226/322] RAJL
[07:16:40] [227/322] MPDX
[07:16:41] [228/322] MUSC
[07:16:42] [229/322] VKMK
[07:16:42] 🔄 Identity reset
[07:16:42] 🔄 Identity rotated (every 10 requests)
[07:16:43] [230/322] SKCG
[07:16:43] [231/322] ANCN
[07:16:44] [232/322] MMCJ
[07:16:44] [233/322] DCAK
[07:16:45] [234/322] SCKG
[07:16:46] [235/322] LMCK
[07:16:47] [236/322] CKKX
[07:16:48] [237/322] ANKU
[07:16:48] [238/322] CSMD
[07:16:49] [239/322] MKMP
[07:16:50] 🔄 Identity reset
[07:16:50] 🔄 Identity rotated (every 10 requests)
[07:16:50] 🔄 Retry 1/5 for MKMP in 2.5s
[07:16:50] 🔄 Identity reset
[07:16:52] 🧠 New identity created
[07:16:53] [240/322] SVBG
[07:16:53] [241/322] ROOP
[07:16:54] [242/322] GDMT
[07:16:54] [243/322] FPPF
[07:16:55] [244/322] SFUU
[07:16:56] [245/322] ANCB
[07:16:57] [246/322] SMMC
[07:16:58] [247/322] UGKT
[07:16:59] [248/322] JVRM
[07:17:00] 🔄 Identity reset
[07:17:00] 🔄 Identity rotated (every 10 requests)
[07:17:00] 🔄 Retry 1/5 for JVRM in 2.1s
[07:17:00] 🔄 Identity reset
[07:17:02] 🧠 New identity created
[07:17:02] [249/322] BATG
[07:17:03] [250/322] RATE
[07:17:04] [251/322] SKME
[07:17:05] [252/322] LMTP
[07:17:05] [253/322] TCBD
[07:17:06] [254/322] ESBD
[07:17:07] [255/322] GDCU
[07:17:08] [256/322] SNKT
[07:17:09] [257/322] SRNK
[07:17:09] 🔄 Identity reset
[07:17:09] 🔄 Identity rotated (every 10 requests)
[07:17:09] 🔄 Retry 1/5 for SRNK in 2.5s
[07:17:09] 🔄 Identity reset
[07:17:12] 🧠 New identity created
[07:17:12] 🔄 Retry 2/5 for SRNK in 4.5s
[07:17:12] 🔄 Identity reset
[07:17:16] 🧠 New identity created
[07:17:17] [258/322] SMED
[07:17:17] [259/322] CSQS
[07:17:18] [260/322] ALCS
[07:17:19] [261/322] KCKN
[07:17:20] [262/322] VCCL
[07:17:21] [263/322] MCDA
[07:17:21] [264/322] SHMI
[07:17:22] [265/322] SKHA
[07:17:23] 🔄 Identity reset
[07:17:23] 🔄 Identity rotated (every 10 requests)
[07:17:23] 🔄 Retry 1/5 for SKHA in 2.3s
[07:17:23] 🔄 Identity reset
[07:17:25] 🧠 New identity created
[07:17:26] [266/322] SVFK
[07:17:27] [267/322] INVB
[07:17:27] [268/322] MELD
[07:17:28] [269/322] JTYS
[07:17:29] [270/322] INCM
[07:17:29] [271/322] MCDV
[07:17:30] [272/322] KSGK
[07:17:31] [273/322] ICMG
[07:17:31] [274/322] CSCV
[07:17:32] 🔄 Identity reset
[07:17:32] 🔄 Identity rotated (every 10 requests)
[07:17:32] [275/322] STMD
[07:17:33] [276/322] STTR
[07:17:34] [277/322] INVC
[07:17:35] [278/322] JTBL
[07:17:36] [279/322] SRVV
[07:17:37] [280/322] MAVC
[07:17:37] [281/322] SRPP
[07:17:38] [282/322] JGDM
[07:17:39] [283/322] MBSJ
[07:17:40] [284/322] SSLL
[07:17:40] 🔄 Identity reset
[07:17:40] 🔄 Identity rotated (every 10 requests)
[07:17:40] 🔄 Retry 1/5 for SSLL in 2.1s
[07:17:40] 🔄 Identity reset
[07:17:42] 🧠 New identity created
[07:17:43] [285/322] SLKP
[07:17:43] [286/322] NSRV
[07:17:44] [287/322] UTDV
[07:17:45] [288/322] KICM
[07:17:45] [289/322] KCMD
[07:17:46] [290/322] TTPP
[07:17:47] [291/322] KMPV
[07:17:48] [292/322] SKTV
[07:17:49] [293/322] STCV
[07:17:50] 🔄 Identity reset
[07:17:50] 🔄 Identity rotated (every 10 requests)
[07:17:50] [294/322] SRDA
[07:17:51] [295/322] JTSX
[07:17:51] [296/322] STBV
[07:17:53] [297/322] APVZ
[07:17:54] [298/322] GSTV
[07:17:54] [299/322] NMVS
[07:17:55] [300/322] SKRT
[07:17:56] [301/322] RMDV
[07:17:57] [302/322] RATG
[07:17:58] [303/322] SJYV
[07:17:58] 🔄 Identity reset
[07:17:58] 🔄 Identity rotated (every 10 requests)
[07:17:59] [304/322] NDGP
[07:17:59] [305/322] SNDG
[07:18:00] [306/322] INSR
[07:18:01] [307/322] INSO
[07:18:02] [308/322] CCSI
[07:18:02] [309/322] RASM
[07:18:03] [310/322] NEWC
[07:18:04] [311/322] VSHL
[07:18:05] [312/322] BISW
[07:18:06] [313/322] GCNG
[07:18:06] 🔄 Identity reset
[07:18:06] 🔄 Identity rotated (every 10 requests)
[07:18:06] [314/322] CWSC
[07:18:08] [315/322] SKAN
[07:18:09] [316/322] CCOA
[07:18:09] [317/322] MCAJ
[07:18:10] [318/322] ACDE
[07:18:11] [319/322] AACM
[07:18:12] [320/322] JJCK
[07:18:12] [321/322] RCMO
[07:18:13] [322/322] GDAW
[07:18:14] 🧹 Deduping shows
[07:18:14] ✅ DONE | Shows=281 | Movies=28
