[10:14:08] 🚀 SCRIPT STARTED (enhanced anti‑detection)
[10:14:08] [1/445] TGMR
[10:14:09] 🧠 New identity created
[10:14:09] [2/445] CXKR
[10:14:10] [3/445] SROP
[10:14:11] [4/445] GTSV
[10:14:12] [5/445] SNTY
[10:14:13] [6/445] SMYY
[10:14:14] [7/445] CNCS
[10:14:15] [8/445] CSTM
[10:14:16] [9/445] NUCD
[10:14:18] [10/445] SHCZ
[10:14:18] 🔄 Identity reset
[10:14:18] 🔄 Identity rotated (every 10 requests)
[10:14:19] [11/445] NJCT
[10:14:20] [12/445] COPC
[10:14:21] [13/445] STVV
[10:14:22] [14/445] SKRN
[10:14:22] [15/445] APPZ
[10:14:24] [16/445] YMGN
[10:14:25] [17/445] SVTU
[10:14:26] [18/445] GTAD
[10:14:28] [19/445] PSUS
[10:14:28] [20/445] SMCD
[10:14:29] 🔄 Identity reset
[10:14:29] 🔄 Identity rotated (every 10 requests)
[10:14:30] [21/445] CMCM
[10:14:30] [22/445] SYCT
[10:14:31] [23/445] STLY
[10:14:32] [24/445] CMHU
[10:14:33] [25/445] CMSA
[10:14:34] [26/445] CLCU
[10:14:35] [27/445] PPNT
[10:14:36] [28/445] JTAB
[10:14:36] [29/445] BUUC
[10:14:37] [30/445] BSVK
[10:14:38] 🔄 Identity reset
[10:14:38] 🔄 Identity rotated (every 10 requests)
[10:14:38] [31/445] VVVQ
[10:14:40] [32/445] TKMU
[10:14:41] [33/445] ESYL
[10:14:41] [34/445] ACHP
[10:14:42] [35/445] BTKD
[10:14:43] [36/445] DESA
[10:14:44] [37/445] GBCT
[10:14:45] [38/445] BLLD
[10:14:46] [39/445] SKNT
[10:14:47] [40/445] SSTE
[10:14:48] 🔄 Identity reset
[10:14:48] 🔄 Identity rotated (every 10 requests)
[10:14:48] [41/445] VJMR
[10:14:49] [42/445] NTPU
[10:14:50] [43/445] RDKN
[10:14:51] [44/445] ADGC
[10:14:52] [45/445] VRBP
[10:14:53] [46/445] NMNA
[10:14:53] [47/445] CMMX
[10:14:54] [48/445] PTKO
[10:14:55] [49/445] RBML
[10:14:56] [50/445] SAIC
[10:14:57] 🔄 Identity reset
[10:14:57] 🔄 Identity rotated (every 10 requests)
[10:14:57] [51/445] SVTJ
[10:14:58] [52/445] MRTE
[10:14:59] [53/445] RBTP
[10:15:00] [54/445] NLPS
[10:15:00] [55/445] GTNA
[10:15:01] [56/445] DGGC
[10:15:02] [57/445] SMCR
[10:15:03] [58/445] SCGD
[10:15:04] [59/445] SRRJ
[10:15:05] [60/445] CNRY
[10:15:05] 🔄 Identity reset
[10:15:05] 🔄 Identity rotated (every 10 requests)
[10:15:06] [61/445] KTDI
[10:15:07] [62/445] SNJL
[10:15:08] [63/445] RKMD
[10:15:09] [64/445] SMDC
[10:15:10] [65/445] TADG
[10:15:11] [66/445] MCGS
[10:15:11] [67/445] PETK
[10:15:12] [68/445] CHAG
[10:15:13] [69/445] KSTL
[10:15:14] [70/445] AADS
[10:15:15] 🔄 Identity reset
[10:15:15] 🔄 Identity rotated (every 10 requests)
[10:15:16] [71/445] NTHZ
[10:15:17] [72/445] HCKI
[10:15:18] [73/445] SSEF
[10:15:19] [74/445] MCGX
[10:15:20] [75/445] ERRA
[10:15:21] [76/445] SDTW
[10:15:21] [77/445] RMPK
[10:15:22] [78/445] PTHK
[10:15:23] [79/445] PXCS
[10:15:24] [80/445] SVLU
[10:15:25] 🔄 Identity reset
[10:15:25] 🔄 Identity rotated (every 10 requests)
[10:15:25] [81/445] STAH
[10:15:26] [82/445] JRGF
[10:15:28] [83/445] CDOK
[10:15:29] [84/445] CMSG
[10:15:29] [85/445] APTD
[10:15:31] [86/445] KMPG
[10:15:32] [87/445] MUTJ
[10:15:32] [88/445] VCCI
[10:15:33] [89/445] URBE
[10:15:35] [90/445] TCTS
[10:15:36] 🔄 Identity reset
[10:15:36] 🔄 Identity rotated (every 10 requests)
[10:15:36] [91/445] STSN
[10:15:38] [92/445] AKCH
[10:15:38] [93/445] APSC
[10:15:39] [94/445] VLTB
[10:15:40] [95/445] SANU
[10:15:41] [96/445] AXAM
[10:15:42] [97/445] MGMG
[10:15:43] [98/445] HTBY
[10:15:44] [99/445] MMZS
[10:15:45] [100/445] SUDR
[10:15:45] 🔄 Identity reset
[10:15:45] 🔄 Identity rotated (every 10 requests)
[10:15:46] [101/445] CCAD
[10:15:47] [102/445] SKKC
[10:15:48] [103/445] RMCD
[10:15:48] [104/445] SBCQ
[10:15:50] [105/445] DCCT
[10:15:51] [106/445] VTKP
[10:15:51] [107/445] MLAM
[10:15:52] [108/445] SAVT
[10:15:53] [109/445] GEPL
[10:15:54] [110/445] AMCD
[10:15:54] 🔄 Identity reset
[10:15:54] 🔄 Identity rotated (every 10 requests)
[10:15:55] [111/445] CCXR
[10:15:55] [112/445] GRNG
[10:15:56] [113/445] EBCA
[10:15:57] [114/445] CNVG
[10:15:58] [115/445] MWSS
[10:15:59] [116/445] VBOR
[10:16:00] [117/445] NEEB
[10:16:01] [118/445] SUTH
[10:16:02] [119/445] ANDB
[10:16:03] [120/445] MMXS
[10:16:03] 🔄 Identity reset
[10:16:03] 🔄 Identity rotated (every 10 requests)
[10:16:04] [121/445] CNPD
[10:16:05] [122/445] SDCE
[10:16:06] [123/445] DHCB
[10:16:07] [124/445] ODEN
[10:16:07] [125/445] TNTC
[10:16:08] [126/445] VBKM
[10:16:09] [127/445] RZYM
[10:16:10] [128/445] JEMC
[10:16:11] [129/445] CMAU
[10:16:12] [130/445] SIVP
[10:16:13] 🔄 Identity reset
[10:16:13] 🔄 Identity rotated (every 10 requests)
[10:16:13] 🔄 Retry 1/5 for SIVP in 2.3s
[10:16:13] 🔄 Identity reset
[10:16:15] 🧠 New identity created
[10:16:15] [131/445] ATAG
[10:16:16] [132/445] CHTM
[10:16:17] [133/445] AAEE
[10:16:18] [134/445] IWPM
[10:16:19] [135/445] KCMW
[10:16:20] [136/445] MCTD
[10:16:21] [137/445] SPWR
[10:16:22] [138/445] SDPO
[10:16:23] [139/445] PCSK
[10:16:23] 🔄 Identity reset
[10:16:23] 🔄 Identity rotated (every 10 requests)
[10:16:23] 🔄 Retry 1/5 for PCSK in 2.2s
[10:16:23] 🔄 Identity reset
[10:16:25] 🧠 New identity created
[10:16:26] [140/445] ACHV
[10:16:27] [141/445] SVLA
[10:16:28] [142/445] PICT
[10:16:28] [143/445] BXDR
[10:16:29] [144/445] SPWA
[10:16:30] [145/445] MCKO
[10:16:31] [146/445] RTHK
[10:16:32] [147/445] CCMF
[10:16:33] [148/445] MRGB
[10:16:33] 🔄 Identity reset
[10:16:34] 🔄 Identity rotated (every 10 requests)
[10:16:34] [149/445] CPLC
[10:16:35] [150/445] RACD
[10:16:36] [151/445] ATKT
[10:16:37] [152/445] SARN
[10:16:38] [153/445] KKUI
[10:16:39] [154/445] RGCM
[10:16:40] [155/445] BRVP
[10:16:41] [156/445] HRSR
[10:16:42] [157/445] GKGM
[10:16:43] [158/445] TTCD
[10:16:44] 🔄 Identity reset
[10:16:44] 🔄 Identity rotated (every 10 requests)
[10:16:44] [159/445] PTTI
[10:16:45] [160/445] MPTT
[10:16:46] [161/445] CVTT
[10:16:47] [162/445] PCXD
[10:16:47] [163/445] GCDC
[10:16:48] [164/445] CCCF
[10:16:49] [165/445] MRAD
[10:16:50] [166/445] CPLK
[10:16:51] [167/445] SATB
[10:16:52] [168/445] SNVG
[10:16:53] 🔄 Identity reset
[10:16:53] 🔄 Identity rotated (every 10 requests)
[10:16:53] [169/445] JMBA
[10:16:54] [170/445] TEJA
[10:16:55] [171/445] STYO
[10:16:56] [172/445] JTBP
[10:16:57] [173/445] KRGD
[10:16:59] [174/445] SLJJ
[10:17:00] [175/445] SPTJ
[10:17:00] [176/445] SWJG
[10:17:01] [177/445] LKRT
[10:17:02] [178/445] KCKA
[10:17:03] 🔄 Identity reset
[10:17:03] 🔄 Identity rotated (every 10 requests)
[10:17:03] [179/445] SNCR
[10:17:04] [180/445] SMKL
[10:17:05] [181/445] GCFA
[10:17:06] [182/445] DDCK
[10:17:07] [183/445] NCHJ
[10:17:07] [184/445] RDMA
[10:17:08] [185/445] SVSV
[10:17:09] [186/445] SCJG
[10:17:10] [187/445] VKLP
[10:17:11] [188/445] NWCC
[10:17:12] 🔄 Identity reset
[10:17:12] 🔄 Identity rotated (every 10 requests)
[10:17:12] [189/445] VKNS
[10:17:13] [190/445] SDDP
[10:17:13] [191/445] ACSI
[10:17:14] [192/445] SATG
[10:17:16] [193/445] SCMW
[10:17:17] [194/445] LKTK
[10:17:18] [195/445] VCKV
[10:17:19] [196/445] KKPE
[10:17:20] [197/445] KIGH
[10:17:21] [198/445] SRPM
[10:17:22] 🔄 Identity reset
[10:17:22] 🔄 Identity rotated (every 10 requests)
[10:17:22] [199/445] SCAH
[10:17:23] [200/445] MUTA
[10:17:24] [201/445] SEPU
[10:17:24] [202/445] INOA
[10:17:25] [203/445] BASK
[10:17:26] [204/445] NECB
[10:17:27] [205/445] GTTG
[10:17:28] [206/445] ASSA
[10:17:29] [207/445] ANCL
[10:17:30] [208/445] GCTI
[10:17:30] 🔄 Identity reset
[10:17:30] 🔄 Identity rotated (every 10 requests)
[10:17:31] 🔄 Retry 1/5 for GCTI in 2.2s
[10:17:31] 🔄 Identity reset
[10:17:33] 🧠 New identity created
[10:17:33] [209/445] RCTS
[10:17:34] [210/445] ACNL
[10:17:35] [211/445] MYCT
[10:17:36] [212/445] NMHT
[10:17:37] [213/445] MDIT
[10:17:39] [214/445] LATG
[10:17:40] [215/445] SMTY
[10:17:40] [216/445] CVCT
[10:17:41] [217/445] RAMB
[10:17:42] 🔄 Identity reset
[10:17:42] 🔄 Identity rotated (every 10 requests)
[10:17:42] 🔄 Retry 1/5 for RAMB in 2.0s
[10:17:42] 🔄 Identity reset
[10:17:44] 🧠 New identity created
[10:17:45] [218/445] TGMS
[10:17:46] [219/445] BHEL
[10:17:46] [220/445] SHCT
[10:17:47] [221/445] SVCT
[10:17:49] [222/445] MRIY
[10:17:50] [223/445] SARO
[10:17:51] [224/445] STCT
[10:17:52] [225/445] JKKC
[10:17:53] [226/445] PLTT
[10:17:53] 🔄 Identity reset
[10:17:53] 🔄 Identity rotated (every 10 requests)
[10:17:53] [227/445] SRNT
[10:17:54] [228/445] YAST
[10:17:55] [229/445] PERL
[10:17:56] [230/445] CICM
[10:17:57] [231/445] MMTR
[10:17:58] [232/445] ABTK
[10:17:59] [233/445] ATYY
[10:18:01] [234/445] ASTK
[10:18:02] [235/445] VVCK
[10:18:03] [236/445] ATKY
[10:18:04] 🔄 Identity reset
[10:18:04] 🔄 Identity rotated (every 10 requests)
[10:18:04] 🔄 Retry 1/5 for ATKY in 2.6s
[10:18:04] 🔄 Identity reset
[10:18:06] 🧠 New identity created
[10:18:07] [237/445] GWEK
[10:18:07] [238/445] SVFH
[10:18:08] [239/445] SLTA
[10:18:09] [240/445] AASH
[10:18:10] [241/445] ACXB
[10:18:11] [242/445] SMTX
[10:18:12] [243/445] AZDH
[10:18:13] [244/445] CMMH
[10:18:14] [245/445] SCSZ
[10:18:15] 🔄 Identity reset
[10:18:15] 🔄 Identity rotated (every 10 requests)
[10:18:15] 🔄 Retry 1/5 for SCSZ in 2.6s
[10:18:15] 🔄 Identity reset
[10:18:17] 🧠 New identity created
[10:18:18] [246/445] SCKP
[10:18:19] [247/445] NXTM
[10:18:20] [248/445] NWCS
[10:18:20] [249/445] CXMH
[10:18:21] [250/445] PCMA
[10:18:23] [251/445] SGCM
[10:18:24] [252/445] SDTU
[10:18:25] [253/445] MMVI
[10:18:25] [254/445] JKCM
[10:18:26] 🔄 Identity reset
[10:18:26] 🔄 Identity rotated (every 10 requests)
[10:18:26] [255/445] VCMM
[10:18:27] [256/445] SYEE
[10:18:28] [257/445] VASD
[10:18:29] [258/445] BDRB
[10:18:30] [259/445] LASM
[10:18:31] [260/445] DCRL
[10:18:32] [261/445] DVPM
[10:18:33] [262/445] SBMJ
[10:18:34] [263/445] CBMU
[10:18:35] [264/445] IUBS
[10:18:36] 🔄 Identity reset
[10:18:36] 🔄 Identity rotated (every 10 requests)
[10:18:36] [265/445] INAP
[10:18:37] [266/445] SRRC
[10:18:38] [267/445] SAGR
[10:18:39] [268/445] CPMJ
[10:18:40] [269/445] ATJL
[10:18:41] [270/445] NNTD
[10:18:42] [271/445] JHCJ
[10:18:42] [272/445] CMMP
[10:18:43] [273/445] RSDR
[10:18:44] [274/445] AMTI
[10:18:45] 🔄 Identity reset
[10:18:45] 🔄 Identity rotated (every 10 requests)
[10:18:45] [275/445] NYSG
[10:18:46] [276/445] AVSG
[10:18:47] [277/445] SYTP
[10:18:48] [278/445] LARC
[10:18:49] [279/445] RJTP
[10:18:49] [280/445] LAKC
[10:18:50] [281/445] MCXE
[10:18:51] [282/445] CCZC
[10:18:52] [283/445] AVCH
[10:18:53] [284/445] CMBE
[10:18:53] 🔄 Identity reset
[10:18:53] 🔄 Identity rotated (every 10 requests)
[10:18:54] [285/445] MRRC
[10:18:55] [286/445] PCPY
[10:18:56] [287/445] SRMH
[10:18:57] [288/445] SVGS
[10:18:58] [289/445] PCSE
[10:18:59] [290/445] SVFT
[10:19:00] [291/445] TNZP
[10:19:01] [292/445] ICTP
[10:19:02] [293/445] ACTZ
[10:19:03] [294/445] GTUR
[10:19:04] 🔄 Identity reset
[10:19:04] 🔄 Identity rotated (every 10 requests)
[10:19:04] [295/445] MAFC
[10:19:05] [296/445] MINL
[10:19:06] [297/445] MRCL
[10:19:07] [298/445] RCRP
[10:19:08] [299/445] RFFG
[10:19:09] [300/445] RMAS
[10:19:10] [301/445] INVR
[10:19:11] [302/445] RMAR
[10:19:12] [303/445] CNIS
[10:19:12] [304/445] RHRJ
[10:19:13] 🔄 Identity reset
[10:19:13] 🔄 Identity rotated (every 10 requests)
[10:19:13] [305/445] INXR
[10:19:14] [306/445] VALT
[10:19:15] [307/445] LCSH
[10:19:16] [308/445] CMVS
[10:19:17] [309/445] CNMS
[10:19:18] [310/445] ROOG
[10:19:19] [311/445] ISRM
[10:19:20] [312/445] RCRM
[10:19:21] [313/445] ACJA
[10:19:22] [314/445] RCVS
[10:19:22] 🔄 Identity reset
[10:19:22] 🔄 Identity rotated (every 10 requests)
[10:19:23] [315/445] CPUS
[10:19:24] [316/445] TGCS
[10:19:25] [317/445] RKCJ
[10:19:26] [318/445] MKSB
[10:19:27] [319/445] TCSJ
[10:19:27] [320/445] RMGP
[10:19:28] [321/445] CLLP
[10:19:29] [322/445] RCMV
[10:19:30] [323/445] CCKS
[10:19:31] [324/445] RSRP
[10:19:32] 🔄 Identity reset
[10:19:32] 🔄 Identity rotated (every 10 requests)
[10:19:32] [325/445] APLP
[10:19:33] [326/445] CNVS
[10:19:34] [327/445] RMVY
[10:19:35] [328/445] PGBD
[10:19:36] [329/445] KLMS
[10:19:37] [330/445] RUST
[10:19:38] [331/445] MASM
[10:19:38] [332/445] BACS
[10:19:39] [333/445] BWST
[10:19:40] [334/445] RRFH
[10:19:41] 🔄 Identity reset
[10:19:41] 🔄 Identity rotated (every 10 requests)
[10:19:41] [335/445] SJTM
[10:19:42] [336/445] BEMR
[10:19:42] [337/445] MCGR
[10:19:43] [338/445] SDSK
[10:19:44] [339/445] VBOL
[10:19:45] [340/445] RMGM
[10:19:46] [341/445] NOPL
[10:19:47] [342/445] MKJK
[10:19:48] [343/445] CVRN
[10:19:49] [344/445] MMEN
[10:19:49] 🔄 Identity reset
[10:19:49] 🔄 Identity rotated (every 10 requests)
[10:19:50] [345/445] AMNG
[10:19:51] [346/445] INTM
[10:19:52] [347/445] SLCZ
[10:19:54] [348/445] AMJN
[10:19:55] [349/445] ACJN
[10:19:55] [350/445] AMKN
[10:19:56] [351/445] BTCN
[10:19:57] [352/445] AMBT
[10:19:58] [353/445] PACN
[10:19:59] [354/445] LCNS
[10:20:00] 🔄 Identity reset
[10:20:00] 🔄 Identity rotated (every 10 requests)
[10:20:00] [355/445] PPKC
[10:20:01] [356/445] JYYN
[10:20:02] [357/445] JTNR
[10:20:02] [358/445] GTEE
[10:20:03] [359/445] SRNM
[10:20:04] [360/445] SDTC
[10:20:05] [361/445] VPCA
[10:20:06] [362/445] VLRA
[10:20:08] [363/445] SHKR
[10:20:09] [364/445] SBKD
[10:20:10] 🔄 Identity reset
[10:20:10] 🔄 Identity rotated (every 10 requests)
[10:20:10] [365/445] SAAD
[10:20:11] [366/445] JTGN
[10:20:12] [367/445] SLAM
[10:20:13] [368/445] VTPM
[10:20:14] [369/445] ANPT
[10:20:15] [370/445] PUNB
[10:20:15] [371/445] CPKT
[10:20:16] [372/445] CNWE
[10:20:18] [373/445] ECPP
[10:20:19] [374/445] CPAR
[10:20:20] 🔄 Identity reset
[10:20:20] 🔄 Identity rotated (every 10 requests)
[10:20:20] [375/445] ESBW
[10:20:21] [376/445] PKPU
[10:20:22] [377/445] CPRP
[10:20:22] [378/445] RAHU
[10:20:23] [379/445] RHMN
[10:20:24] [380/445] FMJP
[10:20:25] [381/445] CTMP
[10:20:26] [382/445] INPN
[10:20:27] [383/445] STTG
[10:20:28] [384/445] CTRD
[10:20:29] 🔄 Identity reset
[10:20:29] 🔄 Identity rotated (every 10 requests)
[10:20:29] [385/445] PUVB
[10:20:30] [386/445] ESVP
[10:20:31] [387/445] CPFT
[10:20:32] [388/445] LCPC
[10:20:33] [389/445] VBCT
[10:20:33] [390/445] FSCW
[10:20:34] [391/445] VCMP
[10:20:35] [392/445] ASHC
[10:20:36] [393/445] VLCX
[10:20:37] [394/445] SHEV
[10:20:38] 🔄 Identity reset
[10:20:38] 🔄 Identity rotated (every 10 requests)
[10:20:38] [395/445] APCO
[10:20:39] [396/445] SILC
[10:20:39] [397/445] SNMR
[10:20:40] [398/445] KYBO
[10:20:41] [399/445] SATK
[10:20:42] [400/445] SSCS
[10:20:43] [401/445] CLSB
[10:20:44] [402/445] KMJR
[10:20:45] [403/445] FSCK
[10:20:46] [404/445] NNKA
[10:20:47] 🔄 Identity reset
[10:20:47] 🔄 Identity rotated (every 10 requests)
[10:20:48] [405/445] CLMK
[10:20:48] [406/445] DMPZ
[10:20:49] [407/445] INQM
[10:20:50] [408/445] CAML
[10:20:51] [409/445] INRK
[10:20:52] [410/445] IMKN
[10:20:53] [411/445] SVNR
[10:20:54] [412/445] INSL
[10:20:55] [413/445] MSMA
[10:20:56] [414/445] MCKK
[10:20:57] 🔄 Identity reset
[10:20:57] 🔄 Identity rotated (every 10 requests)
[10:20:57] [415/445] FCHP
[10:20:58] [416/445] SFCR
[10:20:59] [417/445] NACK
[10:21:00] [418/445] PVAK
[10:21:01] [419/445] INER
[10:21:02] [420/445] RDBK
[10:21:03] [421/445] SVFN
[10:21:04] [422/445] IFRM
[10:21:05] [423/445] ATCK
[10:21:06] [424/445] ASKO
[10:21:07] 🔄 Identity reset
[10:21:07] 🔄 Identity rotated (every 10 requests)
[10:21:07] [425/445] STKT
[10:21:08] [426/445] SVFB
[10:21:09] [427/445] INKS
[10:21:10] [428/445] PCRA
[10:21:11] [429/445] ATJA
[10:21:12] [430/445] IMJN
[10:21:12] [431/445] INHD
[10:21:13] [432/445] BARA
[10:21:14] [433/445] MCSL
[10:21:15] [434/445] RTOY
[10:21:16] 🔄 Identity reset
[10:21:16] 🔄 Identity rotated (every 10 requests)
[10:21:16] [435/445] MENO
[10:21:18] [436/445] PUDM
[10:21:19] [437/445] PRCN
[10:21:20] [438/445] JMJR
[10:21:21] [439/445] SSGK
[10:21:21] [440/445] SSRL
[10:21:23] [441/445] JYKL
[10:21:24] [442/445] ACNB
[10:21:25] [443/445] SONP
[10:21:26] [444/445] EMCI
[10:21:26] 🔄 Identity reset
[10:21:26] 🔄 Identity rotated (every 10 requests)
[10:21:26] [445/445] MRJH
[10:21:28] 🧹 Deduping shows
[10:21:28] ✅ DONE | Shows=44 | Movies=7
