[16:29:21] 🚀 SCRIPT STARTED
[16:29:21] [1/445] TGMR
[16:29:21] 🧠 New identity created
[16:29:22] [2/445] CXKR
[16:29:23] [3/445] SROP
[16:29:24] [4/445] GTSV
[16:29:26] [5/445] SNTY
[16:29:26] [6/445] SMYY
[16:29:27] [7/445] CNCS
[16:29:28] [8/445] CSTM
[16:29:29] [9/445] NUCD
[16:29:30] [10/445] SHCZ
[16:29:30] 🔄 Identity reset
[16:29:30] 🔄 Identity rotated (every 10 requests)
[16:29:30] 🔄 Retry 1/5 for SHCZ in 2.0s
[16:29:30] 🔄 Identity reset
[16:29:32] 🧠 New identity created
[16:29:32] 🔄 Retry 2/5 for SHCZ in 4.7s
[16:29:32] 🔄 Identity reset
[16:29:37] 🧠 New identity created
[16:29:38] [11/445] NJCT
[16:29:40] [12/445] COPC
[16:29:41] [13/445] STVV
[16:29:42] [14/445] SKRN
[16:29:43] [15/445] APPZ
[16:29:44] [16/445] YMGN
[16:29:44] [17/445] SVTU
[16:29:45] [18/445] GTAD
[16:29:45] 🔄 Identity reset
[16:29:45] 🔄 Identity rotated (every 10 requests)
[16:29:46] [19/445] PSUS
[16:29:47] [20/445] SMCD
[16:29:48] [21/445] CMCM
[16:29:49] [22/445] SYCT
[16:29:50] [23/445] STLY
[16:29:51] [24/445] CMHU
[16:29:52] [25/445] CMSA
[16:29:53] [26/445] CLCU
[16:29:54] [27/445] PPNT
[16:29:55] [28/445] JTAB
[16:29:55] 🔄 Identity reset
[16:29:55] 🔄 Identity rotated (every 10 requests)
[16:29:55] 🔄 Retry 1/5 for JTAB in 2.9s
[16:29:55] 🔄 Identity reset
[16:29:58] 🧠 New identity created
[16:29:58] [29/445] BUUC
[16:29:59] [30/445] BSVK
[16:30:00] [31/445] VVVQ
[16:30:02] [32/445] TKMU
[16:30:03] [33/445] ESYL
[16:30:05] [34/445] ACHP
[16:30:06] [35/445] BTKD
[16:30:07] [36/445] DESA
[16:30:07] [37/445] GBCT
[16:30:07] 🔄 Identity reset
[16:30:07] 🔄 Identity rotated (every 10 requests)
[16:30:08] [38/445] BLLD
[16:30:09] [39/445] SKNT
[16:30:10] [40/445] SSTE
[16:30:11] [41/445] VJMR
[16:30:12] [42/445] NTPU
[16:30:14] [43/445] RDKN
[16:30:14] [44/445] ADGC
[16:30:16] [45/445] VRBP
[16:30:17] [46/445] NMNA
[16:30:18] [47/445] CMMX
[16:30:18] 🔄 Identity reset
[16:30:18] 🔄 Identity rotated (every 10 requests)
[16:30:19] [48/445] PTKO
[16:30:20] [49/445] RBML
[16:30:21] [50/445] SAIC
[16:30:22] [51/445] SVTJ
[16:30:23] [52/445] MRTE
[16:30:25] [53/445] RBTP
[16:30:26] [54/445] NLPS
[16:30:27] [55/445] GTNA
[16:30:28] [56/445] DGGC
[16:30:29] [57/445] SMCR
[16:30:29] 🔄 Identity reset
[16:30:29] 🔄 Identity rotated (every 10 requests)
[16:30:30] [58/445] SCGD
[16:30:31] [59/445] SRRJ
[16:30:32] [60/445] CNRY
[16:30:33] [61/445] KTDI
[16:30:34] [62/445] SNJL
[16:30:35] [63/445] RKMD
[16:30:36] [64/445] SMDC
[16:30:37] [65/445] TADG
[16:30:38] [66/445] MCGS
[16:30:39] [67/445] PETK
[16:30:39] 🔄 Identity reset
[16:30:39] 🔄 Identity rotated (every 10 requests)
[16:30:39] 🔄 Retry 1/5 for PETK in 2.7s
[16:30:39] 🔄 Identity reset
[16:30:41] 🧠 New identity created
[16:30:42] [68/445] CHAG
[16:30:43] [69/445] KSTL
[16:30:44] [70/445] AADS
[16:30:45] [71/445] NTHZ
[16:30:46] [72/445] HCKI
[16:30:47] [73/445] SSEF
[16:30:48] [74/445] MCGX
[16:30:49] [75/445] ERRA
[16:30:50] [76/445] SDTW
[16:30:50] 🔄 Identity reset
[16:30:50] 🔄 Identity rotated (every 10 requests)
[16:30:50] 🔄 Retry 1/5 for SDTW in 2.5s
[16:30:50] 🔄 Identity reset
[16:30:53] 🧠 New identity created
[16:30:54] [77/445] RMPK
[16:30:55] [78/445] PTHK
[16:30:57] [79/445] PXCS
[16:30:57] [80/445] SVLU
[16:30:58] [81/445] STAH
[16:31:00] [82/445] JRGF
[16:31:01] [83/445] CDOK
[16:31:02] [84/445] CMSG
[16:31:02] [85/445] APTD
[16:31:02] 🔄 Identity reset
[16:31:02] 🔄 Identity rotated (every 10 requests)
[16:31:03] [86/445] KMPG
[16:31:04] [87/445] MUTJ
[16:31:05] [88/445] VCCI
[16:31:06] [89/445] URBE
[16:31:07] [90/445] TCTS
[16:31:08] [91/445] STSN
[16:31:09] [92/445] AKCH
[16:31:10] [93/445] APSC
[16:31:11] [94/445] VLTB
[16:31:12] [95/445] SANU
[16:31:12] 🔄 Identity reset
[16:31:12] 🔄 Identity rotated (every 10 requests)
[16:31:13] [96/445] AXAM
[16:31:14] [97/445] MGMG
[16:31:15] [98/445] HTBY
[16:31:16] [99/445] MMZS
[16:31:17] [100/445] SUDR
[16:31:18] [101/445] CCAD
[16:31:18] [102/445] SKKC
[16:31:19] [103/445] RMCD
[16:31:20] [104/445] SBCQ
[16:31:21] [105/445] DCCT
[16:31:21] 🔄 Identity reset
[16:31:21] 🔄 Identity rotated (every 10 requests)
[16:31:22] [106/445] VTKP
[16:31:23] [107/445] MLAM
[16:31:23] [108/445] SAVT
[16:31:24] [109/445] GEPL
[16:31:25] [110/445] AMCD
[16:31:26] [111/445] CCXR
[16:31:27] [112/445] GRNG
[16:31:28] [113/445] EBCA
[16:31:29] [114/445] CNVG
[16:31:30] [115/445] MWSS
[16:31:30] 🔄 Identity reset
[16:31:30] 🔄 Identity rotated (every 10 requests)
[16:31:31] [116/445] VBOR
[16:31:32] [117/445] NEEB
[16:31:33] [118/445] SUTH
[16:31:34] [119/445] ANDB
[16:31:35] [120/445] MMXS
[16:31:36] [121/445] CNPD
[16:31:37] [122/445] SDCE
[16:31:38] [123/445] DHCB
[16:31:39] [124/445] ODEN
[16:31:40] [125/445] TNTC
[16:31:40] 🔄 Identity reset
[16:31:40] 🔄 Identity rotated (every 10 requests)
[16:31:40] 🔄 Retry 1/5 for TNTC in 2.8s
[16:31:40] 🔄 Identity reset
[16:31:42] 🧠 New identity created
[16:31:43] 🔄 Retry 2/5 for TNTC in 4.2s
[16:31:43] 🔄 Identity reset
[16:31:47] 🧠 New identity created
[16:31:48] [126/445] VBKM
[16:31:49] [127/445] RZYM
[16:31:49] [128/445] JEMC
[16:31:50] [129/445] CMAU
[16:31:51] [130/445] SIVP
[16:31:52] [131/445] ATAG
[16:31:53] [132/445] CHTM
[16:31:54] [133/445] AAEE
[16:31:54] 🔄 Identity reset
[16:31:54] 🔄 Identity rotated (every 10 requests)
[16:31:54] 🔄 Retry 1/5 for AAEE in 2.7s
[16:31:54] 🔄 Identity reset
[16:31:57] 🧠 New identity created
[16:31:58] [134/445] IWPM
[16:31:59] [135/445] KCMW
[16:32:00] [136/445] MCTD
[16:32:01] [137/445] SPWR
[16:32:02] [138/445] SDPO
[16:32:03] [139/445] PCSK
[16:32:04] [140/445] ACHV
[16:32:04] [141/445] SVLA
[16:32:05] [142/445] PICT
[16:32:05] 🔄 Identity reset
[16:32:05] 🔄 Identity rotated (every 10 requests)
[16:32:06] [143/445] BXDR
[16:32:07] [144/445] SPWA
[16:32:08] [145/445] MCKO
[16:32:09] [146/445] RTHK
[16:32:10] [147/445] CCMF
[16:32:11] [148/445] MRGB
[16:32:12] [149/445] CPLC
[16:32:14] [150/445] RACD
[16:32:15] [151/445] ATKT
[16:32:16] [152/445] SARN
[16:32:16] 🔄 Identity reset
[16:32:16] 🔄 Identity rotated (every 10 requests)
[16:32:16] [153/445] KKUI
[16:32:17] [154/445] RGCM
[16:32:18] [155/445] BRVP
[16:32:19] [156/445] HRSR
[16:32:20] [157/445] GKGM
[16:32:21] [158/445] TTCD
[16:32:22] [159/445] PTTI
[16:32:23] [160/445] MPTT
[16:32:24] [161/445] CVTT
[16:32:25] [162/445] PCXD
[16:32:25] 🔄 Identity reset
[16:32:25] 🔄 Identity rotated (every 10 requests)
[16:32:25] 🔄 Retry 1/5 for PCXD in 2.4s
[16:32:25] 🔄 Identity reset
[16:32:28] 🧠 New identity created
[16:32:29] [163/445] GCDC
[16:32:30] [164/445] CCCF
[16:32:30] [165/445] MRAD
[16:32:31] [166/445] CPLK
[16:32:32] [167/445] SATB
[16:32:33] [168/445] SNVG
[16:32:34] [169/445] JMBA
[16:32:35] [170/445] TEJA
[16:32:35] [171/445] STYO
[16:32:35] 🔄 Identity reset
[16:32:35] 🔄 Identity rotated (every 10 requests)
[16:32:36] [172/445] JTBP
[16:32:37] [173/445] KRGD
[16:32:38] [174/445] SLJJ
[16:32:39] [175/445] SPTJ
[16:32:40] [176/445] SWJG
[16:32:41] [177/445] LKRT
[16:32:42] [178/445] KCKA
[16:32:43] [179/445] SNCR
[16:32:44] [180/445] SMKL
[16:32:45] [181/445] GCFA
[16:32:45] 🔄 Identity reset
[16:32:45] 🔄 Identity rotated (every 10 requests)
[16:32:46] [182/445] DDCK
[16:32:47] [183/445] NCHJ
[16:32:48] [184/445] RDMA
[16:32:49] [185/445] SVSV
[16:32:50] [186/445] SCJG
[16:32:51] [187/445] VKLP
[16:32:52] [188/445] NWCC
[16:32:53] [189/445] VKNS
[16:32:55] [190/445] SDDP
[16:32:56] [191/445] ACSI
[16:32:56] 🔄 Identity reset
[16:32:56] 🔄 Identity rotated (every 10 requests)
[16:32:58] [192/445] SATG
[16:32:59] [193/445] SCMW
[16:33:00] [194/445] LKTK
[16:33:01] [195/445] VCKV
[16:33:02] [196/445] KKPE
[16:33:03] [197/445] KIGH
[16:33:03] [198/445] SRPM
[16:33:04] [199/445] SCAH
[16:33:05] [200/445] MUTA
[16:33:07] [201/445] SEPU
[16:33:07] 🔄 Identity reset
[16:33:07] 🔄 Identity rotated (every 10 requests)
[16:33:07] 🔄 Retry 1/5 for SEPU in 2.1s
[16:33:07] 🔄 Identity reset
[16:33:09] 🧠 New identity created
[16:33:10] [202/445] INOA
[16:33:11] [203/445] BASK
[16:33:12] [204/445] NECB
[16:33:12] [205/445] GTTG
[16:33:13] [206/445] ASSA
[16:33:14] [207/445] ANCL
[16:33:15] [208/445] GCTI
[16:33:16] [209/445] RCTS
[16:33:17] [210/445] ACNL
[16:33:17] 🔄 Identity reset
[16:33:17] 🔄 Identity rotated (every 10 requests)
[16:33:17] 🔄 Retry 1/5 for ACNL in 2.3s
[16:33:17] 🔄 Identity reset
[16:33:19] 🧠 New identity created
[16:33:20] [211/445] MYCT
[16:33:21] [212/445] NMHT
[16:33:22] [213/445] MDIT
[16:33:23] [214/445] LATG
[16:33:24] [215/445] SMTY
[16:33:25] [216/445] CVCT
[16:33:26] [217/445] RAMB
[16:33:27] [218/445] TGMS
[16:33:28] [219/445] BHEL
[16:33:28] 🔄 Identity reset
[16:33:28] 🔄 Identity rotated (every 10 requests)
[16:33:30] [220/445] SHCT
[16:33:30] [221/445] SVCT
[16:33:31] [222/445] MRIY
[16:33:32] [223/445] SARO
[16:33:33] [224/445] STCT
[16:33:34] [225/445] JKKC
[16:33:35] [226/445] PLTT
[16:33:36] [227/445] SRNT
[16:33:37] [228/445] YAST
[16:33:37] [229/445] PERL
[16:33:37] 🔄 Identity reset
[16:33:37] 🔄 Identity rotated (every 10 requests)
[16:33:37] 🔄 Retry 1/5 for PERL in 2.3s
[16:33:37] 🔄 Identity reset
[16:33:40] 🧠 New identity created
[16:33:41] [230/445] CICM
[16:33:42] [231/445] MMTR
[16:33:43] [232/445] ABTK
[16:33:44] [233/445] ATYY
[16:33:45] [234/445] ASTK
[16:33:46] [235/445] VVCK
[16:33:46] [236/445] ATKY
[16:33:47] [237/445] GWEK
[16:33:48] [238/445] SVFH
[16:33:48] 🔄 Identity reset
[16:33:48] 🔄 Identity rotated (every 10 requests)
[16:33:48] 🔄 Retry 1/5 for SVFH in 2.5s
[16:33:48] 🔄 Identity reset
[16:33:51] 🧠 New identity created
[16:33:51] 🔄 Retry 2/5 for SVFH in 4.4s
[16:33:51] 🔄 Identity reset
[16:33:55] 🧠 New identity created
[16:33:56] [239/445] SLTA
[16:33:57] [240/445] AASH
[16:33:58] [241/445] ACXB
[16:33:59] [242/445] SMTX
[16:34:01] [243/445] AZDH
[16:34:02] [244/445] CMMH
[16:34:03] [245/445] SCSZ
[16:34:04] [246/445] SCKP
[16:34:04] 🔄 Identity reset
[16:34:04] 🔄 Identity rotated (every 10 requests)
[16:34:04] 🔄 Retry 1/5 for SCKP in 2.8s
[16:34:04] 🔄 Identity reset
[16:34:07] 🧠 New identity created
[16:34:08] [247/445] NXTM
[16:34:09] [248/445] NWCS
[16:34:10] [249/445] CXMH
[16:34:11] [250/445] PCMA
[16:34:12] [251/445] SGCM
[16:34:13] [252/445] SDTU
[16:34:14] [253/445] MMVI
[16:34:15] [254/445] JKCM
[16:34:16] [255/445] VCMM
[16:34:16] 🔄 Identity reset
[16:34:16] 🔄 Identity rotated (every 10 requests)
[16:34:16] 🔄 Retry 1/5 for VCMM in 2.4s
[16:34:16] 🔄 Identity reset
[16:34:19] 🧠 New identity created
[16:34:20] [256/445] SYEE
[16:34:21] [257/445] VASD
[16:34:22] [258/445] BDRB
[16:34:23] [259/445] LASM
[16:34:24] [260/445] DCRL
[16:34:25] [261/445] DVPM
[16:34:26] [262/445] SBMJ
[16:34:27] [263/445] CBMU
[16:34:29] [264/445] IUBS
[16:34:29] 🔄 Identity reset
[16:34:29] 🔄 Identity rotated (every 10 requests)
[16:34:29] [265/445] INAP
[16:34:30] [266/445] SRRC
[16:34:31] [267/445] SAGR
[16:34:32] [268/445] CPMJ
[16:34:34] [269/445] ATJL
[16:34:35] [270/445] NNTD
[16:34:37] [271/445] JHCJ
[16:34:37] [272/445] CMMP
[16:34:38] [273/445] RSDR
[16:34:39] [274/445] AMTI
[16:34:39] 🔄 Identity reset
[16:34:39] 🔄 Identity rotated (every 10 requests)
[16:34:40] [275/445] NYSG
[16:34:41] [276/445] AVSG
[16:34:42] [277/445] SYTP
[16:34:43] [278/445] LARC
[16:34:44] [279/445] RJTP
[16:34:45] [280/445] LAKC
[16:34:46] [281/445] MCXE
[16:34:47] [282/445] CCZC
[16:34:48] [283/445] AVCH
[16:34:49] [284/445] CMBE
[16:34:49] 🔄 Identity reset
[16:34:49] 🔄 Identity rotated (every 10 requests)
[16:34:50] [285/445] MRRC
[16:34:51] [286/445] PCPY
[16:34:52] [287/445] SRMH
[16:34:53] [288/445] SVGS
[16:34:54] [289/445] PCSE
[16:34:55] [290/445] SVFT
[16:34:56] [291/445] TNZP
[16:34:57] [292/445] ICTP
[16:34:58] [293/445] ACTZ
[16:34:59] [294/445] GTUR
[16:34:59] 🔄 Identity reset
[16:34:59] 🔄 Identity rotated (every 10 requests)
[16:34:59] 🔄 Retry 1/5 for GTUR in 2.6s
[16:34:59] 🔄 Identity reset
[16:35:02] 🧠 New identity created
[16:35:03] [295/445] MAFC
[16:35:04] [296/445] MINL
[16:35:05] [297/445] MRCL
[16:35:06] [298/445] RCRP
[16:35:07] [299/445] RFFG
[16:35:08] [300/445] RMAS
[16:35:09] [301/445] INVR
[16:35:10] [302/445] RMAR
[16:35:11] [303/445] CNIS
[16:35:11] 🔄 Identity reset
[16:35:11] 🔄 Identity rotated (every 10 requests)
[16:35:12] [304/445] RHRJ
[16:35:13] [305/445] INXR
[16:35:14] [306/445] VALT
[16:35:15] [307/445] LCSH
[16:35:16] [308/445] CMVS
[16:35:17] [309/445] CNMS
[16:35:18] [310/445] ROOG
[16:35:19] [311/445] ISRM
[16:35:20] [312/445] RCRM
[16:35:21] [313/445] ACJA
[16:35:21] 🔄 Identity reset
[16:35:21] 🔄 Identity rotated (every 10 requests)
[16:35:22] [314/445] RCVS
[16:35:23] [315/445] CPUS
[16:35:24] [316/445] TGCS
[16:35:25] [317/445] RKCJ
[16:35:26] [318/445] MKSB
[16:35:27] [319/445] TCSJ
[16:35:28] [320/445] RMGP
[16:35:29] [321/445] CLLP
[16:35:30] [322/445] RCMV
[16:35:31] [323/445] CCKS
[16:35:31] 🔄 Identity reset
[16:35:31] 🔄 Identity rotated (every 10 requests)
[16:35:32] [324/445] RSRP
[16:35:33] [325/445] APLP
[16:35:34] [326/445] CNVS
[16:35:36] [327/445] RMVY
[16:35:37] [328/445] PGBD
[16:35:38] [329/445] KLMS
[16:35:39] [330/445] RUST
[16:35:40] [331/445] MASM
[16:35:41] [332/445] BACS
[16:35:42] [333/445] BWST
[16:35:42] 🔄 Identity reset
[16:35:42] 🔄 Identity rotated (every 10 requests)
[16:35:43] [334/445] RRFH
[16:35:44] [335/445] SJTM
[16:35:45] [336/445] BEMR
[16:35:46] [337/445] MCGR
[16:35:46] [338/445] SDSK
[16:35:47] [339/445] VBOL
[16:35:48] [340/445] RMGM
[16:35:49] [341/445] NOPL
[16:35:50] [342/445] MKJK
[16:35:51] [343/445] CVRN
[16:35:51] 🔄 Identity reset
[16:35:51] 🔄 Identity rotated (every 10 requests)
[16:35:51] [344/445] MMEN
[16:35:53] [345/445] AMNG
[16:35:54] [346/445] INTM
[16:35:55] [347/445] SLCZ
[16:35:56] [348/445] AMJN
[16:35:57] [349/445] ACJN
[16:35:58] [350/445] AMKN
[16:35:59] [351/445] BTCN
[16:36:01] [352/445] AMBT
[16:36:02] [353/445] PACN
[16:36:02] 🔄 Identity reset
[16:36:02] 🔄 Identity rotated (every 10 requests)
[16:36:03] [354/445] LCNS
[16:36:04] [355/445] PPKC
[16:36:05] [356/445] JYYN
[16:36:06] [357/445] JTNR
[16:36:06] [358/445] GTEE
[16:36:08] [359/445] SRNM
[16:36:09] [360/445] SDTC
[16:36:10] [361/445] VPCA
[16:36:11] [362/445] VLRA
[16:36:12] [363/445] SHKR
[16:36:12] 🔄 Identity reset
[16:36:12] 🔄 Identity rotated (every 10 requests)
[16:36:12] 🔄 Retry 1/5 for SHKR in 2.6s
[16:36:12] 🔄 Identity reset
[16:36:14] 🧠 New identity created
[16:36:15] [364/445] SBKD
[16:36:16] [365/445] SAAD
[16:36:17] [366/445] JTGN
[16:36:18] [367/445] SLAM
[16:36:19] [368/445] VTPM
[16:36:20] [369/445] ANPT
[16:36:21] [370/445] PUNB
[16:36:22] [371/445] CPKT
[16:36:23] [372/445] CNWE
[16:36:23] 🔄 Identity reset
[16:36:23] 🔄 Identity rotated (every 10 requests)
[16:36:24] [373/445] ECPP
[16:36:25] [374/445] CPAR
[16:36:26] [375/445] ESBW
[16:36:27] [376/445] PKPU
[16:36:28] [377/445] CPRP
[16:36:29] [378/445] RAHU
[16:36:30] [379/445] RHMN
[16:36:31] [380/445] FMJP
[16:36:32] [381/445] CTMP
[16:36:33] [382/445] INPN
[16:36:33] 🔄 Identity reset
[16:36:33] 🔄 Identity rotated (every 10 requests)
[16:36:34] [383/445] STTG
[16:36:35] [384/445] CTRD
[16:36:36] [385/445] PUVB
[16:36:37] [386/445] ESVP
[16:36:38] [387/445] CPFT
[16:36:39] [388/445] LCPC
[16:36:40] [389/445] VBCT
[16:36:41] [390/445] FSCW
[16:36:42] [391/445] VCMP
[16:36:43] [392/445] ASHC
[16:36:43] 🔄 Identity reset
[16:36:43] 🔄 Identity rotated (every 10 requests)
[16:36:43] 🔄 Retry 1/5 for ASHC in 2.8s
[16:36:43] 🔄 Identity reset
[16:36:45] 🧠 New identity created
[16:36:46] [393/445] VLCX
[16:36:47] [394/445] SHEV
[16:36:49] [395/445] APCO
[16:36:51] [396/445] SILC
[16:36:53] [397/445] SNMR
[16:36:54] [398/445] KYBO
[16:36:55] [399/445] SATK
[16:36:56] [400/445] SSCS
[16:36:57] [401/445] CLSB
[16:36:57] 🔄 Identity reset
[16:36:57] 🔄 Identity rotated (every 10 requests)
[16:36:59] [402/445] KMJR
[16:37:00] [403/445] FSCK
[16:37:01] [404/445] NNKA
[16:37:02] [405/445] CLMK
[16:37:02] [406/445] DMPZ
[16:37:03] [407/445] INQM
[16:37:05] [408/445] CAML
[16:37:06] [409/445] INRK
[16:37:07] [410/445] IMKN
[16:37:08] [411/445] SVNR
[16:37:08] 🔄 Identity reset
[16:37:08] 🔄 Identity rotated (every 10 requests)
[16:37:09] [412/445] INSL
[16:37:10] [413/445] MSMA
[16:37:11] [414/445] MCKK
[16:37:13] [415/445] FCHP
[16:37:14] [416/445] SFCR
[16:37:14] [417/445] NACK
[16:37:16] [418/445] PVAK
[16:37:17] [419/445] INER
[16:37:18] [420/445] RDBK
[16:37:19] [421/445] SVFN
[16:37:19] 🔄 Identity reset
[16:37:19] 🔄 Identity rotated (every 10 requests)
[16:37:20] [422/445] IFRM
[16:37:21] [423/445] ATCK
[16:37:22] [424/445] ASKO
[16:37:22] [425/445] STKT
[16:37:24] [426/445] SVFB
[16:37:25] [427/445] INKS
[16:37:27] [428/445] PCRA
[16:37:28] [429/445] ATJA
[16:37:29] [430/445] IMJN
[16:37:30] [431/445] INHD
[16:37:30] 🔄 Identity reset
[16:37:30] 🔄 Identity rotated (every 10 requests)
[16:37:31] [432/445] BARA
[16:37:32] [433/445] MCSL
[16:37:33] [434/445] RTOY
[16:37:34] [435/445] MENO
[16:37:35] [436/445] PUDM
[16:37:36] [437/445] PRCN
[16:37:37] [438/445] JMJR
[16:37:38] [439/445] SSGK
[16:37:40] [440/445] SSRL
[16:37:41] [441/445] JYKL
[16:37:41] 🔄 Identity reset
[16:37:41] 🔄 Identity rotated (every 10 requests)
[16:37:42] [442/445] ACNB
[16:37:43] [443/445] SONP
[16:37:44] [444/445] EMCI
[16:37:45] [445/445] MRJH
[16:37:46] 🧹 Deduping shows
[16:37:46] ✅ DONE | Shows=3683 | Movies=72
