[16:29:06] 🚀 SCRIPT STARTED
[16:29:06] [1/459] NECA
[16:29:06] 🧠 New identity created
[16:29:07] [2/459] BJLC
[16:29:08] [3/459] BASU
[16:29:09] [4/459] RUPI
[16:29:10] [5/459] LCBK
[16:29:11] [6/459] PMAC
[16:29:12] [7/459] AMLC
[16:29:14] [8/459] LICL
[16:29:15] [9/459] UDMM
[16:29:16] [10/459] STBZ
[16:29:16] 🔄 Identity reset
[16:29:16] 🔄 Identity rotated (every 10 requests)
[16:29:16] 🔄 Retry 1/5 for STBZ in 2.4s
[16:29:16] 🔄 Identity reset
[16:29:18] 🧠 New identity created
[16:29:18] 🔄 Retry 2/5 for STBZ in 4.5s
[16:29:18] 🔄 Identity reset
[16:29:23] 🧠 New identity created
[16:29:24] [11/459] UUBT
[16:29:24] [12/459] SJKC
[16:29:25] [13/459] TUAL
[16:29:26] [14/459] MRSE
[16:29:27] [15/459] RMRK
[16:29:28] [16/459] TTKP
[16:29:29] [17/459] KTKO
[16:29:30] [18/459] SDBK
[16:29:30] 🔄 Identity reset
[16:29:30] 🔄 Identity rotated (every 10 requests)
[16:29:30] 🔄 Retry 1/5 for SDBK in 2.8s
[16:29:30] 🔄 Identity reset
[16:29:33] 🧠 New identity created
[16:29:34] [19/459] MCPR
[16:29:35] [20/459] CHTI
[16:29:36] [21/459] GCCP
[16:29:36] [22/459] SRMY
[16:29:37] [23/459] NYST
[16:29:38] [24/459] NYAG
[16:29:39] [25/459] SBMT
[16:29:41] [26/459] INGA
[16:29:42] [27/459] WSIC
[16:29:42] 🔄 Identity reset
[16:29:42] 🔄 Identity rotated (every 10 requests)
[16:29:42] 🔄 Retry 1/5 for WSIC in 2.3s
[16:29:42] 🔄 Identity reset
[16:29:44] 🧠 New identity created
[16:29:45] [28/459] SCSS
[16:29:45] [29/459] COPG
[16:29:46] [30/459] RCGR
[16:29:47] [31/459] TCZA
[16:29:49] [32/459] CNLP
[16:29:50] [33/459] CLKN
[16:29:51] [34/459] LHDF
[16:29:52] [35/459] ELKC
[16:29:52] [36/459] VCEM
[16:29:52] 🔄 Identity reset
[16:29:53] 🔄 Identity rotated (every 10 requests)
[16:29:53] [37/459] SSZA
[16:29:54] [38/459] KRMT
[16:29:55] [39/459] LCMV
[16:29:57] [40/459] AYCZ
[16:29:58] [41/459] CUMS
[16:29:59] [42/459] BOCK
[16:30:00] [43/459] PNMR
[16:30:01] [44/459] PJCP
[16:30:02] [45/459] JDDD
[16:30:03] [46/459] STMS
[16:30:03] 🔄 Identity reset
[16:30:03] 🔄 Identity rotated (every 10 requests)
[16:30:03] 🔄 Retry 1/5 for STMS in 2.9s
[16:30:03] 🔄 Identity reset
[16:30:06] 🧠 New identity created
[16:30:07] [47/459] FLMB
[16:30:08] [48/459] PKCM
[16:30:09] [49/459] SPPR
[16:30:10] [50/459] EYLH
[16:30:11] [51/459] RJCC
[16:30:13] [52/459] MMPS
[16:30:13] [53/459] SHMX
[16:30:14] [54/459] CCNL
[16:30:15] [55/459] RCNV
[16:30:15] 🔄 Identity reset
[16:30:15] 🔄 Identity rotated (every 10 requests)
[16:30:15] 🔄 Retry 1/5 for RCNV in 2.0s
[16:30:15] 🔄 Identity reset
[16:30:17] 🧠 New identity created
[16:30:18] [56/459] MAAG
[16:30:19] [57/459] LXCM
[16:30:20] [58/459] RCNI
[16:30:21] [59/459] SNNI
[16:30:22] [60/459] LALC
[16:30:23] [61/459] SOCN
[16:30:24] [62/459] JHTP
[16:30:26] [63/459] PITP
[16:30:26] [64/459] CCKW
[16:30:26] 🔄 Identity reset
[16:30:26] 🔄 Identity rotated (every 10 requests)
[16:30:27] 🔄 Retry 1/5 for CCKW in 3.0s
[16:30:27] 🔄 Identity reset
[16:30:30] 🧠 New identity created
[16:30:30] 🔄 Retry 2/5 for CCKW in 4.6s
[16:30:30] 🔄 Identity reset
[16:30:34] 🧠 New identity created
[16:30:35] [65/459] MCMC
[16:30:36] [66/459] DEES
[16:30:37] [67/459] SABT
[16:30:38] [68/459] VSPP
[16:30:39] [69/459] ABCT
[16:30:40] [70/459] JVTB
[16:30:40] [71/459] VCBD
[16:30:41] [72/459] RMGG
[16:30:41] 🔄 Identity reset
[16:30:41] 🔄 Identity rotated (every 10 requests)
[16:30:42] [73/459] RNMH
[16:30:43] [74/459] SPGL
[16:30:44] [75/459] JTTR
[16:30:45] [76/459] SICS
[16:30:46] [77/459] SRMI
[16:30:47] [78/459] SSIJ
[16:30:48] [79/459] KFMT
[16:30:49] [80/459] VBIT
[16:30:50] [81/459] JKCT
[16:30:51] [82/459] GCGP
[16:30:51] 🔄 Identity reset
[16:30:51] 🔄 Identity rotated (every 10 requests)
[16:30:51] 🔄 Retry 1/5 for GCGP in 2.2s
[16:30:51] 🔄 Identity reset
[16:30:53] 🧠 New identity created
[16:30:53] 🔄 Retry 2/5 for GCGP in 4.6s
[16:30:53] 🔄 Identity reset
[16:30:58] 🧠 New identity created
[16:30:59] [83/459] GDCS
[16:31:00] [84/459] TRBA
[16:31:01] [85/459] QUST
[16:31:02] [86/459] VSHM
[16:31:03] [87/459] SDCP
[16:31:04] [88/459] SNVS
[16:31:05] [89/459] NYTO
[16:31:05] [90/459] URWC
[16:31:05] 🔄 Identity reset
[16:31:05] 🔄 Identity rotated (every 10 requests)
[16:31:06] [91/459] GTWH
[16:31:07] [92/459] PFCM
[16:31:08] [93/459] KRTA
[16:31:09] [94/459] AXMC
[16:31:10] [95/459] EVMC
[16:31:11] [96/459] HGSM
[16:31:12] [97/459] ACVM
[16:31:13] [98/459] PSKL
[16:31:14] [99/459] RDMP
[16:31:15] [100/459] RHGH
[16:31:15] 🔄 Identity reset
[16:31:15] 🔄 Identity rotated (every 10 requests)
[16:31:16] [101/459] OMCM
[16:31:17] [102/459] DCCP
[16:31:18] [103/459] MCPB
[16:31:19] [104/459] ALCI
[16:31:20] [105/459] BLMX
[16:31:21] [106/459] BTMV
[16:31:22] [107/459] FVPN
[16:31:22] [108/459] CMAR
[16:31:23] [109/459] CEIM
[16:31:24] [110/459] CMVA
[16:31:24] 🔄 Identity reset
[16:31:24] 🔄 Identity rotated (every 10 requests)
[16:31:25] [111/459] CPIV
[16:31:26] [112/459] CNPE
[16:31:28] [113/459] COLV
[16:31:29] [114/459] DNNV
[16:31:30] [115/459] HCAD
[16:31:30] [116/459] TAKA
[16:31:31] [117/459] INVD
[16:31:33] [118/459] IRMM
[16:31:34] [119/459] INSE
[16:31:35] [120/459] MRSW
[16:31:35] 🔄 Identity reset
[16:31:35] 🔄 Identity rotated (every 10 requests)
[16:31:36] [121/459] MCVD
[16:31:37] [122/459] MCSO
[16:31:38] [123/459] PEVM
[16:31:39] [124/459] PVNL
[16:31:40] [125/459] PTCV
[16:31:41] [126/459] PRTC
[16:31:42] [127/459] RCVA
[16:31:43] [128/459] MTBN
[16:31:44] [129/459] LUCP
[16:31:45] [130/459] FMPT
[16:31:45] 🔄 Identity reset
[16:31:45] 🔄 Identity rotated (every 10 requests)
[16:31:45] 🔄 Retry 1/5 for FMPT in 2.6s
[16:31:45] 🔄 Identity reset
[16:31:47] 🧠 New identity created
[16:31:48] [131/459] JLSL
[16:31:49] [132/459] SBHA
[16:31:50] [133/459] SHRC
[16:31:51] [134/459] AVPS
[16:31:52] [135/459] STPM
[16:31:53] [136/459] ATRD
[16:31:54] [137/459] VTED
[16:31:55] [138/459] ACAI
[16:31:55] [139/459] SMAE
[16:31:55] 🔄 Identity reset
[16:31:55] 🔄 Identity rotated (every 10 requests)
[16:31:57] [140/459] VMAT
[16:31:58] [141/459] LKCT
[16:32:00] [142/459] JTVK
[16:32:01] [143/459] PRTY
[16:32:01] [144/459] GETT
[16:32:02] [145/459] ESAP
[16:32:03] [146/459] NCPM
[16:32:04] [147/459] PCPA
[16:32:05] [148/459] MMOM
[16:32:06] [149/459] PHUP
[16:32:06] 🔄 Identity reset
[16:32:06] 🔄 Identity rotated (every 10 requests)
[16:32:07] [150/459] CCPI
[16:32:08] [151/459] CNTD
[16:32:09] [152/459] NLJR
[16:32:10] [153/459] SRNG
[16:32:11] [154/459] MHAL
[16:32:11] [155/459] PNSM
[16:32:12] [156/459] DRMY
[16:32:13] [157/459] CCMU
[16:32:14] [158/459] SCMY
[16:32:15] [159/459] PVSY
[16:32:15] 🔄 Identity reset
[16:32:15] 🔄 Identity rotated (every 10 requests)
[16:32:15] 🔄 Retry 1/5 for PVSY in 2.3s
[16:32:15] 🔄 Identity reset
[16:32:17] 🧠 New identity created
[16:32:19] [160/459] SDLM
[16:32:20] [161/459] ICCM
[16:32:21] [162/459] PYSU
[16:32:21] [163/459] GATM
[16:32:22] [164/459] WOTM
[16:32:23] [165/459] RKTS
[16:32:24] [166/459] PMTY
[16:32:25] [167/459] LYMS
[16:32:26] [168/459] TGCA
[16:32:26] 🔄 Identity reset
[16:32:26] 🔄 Identity rotated (every 10 requests)
[16:32:27] [169/459] DSTA
[16:32:28] [170/459] CNGE
[16:32:29] [171/459] VSTG
[16:32:29] [172/459] GTCK
[16:32:30] [173/459] TGNT
[16:32:31] [174/459] ASLC
[16:32:32] [175/459] SSST
[16:32:33] [176/459] KBTT
[16:32:34] [177/459] HKCP
[16:32:36] [178/459] SWLC
[16:32:36] 🔄 Identity reset
[16:32:36] 🔄 Identity rotated (every 10 requests)
[16:32:36] 🔄 Retry 1/5 for SWLC in 2.0s
[16:32:36] 🔄 Identity reset
[16:32:38] 🧠 New identity created
[16:32:38] [179/459] RTND
[16:32:39] [180/459] PKKT
[16:32:40] [181/459] HSTK
[16:32:41] [182/459] SPTT
[16:32:42] [183/459] IMPM
[16:32:44] [184/459] SCMV
[16:32:45] [185/459] SPCT
[16:32:46] [186/459] JBCA
[16:32:46] [187/459] ATTR
[16:32:46] 🔄 Identity reset
[16:32:46] 🔄 Identity rotated (every 10 requests)
[16:32:46] 🔄 Retry 1/5 for ATTR in 2.3s
[16:32:46] 🔄 Identity reset
[16:32:49] 🧠 New identity created
[16:32:49] [188/459] SPMT
[16:32:50] [189/459] LCTM
[16:32:51] [190/459] SCVL
[16:32:52] [191/459] SCVT
[16:32:53] [192/459] KRIC
[16:32:54] [193/459] CTMG
[16:32:55] [194/459] ACNC
[16:32:57] [195/459] DMCK
[16:32:57] [196/459] KMTV
[16:32:57] 🔄 Identity reset
[16:32:57] 🔄 Identity rotated (every 10 requests)
[16:32:58] [197/459] PFCJ
[16:32:59] [198/459] VNMD
[16:33:00] [199/459] VPCZ
[16:33:01] [200/459] SRYR
[16:33:02] [201/459] SYTR
[16:33:03] [202/459] GATR
[16:33:04] [203/459] URTR
[16:33:04] [204/459] MKSM
[16:33:05] [205/459] VSMH
[16:33:06] [206/459] SKRJ
[16:33:06] 🔄 Identity reset
[16:33:06] 🔄 Identity rotated (every 10 requests)
[16:33:07] [207/459] SSJR
[16:33:08] [208/459] SVSM
[16:33:09] [209/459] RUCM
[16:33:10] [210/459] PRKN
[16:33:11] [211/459] RROH
[16:33:12] [212/459] SCTN
[16:33:14] [213/459] RTDM
[16:33:15] [214/459] ASRM
[16:33:16] [215/459] SKMD
[16:33:17] [216/459] SUTD
[16:33:17] 🔄 Identity reset
[16:33:17] 🔄 Identity rotated (every 10 requests)
[16:33:18] [217/459] SADM
[16:33:19] [218/459] WCNR
[16:33:20] [219/459] CNED
[16:33:21] [220/459] MPDB
[16:33:22] [221/459] KTBH
[16:33:23] [222/459] IDRM
[16:33:24] [223/459] PJJT
[16:33:25] [224/459] PFCV
[16:33:26] [225/459] AACT
[16:33:27] [226/459] AAAD
[16:33:27] 🔄 Identity reset
[16:33:27] 🔄 Identity rotated (every 10 requests)
[16:33:27] 🔄 Retry 1/5 for AAAD in 2.7s
[16:33:27] 🔄 Identity reset
[16:33:30] 🧠 New identity created
[16:33:30] [227/459] ANES
[16:33:31] [228/459] MNCA
[16:33:32] [229/459] RMGU
[16:33:33] [230/459] DLCN
[16:33:34] [231/459] LJWT
[16:33:35] [232/459] MCBG
[16:33:36] [233/459] MYBG
[16:33:37] [234/459] GCCA
[16:33:38] [235/459] GCGA
[16:33:38] 🔄 Identity reset
[16:33:38] 🔄 Identity rotated (every 10 requests)
[16:33:39] [236/459] ECGN
[16:33:40] [237/459] PRAB
[16:33:41] [238/459] PNMP
[16:33:42] [239/459] GCPT
[16:33:43] [240/459] ROYN
[16:33:44] [241/459] VATM
[16:33:45] [242/459] KSNT
[16:33:46] [243/459] ACTC
[16:33:47] [244/459] PLTD
[16:33:48] [245/459] SKMK
[16:33:48] 🔄 Identity reset
[16:33:48] 🔄 Identity rotated (every 10 requests)
[16:33:49] [246/459] CMTT
[16:33:50] [247/459] SMXP
[16:33:51] [248/459] SCMX
[16:33:52] [249/459] ACXN
[16:33:52] [250/459] ASWT
[16:33:53] [251/459] VVVL
[16:33:54] [252/459] NAGO
[16:33:55] [253/459] SNCN
[16:33:56] [254/459] MCKP
[16:33:57] [255/459] SAMO
[16:33:57] 🔄 Identity reset
[16:33:57] 🔄 Identity rotated (every 10 requests)
[16:33:57] 🔄 Retry 1/5 for SAMO in 2.2s
[16:33:57] 🔄 Identity reset
[16:33:59] 🧠 New identity created
[16:34:00] [256/459] JBTV
[16:34:01] [257/459] DCVV
[16:34:02] [258/459] KMSV
[16:34:03] [259/459] KDCN
[16:34:04] [260/459] CNCP
[16:34:05] [261/459] HAMC
[16:34:06] [262/459] CCVZ
[16:34:06] [263/459] NCCK
[16:34:07] [264/459] MCHR
[16:34:07] 🔄 Identity reset
[16:34:07] 🔄 Identity rotated (every 10 requests)
[16:34:08] [265/459] SCHT
[16:34:09] [266/459] ESSH
[16:34:10] [267/459] CUJC
[16:34:11] [268/459] PECP
[16:34:12] [269/459] PMMI
[16:34:12] [270/459] PCCH
[16:34:13] [271/459] PRPM
[16:34:14] [272/459] PVKL
[16:34:15] [273/459] CBSM
[16:34:16] [274/459] PVCZ
[16:34:16] 🔄 Identity reset
[16:34:16] 🔄 Identity rotated (every 10 requests)
[16:34:16] 🔄 Retry 1/5 for PVCZ in 2.9s
[16:34:16] 🔄 Identity reset
[16:34:19] 🧠 New identity created
[16:34:19] 🔄 Retry 2/5 for PVCZ in 4.9s
[16:34:19] 🔄 Identity reset
[16:34:24] 🧠 New identity created
[16:34:25] [275/459] PCVV
[16:34:27] [276/459] CTMJ
[16:34:28] [277/459] RCPS
[16:34:28] [278/459] PCIT
[16:34:29] [279/459] FNCH
[16:34:30] [280/459] INZD
[16:34:31] [281/459] INPC
[16:34:32] [282/459] LCZP
[16:34:32] 🔄 Identity reset
[16:34:32] 🔄 Identity rotated (every 10 requests)
[16:34:32] 🔄 Retry 1/5 for LCZP in 2.6s
[16:34:32] 🔄 Identity reset
[16:34:34] 🧠 New identity created
[16:34:35] [283/459] SMCB
[16:34:36] [284/459] PTSB
[16:34:37] [285/459] TPSI
[16:34:38] [286/459] KHMJ
[16:34:39] [287/459] RCCJ
[16:34:40] [288/459] NCJA
[16:34:41] [289/459] NCJN
[16:34:41] [290/459] BTDP
[16:34:42] [291/459] PADY
[16:34:42] 🔄 Identity reset
[16:34:42] 🔄 Identity rotated (every 10 requests)
[16:34:43] [292/459] NYBH
[16:34:44] [293/459] MTBR
[16:34:45] [294/459] KRBC
[16:34:46] [295/459] DKTI
[16:34:47] [296/459] ANAN
[16:34:47] [297/459] INBP
[16:34:48] [298/459] PATB
[16:34:49] [299/459] RGNT
[16:34:50] [300/459] CGPM
[16:34:51] [301/459] INTN
[16:34:51] 🔄 Identity reset
[16:34:51] 🔄 Identity rotated (every 10 requests)
[16:34:51] 🔄 Retry 1/5 for INTN in 2.6s
[16:34:51] 🔄 Identity reset
[16:34:54] 🧠 New identity created
[16:34:55] [302/459] MCMP
[16:34:56] [303/459] ASRG
[16:34:57] [304/459] CXJD
[16:34:58] [305/459] SPCP
[16:34:59] [306/459] CSTP
[16:34:59] [307/459] PKVC
[16:35:00] [308/459] ESCP
[16:35:01] [309/459] CAEP
[16:35:02] [310/459] CCSP
[16:35:02] 🔄 Identity reset
[16:35:02] 🔄 Identity rotated (every 10 requests)
[16:35:02] 🔄 Retry 1/5 for CCSP in 2.2s
[16:35:02] 🔄 Identity reset
[16:35:04] 🧠 New identity created
[16:35:05] [311/459] KTPC
[16:35:06] [312/459] DACA
[16:35:07] [313/459] NVKY
[16:35:07] [314/459] PTIN
[16:35:08] [315/459] SCIN
[16:35:09] [316/459] MCTY
[16:35:10] [317/459] PCMX
[16:35:11] [318/459] INIC
[16:35:12] [319/459] MMZM
[16:35:12] 🔄 Identity reset
[16:35:12] 🔄 Identity rotated (every 10 requests)
[16:35:13] [320/459] SSLP
[16:35:15] [321/459] DTDT
[16:35:16] [322/459] FFCX
[16:35:17] [323/459] RCMM
[16:35:17] [324/459] KYID
[16:35:19] [325/459] CSCI
[16:35:20] [326/459] FCMC
[16:35:21] [327/459] MMXI
[16:35:22] [328/459] ASTC
[16:35:23] [329/459] CMRA
[16:35:23] 🔄 Identity reset
[16:35:23] 🔄 Identity rotated (every 10 requests)
[16:35:24] [330/459] DICI
[16:35:25] [331/459] KDIN
[16:35:26] [332/459] PRFI
[16:35:27] [333/459] SVFC
[16:35:28] [334/459] UCPL
[16:35:29] [335/459] COOC
[16:35:30] [336/459] SCAL
[16:35:31] [337/459] SVFF
[16:35:32] [338/459] VCMG
[16:35:33] [339/459] UUCT
[16:35:33] 🔄 Identity reset
[16:35:33] 🔄 Identity rotated (every 10 requests)
[16:35:34] [340/459] GCSE
[16:35:35] [341/459] SUSC
[16:35:36] [342/459] MISC
[16:35:37] [343/459] RMBL
[16:35:38] [344/459] CMXN
[16:35:39] [345/459] PVBK
[16:35:40] [346/459] HHCG
[16:35:41] [347/459] SCAG
[16:35:43] [348/459] CNPR
[16:35:45] [349/459] CSER
[16:35:45] 🔄 Identity reset
[16:35:45] 🔄 Identity rotated (every 10 requests)
[16:35:45] 🔄 Retry 1/5 for CSER in 2.4s
[16:35:45] 🔄 Identity reset
[16:35:47] 🧠 New identity created
[16:35:47] 🔄 Retry 2/5 for CSER in 4.5s
[16:35:47] 🔄 Identity reset
[16:35:52] 🧠 New identity created
[16:35:52] [350/459] HLWD
[16:35:53] [351/459] BOLY
[16:35:54] [352/459] SSPG
[16:35:55] [353/459] MUPX
[16:35:56] [354/459] HAMR
[16:35:57] [355/459] SDNC
[16:35:58] [356/459] RTEN
[16:35:59] [357/459] SDTD
[16:35:59] 🔄 Identity reset
[16:35:59] 🔄 Identity rotated (every 10 requests)
[16:35:59] [358/459] KAWS
[16:36:01] [359/459] CMZX
[16:36:02] [360/459] DCDD
[16:36:03] [361/459] ALSN
[16:36:04] [362/459] IMXS
[16:36:05] [363/459] PVFF
[16:36:06] [364/459] PVOO
[16:36:07] [365/459] CFBS
[16:36:08] [366/459] PVER
[16:36:09] [367/459] PPNX
[16:36:09] 🔄 Identity reset
[16:36:09] 🔄 Identity rotated (every 10 requests)
[16:36:09] 🔄 Retry 1/5 for PPNX in 2.5s
[16:36:09] 🔄 Identity reset
[16:36:11] 🧠 New identity created
[16:36:12] [368/459] CNRM
[16:36:13] [369/459] PVWW
[16:36:14] [370/459] INMB
[16:36:15] [371/459] CPJR
[16:36:16] [372/459] INRZ
[16:36:17] [373/459] PMSR
[16:36:18] [374/459] GPGM
[16:36:19] [375/459] PGWB
[16:36:20] [376/459] PMBR
[16:36:20] 🔄 Identity reset
[16:36:20] 🔄 Identity rotated (every 10 requests)
[16:36:20] 🔄 Retry 1/5 for PMBR in 2.2s
[16:36:20] 🔄 Identity reset
[16:36:22] 🧠 New identity created
[16:36:23] [377/459] GPAM
[16:36:24] [378/459] INBC
[16:36:24] [379/459] PZVK
[16:36:26] [380/459] CPEB
[16:36:27] [381/459] FMLB
[16:36:28] [382/459] INBG
[16:36:29] [383/459] GPBR
[16:36:29] [384/459] PAAS
[16:36:30] [385/459] VTBR
[16:36:30] 🔄 Identity reset
[16:36:30] 🔄 Identity rotated (every 10 requests)
[16:36:31] [386/459] GPMY
[16:36:33] [387/459] GYBU
[16:36:34] [388/459] INBJ
[16:36:35] [389/459] LKTH
[16:36:36] [390/459] NSBR
[16:36:37] [391/459] PDRD
[16:36:38] [392/459] VRBL
[16:36:39] [393/459] VTGB
[16:36:39] [394/459] VTSK
[16:36:40] [395/459] BKDV
[16:36:40] 🔄 Identity reset
[16:36:40] 🔄 Identity rotated (every 10 requests)
[16:36:42] [396/459] SVTB
[16:36:43] [397/459] MLDT
[16:36:44] [398/459] NRBL
[16:36:44] [399/459] SLTR
[16:36:45] [400/459] VNKA
[16:36:46] [401/459] TDCA
[16:36:47] [402/459] INBM
[16:36:48] [403/459] SSNR
[16:36:49] [404/459] BHAC
[16:36:50] [405/459] SDSD
[16:36:50] 🔄 Identity reset
[16:36:50] 🔄 Identity rotated (every 10 requests)
[16:36:51] [406/459] SAMP
[16:36:52] [407/459] RATK
[16:36:53] [408/459] KCBI
[16:36:54] [409/459] URBL
[16:36:55] [410/459] MKBG
[16:36:55] [411/459] ASTB
[16:36:56] [412/459] VBWT
[16:36:57] [413/459] GPSM
[16:36:58] [414/459] ROON
[16:36:59] [415/459] CHTH
[16:36:59] 🔄 Identity reset
[16:36:59] 🔄 Identity rotated (every 10 requests)
[16:37:00] [416/459] SSPA
[16:37:01] [417/459] ANBL
[16:37:02] [418/459] VTBE
[16:37:03] [419/459] SVKT
[16:37:04] [420/459] SVYK
[16:37:04] [421/459] PTBK
[16:37:05] [422/459] RKTB
[16:37:07] [423/459] BALT
[16:37:08] [424/459] STSV
[16:37:09] [425/459] VCCB
[16:37:09] 🔄 Identity reset
[16:37:09] 🔄 Identity rotated (every 10 requests)
[16:37:09] 🔄 Retry 1/5 for VCCB in 2.7s
[16:37:09] 🔄 Identity reset
[16:37:11] 🧠 New identity created
[16:37:12] [426/459] SLTB
[16:37:13] [427/459] SBCR
[16:37:14] [428/459] VDCS
[16:37:15] [429/459] MDKI
[16:37:16] [430/459] SMRN
[16:37:17] [431/459] PTBC
[16:37:18] [432/459] RADI
[16:37:19] [433/459] ADCR
[16:37:20] [434/459] SDCS
[16:37:20] 🔄 Identity reset
[16:37:20] 🔄 Identity rotated (every 10 requests)
[16:37:21] [435/459] SRPJ
[16:37:22] [436/459] ARTS
[16:37:23] [437/459] SRHK
[16:37:24] [438/459] SPAY
[16:37:25] [439/459] GPTB
[16:37:26] [440/459] SNNN
[16:37:27] [441/459] BALJ
[16:37:28] [442/459] TRIG
[16:37:29] [443/459] GTYT
[16:37:29] [444/459] ATGN
[16:37:29] 🔄 Identity reset
[16:37:30] 🔄 Identity rotated (every 10 requests)
[16:37:30] [445/459] ANTE
[16:37:31] [446/459] BDCG
[16:37:32] [447/459] VECI
[16:37:33] [448/459] SCPR
[16:37:34] [449/459] RTEA
[16:37:35] [450/459] JSAI
[16:37:37] [451/459] VJTP
[16:37:38] [452/459] GNDS
[16:37:38] [453/459] PAXA
[16:37:39] [454/459] CGGM
[16:37:39] 🔄 Identity reset
[16:37:39] 🔄 Identity rotated (every 10 requests)
[16:37:40] [455/459] ACKZ
[16:37:41] [456/459] EMCC
[16:37:42] [457/459] KLSK
[16:37:43] [458/459] AVCK
[16:37:44] [459/459] JTCK
[16:37:45] 🧹 Deduping shows
[16:37:45] ✅ DONE | Shows=4597 | Movies=71
