[16:30:07] 🚀 SCRIPT STARTED
[16:30:07] [1/458] MBDC
[16:30:07] 🧠 New identity created
[16:30:08] [2/458] CHKM
[16:30:09] [3/458] JTKZ
[16:30:10] [4/458] CMCT
[16:30:11] [5/458] ASHO
[16:30:12] [6/458] ECDG
[16:30:13] [7/458] SPAT
[16:30:14] [8/458] HILC
[16:30:15] [9/458] SPPH
[16:30:16] [10/458] SBHN
[16:30:16] 🔄 Identity reset
[16:30:16] 🔄 Identity rotated (every 10 requests)
[16:30:17] [11/458] RRCA
[16:30:18] [12/458] APAA
[16:30:19] [13/458] RAME
[16:30:20] [14/458] TMMS
[16:30:21] [15/458] BATK
[16:30:22] [16/458] LKOP
[16:30:23] [17/458] AMTT
[16:30:24] [18/458] PTGK
[16:30:25] [19/458] ANRS
[16:30:26] [20/458] VWBW
[16:30:26] 🔄 Identity reset
[16:30:26] 🔄 Identity rotated (every 10 requests)
[16:30:26] [21/458] SVFG
[16:30:28] [22/458] STAT
[16:30:28] [23/458] GDCV
[16:30:29] [24/458] VEBI
[16:30:31] [25/458] VDSS
[16:30:32] [26/458] NTHV
[16:30:33] [27/458] AOCH
[16:30:34] [28/458] KASR
[16:30:35] [29/458] AYCS
[16:30:35] [30/458] SHAI
[16:30:35] 🔄 Identity reset
[16:30:35] 🔄 Identity rotated (every 10 requests)
[16:30:36] [31/458] SKPE
[16:30:38] [32/458] SBTA
[16:30:39] [33/458] RTTD
[16:30:40] [34/458] CCJD
[16:30:41] [35/458] RSJJ
[16:30:42] [36/458] RKND
[16:30:43] [37/458] SVTX
[16:30:44] [38/458] BAKM
[16:30:45] [39/458] SVDC
[16:30:45] [40/458] MNCV
[16:30:45] 🔄 Identity reset
[16:30:45] 🔄 Identity rotated (every 10 requests)
[16:30:46] [41/458] SJGC
[16:30:47] [42/458] MTPK
[16:30:49] [43/458] GATP
[16:30:50] [44/458] ABTS
[16:30:51] [45/458] ABDE
[16:30:51] [46/458] RCNM
[16:30:52] [47/458] KTHV
[16:30:54] [48/458] MDGJ
[16:30:55] [49/458] SMLM
[16:30:56] [50/458] JTMA
[16:30:56] 🔄 Identity reset
[16:30:56] 🔄 Identity rotated (every 10 requests)
[16:30:57] [51/458] ACKP
[16:30:58] [52/458] SRTA
[16:30:59] [53/458] STAY
[16:30:59] [54/458] MAVO
[16:31:00] [55/458] APTS
[16:31:02] [56/458] OMEA
[16:31:03] [57/458] TTFD
[16:31:04] [58/458] MJCU
[16:31:05] [59/458] CXTE
[16:31:05] [60/458] CTPX
[16:31:05] 🔄 Identity reset
[16:31:05] 🔄 Identity rotated (every 10 requests)
[16:31:06] [61/458] ASSL
[16:31:07] [62/458] CMVB
[16:31:08] [63/458] VPUR
[16:31:09] [64/458] JJDA
[16:31:10] [65/458] INBL
[16:31:11] [66/458] BIKB
[16:31:12] [67/458] NTBB
[16:31:13] [68/458] GLOB
[16:31:14] [69/458] SNTB
[16:31:15] [70/458] CHGV
[16:31:15] 🔄 Identity reset
[16:31:15] 🔄 Identity rotated (every 10 requests)
[16:31:16] 🔄 Retry 1/5 for CHGV in 2.3s
[16:31:16] 🔄 Identity reset
[16:31:18] 🧠 New identity created
[16:31:19] [71/458] SSBZ
[16:31:20] [72/458] PRDB
[16:31:20] [73/458] ISMT
[16:31:21] [74/458] MCSD
[16:31:22] [75/458] JBTT
[16:31:24] [76/458] GEKR
[16:31:25] [77/458] PVUN
[16:31:25] [78/458] NRTB
[16:31:26] [79/458] PRAA
[16:31:26] 🔄 Identity reset
[16:31:26] 🔄 Identity rotated (every 10 requests)
[16:31:27] [80/458] PCBL
[16:31:28] [81/458] PTCM
[16:31:30] [82/458] KHNN
[16:31:31] [83/458] OMJE
[16:31:31] [84/458] STGN
[16:31:32] [85/458] RPMS
[16:31:34] [86/458] NWAD
[16:31:34] [87/458] BLCK
[16:31:35] [88/458] SVAA
[16:31:36] [89/458] URVM
[16:31:36] 🔄 Identity reset
[16:31:36] 🔄 Identity rotated (every 10 requests)
[16:31:37] [90/458] ANTM
[16:31:38] [91/458] VJYM
[16:31:39] [92/458] MAZZ
[16:31:40] [93/458] CSHM
[16:31:40] [94/458] WGMH
[16:31:41] [95/458] SALN
[16:31:42] [96/458] BRTP
[16:31:43] [97/458] SVTA
[16:31:44] [98/458] SBTP
[16:31:45] [99/458] VLSS
[16:31:45] 🔄 Identity reset
[16:31:45] 🔄 Identity rotated (every 10 requests)
[16:31:47] [100/458] SRJA
[16:31:48] [101/458] ANCG
[16:31:48] [102/458] CGGC
[16:31:49] [103/458] CRJA
[16:31:50] [104/458] USCR
[16:31:51] [105/458] MMEF
[16:31:52] [106/458] JCRJ
[16:31:53] [107/458] ADCM
[16:31:54] [108/458] BMYK
[16:31:55] [109/458] KICS
[16:31:55] 🔄 Identity reset
[16:31:55] 🔄 Identity rotated (every 10 requests)
[16:31:55] [110/458] MBBT
[16:31:56] [111/458] MACK
[16:31:57] [112/458] CLDR
[16:31:58] [113/458] JYCR
[16:31:59] [114/458] DCRP
[16:32:00] [115/458] RAHT
[16:32:01] [116/458] CSSM
[16:32:01] [117/458] ATPK
[16:32:02] [118/458] KLRT
[16:32:04] [119/458] SRDD
[16:32:04] 🔄 Identity reset
[16:32:04] 🔄 Identity rotated (every 10 requests)
[16:32:05] [120/458] CKMC
[16:32:05] [121/458] KRVM
[16:32:07] [122/458] AKCP
[16:32:08] [123/458] CNCV
[16:32:09] [124/458] PACT
[16:32:10] [125/458] NATP
[16:32:11] [126/458] PCPK
[16:32:11] [127/458] SMHO
[16:32:12] [128/458] CWTK
[16:32:13] [129/458] RVKZ
[16:32:13] 🔄 Identity reset
[16:32:13] 🔄 Identity rotated (every 10 requests)
[16:32:13] 🔄 Retry 1/5 for RVKZ in 2.9s
[16:32:13] 🔄 Identity reset
[16:32:16] 🧠 New identity created
[16:32:18] [130/458] ASPD
[16:32:19] [131/458] VTKZ
[16:32:20] [132/458] LCSO
[16:32:21] [133/458] PRDY
[16:32:22] [134/458] RCAP
[16:32:23] [135/458] RGAR
[16:32:24] [136/458] RCAC
[16:32:25] [137/458] PMOD
[16:32:26] [138/458] PVCN
[16:32:26] 🔄 Identity reset
[16:32:26] 🔄 Identity rotated (every 10 requests)
[16:32:27] [139/458] SCRZ
[16:32:28] [140/458] PVPC
[16:32:29] [141/458] STID
[16:32:30] [142/458] NEDD
[16:32:31] [143/458] BNBA
[16:32:32] [144/458] NTCD
[16:32:33] [145/458] OCDE
[16:32:34] [146/458] CCDU
[16:32:36] [147/458] CRXH
[16:32:37] [148/458] VLVT
[16:32:37] 🔄 Identity reset
[16:32:37] 🔄 Identity rotated (every 10 requests)
[16:32:38] [149/458] CICI
[16:32:39] [150/458] SUCB
[16:32:40] [151/458] TCBP
[16:32:41] [152/458] SCCY
[16:32:42] [153/458] LXCY
[16:32:43] [154/458] NCMD
[16:32:43] [155/458] PHCS
[16:32:44] [156/458] DUXR
[16:32:45] [157/458] VNKS
[16:32:46] [158/458] SEDP
[16:32:46] 🔄 Identity reset
[16:32:46] 🔄 Identity rotated (every 10 requests)
[16:32:47] [159/458] SVEN
[16:32:48] [160/458] SRKM
[16:32:49] [161/458] JTLT
[16:32:50] [162/458] SVSS
[16:32:51] [163/458] AMDE
[16:32:51] [164/458] WVRN
[16:32:52] [165/458] ISMG
[16:32:53] [166/458] WVKS
[16:32:54] [167/458] USCG
[16:32:55] [168/458] IOTG
[16:32:55] 🔄 Identity reset
[16:32:55] 🔄 Identity rotated (every 10 requests)
[16:32:56] [169/458] RRJM
[16:32:57] [170/458] EDMP
[16:32:57] [171/458] SCGZ
[16:32:58] [172/458] GMGX
[16:32:59] [173/458] OMTP
[16:33:00] [174/458] MITD
[16:33:01] [175/458] SMMD
[16:33:01] [176/458] STML
[16:33:02] [177/458] MCFS
[16:33:03] [178/458] FPKA
[16:33:03] 🔄 Identity reset
[16:33:03] 🔄 Identity rotated (every 10 requests)
[16:33:04] [179/458] OMLR
[16:33:05] [180/458] KKSC
[16:33:06] [181/458] RVMA
[16:33:07] [182/458] SCLL
[16:33:08] [183/458] SCDK
[16:33:08] [184/458] SXMI
[16:33:09] [185/458] SHDN
[16:33:10] [186/458] PAAD
[16:33:11] [187/458] UUCB
[16:33:12] [188/458] JHOL
[16:33:12] 🔄 Identity reset
[16:33:12] 🔄 Identity rotated (every 10 requests)
[16:33:13] [189/458] SGWT
[16:33:14] [190/458] SRII
[16:33:15] [191/458] SGCK
[16:33:16] [192/458] SVVB
[16:33:16] [193/458] DMHA
[16:33:18] [194/458] PPNL
[16:33:19] [195/458] CPNL
[16:33:20] [196/458] WVLD
[16:33:20] [197/458] PSLV
[16:33:21] [198/458] VTTL
[16:33:21] 🔄 Identity reset
[16:33:21] 🔄 Identity rotated (every 10 requests)
[16:33:22] [199/458] NPAD
[16:33:23] [200/458] PVCS
[16:33:24] [201/458] MCHL
[16:33:25] [202/458] PPLL
[16:33:26] [203/458] MALO
[16:33:27] [204/458] SWBH
[16:33:28] [205/458] PUGB
[16:33:29] [206/458] INBB
[16:33:30] [207/458] INNS
[16:33:31] [208/458] MCPT
[16:33:31] 🔄 Identity reset
[16:33:31] 🔄 Identity rotated (every 10 requests)
[16:33:32] [209/458] SCMI
[16:33:33] [210/458] OCON
[16:33:34] [211/458] SCSM
[16:33:35] [212/458] RJVN
[16:33:36] [213/458] AMDK
[16:33:37] [214/458] ISMR
[16:33:37] [215/458] SMTD
[16:33:38] [216/458] VTDD
[16:33:39] [217/458] PDDZ
[16:33:40] [218/458] PCCK
[16:33:40] 🔄 Identity reset
[16:33:40] 🔄 Identity rotated (every 10 requests)
[16:33:40] 🔄 Retry 1/5 for PCCK in 2.8s
[16:33:40] 🔄 Identity reset
[16:33:43] 🧠 New identity created
[16:33:44] [219/458] INAM
[16:33:45] [220/458] FNKT
[16:33:46] [221/458] GDKA
[16:33:46] [222/458] MAYU
[16:33:48] [223/458] TCGU
[16:33:48] [224/458] KDCA
[16:33:49] [225/458] DOMY
[16:33:50] [226/458] PDDD
[16:33:51] [227/458] BJTS
[16:33:51] 🔄 Identity reset
[16:33:51] 🔄 Identity rotated (every 10 requests)
[16:33:52] [228/458] VTCA
[16:33:53] [229/458] SBTM
[16:33:53] [230/458] SEET
[16:33:55] [231/458] SSTJ
[16:33:56] [232/458] SVNT
[16:33:56] [233/458] PPPR
[16:33:57] [234/458] PVYS
[16:33:59] [235/458] IOSE
[16:34:00] [236/458] ACTV
[16:34:01] [237/458] APVE
[16:34:01] 🔄 Identity reset
[16:34:01] 🔄 Identity rotated (every 10 requests)
[16:34:01] 🔄 Retry 1/5 for APVE in 2.3s
[16:34:01] 🔄 Identity reset
[16:34:03] 🧠 New identity created
[16:34:04] [238/458] TCCL
[16:34:05] [239/458] SCMO
[16:34:06] [240/458] SAUM
[16:34:07] [241/458] KCJS
[16:34:08] [242/458] NJCJ
[16:34:08] [243/458] NECF
[16:34:09] [244/458] CCGW
[16:34:10] [245/458] CCMG
[16:34:11] [246/458] NYRG
[16:34:11] 🔄 Identity reset
[16:34:11] 🔄 Identity rotated (every 10 requests)
[16:34:12] [247/458] NCSQ
[16:34:13] [248/458] GRCG
[16:34:14] [249/458] CCBT
[16:34:14] [250/458] ACGA
[16:34:15] [251/458] INAG
[16:34:16] [252/458] FUCG
[16:34:17] [253/458] AICF
[16:34:18] [254/458] GRGA
[16:34:19] [255/458] GDCN
[16:34:20] [256/458] RRCG
[16:34:20] 🔄 Identity reset
[16:34:20] 🔄 Identity rotated (every 10 requests)
[16:34:21] [257/458] SDCH
[16:34:22] [258/458] WVJM
[16:34:22] [259/458] JCCZ
[16:34:24] [260/458] CNCL
[16:34:24] [261/458] TMLV
[16:34:25] [262/458] MEMB
[16:34:27] [263/458] SGTD
[16:34:27] [264/458] CONX
[16:34:28] [265/458] CCMH
[16:34:29] [266/458] ACMC
[16:34:29] 🔄 Identity reset
[16:34:29] 🔄 Identity rotated (every 10 requests)
[16:34:30] [267/458] DTPD
[16:34:31] [268/458] POJA
[16:34:32] [269/458] FNBH
[16:34:33] [270/458] CGCB
[16:34:34] [271/458] RACN
[16:34:34] [272/458] JTSM
[16:34:35] [273/458] SCDN
[16:34:36] [274/458] AACK
[16:34:37] [275/458] RMCE
[16:34:39] [276/458] BSGB
[16:34:39] 🔄 Identity reset
[16:34:39] 🔄 Identity rotated (every 10 requests)
[16:34:40] [277/458] MRCB
[16:34:41] [278/458] SRVR
[16:34:42] [279/458] VTKK
[16:34:43] [280/458] AMST
[16:34:44] [281/458] APCY
[16:34:46] [282/458] LMHO
[16:34:47] [283/458] MTZH
[16:34:48] [284/458] AMZB
[16:34:48] [285/458] SUVT
[16:34:49] [286/458] RCIP
[16:34:49] 🔄 Identity reset
[16:34:49] 🔄 Identity rotated (every 10 requests)
[16:34:50] [287/458] KESR
[16:34:51] [288/458] SNKC
[16:34:52] [289/458] SCED
[16:34:52] [290/458] DVCA
[16:34:53] [291/458] VCDT
[16:34:54] [292/458] RRDI
[16:34:55] [293/458] DFCH
[16:34:56] [294/458] INSC
[16:34:58] [295/458] RGTR
[16:34:59] [296/458] FMOT
[16:34:59] 🔄 Identity reset
[16:34:59] 🔄 Identity rotated (every 10 requests)
[16:34:59] [297/458] SCPM
[16:35:00] [298/458] GCDT
[16:35:01] [299/458] BRKT
[16:35:02] [300/458] DEMP
[16:35:03] [301/458] SRLC
[16:35:04] [302/458] KSTT
[16:35:05] [303/458] SMMT
[16:35:06] [304/458] SILM
[16:35:07] [305/458] JCVM
[16:35:08] [306/458] KCSV
[16:35:08] 🔄 Identity reset
[16:35:08] 🔄 Identity rotated (every 10 requests)
[16:35:08] 🔄 Retry 1/5 for KCSV in 2.4s
[16:35:08] 🔄 Identity reset
[16:35:10] 🧠 New identity created
[16:35:11] [307/458] MHLK
[16:35:12] [308/458] SLVL
[16:35:13] [309/458] RJKP
[16:35:14] [310/458] BBPC
[16:35:15] [311/458] MXCB
[16:35:16] [312/458] TCPK
[16:35:16] [313/458] RTBR
[16:35:17] [314/458] GAUT
[16:35:18] [315/458] DVCF
[16:35:18] 🔄 Identity reset
[16:35:18] 🔄 Identity rotated (every 10 requests)
[16:35:19] [316/458] JTSB
[16:35:20] [317/458] SBLS
[16:35:22] [318/458] UDAY
[16:35:23] [319/458] PTNP
[16:35:23] [320/458] DMKT
[16:35:24] [321/458] NTDT
[16:35:25] [322/458] SHDJ
[16:35:26] [323/458] OTNC
[16:35:27] [324/458] RNTW
[16:35:27] [325/458] GCMI
[16:35:27] 🔄 Identity reset
[16:35:27] 🔄 Identity rotated (every 10 requests)
[16:35:28] [326/458] CRCM
[16:35:29] [327/458] NNCZ
[16:35:30] [328/458] OEMO
[16:35:32] [329/458] PVJM
[16:35:33] [330/458] CPJI
[16:35:33] [331/458] RMCJ
[16:35:34] [332/458] CNWJ
[16:35:35] [333/458] EPJM
[16:35:36] [334/458] FNJJ
[16:35:37] [335/458] GCMJ
[16:35:37] 🔄 Identity reset
[16:35:37] 🔄 Identity rotated (every 10 requests)
[16:35:38] [336/458] INPS
[16:35:39] [337/458] BICJ
[16:35:40] [338/458] ISTJ
[16:35:41] [339/458] INJC
[16:35:42] [340/458] GLXJ
[16:35:44] [341/458] INEM
[16:35:45] [342/458] JTMN
[16:35:45] [343/458] FRCJ
[16:35:46] [344/458] DDJP
[16:35:47] [345/458] INJV
[16:35:47] 🔄 Identity reset
[16:35:47] 🔄 Identity rotated (every 10 requests)
[16:35:48] [346/458] GOLC
[16:35:49] [347/458] KOCI
[16:35:49] [348/458] FSTD
[16:35:51] [349/458] PACJ
[16:35:52] [350/458] GMCN
[16:35:53] [351/458] MMDJ
[16:35:54] [352/458] GODH
[16:35:54] [353/458] SKYN
[16:35:55] [354/458] NCTH
[16:35:57] [355/458] SKVZ
[16:35:57] 🔄 Identity reset
[16:35:57] 🔄 Identity rotated (every 10 requests)
[16:35:57] [356/458] SVML
[16:35:58] [357/458] ACVZ
[16:36:00] [358/458] SURA
[16:36:01] [359/458] RTRB
[16:36:02] [360/458] LLCT
[16:36:02] [361/458] ATTS
[16:36:03] [362/458] JYCM
[16:36:04] [363/458] CTKR
[16:36:05] [364/458] LCKR
[16:36:06] [365/458] NYCV
[16:36:06] 🔄 Identity reset
[16:36:06] 🔄 Identity rotated (every 10 requests)
[16:36:06] 🔄 Retry 1/5 for NYCV in 2.2s
[16:36:06] 🔄 Identity reset
[16:36:08] 🧠 New identity created
[16:36:09] [366/458] NYOH
[16:36:10] [367/458] NOVX
[16:36:11] [368/458] MRGK
[16:36:12] [369/458] MOON
[16:36:13] [370/458] SBUC
[16:36:14] [371/458] GSVA
[16:36:15] [372/458] VIAK
[16:36:16] [373/458] SMVZ
[16:36:17] [374/458] MATE
[16:36:17] 🔄 Identity reset
[16:36:17] 🔄 Identity rotated (every 10 requests)
[16:36:18] [375/458] RDCN
[16:36:19] [376/458] ASBL
[16:36:20] [377/458] ASVS
[16:36:21] [378/458] ASSR
[16:36:22] [379/458] SSKN
[16:36:22] [380/458] DRPV
[16:36:23] [381/458] MRHT
[16:36:24] [382/458] BSCN
[16:36:25] [383/458] RKNX
[16:36:26] [384/458] MSMC
[16:36:26] 🔄 Identity reset
[16:36:26] 🔄 Identity rotated (every 10 requests)
[16:36:26] [385/458] MSCJ
[16:36:27] [386/458] BTBJ
[16:36:28] [387/458] MJCC
[16:36:29] [388/458] IOMM
[16:36:30] [389/458] ADGR
[16:36:31] [390/458] MYCP
[16:36:32] [391/458] IGCM
[16:36:32] [392/458] PGRK
[16:36:33] [393/458] VPGO
[16:36:34] [394/458] KOMS
[16:36:34] 🔄 Identity reset
[16:36:34] 🔄 Identity rotated (every 10 requests)
[16:36:35] [395/458] URGG
[16:36:36] [396/458] GOST
[16:36:37] [397/458] LACT
[16:36:38] [398/458] BWCM
[16:36:39] [399/458] NCCW
[16:36:40] [400/458] SKYC
[16:36:41] [401/458] CCPM
[16:36:42] [402/458] VCBT
[16:36:43] [403/458] SDKR
[16:36:43] [404/458] CTYB
[16:36:43] 🔄 Identity reset
[16:36:43] 🔄 Identity rotated (every 10 requests)
[16:36:45] [405/458] SHCX
[16:36:45] [406/458] RCUN
[16:36:46] [407/458] CNRA
[16:36:47] [408/458] RFCA
[16:36:48] [409/458] RDCU
[16:36:49] [410/458] SARK
[16:36:50] [411/458] SPPP
[16:36:51] [412/458] ADMB
[16:36:52] [413/458] JYOE
[16:36:52] [414/458] SRMD
[16:36:52] 🔄 Identity reset
[16:36:52] 🔄 Identity rotated (every 10 requests)
[16:36:53] [415/458] RJDH
[16:36:54] [416/458] SSTD
[16:36:55] [417/458] AACV
[16:36:56] [418/458] PPVD
[16:36:57] [419/458] STCP
[16:36:59] [420/458] ANLS
[16:37:00] [421/458] BIJO
[16:37:01] [422/458] AVAB
[16:37:02] [423/458] SPMD
[16:37:02] [424/458] SVJL
[16:37:02] 🔄 Identity reset
[16:37:02] 🔄 Identity rotated (every 10 requests)
[16:37:03] [425/458] SDDJ
[16:37:05] [426/458] SLTU
[16:37:06] [427/458] SAKA
[16:37:07] [428/458] PMAM
[16:37:08] [429/458] FNAM
[16:37:08] [430/458] ACAM
[16:37:09] [431/458] SCMM
[16:37:10] [432/458] PMAK
[16:37:11] [433/458] NYSA
[16:37:12] [434/458] FCPA
[16:37:12] 🔄 Identity reset
[16:37:12] 🔄 Identity rotated (every 10 requests)
[16:37:13] [435/458] GDAN
[16:37:14] [436/458] RSCA
[16:37:15] [437/458] DMAN
[16:37:16] [438/458] DZCM
[16:37:17] [439/458] NSGL
[16:37:18] [440/458] CCPP
[16:37:19] [441/458] PSMG
[16:37:20] [442/458] GSER
[16:37:21] [443/458] FCCT
[16:37:22] [444/458] FCTB
[16:37:22] 🔄 Identity reset
[16:37:22] 🔄 Identity rotated (every 10 requests)
[16:37:22] 🔄 Retry 1/5 for FCTB in 2.5s
[16:37:22] 🔄 Identity reset
[16:37:24] 🧠 New identity created
[16:37:25] [445/458] LCNK
[16:37:27] [446/458] SKTY
[16:37:28] [447/458] INAA
[16:37:29] [448/458] RCWN
[16:37:30] [449/458] VAIS
[16:37:31] [450/458] CVMN
[16:37:32] [451/458] INTS
[16:37:34] [452/458] FRGS
[16:37:34] [453/458] DTCK
[16:37:34] 🔄 Identity reset
[16:37:34] 🔄 Identity rotated (every 10 requests)
[16:37:35] [454/458] MCMH
[16:37:36] [455/458] ECRR
[16:37:37] [456/458] RLLP
[16:37:38] [457/458] CCSN
[16:37:39] [458/458] CCBA
[16:37:39] 🧹 Deduping shows
[16:37:39] ✅ DONE | Shows=3433 | Movies=61
