[16:30:21] 🚀 SCRIPT STARTED
[16:30:21] [1/456] FNDB
[16:30:21] 🧠 New identity created
[16:30:21] 🔄 Retry 1/5 for FNDB in 2.3s
[16:30:21] 🔄 Identity reset
[16:30:24] 🧠 New identity created
[16:30:25] [2/456] AMBH
[16:30:26] [3/456] PRHN
[16:30:27] [4/456] ACPM
[16:30:28] [5/456] PVFS
[16:30:29] [6/456] AACN
[16:30:30] [7/456] ACAS
[16:30:31] [8/456] CTNR
[16:30:32] [9/456] MMAH
[16:30:32] 🔄 Identity reset
[16:30:32] 🔄 Identity rotated (every 10 requests)
[16:30:33] [10/456] CPMH
[16:30:34] [11/456] IGMH
[16:30:35] [12/456] ABCS
[16:30:35] [13/456] CMMA
[16:30:36] [14/456] GPRH
[16:30:38] [15/456] PNNG
[16:30:39] [16/456] AMCA
[16:30:40] [17/456] ISTN
[16:30:42] [18/456] PIIC
[16:30:43] [19/456] AHMH
[16:30:43] 🔄 Identity reset
[16:30:43] 🔄 Identity rotated (every 10 requests)
[16:30:43] 🔄 Retry 1/5 for AHMH in 2.7s
[16:30:43] 🔄 Identity reset
[16:30:45] 🧠 New identity created
[16:30:46] 🔄 Retry 2/5 for AHMH in 4.1s
[16:30:46] 🔄 Identity reset
[16:30:50] 🧠 New identity created
[16:30:50] 🔄 Retry 3/5 for AHMH in 8.0s
[16:30:50] 🔄 Identity reset
[16:30:58] 🧠 New identity created
[16:30:58] 🔄 Retry 4/5 for AHMH in 16.3s
[16:30:58] 🔄 Identity reset
[16:31:14] 🧠 New identity created
[16:31:14] ❌ AHMH failed after 5 attempts
[16:31:14] 🔄 Identity reset
[16:31:14] ❌ AHMH final failure | RuntimeError | HTTP 403
[16:31:15] [20/456] ASHN
[16:31:15] 🧠 New identity created
[16:31:15] 🔄 Retry 1/5 for ASHN in 2.7s
[16:31:15] 🔄 Identity reset
[16:31:18] 🧠 New identity created
[16:31:18] 🔄 Retry 2/5 for ASHN in 4.5s
[16:31:18] 🔄 Identity reset
[16:31:22] 🧠 New identity created
[16:31:23] [21/456] INHY
[16:31:24] [22/456] SRMO
[16:31:25] [23/456] PIMH
[16:31:25] 🔄 Identity reset
[16:31:25] 🔄 Identity rotated (every 10 requests)
[16:31:26] [24/456] PVTS
[16:31:28] [25/456] MMCA
[16:31:29] [26/456] AKYJ
[16:31:29] [27/456] BRKH
[16:31:30] [28/456] MAHM
[16:31:31] [29/456] CPHY
[16:31:33] [30/456] PVTP
[16:31:34] [31/456] SMMR
[16:31:35] [32/456] PVHM
[16:31:36] [33/456] SNDY
[16:31:36] 🔄 Identity reset
[16:31:36] 🔄 Identity rotated (every 10 requests)
[16:31:36] 🔄 Retry 1/5 for SNDY in 2.2s
[16:31:36] 🔄 Identity reset
[16:31:39] 🧠 New identity created
[16:31:39] 🔄 Retry 2/5 for SNDY in 4.6s
[16:31:39] 🔄 Identity reset
[16:31:43] 🧠 New identity created
[16:31:44] [34/456] GOKU
[16:31:45] [35/456] ACEV
[16:31:46] [36/456] PVUM
[16:31:47] [37/456] VSWA
[16:31:48] [38/456] IPRS
[16:31:49] [39/456] BKMV
[16:31:50] [40/456] PVYH
[16:31:51] [41/456] INKM
[16:31:51] 🔄 Identity reset
[16:31:51] 🔄 Identity rotated (every 10 requests)
[16:31:52] [42/456] ARJU
[16:31:53] [43/456] JJPP
[16:31:54] [44/456] SSRM
[16:31:55] [45/456] HMHD
[16:31:56] [46/456] SNKH
[16:31:57] [47/456] ACHI
[16:31:58] [48/456] MRAA
[16:31:58] [49/456] INMH
[16:31:59] [50/456] ARMH
[16:32:00] [51/456] DVRR
[16:32:00] 🔄 Identity reset
[16:32:00] 🔄 Identity rotated (every 10 requests)
[16:32:02] [52/456] SUDA
[16:32:03] [53/456] MCSS
[16:32:04] [54/456] VRKC
[16:32:05] [55/456] PRCX
[16:32:06] [56/456] ASJY
[16:32:07] [57/456] MTHY
[16:32:08] [58/456] SRCM
[16:32:09] [59/456] TVHY
[16:32:10] [60/456] STHD
[16:32:11] [61/456] CPCL
[16:32:11] 🔄 Identity reset
[16:32:11] 🔄 Identity rotated (every 10 requests)
[16:32:11] 🔄 Retry 1/5 for CPCL in 2.9s
[16:32:11] 🔄 Identity reset
[16:32:14] 🧠 New identity created
[16:32:14] 🔄 Retry 2/5 for CPCL in 4.8s
[16:32:14] 🔄 Identity reset
[16:32:19] 🧠 New identity created
[16:32:19] 🔄 Retry 3/5 for CPCL in 8.6s
[16:32:19] 🔄 Identity reset
[16:32:28] 🧠 New identity created
[16:32:28] 🔄 Retry 4/5 for CPCL in 17.0s
[16:32:28] 🔄 Identity reset
[16:32:45] 🧠 New identity created
[16:32:46] [62/456] PSMJ
[16:32:47] [63/456] MRGT
[16:32:48] [64/456] ARYH
[16:32:49] [65/456] VTRB
[16:32:50] [66/456] SCHC
[16:32:51] [67/456] MRRG
[16:32:51] 🔄 Identity reset
[16:32:51] 🔄 Identity rotated (every 10 requests)
[16:32:51] [68/456] SPCB
[16:32:52] [69/456] AMCM
[16:32:53] [70/456] IVNM
[16:32:54] [71/456] TRHY
[16:32:55] [72/456] PTTH
[16:32:56] [73/456] RKMH
[16:32:57] [74/456] PRCS
[16:32:58] [75/456] VAJA
[16:32:59] [76/456] BJNG
[16:33:00] [77/456] SCVM
[16:33:00] 🔄 Identity reset
[16:33:00] 🔄 Identity rotated (every 10 requests)
[16:33:01] [78/456] GNHB
[16:33:02] [79/456] TLUR
[16:33:03] [80/456] UKCC
[16:33:04] [81/456] SRKR
[16:33:05] [82/456] RMKN
[16:33:06] [83/456] SLRT
[16:33:07] [84/456] LKMT
[16:33:08] [85/456] SSRJ
[16:33:09] [86/456] SPHT
[16:33:10] [87/456] ANTT
[16:33:10] 🔄 Identity reset
[16:33:10] 🔄 Identity rotated (every 10 requests)
[16:33:10] [88/456] SRCH
[16:33:11] [89/456] SRCA
[16:33:12] [90/456] ARTH
[16:33:13] [91/456] MCBH
[16:33:15] [92/456] SNIB
[16:33:16] [93/456] SART
[16:33:16] [94/456] SKTA
[16:33:17] [95/456] YAKT
[16:33:18] [96/456] MLCK
[16:33:19] [97/456] ANTS
[16:33:19] 🔄 Identity reset
[16:33:19] 🔄 Identity rotated (every 10 requests)
[16:33:20] [98/456] DGCA
[16:33:21] [99/456] SGMP
[16:33:22] [100/456] ASWN
[16:33:23] [101/456] KFVU
[16:33:24] [102/456] POOR
[16:33:25] [103/456] GKDN
[16:33:26] [104/456] EOSE
[16:33:27] [105/456] GTTT
[16:33:28] [106/456] ARRO
[16:33:29] [107/456] CMMK
[16:33:29] 🔄 Identity reset
[16:33:29] 🔄 Identity rotated (every 10 requests)
[16:33:30] [108/456] MSCN
[16:33:31] [109/456] GDKH
[16:33:32] [110/456] DLMT
[16:33:33] [111/456] PVMF
[16:33:34] [112/456] CPCK
[16:33:35] [113/456] VMHE
[16:33:35] [114/456] PVLC
[16:33:36] [115/456] PCVB
[16:33:37] [116/456] SNYK
[16:33:38] [117/456] KTEK
[16:33:38] 🔄 Identity reset
[16:33:38] 🔄 Identity rotated (every 10 requests)
[16:33:40] [118/456] PCNM
[16:33:41] [119/456] NTTR
[16:33:41] [120/456] CPSK
[16:33:42] [121/456] JMMA
[16:33:43] [122/456] GCFK
[16:33:44] [123/456] MYCA
[16:33:46] [124/456] KSNP
[16:33:46] [125/456] PMCE
[16:33:47] [126/456] SCKI
[16:33:48] [127/456] FSMA
[16:33:48] 🔄 Identity reset
[16:33:48] 🔄 Identity rotated (every 10 requests)
[16:33:49] [128/456] CETA
[16:33:50] [129/456] MCIK
[16:33:51] [130/456] MYCR
[16:33:52] [131/456] EVMP
[16:33:53] [132/456] SSGT
[16:33:53] [133/456] KCTK
[16:33:54] [134/456] ZTKC
[16:33:55] [135/456] MMTA
[16:33:56] [136/456] MAJT
[16:33:57] [137/456] ACPK
[16:33:57] 🔄 Identity reset
[16:33:57] 🔄 Identity rotated (every 10 requests)
[16:33:58] [138/456] JMAX
[16:33:59] [139/456] SETK
[16:34:00] [140/456] CAIS
[16:34:01] [141/456] AGCD
[16:34:01] [142/456] URCL
[16:34:02] [143/456] VTDS
[16:34:03] [144/456] JCNM
[16:34:04] [145/456] KCAM
[16:34:05] [146/456] ADCU
[16:34:06] [147/456] GXYN
[16:34:06] 🔄 Identity reset
[16:34:06] 🔄 Identity rotated (every 10 requests)
[16:34:07] [148/456] SMJG
[16:34:08] [149/456] EYCJ
[16:34:09] [150/456] CCEJ
[16:34:10] [151/456] MARS
[16:34:11] [152/456] CPVJ
[16:34:12] [153/456] INVP
[16:34:14] [154/456] CPOV
[16:34:14] [155/456] VIJK
[16:34:15] [156/456] LAIM
[16:34:16] [157/456] STHV
[16:34:16] 🔄 Identity reset
[16:34:16] 🔄 Identity rotated (every 10 requests)
[16:34:17] [158/456] SVLJ
[16:34:18] [159/456] ATVJ
[16:34:19] [160/456] JTSC
[16:34:20] [161/456] RMTV
[16:34:21] [162/456] MGGG
[16:34:22] [163/456] SWTH
[16:34:23] [164/456] INVJ
[16:34:24] [165/456] PRSV
[16:34:26] [166/456] JATV
[16:34:26] [167/456] RCVD
[16:34:26] 🔄 Identity reset
[16:34:26] 🔄 Identity rotated (every 10 requests)
[16:34:27] [168/456] BDMA
[16:34:28] [169/456] BLJI
[16:34:29] [170/456] SWOT
[16:34:30] [171/456] SWRN
[16:34:31] [172/456] TVRA
[16:34:32] [173/456] NVRN
[16:34:33] [174/456] SIKC
[16:34:34] [175/456] VAKR
[16:34:35] [176/456] SYLN
[16:34:36] [177/456] KLJL
[16:34:36] 🔄 Identity reset
[16:34:36] 🔄 Identity rotated (every 10 requests)
[16:34:36] 🔄 Retry 1/5 for KLJL in 2.5s
[16:34:36] 🔄 Identity reset
[16:34:38] 🧠 New identity created
[16:34:38] 🔄 Retry 2/5 for KLJL in 4.0s
[16:34:38] 🔄 Identity reset
[16:34:42] 🧠 New identity created
[16:34:42] 🔄 Retry 3/5 for KLJL in 8.7s
[16:34:42] 🔄 Identity reset
[16:34:51] 🧠 New identity created
[16:34:51] 🔄 Retry 4/5 for KLJL in 16.4s
[16:34:51] 🔄 Identity reset
[16:35:08] 🧠 New identity created
[16:35:08] [178/456] LKMY
[16:35:09] [179/456] VSLY
[16:35:10] [180/456] CIKO
[16:35:11] [181/456] GPBG
[16:35:12] [182/456] CECM
[16:35:13] [183/456] SLKB
[16:35:13] 🔄 Identity reset
[16:35:13] 🔄 Identity rotated (every 10 requests)
[16:35:14] [184/456] MTBO
[16:35:16] [185/456] SSHB
[16:35:17] [186/456] VPCS
[16:35:17] [187/456] RCSR
[16:35:18] [188/456] RJRM
[16:35:19] [189/456] KPPB
[16:35:20] [190/456] SEDC
[16:35:21] [191/456] SCAI
[16:35:23] [192/456] RMTR
[16:35:24] [193/456] ASST
[16:35:24] 🔄 Identity reset
[16:35:24] 🔄 Identity rotated (every 10 requests)
[16:35:24] 🔄 Retry 1/5 for ASST in 2.7s
[16:35:24] 🔄 Identity reset
[16:35:26] 🧠 New identity created
[16:35:27] [194/456] GCAK
[16:35:28] [195/456] ANNK
[16:35:29] [196/456] KDDF
[16:35:30] [197/456] NRDP
[16:35:31] [198/456] PLAK
[16:35:32] [199/456] GCMC
[16:35:33] [200/456] ALPY
[16:35:34] [201/456] SICE
[16:35:35] [202/456] SISR
[16:35:35] 🔄 Identity reset
[16:35:35] 🔄 Identity rotated (every 10 requests)
[16:35:36] [203/456] SRPZ
[16:35:37] [204/456] SRSW
[16:35:38] [205/456] SUYA
[16:35:39] [206/456] AMMT
[16:35:40] [207/456] BHCU
[16:35:41] [208/456] KLPA
[16:35:41] [209/456] NVKH
[16:35:42] [210/456] JMRC
[16:35:43] [211/456] KTTT
[16:35:44] [212/456] MAGH
[16:35:44] 🔄 Identity reset
[16:35:44] 🔄 Identity rotated (every 10 requests)
[16:35:46] [213/456] MMMX
[16:35:46] [214/456] SALJ
[16:35:47] [215/456] GTJA
[16:35:48] [216/456] MAHT
[16:35:49] [217/456] SSNN
[16:35:50] [218/456] ARRP
[16:35:51] [219/456] ATNS
[16:35:52] [220/456] SKDT
[16:35:53] [221/456] ACAT
[16:35:54] [222/456] APRC
[16:35:54] 🔄 Identity reset
[16:35:54] 🔄 Identity rotated (every 10 requests)
[16:35:55] [223/456] SWAG
[16:35:56] [224/456] SDPT
[16:35:57] [225/456] STPS
[16:35:58] [226/456] WWCZ
[16:35:59] [227/456] LLCH
[16:36:00] [228/456] MZHA
[16:36:01] [229/456] CRJG
[16:36:02] [230/456] JGTK
[16:36:04] [231/456] KCSR
[16:36:05] [232/456] CHTL
[16:36:05] 🔄 Identity reset
[16:36:05] 🔄 Identity rotated (every 10 requests)
[16:36:06] [233/456] EDSR
[16:36:07] [234/456] CSWO
[16:36:08] [235/456] CPVM
[16:36:09] [236/456] MXBY
[16:36:10] [237/456] FMMA
[16:36:11] [238/456] POVI
[16:36:12] [239/456] MTHB
[16:36:12] [240/456] INRC
[16:36:13] [241/456] PIPP
[16:36:14] [242/456] BMXC
[16:36:14] 🔄 Identity reset
[16:36:14] 🔄 Identity rotated (every 10 requests)
[16:36:15] [243/456] PCMM
[16:36:16] [244/456] PMKM
[16:36:17] [245/456] GATY
[16:36:18] [246/456] IMCM
[16:36:19] [247/456] POPE
[16:36:20] [248/456] MTCR
[16:36:21] [249/456] PVAE
[16:36:22] [250/456] PVMI
[16:36:23] [251/456] CPNM
[16:36:23] [252/456] FMRL
[16:36:23] 🔄 Identity reset
[16:36:23] 🔄 Identity rotated (every 10 requests)
[16:36:25] [253/456] MCIW
[16:36:26] [254/456] MXBO
[16:36:27] [255/456] FMKY
[16:36:28] [256/456] FMDA
[16:36:29] [257/456] THAB
[16:36:30] [258/456] PRCW
[16:36:31] [259/456] PITI
[16:36:32] [260/456] MCFF
[16:36:33] [261/456] PDDV
[16:36:34] [262/456] MCRM
[16:36:34] 🔄 Identity reset
[16:36:34] 🔄 Identity rotated (every 10 requests)
[16:36:35] [263/456] KKMB
[16:36:36] [264/456] INKO
[16:36:37] [265/456] PLXP
[16:36:38] [266/456] MMHA
[16:36:38] [267/456] FMVS
[16:36:39] [268/456] POLM
[16:36:40] [269/456] STER
[16:36:41] [270/456] PVWJ
[16:36:42] [271/456] IMJW
[16:36:43] [272/456] FNAN
[16:36:43] 🔄 Identity reset
[16:36:43] 🔄 Identity rotated (every 10 requests)
[16:36:44] [273/456] CAGL
[16:36:45] [274/456] IPBG
[16:36:46] [275/456] SMFV
[16:36:47] [276/456] MMMR
[16:36:48] [277/456] MMWM
[16:36:49] [278/456] FNCM
[16:36:50] [279/456] MDVA
[16:36:51] [280/456] MMET
[16:36:52] [281/456] MIDO
[16:36:53] [282/456] INNP
[16:36:53] 🔄 Identity reset
[16:36:53] 🔄 Identity rotated (every 10 requests)
[16:36:54] [283/456] MIFU
[16:36:55] [284/456] MMSZ
[16:36:55] [285/456] BMXA
[16:36:56] [286/456] MCAA
[16:36:57] [287/456] SCVP
[16:36:58] [288/456] PLUS
[16:36:59] [289/456] MUCK
[16:37:00] [290/456] MTMA
[16:37:01] [291/456] HPVR
[16:37:02] [292/456] PMPK
[16:37:02] 🔄 Identity reset
[16:37:02] 🔄 Identity rotated (every 10 requests)
[16:37:03] [293/456] MAJB
[16:37:04] [294/456] CTRR
[16:37:05] [295/456] MCTG
[16:37:06] [296/456] MACE
[16:37:07] [297/456] AAAS
[16:37:08] [298/456] CPVV
[16:37:09] [299/456] RCHG
[16:37:10] [300/456] MCNE
[16:37:11] [301/456] EMNC
[16:37:12] [302/456] MCAN
[16:37:12] 🔄 Identity reset
[16:37:12] 🔄 Identity rotated (every 10 requests)
[16:37:13] [303/456] TCDM
[16:37:14] [304/456] IRGT
[16:37:15] [305/456] GCMG
[16:37:16] [306/456] MXSN
[16:37:17] [307/456] MXCK
[16:37:18] [308/456] MCRC
[16:37:18] [309/456] RSMI
[16:37:19] [310/456] WAML
[16:37:20] [311/456] MTSC
[16:37:21] [312/456] FMDR
[16:37:21] 🔄 Identity reset
[16:37:21] 🔄 Identity rotated (every 10 requests)
[16:37:22] [313/456] LEPV
[16:37:24] [314/456] MTGD
[16:37:25] [315/456] IMOB
[16:37:26] [316/456] CLMM
[16:37:27] [317/456] PZCD
[16:37:28] [318/456] GOCS
[16:37:29] [319/456] KCMA
[16:37:30] [320/456] CCMP
[16:37:31] [321/456] MTSU
[16:37:31] [322/456] SNGL
[16:37:31] 🔄 Identity reset
[16:37:31] 🔄 Identity rotated (every 10 requests)
[16:37:32] [323/456] MMMC
[16:37:34] [324/456] MMAA
[16:37:35] [325/456] GCDM
[16:37:36] [326/456] KTMV
[16:37:37] [327/456] AETE
[16:37:38] [328/456] OMCS
[16:37:39] [329/456] GDCD
[16:37:40] [330/456] NYMD
[16:37:41] [331/456] RNCV
[16:37:42] [332/456] KKMT
[16:37:42] 🔄 Identity reset
[16:37:42] 🔄 Identity rotated (every 10 requests)
[16:37:42] 🔄 Retry 1/5 for KKMT in 2.8s
[16:37:42] 🔄 Identity reset
[16:37:45] 🧠 New identity created
[16:37:45] 🔄 Retry 2/5 for KKMT in 4.4s
[16:37:45] 🔄 Identity reset
[16:37:49] 🧠 New identity created
[16:37:50] [333/456] GDTH
[16:37:51] [334/456] KMMV
[16:37:53] [335/456] NHCG
[16:37:53] [336/456] PJDW
[16:37:54] [337/456] MMCV
[16:37:55] [338/456] FQSA
[16:37:56] [339/456] KURL
[16:37:57] [340/456] NNNX
[16:37:57] 🔄 Identity reset
[16:37:57] 🔄 Identity rotated (every 10 requests)
[16:37:58] [341/456] AMAU
[16:37:59] [342/456] VVVM
[16:37:59] [343/456] VECU
[16:38:00] [344/456] WCVR
[16:38:01] [345/456] MTGG
[16:38:02] [346/456] SGTG
[16:38:03] [347/456] MNTG
[16:38:04] [348/456] JDDG
[16:38:05] [349/456] MBTK
[16:38:06] [350/456] SGCD
[16:38:06] 🔄 Identity reset
[16:38:06] 🔄 Identity rotated (every 10 requests)
[16:38:06] 🔄 Retry 1/5 for SGCD in 2.3s
[16:38:06] 🔄 Identity reset
[16:38:08] 🧠 New identity created
[16:38:09] [351/456] MCTC
[16:38:10] [352/456] JTPC
[16:38:11] [353/456] SDKT
[16:38:12] [354/456] KRCC
[16:38:13] [355/456] RMMD
[16:38:14] [356/456] AAME
[16:38:15] [357/456] TMWC
[16:38:16] [358/456] NRWY
[16:38:17] [359/456] CITD
[16:38:17] 🔄 Identity reset
[16:38:17] 🔄 Identity rotated (every 10 requests)
[16:38:17] [360/456] VERD
[16:38:18] [361/456] MKSK
[16:38:19] [362/456] STSM
[16:38:21] [363/456] MJDG
[16:38:22] [364/456] RKPM
[16:38:23] [365/456] SSCE
[16:38:24] [366/456] VMAE
[16:38:24] [367/456] SBRU
[16:38:25] [368/456] AMBC
[16:38:27] [369/456] AMLU
[16:38:27] 🔄 Identity reset
[16:38:27] 🔄 Identity rotated (every 10 requests)
[16:38:28] [370/456] INVZ
[16:38:29] [371/456] LGTV
[16:38:30] [372/456] SVAD
[16:38:31] [373/456] SMSA
[16:38:32] [374/456] SPCZ
[16:38:33] [375/456] GTCX
[16:38:34] [376/456] SCSL
[16:38:35] [377/456] SAHU
[16:38:36] [378/456] NCDA
[16:38:37] [379/456] SCCG
[16:38:37] 🔄 Identity reset
[16:38:37] 🔄 Identity rotated (every 10 requests)
[16:38:38] [380/456] VKTL
[16:38:39] [381/456] PUUJ
[16:38:41] [382/456] STEJ
[16:38:42] [383/456] RJAL
[16:38:42] [384/456] ACJC
[16:38:43] [385/456] ARVB
[16:38:44] [386/456] AUBB
[16:38:45] [387/456] GDBR
[16:38:46] [388/456] PVND
[16:38:47] [389/456] BGRJ
[16:38:47] 🔄 Identity reset
[16:38:47] 🔄 Identity rotated (every 10 requests)
[16:38:48] [390/456] RJMM
[16:38:49] [391/456] MCSA
[16:38:49] [392/456] BODA
[16:38:50] [393/456] JAGG
[16:38:51] [394/456] SCGA
[16:38:52] [395/456] LRCM
[16:38:53] [396/456] CPCN
[16:38:54] [397/456] SSTF
[16:38:55] [398/456] SRXP
[16:38:56] [399/456] CNFX
[16:38:56] 🔄 Identity reset
[16:38:56] 🔄 Identity rotated (every 10 requests)
[16:38:57] [400/456] ANDI
[16:38:59] [401/456] SYEW
[16:39:00] [402/456] RCRE
[16:39:01] [403/456] SCRW
[16:39:02] [404/456] MBKR
[16:39:03] [405/456] ASNT
[16:39:03] [406/456] JTMT
[16:39:04] [407/456] SHAY
[16:39:05] [408/456] VRTH
[16:39:06] [409/456] SPTI
[16:39:06] 🔄 Identity reset
[16:39:06] 🔄 Identity rotated (every 10 requests)
[16:39:07] [410/456] DPTD
[16:39:08] [411/456] TGSN
[16:39:09] [412/456] RCWV
[16:39:10] [413/456] OCUR
[16:39:11] [414/456] KSTC
[16:39:12] [415/456] SANI
[16:39:13] [416/456] MLCA
[16:39:15] [417/456] EGCA
[16:39:16] [418/456] SYSN
[16:39:17] [419/456] PKTA
[16:39:17] 🔄 Identity reset
[16:39:17] 🔄 Identity rotated (every 10 requests)
[16:39:18] [420/456] PRCC
[16:39:19] [421/456] KSTR
[16:39:20] [422/456] SNTP
[16:39:21] [423/456] RCHA
[16:39:22] [424/456] SEEA
[16:39:23] [425/456] ALAT
[16:39:23] [426/456] AATV
[16:39:24] [427/456] RJTE
[16:39:25] [428/456] AAPP
[16:39:26] [429/456] PMMH
[16:39:26] 🔄 Identity reset
[16:39:26] 🔄 Identity rotated (every 10 requests)
[16:39:27] [430/456] INRJ
[16:39:28] [431/456] SARB
[16:39:29] [432/456] PCJL
[16:39:30] [433/456] PFJJ
[16:39:31] [434/456] GRDC
[16:39:32] [435/456] BCBA
[16:39:33] [436/456] VIXL
[16:39:34] [437/456] CSTL
[16:39:35] [438/456] MTDK
[16:39:36] [439/456] TDAC
[16:39:36] 🔄 Identity reset
[16:39:36] 🔄 Identity rotated (every 10 requests)
[16:39:37] [440/456] GTDN
[16:39:38] [441/456] TTDE
[16:39:39] [442/456] ASTS
[16:39:40] [443/456] CPNS
[16:39:41] [444/456] PVVW
[16:39:42] [445/456] USEB
[16:39:43] [446/456] DTYN
[16:39:44] [447/456] PVLE
[16:39:45] [448/456] CIPS
[16:39:46] [449/456] PAEG
[16:39:46] 🔄 Identity reset
[16:39:46] 🔄 Identity rotated (every 10 requests)
[16:39:46] 🔄 Retry 1/5 for PAEG in 2.5s
[16:39:46] 🔄 Identity reset
[16:39:49] 🧠 New identity created
[16:39:49] [450/456] PTCW
[16:39:50] [451/456] G3SR
[16:39:52] [452/456] PGND
[16:39:53] [453/456] INVM
[16:39:54] [454/456] SPIA
[16:39:55] [455/456] PCSN
[16:39:56] [456/456] PPGV
[16:39:57] 🧹 Deduping shows
[16:39:57] ✅ DONE | Shows=5307 | Movies=84
