[16:30:19] 🚀 SCRIPT STARTED
[16:30:19] [1/455] MXGN
[16:30:19] 🧠 New identity created
[16:30:20] [2/455] PGGM
[16:30:22] [3/455] IPMJ
[16:30:23] [4/455] M2PP
[16:30:23] [5/455] PMMS
[16:30:24] [6/455] SCJN
[16:30:25] [7/455] CPUM
[16:30:26] [8/455] SCND
[16:30:27] [9/455] INWM
[16:30:28] [10/455] DVDC
[16:30:28] 🔄 Identity reset
[16:30:28] 🔄 Identity rotated (every 10 requests)
[16:30:29] [11/455] WVND
[16:30:30] [12/455] LBDL
[16:30:31] [13/455] CRGM
[16:30:31] [14/455] PVKS
[16:30:33] [15/455] PBLL
[16:30:34] [16/455] FNLN
[16:30:35] [17/455] PPDA
[16:30:36] [18/455] SCPT
[16:30:37] [19/455] IAJS
[16:30:38] [20/455] MMZG
[16:30:38] 🔄 Identity reset
[16:30:38] 🔄 Identity rotated (every 10 requests)
[16:30:39] [21/455] MCTI
[16:30:40] [22/455] PPMF
[16:30:41] [23/455] FNSD
[16:30:42] [24/455] M2RH
[16:30:43] [25/455] CPGV
[16:30:44] [26/455] PECD
[16:30:45] [27/455] CTEE
[16:30:46] [28/455] IOMG
[16:30:47] [29/455] CIJA
[16:30:48] [30/455] NYCG
[16:30:48] 🔄 Identity reset
[16:30:48] 🔄 Identity rotated (every 10 requests)
[16:30:50] [31/455] CEST
[16:30:51] [32/455] WVRG
[16:30:51] [33/455] DPDC
[16:30:53] [34/455] PDIV
[16:30:53] [35/455] MTPP
[16:30:54] [36/455] MHNU
[16:30:56] [37/455] WUPG
[16:30:57] [38/455] USCO
[16:30:58] [39/455] INFR
[16:30:59] [40/455] PVPD
[16:30:59] 🔄 Identity reset
[16:30:59] 🔄 Identity rotated (every 10 requests)
[16:31:00] [41/455] RONC
[16:31:01] [42/455] IOCP
[16:31:02] [43/455] EMPS
[16:31:03] [44/455] PNAD
[16:31:04] [45/455] VVGZ
[16:31:05] [46/455] MDDC
[16:31:06] [47/455] MMAP
[16:31:06] [48/455] GPDC
[16:31:07] [49/455] PVPU
[16:31:08] [50/455] DCMV
[16:31:08] 🔄 Identity reset
[16:31:08] 🔄 Identity rotated (every 10 requests)
[16:31:10] [51/455] PCCF
[16:31:11] [52/455] MCEF
[16:31:12] [53/455] INRD
[16:31:13] [54/455] CCPZ
[16:31:15] [55/455] BCWG
[16:31:16] [56/455] PMGU
[16:31:17] [57/455] MCVM
[16:31:18] [58/455] MCDE
[16:31:19] [59/455] IEFM
[16:31:20] [60/455] MXCS
[16:31:20] 🔄 Identity reset
[16:31:20] 🔄 Identity rotated (every 10 requests)
[16:31:21] [61/455] RNMT
[16:31:23] [62/455] PSDD
[16:31:25] [63/455] PETA
[16:31:26] [64/455] IZOP
[16:31:28] [65/455] PDEI
[16:31:29] [66/455] MTND
[16:31:30] [67/455] PCPL
[16:31:31] [68/455] LSCM
[16:31:32] [69/455] BTFD
[16:31:33] [70/455] MERM
[16:31:33] 🔄 Identity reset
[16:31:33] 🔄 Identity rotated (every 10 requests)
[16:31:33] 🔄 Retry 1/5 for MERM in 2.5s
[16:31:33] 🔄 Identity reset
[16:31:35] 🧠 New identity created
[16:31:36] [71/455] PVMS
[16:31:37] [72/455] CIGK
[16:31:38] [73/455] INSG
[16:31:39] [74/455] IDEN
[16:31:40] [75/455] MCGN
[16:31:41] [76/455] IGAM
[16:31:42] [77/455] SLCU
[16:31:42] [78/455] MIMU
[16:31:44] [79/455] QLAC
[16:31:44] 🔄 Identity reset
[16:31:44] 🔄 Identity rotated (every 10 requests)
[16:31:45] [80/455] MENL
[16:31:46] [81/455] SCUR
[16:31:47] [82/455] MDGD
[16:31:48] [83/455] LSRS
[16:31:50] [84/455] KMLG
[16:31:51] [85/455] MKLJ
[16:31:52] [86/455] IBYG
[16:31:53] [87/455] ISML
[16:31:54] [88/455] MJMM
[16:31:55] [89/455] RCGD
[16:31:55] 🔄 Identity reset
[16:31:55] 🔄 Identity rotated (every 10 requests)
[16:31:56] [90/455] MMOC
[16:31:58] [91/455] RRCO
[16:31:59] [92/455] MEDM
[16:32:00] [93/455] MCAZ
[16:32:00] [94/455] STWA
[16:32:01] [95/455] PFFG
[16:32:03] [96/455] GAGC
[16:32:04] [97/455] PMPM
[16:32:05] [98/455] HVCD
[16:32:06] [99/455] AKRF
[16:32:06] 🔄 Identity reset
[16:32:06] 🔄 Identity rotated (every 10 requests)
[16:32:07] [100/455] AKRC
[16:32:07] [101/455] MIDA
[16:32:09] [102/455] MAGX
[16:32:10] [103/455] ESOS
[16:32:11] [104/455] BBCL
[16:32:12] [105/455] LYAS
[16:32:13] [106/455] NRMS
[16:32:14] [107/455] BHUC
[16:32:15] [108/455] SRIC
[16:32:16] [109/455] PDME
[16:32:16] 🔄 Identity reset
[16:32:16] 🔄 Identity rotated (every 10 requests)
[16:32:16] 🔄 Retry 1/5 for PDME in 2.2s
[16:32:16] 🔄 Identity reset
[16:32:18] 🧠 New identity created
[16:32:19] [110/455] MJCS
[16:32:20] [111/455] NRAA
[16:32:21] [112/455] VATA
[16:32:22] [113/455] MNKC
[16:32:23] [114/455] DHCL
[16:32:24] [115/455] JCPC
[16:32:25] [116/455] CTML
[16:32:26] [117/455] RMMR
[16:32:27] [118/455] STTL
[16:32:27] 🔄 Identity reset
[16:32:27] 🔄 Identity rotated (every 10 requests)
[16:32:29] [119/455] CNPS
[16:32:29] [120/455] ACKL
[16:32:31] [121/455] SCAU
[16:32:32] [122/455] RMIA
[16:32:33] [123/455] MANU
[16:32:34] [124/455] ARDC
[16:32:35] [125/455] GLDA
[16:32:36] [126/455] KVSW
[16:32:37] [127/455] CGCA
[16:32:38] [128/455] CMLO
[16:32:38] 🔄 Identity reset
[16:32:38] 🔄 Identity rotated (every 10 requests)
[16:32:39] [129/455] CECB
[16:32:40] [130/455] RCPN
[16:32:41] [131/455] ASMW
[16:32:42] [132/455] PWLM
[16:32:43] [133/455] ASGM
[16:32:44] [134/455] ACWH
[16:32:45] [135/455] AAPW
[16:32:45] [136/455] RTWA
[16:32:46] [137/455] RAMW
[16:32:47] [138/455] VKTR
[16:32:47] 🔄 Identity reset
[16:32:47] 🔄 Identity rotated (every 10 requests)
[16:32:47] 🔄 Retry 1/5 for VKTR in 2.6s
[16:32:47] 🔄 Identity reset
[16:32:50] 🧠 New identity created
[16:32:51] [139/455] SMBH
[16:32:52] [140/455] BVDR
[16:32:53] [141/455] MRTP
[16:32:54] [142/455] BLBR
[16:32:56] [143/455] LPIN
[16:32:56] [144/455] SNPC
[16:32:57] [145/455] PDCB
[16:32:58] [146/455] DYPK
[16:32:59] [147/455] INMK
[16:32:59] 🔄 Identity reset
[16:32:59] 🔄 Identity rotated (every 10 requests)
[16:32:59] 🔄 Retry 1/5 for INMK in 2.3s
[16:32:59] 🔄 Identity reset
[16:33:02] 🧠 New identity created
[16:33:03] [148/455] PDCK
[16:33:04] [149/455] PCKR
[16:33:05] [150/455] SHUA
[16:33:06] [151/455] SCVK
[16:33:07] [152/455] STPA
[16:33:08] [153/455] WVHD
[16:33:09] [154/455] MRCH
[16:33:10] [155/455] MCNP
[16:33:11] [156/455] RCAG
[16:33:11] 🔄 Identity reset
[16:33:11] 🔄 Identity rotated (every 10 requests)
[16:33:12] [157/455] JTSN
[16:33:13] [158/455] AANS
[16:33:14] [159/455] GDDR
[16:33:15] [160/455] SRER
[16:33:16] [161/455] JKMA
[16:33:16] [162/455] ARAN
[16:33:17] [163/455] ALCT
[16:33:19] [164/455] CCTA
[16:33:20] [165/455] CNCT
[16:33:21] [166/455] NZBL
[16:33:21] 🔄 Identity reset
[16:33:21] 🔄 Identity rotated (every 10 requests)
[16:33:22] [167/455] SRRA
[16:33:24] [168/455] SVPW
[16:33:25] [169/455] SRTW
[16:33:26] [170/455] XMTD
[16:33:26] [171/455] SCCZ
[16:33:27] [172/455] PBCR
[16:33:28] [173/455] RTSC
[16:33:29] [174/455] TLSV
[16:33:30] [175/455] RMTK
[16:33:31] [176/455] SRAT
[16:33:31] 🔄 Identity reset
[16:33:31] 🔄 Identity rotated (every 10 requests)
[16:33:32] [177/455] GCYC
[16:33:33] [178/455] HCAJ
[16:33:34] [179/455] LCXA
[16:33:35] [180/455] BINT
[16:33:36] [181/455] IXIM
[16:33:37] [182/455] MBCR
[16:33:38] [183/455] BMCJ
[16:33:39] [184/455] NICJ
[16:33:40] [185/455] SCAJ
[16:33:41] [186/455] CMXS
[16:33:41] 🔄 Identity reset
[16:33:41] 🔄 Identity rotated (every 10 requests)
[16:33:41] 🔄 Retry 1/5 for CMXS in 2.6s
[16:33:41] 🔄 Identity reset
[16:33:43] 🧠 New identity created
[16:33:44] [187/455] MMSR
[16:33:46] [188/455] PRKT
[16:33:47] [189/455] LPTH
[16:33:48] [190/455] SARP
[16:33:49] [191/455] MNPP
[16:33:50] [192/455] PRLR
[16:33:51] [193/455] RCMW
[16:33:52] [194/455] FCMG
[16:33:52] [195/455] RTNK
[16:33:52] 🔄 Identity reset
[16:33:52] 🔄 Identity rotated (every 10 requests)
[16:33:53] [196/455] LRCP
[16:33:54] [197/455] DBJR
[16:33:55] [198/455] CACN
[16:33:56] [199/455] AMRL
[16:33:57] [200/455] SBBC
[16:33:58] [201/455] VENN
[16:33:59] [202/455] STSS
[16:34:00] [203/455] SMRB
[16:34:01] [204/455] CCMX
[16:34:02] [205/455] KCMR
[16:34:02] 🔄 Identity reset
[16:34:02] 🔄 Identity rotated (every 10 requests)
[16:34:03] [206/455] SALH
[16:34:03] [207/455] CGTT
[16:34:04] [208/455] PMDR
[16:34:05] [209/455] VCPM
[16:34:06] [210/455] RZMX
[16:34:07] [211/455] TMSY
[16:34:08] [212/455] NTMS
[16:34:09] [213/455] VTAG
[16:34:10] [214/455] REMA
[16:34:11] [215/455] NXCC
[16:34:11] 🔄 Identity reset
[16:34:11] 🔄 Identity rotated (every 10 requests)
[16:34:12] [216/455] SKYM
[16:34:13] [217/455] CCMO
[16:34:14] [218/455] DMXM
[16:34:15] [219/455] SPPM
[16:34:16] [220/455] PTKL
[16:34:17] [221/455] SLVO
[16:34:17] [222/455] VASL
[16:34:18] [223/455] CBCM
[16:34:19] [224/455] STMA
[16:34:20] [225/455] LASK
[16:34:20] 🔄 Identity reset
[16:34:20] 🔄 Identity rotated (every 10 requests)
[16:34:22] [226/455] VITE
[16:34:23] [227/455] AAST
[16:34:24] [228/455] JTPT
[16:34:25] [229/455] RRSH
[16:34:27] [230/455] CINL
[16:34:29] [231/455] MCSR
[16:34:30] [232/455] SBCF
[16:34:31] [233/455] GCDU
[16:34:31] [234/455] PSPR
[16:34:33] [235/455] IMMO
[16:34:33] 🔄 Identity reset
[16:34:33] 🔄 Identity rotated (every 10 requests)
[16:34:33] 🔄 Retry 1/5 for IMMO in 2.6s
[16:34:33] 🔄 Identity reset
[16:34:35] 🧠 New identity created
[16:34:37] [236/455] CLGM
[16:34:38] [237/455] PBMM
[16:34:39] [238/455] CEHR
[16:34:40] [239/455] CPOE
[16:34:41] [240/455] PGFD
[16:34:42] [241/455] PSLC
[16:34:43] [242/455] MSMD
[16:34:44] [243/455] FMFB
[16:34:44] [244/455] RKCL
[16:34:44] 🔄 Identity reset
[16:34:44] 🔄 Identity rotated (every 10 requests)
[16:34:45] [245/455] PMMC
[16:34:46] [246/455] SKMM
[16:34:48] [247/455] VOIB
[16:34:50] [248/455] KINO
[16:34:51] [249/455] VCTP
[16:34:51] [250/455] PDWR
[16:34:52] [251/455] SAED
[16:34:53] [252/455] SRRT
[16:34:55] [253/455] CVLG
[16:34:55] [254/455] SNGN
[16:34:55] 🔄 Identity reset
[16:34:55] 🔄 Identity rotated (every 10 requests)
[16:34:55] 🔄 Retry 1/5 for SNGN in 2.9s
[16:34:55] 🔄 Identity reset
[16:34:58] 🧠 New identity created
[16:34:58] 🔄 Retry 2/5 for SNGN in 4.3s
[16:34:58] 🔄 Identity reset
[16:35:03] 🧠 New identity created
[16:35:04] [255/455] SIDA
[16:35:05] [256/455] IMCB
[16:35:06] [257/455] SMHP
[16:35:07] [258/455] GDTY
[16:35:08] [259/455] VYCH
[16:35:09] [260/455] PDYA
[16:35:10] [261/455] RKDO
[16:35:10] [262/455] VECG
[16:35:10] 🔄 Identity reset
[16:35:10] 🔄 Identity rotated (every 10 requests)
[16:35:12] [263/455] NFGD
[16:35:12] [264/455] SNDC
[16:35:13] [265/455] SDJH
[16:35:15] [266/455] HASV
[16:35:16] [267/455] PTYK
[16:35:16] [268/455] MUTB
[16:35:17] [269/455] AMRT
[16:35:18] [270/455] VACD
[16:35:19] [271/455] SKDD
[16:35:20] [272/455] STGR
[16:35:20] 🔄 Identity reset
[16:35:20] 🔄 Identity rotated (every 10 requests)
[16:35:21] [273/455] GDAK
[16:35:22] [274/455] SKHK
[16:35:23] [275/455] SLND
[16:35:24] [276/455] APAP
[16:35:25] [277/455] AYYA
[16:35:26] [278/455] VCCZ
[16:35:27] [279/455] MEML
[16:35:28] [280/455] MAOU
[16:35:29] [281/455] ESND
[16:35:30] [282/455] PTBZ
[16:35:30] 🔄 Identity reset
[16:35:30] 🔄 Identity rotated (every 10 requests)
[16:35:31] [283/455] LBCN
[16:35:32] [284/455] PAWA
[16:35:33] [285/455] ZEIC
[16:35:34] [286/455] CGMM
[16:35:35] [287/455] PJPM
[16:35:36] [288/455] ECMR
[16:35:37] [289/455] SHMZ
[16:35:38] [290/455] STCA
[16:35:39] [291/455] VDRC
[16:35:40] [292/455] SEEM
[16:35:40] 🔄 Identity reset
[16:35:40] 🔄 Identity rotated (every 10 requests)
[16:35:41] [293/455] MKNS
[16:35:42] [294/455] KPPP
[16:35:43] [295/455] CCML
[16:35:44] [296/455] CIBA
[16:35:46] [297/455] NACS
[16:35:47] [298/455] CTMK
[16:35:48] [299/455] CTCT
[16:35:49] [300/455] MCSN
[16:35:50] [301/455] MAXX
[16:35:50] [302/455] MECB
[16:35:50] 🔄 Identity reset
[16:35:50] 🔄 Identity rotated (every 10 requests)
[16:35:51] [303/455] NTBY
[16:35:52] [304/455] UTBI
[16:35:53] [305/455] RADK
[16:35:54] [306/455] STBY
[16:35:55] [307/455] GTBY
[16:35:56] [308/455] RRMB
[16:35:58] [309/455] ABRN
[16:35:58] [310/455] GTSG
[16:35:59] [311/455] GBTG
[16:36:00] [312/455] SBGS
[16:36:00] 🔄 Identity reset
[16:36:00] 🔄 Identity rotated (every 10 requests)
[16:36:02] [313/455] KBPM
[16:36:03] [314/455] SMHT
[16:36:05] [315/455] VTDM
[16:36:06] [316/455] ASCT
[16:36:07] [317/455] AWCT
[16:36:08] [318/455] DCCU
[16:36:09] [319/455] PSCE
[16:36:10] [320/455] KSNY
[16:36:10] [321/455] ACID
[16:36:12] [322/455] LVCD
[16:36:12] 🔄 Identity reset
[16:36:12] 🔄 Identity rotated (every 10 requests)
[16:36:13] [323/455] KSSB
[16:36:14] [324/455] SWTD
[16:36:15] [325/455] RBMR
[16:36:16] [326/455] SCBC
[16:36:17] [327/455] RKME
[16:36:17] [328/455] GALX
[16:36:18] [329/455] GCCH
[16:36:19] [330/455] RATR
[16:36:20] [331/455] GTGA
[16:36:21] [332/455] LTTR
[16:36:21] 🔄 Identity reset
[16:36:21] 🔄 Identity rotated (every 10 requests)
[16:36:21] 🔄 Retry 1/5 for LTTR in 2.9s
[16:36:21] 🔄 Identity reset
[16:36:24] 🧠 New identity created
[16:36:25] [333/455] TTAA
[16:36:26] [334/455] TVHP
[16:36:27] [335/455] KVCS
[16:36:28] [336/455] CBMC
[16:36:29] [337/455] MAYJ
[16:36:31] [338/455] INPR
[16:36:31] [339/455] RSSC
[16:36:32] [340/455] PCAN
[16:36:33] [341/455] PVHR
[16:36:33] 🔄 Identity reset
[16:36:33] 🔄 Identity rotated (every 10 requests)
[16:36:34] [342/455] AGSM
[16:36:35] [343/455] PVES
[16:36:36] [344/455] INTO
[16:36:37] [345/455] ACON
[16:36:38] [346/455] PVPZ
[16:36:39] [347/455] PVHC
[16:36:40] [348/455] KSTK
[16:36:41] [349/455] PVSR
[16:36:42] [350/455] ACTN
[16:36:43] [351/455] FMCN
[16:36:43] 🔄 Identity reset
[16:36:43] 🔄 Identity rotated (every 10 requests)
[16:36:45] [352/455] PABC
[16:36:46] [353/455] SUTC
[16:36:46] [354/455] PGMV
[16:36:48] [355/455] GKCP
[16:36:49] [356/455] INCH
[16:36:50] [357/455] MLMT
[16:36:51] [358/455] SSCC
[16:36:52] [359/455] SLMP
[16:36:54] [360/455] VVTN
[16:36:55] [361/455] SBTR
[16:36:55] 🔄 Identity reset
[16:36:55] 🔄 Identity rotated (every 10 requests)
[16:36:56] [362/455] PGRA
[16:36:57] [363/455] PBRM
[16:36:58] [364/455] GCRP
[16:36:59] [365/455] MCSK
[16:37:00] [366/455] NLTC
[16:37:01] [367/455] MTLM
[16:37:02] [368/455] VECT
[16:37:03] [369/455] KMRM
[16:37:04] [370/455] RACM
[16:37:05] [371/455] WSTC
[16:37:05] 🔄 Identity reset
[16:37:05] 🔄 Identity rotated (every 10 requests)
[16:37:06] [372/455] PVTJ
[16:37:07] [373/455] MMKC
[16:37:08] [374/455] SVWT
[16:37:10] [375/455] JOTG
[16:37:11] [376/455] VCDK
[16:37:12] [377/455] ANAC
[16:37:13] [378/455] GRTC
[16:37:14] [379/455] JTPL
[16:37:15] [380/455] VRCP
[16:37:16] [381/455] REMC
[16:37:16] 🔄 Identity reset
[16:37:16] 🔄 Identity rotated (every 10 requests)
[16:37:17] [382/455] ATMG
[16:37:18] [383/455] GAHC
[16:37:19] [384/455] JTMV
[16:37:20] [385/455] OMTT
[16:37:21] [386/455] GKKC
[16:37:22] [387/455] BBPO
[16:37:24] [388/455] ZCBB
[16:37:25] [389/455] DCGO
[16:37:26] [390/455] STOP
[16:37:27] [391/455] BSPC
[16:37:27] 🔄 Identity reset
[16:37:27] 🔄 Identity rotated (every 10 requests)
[16:37:27] 🔄 Retry 1/5 for BSPC in 2.5s
[16:37:27] 🔄 Identity reset
[16:37:29] 🧠 New identity created
[16:37:30] [392/455] SOND
[16:37:31] [393/455] GCKG
[16:37:32] [394/455] PCDB
[16:37:33] [395/455] PGRC
[16:37:34] [396/455] CSCT
[16:37:35] [397/455] STDA
[16:37:36] [398/455] JAYD
[16:37:37] [399/455] PPPD
[16:37:39] [400/455] KRTT
[16:37:39] 🔄 Identity reset
[16:37:39] 🔄 Identity rotated (every 10 requests)
[16:37:40] [401/455] PTDT
[16:37:42] [402/455] TRSV
[16:37:42] [403/455] VELR
[16:37:43] [404/455] STDT
[16:37:44] [405/455] SATT
[16:37:45] [406/455] KCPM
[16:37:46] [407/455] MFCP
[16:37:47] [408/455] AXMP
[16:37:48] [409/455] LTVB
[16:37:49] [410/455] APST
[16:37:49] 🔄 Identity reset
[16:37:49] 🔄 Identity rotated (every 10 requests)
[16:37:50] [411/455] DTVP
[16:37:51] [412/455] AAVB
[16:37:52] [413/455] PMBL
[16:37:53] [414/455] STKC
[16:37:54] [415/455] KKMA
[16:37:55] [416/455] NMXS
[16:37:56] [417/455] DECX
[16:37:57] [418/455] MAPJ
[16:37:58] [419/455] SMLK
[16:37:59] [420/455] PMPU
[16:37:59] 🔄 Identity reset
[16:37:59] 🔄 Identity rotated (every 10 requests)
[16:38:00] [421/455] AFST
[16:38:01] [422/455] SRSY
[16:38:02] [423/455] RMKT
[16:38:03] [424/455] RAJX
[16:38:04] [425/455] UVCD
[16:38:05] [426/455] LISA
[16:38:06] [427/455] LMSR
[16:38:07] [428/455] PMCA
[16:38:08] [429/455] INPO
[16:38:10] [430/455] INGO
[16:38:10] 🔄 Identity reset
[16:38:10] 🔄 Identity rotated (every 10 requests)
[16:38:10] [431/455] HFSQ
[16:38:11] [432/455] INMG
[16:38:12] [433/455] NYCP
[16:38:13] [434/455] HFSV
[16:38:14] [435/455] MMZP
[16:38:16] [436/455] KSES
[16:38:17] [437/455] HFSA
[16:38:18] [438/455] ACMM
[16:38:19] [439/455] RCKD
[16:38:20] [440/455] BCKR
[16:38:20] 🔄 Identity reset
[16:38:20] 🔄 Identity rotated (every 10 requests)
[16:38:22] [441/455] SFCO
[16:38:23] [442/455] JCCB
[16:38:24] [443/455] BCCR
[16:38:25] [444/455] NWCB
[16:38:26] [445/455] SAMT
[16:38:27] [446/455] TMST
[16:38:28] [447/455] SJCN
[16:38:29] [448/455] MCBS
[16:38:30] [449/455] CMKR
[16:38:31] [450/455] INPM
[16:38:31] 🔄 Identity reset
[16:38:31] 🔄 Identity rotated (every 10 requests)
[16:38:32] [451/455] WVMT
[16:38:33] [452/455] NYSM
[16:38:35] [453/455] RCMA
[16:38:36] [454/455] RECM
[16:38:37] [455/455] CYCM
[16:38:38] 🧹 Deduping shows
[16:38:38] ✅ DONE | Shows=4704 | Movies=66
