[16:29:23] 🚀 SCRIPT STARTED
[16:29:23] [1/459] MCCZ
[16:29:23] 🧠 New identity created
[16:29:23] 🔄 Retry 1/5 for MCCZ in 3.0s
[16:29:23] 🔄 Identity reset
[16:29:26] 🧠 New identity created
[16:29:26] 🔄 Retry 2/5 for MCCZ in 4.6s
[16:29:26] 🔄 Identity reset
[16:29:31] 🧠 New identity created
[16:29:31] 🔄 Retry 3/5 for MCCZ in 8.6s
[16:29:31] 🔄 Identity reset
[16:29:39] 🧠 New identity created
[16:29:40] [2/459] FRPU
[16:29:41] [3/459] SKSI
[16:29:42] [4/459] SSCK
[16:29:44] [5/459] SRDC
[16:29:45] [6/459] RSCZ
[16:29:46] [7/459] PRVT
[16:29:46] 🔄 Identity reset
[16:29:46] 🔄 Identity rotated (every 10 requests)
[16:29:47] [8/459] GAGJ
[16:29:47] [9/459] SMHG
[16:29:49] [10/459] JTST
[16:29:50] [11/459] MYTH
[16:29:51] [12/459] JPCC
[16:29:52] [13/459] ACDC
[16:29:53] [14/459] SVFP
[16:29:54] [15/459] SFCM
[16:29:55] [16/459] RUPK
[16:29:56] [17/459] NTCR
[16:29:56] 🔄 Identity reset
[16:29:56] 🔄 Identity rotated (every 10 requests)
[16:29:57] [18/459] RTCH
[16:29:57] [19/459] SCMH
[16:29:58] [20/459] SVYM
[16:29:59] [21/459] SPYM
[16:30:00] [22/459] SMMF
[16:30:01] [23/459] CLLB
[16:30:02] [24/459] FMCB
[16:30:04] [25/459] BBTC
[16:30:05] [26/459] NTHS
[16:30:06] [27/459] PKKJ
[16:30:06] 🔄 Identity reset
[16:30:06] 🔄 Identity rotated (every 10 requests)
[16:30:07] [28/459] MTJA
[16:30:08] [29/459] PMSJ
[16:30:09] [30/459] JMJU
[16:30:10] [31/459] SRAD
[16:30:11] [32/459] MJMC
[16:30:13] [33/459] DFRM
[16:30:14] [34/459] PMRS
[16:30:15] [35/459] RKPP
[16:30:16] [36/459] BMBK
[16:30:17] [37/459] NEWS
[16:30:17] 🔄 Identity reset
[16:30:17] 🔄 Identity rotated (every 10 requests)
[16:30:18] [38/459] SALB
[16:30:19] [39/459] SCPW
[16:30:20] [40/459] RAYL
[16:30:21] [41/459] CMGJ
[16:30:21] [42/459] JRCR
[16:30:22] [43/459] SRTB
[16:30:23] [44/459] ETPB
[16:30:24] [45/459] MXBN
[16:30:25] [46/459] TOPE
[16:30:26] [47/459] SNLJ
[16:30:26] 🔄 Identity reset
[16:30:26] 🔄 Identity rotated (every 10 requests)
[16:30:27] [48/459] CDDP
[16:30:28] [49/459] APCX
[16:30:29] [50/459] TALP
[16:30:30] [51/459] RRMP
[16:30:31] [52/459] MAHB
[16:30:32] [53/459] MTKR
[16:30:33] [54/459] KSKL
[16:30:34] [55/459] RJLT
[16:30:35] [56/459] ATAS
[16:30:36] [57/459] AMHR
[16:30:36] 🔄 Identity reset
[16:30:36] 🔄 Identity rotated (every 10 requests)
[16:30:36] 🔄 Retry 1/5 for AMHR in 2.1s
[16:30:36] 🔄 Identity reset
[16:30:38] 🧠 New identity created
[16:30:38] 🔄 Retry 2/5 for AMHR in 5.0s
[16:30:38] 🔄 Identity reset
[16:30:43] 🧠 New identity created
[16:30:43] 🔄 Retry 3/5 for AMHR in 8.7s
[16:30:43] 🔄 Identity reset
[16:30:52] 🧠 New identity created
[16:30:53] [58/459] RSRM
[16:30:54] [59/459] GCAT
[16:30:55] [60/459] SMML
[16:30:56] [61/459] ACCD
[16:30:57] [62/459] VYDA
[16:30:58] [63/459] MSKT
[16:30:59] [64/459] AVDM
[16:30:59] 🔄 Identity reset
[16:30:59] 🔄 Identity rotated (every 10 requests)
[16:30:59] [65/459] ASMH
[16:31:00] [66/459] VTMB
[16:31:02] [67/459] WVMB
[16:31:03] [68/459] PPMN
[16:31:05] [69/459] MTMD
[16:31:06] [70/459] SMMO
[16:31:07] [71/459] DLPB
[16:31:07] [72/459] AKMD
[16:31:08] [73/459] SHRR
[16:31:09] [74/459] ASCO
[16:31:09] 🔄 Identity reset
[16:31:09] 🔄 Identity rotated (every 10 requests)
[16:31:10] [75/459] CZVX
[16:31:11] [76/459] GCBB
[16:31:12] [77/459] ATBM
[16:31:13] [78/459] TCGM
[16:31:13] [79/459] UMSE
[16:31:14] [80/459] NKCL
[16:31:15] [81/459] BTLR
[16:31:17] [82/459] GOCL
[16:31:18] [83/459] MIRN
[16:31:19] [84/459] THEC
[16:31:19] 🔄 Identity reset
[16:31:19] 🔄 Identity rotated (every 10 requests)
[16:31:20] [85/459] SPPB
[16:31:21] [86/459] PMMM
[16:31:22] [87/459] GGMC
[16:31:23] [88/459] AVSR
[16:31:24] [89/459] RDMH
[16:31:25] [90/459] JSRS
[16:31:26] [91/459] VKGP
[16:31:27] [92/459] ACRT
[16:31:28] [93/459] GCBA
[16:31:29] [94/459] GTCP
[16:31:29] 🔄 Identity reset
[16:31:29] 🔄 Identity rotated (every 10 requests)
[16:31:29] 🔄 Retry 1/5 for GTCP in 2.1s
[16:31:29] 🔄 Identity reset
[16:31:31] 🧠 New identity created
[16:31:32] [95/459] AKFC
[16:31:33] [96/459] INCS
[16:31:34] [97/459] SMCK
[16:31:35] [98/459] BRUN
[16:31:36] [99/459] RPPC
[16:31:37] [100/459] PAYD
[16:31:38] [101/459] SVVT
[16:31:39] [102/459] RNCC
[16:31:40] [103/459] PCRC
[16:31:40] 🔄 Identity reset
[16:31:40] 🔄 Identity rotated (every 10 requests)
[16:31:41] [104/459] PMRM
[16:31:43] [105/459] CCRP
[16:31:43] [106/459] INCR
[16:31:44] [107/459] ZTMP
[16:31:45] [108/459] MCNR
[16:31:47] [109/459] INRP
[16:31:48] [110/459] STRC
[16:31:49] [111/459] RATI
[16:31:50] [112/459] PBTR
[16:31:50] [113/459] CMHP
[16:31:50] 🔄 Identity reset
[16:31:50] 🔄 Identity rotated (every 10 requests)
[16:31:50] 🔄 Retry 1/5 for CMHP in 2.5s
[16:31:50] 🔄 Identity reset
[16:31:53] 🧠 New identity created
[16:31:53] 🔄 Retry 2/5 for CMHP in 4.6s
[16:31:53] 🔄 Identity reset
[16:31:58] 🧠 New identity created
[16:31:59] [114/459] ZECJ
[16:32:00] [115/459] CCCB
[16:32:02] [116/459] BWCB
[16:32:02] [117/459] CCAT
[16:32:03] [118/459] KGCM
[16:32:04] [119/459] INPT
[16:32:06] [120/459] FNCO
[16:32:08] [121/459] SRMJ
[16:32:08] 🔄 Identity reset
[16:32:08] 🔄 Identity rotated (every 10 requests)
[16:32:08] 🔄 Retry 1/5 for SRMJ in 2.7s
[16:32:08] 🔄 Identity reset
[16:32:10] 🧠 New identity created
[16:32:10] 🔄 Retry 2/5 for SRMJ in 4.9s
[16:32:10] 🔄 Identity reset
[16:32:15] 🧠 New identity created
[16:32:15] 🔄 Retry 3/5 for SRMJ in 8.4s
[16:32:15] 🔄 Identity reset
[16:32:24] 🧠 New identity created
[16:32:24] 🔄 Retry 4/5 for SRMJ in 16.6s
[16:32:24] 🔄 Identity reset
[16:32:40] 🧠 New identity created
[16:32:42] [122/459] PFSC
[16:32:43] [123/459] PBMC
[16:32:44] [124/459] KARP
[16:32:45] [125/459] KOVI
[16:32:46] [126/459] ACXL
[16:32:48] [127/459] GKCC
[16:32:48] 🔄 Identity reset
[16:32:48] 🔄 Identity rotated (every 10 requests)
[16:32:48] 🔄 Retry 1/5 for GKCC in 2.7s
[16:32:48] 🔄 Identity reset
[16:32:50] 🧠 New identity created
[16:32:50] 🔄 Retry 2/5 for GKCC in 4.8s
[16:32:50] 🔄 Identity reset
[16:32:55] 🧠 New identity created
[16:32:55] 🔄 Retry 3/5 for GKCC in 8.7s
[16:32:55] 🔄 Identity reset
[16:33:04] 🧠 New identity created
[16:33:05] [128/459] ASCC
[16:33:06] [129/459] SETC
[16:33:07] [130/459] KACC
[16:33:08] [131/459] KAVE
[16:33:09] [132/459] CNTC
[16:33:10] [133/459] MEEN
[16:33:11] [134/459] BMRV
[16:33:11] 🔄 Identity reset
[16:33:11] 🔄 Identity rotated (every 10 requests)
[16:33:12] [135/459] SVAM
[16:33:13] [136/459] VTBP
[16:33:14] [137/459] VCKN
[16:33:15] [138/459] SGTK
[16:33:16] [139/459] RCGS
[16:33:16] [140/459] RCCB
[16:33:17] [141/459] RKSR
[16:33:18] [142/459] RKCU
[16:33:19] [143/459] GIBH
[16:33:20] [144/459] CXBS
[16:33:20] 🔄 Identity reset
[16:33:20] 🔄 Identity rotated (every 10 requests)
[16:33:21] [145/459] GGCB
[16:33:22] [146/459] SCPB
[16:33:23] [147/459] AKTB
[16:33:24] [148/459] SRBU
[16:33:25] [149/459] CSSA
[16:33:26] [150/459] MYAN
[16:33:27] [151/459] EXCA
[16:33:28] [152/459] CKSA
[16:33:29] [153/459] JTNM
[16:33:29] [154/459] CXKT
[16:33:29] 🔄 Identity reset
[16:33:29] 🔄 Identity rotated (every 10 requests)
[16:33:31] [155/459] NCLM
[16:33:31] [156/459] JAAD
[16:33:32] [157/459] RDCR
[16:33:33] [158/459] MEER
[16:33:34] [159/459] SIBT
[16:33:35] [160/459] PVVB
[16:33:36] [161/459] FNPN
[16:33:37] [162/459] CRPX
[16:33:38] [163/459] STET
[16:33:39] [164/459] METE
[16:33:39] 🔄 Identity reset
[16:33:39] 🔄 Identity rotated (every 10 requests)
[16:33:40] [165/459] BJML
[16:33:40] [166/459] MAVT
[16:33:42] [167/459] MSRM
[16:33:42] [168/459] TJMP
[16:33:43] [169/459] MHCK
[16:33:44] [170/459] SVGP
[16:33:46] [171/459] KRRC
[16:33:47] [172/459] IMCH
[16:33:48] [173/459] CMCS
[16:33:49] [174/459] SGND
[16:33:49] 🔄 Identity reset
[16:33:49] 🔄 Identity rotated (every 10 requests)
[16:33:49] 🔄 Retry 1/5 for SGND in 2.2s
[16:33:49] 🔄 Identity reset
[16:33:51] 🧠 New identity created
[16:33:52] [175/459] RNAT
[16:33:53] [176/459] PRTN
[16:33:54] [177/459] MPTN
[16:33:55] [178/459] ARCC
[16:33:56] [179/459] NTTE
[16:33:57] [180/459] ABND
[16:33:58] [181/459] KCSN
[16:33:59] [182/459] KCSA
[16:34:00] [183/459] DCKT
[16:34:00] 🔄 Identity reset
[16:34:00] 🔄 Identity rotated (every 10 requests)
[16:34:00] 🔄 Retry 1/5 for DCKT in 2.8s
[16:34:00] 🔄 Identity reset
[16:34:03] 🧠 New identity created
[16:34:03] 🔄 Retry 2/5 for DCKT in 4.9s
[16:34:03] 🔄 Identity reset
[16:34:08] 🧠 New identity created
[16:34:08] 🔄 Retry 3/5 for DCKT in 8.5s
[16:34:08] 🔄 Identity reset
[16:34:16] 🧠 New identity created
[16:34:16] 🔄 Retry 4/5 for DCKT in 16.1s
[16:34:16] 🔄 Identity reset
[16:34:32] 🧠 New identity created
[16:34:33] ❌ DCKT failed after 5 attempts
[16:34:33] 🔄 Identity reset
[16:34:33] ❌ DCKT final failure | RuntimeError | HTTP 403
[16:34:33] [184/459] MBBR
[16:34:33] 🧠 New identity created
[16:34:34] [185/459] RAMU
[16:34:35] [186/459] RACW
[16:34:36] [187/459] MCHP
[16:34:38] [188/459] TMHM
[16:34:39] [189/459] STXH
[16:34:39] 🔄 Identity reset
[16:34:39] 🔄 Identity rotated (every 10 requests)
[16:34:39] 🔄 Retry 1/5 for STXH in 2.6s
[16:34:39] 🔄 Identity reset
[16:34:41] 🧠 New identity created
[16:34:42] [190/459] AGSG
[16:34:43] [191/459] SIRA
[16:34:44] [192/459] RCAN
[16:34:45] [193/459] CWTB
[16:34:46] [194/459] VTYM
[16:34:47] [195/459] RRPP
[16:34:48] [196/459] ASMR
[16:34:49] [197/459] RONO
[16:34:50] [198/459] MEMR
[16:34:50] 🔄 Identity reset
[16:34:50] 🔄 Identity rotated (every 10 requests)
[16:34:51] [199/459] CTMR
[16:34:52] [200/459] PMTT
[16:34:53] [201/459] PSLX
[16:34:54] [202/459] IPPL
[16:34:55] [203/459] MMSG
[16:34:56] [204/459] INEL
[16:34:57] [205/459] COAC
[16:34:57] [206/459] WVLK
[16:34:58] [207/459] PPXL
[16:34:59] [208/459] PSML
[16:34:59] 🔄 Identity reset
[16:34:59] 🔄 Identity rotated (every 10 requests)
[16:34:59] 🔄 Retry 1/5 for PSML in 2.5s
[16:34:59] 🔄 Identity reset
[16:35:02] 🧠 New identity created
[16:35:03] [209/459] FNLK
[16:35:04] [210/459] ILUM
[16:35:04] [211/459] ILCM
[16:35:05] [212/459] MSNL
[16:35:06] [213/459] VINB
[16:35:07] [214/459] SALW
[16:35:08] [215/459] PRTB
[16:35:09] [216/459] NCIL
[16:35:10] [217/459] PSUL
[16:35:10] 🔄 Identity reset
[16:35:10] 🔄 Identity rotated (every 10 requests)
[16:35:10] 🔄 Retry 1/5 for PSUL in 2.8s
[16:35:10] 🔄 Identity reset
[16:35:13] 🧠 New identity created
[16:35:14] [218/459] SCLK
[16:35:15] [219/459] ADDC
[16:35:16] [220/459] OACL
[16:35:17] [221/459] OOCF
[16:35:18] [222/459] GPMF
[16:35:19] [223/459] SSDG
[16:35:20] [224/459] SKRS
[16:35:21] [225/459] NTTP
[16:35:21] [226/459] SLTP
[16:35:21] 🔄 Identity reset
[16:35:22] 🔄 Identity rotated (every 10 requests)
[16:35:22] 🔄 Retry 1/5 for SLTP in 2.2s
[16:35:22] 🔄 Identity reset
[16:35:24] 🧠 New identity created
[16:35:25] [227/459] JTLC
[16:35:26] [228/459] POON
[16:35:27] [229/459] CCPC
[16:35:28] [230/459] DCKC
[16:35:29] [231/459] CPRT
[16:35:30] [232/459] EYHZ
[16:35:31] [233/459] ARBL
[16:35:32] [234/459] SBTB
[16:35:33] [235/459] MMCK
[16:35:33] 🔄 Identity reset
[16:35:33] 🔄 Identity rotated (every 10 requests)
[16:35:33] 🔄 Retry 1/5 for MMCK in 2.8s
[16:35:33] 🔄 Identity reset
[16:35:35] 🧠 New identity created
[16:35:36] [236/459] PLMR
[16:35:37] [237/459] BIJH
[16:35:38] [238/459] SDRT
[16:35:39] [239/459] PRDC
[16:35:40] [240/459] OMJA
[16:35:41] [241/459] VKCR
[16:35:42] [242/459] ATRT
[16:35:43] [243/459] WVRP
[16:35:44] [244/459] MVRP
[16:35:44] 🔄 Identity reset
[16:35:44] 🔄 Identity rotated (every 10 requests)
[16:35:46] [245/459] FCAX
[16:35:47] [246/459] CTLC
[16:35:47] [247/459] JCHB
[16:35:48] [248/459] SELP
[16:35:49] [249/459] VCPG
[16:35:50] [250/459] ASCX
[16:35:51] [251/459] EOCS
[16:35:52] [252/459] RCPH
[16:35:53] [253/459] RJTM
[16:35:54] [254/459] SGMD
[16:35:54] 🔄 Identity reset
[16:35:54] 🔄 Identity rotated (every 10 requests)
[16:35:54] 🔄 Retry 1/5 for SGMD in 2.9s
[16:35:54] 🔄 Identity reset
[16:35:57] 🧠 New identity created
[16:35:58] [255/459] SVJT
[16:35:59] [256/459] SPPO
[16:36:00] [257/459] MNRL
[16:36:01] [258/459] KNOX
[16:36:02] [259/459] GIER
[16:36:03] [260/459] PJMS
[16:36:04] [261/459] UNSP
[16:36:06] [262/459] JETP
[16:36:07] [263/459] VTWA
[16:36:07] 🔄 Identity reset
[16:36:07] 🔄 Identity rotated (every 10 requests)
[16:36:08] [264/459] SCJI
[16:36:10] [265/459] CBZZ
[16:36:10] [266/459] SDCJ
[16:36:11] [267/459] RRCC
[16:36:12] [268/459] VNKG
[16:36:14] [269/459] LKTO
[16:36:14] [270/459] PJRM
[16:36:15] [271/459] NVRM
[16:36:16] [272/459] SJCS
[16:36:17] [273/459] VIGK
[16:36:17] 🔄 Identity reset
[16:36:17] 🔄 Identity rotated (every 10 requests)
[16:36:17] 🔄 Retry 1/5 for VIGK in 3.0s
[16:36:17] 🔄 Identity reset
[16:36:20] 🧠 New identity created
[16:36:20] 🔄 Retry 2/5 for VIGK in 4.1s
[16:36:20] 🔄 Identity reset
[16:36:24] 🧠 New identity created
[16:36:24] 🔄 Retry 3/5 for VIGK in 9.0s
[16:36:24] 🔄 Identity reset
[16:36:33] 🧠 New identity created
[16:36:34] [274/459] ANST
[16:36:35] [275/459] JTTS
[16:36:36] [276/459] NTST
[16:36:37] [277/459] PREB
[16:36:37] [278/459] TSCZ
[16:36:38] [279/459] CDCM
[16:36:39] [280/459] ELYE
[16:36:39] 🔄 Identity reset
[16:36:39] 🔄 Identity rotated (every 10 requests)
[16:36:40] [281/459] INBS
[16:36:42] [282/459] SMGC
[16:36:43] [283/459] UTMP
[16:36:43] [284/459] INTA
[16:36:44] [285/459] OMPT
[16:36:45] [286/459] SCIR
[16:36:46] [287/459] GCKJ
[16:36:47] [288/459] INOG
[16:36:48] [289/459] SMGB
[16:36:48] [290/459] MCSG
[16:36:48] 🔄 Identity reset
[16:36:48] 🔄 Identity rotated (every 10 requests)
[16:36:49] [291/459] STKG
[16:36:51] [292/459] TTKG
[16:36:52] [293/459] SRTR
[16:36:53] [294/459] ETTR
[16:36:53] [295/459] GGGZ
[16:36:54] [296/459] IPGM
[16:36:55] [297/459] FCDH
[16:36:56] [298/459] DESB
[16:36:57] [299/459] VNTP
[16:36:58] [300/459] ANNT
[16:36:58] 🔄 Identity reset
[16:36:58] 🔄 Identity rotated (every 10 requests)
[16:36:59] [301/459] SLTI
[16:37:00] [302/459] MAJU
[16:37:01] [303/459] JCXP
[16:37:03] [304/459] HARK
[16:37:04] [305/459] JPCJ
[16:37:05] [306/459] RXBD
[16:37:06] [307/459] PTKJ
[16:37:06] [308/459] CMTU
[16:37:07] [309/459] SWOR
[16:37:08] [310/459] JMEX
[16:37:08] 🔄 Identity reset
[16:37:08] 🔄 Identity rotated (every 10 requests)
[16:37:08] 🔄 Retry 1/5 for JMEX in 3.0s
[16:37:08] 🔄 Identity reset
[16:37:11] 🧠 New identity created
[16:37:12] [311/459] DTPT
[16:37:13] [312/459] VGMM
[16:37:14] [313/459] VCSG
[16:37:15] [314/459] CVCG
[16:37:16] [315/459] TNTT
[16:37:17] [316/459] SHRM
[16:37:17] [317/459] CGKD
[16:37:18] [318/459] EKCM
[16:37:19] [319/459] SDCX
[16:37:19] 🔄 Identity reset
[16:37:19] 🔄 Identity rotated (every 10 requests)
[16:37:20] [320/459] SBTE
[16:37:21] [321/459] STKJ
[16:37:22] [322/459] TPCE
[16:37:23] [323/459] JTNP
[16:37:25] [324/459] LPCH
[16:37:26] [325/459] CPUO
[16:37:26] [326/459] APSU
[16:37:27] [327/459] RTHC
[16:37:28] [328/459] PTBU
[16:37:29] [329/459] CUCC
[16:37:29] 🔄 Identity reset
[16:37:29] 🔄 Identity rotated (every 10 requests)
[16:37:30] [330/459] CPSA
[16:37:31] [331/459] SUAY
[16:37:32] [332/459] AYAA
[16:37:33] [333/459] MUCH
[16:37:34] [334/459] PCIN
[16:37:35] [335/459] JRRM
[16:37:35] [336/459] KATS
[16:37:36] [337/459] MHFF
[16:37:37] [338/459] ESYM
[16:37:38] [339/459] STYV
[16:37:38] 🔄 Identity reset
[16:37:38] 🔄 Identity rotated (every 10 requests)
[16:37:39] [340/459] SDKG
[16:37:40] [341/459] SMTI
[16:37:41] [342/459] NYCS
[16:37:42] [343/459] MTBG
[16:37:44] [344/459] RHCA
[16:37:45] [345/459] PCKH
[16:37:46] [346/459] ARCR
[16:37:47] [347/459] NCMB
[16:37:49] [348/459] SHYC
[16:37:50] [349/459] LACK
[16:37:50] 🔄 Identity reset
[16:37:50] 🔄 Identity rotated (every 10 requests)
[16:37:51] [350/459] MTCM
[16:37:52] [351/459] RRBN
[16:37:53] [352/459] MYDC
[16:37:54] [353/459] STCS
[16:37:55] [354/459] CONN
[16:37:56] [355/459] SIPS
[16:37:57] [356/459] SMMX
[16:37:58] [357/459] SCBY
[16:37:59] [358/459] SUAP
[16:38:00] [359/459] RSMK
[16:38:00] 🔄 Identity reset
[16:38:00] 🔄 Identity rotated (every 10 requests)
[16:38:00] [360/459] STKP
[16:38:02] [361/459] CIPC
[16:38:03] [362/459] KKCI
[16:38:04] [363/459] CTNK
[16:38:05] [364/459] MMTZ
[16:38:05] [365/459] DCCO
[16:38:06] [366/459] VNMN
[16:38:07] [367/459] RLCN
[16:38:08] [368/459] CMMS
[16:38:09] [369/459] AYOU
[16:38:09] 🔄 Identity reset
[16:38:09] 🔄 Identity rotated (every 10 requests)
[16:38:10] [370/459] SSCN
[16:38:11] [371/459] SMXN
[16:38:12] [372/459] ASSK
[16:38:13] [373/459] VCKM
[16:38:14] [374/459] PCPH
[16:38:14] [375/459] PADM
[16:38:15] [376/459] IESA
[16:38:16] [377/459] VCSP
[16:38:17] [378/459] AEST
[16:38:18] [379/459] VTNR
[16:38:18] 🔄 Identity reset
[16:38:18] 🔄 Identity rotated (every 10 requests)
[16:38:19] [380/459] GTTA
[16:38:20] [381/459] CMMM
[16:38:20] [382/459] AHKT
[16:38:21] [383/459] SIJI
[16:38:22] [384/459] VCEI
[16:38:23] [385/459] SAKR
[16:38:24] [386/459] VSMT
[16:38:25] [387/459] SSCT
[16:38:27] [388/459] USTR
[16:38:28] [389/459] MTKT
[16:38:28] 🔄 Identity reset
[16:38:28] 🔄 Identity rotated (every 10 requests)
[16:38:28] 🔄 Retry 1/5 for MTKT in 2.6s
[16:38:28] 🔄 Identity reset
[16:38:30] 🧠 New identity created
[16:38:31] 🔄 Retry 2/5 for MTKT in 4.5s
[16:38:31] 🔄 Identity reset
[16:38:35] 🧠 New identity created
[16:38:36] [390/459] TGMP
[16:38:37] [391/459] SIVC
[16:38:38] [392/459] KICT
[16:38:39] [393/459] DAMD
[16:38:40] [394/459] CNPT
[16:38:41] [395/459] RVTT
[16:38:42] [396/459] SNCM
[16:38:43] [397/459] GHTE
[16:38:43] 🔄 Identity reset
[16:38:43] 🔄 Identity rotated (every 10 requests)
[16:38:44] [398/459] PPAM
[16:38:45] [399/459] PVAA
[16:38:46] [400/459] CPAO
[16:38:47] [401/459] HAMD
[16:38:48] [402/459] RCCA
[16:38:49] [403/459] MPCH
[16:38:50] [404/459] ARED
[16:38:51] [405/459] RRCV
[16:38:52] [406/459] MTRB
[16:38:53] [407/459] CKUA
[16:38:53] 🔄 Identity reset
[16:38:53] 🔄 Identity rotated (every 10 requests)
[16:38:54] [408/459] ABMP
[16:38:55] [409/459] RCWA
[16:38:56] [410/459] CGAR
[16:38:57] [411/459] METH
[16:38:58] [412/459] WAGA
[16:38:58] [413/459] MCMA
[16:38:59] [414/459] CSMP
[16:39:00] [415/459] RCNK
[16:39:01] [416/459] PSTM
[16:39:02] [417/459] CSEP
[16:39:02] 🔄 Identity reset
[16:39:02] 🔄 Identity rotated (every 10 requests)
[16:39:03] [418/459] AMGD
[16:39:03] [419/459] CSTE
[16:39:04] [420/459] CONS
[16:39:05] [421/459] APPX
[16:39:06] [422/459] MABC
[16:39:07] [423/459] CXST
[16:39:09] [424/459] MATN
[16:39:10] [425/459] MACZ
[16:39:11] [426/459] MASA
[16:39:12] [427/459] MBSX
[16:39:12] 🔄 Identity reset
[16:39:12] 🔄 Identity rotated (every 10 requests)
[16:39:12] 🔄 Retry 1/5 for MBSX in 2.4s
[16:39:12] 🔄 Identity reset
[16:39:14] 🧠 New identity created
[16:39:15] 🔄 Retry 2/5 for MBSX in 4.2s
[16:39:15] 🔄 Identity reset
[16:39:19] 🧠 New identity created
[16:39:20] [428/459] CSST
[16:39:21] [429/459] APCL
[16:39:22] [430/459] CGOS
[16:39:22] [431/459] CPEC
[16:39:23] [432/459] MCCP
[16:39:24] [433/459] BSSO
[16:39:25] [434/459] SJKA
[16:39:26] [435/459] CGBO
[16:39:26] 🔄 Identity reset
[16:39:26] 🔄 Identity rotated (every 10 requests)
[16:39:26] 🔄 Retry 1/5 for CGBO in 2.7s
[16:39:26] 🔄 Identity reset
[16:39:29] 🧠 New identity created
[16:39:29] 🔄 Retry 2/5 for CGBO in 4.3s
[16:39:29] 🔄 Identity reset
[16:39:33] 🧠 New identity created
[16:39:34] [436/459] MVSK
[16:39:35] [437/459] HVCA
[16:39:36] [438/459] NAMD
[16:39:37] [439/459] DEVI
[16:39:37] [440/459] SCSV
[16:39:38] [441/459] PSMA
[16:39:39] [442/459] CLDJ
[16:39:40] [443/459] NMAD
[16:39:40] 🔄 Identity reset
[16:39:40] 🔄 Identity rotated (every 10 requests)
[16:39:40] 🔄 Retry 1/5 for NMAD in 2.8s
[16:39:40] 🔄 Identity reset
[16:39:43] 🧠 New identity created
[16:39:44] [444/459] CGMO
[16:39:45] [445/459] MCNA
[16:39:46] [446/459] OCBN
[16:39:47] [447/459] CPEM
[16:39:48] [448/459] CPSM
[16:39:49] [449/459] RCAD
[16:39:49] [450/459] CPMU
[16:39:50] [451/459] DICD
[16:39:51] [452/459] CHOE
[16:39:51] 🔄 Identity reset
[16:39:51] 🔄 Identity rotated (every 10 requests)
[16:39:53] [453/459] PDJM
[16:39:53] [454/459] SSTU
[16:39:54] [455/459] VNRN
[16:39:55] [456/459] PVLG
[16:39:56] [457/459] SWBL
[16:39:57] [458/459] SCAB
[16:39:58] [459/459] RDDA
[16:39:59] 🧹 Deduping shows
[16:39:59] ✅ DONE | Shows=4022 | Movies=69
