[16:30:34] 🚀 SCRIPT STARTED
[16:30:34] [1/322] CDCA
[16:30:34] 🧠 New identity created
[16:30:35] [2/322] VBCZ
[16:30:35] [3/322] MSDR
[16:30:36] [4/322] ACPV
[16:30:37] [5/322] PVHB
[16:30:38] [6/322] RCNH
[16:30:39] [7/322] IOMH
[16:30:40] [8/322] ILKS
[16:30:41] [9/322] AMSN
[16:30:42] [10/322] ANTP
[16:30:42] 🔄 Identity reset
[16:30:42] 🔄 Identity rotated (every 10 requests)
[16:30:43] [11/322] SSEK
[16:30:44] [12/322] PICP
[16:30:46] [13/322] SICO
[16:30:46] [14/322] SISP
[16:30:47] [15/322] SCPI
[16:30:48] [16/322] CRPR
[16:30:49] [17/322] DCTW
[16:30:50] [18/322] DCSP
[16:30:51] [19/322] KRPM
[16:30:52] [20/322] THKK
[16:30:52] 🔄 Identity reset
[16:30:52] 🔄 Identity rotated (every 10 requests)
[16:30:53] [21/322] SNMY
[16:30:54] [22/322] AKCC
[16:30:55] [23/322] PCAT
[16:30:56] [24/322] RFGO
[16:30:57] [25/322] GGCS
[16:30:58] [26/322] ACKR
[16:30:59] [27/322] STDO
[16:31:00] [28/322] ACKB
[16:31:01] [29/322] ALUC
[16:31:02] [30/322] MNSR
[16:31:02] 🔄 Identity reset
[16:31:02] 🔄 Identity rotated (every 10 requests)
[16:31:03] [31/322] CSSL
[16:31:04] [32/322] BGGM
[16:31:05] [33/322] MANT
[16:31:06] [34/322] SOOY
[16:31:07] [35/322] VPPK
[16:31:08] [36/322] MYHJ
[16:31:09] [37/322] KSCK
[16:31:10] [38/322] KATK
[16:31:12] [39/322] RTRT
[16:31:13] [40/322] SSTT
[16:31:13] 🔄 Identity reset
[16:31:13] 🔄 Identity rotated (every 10 requests)
[16:31:14] [41/322] SSTV
[16:31:14] [42/322] LACM
[16:31:15] [43/322] SGMG
[16:31:16] [44/322] KACX
[16:31:17] [45/322] GVCP
[16:31:19] [46/322] CSNC
[16:31:20] [47/322] SXCB
[16:31:21] [48/322] BAHS
[16:31:22] [49/322] PCBI
[16:31:23] [50/322] PSSM
[16:31:23] 🔄 Identity reset
[16:31:23] 🔄 Identity rotated (every 10 requests)
[16:31:25] [51/322] RCOK
[16:31:26] [52/322] SCPF
[16:31:28] [53/322] SSAS
[16:31:29] [54/322] EVMM
[16:31:30] [55/322] SYCB
[16:31:31] [56/322] GCKI
[16:31:32] [57/322] IAET
[16:31:33] [58/322] DDTD
[16:31:35] [59/322] GMDH
[16:31:36] [60/322] STLE
[16:31:36] 🔄 Identity reset
[16:31:36] 🔄 Identity rotated (every 10 requests)
[16:31:37] [61/322] JTRA
[16:31:38] [62/322] RPPA
[16:31:39] [63/322] ARUT
[16:31:40] [64/322] JTVM
[16:31:41] [65/322] SWRH
[16:31:42] [66/322] DCPC
[16:31:43] [67/322] RAPR
[16:31:44] [68/322] GCRT
[16:31:45] [69/322] ATUN
[16:31:46] [70/322] LTRM
[16:31:46] 🔄 Identity reset
[16:31:46] 🔄 Identity rotated (every 10 requests)
[16:31:48] [71/322] TASR
[16:31:49] [72/322] RLLC
[16:31:50] [73/322] MABI
[16:31:51] [74/322] SVHB
[16:31:52] [75/322] NVTB
[16:31:53] [76/322] KCKG
[16:31:54] [77/322] SSRN
[16:31:55] [78/322] VDDC
[16:31:55] [79/322] GKTK
[16:31:57] [80/322] YFSN
[16:31:57] 🔄 Identity reset
[16:31:57] 🔄 Identity rotated (every 10 requests)
[16:31:58] [81/322] GCSG
[16:31:59] [82/322] ESSM
[16:32:00] [83/322] KRIH
[16:32:00] [84/322] GCDS
[16:32:01] [85/322] CCSH
[16:32:03] [86/322] ACSK
[16:32:04] [87/322] APRK
[16:32:05] [88/322] ADKM
[16:32:06] [89/322] SRDM
[16:32:07] [90/322] SJMY
[16:32:07] 🔄 Identity reset
[16:32:07] 🔄 Identity rotated (every 10 requests)
[16:32:08] [91/322] PGGC
[16:32:10] [92/322] INGM
[16:32:11] [93/322] LSCB
[16:32:12] [94/322] STAD
[16:32:13] [95/322] MCCR
[16:32:14] [96/322] ABCC
[16:32:15] [97/322] RKCC
[16:32:16] [98/322] RTCR
[16:32:17] [99/322] GGBC
[16:32:18] [100/322] GCSD
[16:32:18] 🔄 Identity reset
[16:32:18] 🔄 Identity rotated (every 10 requests)
[16:32:19] [101/322] LPTY
[16:32:19] [102/322] MCFD
[16:32:20] [103/322] HENN
[16:32:21] [104/322] SMKU
[16:32:22] [105/322] TNZC
[16:32:23] [106/322] DRCD
[16:32:24] [107/322] DLCD
[16:32:25] [108/322] RCDA
[16:32:26] [109/322] COSM
[16:32:27] [110/322] MCMJ
[16:32:27] 🔄 Identity reset
[16:32:27] 🔄 Identity rotated (every 10 requests)
[16:32:29] [111/322] CSTR
[16:32:30] [112/322] CVDK
[16:32:31] [113/322] INRR
[16:32:32] [114/322] RJRT
[16:32:33] [115/322] IRMR
[16:32:34] [116/322] SRCF
[16:32:35] [117/322] GRCR
[16:32:36] [118/322] SURC
[16:32:37] [119/322] NMNH
[16:32:38] [120/322] SVBL
[16:32:38] 🔄 Identity reset
[16:32:38] 🔄 Identity rotated (every 10 requests)
[16:32:39] [121/322] KACI
[16:32:41] [122/322] TDGO
[16:32:42] [123/322] KTBR
[16:32:43] [124/322] PMAD
[16:32:44] [125/322] CCPN
[16:32:45] [126/322] SBTK
[16:32:46] [127/322] LMDK
[16:32:47] [128/322] PGDA
[16:32:48] [129/322] SRML
[16:32:49] [130/322] EVCK
[16:32:49] 🔄 Identity reset
[16:32:49] 🔄 Identity rotated (every 10 requests)
[16:32:50] [131/322] RTTK
[16:32:51] [132/322] SRTU
[16:32:53] [133/322] VRSA
[16:32:54] [134/322] VARS
[16:32:55] [135/322] DSCZ
[16:32:56] [136/322] GAGA
[16:32:57] [137/322] SARV
[16:32:58] [138/322] SEEG
[16:32:59] [139/322] GLCA
[16:33:00] [140/322] APAS
[16:33:00] 🔄 Identity reset
[16:33:00] 🔄 Identity rotated (every 10 requests)
[16:33:01] [141/322] VCIA
[16:33:02] [142/322] SJTA
[16:33:03] [143/322] SABM
[16:33:04] [144/322] PPAG
[16:33:05] [145/322] RVCA
[16:33:06] [146/322] CCIA
[16:33:07] [147/322] HTAG
[16:33:08] [148/322] SMBI
[16:33:10] [149/322] MCJR
[16:33:11] [150/322] CCJR
[16:33:11] 🔄 Identity reset
[16:33:11] 🔄 Identity rotated (every 10 requests)
[16:33:12] [151/322] SINF
[16:33:13] [152/322] CPLX
[16:33:15] [153/322] KKTJ
[16:33:15] [154/322] GDBW
[16:33:17] [155/322] CSUB
[16:33:18] [156/322] DABA
[16:33:20] [157/322] TITR
[16:33:21] [158/322] NYCR
[16:33:22] [159/322] RTRY
[16:33:23] [160/322] JTJL
[16:33:23] 🔄 Identity reset
[16:33:23] 🔄 Identity rotated (every 10 requests)
[16:33:23] 🔄 Retry 1/5 for JTJL in 2.5s
[16:33:23] 🔄 Identity reset
[16:33:26] 🧠 New identity created
[16:33:26] 🔄 Retry 2/5 for JTJL in 4.8s
[16:33:26] 🔄 Identity reset
[16:33:31] 🧠 New identity created
[16:33:32] [161/322] SJCP
[16:33:33] [162/322] KCCA
[16:33:34] [163/322] MLPG
[16:33:36] [164/322] VRCK
[16:33:37] [165/322] SRIN
[16:33:38] [166/322] CXMK
[16:33:39] [167/322] SKAD
[16:33:40] [168/322] AVTR
[16:33:40] 🔄 Identity reset
[16:33:40] 🔄 Identity rotated (every 10 requests)
[16:33:41] [169/322] PTAJ
[16:33:42] [170/322] SCNK
[16:33:43] [171/322] STTI
[16:33:44] [172/322] KACR
[16:33:45] [173/322] SSDX
[16:33:45] [174/322] VRTJ
[16:33:46] [175/322] RAJD
[16:33:47] [176/322] SCIP
[16:33:49] [177/322] RJSL
[16:33:51] [178/322] ARRS
[16:33:51] 🔄 Identity reset
[16:33:51] 🔄 Identity rotated (every 10 requests)
[16:33:51] 🔄 Retry 1/5 for ARRS in 2.3s
[16:33:51] 🔄 Identity reset
[16:33:53] 🧠 New identity created
[16:33:55] [179/322] ASMS
[16:33:56] [180/322] RDTS
[16:33:56] [181/322] DVMY
[16:33:57] [182/322] RASA
[16:33:58] [183/322] INOM
[16:33:59] [184/322] SPRS
[16:34:00] [185/322] SGCS
[16:34:02] [186/322] SALM
[16:34:03] [187/322] PKHC
[16:34:03] 🔄 Identity reset
[16:34:03] 🔄 Identity rotated (every 10 requests)
[16:34:04] [188/322] RCSV
[16:34:05] [189/322] CPKC
[16:34:06] [190/322] AACD
[16:34:07] [191/322] GGCV
[16:34:08] [192/322] SMKD
[16:34:09] [193/322] NBCH
[16:34:10] [194/322] AMCB
[16:34:11] [195/322] OPCN
[16:34:12] [196/322] DCIN
[16:34:12] [197/322] INGW
[16:34:12] 🔄 Identity reset
[16:34:12] 🔄 Identity rotated (every 10 requests)
[16:34:14] [198/322] PKKW
[16:34:15] [199/322] FNGW
[16:34:16] [200/322] GCGD
[16:34:17] [201/322] MSTW
[16:34:18] [202/322] KCCG
[16:34:18] [203/322] MRSS
[16:34:19] [204/322] CLCF
[16:34:20] [205/322] EETS
[16:34:21] [206/322] AATR
[16:34:22] [207/322] CMMN
[16:34:22] 🔄 Identity reset
[16:34:22] 🔄 Identity rotated (every 10 requests)
[16:34:22] 🔄 Retry 1/5 for CMMN in 2.1s
[16:34:22] 🔄 Identity reset
[16:34:24] 🧠 New identity created
[16:34:25] [208/322] SCCJ
[16:34:26] [209/322] CDTK
[16:34:27] [210/322] AICP
[16:34:28] [211/322] FNBP
[16:34:29] [212/322] CBPB
[16:34:30] [213/322] CPAS
[16:34:31] [214/322] MAPM
[16:34:32] [215/322] PASD
[16:34:33] [216/322] JCMN
[16:34:33] 🔄 Identity reset
[16:34:33] 🔄 Identity rotated (every 10 requests)
[16:34:33] 🔄 Retry 1/5 for JCMN in 2.9s
[16:34:33] 🔄 Identity reset
[16:34:36] 🧠 New identity created
[16:34:38] [217/322] MALB
[16:34:39] [218/322] SACG
[16:34:40] [219/322] DDRX
[16:34:41] [220/322] DDXB
[16:34:42] [221/322] RAMC
[16:34:42] [222/322] SANC
[16:34:44] [223/322] BCBP
[16:34:46] [224/322] ALPC
[16:34:47] [225/322] RBAC
[16:34:47] 🔄 Identity reset
[16:34:47] 🔄 Identity rotated (every 10 requests)
[16:34:48] [226/322] RAJL
[16:34:50] [227/322] MPDX
[16:34:50] [228/322] MUSC
[16:34:51] [229/322] VKMK
[16:34:52] [230/322] SKCG
[16:34:53] [231/322] ANCN
[16:34:54] [232/322] MMCJ
[16:34:55] [233/322] DCAK
[16:34:56] [234/322] SCKG
[16:34:57] [235/322] LMCK
[16:34:57] 🔄 Identity reset
[16:34:57] 🔄 Identity rotated (every 10 requests)
[16:34:58] [236/322] CKKX
[16:35:00] [237/322] ANKU
[16:35:01] [238/322] CSMD
[16:35:02] [239/322] MKMP
[16:35:03] [240/322] SVBG
[16:35:04] [241/322] ROOP
[16:35:05] [242/322] GDMT
[16:35:06] [243/322] FPPF
[16:35:07] [244/322] SFUU
[16:35:08] [245/322] ANCB
[16:35:08] 🔄 Identity reset
[16:35:09] 🔄 Identity rotated (every 10 requests)
[16:35:10] [246/322] SMMC
[16:35:11] [247/322] UGKT
[16:35:12] [248/322] JVRM
[16:35:13] [249/322] BATG
[16:35:14] [250/322] RATE
[16:35:15] [251/322] SKME
[16:35:16] [252/322] LMTP
[16:35:17] [253/322] TCBD
[16:35:18] [254/322] ESBD
[16:35:19] [255/322] GDCU
[16:35:19] 🔄 Identity reset
[16:35:20] 🔄 Identity rotated (every 10 requests)
[16:35:21] [256/322] SNKT
[16:35:22] [257/322] SRNK
[16:35:24] [258/322] SMED
[16:35:25] [259/322] CSQS
[16:35:26] [260/322] ALCS
[16:35:27] [261/322] KCKN
[16:35:28] [262/322] VCCL
[16:35:29] [263/322] MCDA
[16:35:30] [264/322] SHMI
[16:35:30] [265/322] SKHA
[16:35:30] 🔄 Identity reset
[16:35:30] 🔄 Identity rotated (every 10 requests)
[16:35:32] [266/322] SVFK
[16:35:33] [267/322] INVB
[16:35:34] [268/322] MELD
[16:35:35] [269/322] JTYS
[16:35:35] [270/322] INCM
[16:35:36] [271/322] MCDV
[16:35:38] [272/322] KSGK
[16:35:39] [273/322] ICMG
[16:35:40] [274/322] CSCV
[16:35:41] [275/322] STMD
[16:35:41] 🔄 Identity reset
[16:35:41] 🔄 Identity rotated (every 10 requests)
[16:35:43] [276/322] STTR
[16:35:44] [277/322] INVC
[16:35:45] [278/322] JTBL
[16:35:46] [279/322] SRVV
[16:35:47] [280/322] MAVC
[16:35:48] [281/322] SRPP
[16:35:49] [282/322] JGDM
[16:35:50] [283/322] MBSJ
[16:35:52] [284/322] SSLL
[16:35:52] [285/322] SLKP
[16:35:52] 🔄 Identity reset
[16:35:53] 🔄 Identity rotated (every 10 requests)
[16:35:54] [286/322] NSRV
[16:35:55] [287/322] UTDV
[16:35:56] [288/322] KICM
[16:35:57] [289/322] KCMD
[16:35:58] [290/322] TTPP
[16:35:59] [291/322] KMPV
[16:36:00] [292/322] SKTV
[16:36:02] [293/322] STCV
[16:36:02] [294/322] SRDA
[16:36:04] [295/322] JTSX
[16:36:04] 🔄 Identity reset
[16:36:04] 🔄 Identity rotated (every 10 requests)
[16:36:05] [296/322] STBV
[16:36:06] [297/322] APVZ
[16:36:07] [298/322] GSTV
[16:36:07] [299/322] NMVS
[16:36:08] [300/322] SKRT
[16:36:10] [301/322] RMDV
[16:36:10] [302/322] RATG
[16:36:11] [303/322] SJYV
[16:36:12] [304/322] NDGP
[16:36:13] [305/322] SNDG
[16:36:13] 🔄 Identity reset
[16:36:13] 🔄 Identity rotated (every 10 requests)
[16:36:15] [306/322] INSR
[16:36:16] [307/322] INSO
[16:36:16] [308/322] CCSI
[16:36:17] [309/322] RASM
[16:36:18] [310/322] NEWC
[16:36:19] [311/322] VSHL
[16:36:20] [312/322] BISW
[16:36:21] [313/322] GCNG
[16:36:22] [314/322] CWSC
[16:36:24] [315/322] SKAN
[16:36:24] 🔄 Identity reset
[16:36:24] 🔄 Identity rotated (every 10 requests)
[16:36:26] [316/322] CCOA
[16:36:27] [317/322] MCAJ
[16:36:28] [318/322] ACDE
[16:36:29] [319/322] AACM
[16:36:30] [320/322] JJCK
[16:36:31] [321/322] RCMO
[16:36:32] [322/322] GDAW
[16:36:33] 🧹 Deduping shows
[16:36:33] ✅ DONE | Shows=2349 | Movies=53
