[16:30:05] 🚀 SCRIPT STARTED
[16:30:05] [1/326] BSAT
[16:30:05] 🧠 New identity created
[16:30:05] 🔄 Retry 1/5 for BSAT in 2.3s
[16:30:05] 🔄 Identity reset
[16:30:07] 🧠 New identity created
[16:30:08] [2/326] RSSM
[16:30:09] [3/326] GCTA
[16:30:10] [4/326] TOPN
[16:30:11] [5/326] MCUS
[16:30:12] [6/326] SHRL
[16:30:13] [7/326] UPTP
[16:30:14] [8/326] TMMP
[16:30:14] [9/326] DNRP
[16:30:14] 🔄 Identity reset
[16:30:14] 🔄 Identity rotated (every 10 requests)
[16:30:14] 🔄 Retry 1/5 for DNRP in 2.6s
[16:30:14] 🔄 Identity reset
[16:30:17] 🧠 New identity created
[16:30:17] 🔄 Retry 2/5 for DNRP in 4.5s
[16:30:17] 🔄 Identity reset
[16:30:22] 🧠 New identity created
[16:30:23] [10/326] SRLT
[16:30:24] [11/326] RCNS
[16:30:25] [12/326] DCBH
[16:30:25] [13/326] NAGJ
[16:30:26] [14/326] JVRC
[16:30:28] [15/326] KRJG
[16:30:29] [16/326] SRTJ
[16:30:30] [17/326] CMXM
[16:30:30] 🔄 Identity reset
[16:30:30] 🔄 Identity rotated (every 10 requests)
[16:30:31] [18/326] STMI
[16:30:32] [19/326] SLST
[16:30:32] [20/326] DTCN
[16:30:33] [21/326] STYN
[16:30:34] [22/326] SZVR
[16:30:35] [23/326] SRKO
[16:30:36] [24/326] JTGT
[16:30:37] [25/326] SVFD
[16:30:38] [26/326] SISD
[16:30:39] [27/326] ABDD
[16:30:39] 🔄 Identity reset
[16:30:39] 🔄 Identity rotated (every 10 requests)
[16:30:39] 🔄 Retry 1/5 for ABDD in 2.8s
[16:30:39] 🔄 Identity reset
[16:30:41] 🧠 New identity created
[16:30:42] 🔄 Retry 2/5 for ABDD in 4.1s
[16:30:42] 🔄 Identity reset
[16:30:46] 🧠 New identity created
[16:30:46] 🔄 Retry 3/5 for ABDD in 8.7s
[16:30:46] 🔄 Identity reset
[16:30:54] 🧠 New identity created
[16:30:56] [28/326] DRCA
[16:30:56] [29/326] AVCS
[16:30:57] [30/326] MVKH
[16:30:58] [31/326] ACPR
[16:30:59] [32/326] STIP
[16:31:00] [33/326] MTRA
[16:31:01] [34/326] RMKH
[16:31:01] 🔄 Identity reset
[16:31:01] 🔄 Identity rotated (every 10 requests)
[16:31:02] [35/326] NKRL
[16:31:03] [36/326] PCWN
[16:31:04] [37/326] BLMT
[16:31:05] [38/326] GDPG
[16:31:06] [39/326] SRMX
[16:31:06] [40/326] JACP
[16:31:07] [41/326] CPSH
[16:31:08] [42/326] MCCD
[16:31:09] [43/326] ECGH
[16:31:10] [44/326] MKCK
[16:31:10] 🔄 Identity reset
[16:31:10] 🔄 Identity rotated (every 10 requests)
[16:31:10] 🔄 Retry 1/5 for MKCK in 2.5s
[16:31:10] 🔄 Identity reset
[16:31:13] 🧠 New identity created
[16:31:14] [45/326] SRMM
[16:31:15] [46/326] SKYR
[16:31:16] [47/326] PCKC
[16:31:17] [48/326] JCMA
[16:31:17] [49/326] BSMP
[16:31:18] [50/326] VSPA
[16:31:19] [51/326] DJYA
[16:31:21] [52/326] DIMP
[16:31:21] [53/326] FXDR
[16:31:21] 🔄 Identity reset
[16:31:21] 🔄 Identity rotated (every 10 requests)
[16:31:21] 🔄 Retry 1/5 for FXDR in 2.8s
[16:31:21] 🔄 Identity reset
[16:31:24] 🧠 New identity created
[16:31:24] 🔄 Retry 2/5 for FXDR in 4.2s
[16:31:24] 🔄 Identity reset
[16:31:29] 🧠 New identity created
[16:31:30] [54/326] SSRC
[16:31:30] [55/326] STHP
[16:31:31] [56/326] CPPD
[16:31:32] [57/326] FCLK
[16:31:33] [58/326] SCPP
[16:31:34] [59/326] DCMJ
[16:31:35] [60/326] RCCR
[16:31:36] [61/326] INMT
[16:31:36] 🔄 Identity reset
[16:31:36] 🔄 Identity rotated (every 10 requests)
[16:31:36] 🔄 Retry 1/5 for INMT in 2.2s
[16:31:36] 🔄 Identity reset
[16:31:38] 🧠 New identity created
[16:31:39] [62/326] LXTK
[16:31:40] [63/326] SRYK
[16:31:41] [64/326] SGDK
[16:31:42] [65/326] PPKA
[16:31:43] [66/326] SPKA
[16:31:44] [67/326] CGHH
[16:31:45] [68/326] DCJN
[16:31:46] [69/326] SRKV
[16:31:47] [70/326] SAJC
[16:31:47] 🔄 Identity reset
[16:31:47] 🔄 Identity rotated (every 10 requests)
[16:31:48] [71/326] SUSR
[16:31:49] [72/326] STYG
[16:31:50] [73/326] NTKP
[16:31:51] [74/326] AKTG
[16:31:52] [75/326] CGCM
[16:31:52] [76/326] TULC
[16:31:53] [77/326] NYYZ
[16:31:54] [78/326] NYBW
[16:31:55] [79/326] MACB
[16:31:56] [80/326] SLVT
[16:31:56] 🔄 Identity reset
[16:31:56] 🔄 Identity rotated (every 10 requests)
[16:31:56] 🔄 Retry 1/5 for SLVT in 2.1s
[16:31:56] 🔄 Identity reset
[16:31:59] 🧠 New identity created
[16:31:59] 🔄 Retry 2/5 for SLVT in 4.8s
[16:31:59] 🔄 Identity reset
[16:32:03] 🧠 New identity created
[16:32:04] 🔄 Retry 3/5 for SLVT in 8.6s
[16:32:04] 🔄 Identity reset
[16:32:12] 🧠 New identity created
[16:32:12] 🔄 Retry 4/5 for SLVT in 16.6s
[16:32:12] 🔄 Identity reset
[16:32:29] 🧠 New identity created
[16:32:30] [81/326] SANA
[16:32:31] [82/326] ACMR
[16:32:31] [83/326] CPKN
[16:32:32] [84/326] DLGK
[16:32:33] [85/326] CWCK
[16:32:34] [86/326] FDDH
[16:32:34] 🔄 Identity reset
[16:32:34] 🔄 Identity rotated (every 10 requests)
[16:32:35] [87/326] MMMD
[16:32:36] [88/326] CMEH
[16:32:37] [89/326] GGGV
[16:32:38] [90/326] SPJL
[16:32:39] [91/326] RCCD
[16:32:39] [92/326] STTZ
[16:32:40] [93/326] BTCF
[16:32:41] [94/326] TSTZ
[16:32:42] [95/326] IPMM
[16:32:43] [96/326] PMPW
[16:32:43] 🔄 Identity reset
[16:32:43] 🔄 Identity rotated (every 10 requests)
[16:32:43] 🔄 Retry 1/5 for PMPW in 2.4s
[16:32:43] 🔄 Identity reset
[16:32:45] 🧠 New identity created
[16:32:46] 🔄 Retry 2/5 for PMPW in 4.8s
[16:32:46] 🔄 Identity reset
[16:32:50] 🧠 New identity created
[16:32:50] 🔄 Retry 3/5 for PMPW in 8.6s
[16:32:50] 🔄 Identity reset
[16:32:59] 🧠 New identity created
[16:33:00] [97/326] PCMZ
[16:33:01] [98/326] ESEM
[16:33:02] [99/326] PIPO
[16:33:03] [100/326] MATK
[16:33:04] [101/326] PGHM
[16:33:05] [102/326] CTSR
[16:33:06] [103/326] CYKR
[16:33:06] 🔄 Identity reset
[16:33:06] 🔄 Identity rotated (every 10 requests)
[16:33:06] 🔄 Retry 1/5 for CYKR in 2.9s
[16:33:06] 🔄 Identity reset
[16:33:09] 🧠 New identity created
[16:33:10] [104/326] MSCM
[16:33:11] [105/326] RFNP
[16:33:12] [106/326] PDCP
[16:33:13] [107/326] NPSE
[16:33:13] [108/326] MKML
[16:33:14] [109/326] FTDP
[16:33:16] [110/326] MMXA
[16:33:17] [111/326] CEPO
[16:33:18] [112/326] CMVP
[16:33:18] 🔄 Identity reset
[16:33:18] 🔄 Identity rotated (every 10 requests)
[16:33:18] 🔄 Retry 1/5 for CMVP in 2.3s
[16:33:18] 🔄 Identity reset
[16:33:21] 🧠 New identity created
[16:33:21] [113/326] SGTH
[16:33:22] [114/326] SAYN
[16:33:23] [115/326] URVS
[16:33:24] [116/326] VJTN
[16:33:25] [117/326] BBYK
[16:33:26] [118/326] SHBO
[16:33:27] [119/326] VCMR
[16:33:28] [120/326] MACT
[16:33:29] [121/326] JMNP
[16:33:29] 🔄 Identity reset
[16:33:29] 🔄 Identity rotated (every 10 requests)
[16:33:29] 🔄 Retry 1/5 for JMNP in 2.6s
[16:33:29] 🔄 Identity reset
[16:33:31] 🧠 New identity created
[16:33:33] [122/326] VICS
[16:33:34] [123/326] VCDA
[16:33:35] [124/326] GCMM
[16:33:36] [125/326] INVS
[16:33:37] [126/326] SCGM
[16:33:38] [127/326] PCDA
[16:33:38] [128/326] KDCT
[16:33:39] [129/326] JACS
[16:33:40] [130/326] GMMC
[16:33:40] 🔄 Identity reset
[16:33:40] 🔄 Identity rotated (every 10 requests)
[16:33:41] [131/326] AICM
[16:33:42] [132/326] TJCM
[16:33:43] [133/326] RMTI
[16:33:44] [134/326] SHAC
[16:33:45] [135/326] APJC
[16:33:46] [136/326] GCTG
[16:33:47] [137/326] SSMC
[16:33:48] [138/326] THRM
[16:33:48] [139/326] RBCT
[16:33:49] [140/326] DIKT
[16:33:49] 🔄 Identity reset
[16:33:49] 🔄 Identity rotated (every 10 requests)
[16:33:50] [141/326] MIDL
[16:33:51] [142/326] VCSN
[16:33:52] [143/326] SKTG
[16:33:53] [144/326] SMWC
[16:33:54] [145/326] MNKH
[16:33:55] [146/326] PIAT
[16:33:56] [147/326] LTTP
[16:33:57] [148/326] PTPU
[16:33:58] [149/326] ACMG
[16:33:59] [150/326] SHMM
[16:33:59] 🔄 Identity reset
[16:33:59] 🔄 Identity rotated (every 10 requests)
[16:34:00] [151/326] MCMN
[16:34:00] [152/326] GLDC
[16:34:01] [153/326] HOUT
[16:34:02] [154/326] SVRP
[16:34:03] [155/326] PVDN
[16:34:04] [156/326] SCPY
[16:34:04] [157/326] DTPY
[16:34:05] [158/326] GKCS
[16:34:06] [159/326] NCAM
[16:34:07] [160/326] BSRM
[16:34:07] 🔄 Identity reset
[16:34:07] 🔄 Identity rotated (every 10 requests)
[16:34:09] [161/326] RCLC
[16:34:09] [162/326] SKKD
[16:34:10] [163/326] ACHU
[16:34:11] [164/326] RSCF
[16:34:12] [165/326] IMSH
[16:34:13] [166/326] MACX
[16:34:14] [167/326] HMMW
[16:34:15] [168/326] JTCP
[16:34:16] [169/326] SREN
[16:34:17] [170/326] PJRR
[16:34:17] 🔄 Identity reset
[16:34:17] 🔄 Identity rotated (every 10 requests)
[16:34:17] [171/326] INAC
[16:34:19] [172/326] BMCA
[16:34:20] [173/326] SHCB
[16:34:21] [174/326] GABA
[16:34:22] [175/326] SBCT
[16:34:23] [176/326] GCMA
[16:34:24] [177/326] MYTK
[16:34:25] [178/326] INZS
[16:34:26] [179/326] RMIK
[16:34:27] [180/326] NYCH
[16:34:27] 🔄 Identity reset
[16:34:27] 🔄 Identity rotated (every 10 requests)
[16:34:27] 🔄 Retry 1/5 for NYCH in 2.1s
[16:34:27] 🔄 Identity reset
[16:34:29] 🧠 New identity created
[16:34:30] [181/326] RAVE
[16:34:31] [182/326] PSXM
[16:34:32] [183/326] MCGP
[16:34:33] [184/326] PDDK
[16:34:34] [185/326] SPCK
[16:34:35] [186/326] MCRL
[16:34:36] [187/326] MHKT
[16:34:37] [188/326] ANRR
[16:34:37] [189/326] SAPK
[16:34:37] 🔄 Identity reset
[16:34:37] 🔄 Identity rotated (every 10 requests)
[16:34:38] [190/326] NCUK
[16:34:39] [191/326] JUGA
[16:34:40] [192/326] DBSC
[16:34:41] [193/326] LALK
[16:34:42] [194/326] GUCK
[16:34:43] [195/326] STSG
[16:34:44] [196/326] PPPZ
[16:34:45] [197/326] CNCY
[16:34:46] [198/326] MTAR
[16:34:47] [199/326] VNKD
[16:34:47] 🔄 Identity reset
[16:34:47] 🔄 Identity rotated (every 10 requests)
[16:34:47] 🔄 Retry 1/5 for VNKD in 2.0s
[16:34:47] 🔄 Identity reset
[16:34:49] 🧠 New identity created
[16:34:50] [200/326] KMAJ
[16:34:52] [201/326] ACXK
[16:34:53] [202/326] UTKC
[16:34:54] [203/326] PBLK
[16:34:55] [204/326] ACBX
[16:34:56] [205/326] PTGM
[16:34:57] [206/326] BTDA
[16:34:57] [207/326] PJMB
[16:34:58] [208/326] TPDA
[16:34:58] 🔄 Identity reset
[16:34:58] 🔄 Identity rotated (every 10 requests)
[16:34:59] [209/326] AMOE
[16:35:00] [210/326] PRHT
[16:35:01] [211/326] PRTA
[16:35:02] [212/326] STAM
[16:35:03] [213/326] MSAA
[16:35:04] [214/326] SDLU
[16:35:06] [215/326] RCHH
[16:35:06] [216/326] KANT
[16:35:07] [217/326] FCRT
[16:35:08] [218/326] DNKM
[16:35:08] 🔄 Identity reset
[16:35:08] 🔄 Identity rotated (every 10 requests)
[16:35:08] 🔄 Retry 1/5 for DNKM in 2.6s
[16:35:08] 🔄 Identity reset
[16:35:11] 🧠 New identity created
[16:35:12] [219/326] RYCP
[16:35:13] [220/326] MYRP
[16:35:14] [221/326] PPAK
[16:35:15] [222/326] NVPK
[16:35:16] [223/326] PRMC
[16:35:18] [224/326] JBCS
[16:35:19] [225/326] GXCK
[16:35:20] [226/326] USKO
[16:35:21] [227/326] GTEM
[16:35:21] 🔄 Identity reset
[16:35:21] 🔄 Identity rotated (every 10 requests)
[16:35:23] [228/326] SMBU
[16:35:24] [229/326] VETC
[16:35:25] [230/326] LCDA
[16:35:26] [231/326] MTVT
[16:35:26] [232/326] PYCP
[16:35:27] [233/326] PNSC
[16:35:28] [234/326] PPCC
[16:35:29] [235/326] TGRT
[16:35:30] [236/326] JYOT
[16:35:31] [237/326] SRCZ
[16:35:31] 🔄 Identity reset
[16:35:31] 🔄 Identity rotated (every 10 requests)
[16:35:31] 🔄 Retry 1/5 for SRCZ in 2.6s
[16:35:31] 🔄 Identity reset
[16:35:33] 🧠 New identity created
[16:35:34] [238/326] SJTE
[16:35:35] [239/326] DESC
[16:35:36] [240/326] JHVN
[16:35:37] [241/326] IPSG
[16:35:38] [242/326] IPCM
[16:35:38] [243/326] PDRS
[16:35:39] [244/326] ANCV
[16:35:40] [245/326] CMVV
[16:35:41] [246/326] SHYP
[16:35:41] 🔄 Identity reset
[16:35:41] 🔄 Identity rotated (every 10 requests)
[16:35:42] [247/326] DNCS
[16:35:43] [248/326] GAJK
[16:35:44] [249/326] AKTN
[16:35:45] [250/326] KAYA
[16:35:46] [251/326] SBRC
[16:35:47] [252/326] CHTP
[16:35:47] [253/326] SHRT
[16:35:48] [254/326] BCKU
[16:35:49] [255/326] FCPS
[16:35:50] [256/326] ARDD
[16:35:50] 🔄 Identity reset
[16:35:50] 🔄 Identity rotated (every 10 requests)
[16:35:51] [257/326] CPCM
[16:35:52] [258/326] CGSM
[16:35:53] [259/326] PSMP
[16:35:54] [260/326] SDAL
[16:35:55] [261/326] RTNB
[16:35:56] [262/326] LMCR
[16:35:56] [263/326] CIMA
[16:35:57] [264/326] RNAS
[16:35:58] [265/326] LITH
[16:35:59] [266/326] PBOX
[16:35:59] 🔄 Identity reset
[16:35:59] 🔄 Identity rotated (every 10 requests)
[16:35:59] 🔄 Retry 1/5 for PBOX in 2.6s
[16:35:59] 🔄 Identity reset
[16:36:01] 🧠 New identity created
[16:36:02] [267/326] FRTS
[16:36:03] [268/326] RKIC
[16:36:04] [269/326] PTAI
[16:36:06] [270/326] GCIC
[16:36:06] [271/326] FNAS
[16:36:07] [272/326] SCAR
[16:36:08] [273/326] MTCA
[16:36:10] [274/326] SCTS
[16:36:10] [275/326] SYCS
[16:36:10] 🔄 Identity reset
[16:36:11] 🔄 Identity rotated (every 10 requests)
[16:36:11] [276/326] RDMS
[16:36:12] [277/326] KAMP
[16:36:13] [278/326] ERSD
[16:36:14] [279/326] MJMJ
[16:36:15] [280/326] SRCJ
[16:36:17] [281/326] SCXE
[16:36:18] [282/326] SVFR
[16:36:18] [283/326] BHCS
[16:36:19] [284/326] IMCC
[16:36:20] [285/326] PCBO
[16:36:20] 🔄 Identity reset
[16:36:20] 🔄 Identity rotated (every 10 requests)
[16:36:21] [286/326] PRVN
[16:36:22] [287/326] AUPM
[16:36:23] [288/326] INBW
[16:36:24] [289/326] SVCW
[16:36:25] [290/326] RKCF
[16:36:26] [291/326] UVBH
[16:36:27] [292/326] DNCY
[16:36:28] [293/326] ABCN
[16:36:30] [294/326] PRUR
[16:36:30] [295/326] PFMR
[16:36:30] 🔄 Identity reset
[16:36:30] 🔄 Identity rotated (every 10 requests)
[16:36:31] [296/326] RKCN
[16:36:33] [297/326] CFEA
[16:36:34] [298/326] SDBG
[16:36:35] [299/326] SNAR
[16:36:36] [300/326] YISI
[16:36:37] [301/326] JCFF
[16:36:38] [302/326] VTRK
[16:36:38] [303/326] PCLZ
[16:36:39] [304/326] DIMY
[16:36:40] [305/326] BBTS
[16:36:40] 🔄 Identity reset
[16:36:40] 🔄 Identity rotated (every 10 requests)
[16:36:41] [306/326] GATH
[16:36:43] [307/326] GTMN
[16:36:44] [308/326] VTMH
[16:36:45] [309/326] CCKP
[16:36:45] [310/326] GPKA
[16:36:47] [311/326] MHCL
[16:36:48] [312/326] ATCL
[16:36:49] [313/326] SBCK
[16:36:50] [314/326] AMMR
[16:36:51] [315/326] MADC
[16:36:51] 🔄 Identity reset
[16:36:51] 🔄 Identity rotated (every 10 requests)
[16:36:52] [316/326] TMMA
[16:36:53] [317/326] CACC
[16:36:53] [318/326] CHAL
[16:36:54] [319/326] DURG
[16:36:55] [320/326] GMKU
[16:36:56] [321/326] GECA
[16:36:57] [322/326] KYRR
[16:36:58] [323/326] KSDE
[16:36:59] [324/326] LMCI
[16:36:59] [325/326] NKCP
[16:36:59] 🔄 Identity reset
[16:36:59] 🔄 Identity rotated (every 10 requests)
[16:37:00] [326/326] BGTC
[16:37:01] 🧹 Deduping shows
[16:37:02] ✅ DONE | Shows=2439 | Movies=65
