[10:12:52] 🚀 SCRIPT STARTED
[10:12:52] [1/459] NECA
[10:12:52] 🧠 New identity created
[10:12:52] 🔄 Identity reset
[10:12:52] ❌ NECA | RuntimeError
[10:12:53] [2/459] BJLC
[10:12:53] 🧠 New identity created
[10:12:55] [3/459] BASU
[10:12:55] [4/459] RUPI
[10:12:56] [5/459] LCBK
[10:12:57] [6/459] PMAC
[10:12:58] [7/459] AMLC
[10:12:59] [8/459] LICL
[10:12:59] [9/459] UDMM
[10:13:00] [10/459] STBZ
[10:13:01] [11/459] UUBT
[10:13:02] [12/459] SJKC
[10:13:02] [13/459] TUAL
[10:13:03] [14/459] MRSE
[10:13:04] [15/459] RMRK
[10:13:05] [16/459] TTKP
[10:13:06] [17/459] KTKO
[10:13:07] [18/459] SDBK
[10:13:08] [19/459] MCPR
[10:13:09] [20/459] CHTI
[10:13:10] [21/459] GCCP
[10:13:11] [22/459] SRMY
[10:13:12] [23/459] NYST
[10:13:12] [24/459] NYAG
[10:13:13] [25/459] SBMT
[10:13:14] [26/459] INGA
[10:13:15] [27/459] WSIC
[10:13:16] [28/459] SCSS
[10:13:17] [29/459] COPG
[10:13:18] [30/459] RCGR
[10:13:18] [31/459] TCZA
[10:13:19] [32/459] CNLP
[10:13:20] [33/459] CLKN
[10:13:21] [34/459] LHDF
[10:13:22] [35/459] ELKC
[10:13:23] [36/459] VCEM
[10:13:23] [37/459] SSZA
[10:13:24] [38/459] KRMT
[10:13:25] [39/459] LCMV
[10:13:26] [40/459] AYCZ
[10:13:27] [41/459] CUMS
[10:13:28] [42/459] BOCK
[10:13:28] [43/459] PNMR
[10:13:29] [44/459] PJCP
[10:13:30] [45/459] JDDD
[10:13:31] [46/459] STMS
[10:13:32] [47/459] FLMB
[10:13:33] [48/459] PKCM
[10:13:33] [49/459] SPPR
[10:13:35] [50/459] EYLH
[10:13:36] [51/459] RJCC
[10:13:37] [52/459] MMPS
[10:13:38] [53/459] SHMX
[10:13:39] [54/459] CCNL
[10:13:40] [55/459] RCNV
[10:13:40] [56/459] MAAG
[10:13:41] [57/459] LXCM
[10:13:42] [58/459] RCNI
[10:13:43] [59/459] SNNI
[10:13:43] [60/459] LALC
[10:13:45] [61/459] SOCN
[10:13:46] [62/459] JHTP
[10:13:47] [63/459] PITP
[10:13:47] [64/459] CCKW
[10:13:48] [65/459] MCMC
[10:13:49] [66/459] DEES
[10:13:50] [67/459] SABT
[10:13:51] [68/459] VSPP
[10:13:51] [69/459] ABCT
[10:13:52] [70/459] JVTB
[10:13:53] [71/459] VCBD
[10:13:54] [72/459] RMGG
[10:13:55] [73/459] RNMH
[10:13:55] [74/459] SPGL
[10:13:56] [75/459] JTTR
[10:13:57] [76/459] SICS
[10:13:58] [77/459] SRMI
[10:13:59] [78/459] SSIJ
[10:14:00] [79/459] KFMT
[10:14:01] [80/459] VBIT
[10:14:02] [81/459] JKCT
[10:14:03] [82/459] GCGP
[10:14:04] [83/459] GDCS
[10:14:05] [84/459] TRBA
[10:14:06] [85/459] QUST
[10:14:07] [86/459] VSHM
[10:14:08] [87/459] SDCP
[10:14:09] [88/459] SNVS
[10:14:10] [89/459] NYTO
[10:14:11] [90/459] URWC
[10:14:12] [91/459] GTWH
[10:14:12] [92/459] PFCM
[10:14:14] [93/459] KRTA
[10:14:15] [94/459] AXMC
[10:14:16] [95/459] EVMC
[10:14:17] [96/459] HGSM
[10:14:17] [97/459] ACVM
[10:14:18] [98/459] PSKL
[10:14:19] [99/459] RDMP
[10:14:20] [100/459] RHGH
[10:14:21] [101/459] OMCM
[10:14:21] [102/459] DCCP
[10:14:22] [103/459] MCPB
[10:14:23] [104/459] ALCI
[10:14:24] [105/459] BLMX
[10:14:25] [106/459] BTMV
[10:14:26] [107/459] FVPN
[10:14:27] [108/459] CMAR
[10:14:27] [109/459] CEIM
[10:14:28] [110/459] CMVA
[10:14:29] [111/459] CPIV
[10:14:30] [112/459] CNPE
[10:14:31] [113/459] COLV
[10:14:32] [114/459] DNNV
[10:14:32] [115/459] HCAD
[10:14:33] [116/459] TAKA
[10:14:34] [117/459] INVD
[10:14:35] [118/459] IRMM
[10:14:36] [119/459] INSE
[10:14:36] [120/459] MRSW
[10:14:37] [121/459] MCVD
[10:14:38] [122/459] MCSO
[10:14:39] [123/459] PEVM
[10:14:40] [124/459] PVNL
[10:14:41] [125/459] PTCV
[10:14:41] [126/459] PRTC
[10:14:42] [127/459] RCVA
[10:14:43] [128/459] MTBN
[10:14:43] [129/459] LUCP
[10:14:44] [130/459] FMPT
[10:14:45] [131/459] JLSL
[10:14:46] [132/459] SBHA
[10:14:47] [133/459] SHRC
[10:14:48] [134/459] AVPS
[10:14:48] [135/459] STPM
[10:14:49] [136/459] ATRD
[10:14:50] [137/459] VTED
[10:14:51] [138/459] ACAI
[10:14:52] [139/459] SMAE
[10:14:53] [140/459] VMAT
[10:14:53] [141/459] LKCT
[10:14:54] [142/459] JTVK
[10:14:55] [143/459] PRTY
[10:14:56] [144/459] GETT
[10:14:57] [145/459] ESAP
[10:14:58] [146/459] NCPM
[10:14:59] [147/459] PCPA
[10:15:00] [148/459] MMOM
[10:15:00] [149/459] PHUP
[10:15:02] [150/459] CCPI
[10:15:03] [151/459] CNTD
[10:15:03] [152/459] NLJR
[10:15:04] [153/459] SRNG
[10:15:05] [154/459] MHAL
[10:15:06] [155/459] PNSM
[10:15:07] [156/459] DRMY
[10:15:08] [157/459] CCMU
[10:15:08] [158/459] SCMY
[10:15:09] [159/459] PVSY
[10:15:10] [160/459] SDLM
[10:15:11] [161/459] ICCM
[10:15:11] [162/459] PYSU
[10:15:12] [163/459] GATM
[10:15:13] [164/459] WOTM
[10:15:14] [165/459] RKTS
[10:15:16] [166/459] PMTY
[10:15:17] [167/459] LYMS
[10:15:18] [168/459] TGCA
[10:15:18] [169/459] DSTA
[10:15:19] [170/459] CNGE
[10:15:20] [171/459] VSTG
[10:15:21] [172/459] GTCK
[10:15:22] [173/459] TGNT
[10:15:23] [174/459] ASLC
[10:15:24] [175/459] SSST
[10:15:25] [176/459] KBTT
[10:15:26] [177/459] HKCP
[10:15:26] [178/459] SWLC
[10:15:27] [179/459] RTND
[10:15:28] [180/459] PKKT
[10:15:29] [181/459] HSTK
[10:15:30] [182/459] SPTT
[10:15:31] [183/459] IMPM
[10:15:32] [184/459] SCMV
[10:15:33] [185/459] SPCT
[10:15:34] [186/459] JBCA
[10:15:35] [187/459] ATTR
[10:15:36] [188/459] SPMT
[10:15:37] [189/459] LCTM
[10:15:38] [190/459] SCVL
[10:15:39] [191/459] SCVT
[10:15:40] [192/459] KRIC
[10:15:41] [193/459] CTMG
[10:15:43] [194/459] ACNC
[10:15:43] [195/459] DMCK
[10:15:44] [196/459] KMTV
[10:15:45] [197/459] PFCJ
[10:15:46] [198/459] VNMD
[10:15:47] [199/459] VPCZ
[10:15:48] [200/459] SRYR
[10:15:50] [201/459] SYTR
[10:15:51] [202/459] GATR
[10:15:52] [203/459] URTR
[10:15:53] [204/459] MKSM
[10:15:53] [205/459] VSMH
[10:15:54] [206/459] SKRJ
[10:15:55] [207/459] SSJR
[10:15:56] [208/459] SVSM
[10:15:56] [209/459] RUCM
[10:15:57] [210/459] PRKN
[10:15:58] [211/459] RROH
[10:15:59] [212/459] SCTN
[10:16:00] [213/459] RTDM
[10:16:00] [214/459] ASRM
[10:16:01] [215/459] SKMD
[10:16:02] [216/459] SUTD
[10:16:03] [217/459] SADM
[10:16:04] [218/459] WCNR
[10:16:04] [219/459] CNED
[10:16:05] [220/459] MPDB
[10:16:06] [221/459] KTBH
[10:16:07] [222/459] IDRM
[10:16:08] [223/459] PJJT
[10:16:09] [224/459] PFCV
[10:16:10] [225/459] AACT
[10:16:10] [226/459] AAAD
[10:16:11] [227/459] ANES
[10:16:12] [228/459] MNCA
[10:16:13] [229/459] RMGU
[10:16:14] [230/459] DLCN
[10:16:15] [231/459] LJWT
[10:16:15] [232/459] MCBG
[10:16:16] [233/459] MYBG
[10:16:17] [234/459] GCCA
[10:16:18] [235/459] GCGA
[10:16:19] [236/459] ECGN
[10:16:20] [237/459] PRAB
[10:16:20] [238/459] PNMP
[10:16:21] [239/459] GCPT
[10:16:22] [240/459] ROYN
[10:16:22] [241/459] VATM
[10:16:23] [242/459] KSNT
[10:16:24] [243/459] ACTC
[10:16:25] [244/459] PLTD
[10:16:27] [245/459] SKMK
[10:16:27] [246/459] CMTT
[10:16:29] [247/459] SMXP
[10:16:29] [248/459] SCMX
[10:16:30] [249/459] ACXN
[10:16:31] [250/459] ASWT
[10:16:33] [251/459] VVVL
[10:16:33] [252/459] NAGO
[10:16:34] [253/459] SNCN
[10:16:36] [254/459] MCKP
[10:16:37] [255/459] SAMO
[10:16:38] [256/459] JBTV
[10:16:38] [257/459] DCVV
[10:16:39] [258/459] KMSV
[10:16:40] [259/459] KDCN
[10:16:41] [260/459] CNCP
[10:16:42] [261/459] HAMC
[10:16:42] [262/459] CCVZ
[10:16:43] [263/459] NCCK
[10:16:44] [264/459] MCHR
[10:16:45] [265/459] SCHT
[10:16:46] [266/459] ESSH
[10:16:47] [267/459] CUJC
[10:16:47] [268/459] PECP
[10:16:48] [269/459] PMMI
[10:16:49] [270/459] PCCH
[10:16:50] [271/459] PRPM
[10:16:51] [272/459] PVKL
[10:16:52] [273/459] CBSM
[10:16:53] [274/459] PVCZ
[10:16:54] [275/459] PCVV
[10:16:55] [276/459] CTMJ
[10:16:56] [277/459] RCPS
[10:16:57] [278/459] PCIT
[10:16:58] [279/459] FNCH
[10:16:59] [280/459] INZD
[10:17:00] [281/459] INPC
[10:17:00] [282/459] LCZP
[10:17:01] [283/459] SMCB
[10:17:02] [284/459] PTSB
[10:17:03] [285/459] TPSI
[10:17:04] [286/459] KHMJ
[10:17:04] [287/459] RCCJ
[10:17:05] [288/459] NCJA
[10:17:07] [289/459] NCJN
[10:17:08] [290/459] BTDP
[10:17:09] [291/459] PADY
[10:17:10] [292/459] NYBH
[10:17:11] [293/459] MTBR
[10:17:12] [294/459] KRBC
[10:17:12] [295/459] DKTI
[10:17:13] [296/459] ANAN
[10:17:14] [297/459] INBP
[10:17:15] [298/459] PATB
[10:17:16] [299/459] RGNT
[10:17:17] [300/459] CGPM
[10:17:18] [301/459] INTN
[10:17:18] [302/459] MCMP
[10:17:19] [303/459] ASRG
[10:17:20] [304/459] CXJD
[10:17:21] [305/459] SPCP
[10:17:21] [306/459] CSTP
[10:17:22] [307/459] PKVC
[10:17:23] [308/459] ESCP
[10:17:24] [309/459] CAEP
[10:17:25] [310/459] CCSP
[10:17:25] [311/459] KTPC
[10:17:26] [312/459] DACA
[10:17:27] [313/459] NVKY
[10:17:28] [314/459] PTIN
[10:17:29] [315/459] SCIN
[10:17:30] [316/459] MCTY
[10:17:31] [317/459] PCMX
[10:17:31] [318/459] INIC
[10:17:32] [319/459] MMZM
[10:17:33] [320/459] SSLP
[10:17:34] [321/459] DTDT
[10:17:35] [322/459] FFCX
[10:17:35] [323/459] RCMM
[10:17:37] [324/459] KYID
[10:17:38] [325/459] CSCI
[10:17:38] [326/459] FCMC
[10:17:40] [327/459] MMXI
[10:17:41] [328/459] ASTC
[10:17:42] [329/459] CMRA
[10:17:44] [330/459] DICI
[10:17:45] [331/459] KDIN
[10:17:46] [332/459] PRFI
[10:17:47] [333/459] SVFC
[10:17:48] [334/459] UCPL
[10:17:49] [335/459] COOC
[10:17:49] [336/459] SCAL
[10:17:50] [337/459] SVFF
[10:17:51] [338/459] VCMG
[10:17:52] [339/459] UUCT
[10:17:53] [340/459] GCSE
[10:17:54] [341/459] SUSC
[10:17:55] [342/459] MISC
[10:17:55] [343/459] RMBL
[10:17:56] [344/459] CMXN
[10:17:57] [345/459] PVBK
[10:17:58] [346/459] HHCG
[10:17:58] [347/459] SCAG
[10:17:59] [348/459] CNPR
[10:18:00] [349/459] CSER
[10:18:01] [350/459] HLWD
[10:18:02] [351/459] BOLY
[10:18:03] [352/459] SSPG
[10:18:03] [353/459] MUPX
[10:18:04] [354/459] HAMR
[10:18:05] [355/459] SDNC
[10:18:07] [356/459] RTEN
[10:18:08] [357/459] SDTD
[10:18:09] [358/459] KAWS
[10:18:10] [359/459] CMZX
[10:18:11] [360/459] DCDD
[10:18:12] [361/459] ALSN
[10:18:12] [362/459] IMXS
[10:18:13] [363/459] PVFF
[10:18:14] [364/459] PVOO
[10:18:15] [365/459] CFBS
[10:18:16] [366/459] PVER
[10:18:16] [367/459] PPNX
[10:18:17] [368/459] CNRM
[10:18:19] [369/459] PVWW
[10:18:20] [370/459] INMB
[10:18:20] [371/459] CPJR
[10:18:21] [372/459] INRZ
[10:18:22] [373/459] PMSR
[10:18:23] [374/459] GPGM
[10:18:24] [375/459] PGWB
[10:18:25] [376/459] PMBR
[10:18:26] [377/459] GPAM
[10:18:28] [378/459] INBC
[10:18:28] [379/459] PZVK
[10:18:29] [380/459] CPEB
[10:18:30] [381/459] FMLB
[10:18:31] [382/459] INBG
[10:18:32] [383/459] GPBR
[10:18:33] [384/459] PAAS
[10:18:33] [385/459] VTBR
[10:18:34] [386/459] GPMY
[10:18:35] [387/459] GYBU
[10:18:37] [388/459] INBJ
[10:18:37] [389/459] LKTH
[10:18:38] [390/459] NSBR
[10:18:40] [391/459] PDRD
[10:18:41] [392/459] VRBL
[10:18:42] [393/459] VTGB
[10:18:43] [394/459] VTSK
[10:18:45] [395/459] BKDV
[10:18:46] [396/459] SVTB
[10:18:46] [397/459] MLDT
[10:18:47] [398/459] NRBL
[10:18:48] [399/459] SLTR
[10:18:49] [400/459] VNKA
[10:18:50] [401/459] TDCA
[10:18:51] [402/459] INBM
[10:18:52] [403/459] SSNR
[10:18:54] [404/459] BHAC
[10:18:55] [405/459] SDSD
[10:18:56] [406/459] SAMP
[10:18:57] [407/459] RATK
[10:18:58] [408/459] KCBI
[10:18:59] [409/459] URBL
[10:19:00] [410/459] MKBG
[10:19:01] [411/459] ASTB
[10:19:02] [412/459] VBWT
[10:19:02] [413/459] GPSM
[10:19:03] [414/459] ROON
[10:19:04] [415/459] CHTH
[10:19:05] [416/459] SSPA
[10:19:06] [417/459] ANBL
[10:19:07] [418/459] VTBE
[10:19:08] [419/459] SVKT
[10:19:09] [420/459] SVYK
[10:19:10] [421/459] PTBK
[10:19:11] [422/459] RKTB
[10:19:12] [423/459] BALT
[10:19:13] [424/459] STSV
[10:19:14] [425/459] VCCB
[10:19:14] [426/459] SLTB
[10:19:15] [427/459] SBCR
[10:19:16] [428/459] VDCS
[10:19:17] [429/459] MDKI
[10:19:17] [430/459] SMRN
[10:19:18] [431/459] PTBC
[10:19:19] [432/459] RADI
[10:19:20] [433/459] ADCR
[10:19:21] [434/459] SDCS
[10:19:22] [435/459] SRPJ
[10:19:23] [436/459] ARTS
[10:19:23] [437/459] SRHK
[10:19:24] [438/459] SPAY
[10:19:25] [439/459] GPTB
[10:19:26] [440/459] SNNN
[10:19:27] [441/459] BALJ
[10:19:27] [442/459] TRIG
[10:19:29] [443/459] GTYT
[10:19:30] [444/459] ATGN
[10:19:30] [445/459] ANTE
[10:19:31] [446/459] BDCG
[10:19:32] [447/459] VECI
[10:19:33] [448/459] SCPR
[10:19:34] [449/459] RTEA
[10:19:35] [450/459] JSAI
[10:19:36] [451/459] VJTP
[10:19:37] [452/459] GNDS
[10:19:38] [453/459] PAXA
[10:19:38] [454/459] CGGM
[10:19:39] [455/459] ACKZ
[10:19:40] [456/459] EMCC
[10:19:41] [457/459] KLSK
[10:19:42] [458/459] AVCK
[10:19:42] [459/459] JTCK
[10:19:43] 🔁 RETRY ROUND 1 | Remaining: 1
[10:19:43] [RETRY-1] NECA
[10:19:44] 🧹 Deduping shows
[10:19:44] ✅ DONE | Shows=10 | Movies=3
[04:58:58] 🚀 SCRIPT STARTED
[04:58:58] [1/459] NECA
[04:58:58] 🧠 New identity created
[04:58:58] 🔄 Identity reset
[04:58:58] ❌ NECA | RuntimeError
[04:58:59] [2/459] BJLC
[04:58:59] 🧠 New identity created
[04:59:00] [3/459] BASU
[04:59:01] [4/459] RUPI
[04:59:01] [5/459] LCBK
[04:59:03] [6/459] PMAC
[04:59:04] [7/459] AMLC
[04:59:05] [8/459] LICL
[04:59:05] [9/459] UDMM
[04:59:06] [10/459] STBZ
[04:59:08] [11/459] UUBT
[04:59:09] [12/459] SJKC
[04:59:10] [13/459] TUAL
[04:59:11] [14/459] MRSE
[04:59:11] [15/459] RMRK
[04:59:12] [16/459] TTKP
[04:59:13] [17/459] KTKO
[04:59:14] [18/459] SDBK
[04:59:14] [19/459] MCPR
[04:59:15] [20/459] CHTI
[04:59:16] [21/459] GCCP
[04:59:17] [22/459] SRMY
[04:59:18] [23/459] NYST
[04:59:18] [24/459] NYAG
[04:59:19] [25/459] SBMT
[04:59:20] [26/459] INGA
[04:59:21] [27/459] WSIC
[04:59:22] [28/459] SCSS
[04:59:23] [29/459] COPG
[04:59:24] [30/459] RCGR
[04:59:25] [31/459] TCZA
[04:59:26] [32/459] CNLP
[04:59:27] [33/459] CLKN
[04:59:27] [34/459] LHDF
[04:59:28] [35/459] ELKC
[04:59:29] [36/459] VCEM
[04:59:30] [37/459] SSZA
[04:59:30] [38/459] KRMT
[04:59:31] [39/459] LCMV
[04:59:32] [40/459] AYCZ
[04:59:33] [41/459] CUMS
[04:59:34] [42/459] BOCK
[04:59:35] [43/459] PNMR
[04:59:36] [44/459] PJCP
[04:59:37] [45/459] JDDD
[04:59:38] [46/459] STMS
[04:59:39] [47/459] FLMB
[04:59:40] [48/459] PKCM
[04:59:41] [49/459] SPPR
[04:59:43] [50/459] EYLH
[04:59:44] [51/459] RJCC
[04:59:44] [52/459] MMPS
[04:59:45] [53/459] SHMX
[04:59:47] [54/459] CCNL
[04:59:48] [55/459] RCNV
[04:59:49] [56/459] MAAG
[04:59:50] [57/459] LXCM
[04:59:50] [58/459] RCNI
[04:59:52] [59/459] SNNI
[04:59:53] [60/459] LALC
[04:59:54] [61/459] SOCN
[04:59:54] [62/459] JHTP
[04:59:55] [63/459] PITP
[04:59:56] [64/459] CCKW
[04:59:57] [65/459] MCMC
[04:59:57] [66/459] DEES
[04:59:58] [67/459] SABT
[04:59:59] [68/459] VSPP
[05:00:00] [69/459] ABCT
[05:00:01] [70/459] JVTB
[05:00:01] [71/459] VCBD
[05:00:02] [72/459] RMGG
[05:00:03] [73/459] RNMH
[05:00:04] [74/459] SPGL
[05:00:05] [75/459] JTTR
[05:00:06] [76/459] SICS
[05:00:07] [77/459] SRMI
[05:00:08] [78/459] SSIJ
[05:00:09] [79/459] KFMT
[05:00:10] [80/459] VBIT
[05:00:10] [81/459] JKCT
[05:00:11] [82/459] GCGP
[05:00:12] [83/459] GDCS
[05:00:13] [84/459] TRBA
[05:00:13] [85/459] QUST
[05:00:14] [86/459] VSHM
[05:00:15] [87/459] SDCP
[05:00:16] [88/459] SNVS
[05:00:17] [89/459] NYTO
[05:00:18] [90/459] URWC
[05:00:20] [91/459] GTWH
[05:00:20] [92/459] PFCM
[05:00:21] [93/459] KRTA
[05:00:22] [94/459] AXMC
[05:00:23] [95/459] EVMC
[05:00:23] [96/459] HGSM
[05:00:24] [97/459] ACVM
[05:00:25] [98/459] PSKL
[05:00:26] [99/459] RDMP
[05:00:28] [100/459] RHGH
[05:00:28] [101/459] OMCM
[05:00:29] [102/459] DCCP
[05:00:30] [103/459] MCPB
[05:00:32] [104/459] ALCI
[05:00:33] [105/459] BLMX
[05:00:34] [106/459] BTMV
[05:00:34] [107/459] FVPN
[05:00:35] [108/459] CMAR
[05:00:36] [109/459] CEIM
[05:00:37] [110/459] CMVA
[05:00:37] [111/459] CPIV
[05:00:38] [112/459] CNPE
[05:00:39] [113/459] COLV
[05:00:40] [114/459] DNNV
[05:00:41] [115/459] HCAD
[05:00:42] [116/459] TAKA
[05:00:43] [117/459] INVD
[05:00:44] [118/459] IRMM
[05:00:44] [119/459] INSE
[05:00:45] [120/459] MRSW
[05:00:46] [121/459] MCVD
[05:00:47] [122/459] MCSO
[05:00:48] [123/459] PEVM
[05:00:49] [124/459] PVNL
[05:00:50] [125/459] PTCV
[05:00:51] [126/459] PRTC
[05:00:51] [127/459] RCVA
[05:00:52] [128/459] MTBN
[05:00:53] [129/459] LUCP
[05:00:54] [130/459] FMPT
[05:00:55] [131/459] JLSL
[05:00:57] [132/459] SBHA
[05:00:57] [133/459] SHRC
[05:00:59] [134/459] AVPS
[05:01:00] [135/459] STPM
[05:01:00] [136/459] ATRD
[05:01:01] [137/459] VTED
[05:01:02] [138/459] ACAI
[05:01:03] [139/459] SMAE
[05:01:04] [140/459] VMAT
[05:01:05] [141/459] LKCT
[05:01:06] [142/459] JTVK
[05:01:06] [143/459] PRTY
[05:01:07] [144/459] GETT
[05:01:08] [145/459] ESAP
[05:01:09] [146/459] NCPM
[05:01:10] [147/459] PCPA
[05:01:11] [148/459] MMOM
[05:01:11] [149/459] PHUP
[05:01:12] [150/459] CCPI
[05:01:13] [151/459] CNTD
[05:01:14] [152/459] NLJR
[05:01:15] [153/459] SRNG
[05:01:16] [154/459] MHAL
[05:01:16] [155/459] PNSM
[05:01:17] [156/459] DRMY
[05:01:18] [157/459] CCMU
[05:01:19] [158/459] SCMY
[05:01:20] [159/459] PVSY
[05:01:21] [160/459] SDLM
[05:01:22] [161/459] ICCM
[05:01:22] [162/459] PYSU
[05:01:23] [163/459] GATM
[05:01:24] [164/459] WOTM
[05:01:25] [165/459] RKTS
[05:01:26] [166/459] PMTY
[05:01:27] [167/459] LYMS
[05:01:28] [168/459] TGCA
[05:01:28] [169/459] DSTA
[05:01:29] [170/459] CNGE
[05:01:31] [171/459] VSTG
[05:01:32] [172/459] GTCK
[05:01:32] [173/459] TGNT
[05:01:33] [174/459] ASLC
[05:01:34] [175/459] SSST
[05:01:36] [176/459] KBTT
[05:01:37] [177/459] HKCP
[05:01:38] [178/459] SWLC
[05:01:39] [179/459] RTND
[05:01:39] [180/459] PKKT
[05:01:40] [181/459] HSTK
[05:01:41] [182/459] SPTT
[05:01:42] [183/459] IMPM
[05:01:43] [184/459] SCMV
[05:01:44] [185/459] SPCT
[05:01:44] [186/459] JBCA
[05:01:45] [187/459] ATTR
[05:01:46] [188/459] SPMT
[05:01:47] [189/459] LCTM
[05:01:48] [190/459] SCVL
[05:01:49] [191/459] SCVT
[05:01:50] [192/459] KRIC
[05:01:51] [193/459] CTMG
[05:01:52] [194/459] ACNC
[05:01:52] [195/459] DMCK
[05:01:53] [196/459] KMTV
[05:01:54] [197/459] PFCJ
[05:01:55] [198/459] VNMD
[05:01:55] [199/459] VPCZ
[05:01:56] [200/459] SRYR
[05:01:57] [201/459] SYTR
[05:01:58] [202/459] GATR
[05:01:59] [203/459] URTR
[05:02:00] [204/459] MKSM
[05:02:00] [205/459] VSMH
[05:02:01] [206/459] SKRJ
[05:02:02] [207/459] SSJR
[05:02:03] [208/459] SVSM
[05:02:04] [209/459] RUCM
[05:02:05] [210/459] PRKN
[05:02:05] [211/459] RROH
[05:02:06] [212/459] SCTN
[05:02:07] [213/459] RTDM
[05:02:08] [214/459] ASRM
[05:02:09] [215/459] SKMD
[05:02:10] [216/459] SUTD
[05:02:11] [217/459] SADM
[05:02:12] [218/459] WCNR
[05:02:12] [219/459] CNED
[05:02:13] [220/459] MPDB
[05:02:14] [221/459] KTBH
[05:02:16] [222/459] IDRM
[05:02:16] [223/459] PJJT
[05:02:17] [224/459] PFCV
[05:02:18] [225/459] AACT
[05:02:19] [226/459] AAAD
[05:02:20] [227/459] ANES
[05:02:21] [228/459] MNCA
[05:02:21] [229/459] RMGU
[05:02:22] [230/459] DLCN
[05:02:23] [231/459] LJWT
[05:02:24] [232/459] MCBG
[05:02:24] [233/459] MYBG
[05:02:26] [234/459] GCCA
[05:02:27] [235/459] GCGA
[05:02:27] [236/459] ECGN
[05:02:28] [237/459] PRAB
[05:02:29] [238/459] PNMP
[05:02:30] [239/459] GCPT
[05:02:31] [240/459] ROYN
[05:02:31] [241/459] VATM
[05:02:32] [242/459] KSNT
[05:02:33] [243/459] ACTC
[05:02:34] [244/459] PLTD
[05:02:35] [245/459] SKMK
[05:02:36] [246/459] CMTT
[05:02:37] [247/459] SMXP
[05:02:37] [248/459] SCMX
[05:02:38] [249/459] ACXN
[05:02:39] [250/459] ASWT
[05:02:40] [251/459] VVVL
[05:02:41] [252/459] NAGO
[05:02:42] [253/459] SNCN
[05:02:43] [254/459] MCKP
[05:02:43] [255/459] SAMO
[05:02:45] [256/459] JBTV
[05:02:47] [257/459] DCVV
[05:02:47] [258/459] KMSV
[05:02:48] [259/459] KDCN
[05:02:50] [260/459] CNCP
[05:02:51] [261/459] HAMC
[05:02:52] [262/459] CCVZ
[05:02:54] [263/459] NCCK
[05:02:54] [264/459] MCHR
[05:02:56] [265/459] SCHT
[05:02:57] [266/459] ESSH
[05:02:57] [267/459] CUJC
[05:02:59] [268/459] PECP
[05:03:00] [269/459] PMMI
[05:03:01] [270/459] PCCH
[05:03:02] [271/459] PRPM
[05:03:03] [272/459] PVKL
[05:03:04] [273/459] CBSM
[05:03:05] [274/459] PVCZ
[05:03:05] [275/459] PCVV
[05:03:06] [276/459] CTMJ
[05:03:07] [277/459] RCPS
[05:03:08] [278/459] PCIT
[05:03:09] [279/459] FNCH
[05:03:09] [280/459] INZD
[05:03:10] [281/459] INPC
[05:03:11] [282/459] LCZP
[05:03:12] [283/459] SMCB
[05:03:13] [284/459] PTSB
[05:03:14] [285/459] TPSI
[05:03:15] [286/459] KHMJ
[05:03:16] [287/459] RCCJ
[05:03:17] [288/459] NCJA
[05:03:18] [289/459] NCJN
[05:03:19] [290/459] BTDP
[05:03:20] [291/459] PADY
[05:03:21] [292/459] NYBH
[05:03:21] [293/459] MTBR
[05:03:22] [294/459] KRBC
[05:03:23] [295/459] DKTI
[05:03:24] [296/459] ANAN
[05:03:25] [297/459] INBP
[05:03:26] [298/459] PATB
[05:03:26] [299/459] RGNT
[05:03:27] [300/459] CGPM
[05:03:28] [301/459] INTN
[05:03:29] [302/459] MCMP
[05:03:30] [303/459] ASRG
[05:03:31] [304/459] CXJD
[05:03:32] [305/459] SPCP
[05:03:33] [306/459] CSTP
[05:03:34] [307/459] PKVC
[05:03:35] [308/459] ESCP
[05:03:36] [309/459] CAEP
[05:03:37] [310/459] CCSP
[05:03:38] [311/459] KTPC
[05:03:38] [312/459] DACA
[05:03:39] [313/459] NVKY
[05:03:40] [314/459] PTIN
[05:03:41] [315/459] SCIN
[05:03:42] [316/459] MCTY
[05:03:43] [317/459] PCMX
[05:03:44] [318/459] INIC
[05:03:45] [319/459] MMZM
[05:03:46] [320/459] SSLP
[05:03:47] [321/459] DTDT
[05:03:48] [322/459] FFCX
[05:03:49] [323/459] RCMM
[05:03:50] [324/459] KYID
[05:03:51] [325/459] CSCI
[05:03:51] [326/459] FCMC
[05:03:52] [327/459] MMXI
[05:03:53] [328/459] ASTC
[05:03:54] [329/459] CMRA
[05:03:55] [330/459] DICI
[05:03:56] [331/459] KDIN
[05:03:57] [332/459] PRFI
[05:03:58] [333/459] SVFC
[05:03:59] [334/459] UCPL
[05:04:00] [335/459] COOC
[05:04:00] [336/459] SCAL
[05:04:01] [337/459] SVFF
[05:04:02] [338/459] VCMG
[05:04:03] [339/459] UUCT
[05:04:04] [340/459] GCSE
[05:04:05] [341/459] SUSC
[05:04:06] [342/459] MISC
[05:04:08] [343/459] RMBL
[05:04:09] [344/459] CMXN
[05:04:09] [345/459] PVBK
[05:04:10] [346/459] HHCG
[05:04:11] [347/459] SCAG
[05:04:12] [348/459] CNPR
[05:04:13] [349/459] CSER
[05:04:13] [350/459] HLWD
[05:04:14] [351/459] BOLY
[05:04:15] [352/459] SSPG
[05:04:16] [353/459] MUPX
[05:04:17] [354/459] HAMR
[05:04:18] [355/459] SDNC
[05:04:19] [356/459] RTEN
[05:04:20] [357/459] SDTD
[05:04:21] [358/459] KAWS
[05:04:22] [359/459] CMZX
[05:04:22] [360/459] DCDD
[05:04:24] [361/459] ALSN
[05:04:25] [362/459] IMXS
[05:04:25] [363/459] PVFF
[05:04:27] [364/459] PVOO
[05:04:28] [365/459] CFBS
[05:04:29] [366/459] PVER
[05:04:30] [367/459] PPNX
[05:04:31] [368/459] CNRM
[05:04:32] [369/459] PVWW
[05:04:33] [370/459] INMB
[05:04:34] [371/459] CPJR
[05:04:35] [372/459] INRZ
[05:04:36] [373/459] PMSR
[05:04:37] [374/459] GPGM
[05:04:38] [375/459] PGWB
[05:04:39] [376/459] PMBR
[05:04:39] [377/459] GPAM
[05:04:40] [378/459] INBC
[05:04:41] [379/459] PZVK
[05:04:41] [380/459] CPEB
[05:04:42] [381/459] FMLB
[05:04:43] [382/459] INBG
[05:04:44] [383/459] GPBR
[05:04:45] [384/459] PAAS
[05:04:47] [385/459] VTBR
[05:04:48] [386/459] GPMY
[05:04:49] [387/459] GYBU
[05:04:50] [388/459] INBJ
[05:04:51] [389/459] LKTH
[05:04:52] [390/459] NSBR
[05:04:52] [391/459] PDRD
[05:04:53] [392/459] VRBL
[05:04:54] [393/459] VTGB
[05:04:55] [394/459] VTSK
[05:04:56] [395/459] BKDV
[05:04:57] [396/459] SVTB
[05:04:58] [397/459] MLDT
[05:04:58] [398/459] NRBL
[05:05:00] [399/459] SLTR
[05:05:02] [400/459] VNKA
[05:05:02] [401/459] TDCA
[05:05:03] [402/459] INBM
[05:05:04] [403/459] SSNR
[05:05:05] [404/459] BHAC
[05:05:07] [405/459] SDSD
[05:05:08] [406/459] SAMP
[05:05:09] [407/459] RATK
[05:05:10] [408/459] KCBI
[05:05:10] [409/459] URBL
[05:05:11] [410/459] MKBG
[05:05:12] [411/459] ASTB
[05:05:13] [412/459] VBWT
[05:05:14] [413/459] GPSM
[05:05:15] [414/459] ROON
[05:05:16] [415/459] CHTH
[05:05:17] [416/459] SSPA
[05:05:18] [417/459] ANBL
[05:05:19] [418/459] VTBE
[05:05:20] [419/459] SVKT
[05:05:21] [420/459] SVYK
[05:05:21] [421/459] PTBK
[05:05:22] [422/459] RKTB
[05:05:23] [423/459] BALT
[05:05:24] [424/459] STSV
[05:05:25] [425/459] VCCB
[05:05:26] [426/459] SLTB
[05:05:27] [427/459] SBCR
[05:05:29] [428/459] VDCS
[05:05:30] [429/459] MDKI
[05:05:30] [430/459] SMRN
[05:05:31] [431/459] PTBC
[05:05:32] [432/459] RADI
[05:05:34] [433/459] ADCR
[05:05:34] [434/459] SDCS
[05:05:35] [435/459] SRPJ
[05:05:37] [436/459] ARTS
[05:05:38] [437/459] SRHK
[05:05:38] [438/459] SPAY
[05:05:39] [439/459] GPTB
[05:05:41] [440/459] SNNN
[05:05:42] [441/459] BALJ
[05:05:42] [442/459] TRIG
[05:05:43] [443/459] GTYT
[05:05:44] [444/459] ATGN
[05:05:45] [445/459] ANTE
[05:05:46] [446/459] BDCG
[05:05:47] [447/459] VECI
[05:05:48] [448/459] SCPR
[05:05:49] [449/459] RTEA
[05:05:51] [450/459] JSAI
[05:05:51] [451/459] VJTP
[05:05:52] [452/459] GNDS
[05:05:53] [453/459] PAXA
[05:05:54] [454/459] CGGM
[05:05:56] [455/459] ACKZ
[05:05:57] [456/459] EMCC
[05:05:57] [457/459] KLSK
[05:05:58] [458/459] AVCK
[05:05:59] [459/459] JTCK
[05:06:00] 🔁 RETRY ROUND 1 | Remaining: 1
[05:06:00] [RETRY-1] NECA
[05:06:01] 🧹 Deduping shows
[05:06:01] ✅ DONE | Shows=176 | Movies=17
[12:25:44] 🚀 SCRIPT STARTED
[12:25:44] [1/459] NECA
[12:25:44] 🧠 New identity created
[12:25:45] [2/459] BJLC
[12:25:46] [3/459] BASU
[12:25:47] [4/459] RUPI
[12:25:47] [5/459] LCBK
[12:25:48] [6/459] PMAC
[12:25:50] [7/459] AMLC
[12:25:51] [8/459] LICL
[12:25:52] [9/459] UDMM
[12:25:52] [10/459] STBZ
[12:25:53] [11/459] UUBT
[12:25:55] [12/459] SJKC
[12:25:56] [13/459] TUAL
[12:25:57] [14/459] MRSE
[12:25:58] [15/459] RMRK
[12:25:59] [16/459] TTKP
[12:26:00] [17/459] KTKO
[12:26:01] [18/459] SDBK
[12:26:01] [19/459] MCPR
[12:26:03] [20/459] CHTI
[12:26:04] [21/459] GCCP
[12:26:05] [22/459] SRMY
[12:26:06] [23/459] NYST
[12:26:06] [24/459] NYAG
[12:26:07] [25/459] SBMT
[12:26:08] [26/459] INGA
[12:26:09] [27/459] WSIC
[12:26:10] [28/459] SCSS
[12:26:12] [29/459] COPG
[12:26:13] [30/459] RCGR
[12:26:13] [31/459] TCZA
[12:26:14] [32/459] CNLP
[12:26:16] [33/459] CLKN
[12:26:17] [34/459] LHDF
[12:26:18] [35/459] ELKC
[12:26:18] [36/459] VCEM
[12:26:19] [37/459] SSZA
[12:26:20] [38/459] KRMT
[12:26:22] [39/459] LCMV
[12:26:23] [40/459] AYCZ
[12:26:24] [41/459] CUMS
[12:26:24] [42/459] BOCK
[12:26:26] [43/459] PNMR
[12:26:27] [44/459] PJCP
[12:26:27] [45/459] JDDD
[12:26:28] [46/459] STMS
[12:26:29] [47/459] FLMB
[12:26:30] [48/459] PKCM
[12:26:31] [49/459] SPPR
[12:26:32] [50/459] EYLH
[12:26:32] [51/459] RJCC
[12:26:33] [52/459] MMPS
[12:26:34] [53/459] SHMX
[12:26:35] [54/459] CCNL
[12:26:36] [55/459] RCNV
[12:26:37] [56/459] MAAG
[12:26:38] [57/459] LXCM
[12:26:38] [58/459] RCNI
[12:26:39] [59/459] SNNI
[12:26:40] [60/459] LALC
[12:26:41] [61/459] SOCN
[12:26:42] [62/459] JHTP
[12:26:43] [63/459] PITP
[12:26:44] [64/459] CCKW
[12:26:44] [65/459] MCMC
[12:26:45] [66/459] DEES
[12:26:46] [67/459] SABT
[12:26:47] [68/459] VSPP
[12:26:48] [69/459] ABCT
[12:26:49] [70/459] JVTB
[12:26:50] [71/459] VCBD
[12:26:50] [72/459] RMGG
[12:26:51] [73/459] RNMH
[12:26:52] [74/459] SPGL
[12:26:54] [75/459] JTTR
[12:26:54] [76/459] SICS
[12:26:56] [77/459] SRMI
[12:26:56] [78/459] SSIJ
[12:26:57] [79/459] KFMT
[12:26:59] [80/459] VBIT
[12:27:00] [81/459] JKCT
[12:27:01] [82/459] GCGP
[12:27:02] [83/459] GDCS
[12:27:03] [84/459] TRBA
[12:27:04] [85/459] QUST
[12:27:05] [86/459] VSHM
[12:27:06] [87/459] SDCP
[12:27:07] [88/459] SNVS
[12:27:08] [89/459] NYTO
[12:27:10] [90/459] URWC
[12:27:11] [91/459] GTWH
[12:27:13] [92/459] PFCM
[12:27:14] [93/459] KRTA
[12:27:15] [94/459] AXMC
[12:27:16] [95/459] EVMC
[12:27:17] [96/459] HGSM
[12:27:18] [97/459] ACVM
[12:27:19] [98/459] PSKL
[12:27:20] [99/459] RDMP
[12:27:21] [100/459] RHGH
[12:27:22] [101/459] OMCM
[12:27:23] [102/459] DCCP
[12:27:24] [103/459] MCPB
[12:27:25] [104/459] ALCI
[12:27:26] [105/459] BLMX
[12:27:27] [106/459] BTMV
[12:27:27] [107/459] FVPN
[12:27:29] [108/459] CMAR
[12:27:31] [109/459] CEIM
[12:27:32] [110/459] CMVA
[12:27:33] [111/459] CPIV
[12:27:34] [112/459] CNPE
[12:27:35] [113/459] COLV
[12:27:36] [114/459] DNNV
[12:27:38] [115/459] HCAD
[12:27:39] [116/459] TAKA
[12:27:40] [117/459] INVD
[12:27:40] [118/459] IRMM
[12:27:41] [119/459] INSE
[12:27:43] [120/459] MRSW
[12:27:44] [121/459] MCVD
[12:27:44] [122/459] MCSO
[12:27:45] [123/459] PEVM
[12:27:46] [124/459] PVNL
[12:27:47] [125/459] PTCV
[12:27:48] [126/459] PRTC
[12:27:49] [127/459] RCVA
[12:27:50] [128/459] MTBN
[12:27:50] [129/459] LUCP
[12:27:51] [130/459] FMPT
[12:27:52] [131/459] JLSL
[12:27:53] [132/459] SBHA
[12:27:54] [133/459] SHRC
[12:27:55] [134/459] AVPS
[12:27:56] [135/459] STPM
[12:27:57] [136/459] ATRD
[12:27:57] [137/459] VTED
[12:27:58] [138/459] ACAI
[12:27:59] [139/459] SMAE
[12:28:00] [140/459] VMAT
[12:28:00] [141/459] LKCT
[12:28:01] [142/459] JTVK
[12:28:02] [143/459] PRTY
[12:28:03] [144/459] GETT
[12:28:05] [145/459] ESAP
[12:28:05] [146/459] NCPM
[12:28:06] [147/459] PCPA
[12:28:07] [148/459] MMOM
[12:28:08] [149/459] PHUP
[12:28:09] [150/459] CCPI
[12:28:10] [151/459] CNTD
[12:28:12] [152/459] NLJR
[12:28:12] [153/459] SRNG
[12:28:13] [154/459] MHAL
[12:28:15] [155/459] PNSM
[12:28:16] [156/459] DRMY
[12:28:17] [157/459] CCMU
[12:28:17] [158/459] SCMY
[12:28:18] [159/459] PVSY
[12:28:19] [160/459] SDLM
[12:28:20] [161/459] ICCM
[12:28:21] [162/459] PYSU
[12:28:22] [163/459] GATM
[12:28:23] [164/459] WOTM
[12:28:24] [165/459] RKTS
[12:28:25] [166/459] PMTY
[12:28:26] [167/459] LYMS
[12:28:26] [168/459] TGCA
[12:28:27] [169/459] DSTA
[12:28:28] [170/459] CNGE
[12:28:29] [171/459] VSTG
[12:28:30] [172/459] GTCK
[12:28:31] [173/459] TGNT
[12:28:32] [174/459] ASLC
[12:28:33] [175/459] SSST
[12:28:34] [176/459] KBTT
[12:28:35] [177/459] HKCP
[12:28:36] [178/459] SWLC
[12:28:37] [179/459] RTND
[12:28:38] [180/459] PKKT
[12:28:39] [181/459] HSTK
[12:28:40] [182/459] SPTT
[12:28:41] [183/459] IMPM
[12:28:42] [184/459] SCMV
[12:28:43] [185/459] SPCT
[12:28:43] [186/459] JBCA
[12:28:44] [187/459] ATTR
[12:28:45] [188/459] SPMT
[12:28:46] [189/459] LCTM
[12:28:47] [190/459] SCVL
[12:28:48] [191/459] SCVT
[12:28:48] [192/459] KRIC
[12:28:49] [193/459] CTMG
[12:28:50] [194/459] ACNC
[12:28:51] [195/459] DMCK
[12:28:52] [196/459] KMTV
[12:28:53] [197/459] PFCJ
[12:28:54] [198/459] VNMD
[12:28:55] [199/459] VPCZ
[12:28:56] [200/459] SRYR
[12:28:57] [201/459] SYTR
[12:28:58] [202/459] GATR
[12:28:59] [203/459] URTR
[12:29:00] [204/459] MKSM
[12:29:01] [205/459] VSMH
[12:29:02] [206/459] SKRJ
[12:29:03] [207/459] SSJR
[12:29:04] [208/459] SVSM
[12:29:05] [209/459] RUCM
[12:29:06] [210/459] PRKN
[12:29:07] [211/459] RROH
[12:29:08] [212/459] SCTN
[12:29:09] [213/459] RTDM
[12:29:09] [214/459] ASRM
[12:29:10] [215/459] SKMD
[12:29:11] [216/459] SUTD
[12:29:12] [217/459] SADM
[12:29:13] [218/459] WCNR
[12:29:14] [219/459] CNED
[12:29:15] [220/459] MPDB
[12:29:16] [221/459] KTBH
[12:29:17] [222/459] IDRM
[12:29:18] [223/459] PJJT
[12:29:19] [224/459] PFCV
[12:29:20] [225/459] AACT
[12:29:21] [226/459] AAAD
[12:29:22] [227/459] ANES
[12:29:23] [228/459] MNCA
[12:29:25] [229/459] RMGU
[12:29:26] [230/459] DLCN
[12:29:27] [231/459] LJWT
[12:29:28] [232/459] MCBG
[12:29:29] [233/459] MYBG
[12:29:30] [234/459] GCCA
[12:29:31] [235/459] GCGA
[12:29:31] [236/459] ECGN
[12:29:32] [237/459] PRAB
[12:29:33] [238/459] PNMP
[12:29:34] [239/459] GCPT
[12:29:35] [240/459] ROYN
[12:29:36] [241/459] VATM
[12:29:37] [242/459] KSNT
[12:29:37] [243/459] ACTC
[12:29:39] [244/459] PLTD
[12:29:41] [245/459] SKMK
[12:29:41] [246/459] CMTT
[12:29:42] [247/459] SMXP
[12:29:43] [248/459] SCMX
[12:29:44] [249/459] ACXN
[12:29:45] [250/459] ASWT
[12:29:47] [251/459] VVVL
[12:29:48] [252/459] NAGO
[12:29:49] [253/459] SNCN
[12:29:50] [254/459] MCKP
[12:29:51] [255/459] SAMO
[12:29:52] [256/459] JBTV
[12:29:53] [257/459] DCVV
[12:29:54] [258/459] KMSV
[12:29:54] [259/459] KDCN
[12:29:55] [260/459] CNCP
[12:29:56] [261/459] HAMC
[12:29:57] [262/459] CCVZ
[12:29:58] [263/459] NCCK
[12:29:59] [264/459] MCHR
[12:30:00] [265/459] SCHT
[12:30:01] [266/459] ESSH
[12:30:02] [267/459] CUJC
[12:30:03] [268/459] PECP
[12:30:04] [269/459] PMMI
[12:30:04] [270/459] PCCH
[12:30:05] [271/459] PRPM
[12:30:06] [272/459] PVKL
[12:30:07] [273/459] CBSM
[12:30:08] [274/459] PVCZ
[12:30:09] [275/459] PCVV
[12:30:10] [276/459] CTMJ
[12:30:11] [277/459] RCPS
[12:30:11] [278/459] PCIT
[12:30:12] [279/459] FNCH
[12:30:14] [280/459] INZD
[12:30:15] [281/459] INPC
[12:30:16] [282/459] LCZP
[12:30:16] [283/459] SMCB
[12:30:17] [284/459] PTSB
[12:30:18] [285/459] TPSI
[12:30:19] [286/459] KHMJ
[12:30:20] [287/459] RCCJ
[12:30:21] [288/459] NCJA
[12:30:22] [289/459] NCJN
[12:30:23] [290/459] BTDP
[12:30:23] [291/459] PADY
[12:30:24] [292/459] NYBH
[12:30:25] [293/459] MTBR
[12:30:26] [294/459] KRBC
[12:30:27] [295/459] DKTI
[12:30:28] [296/459] ANAN
[12:30:29] [297/459] INBP
[12:30:29] [298/459] PATB
[12:30:30] [299/459] RGNT
[12:30:31] [300/459] CGPM
[12:30:32] [301/459] INTN
[12:30:33] [302/459] MCMP
[12:30:33] [303/459] ASRG
[12:30:34] [304/459] CXJD
[12:30:36] [305/459] SPCP
[12:30:37] [306/459] CSTP
[12:30:37] [307/459] PKVC
[12:30:38] [308/459] ESCP
[12:30:39] [309/459] CAEP
[12:30:40] [310/459] CCSP
[12:30:41] [311/459] KTPC
[12:30:42] [312/459] DACA
[12:30:42] [313/459] NVKY
[12:30:43] [314/459] PTIN
[12:30:44] [315/459] SCIN
[12:30:45] [316/459] MCTY
[12:30:46] [317/459] PCMX
[12:30:47] [318/459] INIC
[12:30:47] [319/459] MMZM
[12:30:48] [320/459] SSLP
[12:30:49] [321/459] DTDT
[12:30:50] [322/459] FFCX
[12:30:51] [323/459] RCMM
[12:30:51] [324/459] KYID
[12:30:52] [325/459] CSCI
[12:30:53] [326/459] FCMC
[12:30:54] [327/459] MMXI
[12:30:55] [328/459] ASTC
[12:30:56] [329/459] CMRA
[12:30:57] [330/459] DICI
[12:30:57] [331/459] KDIN
[12:30:58] [332/459] PRFI
[12:30:59] [333/459] SVFC
[12:31:00] [334/459] UCPL
[12:31:01] [335/459] COOC
[12:31:02] [336/459] SCAL
[12:31:03] [337/459] SVFF
[12:31:04] [338/459] VCMG
[12:31:04] [339/459] UUCT
[12:31:05] [340/459] GCSE
[12:31:06] [341/459] SUSC
[12:31:07] [342/459] MISC
[12:31:08] [343/459] RMBL
[12:31:10] [344/459] CMXN
[12:31:10] [345/459] PVBK
[12:31:11] [346/459] HHCG
[12:31:12] [347/459] SCAG
[12:31:13] [348/459] CNPR
[12:31:14] [349/459] CSER
[12:31:15] [350/459] HLWD
[12:31:16] [351/459] BOLY
[12:31:16] [352/459] SSPG
[12:31:17] [353/459] MUPX
[12:31:18] [354/459] HAMR
[12:31:19] [355/459] SDNC
[12:31:20] [356/459] RTEN
[12:31:21] [357/459] SDTD
[12:31:22] [358/459] KAWS
[12:31:22] [359/459] CMZX
[12:31:23] [360/459] DCDD
[12:31:24] [361/459] ALSN
[12:31:25] [362/459] IMXS
[12:31:26] [363/459] PVFF
[12:31:27] [364/459] PVOO
[12:31:28] [365/459] CFBS
[12:31:28] [366/459] PVER
[12:31:29] [367/459] PPNX
[12:31:30] [368/459] CNRM
[12:31:31] [369/459] PVWW
[12:31:32] [370/459] INMB
[12:31:33] [371/459] CPJR
[12:31:35] [372/459] INRZ
[12:31:35] [373/459] PMSR
[12:31:36] [374/459] GPGM
[12:31:37] [375/459] PGWB
[12:31:38] [376/459] PMBR
[12:31:40] [377/459] GPAM
[12:31:41] [378/459] INBC
[12:31:42] [379/459] PZVK
[12:31:43] [380/459] CPEB
[12:31:44] [381/459] FMLB
[12:31:45] [382/459] INBG
[12:31:46] [383/459] GPBR
[12:31:47] [384/459] PAAS
[12:31:48] [385/459] VTBR
[12:31:48] [386/459] GPMY
[12:31:49] [387/459] GYBU
[12:31:50] [388/459] INBJ
[12:31:51] [389/459] LKTH
[12:31:52] [390/459] NSBR
[12:31:53] [391/459] PDRD
[12:31:54] [392/459] VRBL
[12:31:54] [393/459] VTGB
[12:31:55] [394/459] VTSK
[12:31:56] [395/459] BKDV
[12:31:57] [396/459] SVTB
[12:31:58] [397/459] MLDT
[12:31:59] [398/459] NRBL
[12:32:01] [399/459] SLTR
[12:32:02] [400/459] VNKA
[12:32:03] [401/459] TDCA
[12:32:03] [402/459] INBM
[12:32:04] [403/459] SSNR
[12:32:05] [404/459] BHAC
[12:32:06] [405/459] SDSD
[12:32:07] [406/459] SAMP
[12:32:08] [407/459] RATK
[12:32:09] [408/459] KCBI
[12:32:09] [409/459] URBL
[12:32:11] [410/459] MKBG
[12:32:12] [411/459] ASTB
[12:32:13] [412/459] VBWT
[12:32:14] [413/459] GPSM
[12:32:15] [414/459] ROON
[12:32:17] [415/459] CHTH
[12:32:18] [416/459] SSPA
[12:32:19] [417/459] ANBL
[12:32:20] [418/459] VTBE
[12:32:21] [419/459] SVKT
[12:32:22] [420/459] SVYK
[12:32:23] [421/459] PTBK
[12:32:24] [422/459] RKTB
[12:32:25] [423/459] BALT
[12:32:26] [424/459] STSV
[12:32:27] [425/459] VCCB
[12:32:28] [426/459] SLTB
[12:32:29] [427/459] SBCR
[12:32:30] [428/459] VDCS
[12:32:31] [429/459] MDKI
[12:32:31] [430/459] SMRN
[12:32:32] [431/459] PTBC
[12:32:33] [432/459] RADI
[12:32:34] [433/459] ADCR
[12:32:35] [434/459] SDCS
[12:32:36] [435/459] SRPJ
[12:32:37] [436/459] ARTS
[12:32:37] [437/459] SRHK
[12:32:39] [438/459] SPAY
[12:32:40] [439/459] GPTB
[12:32:41] [440/459] SNNN
[12:32:42] [441/459] BALJ
[12:32:43] [442/459] TRIG
[12:32:44] [443/459] GTYT
[12:32:45] [444/459] ATGN
[12:32:46] [445/459] ANTE
[12:32:47] [446/459] BDCG
[12:32:47] [447/459] VECI
[12:32:48] [448/459] SCPR
[12:32:50] [449/459] RTEA
[12:32:51] [450/459] JSAI
[12:32:51] [451/459] VJTP
[12:32:52] [452/459] GNDS
[12:32:53] [453/459] PAXA
[12:32:54] [454/459] CGGM
[12:32:55] [455/459] ACKZ
[12:32:56] [456/459] EMCC
[12:32:57] [457/459] KLSK
[12:32:58] [458/459] AVCK
[12:32:59] [459/459] JTCK
[12:33:00] 🧹 Deduping shows
[12:33:00] ✅ DONE | Shows=272 | Movies=20
