[10:12:49] 🚀 SCRIPT STARTED (enhanced anti‑detection)
[10:12:49] [1/458] MBDC
[10:12:50] 🧠 New identity created
[10:12:50] [2/458] CHKM
[10:12:51] [3/458] JTKZ
[10:12:52] [4/458] CMCT
[10:12:53] [5/458] ASHO
[10:12:54] [6/458] ECDG
[10:12:55] [7/458] SPAT
[10:12:56] [8/458] HILC
[10:12:56] [9/458] SPPH
[10:12:57] [10/458] SBHN
[10:12:58] 🔄 Identity reset
[10:12:58] 🔄 Identity rotated (every 10 requests)
[10:12:58] [11/458] RRCA
[10:12:59] [12/458] APAA
[10:13:00] [13/458] RAME
[10:13:01] [14/458] TMMS
[10:13:02] [15/458] BATK
[10:13:02] [16/458] LKOP
[10:13:03] [17/458] AMTT
[10:13:04] [18/458] PTGK
[10:13:05] [19/458] ANRS
[10:13:06] [20/458] VWBW
[10:13:06] 🔄 Identity reset
[10:13:06] 🔄 Identity rotated (every 10 requests)
[10:13:06] [21/458] SVFG
[10:13:07] [22/458] STAT
[10:13:11] [23/458] GDCV
[10:13:12] [24/458] VEBI
[10:13:12] [25/458] VDSS
[10:13:14] [26/458] NTHV
[10:13:15] [27/458] AOCH
[10:13:16] [28/458] KASR
[10:13:17] [29/458] AYCS
[10:13:18] [30/458] SHAI
[10:13:18] 🔄 Identity reset
[10:13:18] 🔄 Identity rotated (every 10 requests)
[10:13:19] [31/458] SKPE
[10:13:19] [32/458] SBTA
[10:13:20] [33/458] RTTD
[10:13:21] [34/458] CCJD
[10:13:22] [35/458] RSJJ
[10:13:23] [36/458] RKND
[10:13:24] [37/458] SVTX
[10:13:25] [38/458] BAKM
[10:13:25] [39/458] SVDC
[10:13:26] [40/458] MNCV
[10:13:27] 🔄 Identity reset
[10:13:27] 🔄 Identity rotated (every 10 requests)
[10:13:27] [41/458] SJGC
[10:13:28] [42/458] MTPK
[10:13:29] [43/458] GATP
[10:13:30] [44/458] ABTS
[10:13:30] [45/458] ABDE
[10:13:31] [46/458] RCNM
[10:13:32] [47/458] KTHV
[10:13:33] [48/458] MDGJ
[10:13:34] [49/458] SMLM
[10:13:35] [50/458] JTMA
[10:13:36] 🔄 Identity reset
[10:13:36] 🔄 Identity rotated (every 10 requests)
[10:13:36] [51/458] ACKP
[10:13:38] [52/458] SRTA
[10:13:38] [53/458] STAY
[10:13:39] [54/458] MAVO
[10:13:40] [55/458] APTS
[10:13:41] [56/458] OMEA
[10:13:42] [57/458] TTFD
[10:13:43] [58/458] MJCU
[10:13:43] [59/458] CXTE
[10:13:44] [60/458] CTPX
[10:13:45] 🔄 Identity reset
[10:13:45] 🔄 Identity rotated (every 10 requests)
[10:13:45] [61/458] ASSL
[10:13:46] [62/458] CMVB
[10:13:47] [63/458] VPUR
[10:13:48] [64/458] JJDA
[10:13:50] [65/458] INBL
[10:13:50] [66/458] BIKB
[10:13:51] [67/458] NTBB
[10:13:53] [68/458] GLOB
[10:13:54] [69/458] SNTB
[10:13:55] [70/458] CHGV
[10:13:56] 🔄 Identity reset
[10:13:56] 🔄 Identity rotated (every 10 requests)
[10:13:56] 🔄 Retry 1/5 for CHGV in 2.2s
[10:13:56] 🔄 Identity reset
[10:13:58] 🧠 New identity created
[10:13:59] [71/458] SSBZ
[10:14:00] [72/458] PRDB
[10:14:00] [73/458] ISMT
[10:14:01] [74/458] MCSD
[10:14:02] [75/458] JBTT
[10:14:04] [76/458] GEKR
[10:14:04] [77/458] PVUN
[10:14:05] [78/458] NRTB
[10:14:06] [79/458] PRAA
[10:14:07] 🔄 Identity reset
[10:14:07] 🔄 Identity rotated (every 10 requests)
[10:14:07] [80/458] PCBL
[10:14:08] [81/458] PTCM
[10:14:09] [82/458] KHNN
[10:14:10] [83/458] OMJE
[10:14:11] [84/458] STGN
[10:14:12] [85/458] RPMS
[10:14:13] [86/458] NWAD
[10:14:13] [87/458] BLCK
[10:14:14] [88/458] SVAA
[10:14:15] [89/458] URVM
[10:14:16] 🔄 Identity reset
[10:14:16] 🔄 Identity rotated (every 10 requests)
[10:14:16] [90/458] ANTM
[10:14:17] [91/458] VJYM
[10:14:18] [92/458] MAZZ
[10:14:19] [93/458] CSHM
[10:14:20] [94/458] WGMH
[10:14:21] [95/458] SALN
[10:14:21] [96/458] BRTP
[10:14:22] [97/458] SVTA
[10:14:23] [98/458] SBTP
[10:14:24] [99/458] VLSS
[10:14:25] 🔄 Identity reset
[10:14:25] 🔄 Identity rotated (every 10 requests)
[10:14:25] [100/458] SRJA
[10:14:26] [101/458] ANCG
[10:14:28] [102/458] CGGC
[10:14:28] [103/458] CRJA
[10:14:29] [104/458] USCR
[10:14:30] [105/458] MMEF
[10:14:31] [106/458] JCRJ
[10:14:32] [107/458] ADCM
[10:14:32] [108/458] BMYK
[10:14:33] [109/458] KICS
[10:14:34] 🔄 Identity reset
[10:14:34] 🔄 Identity rotated (every 10 requests)
[10:14:34] 🔄 Retry 1/5 for KICS in 2.5s
[10:14:34] 🔄 Identity reset
[10:14:36] 🧠 New identity created
[10:14:37] [110/458] MBBT
[10:14:37] [111/458] MACK
[10:14:38] [112/458] CLDR
[10:14:39] [113/458] JYCR
[10:14:40] [114/458] DCRP
[10:14:41] [115/458] RAHT
[10:14:42] [116/458] CSSM
[10:14:43] [117/458] ATPK
[10:14:43] [118/458] KLRT
[10:14:44] 🔄 Identity reset
[10:14:44] 🔄 Identity rotated (every 10 requests)
[10:14:44] [119/458] SRDD
[10:14:45] [120/458] CKMC
[10:14:46] [121/458] KRVM
[10:14:47] [122/458] AKCP
[10:14:48] [123/458] CNCV
[10:14:49] [124/458] PACT
[10:14:50] [125/458] NATP
[10:14:50] [126/458] PCPK
[10:14:51] [127/458] SMHO
[10:14:52] [128/458] CWTK
[10:14:52] 🔄 Identity reset
[10:14:52] 🔄 Identity rotated (every 10 requests)
[10:14:53] [129/458] RVKZ
[10:14:54] [130/458] ASPD
[10:14:55] [131/458] VTKZ
[10:14:56] [132/458] LCSO
[10:14:57] [133/458] PRDY
[10:14:58] [134/458] RCAP
[10:14:59] [135/458] RGAR
[10:15:00] [136/458] RCAC
[10:15:01] [137/458] PMOD
[10:15:02] [138/458] PVCN
[10:15:02] 🔄 Identity reset
[10:15:02] 🔄 Identity rotated (every 10 requests)
[10:15:02] [139/458] SCRZ
[10:15:03] [140/458] PVPC
[10:15:04] [141/458] STID
[10:15:05] [142/458] NEDD
[10:15:06] [143/458] BNBA
[10:15:07] [144/458] NTCD
[10:15:08] [145/458] OCDE
[10:15:09] [146/458] CCDU
[10:15:10] [147/458] CRXH
[10:15:11] [148/458] VLVT
[10:15:12] 🔄 Identity reset
[10:15:12] 🔄 Identity rotated (every 10 requests)
[10:15:12] [149/458] CICI
[10:15:13] [150/458] SUCB
[10:15:14] [151/458] TCBP
[10:15:14] [152/458] SCCY
[10:15:15] [153/458] LXCY
[10:15:16] [154/458] NCMD
[10:15:17] [155/458] PHCS
[10:15:18] [156/458] DUXR
[10:15:19] [157/458] VNKS
[10:15:20] [158/458] SEDP
[10:15:20] 🔄 Identity reset
[10:15:20] 🔄 Identity rotated (every 10 requests)
[10:15:20] 🔄 Retry 1/5 for SEDP in 2.4s
[10:15:20] 🔄 Identity reset
[10:15:23] 🧠 New identity created
[10:15:23] [159/458] SVEN
[10:15:24] [160/458] SRKM
[10:15:25] [161/458] JTLT
[10:15:26] [162/458] SVSS
[10:15:27] [163/458] AMDE
[10:15:28] [164/458] WVRN
[10:15:29] [165/458] ISMG
[10:15:30] [166/458] WVKS
[10:15:30] [167/458] USCG
[10:15:31] 🔄 Identity reset
[10:15:31] 🔄 Identity rotated (every 10 requests)
[10:15:31] [168/458] IOTG
[10:15:33] [169/458] RRJM
[10:15:34] [170/458] EDMP
[10:15:35] [171/458] SCGZ
[10:15:36] [172/458] GMGX
[10:15:37] [173/458] OMTP
[10:15:38] [174/458] MITD
[10:15:38] [175/458] SMMD
[10:15:40] [176/458] STML
[10:15:41] [177/458] MCFS
[10:15:42] 🔄 Identity reset
[10:15:42] 🔄 Identity rotated (every 10 requests)
[10:15:42] [178/458] FPKA
[10:15:43] [179/458] OMLR
[10:15:43] [180/458] KKSC
[10:15:44] [181/458] RVMA
[10:15:45] [182/458] SCLL
[10:15:46] [183/458] SCDK
[10:15:47] [184/458] SXMI
[10:15:48] [185/458] SHDN
[10:15:49] [186/458] PAAD
[10:15:50] [187/458] UUCB
[10:15:50] 🔄 Identity reset
[10:15:50] 🔄 Identity rotated (every 10 requests)
[10:15:50] [188/458] JHOL
[10:15:51] [189/458] SGWT
[10:15:53] [190/458] SRII
[10:15:54] [191/458] SGCK
[10:15:55] [192/458] SVVB
[10:15:55] [193/458] DMHA
[10:15:56] [194/458] PPNL
[10:15:57] [195/458] CPNL
[10:15:58] [196/458] WVLD
[10:15:59] [197/458] PSLV
[10:16:00] 🔄 Identity reset
[10:16:00] 🔄 Identity rotated (every 10 requests)
[10:16:00] 🔄 Retry 1/5 for PSLV in 2.6s
[10:16:00] 🔄 Identity reset
[10:16:02] 🧠 New identity created
[10:16:03] [198/458] VTTL
[10:16:03] [199/458] NPAD
[10:16:04] [200/458] PVCS
[10:16:05] [201/458] MCHL
[10:16:06] [202/458] PPLL
[10:16:07] [203/458] MALO
[10:16:07] [204/458] SWBH
[10:16:08] [205/458] PUGB
[10:16:09] [206/458] INBB
[10:16:10] 🔄 Identity reset
[10:16:10] 🔄 Identity rotated (every 10 requests)
[10:16:10] [207/458] INNS
[10:16:11] [208/458] MCPT
[10:16:12] [209/458] SCMI
[10:16:12] [210/458] OCON
[10:16:13] [211/458] SCSM
[10:16:14] [212/458] RJVN
[10:16:16] [213/458] AMDK
[10:16:17] [214/458] ISMR
[10:16:18] [215/458] SMTD
[10:16:18] [216/458] VTDD
[10:16:19] 🔄 Identity reset
[10:16:19] 🔄 Identity rotated (every 10 requests)
[10:16:19] [217/458] PDDZ
[10:16:20] [218/458] PCCK
[10:16:21] [219/458] INAM
[10:16:22] [220/458] FNKT
[10:16:23] [221/458] GDKA
[10:16:24] [222/458] MAYU
[10:16:25] [223/458] TCGU
[10:16:26] [224/458] KDCA
[10:16:27] [225/458] DOMY
[10:16:29] [226/458] PDDD
[10:16:29] 🔄 Identity reset
[10:16:29] 🔄 Identity rotated (every 10 requests)
[10:16:29] 🔄 Retry 1/5 for PDDD in 2.8s
[10:16:29] 🔄 Identity reset
[10:16:32] 🧠 New identity created
[10:16:32] [227/458] BJTS
[10:16:33] [228/458] VTCA
[10:16:35] [229/458] SBTM
[10:16:35] [230/458] SEET
[10:16:36] [231/458] SSTJ
[10:16:37] [232/458] SVNT
[10:16:38] [233/458] PPPR
[10:16:39] [234/458] PVYS
[10:16:40] [235/458] IOSE
[10:16:40] 🔄 Identity reset
[10:16:40] 🔄 Identity rotated (every 10 requests)
[10:16:40] [236/458] ACTV
[10:16:41] [237/458] APVE
[10:16:42] [238/458] TCCL
[10:16:43] [239/458] SCMO
[10:16:44] [240/458] SAUM
[10:16:44] [241/458] KCJS
[10:16:45] [242/458] NJCJ
[10:16:46] [243/458] NECF
[10:16:47] [244/458] CCGW
[10:16:48] [245/458] CCMG
[10:16:48] 🔄 Identity reset
[10:16:48] 🔄 Identity rotated (every 10 requests)
[10:16:49] [246/458] NYRG
[10:16:50] [247/458] NCSQ
[10:16:51] [248/458] GRCG
[10:16:52] [249/458] CCBT
[10:16:52] [250/458] ACGA
[10:16:53] [251/458] INAG
[10:16:54] [252/458] FUCG
[10:16:55] [253/458] AICF
[10:16:57] [254/458] GRGA
[10:16:58] [255/458] GDCN
[10:16:58] 🔄 Identity reset
[10:16:58] 🔄 Identity rotated (every 10 requests)
[10:16:59] [256/458] RRCG
[10:16:59] [257/458] SDCH
[10:17:00] [258/458] WVJM
[10:17:02] [259/458] JCCZ
[10:17:03] [260/458] CNCL
[10:17:04] [261/458] TMLV
[10:17:06] [262/458] MEMB
[10:17:06] [263/458] SGTD
[10:17:07] [264/458] CONX
[10:17:08] [265/458] CCMH
[10:17:09] 🔄 Identity reset
[10:17:09] 🔄 Identity rotated (every 10 requests)
[10:17:09] [266/458] ACMC
[10:17:10] [267/458] DTPD
[10:17:11] [268/458] POJA
[10:17:12] [269/458] FNBH
[10:17:13] [270/458] CGCB
[10:17:14] [271/458] RACN
[10:17:15] [272/458] JTSM
[10:17:16] [273/458] SCDN
[10:17:17] [274/458] AACK
[10:17:18] [275/458] RMCE
[10:17:18] 🔄 Identity reset
[10:17:18] 🔄 Identity rotated (every 10 requests)
[10:17:19] [276/458] BSGB
[10:17:19] [277/458] MRCB
[10:17:20] [278/458] SRVR
[10:17:21] [279/458] VTKK
[10:17:22] [280/458] AMST
[10:17:23] [281/458] APCY
[10:17:24] [282/458] LMHO
[10:17:25] [283/458] MTZH
[10:17:27] [284/458] AMZB
[10:17:28] [285/458] SUVT
[10:17:28] 🔄 Identity reset
[10:17:28] 🔄 Identity rotated (every 10 requests)
[10:17:28] [286/458] RCIP
[10:17:29] [287/458] KESR
[10:17:30] [288/458] SNKC
[10:17:32] [289/458] SCED
[10:17:33] [290/458] DVCA
[10:17:33] [291/458] VCDT
[10:17:34] [292/458] RRDI
[10:17:35] [293/458] DFCH
[10:17:36] [294/458] INSC
[10:17:37] [295/458] RGTR
[10:17:38] 🔄 Identity reset
[10:17:38] 🔄 Identity rotated (every 10 requests)
[10:17:38] [296/458] FMOT
[10:17:40] [297/458] SCPM
[10:17:40] [298/458] GCDT
[10:17:41] [299/458] BRKT
[10:17:42] [300/458] DEMP
[10:17:43] [301/458] SRLC
[10:17:44] [302/458] KSTT
[10:17:44] [303/458] SMMT
[10:17:46] [304/458] SILM
[10:17:47] [305/458] JCVM
[10:17:48] 🔄 Identity reset
[10:17:48] 🔄 Identity rotated (every 10 requests)
[10:17:48] [306/458] KCSV
[10:17:49] [307/458] MHLK
[10:17:49] [308/458] SLVL
[10:17:50] [309/458] RJKP
[10:17:52] [310/458] BBPC
[10:17:53] [311/458] MXCB
[10:17:54] [312/458] TCPK
[10:17:54] [313/458] RTBR
[10:17:55] [314/458] GAUT
[10:17:56] [315/458] DVCF
[10:17:57] 🔄 Identity reset
[10:17:57] 🔄 Identity rotated (every 10 requests)
[10:17:58] [316/458] JTSB
[10:17:58] [317/458] SBLS
[10:17:59] [318/458] UDAY
[10:18:00] [319/458] PTNP
[10:18:01] [320/458] DMKT
[10:18:02] [321/458] NTDT
[10:18:03] [322/458] SHDJ
[10:18:04] [323/458] OTNC
[10:18:04] [324/458] RNTW
[10:18:05] [325/458] GCMI
[10:18:06] 🔄 Identity reset
[10:18:06] 🔄 Identity rotated (every 10 requests)
[10:18:06] [326/458] CRCM
[10:18:07] [327/458] NNCZ
[10:18:08] [328/458] OEMO
[10:18:08] [329/458] PVJM
[10:18:09] [330/458] CPJI
[10:18:10] [331/458] RMCJ
[10:18:11] [332/458] CNWJ
[10:18:12] [333/458] EPJM
[10:18:13] [334/458] FNJJ
[10:18:14] [335/458] GCMJ
[10:18:14] 🔄 Identity reset
[10:18:14] 🔄 Identity rotated (every 10 requests)
[10:18:15] [336/458] INPS
[10:18:15] [337/458] BICJ
[10:18:16] [338/458] ISTJ
[10:18:17] [339/458] INJC
[10:18:18] [340/458] GLXJ
[10:18:19] [341/458] INEM
[10:18:21] [342/458] JTMN
[10:18:21] [343/458] FRCJ
[10:18:22] [344/458] DDJP
[10:18:23] [345/458] INJV
[10:18:24] 🔄 Identity reset
[10:18:24] 🔄 Identity rotated (every 10 requests)
[10:18:24] [346/458] GOLC
[10:18:26] [347/458] KOCI
[10:18:26] [348/458] FSTD
[10:18:27] [349/458] PACJ
[10:18:28] [350/458] GMCN
[10:18:29] [351/458] MMDJ
[10:18:30] [352/458] GODH
[10:18:31] [353/458] SKYN
[10:18:32] [354/458] NCTH
[10:18:32] [355/458] SKVZ
[10:18:33] 🔄 Identity reset
[10:18:33] 🔄 Identity rotated (every 10 requests)
[10:18:33] [356/458] SVML
[10:18:34] [357/458] ACVZ
[10:18:35] [358/458] SURA
[10:18:36] [359/458] RTRB
[10:18:37] [360/458] LLCT
[10:18:37] [361/458] ATTS
[10:18:38] [362/458] JYCM
[10:18:39] [363/458] CTKR
[10:18:40] [364/458] LCKR
[10:18:41] [365/458] NYCV
[10:18:41] 🔄 Identity reset
[10:18:41] 🔄 Identity rotated (every 10 requests)
[10:18:42] [366/458] NYOH
[10:18:43] [367/458] NOVX
[10:18:44] [368/458] MRGK
[10:18:44] [369/458] MOON
[10:18:45] [370/458] SBUC
[10:18:46] [371/458] GSVA
[10:18:48] [372/458] VIAK
[10:18:49] [373/458] SMVZ
[10:18:50] [374/458] MATE
[10:18:52] [375/458] RDCN
[10:18:52] 🔄 Identity reset
[10:18:52] 🔄 Identity rotated (every 10 requests)
[10:18:52] [376/458] ASBL
[10:18:53] [377/458] ASVS
[10:18:54] [378/458] ASSR
[10:18:55] [379/458] SSKN
[10:18:56] [380/458] DRPV
[10:18:57] [381/458] MRHT
[10:18:58] [382/458] BSCN
[10:18:59] [383/458] RKNX
[10:19:00] [384/458] MSMC
[10:19:00] [385/458] MSCJ
[10:19:01] 🔄 Identity reset
[10:19:01] 🔄 Identity rotated (every 10 requests)
[10:19:01] [386/458] BTBJ
[10:19:02] [387/458] MJCC
[10:19:03] [388/458] IOMM
[10:19:04] [389/458] ADGR
[10:19:04] [390/458] MYCP
[10:19:06] [391/458] IGCM
[10:19:07] [392/458] PGRK
[10:19:08] [393/458] VPGO
[10:19:08] [394/458] KOMS
[10:19:09] [395/458] URGG
[10:19:10] 🔄 Identity reset
[10:19:10] 🔄 Identity rotated (every 10 requests)
[10:19:10] 🔄 Retry 1/5 for URGG in 2.3s
[10:19:10] 🔄 Identity reset
[10:19:12] 🧠 New identity created
[10:19:12] [396/458] GOST
[10:19:13] [397/458] LACT
[10:19:15] [398/458] BWCM
[10:19:16] [399/458] NCCW
[10:19:18] [400/458] SKYC
[10:19:19] [401/458] CCPM
[10:19:19] [402/458] VCBT
[10:19:20] [403/458] SDKR
[10:19:21] [404/458] CTYB
[10:19:22] 🔄 Identity reset
[10:19:22] 🔄 Identity rotated (every 10 requests)
[10:19:22] [405/458] SHCX
[10:19:23] [406/458] RCUN
[10:19:24] [407/458] CNRA
[10:19:24] [408/458] RFCA
[10:19:25] [409/458] RDCU
[10:19:26] [410/458] SARK
[10:19:27] [411/458] SPPP
[10:19:28] [412/458] ADMB
[10:19:29] [413/458] JYOE
[10:19:30] [414/458] SRMD
[10:19:30] 🔄 Identity reset
[10:19:30] 🔄 Identity rotated (every 10 requests)
[10:19:31] 🔄 Retry 1/5 for SRMD in 2.9s
[10:19:31] 🔄 Identity reset
[10:19:33] 🧠 New identity created
[10:19:34] [415/458] RJDH
[10:19:35] [416/458] SSTD
[10:19:35] [417/458] AACV
[10:19:36] [418/458] PPVD
[10:19:37] [419/458] STCP
[10:19:38] [420/458] ANLS
[10:19:39] [421/458] BIJO
[10:19:40] [422/458] AVAB
[10:19:40] [423/458] SPMD
[10:19:41] 🔄 Identity reset
[10:19:41] 🔄 Identity rotated (every 10 requests)
[10:19:41] 🔄 Retry 1/5 for SPMD in 2.8s
[10:19:41] 🔄 Identity reset
[10:19:44] 🧠 New identity created
[10:19:44] [424/458] SVJL
[10:19:45] [425/458] SDDJ
[10:19:46] [426/458] SLTU
[10:19:47] [427/458] SAKA
[10:19:48] [428/458] PMAM
[10:19:48] [429/458] FNAM
[10:19:49] [430/458] ACAM
[10:19:50] [431/458] SCMM
[10:19:51] [432/458] PMAK
[10:19:51] 🔄 Identity reset
[10:19:52] 🔄 Identity rotated (every 10 requests)
[10:19:52] [433/458] NYSA
[10:19:53] [434/458] FCPA
[10:19:54] [435/458] GDAN
[10:19:54] [436/458] RSCA
[10:19:56] [437/458] DMAN
[10:19:57] [438/458] DZCM
[10:19:57] [439/458] NSGL
[10:19:59] [440/458] CCPP
[10:20:00] [441/458] PSMG
[10:20:00] [442/458] GSER
[10:20:01] 🔄 Identity reset
[10:20:01] 🔄 Identity rotated (every 10 requests)
[10:20:01] [443/458] FCCT
[10:20:02] [444/458] FCTB
[10:20:03] [445/458] LCNK
[10:20:04] [446/458] SKTY
[10:20:04] [447/458] INAA
[10:20:05] [448/458] RCWN
[10:20:06] [449/458] VAIS
[10:20:07] [450/458] CVMN
[10:20:08] [451/458] INTS
[10:20:09] [452/458] FRGS
[10:20:09] 🔄 Identity reset
[10:20:09] 🔄 Identity rotated (every 10 requests)
[10:20:09] [453/458] DTCK
[10:20:10] [454/458] MCMH
[10:20:11] [455/458] ECRR
[10:20:12] [456/458] RLLP
[10:20:13] [457/458] CCSN
[10:20:14] [458/458] CCBA
[10:20:15] 🧹 Deduping shows
[10:20:15] ✅ DONE | Shows=39 | Movies=7
[04:58:57] 🚀 SCRIPT STARTED (enhanced anti‑detection)
[04:58:57] [1/458] MBDC
[04:58:57] 🧠 New identity created
[04:58:57] 🔄 Retry 1/5 for MBDC in 2.5s
[04:58:57] 🔄 Identity reset
[04:59:00] 🧠 New identity created
[04:59:00] 🔄 Retry 2/5 for MBDC in 4.8s
[04:59:00] 🔄 Identity reset
[04:59:05] 🧠 New identity created
[04:59:05] [2/458] CHKM
[04:59:06] [3/458] JTKZ
[04:59:07] [4/458] CMCT
[04:59:08] [5/458] ASHO
[04:59:09] [6/458] ECDG
[04:59:10] [7/458] SPAT
[04:59:11] [8/458] HILC
[04:59:11] 🔄 Identity reset
[04:59:11] 🔄 Identity rotated (every 10 requests)
[04:59:11] 🔄 Retry 1/5 for HILC in 2.1s
[04:59:11] 🔄 Identity reset
[04:59:13] 🧠 New identity created
[04:59:14] [9/458] SPPH
[04:59:14] [10/458] SBHN
[04:59:15] [11/458] RRCA
[04:59:17] [12/458] APAA
[04:59:18] [13/458] RAME
[04:59:18] [14/458] TMMS
[04:59:19] [15/458] BATK
[04:59:20] [16/458] LKOP
[04:59:21] [17/458] AMTT
[04:59:21] 🔄 Identity reset
[04:59:21] 🔄 Identity rotated (every 10 requests)
[04:59:22] [18/458] PTGK
[04:59:22] [19/458] ANRS
[04:59:23] [20/458] VWBW
[04:59:25] [21/458] SVFG
[04:59:26] [22/458] STAT
[04:59:27] [23/458] GDCV
[04:59:27] [24/458] VEBI
[04:59:28] [25/458] VDSS
[04:59:30] [26/458] NTHV
[04:59:30] [27/458] AOCH
[04:59:31] 🔄 Identity reset
[04:59:31] 🔄 Identity rotated (every 10 requests)
[04:59:31] 🔄 Retry 1/5 for AOCH in 2.8s
[04:59:31] 🔄 Identity reset
[04:59:34] 🧠 New identity created
[04:59:34] 🔄 Retry 2/5 for AOCH in 4.6s
[04:59:34] 🔄 Identity reset
[04:59:39] 🧠 New identity created
[04:59:39] [28/458] KASR
[04:59:40] [29/458] AYCS
[04:59:41] [30/458] SHAI
[04:59:42] [31/458] SKPE
[04:59:42] [32/458] SBTA
[04:59:43] [33/458] RTTD
[04:59:44] [34/458] CCJD
[04:59:45] [35/458] RSJJ
[04:59:46] 🔄 Identity reset
[04:59:46] 🔄 Identity rotated (every 10 requests)
[04:59:46] [36/458] RKND
[04:59:47] [37/458] SVTX
[04:59:48] [38/458] BAKM
[04:59:49] [39/458] SVDC
[04:59:50] [40/458] MNCV
[04:59:51] [41/458] SJGC
[04:59:53] [42/458] MTPK
[04:59:53] [43/458] GATP
[04:59:54] [44/458] ABTS
[04:59:55] [45/458] ABDE
[04:59:56] 🔄 Identity reset
[04:59:56] 🔄 Identity rotated (every 10 requests)
[04:59:56] [46/458] RCNM
[04:59:57] [47/458] KTHV
[04:59:58] [48/458] MDGJ
[04:59:59] [49/458] SMLM
[04:59:59] [50/458] JTMA
[05:00:00] [51/458] ACKP
[05:00:01] [52/458] SRTA
[05:00:03] [53/458] STAY
[05:00:04] [54/458] MAVO
[05:00:05] [55/458] APTS
[05:00:05] 🔄 Identity reset
[05:00:05] 🔄 Identity rotated (every 10 requests)
[05:00:05] 🔄 Retry 1/5 for APTS in 2.0s
[05:00:05] 🔄 Identity reset
[05:00:07] 🧠 New identity created
[05:00:08] [56/458] OMEA
[05:00:09] [57/458] TTFD
[05:00:09] [58/458] MJCU
[05:00:10] [59/458] CXTE
[05:00:11] [60/458] CTPX
[05:00:12] [61/458] ASSL
[05:00:13] [62/458] CMVB
[05:00:14] [63/458] VPUR
[05:00:15] [64/458] JJDA
[05:00:15] 🔄 Identity reset
[05:00:15] 🔄 Identity rotated (every 10 requests)
[05:00:16] [65/458] INBL
[05:00:17] [66/458] BIKB
[05:00:18] [67/458] NTBB
[05:00:18] [68/458] GLOB
[05:00:19] [69/458] SNTB
[05:00:21] [70/458] CHGV
[05:00:21] [71/458] SSBZ
[05:00:22] [72/458] PRDB
[05:00:24] [73/458] ISMT
[05:00:25] [74/458] MCSD
[05:00:26] 🔄 Identity reset
[05:00:26] 🔄 Identity rotated (every 10 requests)
[05:00:26] 🔄 Retry 1/5 for MCSD in 3.0s
[05:00:26] 🔄 Identity reset
[05:00:29] 🧠 New identity created
[05:00:29] [75/458] JBTT
[05:00:30] [76/458] GEKR
[05:00:31] [77/458] PVUN
[05:00:32] [78/458] NRTB
[05:00:33] [79/458] PRAA
[05:00:34] [80/458] PCBL
[05:00:35] [81/458] PTCM
[05:00:36] [82/458] KHNN
[05:00:37] [83/458] OMJE
[05:00:38] 🔄 Identity reset
[05:00:38] 🔄 Identity rotated (every 10 requests)
[05:00:38] 🔄 Retry 1/5 for OMJE in 2.5s
[05:00:38] 🔄 Identity reset
[05:00:40] 🧠 New identity created
[05:00:40] [84/458] STGN
[05:00:41] [85/458] RPMS
[05:00:42] [86/458] NWAD
[05:00:43] [87/458] BLCK
[05:00:44] [88/458] SVAA
[05:00:45] [89/458] URVM
[05:00:46] [90/458] ANTM
[05:00:46] [91/458] VJYM
[05:00:47] [92/458] MAZZ
[05:00:48] 🔄 Identity reset
[05:00:48] 🔄 Identity rotated (every 10 requests)
[05:00:48] [93/458] CSHM
[05:00:49] [94/458] WGMH
[05:00:50] [95/458] SALN
[05:00:51] [96/458] BRTP
[05:00:52] [97/458] SVTA
[05:00:53] [98/458] SBTP
[05:00:53] [99/458] VLSS
[05:00:54] [100/458] SRJA
[05:00:55] [101/458] ANCG
[05:00:56] [102/458] CGGC
[05:00:56] 🔄 Identity reset
[05:00:56] 🔄 Identity rotated (every 10 requests)
[05:00:56] 🔄 Retry 1/5 for CGGC in 2.3s
[05:00:56] 🔄 Identity reset
[05:00:59] 🧠 New identity created
[05:00:59] [103/458] CRJA
[05:01:00] [104/458] USCR
[05:01:01] [105/458] MMEF
[05:01:02] [106/458] JCRJ
[05:01:02] [107/458] ADCM
[05:01:03] [108/458] BMYK
[05:01:04] [109/458] KICS
[05:01:05] [110/458] MBBT
[05:01:06] [111/458] MACK
[05:01:06] 🔄 Identity reset
[05:01:06] 🔄 Identity rotated (every 10 requests)
[05:01:06] 🔄 Retry 1/5 for MACK in 2.3s
[05:01:06] 🔄 Identity reset
[05:01:09] 🧠 New identity created
[05:01:09] 🔄 Retry 2/5 for MACK in 4.6s
[05:01:09] 🔄 Identity reset
[05:01:13] 🧠 New identity created
[05:01:14] [112/458] CLDR
[05:01:15] [113/458] JYCR
[05:01:16] [114/458] DCRP
[05:01:17] [115/458] RAHT
[05:01:18] [116/458] CSSM
[05:01:19] [117/458] ATPK
[05:01:20] [118/458] KLRT
[05:01:21] [119/458] SRDD
[05:01:22] 🔄 Identity reset
[05:01:22] 🔄 Identity rotated (every 10 requests)
[05:01:22] [120/458] CKMC
[05:01:23] [121/458] KRVM
[05:01:24] [122/458] AKCP
[05:01:25] [123/458] CNCV
[05:01:25] [124/458] PACT
[05:01:27] [125/458] NATP
[05:01:28] [126/458] PCPK
[05:01:29] [127/458] SMHO
[05:01:29] [128/458] CWTK
[05:01:30] [129/458] RVKZ
[05:01:31] 🔄 Identity reset
[05:01:31] 🔄 Identity rotated (every 10 requests)
[05:01:31] 🔄 Retry 1/5 for RVKZ in 2.1s
[05:01:31] 🔄 Identity reset
[05:01:33] 🧠 New identity created
[05:01:33] [130/458] ASPD
[05:01:35] [131/458] VTKZ
[05:01:36] [132/458] LCSO
[05:01:37] [133/458] PRDY
[05:01:38] [134/458] RCAP
[05:01:38] [135/458] RGAR
[05:01:39] [136/458] RCAC
[05:01:40] [137/458] PMOD
[05:01:41] [138/458] PVCN
[05:01:42] 🔄 Identity reset
[05:01:42] 🔄 Identity rotated (every 10 requests)
[05:01:42] 🔄 Retry 1/5 for PVCN in 2.3s
[05:01:42] 🔄 Identity reset
[05:01:44] 🧠 New identity created
[05:01:44] [139/458] SCRZ
[05:01:45] [140/458] PVPC
[05:01:46] [141/458] STID
[05:01:47] [142/458] NEDD
[05:01:48] [143/458] BNBA
[05:01:49] [144/458] NTCD
[05:01:49] [145/458] OCDE
[05:01:50] [146/458] CCDU
[05:01:51] [147/458] CRXH
[05:01:52] 🔄 Identity reset
[05:01:52] 🔄 Identity rotated (every 10 requests)
[05:01:52] [148/458] VLVT
[05:01:53] [149/458] CICI
[05:01:54] [150/458] SUCB
[05:01:55] [151/458] TCBP
[05:01:56] [152/458] SCCY
[05:01:57] [153/458] LXCY
[05:01:58] [154/458] NCMD
[05:01:58] [155/458] PHCS
[05:01:59] [156/458] DUXR
[05:02:00] [157/458] VNKS
[05:02:01] 🔄 Identity reset
[05:02:01] 🔄 Identity rotated (every 10 requests)
[05:02:01] 🔄 Retry 1/5 for VNKS in 2.3s
[05:02:01] 🔄 Identity reset
[05:02:03] 🧠 New identity created
[05:02:04] [158/458] SEDP
[05:02:04] [159/458] SVEN
[05:02:05] [160/458] SRKM
[05:02:06] [161/458] JTLT
[05:02:07] [162/458] SVSS
[05:02:08] [163/458] AMDE
[05:02:08] [164/458] WVRN
[05:02:09] [165/458] ISMG
[05:02:10] [166/458] WVKS
[05:02:11] 🔄 Identity reset
[05:02:11] 🔄 Identity rotated (every 10 requests)
[05:02:12] [167/458] USCG
[05:02:12] [168/458] IOTG
[05:02:14] [169/458] RRJM
[05:02:15] [170/458] EDMP
[05:02:16] [171/458] SCGZ
[05:02:17] [172/458] GMGX
[05:02:18] [173/458] OMTP
[05:02:19] [174/458] MITD
[05:02:20] [175/458] SMMD
[05:02:21] [176/458] STML
[05:02:22] 🔄 Identity reset
[05:02:22] 🔄 Identity rotated (every 10 requests)
[05:02:22] [177/458] MCFS
[05:02:24] [178/458] FPKA
[05:02:25] [179/458] OMLR
[05:02:26] [180/458] KKSC
[05:02:27] [181/458] RVMA
[05:02:27] [182/458] SCLL
[05:02:28] [183/458] SCDK
[05:02:29] [184/458] SXMI
[05:02:30] [185/458] SHDN
[05:02:31] [186/458] PAAD
[05:02:32] 🔄 Identity reset
[05:02:32] 🔄 Identity rotated (every 10 requests)
[05:02:32] [187/458] UUCB
[05:02:33] [188/458] JHOL
[05:02:34] [189/458] SGWT
[05:02:35] [190/458] SRII
[05:02:36] [191/458] SGCK
[05:02:37] [192/458] SVVB
[05:02:38] [193/458] DMHA
[05:02:38] [194/458] PPNL
[05:02:39] [195/458] CPNL
[05:02:41] [196/458] WVLD
[05:02:42] 🔄 Identity reset
[05:02:42] 🔄 Identity rotated (every 10 requests)
[05:02:42] 🔄 Retry 1/5 for WVLD in 2.6s
[05:02:42] 🔄 Identity reset
[05:02:44] 🧠 New identity created
[05:02:45] [197/458] PSLV
[05:02:45] [198/458] VTTL
[05:02:46] [199/458] NPAD
[05:02:47] [200/458] PVCS
[05:02:48] [201/458] MCHL
[05:02:49] [202/458] PPLL
[05:02:50] [203/458] MALO
[05:02:51] [204/458] SWBH
[05:02:52] [205/458] PUGB
[05:02:52] 🔄 Identity reset
[05:02:52] 🔄 Identity rotated (every 10 requests)
[05:02:52] [206/458] INBB
[05:02:53] [207/458] INNS
[05:02:54] [208/458] MCPT
[05:02:55] [209/458] SCMI
[05:02:56] [210/458] OCON
[05:02:56] [211/458] SCSM
[05:02:57] [212/458] RJVN
[05:02:58] [213/458] AMDK
[05:02:59] [214/458] ISMR
[05:03:00] [215/458] SMTD
[05:03:01] 🔄 Identity reset
[05:03:01] 🔄 Identity rotated (every 10 requests)
[05:03:01] 🔄 Retry 1/5 for SMTD in 2.1s
[05:03:01] 🔄 Identity reset
[05:03:03] 🧠 New identity created
[05:03:03] [216/458] VTDD
[05:03:04] [217/458] PDDZ
[05:03:05] [218/458] PCCK
[05:03:06] [219/458] INAM
[05:03:08] [220/458] FNKT
[05:03:08] [221/458] GDKA
[05:03:09] [222/458] MAYU
[05:03:10] [223/458] TCGU
[05:03:11] [224/458] KDCA
[05:03:12] 🔄 Identity reset
[05:03:12] 🔄 Identity rotated (every 10 requests)
[05:03:12] [225/458] DOMY
[05:03:13] [226/458] PDDD
[05:03:13] [227/458] BJTS
[05:03:14] [228/458] VTCA
[05:03:15] [229/458] SBTM
[05:03:16] [230/458] SEET
[05:03:17] [231/458] SSTJ
[05:03:18] [232/458] SVNT
[05:03:19] [233/458] PPPR
[05:03:20] [234/458] PVYS
[05:03:21] 🔄 Identity reset
[05:03:21] 🔄 Identity rotated (every 10 requests)
[05:03:21] [235/458] IOSE
[05:03:22] [236/458] ACTV
[05:03:23] [237/458] APVE
[05:03:23] [238/458] TCCL
[05:03:24] [239/458] SCMO
[05:03:25] [240/458] SAUM
[05:03:26] [241/458] KCJS
[05:03:27] [242/458] NJCJ
[05:03:27] [243/458] NECF
[05:03:29] [244/458] CCGW
[05:03:30] 🔄 Identity reset
[05:03:30] 🔄 Identity rotated (every 10 requests)
[05:03:30] [245/458] CCMG
[05:03:31] [246/458] NYRG
[05:03:31] [247/458] NCSQ
[05:03:32] [248/458] GRCG
[05:03:33] [249/458] CCBT
[05:03:34] [250/458] ACGA
[05:03:35] [251/458] INAG
[05:03:36] [252/458] FUCG
[05:03:37] [253/458] AICF
[05:03:38] [254/458] GRGA
[05:03:39] 🔄 Identity reset
[05:03:39] 🔄 Identity rotated (every 10 requests)
[05:03:39] [255/458] GDCN
[05:03:40] [256/458] RRCG
[05:03:42] [257/458] SDCH
[05:03:43] [258/458] WVJM
[05:03:44] [259/458] JCCZ
[05:03:45] [260/458] CNCL
[05:03:46] [261/458] TMLV
[05:03:47] [262/458] MEMB
[05:03:48] [263/458] SGTD
[05:03:49] [264/458] CONX
[05:03:49] 🔄 Identity reset
[05:03:49] 🔄 Identity rotated (every 10 requests)
[05:03:50] [265/458] CCMH
[05:03:50] [266/458] ACMC
[05:03:51] [267/458] DTPD
[05:03:52] [268/458] POJA
[05:03:53] [269/458] FNBH
[05:03:54] [270/458] CGCB
[05:03:55] [271/458] RACN
[05:03:55] [272/458] JTSM
[05:03:56] [273/458] SCDN
[05:03:57] [274/458] AACK
[05:03:58] 🔄 Identity reset
[05:03:58] 🔄 Identity rotated (every 10 requests)
[05:03:58] 🔄 Retry 1/5 for AACK in 2.9s
[05:03:58] 🔄 Identity reset
[05:04:00] 🧠 New identity created
[05:04:01] [275/458] RMCE
[05:04:02] [276/458] BSGB
[05:04:03] [277/458] MRCB
[05:04:03] [278/458] SRVR
[05:04:05] [279/458] VTKK
[05:04:05] [280/458] AMST
[05:04:06] [281/458] APCY
[05:04:07] [282/458] LMHO
[05:04:08] [283/458] MTZH
[05:04:09] 🔄 Identity reset
[05:04:09] 🔄 Identity rotated (every 10 requests)
[05:04:09] [284/458] AMZB
[05:04:10] [285/458] SUVT
[05:04:11] [286/458] RCIP
[05:04:12] [287/458] KESR
[05:04:12] [288/458] SNKC
[05:04:13] [289/458] SCED
[05:04:14] [290/458] DVCA
[05:04:15] [291/458] VCDT
[05:04:16] [292/458] RRDI
[05:04:17] [293/458] DFCH
[05:04:18] 🔄 Identity reset
[05:04:18] 🔄 Identity rotated (every 10 requests)
[05:04:18] [294/458] INSC
[05:04:19] [295/458] RGTR
[05:04:20] [296/458] FMOT
[05:04:20] [297/458] SCPM
[05:04:21] [298/458] GCDT
[05:04:22] [299/458] BRKT
[05:04:23] [300/458] DEMP
[05:04:24] [301/458] SRLC
[05:04:26] [302/458] KSTT
[05:04:26] [303/458] SMMT
[05:04:27] 🔄 Identity reset
[05:04:27] 🔄 Identity rotated (every 10 requests)
[05:04:27] [304/458] SILM
[05:04:29] [305/458] JCVM
[05:04:30] [306/458] KCSV
[05:04:30] [307/458] MHLK
[05:04:31] [308/458] SLVL
[05:04:32] [309/458] RJKP
[05:04:33] [310/458] BBPC
[05:04:34] [311/458] MXCB
[05:04:35] [312/458] TCPK
[05:04:35] [313/458] RTBR
[05:04:36] 🔄 Identity reset
[05:04:36] 🔄 Identity rotated (every 10 requests)
[05:04:37] [314/458] GAUT
[05:04:37] [315/458] DVCF
[05:04:38] [316/458] JTSB
[05:04:39] [317/458] SBLS
[05:04:40] [318/458] UDAY
[05:04:41] [319/458] PTNP
[05:04:41] [320/458] DMKT
[05:04:43] [321/458] NTDT
[05:04:44] [322/458] SHDJ
[05:04:45] [323/458] OTNC
[05:04:45] 🔄 Identity reset
[05:04:45] 🔄 Identity rotated (every 10 requests)
[05:04:45] 🔄 Retry 1/5 for OTNC in 2.3s
[05:04:45] 🔄 Identity reset
[05:04:48] 🧠 New identity created
[05:04:48] [324/458] RNTW
[05:04:49] [325/458] GCMI
[05:04:50] [326/458] CRCM
[05:04:50] [327/458] NNCZ
[05:04:52] [328/458] OEMO
[05:04:53] [329/458] PVJM
[05:04:54] [330/458] CPJI
[05:04:55] [331/458] RMCJ
[05:04:56] [332/458] CNWJ
[05:04:57] 🔄 Identity reset
[05:04:57] 🔄 Identity rotated (every 10 requests)
[05:04:57] [333/458] EPJM
[05:04:58] [334/458] FNJJ
[05:04:59] [335/458] GCMJ
[05:05:00] [336/458] INPS
[05:05:01] [337/458] BICJ
[05:05:01] [338/458] ISTJ
[05:05:03] [339/458] INJC
[05:05:04] [340/458] GLXJ
[05:05:05] [341/458] INEM
[05:05:05] [342/458] JTMN
[05:05:06] 🔄 Identity reset
[05:05:06] 🔄 Identity rotated (every 10 requests)
[05:05:06] [343/458] FRCJ
[05:05:07] [344/458] DDJP
[05:05:08] [345/458] INJV
[05:05:09] [346/458] GOLC
[05:05:09] [347/458] KOCI
[05:05:10] [348/458] FSTD
[05:05:11] [349/458] PACJ
[05:05:12] [350/458] GMCN
[05:05:14] [351/458] MMDJ
[05:05:14] [352/458] GODH
[05:05:15] 🔄 Identity reset
[05:05:15] 🔄 Identity rotated (every 10 requests)
[05:05:15] [353/458] SKYN
[05:05:16] [354/458] NCTH
[05:05:17] [355/458] SKVZ
[05:05:18] [356/458] SVML
[05:05:19] [357/458] ACVZ
[05:05:20] [358/458] SURA
[05:05:21] [359/458] RTRB
[05:05:22] [360/458] LLCT
[05:05:23] [361/458] ATTS
[05:05:24] [362/458] JYCM
[05:05:24] 🔄 Identity reset
[05:05:24] 🔄 Identity rotated (every 10 requests)
[05:05:25] [363/458] CTKR
[05:05:26] [364/458] LCKR
[05:05:27] [365/458] NYCV
[05:05:28] [366/458] NYOH
[05:05:30] [367/458] NOVX
[05:05:31] [368/458] MRGK
[05:05:32] [369/458] MOON
[05:05:33] [370/458] SBUC
[05:05:34] [371/458] GSVA
[05:05:34] [372/458] VIAK
[05:05:35] 🔄 Identity reset
[05:05:35] 🔄 Identity rotated (every 10 requests)
[05:05:35] [373/458] SMVZ
[05:05:37] [374/458] MATE
[05:05:38] [375/458] RDCN
[05:05:39] [376/458] ASBL
[05:05:40] [377/458] ASVS
[05:05:41] [378/458] ASSR
[05:05:42] [379/458] SSKN
[05:05:43] [380/458] DRPV
[05:05:43] [381/458] MRHT
[05:05:44] [382/458] BSCN
[05:05:45] 🔄 Identity reset
[05:05:45] 🔄 Identity rotated (every 10 requests)
[05:05:45] 🔄 Retry 1/5 for BSCN in 2.2s
[05:05:45] 🔄 Identity reset
[05:05:47] 🧠 New identity created
[05:05:47] [383/458] RKNX
[05:05:48] [384/458] MSMC
[05:05:49] [385/458] MSCJ
[05:05:50] [386/458] BTBJ
[05:05:51] [387/458] MJCC
[05:05:52] [388/458] IOMM
[05:05:53] [389/458] ADGR
[05:05:54] [390/458] MYCP
[05:05:55] [391/458] IGCM
[05:05:56] 🔄 Identity reset
[05:05:56] 🔄 Identity rotated (every 10 requests)
[05:05:56] [392/458] PGRK
[05:05:57] [393/458] VPGO
[05:05:58] [394/458] KOMS
[05:05:59] [395/458] URGG
[05:06:00] [396/458] GOST
[05:06:00] [397/458] LACT
[05:06:02] [398/458] BWCM
[05:06:02] [399/458] NCCW
[05:06:03] [400/458] SKYC
[05:06:04] [401/458] CCPM
[05:06:05] 🔄 Identity reset
[05:06:05] 🔄 Identity rotated (every 10 requests)
[05:06:05] [402/458] VCBT
[05:06:06] [403/458] SDKR
[05:06:07] [404/458] CTYB
[05:06:08] [405/458] SHCX
[05:06:09] [406/458] RCUN
[05:06:09] [407/458] CNRA
[05:06:10] [408/458] RFCA
[05:06:11] [409/458] RDCU
[05:06:12] [410/458] SARK
[05:06:13] [411/458] SPPP
[05:06:13] 🔄 Identity reset
[05:06:13] 🔄 Identity rotated (every 10 requests)
[05:06:13] 🔄 Retry 1/5 for SPPP in 3.0s
[05:06:13] 🔄 Identity reset
[05:06:16] 🧠 New identity created
[05:06:17] [412/458] ADMB
[05:06:18] [413/458] JYOE
[05:06:19] [414/458] SRMD
[05:06:19] [415/458] RJDH
[05:06:20] [416/458] SSTD
[05:06:22] [417/458] AACV
[05:06:22] [418/458] PPVD
[05:06:23] [419/458] STCP
[05:06:24] [420/458] ANLS
[05:06:25] 🔄 Identity reset
[05:06:25] 🔄 Identity rotated (every 10 requests)
[05:06:25] [421/458] BIJO
[05:06:26] [422/458] AVAB
[05:06:27] [423/458] SPMD
[05:06:28] [424/458] SVJL
[05:06:28] [425/458] SDDJ
[05:06:29] [426/458] SLTU
[05:06:31] [427/458] SAKA
[05:06:32] [428/458] PMAM
[05:06:32] [429/458] FNAM
[05:06:33] [430/458] ACAM
[05:06:34] 🔄 Identity reset
[05:06:34] 🔄 Identity rotated (every 10 requests)
[05:06:34] 🔄 Retry 1/5 for ACAM in 2.4s
[05:06:34] 🔄 Identity reset
[05:06:36] 🧠 New identity created
[05:06:36] [431/458] SCMM
[05:06:37] [432/458] PMAK
[05:06:38] [433/458] NYSA
[05:06:39] [434/458] FCPA
[05:06:39] [435/458] GDAN
[05:06:40] [436/458] RSCA
[05:06:41] [437/458] DMAN
[05:06:42] [438/458] DZCM
[05:06:43] [439/458] NSGL
[05:06:43] 🔄 Identity reset
[05:06:44] 🔄 Identity rotated (every 10 requests)
[05:06:44] [440/458] CCPP
[05:06:45] [441/458] PSMG
[05:06:45] [442/458] GSER
[05:06:46] [443/458] FCCT
[05:06:48] [444/458] FCTB
[05:06:48] [445/458] LCNK
[05:06:49] [446/458] SKTY
[05:06:50] [447/458] INAA
[05:06:51] [448/458] RCWN
[05:06:52] [449/458] VAIS
[05:06:53] 🔄 Identity reset
[05:06:53] 🔄 Identity rotated (every 10 requests)
[05:06:53] [450/458] CVMN
[05:06:54] [451/458] INTS
[05:06:55] [452/458] FRGS
[05:06:56] [453/458] DTCK
[05:06:57] [454/458] MCMH
[05:06:58] [455/458] ECRR
[05:06:59] [456/458] RLLP
[05:07:00] [457/458] CCSN
[05:07:01] [458/458] CCBA
[05:07:02] 🧹 Deduping shows
[05:07:02] ✅ DONE | Shows=137 | Movies=11
