[10:12:49] 🚀 SCRIPT STARTED (enhanced anti‑detection)
[10:12:49] [1/459] MCCZ
[10:12:50] 🧠 New identity created
[10:12:50] 🔄 Retry 1/5 for MCCZ in 2.1s
[10:12:50] 🔄 Identity reset
[10:12:52] 🧠 New identity created
[10:12:52] 🔄 Retry 2/5 for MCCZ in 4.1s
[10:12:52] 🔄 Identity reset
[10:12:56] 🧠 New identity created
[10:12:56] [2/459] FRPU
[10:12:57] [3/459] SKSI
[10:12:58] [4/459] SSCK
[10:12:59] [5/459] SRDC
[10:13:00] [6/459] RSCZ
[10:13:01] [7/459] PRVT
[10:13:02] [8/459] GAGJ
[10:13:03] 🔄 Identity reset
[10:13:03] 🔄 Identity rotated (every 10 requests)
[10:13:03] [9/459] SMHG
[10:13:04] [10/459] JTST
[10:13:05] [11/459] MYTH
[10:13:07] [12/459] JPCC
[10:13:13] [13/459] ACDC
[10:13:14] [14/459] SVFP
[10:13:15] [15/459] SFCM
[10:13:16] [16/459] RUPK
[10:13:17] [17/459] NTCR
[10:13:18] [18/459] RTCH
[10:13:18] 🔄 Identity reset
[10:13:18] 🔄 Identity rotated (every 10 requests)
[10:13:19] [19/459] SCMH
[10:13:20] [20/459] SVYM
[10:13:20] [21/459] SPYM
[10:13:22] [22/459] SMMF
[10:13:23] [23/459] CLLB
[10:13:24] [24/459] FMCB
[10:13:25] [25/459] BBTC
[10:13:26] [26/459] NTHS
[10:13:27] [27/459] PKKJ
[10:13:28] [28/459] MTJA
[10:13:28] 🔄 Identity reset
[10:13:28] 🔄 Identity rotated (every 10 requests)
[10:13:29] [29/459] PMSJ
[10:13:29] [30/459] JMJU
[10:13:30] [31/459] SRAD
[10:13:31] [32/459] MJMC
[10:13:32] [33/459] DFRM
[10:13:33] [34/459] PMRS
[10:13:34] [35/459] RKPP
[10:13:35] [36/459] BMBK
[10:13:37] [37/459] NEWS
[10:13:38] [38/459] SALB
[10:13:39] 🔄 Identity reset
[10:13:39] 🔄 Identity rotated (every 10 requests)
[10:13:39] 🔄 Retry 1/5 for SALB in 2.3s
[10:13:39] 🔄 Identity reset
[10:13:41] 🧠 New identity created
[10:13:41] [39/459] SCPW
[10:13:42] [40/459] RAYL
[10:13:43] [41/459] CMGJ
[10:13:44] [42/459] JRCR
[10:13:45] [43/459] SRTB
[10:13:46] [44/459] ETPB
[10:13:47] [45/459] MXBN
[10:13:48] [46/459] TOPE
[10:13:49] [47/459] SNLJ
[10:13:50] 🔄 Identity reset
[10:13:50] 🔄 Identity rotated (every 10 requests)
[10:13:50] [48/459] CDDP
[10:13:51] [49/459] APCX
[10:13:52] [50/459] TALP
[10:13:53] [51/459] RRMP
[10:13:53] [52/459] MAHB
[10:13:55] [53/459] MTKR
[10:13:56] [54/459] KSKL
[10:13:57] [55/459] RJLT
[10:13:58] [56/459] ATAS
[10:13:59] [57/459] AMHR
[10:13:59] 🔄 Identity reset
[10:13:59] 🔄 Identity rotated (every 10 requests)
[10:14:00] [58/459] RSRM
[10:14:01] [59/459] GCAT
[10:14:02] [60/459] SMML
[10:14:03] [61/459] ACCD
[10:14:04] [62/459] VYDA
[10:14:05] [63/459] MSKT
[10:14:05] [64/459] AVDM
[10:14:06] [65/459] ASMH
[10:14:07] [66/459] VTMB
[10:14:08] [67/459] WVMB
[10:14:09] 🔄 Identity reset
[10:14:09] 🔄 Identity rotated (every 10 requests)
[10:14:10] [68/459] PPMN
[10:14:11] [69/459] MTMD
[10:14:12] [70/459] SMMO
[10:14:13] [71/459] DLPB
[10:14:14] [72/459] AKMD
[10:14:15] [73/459] SHRR
[10:14:16] [74/459] ASCO
[10:14:17] [75/459] CZVX
[10:14:18] [76/459] GCBB
[10:14:19] [77/459] ATBM
[10:14:20] 🔄 Identity reset
[10:14:20] 🔄 Identity rotated (every 10 requests)
[10:14:20] 🔄 Retry 1/5 for ATBM in 2.1s
[10:14:20] 🔄 Identity reset
[10:14:22] 🧠 New identity created
[10:14:22] [78/459] TCGM
[10:14:24] [79/459] UMSE
[10:14:25] [80/459] NKCL
[10:14:26] [81/459] BTLR
[10:14:27] [82/459] GOCL
[10:14:28] [83/459] MIRN
[10:14:29] [84/459] THEC
[10:14:30] [85/459] SPPB
[10:14:31] [86/459] PMMM
[10:14:32] 🔄 Identity reset
[10:14:32] 🔄 Identity rotated (every 10 requests)
[10:14:32] [87/459] GGMC
[10:14:33] [88/459] AVSR
[10:14:34] [89/459] RDMH
[10:14:35] [90/459] JSRS
[10:14:36] [91/459] VKGP
[10:14:37] [92/459] ACRT
[10:14:38] [93/459] GCBA
[10:14:39] [94/459] GTCP
[10:14:40] [95/459] AKFC
[10:14:40] [96/459] INCS
[10:14:41] 🔄 Identity reset
[10:14:41] 🔄 Identity rotated (every 10 requests)
[10:14:41] [97/459] SMCK
[10:14:42] [98/459] BRUN
[10:14:44] [99/459] RPPC
[10:14:45] [100/459] PAYD
[10:14:46] [101/459] SVVT
[10:14:47] [102/459] RNCC
[10:14:48] [103/459] PCRC
[10:14:48] [104/459] PMRM
[10:14:49] [105/459] CCRP
[10:14:50] [106/459] INCR
[10:14:51] 🔄 Identity reset
[10:14:51] 🔄 Identity rotated (every 10 requests)
[10:14:51] [107/459] ZTMP
[10:14:52] [108/459] MCNR
[10:14:53] [109/459] INRP
[10:14:54] [110/459] STRC
[10:14:55] [111/459] RATI
[10:14:56] [112/459] PBTR
[10:14:57] [113/459] CMHP
[10:14:58] [114/459] ZECJ
[10:14:59] [115/459] CCCB
[10:15:00] [116/459] BWCB
[10:15:00] 🔄 Identity reset
[10:15:00] 🔄 Identity rotated (every 10 requests)
[10:15:01] [117/459] CCAT
[10:15:02] [118/459] KGCM
[10:15:03] [119/459] INPT
[10:15:04] [120/459] FNCO
[10:15:05] [121/459] SRMJ
[10:15:06] [122/459] PFSC
[10:15:07] [123/459] PBMC
[10:15:08] [124/459] KARP
[10:15:09] [125/459] KOVI
[10:15:10] [126/459] ACXL
[10:15:11] 🔄 Identity reset
[10:15:11] 🔄 Identity rotated (every 10 requests)
[10:15:11] [127/459] GKCC
[10:15:12] [128/459] ASCC
[10:15:13] [129/459] SETC
[10:15:14] [130/459] KACC
[10:15:15] [131/459] KAVE
[10:15:16] [132/459] CNTC
[10:15:17] [133/459] MEEN
[10:15:19] [134/459] BMRV
[10:15:20] [135/459] SVAM
[10:15:22] [136/459] VTBP
[10:15:22] 🔄 Identity reset
[10:15:23] 🔄 Identity rotated (every 10 requests)
[10:15:23] [137/459] VCKN
[10:15:24] [138/459] SGTK
[10:15:25] [139/459] RCGS
[10:15:26] [140/459] RCCB
[10:15:27] [141/459] RKSR
[10:15:28] [142/459] RKCU
[10:15:29] [143/459] GIBH
[10:15:29] [144/459] CXBS
[10:15:30] [145/459] GGCB
[10:15:31] [146/459] SCPB
[10:15:32] 🔄 Identity reset
[10:15:32] 🔄 Identity rotated (every 10 requests)
[10:15:32] [147/459] AKTB
[10:15:33] [148/459] SRBU
[10:15:34] [149/459] CSSA
[10:15:35] [150/459] MYAN
[10:15:36] [151/459] EXCA
[10:15:37] [152/459] CKSA
[10:15:38] [153/459] JTNM
[10:15:38] [154/459] CXKT
[10:15:39] [155/459] NCLM
[10:15:40] [156/459] JAAD
[10:15:41] 🔄 Identity reset
[10:15:41] 🔄 Identity rotated (every 10 requests)
[10:15:41] [157/459] RDCR
[10:15:42] [158/459] MEER
[10:15:43] [159/459] SIBT
[10:15:45] [160/459] PVVB
[10:15:46] [161/459] FNPN
[10:15:47] [162/459] CRPX
[10:15:48] [163/459] STET
[10:15:48] [164/459] METE
[10:15:49] [165/459] BJML
[10:15:51] [166/459] MAVT
[10:15:52] 🔄 Identity reset
[10:15:52] 🔄 Identity rotated (every 10 requests)
[10:15:52] [167/459] MSRM
[10:15:53] [168/459] TJMP
[10:15:54] [169/459] MHCK
[10:15:55] [170/459] SVGP
[10:15:56] [171/459] KRRC
[10:15:57] [172/459] IMCH
[10:15:58] [173/459] CMCS
[10:15:59] [174/459] SGND
[10:16:01] [175/459] RNAT
[10:16:01] [176/459] PRTN
[10:16:02] 🔄 Identity reset
[10:16:02] 🔄 Identity rotated (every 10 requests)
[10:16:02] 🔄 Retry 1/5 for PRTN in 2.8s
[10:16:02] 🔄 Identity reset
[10:16:05] 🧠 New identity created
[10:16:05] 🔄 Retry 2/5 for PRTN in 4.3s
[10:16:05] 🔄 Identity reset
[10:16:09] 🧠 New identity created
[10:16:10] [177/459] MPTN
[10:16:10] [178/459] ARCC
[10:16:11] [179/459] NTTE
[10:16:12] [180/459] ABND
[10:16:13] [181/459] KCSN
[10:16:14] [182/459] KCSA
[10:16:15] [183/459] DCKT
[10:16:16] [184/459] MBBR
[10:16:17] 🔄 Identity reset
[10:16:17] 🔄 Identity rotated (every 10 requests)
[10:16:17] [185/459] RAMU
[10:16:18] [186/459] RACW
[10:16:19] [187/459] MCHP
[10:16:20] [188/459] TMHM
[10:16:21] [189/459] STXH
[10:16:22] [190/459] AGSG
[10:16:23] [191/459] SIRA
[10:16:24] [192/459] RCAN
[10:16:25] [193/459] CWTB
[10:16:26] [194/459] VTYM
[10:16:26] 🔄 Identity reset
[10:16:26] 🔄 Identity rotated (every 10 requests)
[10:16:27] 🔄 Retry 1/5 for VTYM in 2.4s
[10:16:27] 🔄 Identity reset
[10:16:29] 🧠 New identity created
[10:16:29] 🔄 Retry 2/5 for VTYM in 5.0s
[10:16:29] 🔄 Identity reset
[10:16:34] 🧠 New identity created
[10:16:34] 🔄 Retry 3/5 for VTYM in 9.0s
[10:16:34] 🔄 Identity reset
[10:16:43] 🧠 New identity created
[10:16:44] [195/459] RRPP
[10:16:45] [196/459] ASMR
[10:16:46] [197/459] RONO
[10:16:47] [198/459] MEMR
[10:16:48] [199/459] CTMR
[10:16:49] [200/459] PMTT
[10:16:50] [201/459] PSLX
[10:16:50] 🔄 Identity reset
[10:16:50] 🔄 Identity rotated (every 10 requests)
[10:16:51] [202/459] IPPL
[10:16:52] [203/459] MMSG
[10:16:53] [204/459] INEL
[10:16:54] [205/459] COAC
[10:16:55] [206/459] WVLK
[10:16:56] [207/459] PPXL
[10:16:57] [208/459] PSML
[10:16:58] [209/459] FNLK
[10:16:59] [210/459] ILUM
[10:17:00] [211/459] ILCM
[10:17:00] 🔄 Identity reset
[10:17:00] 🔄 Identity rotated (every 10 requests)
[10:17:00] 🔄 Retry 1/5 for ILCM in 2.8s
[10:17:00] 🔄 Identity reset
[10:17:03] 🧠 New identity created
[10:17:03] [212/459] MSNL
[10:17:04] [213/459] VINB
[10:17:05] [214/459] SALW
[10:17:06] [215/459] PRTB
[10:17:07] [216/459] NCIL
[10:17:08] [217/459] PSUL
[10:17:09] [218/459] SCLK
[10:17:10] [219/459] ADDC
[10:17:11] [220/459] OACL
[10:17:12] 🔄 Identity reset
[10:17:12] 🔄 Identity rotated (every 10 requests)
[10:17:12] [221/459] OOCF
[10:17:13] [222/459] GPMF
[10:17:14] [223/459] SSDG
[10:17:16] [224/459] SKRS
[10:17:17] [225/459] NTTP
[10:17:17] [226/459] SLTP
[10:17:18] [227/459] JTLC
[10:17:19] [228/459] POON
[10:17:20] [229/459] CCPC
[10:17:21] [230/459] DCKC
[10:17:22] 🔄 Identity reset
[10:17:22] 🔄 Identity rotated (every 10 requests)
[10:17:22] 🔄 Retry 1/5 for DCKC in 2.9s
[10:17:22] 🔄 Identity reset
[10:17:25] 🧠 New identity created
[10:17:25] [231/459] CPRT
[10:17:26] [232/459] EYHZ
[10:17:28] [233/459] ARBL
[10:17:29] [234/459] SBTB
[10:17:30] [235/459] MMCK
[10:17:32] [236/459] PLMR
[10:17:33] [237/459] BIJH
[10:17:34] [238/459] SDRT
[10:17:35] [239/459] PRDC
[10:17:35] 🔄 Identity reset
[10:17:35] 🔄 Identity rotated (every 10 requests)
[10:17:35] 🔄 Retry 1/5 for PRDC in 2.5s
[10:17:35] 🔄 Identity reset
[10:17:38] 🧠 New identity created
[10:17:38] [240/459] OMJA
[10:17:39] [241/459] VKCR
[10:17:40] [242/459] ATRT
[10:17:41] [243/459] WVRP
[10:17:42] [244/459] MVRP
[10:17:43] [245/459] FCAX
[10:17:44] [246/459] CTLC
[10:17:45] [247/459] JCHB
[10:17:46] [248/459] SELP
[10:17:47] 🔄 Identity reset
[10:17:47] 🔄 Identity rotated (every 10 requests)
[10:17:48] [249/459] VCPG
[10:17:49] [250/459] ASCX
[10:17:50] [251/459] EOCS
[10:17:51] [252/459] RCPH
[10:17:52] [253/459] RJTM
[10:17:53] [254/459] SGMD
[10:17:54] [255/459] SVJT
[10:17:55] [256/459] SPPO
[10:17:56] [257/459] MNRL
[10:17:57] [258/459] KNOX
[10:17:57] 🔄 Identity reset
[10:17:57] 🔄 Identity rotated (every 10 requests)
[10:17:58] [259/459] GIER
[10:17:59] [260/459] PJMS
[10:18:00] [261/459] UNSP
[10:18:01] [262/459] JETP
[10:18:02] [263/459] VTWA
[10:18:03] [264/459] SCJI
[10:18:04] [265/459] CBZZ
[10:18:05] [266/459] SDCJ
[10:18:06] [267/459] RRCC
[10:18:07] [268/459] VNKG
[10:18:07] 🔄 Identity reset
[10:18:07] 🔄 Identity rotated (every 10 requests)
[10:18:08] [269/459] LKTO
[10:18:08] [270/459] PJRM
[10:18:09] [271/459] NVRM
[10:18:10] [272/459] SJCS
[10:18:11] [273/459] VIGK
[10:18:12] [274/459] ANST
[10:18:14] [275/459] JTTS
[10:18:15] [276/459] NTST
[10:18:16] [277/459] PREB
[10:18:17] [278/459] TSCZ
[10:18:17] 🔄 Identity reset
[10:18:17] 🔄 Identity rotated (every 10 requests)
[10:18:17] 🔄 Retry 1/5 for TSCZ in 2.0s
[10:18:17] 🔄 Identity reset
[10:18:19] 🧠 New identity created
[10:18:20] [279/459] CDCM
[10:18:21] [280/459] ELYE
[10:18:22] [281/459] INBS
[10:18:23] [282/459] SMGC
[10:18:24] [283/459] UTMP
[10:18:25] [284/459] INTA
[10:18:26] [285/459] OMPT
[10:18:27] [286/459] SCIR
[10:18:28] [287/459] GCKJ
[10:18:28] 🔄 Identity reset
[10:18:29] 🔄 Identity rotated (every 10 requests)
[10:18:29] [288/459] INOG
[10:18:30] [289/459] SMGB
[10:18:31] [290/459] MCSG
[10:18:33] [291/459] STKG
[10:18:33] [292/459] TTKG
[10:18:34] [293/459] SRTR
[10:18:35] [294/459] ETTR
[10:18:36] [295/459] GGGZ
[10:18:37] [296/459] IPGM
[10:18:38] [297/459] FCDH
[10:18:39] 🔄 Identity reset
[10:18:39] 🔄 Identity rotated (every 10 requests)
[10:18:40] [298/459] DESB
[10:18:41] [299/459] VNTP
[10:18:41] [300/459] ANNT
[10:18:43] [301/459] SLTI
[10:18:44] [302/459] MAJU
[10:18:45] [303/459] JCXP
[10:18:45] [304/459] HARK
[10:18:47] [305/459] JPCJ
[10:18:48] [306/459] RXBD
[10:18:49] [307/459] PTKJ
[10:18:50] 🔄 Identity reset
[10:18:50] 🔄 Identity rotated (every 10 requests)
[10:18:50] [308/459] CMTU
[10:18:51] [309/459] SWOR
[10:18:52] [310/459] JMEX
[10:18:53] [311/459] DTPT
[10:18:54] [312/459] VGMM
[10:18:55] [313/459] VCSG
[10:18:56] [314/459] CVCG
[10:18:57] [315/459] TNTT
[10:18:58] [316/459] SHRM
[10:18:59] [317/459] CGKD
[10:18:59] 🔄 Identity reset
[10:18:59] 🔄 Identity rotated (every 10 requests)
[10:19:00] [318/459] EKCM
[10:19:01] [319/459] SDCX
[10:19:02] [320/459] SBTE
[10:19:03] [321/459] STKJ
[10:19:03] [322/459] TPCE
[10:19:04] [323/459] JTNP
[10:19:05] [324/459] LPCH
[10:19:06] [325/459] CPUO
[10:19:07] [326/459] APSU
[10:19:08] [327/459] RTHC
[10:19:09] 🔄 Identity reset
[10:19:09] 🔄 Identity rotated (every 10 requests)
[10:19:09] 🔄 Retry 1/5 for RTHC in 2.7s
[10:19:09] 🔄 Identity reset
[10:19:12] 🧠 New identity created
[10:19:12] 🔄 Retry 2/5 for RTHC in 4.7s
[10:19:12] 🔄 Identity reset
[10:19:17] 🧠 New identity created
[10:19:17] 🔄 Retry 3/5 for RTHC in 8.3s
[10:19:17] 🔄 Identity reset
[10:19:25] 🧠 New identity created
[10:19:25] [328/459] PTBU
[10:19:26] [329/459] CUCC
[10:19:27] [330/459] CPSA
[10:19:28] [331/459] SUAY
[10:19:29] [332/459] AYAA
[10:19:30] [333/459] MUCH
[10:19:31] [334/459] PCIN
[10:19:32] 🔄 Identity reset
[10:19:32] 🔄 Identity rotated (every 10 requests)
[10:19:32] [335/459] JRRM
[10:19:33] [336/459] KATS
[10:19:34] [337/459] MHFF
[10:19:35] [338/459] ESYM
[10:19:36] [339/459] STYV
[10:19:37] [340/459] SDKG
[10:19:38] [341/459] SMTI
[10:19:39] [342/459] NYCS
[10:19:40] [343/459] MTBG
[10:19:41] [344/459] RHCA
[10:19:42] 🔄 Identity reset
[10:19:42] 🔄 Identity rotated (every 10 requests)
[10:19:42] 🔄 Retry 1/5 for RHCA in 2.0s
[10:19:42] 🔄 Identity reset
[10:19:44] 🧠 New identity created
[10:19:44] [345/459] PCKH
[10:19:45] [346/459] ARCR
[10:19:46] [347/459] NCMB
[10:19:47] [348/459] SHYC
[10:19:48] [349/459] LACK
[10:19:49] [350/459] MTCM
[10:19:50] [351/459] RRBN
[10:19:51] [352/459] MYDC
[10:19:52] [353/459] STCS
[10:19:52] 🔄 Identity reset
[10:19:52] 🔄 Identity rotated (every 10 requests)
[10:19:53] [354/459] CONN
[10:19:54] [355/459] SIPS
[10:19:55] [356/459] SMMX
[10:19:56] [357/459] SCBY
[10:19:56] [358/459] SUAP
[10:19:57] [359/459] RSMK
[10:19:58] [360/459] STKP
[10:19:59] [361/459] CIPC
[10:20:00] [362/459] KKCI
[10:20:01] [363/459] CTNK
[10:20:01] 🔄 Identity reset
[10:20:01] 🔄 Identity rotated (every 10 requests)
[10:20:02] [364/459] MMTZ
[10:20:03] [365/459] DCCO
[10:20:04] [366/459] VNMN
[10:20:05] [367/459] RLCN
[10:20:06] [368/459] CMMS
[10:20:07] [369/459] AYOU
[10:20:08] [370/459] SSCN
[10:20:08] [371/459] SMXN
[10:20:09] [372/459] ASSK
[10:20:10] [373/459] VCKM
[10:20:11] 🔄 Identity reset
[10:20:11] 🔄 Identity rotated (every 10 requests)
[10:20:11] [374/459] PCPH
[10:20:12] [375/459] PADM
[10:20:13] [376/459] IESA
[10:20:14] [377/459] VCSP
[10:20:14] [378/459] AEST
[10:20:15] [379/459] VTNR
[10:20:16] [380/459] GTTA
[10:20:17] [381/459] CMMM
[10:20:18] [382/459] AHKT
[10:20:19] [383/459] SIJI
[10:20:20] 🔄 Identity reset
[10:20:20] 🔄 Identity rotated (every 10 requests)
[10:20:21] [384/459] VCEI
[10:20:22] [385/459] SAKR
[10:20:22] [386/459] VSMT
[10:20:23] [387/459] SSCT
[10:20:24] [388/459] USTR
[10:20:25] [389/459] MTKT
[10:20:26] [390/459] TGMP
[10:20:27] [391/459] SIVC
[10:20:28] [392/459] KICT
[10:20:29] [393/459] DAMD
[10:20:30] 🔄 Identity reset
[10:20:30] 🔄 Identity rotated (every 10 requests)
[10:20:30] [394/459] CNPT
[10:20:31] [395/459] RVTT
[10:20:32] [396/459] SNCM
[10:20:33] [397/459] GHTE
[10:20:34] [398/459] PPAM
[10:20:35] [399/459] PVAA
[10:20:38] [400/459] CPAO
[10:20:39] [401/459] HAMD
[10:20:40] [402/459] RCCA
[10:20:41] [403/459] MPCH
[10:20:42] 🔄 Identity reset
[10:20:42] 🔄 Identity rotated (every 10 requests)
[10:20:42] [404/459] ARED
[10:20:43] [405/459] RRCV
[10:20:44] [406/459] MTRB
[10:20:45] [407/459] CKUA
[10:20:46] [408/459] ABMP
[10:20:47] [409/459] RCWA
[10:20:48] [410/459] CGAR
[10:20:49] [411/459] METH
[10:20:50] [412/459] WAGA
[10:20:51] [413/459] MCMA
[10:20:52] 🔄 Identity reset
[10:20:52] 🔄 Identity rotated (every 10 requests)
[10:20:52] [414/459] CSMP
[10:20:54] [415/459] RCNK
[10:20:55] [416/459] PSTM
[10:20:56] [417/459] CSEP
[10:20:58] [418/459] AMGD
[10:20:58] [419/459] CSTE
[10:20:59] [420/459] CONS
[10:21:00] [421/459] APPX
[10:21:01] [422/459] MABC
[10:21:02] [423/459] CXST
[10:21:02] 🔄 Identity reset
[10:21:02] 🔄 Identity rotated (every 10 requests)
[10:21:03] [424/459] MATN
[10:21:04] [425/459] MACZ
[10:21:05] [426/459] MASA
[10:21:07] [427/459] MBSX
[10:21:08] [428/459] CSST
[10:21:09] [429/459] APCL
[10:21:09] [430/459] CGOS
[10:21:10] [431/459] CPEC
[10:21:11] [432/459] MCCP
[10:21:12] [433/459] BSSO
[10:21:13] 🔄 Identity reset
[10:21:13] 🔄 Identity rotated (every 10 requests)
[10:21:13] [434/459] SJKA
[10:21:14] [435/459] CGBO
[10:21:15] [436/459] MVSK
[10:21:16] [437/459] HVCA
[10:21:17] [438/459] NAMD
[10:21:18] [439/459] DEVI
[10:21:19] [440/459] SCSV
[10:21:20] [441/459] PSMA
[10:21:21] [442/459] CLDJ
[10:21:22] [443/459] NMAD
[10:21:22] 🔄 Identity reset
[10:21:22] 🔄 Identity rotated (every 10 requests)
[10:21:23] [444/459] CGMO
[10:21:23] [445/459] MCNA
[10:21:24] [446/459] OCBN
[10:21:25] [447/459] CPEM
[10:21:26] [448/459] CPSM
[10:21:27] [449/459] RCAD
[10:21:28] [450/459] CPMU
[10:21:30] [451/459] DICD
[10:21:31] [452/459] CHOE
[10:21:31] [453/459] PDJM
[10:21:32] 🔄 Identity reset
[10:21:32] 🔄 Identity rotated (every 10 requests)
[10:21:32] 🔄 Retry 1/5 for PDJM in 2.3s
[10:21:32] 🔄 Identity reset
[10:21:34] 🧠 New identity created
[10:21:35] [454/459] SSTU
[10:21:36] [455/459] VNRN
[10:21:37] [456/459] PVLG
[10:21:37] [457/459] SWBL
[10:21:39] [458/459] SCAB
[10:21:39] [459/459] RDDA
[10:21:41] 🧹 Deduping shows
[10:21:41] ✅ DONE | Shows=31 | Movies=7
[04:58:51] 🚀 SCRIPT STARTED (enhanced anti‑detection)
[04:58:51] [1/459] MCCZ
[04:58:52] 🧠 New identity created
[04:58:52] 🔄 Retry 1/5 for MCCZ in 2.5s
[04:58:52] 🔄 Identity reset
[04:58:55] 🧠 New identity created
[04:58:55] [2/459] FRPU
[04:58:56] [3/459] SKSI
[04:58:57] [4/459] SSCK
[04:58:57] [5/459] SRDC
[04:58:58] [6/459] RSCZ
[04:58:59] [7/459] PRVT
[04:59:00] [8/459] GAGJ
[04:59:01] [9/459] SMHG
[04:59:02] 🔄 Identity reset
[04:59:02] 🔄 Identity rotated (every 10 requests)
[04:59:02] 🔄 Retry 1/5 for SMHG in 2.4s
[04:59:02] 🔄 Identity reset
[04:59:04] 🧠 New identity created
[04:59:04] 🔄 Retry 2/5 for SMHG in 4.5s
[04:59:04] 🔄 Identity reset
[04:59:09] 🧠 New identity created
[04:59:09] [10/459] JTST
[04:59:10] [11/459] MYTH
[04:59:11] [12/459] JPCC
[04:59:12] [13/459] ACDC
[04:59:13] [14/459] SVFP
[04:59:14] [15/459] SFCM
[04:59:15] [16/459] RUPK
[04:59:16] [17/459] NTCR
[04:59:16] 🔄 Identity reset
[04:59:16] 🔄 Identity rotated (every 10 requests)
[04:59:17] [18/459] RTCH
[04:59:17] [19/459] SCMH
[04:59:18] [20/459] SVYM
[04:59:19] [21/459] SPYM
[04:59:20] [22/459] SMMF
[04:59:21] [23/459] CLLB
[04:59:22] [24/459] FMCB
[04:59:22] [25/459] BBTC
[04:59:23] [26/459] NTHS
[04:59:24] [27/459] PKKJ
[04:59:25] 🔄 Identity reset
[04:59:25] 🔄 Identity rotated (every 10 requests)
[04:59:25] 🔄 Retry 1/5 for PKKJ in 2.1s
[04:59:25] 🔄 Identity reset
[04:59:27] 🧠 New identity created
[04:59:27] 🔄 Retry 2/5 for PKKJ in 4.7s
[04:59:27] 🔄 Identity reset
[04:59:32] 🧠 New identity created
[04:59:32] 🔄 Retry 3/5 for PKKJ in 8.9s
[04:59:32] 🔄 Identity reset
[04:59:41] 🧠 New identity created
[04:59:41] 🔄 Retry 4/5 for PKKJ in 16.3s
[04:59:41] 🔄 Identity reset
[04:59:57] 🧠 New identity created
[04:59:57] ❌ PKKJ failed after 5 attempts
[04:59:57] 🔄 Identity reset
[04:59:57] ❌ PKKJ final failure | RuntimeError | HTTP 403
[04:59:57] [28/459] MTJA
[04:59:58] 🧠 New identity created
[04:59:58] 🔄 Retry 1/5 for MTJA in 2.5s
[04:59:58] 🔄 Identity reset
[05:00:00] 🧠 New identity created
[05:00:00] 🔄 Retry 2/5 for MTJA in 4.6s
[05:00:00] 🔄 Identity reset
[05:00:05] 🧠 New identity created
[05:00:05] 🔄 Retry 3/5 for MTJA in 8.2s
[05:00:05] 🔄 Identity reset
[05:00:13] 🧠 New identity created
[05:00:13] 🔄 Retry 4/5 for MTJA in 16.2s
[05:00:13] 🔄 Identity reset
[05:00:30] 🧠 New identity created
[05:00:30] ❌ MTJA failed after 5 attempts
[05:00:30] 🔄 Identity reset
[05:00:30] ❌ MTJA final failure | RuntimeError | HTTP 403
[05:00:30] [29/459] PMSJ
[05:00:31] 🧠 New identity created
[05:00:31] 🔄 Identity reset
[05:00:31] 🔄 Identity rotated (every 10 requests)
[05:00:31] [30/459] JMJU
[05:00:33] [31/459] SRAD
[05:00:34] [32/459] MJMC
[05:00:35] [33/459] DFRM
[05:00:36] [34/459] PMRS
[05:00:37] [35/459] RKPP
[05:00:38] [36/459] BMBK
[05:00:39] [37/459] NEWS
[05:00:40] [38/459] SALB
[05:00:40] [39/459] SCPW
[05:00:41] 🔄 Identity reset
[05:00:41] 🔄 Identity rotated (every 10 requests)
[05:00:42] [40/459] RAYL
[05:00:43] [41/459] CMGJ
[05:00:44] [42/459] JRCR
[05:00:46] [43/459] SRTB
[05:00:47] [44/459] ETPB
[05:00:47] [45/459] MXBN
[05:00:48] [46/459] TOPE
[05:00:49] [47/459] SNLJ
[05:00:50] [48/459] CDDP
[05:00:51] [49/459] APCX
[05:00:51] 🔄 Identity reset
[05:00:51] 🔄 Identity rotated (every 10 requests)
[05:00:52] [50/459] TALP
[05:00:53] [51/459] RRMP
[05:00:54] [52/459] MAHB
[05:00:54] [53/459] MTKR
[05:00:55] [54/459] KSKL
[05:00:56] [55/459] RJLT
[05:00:57] [56/459] ATAS
[05:00:59] [57/459] AMHR
[05:01:00] [58/459] RSRM
[05:01:01] [59/459] GCAT
[05:01:02] 🔄 Identity reset
[05:01:02] 🔄 Identity rotated (every 10 requests)
[05:01:02] [60/459] SMML
[05:01:03] [61/459] ACCD
[05:01:04] [62/459] VYDA
[05:01:05] [63/459] MSKT
[05:01:06] [64/459] AVDM
[05:01:07] [65/459] ASMH
[05:01:08] [66/459] VTMB
[05:01:09] [67/459] WVMB
[05:01:09] [68/459] PPMN
[05:01:10] [69/459] MTMD
[05:01:11] 🔄 Identity reset
[05:01:11] 🔄 Identity rotated (every 10 requests)
[05:01:11] 🔄 Retry 1/5 for MTMD in 2.4s
[05:01:11] 🔄 Identity reset
[05:01:13] 🧠 New identity created
[05:01:13] 🔄 Retry 2/5 for MTMD in 4.2s
[05:01:13] 🔄 Identity reset
[05:01:18] 🧠 New identity created
[05:01:18] 🔄 Retry 3/5 for MTMD in 8.7s
[05:01:18] 🔄 Identity reset
[05:01:26] 🧠 New identity created
[05:01:26] 🔄 Retry 4/5 for MTMD in 16.7s
[05:01:26] 🔄 Identity reset
[05:01:43] 🧠 New identity created
[05:01:43] [70/459] SMMO
[05:01:44] [71/459] DLPB
[05:01:45] [72/459] AKMD
[05:01:46] [73/459] SHRR
[05:01:47] [74/459] ASCO
[05:01:48] [75/459] CZVX
[05:01:48] 🔄 Identity reset
[05:01:48] 🔄 Identity rotated (every 10 requests)
[05:01:49] 🔄 Retry 1/5 for CZVX in 2.0s
[05:01:49] 🔄 Identity reset
[05:01:51] 🧠 New identity created
[05:01:51] [76/459] GCBB
[05:01:52] [77/459] ATBM
[05:01:53] [78/459] TCGM
[05:01:54] [79/459] UMSE
[05:01:55] [80/459] NKCL
[05:01:55] [81/459] BTLR
[05:01:56] [82/459] GOCL
[05:01:57] [83/459] MIRN
[05:01:59] [84/459] THEC
[05:01:59] 🔄 Identity reset
[05:01:59] 🔄 Identity rotated (every 10 requests)
[05:02:00] [85/459] SPPB
[05:02:01] [86/459] PMMM
[05:02:02] [87/459] GGMC
[05:02:03] [88/459] AVSR
[05:02:04] [89/459] RDMH
[05:02:05] [90/459] JSRS
[05:02:06] [91/459] VKGP
[05:02:07] [92/459] ACRT
[05:02:08] [93/459] GCBA
[05:02:08] [94/459] GTCP
[05:02:09] 🔄 Identity reset
[05:02:09] 🔄 Identity rotated (every 10 requests)
[05:02:09] [95/459] AKFC
[05:02:10] [96/459] INCS
[05:02:12] [97/459] SMCK
[05:02:13] [98/459] BRUN
[05:02:14] [99/459] RPPC
[05:02:15] [100/459] PAYD
[05:02:16] [101/459] SVVT
[05:02:16] [102/459] RNCC
[05:02:17] [103/459] PCRC
[05:02:18] [104/459] PMRM
[05:02:19] 🔄 Identity reset
[05:02:19] 🔄 Identity rotated (every 10 requests)
[05:02:19] 🔄 Retry 1/5 for PMRM in 2.7s
[05:02:19] 🔄 Identity reset
[05:02:22] 🧠 New identity created
[05:02:22] [105/459] CCRP
[05:02:23] [106/459] INCR
[05:02:24] [107/459] ZTMP
[05:02:24] [108/459] MCNR
[05:02:25] [109/459] INRP
[05:02:26] [110/459] STRC
[05:02:27] [111/459] RATI
[05:02:28] [112/459] PBTR
[05:02:29] [113/459] CMHP
[05:02:29] 🔄 Identity reset
[05:02:29] 🔄 Identity rotated (every 10 requests)
[05:02:30] [114/459] ZECJ
[05:02:31] [115/459] CCCB
[05:02:32] [116/459] BWCB
[05:02:33] [117/459] CCAT
[05:02:34] [118/459] KGCM
[05:02:34] [119/459] INPT
[05:02:35] [120/459] FNCO
[05:02:36] [121/459] SRMJ
[05:02:37] [122/459] PFSC
[05:02:38] [123/459] PBMC
[05:02:38] 🔄 Identity reset
[05:02:38] 🔄 Identity rotated (every 10 requests)
[05:02:39] 🔄 Retry 1/5 for PBMC in 2.7s
[05:02:39] 🔄 Identity reset
[05:02:41] 🧠 New identity created
[05:02:41] 🔄 Retry 2/5 for PBMC in 4.8s
[05:02:41] 🔄 Identity reset
[05:02:46] 🧠 New identity created
[05:02:46] [124/459] KARP
[05:02:47] [125/459] KOVI
[05:02:48] [126/459] ACXL
[05:02:49] [127/459] GKCC
[05:02:50] [128/459] ASCC
[05:02:51] [129/459] SETC
[05:02:52] [130/459] KACC
[05:02:53] [131/459] KAVE
[05:02:53] 🔄 Identity reset
[05:02:53] 🔄 Identity rotated (every 10 requests)
[05:02:53] 🔄 Retry 1/5 for KAVE in 2.6s
[05:02:53] 🔄 Identity reset
[05:02:56] 🧠 New identity created
[05:02:57] [132/459] CNTC
[05:02:58] [133/459] MEEN
[05:02:59] [134/459] BMRV
[05:03:00] [135/459] SVAM
[05:03:01] [136/459] VTBP
[05:03:01] [137/459] VCKN
[05:03:02] [138/459] SGTK
[05:03:03] [139/459] RCGS
[05:03:04] [140/459] RCCB
[05:03:05] 🔄 Identity reset
[05:03:05] 🔄 Identity rotated (every 10 requests)
[05:03:05] [141/459] RKSR
[05:03:06] [142/459] RKCU
[05:03:07] [143/459] GIBH
[05:03:08] [144/459] CXBS
[05:03:09] [145/459] GGCB
[05:03:10] [146/459] SCPB
[05:03:11] [147/459] AKTB
[05:03:12] [148/459] SRBU
[05:03:12] [149/459] CSSA
[05:03:13] [150/459] MYAN
[05:03:14] 🔄 Identity reset
[05:03:14] 🔄 Identity rotated (every 10 requests)
[05:03:14] [151/459] EXCA
[05:03:16] [152/459] CKSA
[05:03:17] [153/459] JTNM
[05:03:18] [154/459] CXKT
[05:03:18] [155/459] NCLM
[05:03:19] [156/459] JAAD
[05:03:21] [157/459] RDCR
[05:03:22] [158/459] MEER
[05:03:23] [159/459] SIBT
[05:03:24] [160/459] PVVB
[05:03:25] 🔄 Identity reset
[05:03:25] 🔄 Identity rotated (every 10 requests)
[05:03:25] [161/459] FNPN
[05:03:27] [162/459] CRPX
[05:03:28] [163/459] STET
[05:03:28] [164/459] METE
[05:03:29] [165/459] BJML
[05:03:30] [166/459] MAVT
[05:03:31] [167/459] MSRM
[05:03:32] [168/459] TJMP
[05:03:33] [169/459] MHCK
[05:03:34] [170/459] SVGP
[05:03:34] 🔄 Identity reset
[05:03:34] 🔄 Identity rotated (every 10 requests)
[05:03:35] [171/459] KRRC
[05:03:35] [172/459] IMCH
[05:03:36] [173/459] CMCS
[05:03:37] [174/459] SGND
[05:03:38] [175/459] RNAT
[05:03:39] [176/459] PRTN
[05:03:40] [177/459] MPTN
[05:03:42] [178/459] ARCC
[05:03:43] [179/459] NTTE
[05:03:44] [180/459] ABND
[05:03:44] 🔄 Identity reset
[05:03:44] 🔄 Identity rotated (every 10 requests)
[05:03:45] [181/459] KCSN
[05:03:45] [182/459] KCSA
[05:03:46] [183/459] DCKT
[05:03:47] [184/459] MBBR
[05:03:48] [185/459] RAMU
[05:03:49] [186/459] RACW
[05:03:50] [187/459] MCHP
[05:03:51] [188/459] TMHM
[05:03:52] [189/459] STXH
[05:03:53] [190/459] AGSG
[05:03:54] 🔄 Identity reset
[05:03:54] 🔄 Identity rotated (every 10 requests)
[05:03:54] [191/459] SIRA
[05:03:55] [192/459] RCAN
[05:03:56] [193/459] CWTB
[05:03:58] [194/459] VTYM
[05:03:59] [195/459] RRPP
[05:03:59] [196/459] ASMR
[05:04:00] [197/459] RONO
[05:04:01] [198/459] MEMR
[05:04:02] [199/459] CTMR
[05:04:03] [200/459] PMTT
[05:04:03] 🔄 Identity reset
[05:04:03] 🔄 Identity rotated (every 10 requests)
[05:04:04] [201/459] PSLX
[05:04:04] [202/459] IPPL
[05:04:05] [203/459] MMSG
[05:04:06] [204/459] INEL
[05:04:07] [205/459] COAC
[05:04:08] [206/459] WVLK
[05:04:09] [207/459] PPXL
[05:04:11] [208/459] PSML
[05:04:12] [209/459] FNLK
[05:04:14] [210/459] ILUM
[05:04:14] 🔄 Identity reset
[05:04:14] 🔄 Identity rotated (every 10 requests)
[05:04:15] [211/459] ILCM
[05:04:15] [212/459] MSNL
[05:04:17] [213/459] VINB
[05:04:18] [214/459] SALW
[05:04:19] [215/459] PRTB
[05:04:20] [216/459] NCIL
[05:04:20] [217/459] PSUL
[05:04:21] [218/459] SCLK
[05:04:22] [219/459] ADDC
[05:04:23] [220/459] OACL
[05:04:23] 🔄 Identity reset
[05:04:23] 🔄 Identity rotated (every 10 requests)
[05:04:24] [221/459] OOCF
[05:04:25] [222/459] GPMF
[05:04:26] [223/459] SSDG
[05:04:27] [224/459] SKRS
[05:04:27] [225/459] NTTP
[05:04:28] [226/459] SLTP
[05:04:30] [227/459] JTLC
[05:04:31] [228/459] POON
[05:04:32] [229/459] CCPC
[05:04:32] [230/459] DCKC
[05:04:33] 🔄 Identity reset
[05:04:33] 🔄 Identity rotated (every 10 requests)
[05:04:33] [231/459] CPRT
[05:04:34] [232/459] EYHZ
[05:04:35] [233/459] ARBL
[05:04:36] [234/459] SBTB
[05:04:37] [235/459] MMCK
[05:04:38] [236/459] PLMR
[05:04:39] [237/459] BIJH
[05:04:40] [238/459] SDRT
[05:04:42] [239/459] PRDC
[05:04:43] [240/459] OMJA
[05:04:44] 🔄 Identity reset
[05:04:44] 🔄 Identity rotated (every 10 requests)
[05:04:44] [241/459] VKCR
[05:04:45] [242/459] ATRT
[05:04:46] [243/459] WVRP
[05:04:47] [244/459] MVRP
[05:04:48] [245/459] FCAX
[05:04:49] [246/459] CTLC
[05:04:50] [247/459] JCHB
[05:04:51] [248/459] SELP
[05:04:52] [249/459] VCPG
[05:04:53] [250/459] ASCX
[05:04:54] 🔄 Identity reset
[05:04:54] 🔄 Identity rotated (every 10 requests)
[05:04:54] [251/459] EOCS
[05:04:55] [252/459] RCPH
[05:04:56] [253/459] RJTM
[05:04:57] [254/459] SGMD
[05:04:57] [255/459] SVJT
[05:04:59] [256/459] SPPO
[05:05:01] [257/459] MNRL
[05:05:02] [258/459] KNOX
[05:05:03] [259/459] GIER
[05:05:03] [260/459] PJMS
[05:05:04] 🔄 Identity reset
[05:05:04] 🔄 Identity rotated (every 10 requests)
[05:05:04] [261/459] UNSP
[05:05:05] [262/459] JETP
[05:05:06] [263/459] VTWA
[05:05:07] [264/459] SCJI
[05:05:08] [265/459] CBZZ
[05:05:09] [266/459] SDCJ
[05:05:10] [267/459] RRCC
[05:05:11] [268/459] VNKG
[05:05:12] [269/459] LKTO
[05:05:13] [270/459] PJRM
[05:05:14] 🔄 Identity reset
[05:05:14] 🔄 Identity rotated (every 10 requests)
[05:05:15] [271/459] NVRM
[05:05:16] [272/459] SJCS
[05:05:16] [273/459] VIGK
[05:05:18] [274/459] ANST
[05:05:19] [275/459] JTTS
[05:05:19] [276/459] NTST
[05:05:20] [277/459] PREB
[05:05:21] [278/459] TSCZ
[05:05:22] [279/459] CDCM
[05:05:23] [280/459] ELYE
[05:05:23] 🔄 Identity reset
[05:05:23] 🔄 Identity rotated (every 10 requests)
[05:05:24] [281/459] INBS
[05:05:24] [282/459] SMGC
[05:05:25] [283/459] UTMP
[05:05:26] [284/459] INTA
[05:05:27] [285/459] OMPT
[05:05:28] [286/459] SCIR
[05:05:28] [287/459] GCKJ
[05:05:29] [288/459] INOG
[05:05:31] [289/459] SMGB
[05:05:32] [290/459] MCSG
[05:05:32] 🔄 Identity reset
[05:05:32] 🔄 Identity rotated (every 10 requests)
[05:05:32] 🔄 Retry 1/5 for MCSG in 2.7s
[05:05:32] 🔄 Identity reset
[05:05:35] 🧠 New identity created
[05:05:35] [291/459] STKG
[05:05:36] [292/459] TTKG
[05:05:37] [293/459] SRTR
[05:05:38] [294/459] ETTR
[05:05:39] [295/459] GGGZ
[05:05:40] [296/459] IPGM
[05:05:41] [297/459] FCDH
[05:05:42] [298/459] DESB
[05:05:43] [299/459] VNTP
[05:05:43] 🔄 Identity reset
[05:05:43] 🔄 Identity rotated (every 10 requests)
[05:05:44] [300/459] ANNT
[05:05:45] [301/459] SLTI
[05:05:45] [302/459] MAJU
[05:05:46] [303/459] JCXP
[05:05:48] [304/459] HARK
[05:05:49] [305/459] JPCJ
[05:05:50] [306/459] RXBD
[05:05:51] [307/459] PTKJ
[05:05:51] [308/459] CMTU
[05:05:52] [309/459] SWOR
[05:05:53] 🔄 Identity reset
[05:05:53] 🔄 Identity rotated (every 10 requests)
[05:05:53] [310/459] JMEX
[05:05:54] [311/459] DTPT
[05:05:55] [312/459] VGMM
[05:05:56] [313/459] VCSG
[05:05:57] [314/459] CVCG
[05:05:58] [315/459] TNTT
[05:05:58] [316/459] SHRM
[05:06:00] [317/459] CGKD
[05:06:01] [318/459] EKCM
[05:06:02] [319/459] SDCX
[05:06:02] 🔄 Identity reset
[05:06:02] 🔄 Identity rotated (every 10 requests)
[05:06:03] [320/459] SBTE
[05:06:04] [321/459] STKJ
[05:06:05] [322/459] TPCE
[05:06:06] [323/459] JTNP
[05:06:07] [324/459] LPCH
[05:06:08] [325/459] CPUO
[05:06:09] [326/459] APSU
[05:06:10] [327/459] RTHC
[05:06:11] [328/459] PTBU
[05:06:12] [329/459] CUCC
[05:06:12] 🔄 Identity reset
[05:06:12] 🔄 Identity rotated (every 10 requests)
[05:06:13] [330/459] CPSA
[05:06:14] [331/459] SUAY
[05:06:15] [332/459] AYAA
[05:06:15] [333/459] MUCH
[05:06:16] [334/459] PCIN
[05:06:17] [335/459] JRRM
[05:06:18] [336/459] KATS
[05:06:19] [337/459] MHFF
[05:06:20] [338/459] ESYM
[05:06:21] [339/459] STYV
[05:06:21] 🔄 Identity reset
[05:06:21] 🔄 Identity rotated (every 10 requests)
[05:06:22] [340/459] SDKG
[05:06:23] [341/459] SMTI
[05:06:25] [342/459] NYCS
[05:06:25] [343/459] MTBG
[05:06:26] [344/459] RHCA
[05:06:27] [345/459] PCKH
[05:06:28] [346/459] ARCR
[05:06:29] [347/459] NCMB
[05:06:30] [348/459] SHYC
[05:06:31] [349/459] LACK
[05:06:32] 🔄 Identity reset
[05:06:32] 🔄 Identity rotated (every 10 requests)
[05:06:32] 🔄 Retry 1/5 for LACK in 2.6s
[05:06:32] 🔄 Identity reset
[05:06:34] 🧠 New identity created
[05:06:34] 🔄 Retry 2/5 for LACK in 4.3s
[05:06:34] 🔄 Identity reset
[05:06:39] 🧠 New identity created
[05:06:39] [350/459] MTCM
[05:06:40] [351/459] RRBN
[05:06:40] [352/459] MYDC
[05:06:41] [353/459] STCS
[05:06:42] [354/459] CONN
[05:06:43] [355/459] SIPS
[05:06:44] [356/459] SMMX
[05:06:45] [357/459] SCBY
[05:06:46] 🔄 Identity reset
[05:06:46] 🔄 Identity rotated (every 10 requests)
[05:06:46] [358/459] SUAP
[05:06:47] [359/459] RSMK
[05:06:49] [360/459] STKP
[05:06:50] [361/459] CIPC
[05:06:50] [362/459] KKCI
[05:06:51] [363/459] CTNK
[05:06:52] [364/459] MMTZ
[05:06:53] [365/459] DCCO
[05:06:54] [366/459] VNMN
[05:06:55] [367/459] RLCN
[05:06:55] 🔄 Identity reset
[05:06:55] 🔄 Identity rotated (every 10 requests)
[05:06:56] [368/459] CMMS
[05:06:57] [369/459] AYOU
[05:06:58] [370/459] SSCN
[05:06:59] [371/459] SMXN
[05:07:00] [372/459] ASSK
[05:07:02] [373/459] VCKM
[05:07:03] [374/459] PCPH
[05:07:04] [375/459] PADM
[05:07:05] [376/459] IESA
[05:07:06] [377/459] VCSP
[05:07:06] 🔄 Identity reset
[05:07:06] 🔄 Identity rotated (every 10 requests)
[05:07:06] [378/459] AEST
[05:07:07] [379/459] VTNR
[05:07:08] [380/459] GTTA
[05:07:10] [381/459] CMMM
[05:07:11] [382/459] AHKT
[05:07:12] [383/459] SIJI
[05:07:13] [384/459] VCEI
[05:07:14] [385/459] SAKR
[05:07:14] [386/459] VSMT
[05:07:15] [387/459] SSCT
[05:07:16] 🔄 Identity reset
[05:07:16] 🔄 Identity rotated (every 10 requests)
[05:07:17] [388/459] USTR
[05:07:18] [389/459] MTKT
[05:07:19] [390/459] TGMP
[05:07:20] [391/459] SIVC
[05:07:21] [392/459] KICT
[05:07:22] [393/459] DAMD
[05:07:23] [394/459] CNPT
[05:07:24] [395/459] RVTT
[05:07:25] [396/459] SNCM
[05:07:25] [397/459] GHTE
[05:07:26] 🔄 Identity reset
[05:07:26] 🔄 Identity rotated (every 10 requests)
[05:07:26] [398/459] PPAM
[05:07:27] [399/459] PVAA
[05:07:40] 🔄 Retry 1/5 for PVAA in 2.1s
[05:07:40] 🔄 Identity reset
[05:07:42] 🧠 New identity created
[05:07:54] 🔄 Retry 2/5 for PVAA in 4.7s
[05:07:54] 🔄 Identity reset
[05:07:59] 🧠 New identity created
[05:07:59] 🔄 Retry 3/5 for PVAA in 8.4s
[05:07:59] 🔄 Identity reset
[05:08:07] 🧠 New identity created
[05:08:19] 🔄 Retry 4/5 for PVAA in 16.9s
[05:08:19] 🔄 Identity reset
[05:08:36] 🧠 New identity created
[05:08:36] [400/459] CPAO
[05:08:37] [401/459] HAMD
[05:08:38] [402/459] RCCA
[05:08:39] [403/459] MPCH
[05:08:39] 🔄 Identity reset
[05:08:39] 🔄 Identity rotated (every 10 requests)
[05:08:40] [404/459] ARED
[05:08:41] [405/459] RRCV
[05:08:42] [406/459] MTRB
[05:08:42] [407/459] CKUA
[05:08:43] [408/459] ABMP
[05:08:44] [409/459] RCWA
[05:08:45] [410/459] CGAR
[05:08:46] [411/459] METH
[05:08:47] [412/459] WAGA
[05:08:48] [413/459] MCMA
[05:08:49] 🔄 Identity reset
[05:08:49] 🔄 Identity rotated (every 10 requests)
[05:08:49] [414/459] CSMP
[05:08:50] [415/459] RCNK
[05:08:51] [416/459] PSTM
[05:08:52] [417/459] CSEP
[05:08:53] [418/459] AMGD
[05:08:54] [419/459] CSTE
[05:08:54] [420/459] CONS
[05:08:55] [421/459] APPX
[05:08:57] [422/459] MABC
[05:08:58] [423/459] CXST
[05:08:58] 🔄 Identity reset
[05:08:58] 🔄 Identity rotated (every 10 requests)
[05:08:59] [424/459] MATN
[05:09:00] [425/459] MACZ
[05:09:00] [426/459] MASA
[05:09:01] [427/459] MBSX
[05:09:02] [428/459] CSST
[05:09:03] [429/459] APCL
[05:09:04] [430/459] CGOS
[05:09:06] [431/459] CPEC
[05:09:06] [432/459] MCCP
[05:09:07] [433/459] BSSO
[05:09:08] 🔄 Identity reset
[05:09:08] 🔄 Identity rotated (every 10 requests)
[05:09:08] [434/459] SJKA
[05:09:09] [435/459] CGBO
[05:09:10] [436/459] MVSK
[05:09:11] [437/459] HVCA
[05:09:12] [438/459] NAMD
[05:09:13] [439/459] DEVI
[05:09:14] [440/459] SCSV
[05:09:15] [441/459] PSMA
[05:09:15] [442/459] CLDJ
[05:09:16] [443/459] NMAD
[05:09:17] 🔄 Identity reset
[05:09:17] 🔄 Identity rotated (every 10 requests)
[05:09:17] [444/459] CGMO
[05:09:18] [445/459] MCNA
[05:09:19] [446/459] OCBN
[05:09:20] [447/459] CPEM
[05:09:21] [448/459] CPSM
[05:09:22] [449/459] RCAD
[05:09:24] [450/459] CPMU
[05:09:24] [451/459] DICD
[05:09:25] [452/459] CHOE
[05:09:26] [453/459] PDJM
[05:09:27] 🔄 Identity reset
[05:09:27] 🔄 Identity rotated (every 10 requests)
[05:09:27] [454/459] SSTU
[05:09:29] [455/459] VNRN
[05:09:29] [456/459] PVLG
[05:09:30] [457/459] SWBL
[05:09:32] [458/459] SCAB
[05:09:33] [459/459] RDDA
[05:09:34] 🔁 RETRY ROUND 1 | Remaining: 2
[05:09:34] [RETRY-1] PKKJ
[05:09:36] [RETRY-1] MTJA
[05:09:39] 🧹 Deduping shows
[05:09:39] ✅ DONE | Shows=107 | Movies=11
